Phantom already exists, skipping: cuboid_phantom_1_normal.npy

################################################################################
Running cuboid=normal scenario=G1 N_ANGLES=5, K=1
view   0 | SOD= 565.750 mm | SDD= 721.227 mm | M= 1.275 | incident=3.3432°
[[  57.21255    -562.1528      -28.        ]
 [ -18.490114    153.9744       12.        ]
 [   0.14903073    0.0130385     0.        ]
 [   0.            0.            0.1496    ]]
          image          x1          y1  area1
0  proj_000.png  542.265589  120.922633    866
1  proj_001.png  364.829586  120.775148    845
2  proj_002.png  374.184106  120.479470    755
3  proj_003.png  546.827858  120.325887    761
4  proj_004.png  652.758663  120.597772    808

============================================================
Iteration 0
============================================================
Theta offsets (Unity frame):
  Source   : dSx=   0.000, dSy=   0.000, dSz=   0.000  (mm)
  Object   : dOx=   0.000, dOy=   0.000, dOz=   0.000  (mm)
  Object offset: offset_x=   0.000, offset_z=   0.000  (mm)
  Detector : dDx=   0.000, dDy=   0.000, dDz=   0.000  (mm)
  Obj Stage rotY :    0.000 deg
============================================================

Unity geometry (world coordinates):
  Source   : x=   8.000, y=  50.000, z=   0.000
  Object   : x=   6.000, y=  28.000, z= 577.000
  Detector : x=  -5.000, y=  10.000, z= 720.000
  Obj rotY :   0.0000 deg
view   0 | SOD= 577.423 mm | SDD= 721.227 mm | M= 1.249 | incident=3.3432°
[[   2.     -577.      -22.    ]
 [ -11.      143.       18.    ]
 [   0.1496    0.        0.    ]
 [   0.        0.        0.1496]]
Residual vector length: 10, Jacobian shape: (10, 6)
view   0 | SOD= 581.683 mm | SDD= 721.227 mm | M= 1.240 | incident=3.3432°
[[-289.7293     -503.6628      -27.13108   ]
 [  74.076065    117.79888      12.868919  ]
 [   0.12771946   -0.07789672    0.        ]
 [   0.            0.            0.1496    ]]

iter 00 cost=13249.230354 -> 1277.481047 |dtheta|=3.333412e+01  lambda=1.000e-02

============================================================
Iteration 1
============================================================
Theta offsets (Unity frame):
  Source   : dSx=   0.000, dSy=   0.000, dSz=   0.000  (mm)
  Object   : dOx=  -5.443, dOy=  -5.131, dOz=   0.000  (mm)
  Object offset: offset_x=  -7.461, offset_z=   3.859  (mm)
  Detector : dDx=   0.000, dDy=   0.000, dDz=   0.000  (mm)
  Obj Stage rotY :  -31.379 deg
============================================================

Unity geometry (world coordinates):
  Source   : x=   8.000, y=  50.000, z=   0.000
  Object   : x=   0.557, y=  22.869, z= 577.000
  Detector : x=  -5.000, y=  10.000, z= 720.000
  Obj rotY :   0.0000 deg
view   0 | SOD= 581.683 mm | SDD= 721.227 mm | M= 1.240 | incident=3.3432°
[[-289.7293     -503.6628      -27.13108   ]
 [  74.076065    117.79888      12.868919  ]
 [   0.12771946   -0.07789672    0.        ]
 [   0.            0.            0.1496    ]]
Residual vector length: 10, Jacobian shape: (10, 6)
view   0 | SOD= 582.740 mm | SDD= 721.227 mm | M= 1.238 | incident=3.3432°
[[-335.48413    -475.65164     -28.143879  ]
 [  88.66291     106.30049      11.856121  ]
 [   0.11928663   -0.09028211    0.        ]
 [   0.            0.            0.1496    ]]

iter 01 cost=1277.481047 -> 311.427671 |dtheta|=7.796271e+00  lambda=3.333e-03

============================================================
Iteration 2
============================================================
Theta offsets (Unity frame):
  Source   : dSx=   0.000, dSy=   0.000, dSz=   0.000  (mm)
  Object   : dOx=  -6.350, dOy=  -6.144, dOz=  -1.976  (mm)
  Object offset: offset_x= -11.196, offset_z=   6.708  (mm)
  Detector : dDx=   0.000, dDy=   0.000, dDz=   0.000  (mm)
  Obj Stage rotY :  -37.120 deg
============================================================

Unity geometry (world coordinates):
  Source   : x=   8.000, y=  50.000, z=   0.000
  Object   : x=  -0.350, y=  21.856, z= 575.024
  Detector : x=  -5.000, y=  10.000, z= 720.000
  Obj rotY :   0.0000 deg
view   0 | SOD= 582.740 mm | SDD= 721.227 mm | M= 1.238 | incident=3.3432°
[[-335.48413    -475.65164     -28.143879  ]
 [  88.66291     106.30049      11.856121  ]
 [   0.11928663   -0.09028211    0.        ]
 [   0.            0.            0.1496    ]]
Residual vector length: 10, Jacobian shape: (10, 6)
view   0 | SOD= 583.828 mm | SDD= 721.227 mm | M= 1.235 | incident=3.3432°
[[-323.2921     -485.31915     -28.322655  ]
 [  83.5694      108.846405     11.677345  ]
 [   0.1218883    -0.08673754    0.        ]
 [   0.            0.            0.1496    ]]

iter 02 cost=311.427671 -> 49.973031 |dtheta|=2.320556e+00  lambda=1.111e-03

============================================================
Iteration 3
============================================================
Theta offsets (Unity frame):
  Source   : dSx=   0.000, dSy=   0.000, dSz=   0.000  (mm)
  Object   : dOx=  -5.489, dOy=  -6.323, dOz=  -1.976  (mm)
  Object offset: offset_x= -10.492, offset_z=   7.839  (mm)
  Detector : dDx=   0.000, dDy=   0.000, dDz=   0.000  (mm)
  Obj Stage rotY :  -35.436 deg
============================================================

Unity geometry (world coordinates):
  Source   : x=   8.000, y=  50.000, z=   0.000
  Object   : x=   0.511, y=  21.677, z= 575.024
  Detector : x=  -5.000, y=  10.000, z= 720.000
  Obj rotY :   0.0000 deg
view   0 | SOD= 583.828 mm | SDD= 721.227 mm | M= 1.235 | incident=3.3432°
[[-323.2921     -485.31915     -28.322655  ]
 [  83.5694      108.846405     11.677345  ]
 [   0.1218883    -0.08673754    0.        ]
 [   0.            0.            0.1496    ]]
Residual vector length: 10, Jacobian shape: (10, 6)
view   0 | SOD= 585.111 mm | SDD= 721.227 mm | M= 1.233 | incident=3.3432°
[[-337.02448    -477.48172     -27.94552   ]
 [  85.94072     105.32993      12.05448   ]
 [   0.11946959   -0.09003986    0.        ]
 [   0.            0.            0.1496    ]]

iter 03 cost=49.973031 -> 26.064984 |dtheta|=1.899799e+00  lambda=3.704e-04

============================================================
Iteration 4
============================================================
Theta offsets (Unity frame):
  Source   : dSx=   0.000, dSy=   0.000, dSz=   0.000  (mm)
  Object   : dOx=  -5.557, dOy=  -5.946, dOz=  -1.074  (mm)
  Object offset: offset_x= -10.680, offset_z=   8.233  (mm)
  Detector : dDx=   0.000, dDy=   0.000, dDz=   0.000  (mm)
  Obj Stage rotY :  -37.004 deg
============================================================

Unity geometry (world coordinates):
  Source   : x=   8.000, y=  50.000, z=   0.000
  Object   : x=   0.443, y=  22.054, z= 575.926
  Detector : x=  -5.000, y=  10.000, z= 720.000
  Obj rotY :   0.0000 deg
view   0 | SOD= 585.111 mm | SDD= 721.227 mm | M= 1.233 | incident=3.3432°
[[-337.02448    -477.48172     -27.94552   ]
 [  85.94072     105.32993      12.05448   ]
 [   0.11946959   -0.09003986    0.        ]
 [   0.            0.            0.1496    ]]
Residual vector length: 10, Jacobian shape: (10, 6)
view   0 | SOD= 584.810 mm | SDD= 721.227 mm | M= 1.233 | incident=3.3432°
[[-330.33304    -481.76743     -27.980843  ]
 [  84.458084    106.88979      12.019157  ]
 [   0.12071443   -0.08836394    0.        ]
 [   0.            0.            0.1496    ]]

iter 04 cost=26.064984 -> 15.706733 |dtheta|=9.474683e-01  lambda=1.235e-04

============================================================
Iteration 5
============================================================
Theta offsets (Unity frame):
  Source   : dSx=   0.000, dSy=   0.000, dSz=   0.000  (mm)
  Object   : dOx=  -5.714, dOy=  -5.981, dOz=  -1.074  (mm)
  Object offset: offset_x= -10.300, offset_z=   7.936  (mm)
  Detector : dDx=   0.000, dDy=   0.000, dDz=   0.000  (mm)
  Obj Stage rotY :  -36.204 deg
============================================================

Unity geometry (world coordinates):
  Source   : x=   8.000, y=  50.000, z=   0.000
  Object   : x=   0.286, y=  22.019, z= 575.926
  Detector : x=  -5.000, y=  10.000, z= 720.000
  Obj rotY :   0.0000 deg
view   0 | SOD= 584.810 mm | SDD= 721.227 mm | M= 1.233 | incident=3.3432°
[[-330.33304    -481.76743     -27.980843  ]
 [  84.458084    106.88979      12.019157  ]
 [   0.12071443   -0.08836394    0.        ]
 [   0.            0.            0.1496    ]]
Residual vector length: 10, Jacobian shape: (10, 6)
view   0 | SOD= 586.786 mm | SDD= 721.227 mm | M= 1.229 | incident=3.3432°
[[-317.00787   -492.98718    -28.068684 ]
 [  80.3445     107.5793      11.931316 ]
 [   0.1232535   -0.0847864    0.       ]
 [   0.           0.           0.1496   ]]

iter 05 cost=15.706733 -> 37.228010 |dtheta|=3.148257e+00  lambda=4.115e-05

============================================================
Iteration 6
============================================================
Theta offsets (Unity frame):
  Source   : dSx=   0.000, dSy=   0.000, dSz=   0.000  (mm)
  Object   : dOx=  -5.714, dOy=  -5.981, dOz=  -1.074  (mm)
  Object offset: offset_x= -10.300, offset_z=   7.936  (mm)
  Detector : dDx=   0.000, dDy=   0.000, dDz=   0.000  (mm)
  Obj Stage rotY :  -36.204 deg
============================================================

Unity geometry (world coordinates):
  Source   : x=   8.000, y=  50.000, z=   0.000
  Object   : x=   0.286, y=  22.019, z= 575.926
  Detector : x=  -5.000, y=  10.000, z= 720.000
  Obj rotY :   0.0000 deg
view   0 | SOD= 584.810 mm | SDD= 721.227 mm | M= 1.233 | incident=3.3432°
[[-330.33304    -481.76743     -27.980843  ]
 [  84.458084    106.88979      12.019157  ]
 [   0.12071443   -0.08836394    0.        ]
 [   0.            0.            0.1496    ]]
Residual vector length: 10, Jacobian shape: (10, 6)
view   0 | SOD= 586.785 mm | SDD= 721.227 mm | M= 1.229 | incident=3.3432°
[[-317.00928    -492.985       -28.068636  ]
 [  80.34554     107.57989      11.931364  ]
 [   0.12325316   -0.0847869     0.        ]
 [   0.            0.            0.1496    ]]

iter 06 cost=15.706733 -> 37.228010 |dtheta|=3.147139e+00  lambda=2.058e-04

============================================================
Iteration 7
============================================================
Theta offsets (Unity frame):
  Source   : dSx=   0.000, dSy=   0.000, dSz=   0.000  (mm)
  Object   : dOx=  -5.714, dOy=  -5.981, dOz=  -1.074  (mm)
  Object offset: offset_x= -10.300, offset_z=   7.936  (mm)
  Detector : dDx=   0.000, dDy=   0.000, dDz=   0.000  (mm)
  Obj Stage rotY :  -36.204 deg
============================================================

Unity geometry (world coordinates):
  Source   : x=   8.000, y=  50.000, z=   0.000
  Object   : x=   0.286, y=  22.019, z= 575.926
  Detector : x=  -5.000, y=  10.000, z= 720.000
  Obj rotY :   0.0000 deg
view   0 | SOD= 584.810 mm | SDD= 721.227 mm | M= 1.233 | incident=3.3432°
[[-330.33304    -481.76743     -27.980843  ]
 [  84.458084    106.88979      12.019157  ]
 [   0.12071443   -0.08836394    0.        ]
 [   0.            0.            0.1496    ]]
Residual vector length: 10, Jacobian shape: (10, 6)
view   0 | SOD= 586.780 mm | SDD= 721.227 mm | M= 1.229 | incident=3.3432°
[[-317.0163     -492.974       -28.068405  ]
 [  80.35072     107.582794     11.931595  ]
 [   0.12325144   -0.08478941    0.        ]
 [   0.            0.            0.1496    ]]

iter 07 cost=15.706733 -> 37.228010 |dtheta|=3.141566e+00  lambda=1.029e-03

============================================================
Iteration 8
============================================================
Theta offsets (Unity frame):
  Source   : dSx=   0.000, dSy=   0.000, dSz=   0.000  (mm)
  Object   : dOx=  -5.714, dOy=  -5.981, dOz=  -1.074  (mm)
  Object offset: offset_x= -10.300, offset_z=   7.936  (mm)
  Detector : dDx=   0.000, dDy=   0.000, dDz=   0.000  (mm)
  Obj Stage rotY :  -36.204 deg
============================================================

Unity geometry (world coordinates):
  Source   : x=   8.000, y=  50.000, z=   0.000
  Object   : x=   0.286, y=  22.019, z= 575.926
  Detector : x=  -5.000, y=  10.000, z= 720.000
  Obj rotY :   0.0000 deg
view   0 | SOD= 584.810 mm | SDD= 721.227 mm | M= 1.233 | incident=3.3432°
[[-330.33304    -481.76743     -27.980843  ]
 [  84.458084    106.88979      12.019157  ]
 [   0.12071443   -0.08836394    0.        ]
 [   0.            0.            0.1496    ]]
Residual vector length: 10, Jacobian shape: (10, 6)
view   0 | SOD= 586.753 mm | SDD= 721.227 mm | M= 1.229 | incident=3.3432°
[[-317.05124    -492.9196      -28.067268  ]
 [  80.37638     107.5971       11.932732  ]
 [   0.12324288   -0.08480185    0.        ]
 [   0.            0.            0.1496    ]]

iter 08 cost=15.706733 -> 36.983819 |dtheta|=3.114075e+00  lambda=5.144e-03

============================================================
Iteration 9
============================================================
Theta offsets (Unity frame):
  Source   : dSx=   0.000, dSy=   0.000, dSz=   0.000  (mm)
  Object   : dOx=  -5.714, dOy=  -5.981, dOz=  -1.074  (mm)
  Object offset: offset_x= -10.300, offset_z=   7.936  (mm)
  Detector : dDx=   0.000, dDy=   0.000, dDz=   0.000  (mm)
  Obj Stage rotY :  -36.204 deg
============================================================

Unity geometry (world coordinates):
  Source   : x=   8.000, y=  50.000, z=   0.000
  Object   : x=   0.286, y=  22.019, z= 575.926
  Detector : x=  -5.000, y=  10.000, z= 720.000
  Obj rotY :   0.0000 deg
view   0 | SOD= 584.810 mm | SDD= 721.227 mm | M= 1.233 | incident=3.3432°
[[-330.33304    -481.76743     -27.980843  ]
 [  84.458084    106.88979      12.019157  ]
 [   0.12071443   -0.08836394    0.        ]
 [   0.            0.            0.1496    ]]
Residual vector length: 10, Jacobian shape: (10, 6)
view   0 | SOD= 586.627 mm | SDD= 721.227 mm | M= 1.229 | incident=3.3432°
[[-317.2232     -492.6598      -28.061954  ]
 [  80.49808     107.66242      11.9380455 ]
 [   0.12320139   -0.08486211    0.        ]
 [   0.            0.            0.1496    ]]

iter 09 cost=15.706733 -> 36.053147 |dtheta|=2.985336e+00  lambda=2.572e-02

============================================================
Iteration 10
============================================================
Theta offsets (Unity frame):
  Source   : dSx=   0.000, dSy=   0.000, dSz=   0.000  (mm)
  Object   : dOx=  -5.714, dOy=  -5.981, dOz=  -1.074  (mm)
  Object offset: offset_x= -10.300, offset_z=   7.936  (mm)
  Detector : dDx=   0.000, dDy=   0.000, dDz=   0.000  (mm)
  Obj Stage rotY :  -36.204 deg
============================================================

Unity geometry (world coordinates):
  Source   : x=   8.000, y=  50.000, z=   0.000
  Object   : x=   0.286, y=  22.019, z= 575.926
  Detector : x=  -5.000, y=  10.000, z= 720.000
  Obj rotY :   0.0000 deg
view   0 | SOD= 584.810 mm | SDD= 721.227 mm | M= 1.233 | incident=3.3432°
[[-330.33304    -481.76743     -27.980843  ]
 [  84.458084    106.88979      12.019157  ]
 [   0.12071443   -0.08836394    0.        ]
 [   0.            0.            0.1496    ]]
Residual vector length: 10, Jacobian shape: (10, 6)
view   0 | SOD= 586.164 mm | SDD= 721.227 mm | M= 1.230 | incident=3.3432°
[[-318.01923    -491.5951      -28.04219   ]
 [  80.982216    107.87707      11.957809  ]
 [   0.12302002   -0.08512483    0.        ]
 [   0.            0.            0.1496    ]]

iter 10 cost=15.706733 -> 32.185227 |dtheta|=2.501793e+00  lambda=1.286e-01

============================================================
Iteration 11
============================================================
Theta offsets (Unity frame):
  Source   : dSx=   0.000, dSy=   0.000, dSz=   0.000  (mm)
  Object   : dOx=  -5.714, dOy=  -5.981, dOz=  -1.074  (mm)
  Object offset: offset_x= -10.300, offset_z=   7.936  (mm)
  Detector : dDx=   0.000, dDy=   0.000, dDz=   0.000  (mm)
  Obj Stage rotY :  -36.204 deg
============================================================

Unity geometry (world coordinates):
  Source   : x=   8.000, y=  50.000, z=   0.000
  Object   : x=   0.286, y=  22.019, z= 575.926
  Detector : x=  -5.000, y=  10.000, z= 720.000
  Obj rotY :   0.0000 deg
view   0 | SOD= 584.810 mm | SDD= 721.227 mm | M= 1.233 | incident=3.3432°
[[-330.33304    -481.76743     -27.980843  ]
 [  84.458084    106.88979      12.019157  ]
 [   0.12071443   -0.08836394    0.        ]
 [   0.            0.            0.1496    ]]
Residual vector length: 10, Jacobian shape: (10, 6)
view   0 | SOD= 585.331 mm | SDD= 721.227 mm | M= 1.232 | incident=3.3432°
[[-320.87503    -488.73996     -28.005493  ]
 [  82.158936    108.02851      11.994507  ]
 [   0.12244331   -0.08595229    0.        ]
 [   0.            0.            0.1496    ]]

iter 11 cost=15.706733 -> 23.691625 |dtheta|=1.518785e+00  lambda=6.430e-01

============================================================
Iteration 12
============================================================
Theta offsets (Unity frame):
  Source   : dSx=   0.000, dSy=   0.000, dSz=   0.000  (mm)
  Object   : dOx=  -5.714, dOy=  -5.981, dOz=  -1.074  (mm)
  Object offset: offset_x= -10.300, offset_z=   7.936  (mm)
  Detector : dDx=   0.000, dDy=   0.000, dDz=   0.000  (mm)
  Obj Stage rotY :  -36.204 deg
============================================================

Unity geometry (world coordinates):
  Source   : x=   8.000, y=  50.000, z=   0.000
  Object   : x=   0.286, y=  22.019, z= 575.926
  Detector : x=  -5.000, y=  10.000, z= 720.000
  Obj rotY :   0.0000 deg
view   0 | SOD= 584.810 mm | SDD= 721.227 mm | M= 1.233 | incident=3.3432°
[[-330.33304    -481.76743     -27.980843  ]
 [  84.458084    106.88979      12.019157  ]
 [   0.12071443   -0.08836394    0.        ]
 [   0.            0.            0.1496    ]]
Residual vector length: 10, Jacobian shape: (10, 6)
view   0 | SOD= 584.911 mm | SDD= 721.227 mm | M= 1.233 | incident=3.3432°
[[-325.9044     -484.89648     -27.984219  ]
 [  83.51615     107.50862      12.015781  ]
 [   0.12151305   -0.08726247    0.        ]
 [   0.            0.            0.1496    ]]

iter 12 cost=15.706733 -> 15.470824 |dtheta|=6.072353e-01  lambda=3.215e+00

============================================================
Iteration 13
============================================================
Theta offsets (Unity frame):
  Source   : dSx=   0.000, dSy=   0.000, dSz=   0.000  (mm)
  Object   : dOx=  -5.864, dOy=  -5.984, dOz=  -0.840  (mm)
  Object offset: offset_x= -10.262, offset_z=   7.800  (mm)
  Detector : dDx=   0.000, dDy=   0.000, dDz=   0.000  (mm)
  Obj Stage rotY :  -35.683 deg
============================================================

Unity geometry (world coordinates):
  Source   : x=   8.000, y=  50.000, z=   0.000
  Object   : x=   0.136, y=  22.016, z= 576.160
  Detector : x=  -5.000, y=  10.000, z= 720.000
  Obj rotY :   0.0000 deg
view   0 | SOD= 584.911 mm | SDD= 721.227 mm | M= 1.233 | incident=3.3432°
[[-325.9044     -484.89648     -27.984219  ]
 [  83.51615     107.50862      12.015781  ]
 [   0.12151305   -0.08726247    0.        ]
 [   0.            0.            0.1496    ]]
Residual vector length: 10, Jacobian shape: (10, 6)
view   0 | SOD= 584.924 mm | SDD= 721.227 mm | M= 1.233 | incident=3.3432°
[[-321.74005    -487.6855      -27.977655  ]
 [  82.38254     108.34633      12.022345  ]
 [   0.12228622   -0.08617564    0.        ]
 [   0.            0.            0.1496    ]]

iter 13 cost=15.470824 -> 17.631292 |dtheta|=5.456713e-01  lambda=1.072e+00

============================================================
Iteration 14
============================================================
Theta offsets (Unity frame):
  Source   : dSx=   0.000, dSy=   0.000, dSz=   0.000  (mm)
  Object   : dOx=  -5.864, dOy=  -5.984, dOz=  -0.840  (mm)
  Object offset: offset_x= -10.262, offset_z=   7.800  (mm)
  Detector : dDx=   0.000, dDy=   0.000, dDz=   0.000  (mm)
  Obj Stage rotY :  -35.683 deg
============================================================

Unity geometry (world coordinates):
  Source   : x=   8.000, y=  50.000, z=   0.000
  Object   : x=   0.136, y=  22.016, z= 576.160
  Detector : x=  -5.000, y=  10.000, z= 720.000
  Obj rotY :   0.0000 deg
view   0 | SOD= 584.911 mm | SDD= 721.227 mm | M= 1.233 | incident=3.3432°
[[-325.9044     -484.89648     -27.984219  ]
 [  83.51615     107.50862      12.015781  ]
 [   0.12151305   -0.08726247    0.        ]
 [   0.            0.            0.1496    ]]
Residual vector length: 10, Jacobian shape: (10, 6)
view   0 | SOD= 584.964 mm | SDD= 721.227 mm | M= 1.233 | incident=3.3432°
[[-323.39737    -486.6347      -27.98934   ]
 [  82.79359     107.98947      12.01066   ]
 [   0.12198608   -0.08659998    0.        ]
 [   0.            0.            0.1496    ]]

iter 14 cost=15.470824 -> 17.497026 |dtheta|=3.617643e-01  lambda=5.358e+00

============================================================
Iteration 15
============================================================
Theta offsets (Unity frame):
  Source   : dSx=   0.000, dSy=   0.000, dSz=   0.000  (mm)
  Object   : dOx=  -5.864, dOy=  -5.984, dOz=  -0.840  (mm)
  Object offset: offset_x= -10.262, offset_z=   7.800  (mm)
  Detector : dDx=   0.000, dDy=   0.000, dDz=   0.000  (mm)
  Obj Stage rotY :  -35.683 deg
============================================================

Unity geometry (world coordinates):
  Source   : x=   8.000, y=  50.000, z=   0.000
  Object   : x=   0.136, y=  22.016, z= 576.160
  Detector : x=  -5.000, y=  10.000, z= 720.000
  Obj rotY :   0.0000 deg
view   0 | SOD= 584.911 mm | SDD= 721.227 mm | M= 1.233 | incident=3.3432°
[[-325.9044     -484.89648     -27.984219  ]
 [  83.51615     107.50862      12.015781  ]
 [   0.12151305   -0.08726247    0.        ]
 [   0.            0.            0.1496    ]]
Residual vector length: 10, Jacobian shape: (10, 6)
view   0 | SOD= 584.995 mm | SDD= 721.227 mm | M= 1.233 | incident=3.3432°
[[-324.97263    -485.62106     -27.998726  ]
 [  83.18431     107.65537      12.001274  ]
 [   0.12169877   -0.08700328    0.        ]
 [   0.            0.            0.1496    ]]

iter 15 cost=15.470824 -> 16.089832 |dtheta|=2.211649e-01  lambda=2.679e+01

============================================================
Iteration 16
============================================================
Theta offsets (Unity frame):
  Source   : dSx=   0.000, dSy=   0.000, dSz=   0.000  (mm)
  Object   : dOx=  -5.864, dOy=  -5.984, dOz=  -0.840  (mm)
  Object offset: offset_x= -10.262, offset_z=   7.800  (mm)
  Detector : dDx=   0.000, dDy=   0.000, dDz=   0.000  (mm)
  Obj Stage rotY :  -35.683 deg
============================================================

Unity geometry (world coordinates):
  Source   : x=   8.000, y=  50.000, z=   0.000
  Object   : x=   0.136, y=  22.016, z= 576.160
  Detector : x=  -5.000, y=  10.000, z= 720.000
  Obj rotY :   0.0000 deg
view   0 | SOD= 584.911 mm | SDD= 721.227 mm | M= 1.233 | incident=3.3432°
[[-325.9044     -484.89648     -27.984219  ]
 [  83.51615     107.50862      12.015781  ]
 [   0.12151305   -0.08726247    0.        ]
 [   0.            0.            0.1496    ]]
Residual vector length: 10, Jacobian shape: (10, 6)
view   0 | SOD= 584.983 mm | SDD= 721.227 mm | M= 1.233 | incident=3.3432°
[[-325.63065    -485.16614     -27.996954  ]
 [  83.35528     107.539116     12.003046  ]
 [   0.12157702   -0.08717333    0.        ]
 [   0.            0.            0.1496    ]]

iter 16 cost=15.470824 -> 15.363653 |dtheta|=1.501012e-01  lambda=1.340e+02

============================================================
Iteration 17
============================================================
Theta offsets (Unity frame):
  Source   : dSx=   0.000, dSy=   0.000, dSz=   0.000  (mm)
  Object   : dOx=  -5.756, dOy=  -5.997, dOz=  -0.840  (mm)
  Object offset: offset_x= -10.321, offset_z=   7.873  (mm)
  Detector : dDx=   0.000, dDy=   0.000, dDz=   0.000  (mm)
  Obj Stage rotY :  -35.641 deg
============================================================

Unity geometry (world coordinates):
  Source   : x=   8.000, y=  50.000, z=   0.000
  Object   : x=   0.244, y=  22.003, z= 576.160
  Detector : x=  -5.000, y=  10.000, z= 720.000
  Obj rotY :   0.0000 deg
view   0 | SOD= 584.983 mm | SDD= 721.227 mm | M= 1.233 | incident=3.3432°
[[-325.63065    -485.16614     -27.996954  ]
 [  83.35528     107.539116     12.003046  ]
 [   0.12157702   -0.08717333    0.        ]
 [   0.            0.            0.1496    ]]
Residual vector length: 10, Jacobian shape: (10, 6)
view   0 | SOD= 584.962 mm | SDD= 721.227 mm | M= 1.233 | incident=3.3432°
[[-325.62024    -485.14902     -27.980446  ]
 [  83.403076    107.53043      12.019554  ]
 [   0.12157152   -0.08718099    0.        ]
 [   0.            0.            0.1496    ]]

iter 17 cost=15.363653 -> 15.026792 |dtheta|=6.720737e-02  lambda=4.465e+01

============================================================
Iteration 18
============================================================
Theta offsets (Unity frame):
  Source   : dSx=   0.000, dSy=   0.000, dSz=   0.000  (mm)
  Object   : dOx=  -5.793, dOy=  -5.980, dOz=  -0.814  (mm)
  Object offset: offset_x= -10.319, offset_z=   7.826  (mm)
  Detector : dDx=   0.000, dDy=   0.000, dDz=   0.000  (mm)
  Obj Stage rotY :  -35.645 deg
============================================================

Unity geometry (world coordinates):
  Source   : x=   8.000, y=  50.000, z=   0.000
  Object   : x=   0.207, y=  22.020, z= 576.186
  Detector : x=  -5.000, y=  10.000, z= 720.000
  Obj rotY :   0.0000 deg
view   0 | SOD= 584.962 mm | SDD= 721.227 mm | M= 1.233 | incident=3.3432°
[[-325.62024    -485.14902     -27.980446  ]
 [  83.403076    107.53043      12.019554  ]
 [   0.12157152   -0.08718099    0.        ]
 [   0.            0.            0.1496    ]]
Residual vector length: 10, Jacobian shape: (10, 6)
view   0 | SOD= 584.891 mm | SDD= 721.227 mm | M= 1.233 | incident=3.3432°
[[-323.3964     -486.54764     -27.988743  ]
 [  82.817345    108.06099      12.011257  ]
 [   0.12198276   -0.08660465    0.        ]
 [   0.            0.            0.1496    ]]

iter 18 cost=15.026792 -> 13.647820 |dtheta|=2.997603e-01  lambda=1.488e+01

============================================================
Iteration 19
============================================================
Theta offsets (Unity frame):
  Source   : dSx=   0.000, dSy=   0.000, dSz=   0.000  (mm)
  Object   : dOx=  -5.757, dOy=  -5.989, dOz=  -0.820  (mm)
  Object offset: offset_x= -10.214, offset_z=   7.764  (mm)
  Detector : dDx=   0.000, dDy=   0.000, dDz=   0.000  (mm)
  Obj Stage rotY :  -35.374 deg
============================================================

Unity geometry (world coordinates):
  Source   : x=   8.000, y=  50.000, z=   0.000
  Object   : x=   0.243, y=  22.011, z= 576.180
  Detector : x=  -5.000, y=  10.000, z= 720.000
  Obj rotY :   0.0000 deg
view   0 | SOD= 584.891 mm | SDD= 721.227 mm | M= 1.233 | incident=3.3432°
[[-323.3964     -486.54764     -27.988743  ]
 [  82.817345    108.06099      12.011257  ]
 [   0.12198276   -0.08660465    0.        ]
 [   0.            0.            0.1496    ]]
Residual vector length: 10, Jacobian shape: (10, 6)
view   0 | SOD= 584.793 mm | SDD= 721.227 mm | M= 1.233 | incident=3.3432°
[[-323.5296     -486.3404      -28.017845  ]
 [  82.99277     108.05724      11.982155  ]
 [   0.12193778   -0.08666797    0.        ]
 [   0.            0.            0.1496    ]]

iter 19 cost=13.647820 -> 15.622229 |dtheta|=1.293389e-01  lambda=4.961e+00

============================================================
Iteration 20
============================================================
Theta offsets (Unity frame):
  Source   : dSx=   0.000, dSy=   0.000, dSz=   0.000  (mm)
  Object   : dOx=  -5.757, dOy=  -5.989, dOz=  -0.820  (mm)
  Object offset: offset_x= -10.214, offset_z=   7.764  (mm)
  Detector : dDx=   0.000, dDy=   0.000, dDz=   0.000  (mm)
  Obj Stage rotY :  -35.374 deg
============================================================

Unity geometry (world coordinates):
  Source   : x=   8.000, y=  50.000, z=   0.000
  Object   : x=   0.243, y=  22.011, z= 576.180
  Detector : x=  -5.000, y=  10.000, z= 720.000
  Obj rotY :   0.0000 deg
view   0 | SOD= 584.891 mm | SDD= 721.227 mm | M= 1.233 | incident=3.3432°
[[-323.3964     -486.54764     -27.988743  ]
 [  82.817345    108.06099      12.011257  ]
 [   0.12198276   -0.08660465    0.        ]
 [   0.            0.            0.1496    ]]
Residual vector length: 10, Jacobian shape: (10, 6)
view   0 | SOD= 584.807 mm | SDD= 721.227 mm | M= 1.233 | incident=3.3432°
[[-323.53088    -486.35547     -28.017786  ]
 [  82.96805     108.058205     11.982214  ]
 [   0.1219412    -0.08666316    0.        ]
 [   0.            0.            0.1496    ]]

iter 20 cost=13.647820 -> 15.284173 |dtheta|=1.133278e-01  lambda=2.481e+01

============================================================
Iteration 21
============================================================
Theta offsets (Unity frame):
  Source   : dSx=   0.000, dSy=   0.000, dSz=   0.000  (mm)
  Object   : dOx=  -5.757, dOy=  -5.989, dOz=  -0.820  (mm)
  Object offset: offset_x= -10.214, offset_z=   7.764  (mm)
  Detector : dDx=   0.000, dDy=   0.000, dDz=   0.000  (mm)
  Obj Stage rotY :  -35.374 deg
============================================================

Unity geometry (world coordinates):
  Source   : x=   8.000, y=  50.000, z=   0.000
  Object   : x=   0.243, y=  22.011, z= 576.180
  Detector : x=  -5.000, y=  10.000, z= 720.000
  Obj rotY :   0.0000 deg
view   0 | SOD= 584.891 mm | SDD= 721.227 mm | M= 1.233 | incident=3.3432°
[[-323.3964     -486.54764     -27.988743  ]
 [  82.817345    108.06099      12.011257  ]
 [   0.12198276   -0.08660465    0.        ]
 [   0.            0.            0.1496    ]]
Residual vector length: 10, Jacobian shape: (10, 6)
view   0 | SOD= 584.839 mm | SDD= 721.227 mm | M= 1.233 | incident=3.3432°
[[-323.5067     -486.41086     -28.01373   ]
 [  82.9087      108.05991      11.986271  ]
 [   0.12195338   -0.08664603    0.        ]
 [   0.            0.            0.1496    ]]

iter 21 cost=13.647820 -> 14.907531 |dtheta|=7.394369e-02  lambda=1.240e+02

============================================================
Iteration 22
============================================================
Theta offsets (Unity frame):
  Source   : dSx=   0.000, dSy=   0.000, dSz=   0.000  (mm)
  Object   : dOx=  -5.757, dOy=  -5.989, dOz=  -0.820  (mm)
  Object offset: offset_x= -10.214, offset_z=   7.764  (mm)
  Detector : dDx=   0.000, dDy=   0.000, dDz=   0.000  (mm)
  Obj Stage rotY :  -35.374 deg
============================================================

Unity geometry (world coordinates):
  Source   : x=   8.000, y=  50.000, z=   0.000
  Object   : x=   0.243, y=  22.011, z= 576.180
  Detector : x=  -5.000, y=  10.000, z= 720.000
  Obj rotY :   0.0000 deg
view   0 | SOD= 584.891 mm | SDD= 721.227 mm | M= 1.233 | incident=3.3432°
[[-323.3964     -486.54764     -27.988743  ]
 [  82.817345    108.06099      12.011257  ]
 [   0.12198276   -0.08660465    0.        ]
 [   0.            0.            0.1496    ]]
Residual vector length: 10, Jacobian shape: (10, 6)
view   0 | SOD= 584.872 mm | SDD= 721.227 mm | M= 1.233 | incident=3.3432°
[[-323.44406    -486.49323     -28.001352  ]
 [  82.849884    108.06057      11.998648  ]
 [   0.12197107   -0.08662111    0.        ]
 [   0.            0.            0.1496    ]]

iter 22 cost=13.647820 -> 14.111811 |dtheta|=2.922008e-02  lambda=6.202e+02

============================================================
Iteration 23
============================================================
Theta offsets (Unity frame):
  Source   : dSx=   0.000, dSy=   0.000, dSz=   0.000  (mm)
  Object   : dOx=  -5.757, dOy=  -5.989, dOz=  -0.820  (mm)
  Object offset: offset_x= -10.214, offset_z=   7.764  (mm)
  Detector : dDx=   0.000, dDy=   0.000, dDz=   0.000  (mm)
  Obj Stage rotY :  -35.374 deg
============================================================

Unity geometry (world coordinates):
  Source   : x=   8.000, y=  50.000, z=   0.000
  Object   : x=   0.243, y=  22.011, z= 576.180
  Detector : x=  -5.000, y=  10.000, z= 720.000
  Obj rotY :   0.0000 deg
view   0 | SOD= 584.891 mm | SDD= 721.227 mm | M= 1.233 | incident=3.3432°
[[-323.3964     -486.54764     -27.988743  ]
 [  82.817345    108.06099      12.011257  ]
 [   0.12198276   -0.08660465    0.        ]
 [   0.            0.            0.1496    ]]
Residual vector length: 10, Jacobian shape: (10, 6)
view   0 | SOD= 584.886 mm | SDD= 721.227 mm | M= 1.233 | incident=3.3432°
[[-323.4084     -486.5342      -27.992298  ]
 [  82.82517     108.060844     12.007702  ]
 [   0.12197987   -0.08660872    0.        ]
 [   0.            0.            0.1496    ]]

iter 23 cost=13.647820 -> 13.596700 |dtheta|=7.421389e-03  lambda=3.101e+03

============================================================
Iteration 24
============================================================
Theta offsets (Unity frame):
  Source   : dSx=   0.000, dSy=   0.000, dSz=   0.000  (mm)
  Object   : dOx=  -5.761, dOy=  -5.992, dOz=  -0.820  (mm)
  Object offset: offset_x= -10.212, offset_z=   7.760  (mm)
  Detector : dDx=   0.000, dDy=   0.000, dDz=   0.000  (mm)
  Obj Stage rotY :  -35.376 deg
============================================================

Unity geometry (world coordinates):
  Source   : x=   8.000, y=  50.000, z=   0.000
  Object   : x=   0.239, y=  22.008, z= 576.180
  Detector : x=  -5.000, y=  10.000, z= 720.000
  Obj rotY :   0.0000 deg
view   0 | SOD= 584.886 mm | SDD= 721.227 mm | M= 1.233 | incident=3.3432°
[[-323.4084     -486.5342      -27.992298  ]
 [  82.82517     108.060844     12.007702  ]
 [   0.12197987   -0.08660872    0.        ]
 [   0.            0.            0.1496    ]]
Residual vector length: 10, Jacobian shape: (10, 6)
view   0 | SOD= 584.891 mm | SDD= 721.227 mm | M= 1.233 | incident=3.3432°
[[-323.4046     -486.54172     -27.994967  ]
 [  82.831696    108.05147      12.0050335 ]
 [   0.12197948   -0.08660928    0.        ]
 [   0.            0.            0.1496    ]]

iter 24 cost=13.596700 -> 13.616398 |dtheta|=8.632729e-03  lambda=1.034e+03

============================================================
Iteration 25
============================================================
Theta offsets (Unity frame):
  Source   : dSx=   0.000, dSy=   0.000, dSz=   0.000  (mm)
  Object   : dOx=  -5.761, dOy=  -5.992, dOz=  -0.820  (mm)
  Object offset: offset_x= -10.212, offset_z=   7.760  (mm)
  Detector : dDx=   0.000, dDy=   0.000, dDz=   0.000  (mm)
  Obj Stage rotY :  -35.376 deg
============================================================

Unity geometry (world coordinates):
  Source   : x=   8.000, y=  50.000, z=   0.000
  Object   : x=   0.239, y=  22.008, z= 576.180
  Detector : x=  -5.000, y=  10.000, z= 720.000
  Obj rotY :   0.0000 deg
view   0 | SOD= 584.886 mm | SDD= 721.227 mm | M= 1.233 | incident=3.3432°
[[-323.4084     -486.5342      -27.992298  ]
 [  82.82517     108.060844     12.007702  ]
 [   0.12197987   -0.08660872    0.        ]
 [   0.            0.            0.1496    ]]
Residual vector length: 10, Jacobian shape: (10, 6)
view   0 | SOD= 584.887 mm | SDD= 721.227 mm | M= 1.233 | incident=3.3432°
[[-323.4071     -486.5362      -27.993053  ]
 [  82.82661     108.05878      12.006947  ]
 [   0.12197986   -0.08660875    0.        ]
 [   0.            0.            0.1496    ]]

iter 25 cost=13.596700 -> 13.660194 |dtheta|=2.021227e-03  lambda=5.168e+03

============================================================
Iteration 26
============================================================
Theta offsets (Unity frame):
  Source   : dSx=   0.000, dSy=   0.000, dSz=   0.000  (mm)
  Object   : dOx=  -5.761, dOy=  -5.992, dOz=  -0.820  (mm)
  Object offset: offset_x= -10.212, offset_z=   7.760  (mm)
  Detector : dDx=   0.000, dDy=   0.000, dDz=   0.000  (mm)
  Obj Stage rotY :  -35.376 deg
============================================================

Unity geometry (world coordinates):
  Source   : x=   8.000, y=  50.000, z=   0.000
  Object   : x=   0.239, y=  22.008, z= 576.180
  Detector : x=  -5.000, y=  10.000, z= 720.000
  Obj rotY :   0.0000 deg
view   0 | SOD= 584.886 mm | SDD= 721.227 mm | M= 1.233 | incident=3.3432°
[[-323.4084     -486.5342      -27.992298  ]
 [  82.82517     108.060844     12.007702  ]
 [   0.12197987   -0.08660872    0.        ]
 [   0.            0.            0.1496    ]]
Residual vector length: 10, Jacobian shape: (10, 6)
view   0 | SOD= 584.887 mm | SDD= 721.227 mm | M= 1.233 | incident=3.3432°
[[-323.4081     -486.53464     -27.992462  ]
 [  82.82546     108.06042      12.007538  ]
 [   0.12197987   -0.08660872    0.        ]
 [   0.            0.            0.1496    ]]

iter 26 cost=13.596700 -> 13.643017 |dtheta|=4.199693e-04  lambda=2.584e+04

============================================================
Iteration 27
============================================================
Theta offsets (Unity frame):
  Source   : dSx=   0.000, dSy=   0.000, dSz=   0.000  (mm)
  Object   : dOx=  -5.761, dOy=  -5.992, dOz=  -0.820  (mm)
  Object offset: offset_x= -10.212, offset_z=   7.760  (mm)
  Detector : dDx=   0.000, dDy=   0.000, dDz=   0.000  (mm)
  Obj Stage rotY :  -35.376 deg
============================================================

Unity geometry (world coordinates):
  Source   : x=   8.000, y=  50.000, z=   0.000
  Object   : x=   0.239, y=  22.008, z= 576.180
  Detector : x=  -5.000, y=  10.000, z= 720.000
  Obj rotY :   0.0000 deg
view   0 | SOD= 584.886 mm | SDD= 721.227 mm | M= 1.233 | incident=3.3432°
[[-323.4084     -486.5342      -27.992298  ]
 [  82.82517     108.060844     12.007702  ]
 [   0.12197987   -0.08660872    0.        ]
 [   0.            0.            0.1496    ]]
Residual vector length: 10, Jacobian shape: (10, 6)
view   0 | SOD= 584.886 mm | SDD= 721.227 mm | M= 1.233 | incident=3.3432°
[[-323.40833    -486.53427     -27.99233   ]
 [  82.82525     108.06079      12.007669  ]
 [   0.12197987   -0.08660872    0.        ]
 [   0.            0.            0.1496    ]]

iter 27 cost=13.596700 -> 13.596700 |dtheta|=8.466621e-05  lambda=1.292e+05

============================================================
Iteration 28
============================================================
Theta offsets (Unity frame):
  Source   : dSx=   0.000, dSy=   0.000, dSz=   0.000  (mm)
  Object   : dOx=  -5.761, dOy=  -5.992, dOz=  -0.820  (mm)
  Object offset: offset_x= -10.212, offset_z=   7.760  (mm)
  Detector : dDx=   0.000, dDy=   0.000, dDz=   0.000  (mm)
  Obj Stage rotY :  -35.376 deg
============================================================

Unity geometry (world coordinates):
  Source   : x=   8.000, y=  50.000, z=   0.000
  Object   : x=   0.239, y=  22.008, z= 576.180
  Detector : x=  -5.000, y=  10.000, z= 720.000
  Obj rotY :   0.0000 deg
view   0 | SOD= 584.886 mm | SDD= 721.227 mm | M= 1.233 | incident=3.3432°
[[-323.4084     -486.5342      -27.992298  ]
 [  82.82517     108.060844     12.007702  ]
 [   0.12197987   -0.08660872    0.        ]
 [   0.            0.            0.1496    ]]
Residual vector length: 10, Jacobian shape: (10, 6)
view   0 | SOD= 584.886 mm | SDD= 721.227 mm | M= 1.233 | incident=3.3432°
[[-323.4084     -486.53424     -27.992304  ]
 [  82.82519     108.06084      12.007696  ]
 [   0.12197987   -0.08660872    0.        ]
 [   0.            0.            0.1496    ]]

iter 28 cost=13.596700 -> 13.596700 |dtheta|=1.696051e-05  lambda=6.460e+05

============================================================
Iteration 29
============================================================
Theta offsets (Unity frame):
  Source   : dSx=   0.000, dSy=   0.000, dSz=   0.000  (mm)
  Object   : dOx=  -5.761, dOy=  -5.992, dOz=  -0.820  (mm)
  Object offset: offset_x= -10.212, offset_z=   7.760  (mm)
  Detector : dDx=   0.000, dDy=   0.000, dDz=   0.000  (mm)
  Obj Stage rotY :  -35.376 deg
============================================================

Unity geometry (world coordinates):
  Source   : x=   8.000, y=  50.000, z=   0.000
  Object   : x=   0.239, y=  22.008, z= 576.180
  Detector : x=  -5.000, y=  10.000, z= 720.000
  Obj rotY :   0.0000 deg
view   0 | SOD= 584.886 mm | SDD= 721.227 mm | M= 1.233 | incident=3.3432°
[[-323.4084     -486.5342      -27.992298  ]
 [  82.82517     108.060844     12.007702  ]
 [   0.12197987   -0.08660872    0.        ]
 [   0.            0.            0.1496    ]]
Residual vector length: 10, Jacobian shape: (10, 6)
view   0 | SOD= 584.886 mm | SDD= 721.227 mm | M= 1.233 | incident=3.3432°
[[-323.4084     -486.53424     -27.992302  ]
 [  82.82518     108.06084      12.007698  ]
 [   0.12197987   -0.08660872    0.        ]
 [   0.            0.            0.1496    ]]

iter 29 cost=13.596700 -> 13.596700 |dtheta|=1.095843e-05  lambda=1.000e+06

============================================================
Iteration 30
============================================================
Theta offsets (Unity frame):
  Source   : dSx=   0.000, dSy=   0.000, dSz=   0.000  (mm)
  Object   : dOx=  -5.761, dOy=  -5.992, dOz=  -0.820  (mm)
  Object offset: offset_x= -10.212, offset_z=   7.760  (mm)
  Detector : dDx=   0.000, dDy=   0.000, dDz=   0.000  (mm)
  Obj Stage rotY :  -35.376 deg
============================================================

Unity geometry (world coordinates):
  Source   : x=   8.000, y=  50.000, z=   0.000
  Object   : x=   0.239, y=  22.008, z= 576.180
  Detector : x=  -5.000, y=  10.000, z= 720.000
  Obj rotY :   0.0000 deg
view   0 | SOD= 584.886 mm | SDD= 721.227 mm | M= 1.233 | incident=3.3432°
[[-323.4084     -486.5342      -27.992298  ]
 [  82.82517     108.060844     12.007702  ]
 [   0.12197987   -0.08660872    0.        ]
 [   0.            0.            0.1496    ]]
Residual vector length: 10, Jacobian shape: (10, 6)
view   0 | SOD= 584.886 mm | SDD= 721.227 mm | M= 1.233 | incident=3.3432°
[[-323.4084     -486.53424     -27.992302  ]
 [  82.82518     108.06084      12.007698  ]
 [   0.12197987   -0.08660872    0.        ]
 [   0.            0.            0.1496    ]]

iter 30 cost=13.596700 -> 13.596700 |dtheta|=1.095843e-05  lambda=1.000e+06

============================================================
Iteration 31
============================================================
Theta offsets (Unity frame):
  Source   : dSx=   0.000, dSy=   0.000, dSz=   0.000  (mm)
  Object   : dOx=  -5.761, dOy=  -5.992, dOz=  -0.820  (mm)
  Object offset: offset_x= -10.212, offset_z=   7.760  (mm)
  Detector : dDx=   0.000, dDy=   0.000, dDz=   0.000  (mm)
  Obj Stage rotY :  -35.376 deg
============================================================

Unity geometry (world coordinates):
  Source   : x=   8.000, y=  50.000, z=   0.000
  Object   : x=   0.239, y=  22.008, z= 576.180
  Detector : x=  -5.000, y=  10.000, z= 720.000
  Obj rotY :   0.0000 deg
view   0 | SOD= 584.886 mm | SDD= 721.227 mm | M= 1.233 | incident=3.3432°
[[-323.4084     -486.5342      -27.992298  ]
 [  82.82517     108.060844     12.007702  ]
 [   0.12197987   -0.08660872    0.        ]
 [   0.            0.            0.1496    ]]
Residual vector length: 10, Jacobian shape: (10, 6)
view   0 | SOD= 584.886 mm | SDD= 721.227 mm | M= 1.233 | incident=3.3432°
[[-323.4084     -486.53424     -27.992302  ]
 [  82.82518     108.06084      12.007698  ]
 [   0.12197987   -0.08660872    0.        ]
 [   0.            0.            0.1496    ]]

iter 31 cost=13.596700 -> 13.596700 |dtheta|=1.095843e-05  lambda=1.000e+06

============================================================
Iteration 32
============================================================
Theta offsets (Unity frame):
  Source   : dSx=   0.000, dSy=   0.000, dSz=   0.000  (mm)
  Object   : dOx=  -5.761, dOy=  -5.992, dOz=  -0.820  (mm)
  Object offset: offset_x= -10.212, offset_z=   7.760  (mm)
  Detector : dDx=   0.000, dDy=   0.000, dDz=   0.000  (mm)
  Obj Stage rotY :  -35.376 deg
============================================================

Unity geometry (world coordinates):
  Source   : x=   8.000, y=  50.000, z=   0.000
  Object   : x=   0.239, y=  22.008, z= 576.180
  Detector : x=  -5.000, y=  10.000, z= 720.000
  Obj rotY :   0.0000 deg
view   0 | SOD= 584.886 mm | SDD= 721.227 mm | M= 1.233 | incident=3.3432°
[[-323.4084     -486.5342      -27.992298  ]
 [  82.82517     108.060844     12.007702  ]
 [   0.12197987   -0.08660872    0.        ]
 [   0.            0.            0.1496    ]]
Residual vector length: 10, Jacobian shape: (10, 6)
view   0 | SOD= 584.886 mm | SDD= 721.227 mm | M= 1.233 | incident=3.3432°
[[-323.4084     -486.53424     -27.992302  ]
 [  82.82518     108.06084      12.007698  ]
 [   0.12197987   -0.08660872    0.        ]
 [   0.            0.            0.1496    ]]

iter 32 cost=13.596700 -> 13.596700 |dtheta|=1.095843e-05  lambda=1.000e+06

============================================================
Iteration 33
============================================================
Theta offsets (Unity frame):
  Source   : dSx=   0.000, dSy=   0.000, dSz=   0.000  (mm)
  Object   : dOx=  -5.761, dOy=  -5.992, dOz=  -0.820  (mm)
  Object offset: offset_x= -10.212, offset_z=   7.760  (mm)
  Detector : dDx=   0.000, dDy=   0.000, dDz=   0.000  (mm)
  Obj Stage rotY :  -35.376 deg
============================================================

Unity geometry (world coordinates):
  Source   : x=   8.000, y=  50.000, z=   0.000
  Object   : x=   0.239, y=  22.008, z= 576.180
  Detector : x=  -5.000, y=  10.000, z= 720.000
  Obj rotY :   0.0000 deg
view   0 | SOD= 584.886 mm | SDD= 721.227 mm | M= 1.233 | incident=3.3432°
[[-323.4084     -486.5342      -27.992298  ]
 [  82.82517     108.060844     12.007702  ]
 [   0.12197987   -0.08660872    0.        ]
 [   0.            0.            0.1496    ]]
Residual vector length: 10, Jacobian shape: (10, 6)
view   0 | SOD= 584.886 mm | SDD= 721.227 mm | M= 1.233 | incident=3.3432°
[[-323.4084     -486.53424     -27.992302  ]
 [  82.82518     108.06084      12.007698  ]
 [   0.12197987   -0.08660872    0.        ]
 [   0.            0.            0.1496    ]]

iter 33 cost=13.596700 -> 13.596700 |dtheta|=1.095843e-05  lambda=1.000e+06

============================================================
Iteration 34
============================================================
Theta offsets (Unity frame):
  Source   : dSx=   0.000, dSy=   0.000, dSz=   0.000  (mm)
  Object   : dOx=  -5.761, dOy=  -5.992, dOz=  -0.820  (mm)
  Object offset: offset_x= -10.212, offset_z=   7.760  (mm)
  Detector : dDx=   0.000, dDy=   0.000, dDz=   0.000  (mm)
  Obj Stage rotY :  -35.376 deg
============================================================

Unity geometry (world coordinates):
  Source   : x=   8.000, y=  50.000, z=   0.000
  Object   : x=   0.239, y=  22.008, z= 576.180
  Detector : x=  -5.000, y=  10.000, z= 720.000
  Obj rotY :   0.0000 deg
view   0 | SOD= 584.886 mm | SDD= 721.227 mm | M= 1.233 | incident=3.3432°
[[-323.4084     -486.5342      -27.992298  ]
 [  82.82517     108.060844     12.007702  ]
 [   0.12197987   -0.08660872    0.        ]
 [   0.            0.            0.1496    ]]
Residual vector length: 10, Jacobian shape: (10, 6)
view   0 | SOD= 584.886 mm | SDD= 721.227 mm | M= 1.233 | incident=3.3432°
[[-323.4084     -486.53424     -27.992302  ]
 [  82.82518     108.06084      12.007698  ]
 [   0.12197987   -0.08660872    0.        ]
 [   0.            0.            0.1496    ]]

iter 34 cost=13.596700 -> 13.596700 |dtheta|=1.095843e-05  lambda=1.000e+06

============================================================
Iteration 35
============================================================
Theta offsets (Unity frame):
  Source   : dSx=   0.000, dSy=   0.000, dSz=   0.000  (mm)
  Object   : dOx=  -5.761, dOy=  -5.992, dOz=  -0.820  (mm)
  Object offset: offset_x= -10.212, offset_z=   7.760  (mm)
  Detector : dDx=   0.000, dDy=   0.000, dDz=   0.000  (mm)
  Obj Stage rotY :  -35.376 deg
============================================================

Unity geometry (world coordinates):
  Source   : x=   8.000, y=  50.000, z=   0.000
  Object   : x=   0.239, y=  22.008, z= 576.180
  Detector : x=  -5.000, y=  10.000, z= 720.000
  Obj rotY :   0.0000 deg
view   0 | SOD= 584.886 mm | SDD= 721.227 mm | M= 1.233 | incident=3.3432°
[[-323.4084     -486.5342      -27.992298  ]
 [  82.82517     108.060844     12.007702  ]
 [   0.12197987   -0.08660872    0.        ]
 [   0.            0.            0.1496    ]]
Residual vector length: 10, Jacobian shape: (10, 6)
view   0 | SOD= 584.886 mm | SDD= 721.227 mm | M= 1.233 | incident=3.3432°
[[-323.4084     -486.53424     -27.992302  ]
 [  82.82518     108.06084      12.007698  ]
 [   0.12197987   -0.08660872    0.        ]
 [   0.            0.            0.1496    ]]

iter 35 cost=13.596700 -> 13.596700 |dtheta|=1.095843e-05  lambda=1.000e+06
Stalled.

Estimated theta:
  dSx: +0.000000
  dSy: +0.000000
  dOx: -5.761137
  dOy: -5.992297
  dOz: -0.820149
  dDx: +0.000000
  dDy: +0.000000
  dDz: +0.000000
alpha: -3.537569e+01 deg)
offset_x: -10.212075
offset_z: +7.759745

Final cost table:
Fake theta: [  0.   0.  -6.  -6. -12.   0.   0.   0.   5.   0.   0.]
Final estimated theta: [  0.           0.          -5.76113653  -5.99229705  -0.82014899
   0.           0.           0.         -35.3756922  -10.21207488
   7.75974519]
Diff from Expected: [  0.           0.           0.23886347   0.00770295  11.17985101
   0.           0.           0.         -40.3756922  -10.21207488
   7.75974519]
################################################################################

