Phantom already exists, skipping: cuboid_phantom_1_normal.npy

################################################################################
Running cuboid=normal scenario=G3 N_ANGLES=6, K=1
view   0 | SOD= 556.844 mm | SDD= 802.742 mm | M= 1.442 | incident=4.7367°
[[ 239.08467    -500.88773     -45.        ]
 [-110.79194     218.66446      20.        ]
 [   0.13558364    0.06322369    0.        ]
 [   0.            0.            0.1496    ]]
          image          x1          y1  area1
0  proj_000.png  506.294964  124.372302   1112
1  proj_001.png  355.733396  121.078578   1069
2  proj_002.png  370.557377  115.366803    976
3  proj_003.png  525.551478  112.909276    981
4  proj_004.png  671.894000  115.825000   1000
5  proj_005.png  667.260038  121.580306   1046

============================================================
Iteration 0
============================================================
Theta offsets (Unity frame):
  Source   : dSx=   0.000, dSy=   0.000, dSz=   0.000  (mm)
  Object   : dOx=   0.000, dOy=   0.000, dOz=   0.000  (mm)
  Object offset: offset_x=   0.000, offset_z=   0.000  (mm)
  Detector : dDx=   0.000, dDy=   0.000, dDz=   0.000  (mm)
  Obj Stage rotY :    0.000 deg
============================================================

Unity geometry (world coordinates):
  Source   : x=   5.000, y=  60.000, z=   0.000
  Object   : x=  18.000, y=  23.000, z= 580.000
  Detector : x=  -8.000, y=  -5.000, z= 800.000
  Obj rotY :   0.0000 deg
view   0 | SOD= 581.324 mm | SDD= 802.742 mm | M= 1.381 | incident=4.7367°
[[ -13.     -580.      -37.    ]
 [ -26.      220.       28.    ]
 [   0.1496    0.        0.    ]
 [   0.        0.        0.1496]]
Residual vector length: 12, Jacobian shape: (12, 6)
view   0 | SOD= 554.431 mm | SDD= 802.742 mm | M= 1.448 | incident=4.7367°
[[-259.26257    -487.59937     -49.224068  ]
 [ 122.279564    215.67482      15.775932  ]
 [   0.13031845   -0.07346606    0.        ]
 [   0.            0.            0.1496    ]]

iter 00 cost=114338.911041 -> 10687.491185 |dtheta|=4.922965e+01  lambda=1.000e-02

============================================================
Iteration 1
============================================================
Theta offsets (Unity frame):
  Source   : dSx=   0.000, dSy=   0.000, dSz=   0.000  (mm)
  Object   : dOx= -15.300, dOy= -12.224, dOz= -32.091  (mm)
  Object offset: offset_x= -11.305, offset_z=   4.165  (mm)
  Detector : dDx=   0.000, dDy=   0.000, dDz=   0.000  (mm)
  Obj Stage rotY :  -29.412 deg
============================================================

Unity geometry (world coordinates):
  Source   : x=   5.000, y=  60.000, z=   0.000
  Object   : x=   2.700, y=  10.776, z= 547.909
  Detector : x=  -8.000, y=  -5.000, z= 800.000
  Obj rotY :   0.0000 deg
view   0 | SOD= 554.431 mm | SDD= 802.742 mm | M= 1.448 | incident=4.7367°
[[-259.26257    -487.59937     -49.224068  ]
 [ 122.279564    215.67482      15.775932  ]
 [   0.13031845   -0.07346606    0.        ]
 [   0.            0.            0.1496    ]]
Residual vector length: 12, Jacobian shape: (12, 6)
view   0 | SOD= 565.670 mm | SDD= 802.742 mm | M= 1.419 | incident=4.7367°
[[-257.62387    -501.42563     -46.7449    ]
 [ 120.42009     203.73517      18.2551    ]
 [   0.13068178   -0.07281779    0.        ]
 [   0.            0.            0.1496    ]]

iter 01 cost=10687.491185 -> 1108.593260 |dtheta|=1.047559e+01  lambda=3.333e-03

============================================================
Iteration 2
============================================================
Theta offsets (Unity frame):
  Source   : dSx=   0.000, dSy=   0.000, dSz=   0.000  (mm)
  Object   : dOx= -17.350, dOy=  -9.745, dOz= -22.982  (mm)
  Object offset: offset_x= -14.674, offset_z=   6.396  (mm)
  Detector : dDx=   0.000, dDy=   0.000, dDz=   0.000  (mm)
  Obj Stage rotY :  -29.127 deg
============================================================

Unity geometry (world coordinates):
  Source   : x=   5.000, y=  60.000, z=   0.000
  Object   : x=   0.650, y=  13.255, z= 557.018
  Detector : x=  -8.000, y=  -5.000, z= 800.000
  Obj rotY :   0.0000 deg
view   0 | SOD= 565.670 mm | SDD= 802.742 mm | M= 1.419 | incident=4.7367°
[[-257.62387    -501.42563     -46.7449    ]
 [ 120.42009     203.73517      18.2551    ]
 [   0.13068178   -0.07281779    0.        ]
 [   0.            0.            0.1496    ]]
Residual vector length: 12, Jacobian shape: (12, 6)
view   0 | SOD= 573.871 mm | SDD= 802.742 mm | M= 1.399 | incident=4.7367°
[[-270.79318    -503.85022     -46.195816  ]
 [ 121.68441     193.38026      18.804184  ]
 [   0.12915535   -0.07549208    0.        ]
 [   0.            0.            0.1496    ]]

iter 02 cost=1108.593260 -> 467.722147 |dtheta|=7.505778e+00  lambda=1.111e-03

============================================================
Iteration 3
============================================================
Theta offsets (Unity frame):
  Source   : dSx=   0.000, dSy=   0.000, dSz=   0.000  (mm)
  Object   : dOx= -17.683, dOy=  -9.196, dOz= -15.750  (mm)
  Object offset: offset_x= -15.787, offset_z=   7.392  (mm)
  Detector : dDx=   0.000, dDy=   0.000, dDz=   0.000  (mm)
  Obj Stage rotY :  -30.307 deg
============================================================

Unity geometry (world coordinates):
  Source   : x=   5.000, y=  60.000, z=   0.000
  Object   : x=   0.317, y=  13.804, z= 564.250
  Detector : x=  -8.000, y=  -5.000, z= 800.000
  Obj rotY :   0.0000 deg
view   0 | SOD= 573.871 mm | SDD= 802.742 mm | M= 1.399 | incident=4.7367°
[[-270.79318    -503.85022     -46.195816  ]
 [ 121.68441     193.38026      18.804184  ]
 [   0.12915535   -0.07549208    0.        ]
 [   0.            0.            0.1496    ]]
Residual vector length: 12, Jacobian shape: (12, 6)
view   0 | SOD= 563.250 mm | SDD= 802.742 mm | M= 1.425 | incident=4.7367°
[[-244.27979    -505.5117      -45.1202    ]
 [ 116.73397     208.51778      19.879799  ]
 [   0.13239151   -0.06966093    0.        ]
 [   0.            0.            0.1496    ]]

iter 03 cost=467.722147 -> 259.718124 |dtheta|=1.032662e+01  lambda=3.704e-04

============================================================
Iteration 4
============================================================
Theta offsets (Unity frame):
  Source   : dSx=   0.000, dSy=   0.000, dSz=   0.000  (mm)
  Object   : dOx= -17.564, dOy=  -8.120, dOz= -25.608  (mm)
  Object offset: offset_x= -14.646, offset_z=   6.719  (mm)
  Detector : dDx=   0.000, dDy=   0.000, dDz=   0.000  (mm)
  Obj Stage rotY :  -27.752 deg
============================================================

Unity geometry (world coordinates):
  Source   : x=   5.000, y=  60.000, z=   0.000
  Object   : x=   0.436, y=  14.880, z= 554.392
  Detector : x=  -8.000, y=  -5.000, z= 800.000
  Obj rotY :   0.0000 deg
view   0 | SOD= 563.250 mm | SDD= 802.742 mm | M= 1.425 | incident=4.7367°
[[-244.27979    -505.5117      -45.1202    ]
 [ 116.73397     208.51778      19.879799  ]
 [   0.13239151   -0.06966093    0.        ]
 [   0.            0.            0.1496    ]]
Residual vector length: 12, Jacobian shape: (12, 6)
view   0 | SOD= 562.445 mm | SDD= 802.742 mm | M= 1.427 | incident=4.7367°
[[-286.36685    -481.9848      -45.04596   ]
 [ 135.74167     197.71614      19.95404   ]
 [   0.12578818   -0.08097835    0.        ]
 [   0.            0.            0.1496    ]]

iter 04 cost=259.718124 -> 282.844573 |dtheta|=5.601920e+00  lambda=1.235e-04

============================================================
Iteration 5
============================================================
Theta offsets (Unity frame):
  Source   : dSx=   0.000, dSy=   0.000, dSz=   0.000  (mm)
  Object   : dOx= -17.564, dOy=  -8.120, dOz= -25.608  (mm)
  Object offset: offset_x= -14.646, offset_z=   6.719  (mm)
  Detector : dDx=   0.000, dDy=   0.000, dDz=   0.000  (mm)
  Obj Stage rotY :  -27.752 deg
============================================================

Unity geometry (world coordinates):
  Source   : x=   5.000, y=  60.000, z=   0.000
  Object   : x=   0.436, y=  14.880, z= 554.392
  Detector : x=  -8.000, y=  -5.000, z= 800.000
  Obj rotY :   0.0000 deg
view   0 | SOD= 563.250 mm | SDD= 802.742 mm | M= 1.425 | incident=4.7367°
[[-244.27979    -505.5117      -45.1202    ]
 [ 116.73397     208.51778      19.879799  ]
 [   0.13239151   -0.06966093    0.        ]
 [   0.            0.            0.1496    ]]
Residual vector length: 12, Jacobian shape: (12, 6)
view   0 | SOD= 562.448 mm | SDD= 802.742 mm | M= 1.427 | incident=4.7367°
[[-286.36197    -481.99054     -45.04602   ]
 [ 135.73764     197.71594      19.953978  ]
 [   0.12578924   -0.0809767     0.        ]
 [   0.            0.            0.1496    ]]

iter 05 cost=259.718124 -> 282.844573 |dtheta|=5.600299e+00  lambda=6.173e-04

============================================================
Iteration 6
============================================================
Theta offsets (Unity frame):
  Source   : dSx=   0.000, dSy=   0.000, dSz=   0.000  (mm)
  Object   : dOx= -17.564, dOy=  -8.120, dOz= -25.608  (mm)
  Object offset: offset_x= -14.646, offset_z=   6.719  (mm)
  Detector : dDx=   0.000, dDy=   0.000, dDz=   0.000  (mm)
  Obj Stage rotY :  -27.752 deg
============================================================

Unity geometry (world coordinates):
  Source   : x=   5.000, y=  60.000, z=   0.000
  Object   : x=   0.436, y=  14.880, z= 554.392
  Detector : x=  -8.000, y=  -5.000, z= 800.000
  Obj rotY :   0.0000 deg
view   0 | SOD= 563.250 mm | SDD= 802.742 mm | M= 1.425 | incident=4.7367°
[[-244.27979    -505.5117      -45.1202    ]
 [ 116.73397     208.51778      19.879799  ]
 [   0.13239151   -0.06966093    0.        ]
 [   0.            0.            0.1496    ]]
Residual vector length: 12, Jacobian shape: (12, 6)
view   0 | SOD= 562.459 mm | SDD= 802.742 mm | M= 1.427 | incident=4.7367°
[[-286.3375     -482.01898     -45.04633   ]
 [ 135.71767     197.71513      19.95367   ]
 [   0.12579454   -0.08096848    0.        ]
 [   0.            0.            0.1496    ]]

iter 06 cost=259.718124 -> 282.921451 |dtheta|=5.592248e+00  lambda=3.086e-03

============================================================
Iteration 7
============================================================
Theta offsets (Unity frame):
  Source   : dSx=   0.000, dSy=   0.000, dSz=   0.000  (mm)
  Object   : dOx= -17.564, dOy=  -8.120, dOz= -25.608  (mm)
  Object offset: offset_x= -14.646, offset_z=   6.719  (mm)
  Detector : dDx=   0.000, dDy=   0.000, dDz=   0.000  (mm)
  Obj Stage rotY :  -27.752 deg
============================================================

Unity geometry (world coordinates):
  Source   : x=   5.000, y=  60.000, z=   0.000
  Object   : x=   0.436, y=  14.880, z= 554.392
  Detector : x=  -8.000, y=  -5.000, z= 800.000
  Obj rotY :   0.0000 deg
view   0 | SOD= 563.250 mm | SDD= 802.742 mm | M= 1.425 | incident=4.7367°
[[-244.27979    -505.5117      -45.1202    ]
 [ 116.73397     208.51778      19.879799  ]
 [   0.13239151   -0.06966093    0.        ]
 [   0.            0.            0.1496    ]]
Residual vector length: 12, Jacobian shape: (12, 6)
view   0 | SOD= 562.517 mm | SDD= 802.742 mm | M= 1.427 | incident=4.7367°
[[-286.21548    -482.15854     -45.047825  ]
 [ 135.61952     197.71222      19.952175  ]
 [   0.12582076   -0.08092773    0.        ]
 [   0.            0.            0.1496    ]]

iter 07 cost=259.718124 -> 282.995984 |dtheta|=5.553190e+00  lambda=1.543e-02

============================================================
Iteration 8
============================================================
Theta offsets (Unity frame):
  Source   : dSx=   0.000, dSy=   0.000, dSz=   0.000  (mm)
  Object   : dOx= -17.564, dOy=  -8.120, dOz= -25.608  (mm)
  Object offset: offset_x= -14.646, offset_z=   6.719  (mm)
  Detector : dDx=   0.000, dDy=   0.000, dDz=   0.000  (mm)
  Obj Stage rotY :  -27.752 deg
============================================================

Unity geometry (world coordinates):
  Source   : x=   5.000, y=  60.000, z=   0.000
  Object   : x=   0.436, y=  14.880, z= 554.392
  Detector : x=  -8.000, y=  -5.000, z= 800.000
  Obj rotY :   0.0000 deg
view   0 | SOD= 563.250 mm | SDD= 802.742 mm | M= 1.425 | incident=4.7367°
[[-244.27979    -505.5117      -45.1202    ]
 [ 116.73397     208.51778      19.879799  ]
 [   0.13239151   -0.06966093    0.        ]
 [   0.            0.            0.1496    ]]
Residual vector length: 12, Jacobian shape: (12, 6)
view   0 | SOD= 562.759 mm | SDD= 802.742 mm | M= 1.426 | incident=4.7367°
[[-285.61234    -482.79776     -45.054348  ]
 [ 135.16867     197.72581      19.945652  ]
 [   0.125946     -0.08073267    0.        ]
 [   0.            0.            0.1496    ]]

iter 08 cost=259.718124 -> 283.185220 |dtheta|=5.382544e+00  lambda=7.716e-02

============================================================
Iteration 9
============================================================
Theta offsets (Unity frame):
  Source   : dSx=   0.000, dSy=   0.000, dSz=   0.000  (mm)
  Object   : dOx= -17.564, dOy=  -8.120, dOz= -25.608  (mm)
  Object offset: offset_x= -14.646, offset_z=   6.719  (mm)
  Detector : dDx=   0.000, dDy=   0.000, dDz=   0.000  (mm)
  Obj Stage rotY :  -27.752 deg
============================================================

Unity geometry (world coordinates):
  Source   : x=   5.000, y=  60.000, z=   0.000
  Object   : x=   0.436, y=  14.880, z= 554.392
  Detector : x=  -8.000, y=  -5.000, z= 800.000
  Obj rotY :   0.0000 deg
view   0 | SOD= 563.250 mm | SDD= 802.742 mm | M= 1.425 | incident=4.7367°
[[-244.27979    -505.5117      -45.1202    ]
 [ 116.73397     208.51778      19.879799  ]
 [   0.13239151   -0.06966093    0.        ]
 [   0.            0.            0.1496    ]]
Residual vector length: 12, Jacobian shape: (12, 6)
view   0 | SOD= 563.368 mm | SDD= 802.742 mm | M= 1.425 | incident=4.7367°
[[-282.80106    -485.15552     -45.07428   ]
 [ 133.4827      198.12836      19.925718  ]
 [   0.1264757    -0.07990029    0.        ]
 [   0.            0.            0.1496    ]]

iter 09 cost=259.718124 -> 276.148370 |dtheta|=4.827514e+00  lambda=3.858e-01

============================================================
Iteration 10
============================================================
Theta offsets (Unity frame):
  Source   : dSx=   0.000, dSy=   0.000, dSz=   0.000  (mm)
  Object   : dOx= -17.564, dOy=  -8.120, dOz= -25.608  (mm)
  Object offset: offset_x= -14.646, offset_z=   6.719  (mm)
  Detector : dDx=   0.000, dDy=   0.000, dDz=   0.000  (mm)
  Obj Stage rotY :  -27.752 deg
============================================================

Unity geometry (world coordinates):
  Source   : x=   5.000, y=  60.000, z=   0.000
  Object   : x=   0.436, y=  14.880, z= 554.392
  Detector : x=  -8.000, y=  -5.000, z= 800.000
  Obj rotY :   0.0000 deg
view   0 | SOD= 563.250 mm | SDD= 802.742 mm | M= 1.425 | incident=4.7367°
[[-244.27979    -505.5117      -45.1202    ]
 [ 116.73397     208.51778      19.879799  ]
 [   0.13239151   -0.06966093    0.        ]
 [   0.            0.            0.1496    ]]
Residual vector length: 12, Jacobian shape: (12, 6)
view   0 | SOD= 563.732 mm | SDD= 802.742 mm | M= 1.424 | incident=4.7367°
[[-272.93674    -491.18686     -45.10833   ]
 [ 128.9677      200.6526       19.89167   ]
 [   0.12811886   -0.07723806    0.        ]
 [   0.            0.            0.1496    ]]

iter 10 cost=259.718124 -> 260.730425 |dtheta|=3.491459e+00  lambda=1.929e+00

============================================================
Iteration 11
============================================================
Theta offsets (Unity frame):
  Source   : dSx=   0.000, dSy=   0.000, dSz=   0.000  (mm)
  Object   : dOx= -17.564, dOy=  -8.120, dOz= -25.608  (mm)
  Object offset: offset_x= -14.646, offset_z=   6.719  (mm)
  Detector : dDx=   0.000, dDy=   0.000, dDz=   0.000  (mm)
  Obj Stage rotY :  -27.752 deg
============================================================

Unity geometry (world coordinates):
  Source   : x=   5.000, y=  60.000, z=   0.000
  Object   : x=   0.436, y=  14.880, z= 554.392
  Detector : x=  -8.000, y=  -5.000, z= 800.000
  Obj rotY :   0.0000 deg
view   0 | SOD= 563.250 mm | SDD= 802.742 mm | M= 1.425 | incident=4.7367°
[[-244.27979    -505.5117      -45.1202    ]
 [ 116.73397     208.51778      19.879799  ]
 [   0.13239151   -0.06966093    0.        ]
 [   0.            0.            0.1496    ]]
Residual vector length: 12, Jacobian shape: (12, 6)
view   0 | SOD= 563.383 mm | SDD= 802.742 mm | M= 1.425 | incident=4.7367°
[[-256.88443    -499.37274     -45.14358   ]
 [ 122.30841     205.17093      19.856419  ]
 [   0.13056292   -0.0730307     0.        ]
 [   0.            0.            0.1496    ]]

iter 11 cost=259.718124 -> 234.038449 |dtheta|=1.550130e+00  lambda=9.645e+00

============================================================
Iteration 12
============================================================
Theta offsets (Unity frame):
  Source   : dSx=   0.000, dSy=   0.000, dSz=   0.000  (mm)
  Object   : dOx= -17.469, dOy=  -8.144, dOz= -25.613  (mm)
  Object offset: offset_x= -15.117, offset_z=   6.843  (mm)
  Detector : dDx=   0.000, dDy=   0.000, dDz=   0.000  (mm)
  Obj Stage rotY :  -29.221 deg
============================================================

Unity geometry (world coordinates):
  Source   : x=   5.000, y=  60.000, z=   0.000
  Object   : x=   0.531, y=  14.856, z= 554.388
  Detector : x=  -8.000, y=  -5.000, z= 800.000
  Obj rotY :   0.0000 deg
view   0 | SOD= 563.383 mm | SDD= 802.742 mm | M= 1.425 | incident=4.7367°
[[-256.88443    -499.37274     -45.14358   ]
 [ 122.30841     205.17093      19.856419  ]
 [   0.13056292   -0.0730307     0.        ]
 [   0.            0.            0.1496    ]]
Residual vector length: 12, Jacobian shape: (12, 6)
view   0 | SOD= 565.449 mm | SDD= 802.742 mm | M= 1.420 | incident=4.7367°
[[-231.5753     -513.8695      -45.19991   ]
 [ 110.39779     209.47235      19.80009   ]
 [   0.13419032   -0.06612956    0.        ]
 [   0.            0.            0.1496    ]]

iter 12 cost=234.038449 -> 208.575546 |dtheta|=4.437644e+00  lambda=3.215e+00

============================================================
Iteration 13
============================================================
Theta offsets (Unity frame):
  Source   : dSx=   0.000, dSy=   0.000, dSz=   0.000  (mm)
  Object   : dOx= -17.470, dOy=  -8.200, dOz= -22.502  (mm)
  Object offset: offset_x= -14.960, offset_z=   5.806  (mm)
  Detector : dDx=   0.000, dDy=   0.000, dDz=   0.000  (mm)
  Obj Stage rotY :  -26.234 deg
============================================================

Unity geometry (world coordinates):
  Source   : x=   5.000, y=  60.000, z=   0.000
  Object   : x=   0.530, y=  14.800, z= 557.498
  Detector : x=  -8.000, y=  -5.000, z= 800.000
  Obj rotY :   0.0000 deg
view   0 | SOD= 565.449 mm | SDD= 802.742 mm | M= 1.420 | incident=4.7367°
[[-231.5753     -513.8695      -45.19991   ]
 [ 110.39779     209.47235      19.80009   ]
 [   0.13419032   -0.06612956    0.        ]
 [   0.            0.            0.1496    ]]
Residual vector length: 12, Jacobian shape: (12, 6)
view   0 | SOD= 565.389 mm | SDD= 802.742 mm | M= 1.420 | incident=4.7367°
[[-223.18251    -517.5163      -45.062714  ]
 [ 106.787285    211.37943      19.937288  ]
 [   0.13526508   -0.06390241    0.        ]
 [   0.            0.            0.1496    ]]

iter 13 cost=208.575546 -> 183.288902 |dtheta|=1.022423e+00  lambda=1.072e+00

============================================================
Iteration 14
============================================================
Theta offsets (Unity frame):
  Source   : dSx=   0.000, dSy=   0.000, dSz=   0.000  (mm)
  Object   : dOx= -17.625, dOy=  -8.063, dOz= -22.502  (mm)
  Object offset: offset_x= -14.638, offset_z=   5.763  (mm)
  Detector : dDx=   0.000, dDy=   0.000, dDz=   0.000  (mm)
  Obj Stage rotY :  -25.287 deg
============================================================

Unity geometry (world coordinates):
  Source   : x=   5.000, y=  60.000, z=   0.000
  Object   : x=   0.375, y=  14.937, z= 557.498
  Detector : x=  -8.000, y=  -5.000, z= 800.000
  Obj rotY :   0.0000 deg
view   0 | SOD= 565.389 mm | SDD= 802.742 mm | M= 1.420 | incident=4.7367°
[[-223.18251    -517.5163      -45.062714  ]
 [ 106.787285    211.37943      19.937288  ]
 [   0.13526508   -0.06390241    0.        ]
 [   0.            0.            0.1496    ]]
Residual vector length: 12, Jacobian shape: (12, 6)
view   0 | SOD= 563.897 mm | SDD= 802.742 mm | M= 1.424 | incident=4.7367°
[[-162.12929    -538.17114     -45.455776  ]
 [  80.583275    224.2327       19.544224  ]
 [   0.14179453   -0.04769141    0.        ]
 [   0.            0.            0.1496    ]]

iter 14 cost=183.288902 -> 245.402512 |dtheta|=6.942110e+00  lambda=3.572e-01

============================================================
Iteration 15
============================================================
Theta offsets (Unity frame):
  Source   : dSx=   0.000, dSy=   0.000, dSz=   0.000  (mm)
  Object   : dOx= -17.625, dOy=  -8.063, dOz= -22.502  (mm)
  Object offset: offset_x= -14.638, offset_z=   5.763  (mm)
  Detector : dDx=   0.000, dDy=   0.000, dDz=   0.000  (mm)
  Obj Stage rotY :  -25.287 deg
============================================================

Unity geometry (world coordinates):
  Source   : x=   5.000, y=  60.000, z=   0.000
  Object   : x=   0.375, y=  14.937, z= 557.498
  Detector : x=  -8.000, y=  -5.000, z= 800.000
  Obj rotY :   0.0000 deg
view   0 | SOD= 565.389 mm | SDD= 802.742 mm | M= 1.420 | incident=4.7367°
[[-223.18251    -517.5163      -45.062714  ]
 [ 106.787285    211.37943      19.937288  ]
 [   0.13526508   -0.06390241    0.        ]
 [   0.            0.            0.1496    ]]
Residual vector length: 12, Jacobian shape: (12, 6)
view   0 | SOD= 565.065 mm | SDD= 802.742 mm | M= 1.421 | incident=4.7367°
[[-181.53177    -533.1833      -45.38596   ]
 [  88.49817     219.9786       19.61404   ]
 [   0.13998376   -0.05277033    0.        ]
 [   0.            0.            0.1496    ]]

iter 15 cost=183.288902 -> 201.902903 |dtheta|=4.853772e+00  lambda=1.786e+00

============================================================
Iteration 16
============================================================
Theta offsets (Unity frame):
  Source   : dSx=   0.000, dSy=   0.000, dSz=   0.000  (mm)
  Object   : dOx= -17.625, dOy=  -8.063, dOz= -22.502  (mm)
  Object offset: offset_x= -14.638, offset_z=   5.763  (mm)
  Detector : dDx=   0.000, dDy=   0.000, dDz=   0.000  (mm)
  Obj Stage rotY :  -25.287 deg
============================================================

Unity geometry (world coordinates):
  Source   : x=   5.000, y=  60.000, z=   0.000
  Object   : x=   0.375, y=  14.937, z= 557.498
  Detector : x=  -8.000, y=  -5.000, z= 800.000
  Obj rotY :   0.0000 deg
view   0 | SOD= 565.389 mm | SDD= 802.742 mm | M= 1.420 | incident=4.7367°
[[-223.18251    -517.5163      -45.062714  ]
 [ 106.787285    211.37943      19.937288  ]
 [   0.13526508   -0.06390241    0.        ]
 [   0.            0.            0.1496    ]]
Residual vector length: 12, Jacobian shape: (12, 6)
view   0 | SOD= 565.564 mm | SDD= 802.742 mm | M= 1.419 | incident=4.7367°
[[-206.29135    -524.6516      -45.249706  ]
 [  99.01846     214.91243      19.750294  ]
 [   0.13733444   -0.05932462    0.        ]
 [   0.            0.            0.1496    ]]

iter 16 cost=183.288902 -> 181.651770 |dtheta|=2.095536e+00  lambda=8.931e+00

============================================================
Iteration 17
============================================================
Theta offsets (Unity frame):
  Source   : dSx=   0.000, dSy=   0.000, dSz=   0.000  (mm)
  Object   : dOx= -17.500, dOy=  -8.250, dOz= -21.960  (mm)
  Object offset: offset_x= -14.175, offset_z=   5.402  (mm)
  Detector : dDx=   0.000, dDy=   0.000, dDz=   0.000  (mm)
  Obj Stage rotY :  -23.363 deg
============================================================

Unity geometry (world coordinates):
  Source   : x=   5.000, y=  60.000, z=   0.000
  Object   : x=   0.500, y=  14.750, z= 558.040
  Detector : x=  -8.000, y=  -5.000, z= 800.000
  Obj rotY :   0.0000 deg
view   0 | SOD= 565.564 mm | SDD= 802.742 mm | M= 1.419 | incident=4.7367°
[[-206.29135    -524.6516      -45.249706  ]
 [  99.01846     214.91243      19.750294  ]
 [   0.13733444   -0.05932462    0.        ]
 [   0.            0.            0.1496    ]]
Residual vector length: 12, Jacobian shape: (12, 6)
view   0 | SOD= 565.829 mm | SDD= 802.742 mm | M= 1.419 | incident=4.7367°
[[-190.26756    -530.94006     -45.42387   ]
 [  91.57529     217.88144      19.57613   ]
 [   0.13913642   -0.05496558    0.        ]
 [   0.            0.            0.1496    ]]

iter 17 cost=181.651770 -> 188.443088 |dtheta|=2.070986e+00  lambda=2.977e+00

============================================================
Iteration 18
============================================================
Theta offsets (Unity frame):
  Source   : dSx=   0.000, dSy=   0.000, dSz=   0.000  (mm)
  Object   : dOx= -17.500, dOy=  -8.250, dOz= -21.960  (mm)
  Object offset: offset_x= -14.175, offset_z=   5.402  (mm)
  Detector : dDx=   0.000, dDy=   0.000, dDz=   0.000  (mm)
  Obj Stage rotY :  -23.363 deg
============================================================

Unity geometry (world coordinates):
  Source   : x=   5.000, y=  60.000, z=   0.000
  Object   : x=   0.500, y=  14.750, z= 558.040
  Detector : x=  -8.000, y=  -5.000, z= 800.000
  Obj rotY :   0.0000 deg
view   0 | SOD= 565.564 mm | SDD= 802.742 mm | M= 1.419 | incident=4.7367°
[[-206.29135    -524.6516      -45.249706  ]
 [  99.01846     214.91243      19.750294  ]
 [   0.13733444   -0.05932462    0.        ]
 [   0.            0.            0.1496    ]]
Residual vector length: 12, Jacobian shape: (12, 6)
view   0 | SOD= 565.549 mm | SDD= 802.742 mm | M= 1.419 | incident=4.7367°
[[-199.27939    -527.32776     -45.380054  ]
 [  95.914734    216.3317       19.619946  ]
 [   0.13813083   -0.05744592    0.        ]
 [   0.            0.            0.1496    ]]

iter 18 cost=181.651770 -> 191.022975 |dtheta|=8.690980e-01  lambda=1.488e+01

============================================================
Iteration 19
============================================================
Theta offsets (Unity frame):
  Source   : dSx=   0.000, dSy=   0.000, dSz=   0.000  (mm)
  Object   : dOx= -17.500, dOy=  -8.250, dOz= -21.960  (mm)
  Object offset: offset_x= -14.175, offset_z=   5.402  (mm)
  Detector : dDx=   0.000, dDy=   0.000, dDz=   0.000  (mm)
  Obj Stage rotY :  -23.363 deg
============================================================

Unity geometry (world coordinates):
  Source   : x=   5.000, y=  60.000, z=   0.000
  Object   : x=   0.500, y=  14.750, z= 558.040
  Detector : x=  -8.000, y=  -5.000, z= 800.000
  Obj rotY :   0.0000 deg
view   0 | SOD= 565.564 mm | SDD= 802.742 mm | M= 1.419 | incident=4.7367°
[[-206.29135    -524.6516      -45.249706  ]
 [  99.01846     214.91243      19.750294  ]
 [   0.13733444   -0.05932462    0.        ]
 [   0.            0.            0.1496    ]]
Residual vector length: 12, Jacobian shape: (12, 6)
view   0 | SOD= 565.524 mm | SDD= 802.742 mm | M= 1.419 | incident=4.7367°
[[-204.33908    -525.36383     -45.343132  ]
 [  98.25237     215.31653      19.656868  ]
 [   0.13755141   -0.05881981    0.        ]
 [   0.            0.            0.1496    ]]

iter 19 cost=181.651770 -> 195.142315 |dtheta|=2.543133e-01  lambda=7.442e+01

============================================================
Iteration 20
============================================================
Theta offsets (Unity frame):
  Source   : dSx=   0.000, dSy=   0.000, dSz=   0.000  (mm)
  Object   : dOx= -17.500, dOy=  -8.250, dOz= -21.960  (mm)
  Object offset: offset_x= -14.175, offset_z=   5.402  (mm)
  Detector : dDx=   0.000, dDy=   0.000, dDz=   0.000  (mm)
  Obj Stage rotY :  -23.363 deg
============================================================

Unity geometry (world coordinates):
  Source   : x=   5.000, y=  60.000, z=   0.000
  Object   : x=   0.500, y=  14.750, z= 558.040
  Detector : x=  -8.000, y=  -5.000, z= 800.000
  Obj rotY :   0.0000 deg
view   0 | SOD= 565.564 mm | SDD= 802.742 mm | M= 1.419 | incident=4.7367°
[[-206.29135    -524.6516      -45.249706  ]
 [  99.01846     214.91243      19.750294  ]
 [   0.13733444   -0.05932462    0.        ]
 [   0.            0.            0.1496    ]]
Residual vector length: 12, Jacobian shape: (12, 6)
view   0 | SOD= 565.543 mm | SDD= 802.742 mm | M= 1.419 | incident=4.7367°
[[-205.81499    -524.8117      -45.30126   ]
 [  98.86773     215.0109       19.698738  ]
 [   0.13738468   -0.05920817    0.        ]
 [   0.            0.            0.1496    ]]

iter 20 cost=181.651770 -> 185.033077 |dtheta|=8.432512e-02  lambda=3.721e+02

============================================================
Iteration 21
============================================================
Theta offsets (Unity frame):
  Source   : dSx=   0.000, dSy=   0.000, dSz=   0.000  (mm)
  Object   : dOx= -17.500, dOy=  -8.250, dOz= -21.960  (mm)
  Object offset: offset_x= -14.175, offset_z=   5.402  (mm)
  Detector : dDx=   0.000, dDy=   0.000, dDz=   0.000  (mm)
  Obj Stage rotY :  -23.363 deg
============================================================

Unity geometry (world coordinates):
  Source   : x=   5.000, y=  60.000, z=   0.000
  Object   : x=   0.500, y=  14.750, z= 558.040
  Detector : x=  -8.000, y=  -5.000, z= 800.000
  Obj rotY :   0.0000 deg
view   0 | SOD= 565.564 mm | SDD= 802.742 mm | M= 1.419 | incident=4.7367°
[[-206.29135    -524.6516      -45.249706  ]
 [  99.01846     214.91243      19.750294  ]
 [   0.13733444   -0.05932462    0.        ]
 [   0.            0.            0.1496    ]]
Residual vector length: 12, Jacobian shape: (12, 6)
view   0 | SOD= 565.559 mm | SDD= 802.742 mm | M= 1.419 | incident=4.7367°
[[-206.18701    -524.68494     -45.266575  ]
 [  98.98893     214.93434      19.733425  ]
 [   0.13734518   -0.05929976    0.        ]
 [   0.            0.            0.1496    ]]

iter 21 cost=181.651770 -> 179.875314 |dtheta|=2.384851e-02  lambda=1.861e+03

============================================================
Iteration 22
============================================================
Theta offsets (Unity frame):
  Source   : dSx=   0.000, dSy=   0.000, dSz=   0.000  (mm)
  Object   : dOx= -17.499, dOy=  -8.267, dOz= -21.958  (mm)
  Object offset: offset_x= -14.184, offset_z=   5.393  (mm)
  Detector : dDx=   0.000, dDy=   0.000, dDz=   0.000  (mm)
  Obj Stage rotY :  -23.353 deg
============================================================

Unity geometry (world coordinates):
  Source   : x=   5.000, y=  60.000, z=   0.000
  Object   : x=   0.501, y=  14.733, z= 558.042
  Detector : x=  -8.000, y=  -5.000, z= 800.000
  Obj rotY :   0.0000 deg
view   0 | SOD= 565.559 mm | SDD= 802.742 mm | M= 1.419 | incident=4.7367°
[[-206.18701    -524.68494     -45.266575  ]
 [  98.98893     214.93434      19.733425  ]
 [   0.13734518   -0.05929976    0.        ]
 [   0.            0.            0.1496    ]]
Residual vector length: 12, Jacobian shape: (12, 6)
view   0 | SOD= 565.514 mm | SDD= 802.742 mm | M= 1.419 | incident=4.7367°
[[-205.9995     -524.708       -45.299343  ]
 [  98.90988     215.02121      19.700657  ]
 [   0.13736653   -0.05925026    0.        ]
 [   0.            0.            0.1496    ]]

iter 22 cost=179.875314 -> 181.378856 |dtheta|=8.845747e-02  lambda=6.202e+02

============================================================
Iteration 23
============================================================
Theta offsets (Unity frame):
  Source   : dSx=   0.000, dSy=   0.000, dSz=   0.000  (mm)
  Object   : dOx= -17.499, dOy=  -8.267, dOz= -21.958  (mm)
  Object offset: offset_x= -14.184, offset_z=   5.393  (mm)
  Detector : dDx=   0.000, dDy=   0.000, dDz=   0.000  (mm)
  Obj Stage rotY :  -23.353 deg
============================================================

Unity geometry (world coordinates):
  Source   : x=   5.000, y=  60.000, z=   0.000
  Object   : x=   0.501, y=  14.733, z= 558.042
  Detector : x=  -8.000, y=  -5.000, z= 800.000
  Obj rotY :   0.0000 deg
view   0 | SOD= 565.559 mm | SDD= 802.742 mm | M= 1.419 | incident=4.7367°
[[-206.18701    -524.68494     -45.266575  ]
 [  98.98893     214.93434      19.733425  ]
 [   0.13734518   -0.05929976    0.        ]
 [   0.            0.            0.1496    ]]
Residual vector length: 12, Jacobian shape: (12, 6)
view   0 | SOD= 565.549 mm | SDD= 802.742 mm | M= 1.419 | incident=4.7367°
[[-206.1533     -524.68726     -45.27778   ]
 [  98.977356    214.95068      19.722221  ]
 [   0.13734882   -0.05929135    0.        ]
 [   0.            0.            0.1496    ]]

iter 23 cost=179.875314 -> 178.530891 |dtheta|=2.506342e-02  lambda=3.101e+03

============================================================
Iteration 24
============================================================
Theta offsets (Unity frame):
  Source   : dSx=   0.000, dSy=   0.000, dSz=   0.000  (mm)
  Object   : dOx= -17.512, dOy=  -8.278, dOz= -21.963  (mm)
  Object offset: offset_x= -14.168, offset_z=   5.387  (mm)
  Detector : dDx=   0.000, dDy=   0.000, dDz=   0.000  (mm)
  Obj Stage rotY :  -23.349 deg
============================================================

Unity geometry (world coordinates):
  Source   : x=   5.000, y=  60.000, z=   0.000
  Object   : x=   0.488, y=  14.722, z= 558.037
  Detector : x=  -8.000, y=  -5.000, z= 800.000
  Obj rotY :   0.0000 deg
view   0 | SOD= 565.549 mm | SDD= 802.742 mm | M= 1.419 | incident=4.7367°
[[-206.1533     -524.68726     -45.27778   ]
 [  98.977356    214.95068      19.722221  ]
 [   0.13734882   -0.05929135    0.        ]
 [   0.            0.            0.1496    ]]
Residual vector length: 12, Jacobian shape: (12, 6)
view   0 | SOD= 565.536 mm | SDD= 802.742 mm | M= 1.419 | incident=4.7367°
[[-206.08606    -524.6981      -45.28952   ]
 [  98.902534    214.99838      19.71048   ]
 [   0.1373602    -0.05926497    0.        ]
 [   0.            0.            0.1496    ]]

iter 24 cost=178.530891 -> 178.432341 |dtheta|=5.011242e-02  lambda=1.034e+03

============================================================
Iteration 25
============================================================
Theta offsets (Unity frame):
  Source   : dSx=   0.000, dSy=   0.000, dSz=   0.000  (mm)
  Object   : dOx= -17.514, dOy=  -8.290, dOz= -21.959  (mm)
  Object offset: offset_x= -14.123, offset_z=   5.371  (mm)
  Detector : dDx=   0.000, dDy=   0.000, dDz=   0.000  (mm)
  Obj Stage rotY :  -23.338 deg
============================================================

Unity geometry (world coordinates):
  Source   : x=   5.000, y=  60.000, z=   0.000
  Object   : x=   0.486, y=  14.710, z= 558.041
  Detector : x=  -8.000, y=  -5.000, z= 800.000
  Obj rotY :   0.0000 deg
view   0 | SOD= 565.536 mm | SDD= 802.742 mm | M= 1.419 | incident=4.7367°
[[-206.08606    -524.6981      -45.28952   ]
 [  98.902534    214.99838      19.71048   ]
 [   0.1373602    -0.05926497    0.        ]
 [   0.            0.            0.1496    ]]
Residual vector length: 12, Jacobian shape: (12, 6)
view   0 | SOD= 565.519 mm | SDD= 802.742 mm | M= 1.419 | incident=4.7367°
[[-205.37546    -524.9741      -45.11316   ]
 [  98.761314    215.07307      19.88684   ]
 [   0.13742834   -0.05910679    0.        ]
 [   0.            0.            0.1496    ]]

iter 25 cost=178.432341 -> 170.826310 |dtheta|=2.057025e-01  lambda=3.445e+02

============================================================
Iteration 26
============================================================
Theta offsets (Unity frame):
  Source   : dSx=   0.000, dSy=   0.000, dSz=   0.000  (mm)
  Object   : dOx= -17.580, dOy=  -8.113, dOz= -21.951  (mm)
  Object offset: offset_x= -14.171, offset_z=   5.356  (mm)
  Detector : dDx=   0.000, dDy=   0.000, dDz=   0.000  (mm)
  Obj Stage rotY :  -23.272 deg
============================================================

Unity geometry (world coordinates):
  Source   : x=   5.000, y=  60.000, z=   0.000
  Object   : x=   0.420, y=  14.887, z= 558.049
  Detector : x=  -8.000, y=  -5.000, z= 800.000
  Obj rotY :   0.0000 deg
view   0 | SOD= 565.519 mm | SDD= 802.742 mm | M= 1.419 | incident=4.7367°
[[-205.37546    -524.9741      -45.11316   ]
 [  98.761314    215.07307      19.88684   ]
 [   0.13742834   -0.05910679    0.        ]
 [   0.            0.            0.1496    ]]
Residual vector length: 12, Jacobian shape: (12, 6)
view   0 | SOD= 565.618 mm | SDD= 802.742 mm | M= 1.419 | incident=4.7367°
[[-205.70065    -524.96124     -45.01268   ]
 [  98.73907     214.96136      19.98732   ]
 [   0.13740413   -0.05916305    0.        ]
 [   0.            0.            0.1496    ]]

iter 26 cost=170.826310 -> 167.947018 |dtheta|=1.889163e-01  lambda=1.148e+02

============================================================
Iteration 27
============================================================
Theta offsets (Unity frame):
  Source   : dSx=   0.000, dSy=   0.000, dSz=   0.000  (mm)
  Object   : dOx= -17.591, dOy=  -8.013, dOz= -21.819  (mm)
  Object offset: offset_x= -14.087, offset_z=   5.333  (mm)
  Detector : dDx=   0.000, dDy=   0.000, dDz=   0.000  (mm)
  Obj Stage rotY :  -23.296 deg
============================================================

Unity geometry (world coordinates):
  Source   : x=   5.000, y=  60.000, z=   0.000
  Object   : x=   0.409, y=  14.987, z= 558.181
  Detector : x=  -8.000, y=  -5.000, z= 800.000
  Obj rotY :   0.0000 deg
view   0 | SOD= 565.618 mm | SDD= 802.742 mm | M= 1.419 | incident=4.7367°
[[-205.70065    -524.96124     -45.01268   ]
 [  98.73907     214.96136      19.98732   ]
 [   0.13740413   -0.05916305    0.        ]
 [   0.            0.            0.1496    ]]
Residual vector length: 12, Jacobian shape: (12, 6)
view   0 | SOD= 565.649 mm | SDD= 802.742 mm | M= 1.419 | incident=4.7367°
[[-206.17133    -524.81476     -44.9599    ]
 [  98.92091     214.83902      20.040098  ]
 [   0.13735189   -0.05928422    0.        ]
 [   0.            0.            0.1496    ]]

iter 27 cost=167.947018 -> 170.563164 |dtheta|=8.698292e-02  lambda=3.828e+01

============================================================
Iteration 28
============================================================
Theta offsets (Unity frame):
  Source   : dSx=   0.000, dSy=   0.000, dSz=   0.000  (mm)
  Object   : dOx= -17.591, dOy=  -8.013, dOz= -21.819  (mm)
  Object offset: offset_x= -14.087, offset_z=   5.333  (mm)
  Detector : dDx=   0.000, dDy=   0.000, dDz=   0.000  (mm)
  Obj Stage rotY :  -23.296 deg
============================================================

Unity geometry (world coordinates):
  Source   : x=   5.000, y=  60.000, z=   0.000
  Object   : x=   0.409, y=  14.987, z= 558.181
  Detector : x=  -8.000, y=  -5.000, z= 800.000
  Obj rotY :   0.0000 deg
view   0 | SOD= 565.618 mm | SDD= 802.742 mm | M= 1.419 | incident=4.7367°
[[-205.70065    -524.96124     -45.01268   ]
 [  98.73907     214.96136      19.98732   ]
 [   0.13740413   -0.05916305    0.        ]
 [   0.            0.            0.1496    ]]
Residual vector length: 12, Jacobian shape: (12, 6)
view   0 | SOD= 565.626 mm | SDD= 802.742 mm | M= 1.419 | incident=4.7367°
[[-205.7917     -524.93933     -44.96383   ]
 [  98.76356     214.93568      20.036173  ]
 [   0.13739489   -0.0591845     0.        ]
 [   0.            0.            0.1496    ]]

iter 28 cost=167.947018 -> 168.397788 |dtheta|=5.767535e-02  lambda=1.914e+02

============================================================
Iteration 29
============================================================
Theta offsets (Unity frame):
  Source   : dSx=   0.000, dSy=   0.000, dSz=   0.000  (mm)
  Object   : dOx= -17.591, dOy=  -8.013, dOz= -21.819  (mm)
  Object offset: offset_x= -14.087, offset_z=   5.333  (mm)
  Detector : dDx=   0.000, dDy=   0.000, dDz=   0.000  (mm)
  Obj Stage rotY :  -23.296 deg
============================================================

Unity geometry (world coordinates):
  Source   : x=   5.000, y=  60.000, z=   0.000
  Object   : x=   0.409, y=  14.987, z= 558.181
  Detector : x=  -8.000, y=  -5.000, z= 800.000
  Obj rotY :   0.0000 deg
view   0 | SOD= 565.618 mm | SDD= 802.742 mm | M= 1.419 | incident=4.7367°
[[-205.70065    -524.96124     -45.01268   ]
 [  98.73907     214.96136      19.98732   ]
 [   0.13740413   -0.05916305    0.        ]
 [   0.            0.            0.1496    ]]
Residual vector length: 12, Jacobian shape: (12, 6)
view   0 | SOD= 565.621 mm | SDD= 802.742 mm | M= 1.419 | incident=4.7367°
[[-205.72237    -524.95886     -44.980076  ]
 [  98.736       214.95609      20.019924  ]
 [   0.13740264   -0.05916651    0.        ]
 [   0.            0.            0.1496    ]]

iter 29 cost=167.947018 -> 165.402313 |dtheta|=3.608121e-02  lambda=9.571e+02

============================================================
Iteration 30
============================================================
Theta offsets (Unity frame):
  Source   : dSx=   0.000, dSy=   0.000, dSz=   0.000  (mm)
  Object   : dOx= -17.578, dOy=  -7.980, dOz= -21.818  (mm)
  Object offset: offset_x= -14.093, offset_z=   5.338  (mm)
  Detector : dDx=   0.000, dDy=   0.000, dDz=   0.000  (mm)
  Obj Stage rotY :  -23.297 deg
============================================================

Unity geometry (world coordinates):
  Source   : x=   5.000, y=  60.000, z=   0.000
  Object   : x=   0.422, y=  15.020, z= 558.182
  Detector : x=  -8.000, y=  -5.000, z= 800.000
  Obj rotY :   0.0000 deg
view   0 | SOD= 565.621 mm | SDD= 802.742 mm | M= 1.419 | incident=4.7367°
[[-205.72237    -524.95886     -44.980076  ]
 [  98.736       214.95609      20.019924  ]
 [   0.13740264   -0.05916651    0.        ]
 [   0.            0.            0.1496    ]]
Residual vector length: 12, Jacobian shape: (12, 6)
view   0 | SOD= 565.636 mm | SDD= 802.742 mm | M= 1.419 | incident=4.7367°
[[-205.8994     -524.89935     -45.060226  ]
 [  98.71113     214.95297      19.939774  ]
 [   0.13739046   -0.05919476    0.        ]
 [   0.            0.            0.1496    ]]

iter 30 cost=165.402313 -> 166.634054 |dtheta|=1.045940e-01  lambda=3.190e+02

============================================================
Iteration 31
============================================================
Theta offsets (Unity frame):
  Source   : dSx=   0.000, dSy=   0.000, dSz=   0.000  (mm)
  Object   : dOx= -17.578, dOy=  -7.980, dOz= -21.818  (mm)
  Object offset: offset_x= -14.093, offset_z=   5.338  (mm)
  Detector : dDx=   0.000, dDy=   0.000, dDz=   0.000  (mm)
  Obj Stage rotY :  -23.297 deg
============================================================

Unity geometry (world coordinates):
  Source   : x=   5.000, y=  60.000, z=   0.000
  Object   : x=   0.422, y=  15.020, z= 558.182
  Detector : x=  -8.000, y=  -5.000, z= 800.000
  Obj rotY :   0.0000 deg
view   0 | SOD= 565.621 mm | SDD= 802.742 mm | M= 1.419 | incident=4.7367°
[[-205.72237    -524.95886     -44.980076  ]
 [  98.736       214.95609      20.019924  ]
 [   0.13740264   -0.05916651    0.        ]
 [   0.            0.            0.1496    ]]
Residual vector length: 12, Jacobian shape: (12, 6)
view   0 | SOD= 565.626 mm | SDD= 802.742 mm | M= 1.419 | incident=4.7367°
[[-205.77214    -524.94196     -45.012077  ]
 [  98.72328     214.95772      19.987925  ]
 [   0.13739967   -0.05917339    0.        ]
 [   0.            0.            0.1496    ]]

iter 31 cost=165.402313 -> 167.794437 |dtheta|=3.855211e-02  lambda=1.595e+03

============================================================
Iteration 32
============================================================
Theta offsets (Unity frame):
  Source   : dSx=   0.000, dSy=   0.000, dSz=   0.000  (mm)
  Object   : dOx= -17.578, dOy=  -7.980, dOz= -21.818  (mm)
  Object offset: offset_x= -14.093, offset_z=   5.338  (mm)
  Detector : dDx=   0.000, dDy=   0.000, dDz=   0.000  (mm)
  Obj Stage rotY :  -23.297 deg
============================================================

Unity geometry (world coordinates):
  Source   : x=   5.000, y=  60.000, z=   0.000
  Object   : x=   0.422, y=  15.020, z= 558.182
  Detector : x=  -8.000, y=  -5.000, z= 800.000
  Obj rotY :   0.0000 deg
view   0 | SOD= 565.621 mm | SDD= 802.742 mm | M= 1.419 | incident=4.7367°
[[-205.72237    -524.95886     -44.980076  ]
 [  98.736       214.95609      20.019924  ]
 [   0.13740264   -0.05916651    0.        ]
 [   0.            0.            0.1496    ]]
Residual vector length: 12, Jacobian shape: (12, 6)
view   0 | SOD= 565.622 mm | SDD= 802.742 mm | M= 1.419 | incident=4.7367°
[[-205.73308    -524.9552      -44.98811   ]
 [  98.732666    214.95673      20.01189   ]
 [   0.13740204   -0.05916788    0.        ]
 [   0.            0.            0.1496    ]]

iter 32 cost=165.402313 -> 165.276839 |dtheta|=9.402816e-03  lambda=7.976e+03

============================================================
Iteration 33
============================================================
Theta offsets (Unity frame):
  Source   : dSx=   0.000, dSy=   0.000, dSz=   0.000  (mm)
  Object   : dOx= -17.577, dOy=  -7.988, dOz= -21.818  (mm)
  Object offset: offset_x= -14.089, offset_z=   5.339  (mm)
  Detector : dDx=   0.000, dDy=   0.000, dDz=   0.000  (mm)
  Obj Stage rotY :  -23.298 deg
============================================================

Unity geometry (world coordinates):
  Source   : x=   5.000, y=  60.000, z=   0.000
  Object   : x=   0.423, y=  15.012, z= 558.182
  Detector : x=  -8.000, y=  -5.000, z= 800.000
  Obj rotY :   0.0000 deg
view   0 | SOD= 565.622 mm | SDD= 802.742 mm | M= 1.419 | incident=4.7367°
[[-205.73308    -524.9552      -44.98811   ]
 [  98.732666    214.95673      20.01189   ]
 [   0.13740204   -0.05916788    0.        ]
 [   0.            0.            0.1496    ]]
Residual vector length: 12, Jacobian shape: (12, 6)
view   0 | SOD= 565.621 mm | SDD= 802.742 mm | M= 1.419 | incident=4.7367°
[[-205.77693    -524.9388      -44.96619   ]
 [  98.74005     214.95206      20.03381   ]
 [   0.13739794   -0.05917739    0.        ]
 [   0.            0.            0.1496    ]]

iter 33 cost=165.276839 -> 168.359492 |dtheta|=2.909174e-02  lambda=2.659e+03

============================================================
Iteration 34
============================================================
Theta offsets (Unity frame):
  Source   : dSx=   0.000, dSy=   0.000, dSz=   0.000  (mm)
  Object   : dOx= -17.577, dOy=  -7.988, dOz= -21.818  (mm)
  Object offset: offset_x= -14.089, offset_z=   5.339  (mm)
  Detector : dDx=   0.000, dDy=   0.000, dDz=   0.000  (mm)
  Obj Stage rotY :  -23.298 deg
============================================================

Unity geometry (world coordinates):
  Source   : x=   5.000, y=  60.000, z=   0.000
  Object   : x=   0.423, y=  15.012, z= 558.182
  Detector : x=  -8.000, y=  -5.000, z= 800.000
  Obj rotY :   0.0000 deg
view   0 | SOD= 565.622 mm | SDD= 802.742 mm | M= 1.419 | incident=4.7367°
[[-205.73308    -524.9552      -44.98811   ]
 [  98.732666    214.95673      20.01189   ]
 [   0.13740204   -0.05916788    0.        ]
 [   0.            0.            0.1496    ]]
Residual vector length: 12, Jacobian shape: (12, 6)
view   0 | SOD= 565.621 mm | SDD= 802.742 mm | M= 1.419 | incident=4.7367°
[[-205.74255    -524.9515      -44.98269   ]
 [  98.73402     214.95598      20.017313  ]
 [   0.13740118   -0.05916989    0.        ]
 [   0.            0.            0.1496    ]]

iter 34 cost=165.276839 -> 165.857314 |dtheta|=7.009789e-03  lambda=1.329e+04

============================================================
Iteration 35
============================================================
Theta offsets (Unity frame):
  Source   : dSx=   0.000, dSy=   0.000, dSz=   0.000  (mm)
  Object   : dOx= -17.577, dOy=  -7.988, dOz= -21.818  (mm)
  Object offset: offset_x= -14.089, offset_z=   5.339  (mm)
  Detector : dDx=   0.000, dDy=   0.000, dDz=   0.000  (mm)
  Obj Stage rotY :  -23.298 deg
============================================================

Unity geometry (world coordinates):
  Source   : x=   5.000, y=  60.000, z=   0.000
  Object   : x=   0.423, y=  15.012, z= 558.182
  Detector : x=  -8.000, y=  -5.000, z= 800.000
  Obj rotY :   0.0000 deg
view   0 | SOD= 565.622 mm | SDD= 802.742 mm | M= 1.419 | incident=4.7367°
[[-205.73308    -524.9552      -44.98811   ]
 [  98.732666    214.95673      20.01189   ]
 [   0.13740204   -0.05916788    0.        ]
 [   0.            0.            0.1496    ]]
Residual vector length: 12, Jacobian shape: (12, 6)
view   0 | SOD= 565.622 mm | SDD= 802.742 mm | M= 1.419 | incident=4.7367°
[[-205.73503    -524.95447     -44.986973  ]
 [  98.7329      214.95653      20.013027  ]
 [   0.13740186   -0.05916828    0.        ]
 [   0.            0.            0.1496    ]]

iter 35 cost=165.276839 -> 165.468591 |dtheta|=1.462943e-03  lambda=6.646e+04

============================================================
Iteration 36
============================================================
Theta offsets (Unity frame):
  Source   : dSx=   0.000, dSy=   0.000, dSz=   0.000  (mm)
  Object   : dOx= -17.577, dOy=  -7.988, dOz= -21.818  (mm)
  Object offset: offset_x= -14.089, offset_z=   5.339  (mm)
  Detector : dDx=   0.000, dDy=   0.000, dDz=   0.000  (mm)
  Obj Stage rotY :  -23.298 deg
============================================================

Unity geometry (world coordinates):
  Source   : x=   5.000, y=  60.000, z=   0.000
  Object   : x=   0.423, y=  15.012, z= 558.182
  Detector : x=  -8.000, y=  -5.000, z= 800.000
  Obj rotY :   0.0000 deg
view   0 | SOD= 565.622 mm | SDD= 802.742 mm | M= 1.419 | incident=4.7367°
[[-205.73308    -524.9552      -44.98811   ]
 [  98.732666    214.95673      20.01189   ]
 [   0.13740204   -0.05916788    0.        ]
 [   0.            0.            0.1496    ]]
Residual vector length: 12, Jacobian shape: (12, 6)
view   0 | SOD= 565.622 mm | SDD= 802.742 mm | M= 1.419 | incident=4.7367°
[[-205.73346    -524.955       -44.98788   ]
 [  98.73272     214.9567       20.01212   ]
 [   0.13740201   -0.05916796    0.        ]
 [   0.            0.            0.1496    ]]

iter 36 cost=165.276839 -> 165.192307 |dtheta|=2.951657e-04  lambda=3.323e+05

============================================================
Iteration 37
============================================================
Theta offsets (Unity frame):
  Source   : dSx=   0.000, dSy=   0.000, dSz=   0.000  (mm)
  Object   : dOx= -17.577, dOy=  -7.988, dOz= -21.818  (mm)
  Object offset: offset_x= -14.089, offset_z=   5.339  (mm)
  Detector : dDx=   0.000, dDy=   0.000, dDz=   0.000  (mm)
  Obj Stage rotY :  -23.298 deg
============================================================

Unity geometry (world coordinates):
  Source   : x=   5.000, y=  60.000, z=   0.000
  Object   : x=   0.423, y=  15.012, z= 558.182
  Detector : x=  -8.000, y=  -5.000, z= 800.000
  Obj rotY :   0.0000 deg
view   0 | SOD= 565.622 mm | SDD= 802.742 mm | M= 1.419 | incident=4.7367°
[[-205.73346    -524.955       -44.98788   ]
 [  98.73272     214.9567       20.01212   ]
 [   0.13740201   -0.05916796    0.        ]
 [   0.            0.            0.1496    ]]
Residual vector length: 12, Jacobian shape: (12, 6)
view   0 | SOD= 565.622 mm | SDD= 802.742 mm | M= 1.419 | incident=4.7367°
[[-205.73352    -524.95483     -44.98723   ]
 [  98.73254     214.95691      20.012774  ]
 [   0.13740203   -0.05916794    0.        ]
 [   0.            0.            0.1496    ]]

iter 37 cost=165.192307 -> 165.306409 |dtheta|=8.365364e-04  lambda=1.108e+05

============================================================
Iteration 38
============================================================
Theta offsets (Unity frame):
  Source   : dSx=   0.000, dSy=   0.000, dSz=   0.000  (mm)
  Object   : dOx= -17.577, dOy=  -7.988, dOz= -21.818  (mm)
  Object offset: offset_x= -14.089, offset_z=   5.339  (mm)
  Detector : dDx=   0.000, dDy=   0.000, dDz=   0.000  (mm)
  Obj Stage rotY :  -23.298 deg
============================================================

Unity geometry (world coordinates):
  Source   : x=   5.000, y=  60.000, z=   0.000
  Object   : x=   0.423, y=  15.012, z= 558.182
  Detector : x=  -8.000, y=  -5.000, z= 800.000
  Obj rotY :   0.0000 deg
view   0 | SOD= 565.622 mm | SDD= 802.742 mm | M= 1.419 | incident=4.7367°
[[-205.73346    -524.955       -44.98788   ]
 [  98.73272     214.9567       20.01212   ]
 [   0.13740201   -0.05916796    0.        ]
 [   0.            0.            0.1496    ]]
Residual vector length: 12, Jacobian shape: (12, 6)
view   0 | SOD= 565.622 mm | SDD= 802.742 mm | M= 1.419 | incident=4.7367°
[[-205.73349    -524.955       -44.987747  ]
 [  98.73267     214.95671      20.01225   ]
 [   0.13740201   -0.05916795    0.        ]
 [   0.            0.            0.1496    ]]

iter 38 cost=165.192307 -> 165.138072 |dtheta|=1.681429e-04  lambda=5.539e+05

============================================================
Iteration 39
============================================================
Theta offsets (Unity frame):
  Source   : dSx=   0.000, dSy=   0.000, dSz=   0.000  (mm)
  Object   : dOx= -17.576, dOy=  -7.988, dOz= -21.818  (mm)
  Object offset: offset_x= -14.089, offset_z=   5.339  (mm)
  Detector : dDx=   0.000, dDy=   0.000, dDz=   0.000  (mm)
  Obj Stage rotY :  -23.298 deg
============================================================

Unity geometry (world coordinates):
  Source   : x=   5.000, y=  60.000, z=   0.000
  Object   : x=   0.424, y=  15.012, z= 558.182
  Detector : x=  -8.000, y=  -5.000, z= 800.000
  Obj rotY :   0.0000 deg
view   0 | SOD= 565.622 mm | SDD= 802.742 mm | M= 1.419 | incident=4.7367°
[[-205.73349    -524.955       -44.987747  ]
 [  98.73267     214.95671      20.01225   ]
 [   0.13740201   -0.05916795    0.        ]
 [   0.            0.            0.1496    ]]
Residual vector length: 12, Jacobian shape: (12, 6)
view   0 | SOD= 565.622 mm | SDD= 802.742 mm | M= 1.419 | incident=4.7367°
[[-205.73344    -524.9549      -44.98739   ]
 [  98.73264     214.95686      20.012611  ]
 [   0.13740201   -0.05916794    0.        ]
 [   0.            0.            0.1496    ]]

iter 39 cost=165.138072 -> 165.306409 |dtheta|=4.698452e-04  lambda=1.846e+05

============================================================
Iteration 40
============================================================
Theta offsets (Unity frame):
  Source   : dSx=   0.000, dSy=   0.000, dSz=   0.000  (mm)
  Object   : dOx= -17.576, dOy=  -7.988, dOz= -21.818  (mm)
  Object offset: offset_x= -14.089, offset_z=   5.339  (mm)
  Detector : dDx=   0.000, dDy=   0.000, dDz=   0.000  (mm)
  Obj Stage rotY :  -23.298 deg
============================================================

Unity geometry (world coordinates):
  Source   : x=   5.000, y=  60.000, z=   0.000
  Object   : x=   0.424, y=  15.012, z= 558.182
  Detector : x=  -8.000, y=  -5.000, z= 800.000
  Obj rotY :   0.0000 deg
view   0 | SOD= 565.622 mm | SDD= 802.742 mm | M= 1.419 | incident=4.7367°
[[-205.73349    -524.955       -44.987747  ]
 [  98.73267     214.95671      20.01225   ]
 [   0.13740201   -0.05916795    0.        ]
 [   0.            0.            0.1496    ]]
Residual vector length: 12, Jacobian shape: (12, 6)
view   0 | SOD= 565.622 mm | SDD= 802.742 mm | M= 1.419 | incident=4.7367°
[[-205.73349    -524.955       -44.98768   ]
 [  98.73266     214.95673      20.012323  ]
 [   0.13740201   -0.05916795    0.        ]
 [   0.            0.            0.1496    ]]

iter 40 cost=165.138072 -> 165.222348 |dtheta|=9.423927e-05  lambda=9.231e+05

============================================================
Iteration 41
============================================================
Theta offsets (Unity frame):
  Source   : dSx=   0.000, dSy=   0.000, dSz=   0.000  (mm)
  Object   : dOx= -17.576, dOy=  -7.988, dOz= -21.818  (mm)
  Object offset: offset_x= -14.089, offset_z=   5.339  (mm)
  Detector : dDx=   0.000, dDy=   0.000, dDz=   0.000  (mm)
  Obj Stage rotY :  -23.298 deg
============================================================

Unity geometry (world coordinates):
  Source   : x=   5.000, y=  60.000, z=   0.000
  Object   : x=   0.424, y=  15.012, z= 558.182
  Detector : x=  -8.000, y=  -5.000, z= 800.000
  Obj rotY :   0.0000 deg
view   0 | SOD= 565.622 mm | SDD= 802.742 mm | M= 1.419 | incident=4.7367°
[[-205.73349    -524.955       -44.987747  ]
 [  98.73267     214.95671      20.01225   ]
 [   0.13740201   -0.05916795    0.        ]
 [   0.            0.            0.1496    ]]
Residual vector length: 12, Jacobian shape: (12, 6)
view   0 | SOD= 565.622 mm | SDD= 802.742 mm | M= 1.419 | incident=4.7367°
[[-205.73349    -524.955       -44.987682  ]
 [  98.73266     214.95673      20.012318  ]
 [   0.13740201   -0.05916795    0.        ]
 [   0.            0.            0.1496    ]]

iter 41 cost=165.138072 -> 165.222348 |dtheta|=8.699708e-05  lambda=1.000e+06

============================================================
Iteration 42
============================================================
Theta offsets (Unity frame):
  Source   : dSx=   0.000, dSy=   0.000, dSz=   0.000  (mm)
  Object   : dOx= -17.576, dOy=  -7.988, dOz= -21.818  (mm)
  Object offset: offset_x= -14.089, offset_z=   5.339  (mm)
  Detector : dDx=   0.000, dDy=   0.000, dDz=   0.000  (mm)
  Obj Stage rotY :  -23.298 deg
============================================================

Unity geometry (world coordinates):
  Source   : x=   5.000, y=  60.000, z=   0.000
  Object   : x=   0.424, y=  15.012, z= 558.182
  Detector : x=  -8.000, y=  -5.000, z= 800.000
  Obj rotY :   0.0000 deg
view   0 | SOD= 565.622 mm | SDD= 802.742 mm | M= 1.419 | incident=4.7367°
[[-205.73349    -524.955       -44.987747  ]
 [  98.73267     214.95671      20.01225   ]
 [   0.13740201   -0.05916795    0.        ]
 [   0.            0.            0.1496    ]]
Residual vector length: 12, Jacobian shape: (12, 6)
view   0 | SOD= 565.622 mm | SDD= 802.742 mm | M= 1.419 | incident=4.7367°
[[-205.73349    -524.955       -44.987682  ]
 [  98.73266     214.95673      20.012318  ]
 [   0.13740201   -0.05916795    0.        ]
 [   0.            0.            0.1496    ]]

iter 42 cost=165.138072 -> 165.222348 |dtheta|=8.699708e-05  lambda=1.000e+06

============================================================
Iteration 43
============================================================
Theta offsets (Unity frame):
  Source   : dSx=   0.000, dSy=   0.000, dSz=   0.000  (mm)
  Object   : dOx= -17.576, dOy=  -7.988, dOz= -21.818  (mm)
  Object offset: offset_x= -14.089, offset_z=   5.339  (mm)
  Detector : dDx=   0.000, dDy=   0.000, dDz=   0.000  (mm)
  Obj Stage rotY :  -23.298 deg
============================================================

Unity geometry (world coordinates):
  Source   : x=   5.000, y=  60.000, z=   0.000
  Object   : x=   0.424, y=  15.012, z= 558.182
  Detector : x=  -8.000, y=  -5.000, z= 800.000
  Obj rotY :   0.0000 deg
view   0 | SOD= 565.622 mm | SDD= 802.742 mm | M= 1.419 | incident=4.7367°
[[-205.73349    -524.955       -44.987747  ]
 [  98.73267     214.95671      20.01225   ]
 [   0.13740201   -0.05916795    0.        ]
 [   0.            0.            0.1496    ]]
Residual vector length: 12, Jacobian shape: (12, 6)
view   0 | SOD= 565.622 mm | SDD= 802.742 mm | M= 1.419 | incident=4.7367°
[[-205.73349    -524.955       -44.987682  ]
 [  98.73266     214.95673      20.012318  ]
 [   0.13740201   -0.05916795    0.        ]
 [   0.            0.            0.1496    ]]

iter 43 cost=165.138072 -> 165.222348 |dtheta|=8.699708e-05  lambda=1.000e+06

============================================================
Iteration 44
============================================================
Theta offsets (Unity frame):
  Source   : dSx=   0.000, dSy=   0.000, dSz=   0.000  (mm)
  Object   : dOx= -17.576, dOy=  -7.988, dOz= -21.818  (mm)
  Object offset: offset_x= -14.089, offset_z=   5.339  (mm)
  Detector : dDx=   0.000, dDy=   0.000, dDz=   0.000  (mm)
  Obj Stage rotY :  -23.298 deg
============================================================

Unity geometry (world coordinates):
  Source   : x=   5.000, y=  60.000, z=   0.000
  Object   : x=   0.424, y=  15.012, z= 558.182
  Detector : x=  -8.000, y=  -5.000, z= 800.000
  Obj rotY :   0.0000 deg
view   0 | SOD= 565.622 mm | SDD= 802.742 mm | M= 1.419 | incident=4.7367°
[[-205.73349    -524.955       -44.987747  ]
 [  98.73267     214.95671      20.01225   ]
 [   0.13740201   -0.05916795    0.        ]
 [   0.            0.            0.1496    ]]
Residual vector length: 12, Jacobian shape: (12, 6)
view   0 | SOD= 565.622 mm | SDD= 802.742 mm | M= 1.419 | incident=4.7367°
[[-205.73349    -524.955       -44.987682  ]
 [  98.73266     214.95673      20.012318  ]
 [   0.13740201   -0.05916795    0.        ]
 [   0.            0.            0.1496    ]]

iter 44 cost=165.138072 -> 165.222348 |dtheta|=8.699708e-05  lambda=1.000e+06

============================================================
Iteration 45
============================================================
Theta offsets (Unity frame):
  Source   : dSx=   0.000, dSy=   0.000, dSz=   0.000  (mm)
  Object   : dOx= -17.576, dOy=  -7.988, dOz= -21.818  (mm)
  Object offset: offset_x= -14.089, offset_z=   5.339  (mm)
  Detector : dDx=   0.000, dDy=   0.000, dDz=   0.000  (mm)
  Obj Stage rotY :  -23.298 deg
============================================================

Unity geometry (world coordinates):
  Source   : x=   5.000, y=  60.000, z=   0.000
  Object   : x=   0.424, y=  15.012, z= 558.182
  Detector : x=  -8.000, y=  -5.000, z= 800.000
  Obj rotY :   0.0000 deg
view   0 | SOD= 565.622 mm | SDD= 802.742 mm | M= 1.419 | incident=4.7367°
[[-205.73349    -524.955       -44.987747  ]
 [  98.73267     214.95671      20.01225   ]
 [   0.13740201   -0.05916795    0.        ]
 [   0.            0.            0.1496    ]]
Residual vector length: 12, Jacobian shape: (12, 6)
view   0 | SOD= 565.622 mm | SDD= 802.742 mm | M= 1.419 | incident=4.7367°
[[-205.73349    -524.955       -44.987682  ]
 [  98.73266     214.95673      20.012318  ]
 [   0.13740201   -0.05916795    0.        ]
 [   0.            0.            0.1496    ]]

iter 45 cost=165.138072 -> 165.222348 |dtheta|=8.699708e-05  lambda=1.000e+06

============================================================
Iteration 46
============================================================
Theta offsets (Unity frame):
  Source   : dSx=   0.000, dSy=   0.000, dSz=   0.000  (mm)
  Object   : dOx= -17.576, dOy=  -7.988, dOz= -21.818  (mm)
  Object offset: offset_x= -14.089, offset_z=   5.339  (mm)
  Detector : dDx=   0.000, dDy=   0.000, dDz=   0.000  (mm)
  Obj Stage rotY :  -23.298 deg
============================================================

Unity geometry (world coordinates):
  Source   : x=   5.000, y=  60.000, z=   0.000
  Object   : x=   0.424, y=  15.012, z= 558.182
  Detector : x=  -8.000, y=  -5.000, z= 800.000
  Obj rotY :   0.0000 deg
view   0 | SOD= 565.622 mm | SDD= 802.742 mm | M= 1.419 | incident=4.7367°
[[-205.73349    -524.955       -44.987747  ]
 [  98.73267     214.95671      20.01225   ]
 [   0.13740201   -0.05916795    0.        ]
 [   0.            0.            0.1496    ]]
Residual vector length: 12, Jacobian shape: (12, 6)
view   0 | SOD= 565.622 mm | SDD= 802.742 mm | M= 1.419 | incident=4.7367°
[[-205.73349    -524.955       -44.987682  ]
 [  98.73266     214.95673      20.012318  ]
 [   0.13740201   -0.05916795    0.        ]
 [   0.            0.            0.1496    ]]

iter 46 cost=165.138072 -> 165.222348 |dtheta|=8.699708e-05  lambda=1.000e+06

============================================================
Iteration 47
============================================================
Theta offsets (Unity frame):
  Source   : dSx=   0.000, dSy=   0.000, dSz=   0.000  (mm)
  Object   : dOx= -17.576, dOy=  -7.988, dOz= -21.818  (mm)
  Object offset: offset_x= -14.089, offset_z=   5.339  (mm)
  Detector : dDx=   0.000, dDy=   0.000, dDz=   0.000  (mm)
  Obj Stage rotY :  -23.298 deg
============================================================

Unity geometry (world coordinates):
  Source   : x=   5.000, y=  60.000, z=   0.000
  Object   : x=   0.424, y=  15.012, z= 558.182
  Detector : x=  -8.000, y=  -5.000, z= 800.000
  Obj rotY :   0.0000 deg
view   0 | SOD= 565.622 mm | SDD= 802.742 mm | M= 1.419 | incident=4.7367°
[[-205.73349    -524.955       -44.987747  ]
 [  98.73267     214.95671      20.01225   ]
 [   0.13740201   -0.05916795    0.        ]
 [   0.            0.            0.1496    ]]
Residual vector length: 12, Jacobian shape: (12, 6)
view   0 | SOD= 565.622 mm | SDD= 802.742 mm | M= 1.419 | incident=4.7367°
[[-205.73349    -524.955       -44.987682  ]
 [  98.73266     214.95673      20.012318  ]
 [   0.13740201   -0.05916795    0.        ]
 [   0.            0.            0.1496    ]]

iter 47 cost=165.138072 -> 165.222348 |dtheta|=8.699708e-05  lambda=1.000e+06
Stalled.

Estimated theta:
  dSx: +0.000000
  dSy: +0.000000
  dOx: -17.576490
  dOy: -7.987749
  dOz: -21.818050
  dDx: +0.000000
  dDy: +0.000000
  dDz: +0.000000
alpha: -2.329764e+01 deg)
offset_x: -14.088742
offset_z: +5.338797

Final cost table:
Fake theta: [  0.   0. -18.  -8. -25.   0.   0.   0.  25.   0.   0.]
Final estimated theta: [  0.           0.         -17.57648999  -7.98774925 -21.81805004
   0.           0.           0.         -23.29764244 -14.08874215
   5.33879715]
Diff from Expected: [  0.           0.           0.42351001   0.01225075   3.18194996
   0.           0.           0.         -48.29764244 -14.08874215
   5.33879715]
################################################################################

