Phantom already exists, skipping: cuboid_phantom_3_normal.npy

################################################################################
Running cuboid=normal scenario=G1 N_ANGLES=9, K=3
view   0 | SOD= 565.750 mm | SDD= 721.227 mm | M= 1.275 | incident=3.3432°
[[  57.21255    -562.1528      -28.        ]
 [ -18.490114    153.9744       12.        ]
 [   0.14903073    0.0130385     0.        ]
 [   0.            0.            0.1496    ]]
          image          x1          y1  area1          x2          y2  area2          x3          y3  area3
0  proj_000.png  542.328271  120.906542    856  452.925197  343.459318    762  542.294187  595.473310    843
1  proj_001.png  432.023283  120.933644    859  556.726552  343.704095    757  432.047619  595.089431    861
2  proj_002.png  354.069628  120.657863    833  634.229487  347.080769    780  354.034731  587.620359    835
3  proj_003.png  345.028061  120.595663    784  649.621455  352.403206    811  345.051965  577.315589    789
4  proj_004.png  405.335121  120.356568    746  591.929257  356.946043    834  405.348806  568.854111    754
5  proj_005.png  505.200793  120.332893    757  486.622685  358.679398    864  505.280632  565.920949    759
6  proj_006.png  601.431877  120.392031    778  385.983432  356.489941    845  601.380282  569.724712    781
7  proj_007.png  651.182390  120.611321    795  340.133907  351.636364    814  651.224439  578.655860    802
8  proj_008.png  629.246944  120.726161    818  367.900131  346.533509    761  629.284672  588.998783    822

============================================================
Iteration 0
============================================================
Theta offsets (Unity frame):
  Source   : dSx=   0.000, dSy=   0.000, dSz=   0.000  (mm)
  Object   : dOx=   0.000, dOy=   0.000, dOz=   0.000  (mm)
  Object offset: offset_x=   0.000, offset_z=   0.000  (mm)
  Detector : dDx=   0.000, dDy=   0.000, dDz=   0.000  (mm)
  Obj Stage rotY :    0.000 deg
============================================================

Unity geometry (world coordinates):
  Source   : x=   8.000, y=  50.000, z=   0.000
  Object   : x=   6.000, y=  28.000, z= 577.000
  Detector : x=  -5.000, y=  10.000, z= 720.000
  Obj rotY :   0.0000 deg
view   0 | SOD= 577.423 mm | SDD= 721.227 mm | M= 1.249 | incident=3.3432°
[[   2.     -577.      -22.    ]
 [ -11.      143.       18.    ]
 [   0.1496    0.        0.    ]
 [   0.        0.        0.1496]]
Residual vector length: 81, Jacobian shape: (81, 6)
view   0 | SOD= 573.999 mm | SDD= 721.227 mm | M= 1.256 | incident=3.3432°
[[  79.515625   -567.7855      -27.778477  ]
 [ -23.671228    144.90059      12.221523  ]
 [   0.14841905    0.01876015    0.        ]
 [   0.            0.            0.1496    ]]

iter 00 cost=80461.670422 -> 1688.215597 |dtheta|=1.135028e+01  lambda=1.000e-02

============================================================
Iteration 1
============================================================
Theta offsets (Unity frame):
  Source   : dSx=   0.000, dSy=   0.000, dSz=   0.000  (mm)
  Object   : dOx=  -5.555, dOy=  -5.778, dOz=  -3.554  (mm)
  Object offset: offset_x=  -0.131, offset_z=  -0.171  (mm)
  Detector : dDx=   0.000, dDy=   0.000, dDz=   0.000  (mm)
  Obj Stage rotY :    7.204 deg
============================================================

Unity geometry (world coordinates):
  Source   : x=   8.000, y=  50.000, z=   0.000
  Object   : x=   0.445, y=  22.222, z= 573.446
  Detector : x=  -5.000, y=  10.000, z= 720.000
  Obj rotY :   0.0000 deg
view   0 | SOD= 573.999 mm | SDD= 721.227 mm | M= 1.256 | incident=3.3432°
[[  79.515625   -567.7855      -27.778477  ]
 [ -23.671228    144.90059      12.221523  ]
 [   0.14841905    0.01876015    0.        ]
 [   0.            0.            0.1496    ]]
Residual vector length: 81, Jacobian shape: (81, 6)
view   0 | SOD= 571.533 mm | SDD= 721.227 mm | M= 1.262 | incident=3.3432°
[[  64.64135    -567.169       -28.112926  ]
 [ -19.48687     148.01727      11.8870735 ]
 [   0.14886689    0.0147921     0.        ]
 [   0.            0.            0.1496    ]]

iter 01 cost=1688.215597 -> 371.452345 |dtheta|=3.058694e+00  lambda=3.333e-03

============================================================
Iteration 2
============================================================
Theta offsets (Unity frame):
  Source   : dSx=   0.000, dSy=   0.000, dSz=   0.000  (mm)
  Object   : dOx=  -6.078, dOy=  -6.113, dOz=  -6.128  (mm)
  Object offset: offset_x=  -0.167, offset_z=  -0.091  (mm)
  Detector : dDx=   0.000, dDy=   0.000, dDz=   0.000  (mm)
  Obj Stage rotY :    5.675 deg
============================================================

Unity geometry (world coordinates):
  Source   : x=   8.000, y=  50.000, z=   0.000
  Object   : x=  -0.078, y=  21.887, z= 570.872
  Detector : x=  -5.000, y=  10.000, z= 720.000
  Obj rotY :   0.0000 deg
view   0 | SOD= 571.533 mm | SDD= 721.227 mm | M= 1.262 | incident=3.3432°
[[  64.64135    -567.169       -28.112926  ]
 [ -19.48687     148.01727      11.8870735 ]
 [   0.14886689    0.0147921     0.        ]
 [   0.            0.            0.1496    ]]
Residual vector length: 81, Jacobian shape: (81, 6)
view   0 | SOD= 570.223 mm | SDD= 721.227 mm | M= 1.265 | incident=3.3432°
[[  58.99386    -566.4642      -28.138653  ]
 [ -18.438766    149.47798      11.861347  ]
 [   0.1489988     0.01339852    0.        ]
 [   0.            0.            0.1496    ]]

iter 02 cost=371.452345 -> 166.987359 |dtheta|=1.512183e+00  lambda=1.111e-03

============================================================
Iteration 3
============================================================
Theta offsets (Unity frame):
  Source   : dSx=   0.000, dSy=   0.000, dSz=   0.000  (mm)
  Object   : dOx=  -6.085, dOy=  -6.139, dOz=  -7.521  (mm)
  Object offset: offset_x=   0.062, offset_z=  -0.008  (mm)
  Detector : dDx=   0.000, dDy=   0.000, dDz=   0.000  (mm)
  Obj Stage rotY :    5.138 deg
============================================================

Unity geometry (world coordinates):
  Source   : x=   8.000, y=  50.000, z=   0.000
  Object   : x=  -0.085, y=  21.861, z= 569.479
  Detector : x=  -5.000, y=  10.000, z= 720.000
  Obj rotY :   0.0000 deg
view   0 | SOD= 570.223 mm | SDD= 721.227 mm | M= 1.265 | incident=3.3432°
[[  58.99386    -566.4642      -28.138653  ]
 [ -18.438766    149.47798      11.861347  ]
 [   0.1489988     0.01339852    0.        ]
 [   0.            0.            0.1496    ]]
Residual vector length: 81, Jacobian shape: (81, 6)
view   0 | SOD= 568.176 mm | SDD= 721.227 mm | M= 1.269 | incident=3.3432°
[[  60.67892    -564.22656     -28.123167  ]
 [ -19.135458    151.45401      11.876833  ]
 [   0.14895338    0.01389422    0.        ]
 [   0.            0.            0.1496    ]]

iter 03 cost=166.987359 -> 55.356264 |dtheta|=2.055325e+00  lambda=3.704e-04

============================================================
Iteration 4
============================================================
Theta offsets (Unity frame):
  Source   : dSx=   0.000, dSy=   0.000, dSz=   0.000  (mm)
  Object   : dOx=  -6.036, dOy=  -6.123, dOz=  -9.566  (mm)
  Object offset: offset_x=   0.022, offset_z=  -0.010  (mm)
  Detector : dDx=   0.000, dDy=   0.000, dDz=   0.000  (mm)
  Obj Stage rotY :    5.329 deg
============================================================

Unity geometry (world coordinates):
  Source   : x=   8.000, y=  50.000, z=   0.000
  Object   : x=  -0.036, y=  21.877, z= 567.434
  Detector : x=  -5.000, y=  10.000, z= 720.000
  Obj rotY :   0.0000 deg
view   0 | SOD= 568.176 mm | SDD= 721.227 mm | M= 1.269 | incident=3.3432°
[[  60.67892    -564.22656     -28.123167  ]
 [ -19.135458    151.45401      11.876833  ]
 [   0.14895338    0.01389422    0.        ]
 [   0.            0.            0.1496    ]]
Residual vector length: 81, Jacobian shape: (81, 6)
view   0 | SOD= 567.178 mm | SDD= 721.227 mm | M= 1.272 | incident=3.3432°
[[  58.507053   -563.4537      -28.076513  ]
 [ -18.66035     152.5171       11.923487  ]
 [   0.14900374    0.01334333    0.        ]
 [   0.            0.            0.1496    ]]

iter 04 cost=55.356264 -> 17.437698 |dtheta|=1.033991e+00  lambda=1.235e-04

============================================================
Iteration 5
============================================================
Theta offsets (Unity frame):
  Source   : dSx=   0.000, dSy=   0.000, dSz=   0.000  (mm)
  Object   : dOx=  -6.029, dOy=  -6.077, dOz= -10.577  (mm)
  Object offset: offset_x=   0.012, offset_z=   0.003  (mm)
  Detector : dDx=   0.000, dDy=   0.000, dDz=   0.000  (mm)
  Obj Stage rotY :    5.117 deg
============================================================

Unity geometry (world coordinates):
  Source   : x=   8.000, y=  50.000, z=   0.000
  Object   : x=  -0.029, y=  21.923, z= 566.423
  Detector : x=  -5.000, y=  10.000, z= 720.000
  Obj rotY :   0.0000 deg
view   0 | SOD= 567.178 mm | SDD= 721.227 mm | M= 1.272 | incident=3.3432°
[[  58.507053   -563.4537      -28.076513  ]
 [ -18.66035     152.5171       11.923487  ]
 [   0.14900374    0.01334333    0.        ]
 [   0.            0.            0.1496    ]]
Residual vector length: 81, Jacobian shape: (81, 6)
view   0 | SOD= 566.672 mm | SDD= 721.227 mm | M= 1.273 | incident=3.3432°
[[  57.349037   -563.06433     -28.051395  ]
 [ -18.429874    153.05478      11.948605  ]
 [   0.14902934    0.01305437    0.        ]
 [   0.            0.            0.1496    ]]

iter 05 cost=17.437698 -> 6.897826 |dtheta|=5.287668e-01  lambda=4.115e-05

============================================================
Iteration 6
============================================================
Theta offsets (Unity frame):
  Source   : dSx=   0.000, dSy=   0.000, dSz=   0.000  (mm)
  Object   : dOx=  -6.004, dOy=  -6.051, dOz= -11.093  (mm)
  Object offset: offset_x=   0.007, offset_z=   0.013  (mm)
  Detector : dDx=   0.000, dDy=   0.000, dDz=   0.000  (mm)
  Obj Stage rotY :    5.006 deg
============================================================

Unity geometry (world coordinates):
  Source   : x=   8.000, y=  50.000, z=   0.000
  Object   : x=  -0.004, y=  21.949, z= 565.907
  Detector : x=  -5.000, y=  10.000, z= 720.000
  Obj rotY :   0.0000 deg
view   0 | SOD= 566.672 mm | SDD= 721.227 mm | M= 1.273 | incident=3.3432°
[[  57.349037   -563.06433     -28.051395  ]
 [ -18.429874    153.05478      11.948605  ]
 [   0.14902934    0.01305437    0.        ]
 [   0.            0.            0.1496    ]]
Residual vector length: 81, Jacobian shape: (81, 6)
view   0 | SOD= 566.474 mm | SDD= 721.227 mm | M= 1.273 | incident=3.3432°
[[  57.04036    -562.8971      -28.044487  ]
 [ -18.361704    153.26176      11.955513  ]
 [   0.14903618    0.01297594    0.        ]
 [   0.            0.            0.1496    ]]

iter 06 cost=6.897826 -> 4.743203 |dtheta|=1.846591e-01  lambda=1.372e-05

============================================================
Iteration 7
============================================================
Theta offsets (Unity frame):
  Source   : dSx=   0.000, dSy=   0.000, dSz=   0.000  (mm)
  Object   : dOx=  -6.003, dOy=  -6.044, dOz= -11.274  (mm)
  Object offset: offset_x=   0.002, offset_z=  -0.003  (mm)
  Detector : dDx=   0.000, dDy=   0.000, dDz=   0.000  (mm)
  Obj Stage rotY :    4.976 deg
============================================================

Unity geometry (world coordinates):
  Source   : x=   8.000, y=  50.000, z=   0.000
  Object   : x=  -0.003, y=  21.956, z= 565.726
  Detector : x=  -5.000, y=  10.000, z= 720.000
  Obj rotY :   0.0000 deg
view   0 | SOD= 566.474 mm | SDD= 721.227 mm | M= 1.273 | incident=3.3432°
[[  57.04036    -562.8971      -28.044487  ]
 [ -18.361704    153.26176      11.955513  ]
 [   0.14903618    0.01297594    0.        ]
 [   0.            0.            0.1496    ]]
Residual vector length: 81, Jacobian shape: (81, 6)
view   0 | SOD= 566.286 mm | SDD= 721.227 mm | M= 1.274 | incident=3.3432°
[[  57.285404   -562.6831      -28.033577  ]
 [ -18.462368    153.43932      11.966423  ]
 [   0.14902991    0.01304789    0.        ]
 [   0.            0.            0.1496    ]]

iter 07 cost=4.743203 -> 2.620966 |dtheta|=1.967320e-01  lambda=4.572e-06

============================================================
Iteration 8
============================================================
Theta offsets (Unity frame):
  Source   : dSx=   0.000, dSy=   0.000, dSz=   0.000  (mm)
  Object   : dOx=  -6.001, dOy=  -6.034, dOz= -11.468  (mm)
  Object offset: offset_x=   0.010, offset_z=   0.003  (mm)
  Detector : dDx=   0.000, dDy=   0.000, dDz=   0.000  (mm)
  Obj Stage rotY :    5.004 deg
============================================================

Unity geometry (world coordinates):
  Source   : x=   8.000, y=  50.000, z=   0.000
  Object   : x=  -0.001, y=  21.966, z= 565.532
  Detector : x=  -5.000, y=  10.000, z= 720.000
  Obj rotY :   0.0000 deg
view   0 | SOD= 566.286 mm | SDD= 721.227 mm | M= 1.274 | incident=3.3432°
[[  57.285404   -562.6831      -28.033577  ]
 [ -18.462368    153.43932      11.966423  ]
 [   0.14902991    0.01304789    0.        ]
 [   0.            0.            0.1496    ]]
Residual vector length: 81, Jacobian shape: (81, 6)
view   0 | SOD= 566.171 mm | SDD= 721.227 mm | M= 1.274 | incident=3.3432°
[[  57.545437   -562.542       -28.01761   ]
 [ -18.535524    153.54506      11.982389  ]
 [   0.14902382    0.01311722    0.        ]
 [   0.            0.            0.1496    ]]

iter 08 cost=2.620966 -> 1.499541 |dtheta|=1.268888e-01  lambda=1.524e-06

============================================================
Iteration 9
============================================================
Theta offsets (Unity frame):
  Source   : dSx=   0.000, dSy=   0.000, dSz=   0.000  (mm)
  Object   : dOx=  -6.010, dOy=  -6.018, dOz= -11.590  (mm)
  Object offset: offset_x=   0.011, offset_z=   0.012  (mm)
  Detector : dDx=   0.000, dDy=   0.000, dDz=   0.000  (mm)
  Obj Stage rotY :    5.030 deg
============================================================

Unity geometry (world coordinates):
  Source   : x=   8.000, y=  50.000, z=   0.000
  Object   : x=  -0.010, y=  21.982, z= 565.410
  Detector : x=  -5.000, y=  10.000, z= 720.000
  Obj rotY :   0.0000 deg
view   0 | SOD= 566.171 mm | SDD= 721.227 mm | M= 1.274 | incident=3.3432°
[[  57.545437   -562.542       -28.01761   ]
 [ -18.535524    153.54506      11.982389  ]
 [   0.14902382    0.01311722    0.        ]
 [   0.            0.            0.1496    ]]
Residual vector length: 81, Jacobian shape: (81, 6)
view   0 | SOD= 566.102 mm | SDD= 721.227 mm | M= 1.274 | incident=3.3432°
[[  57.27112    -562.5003      -28.010342  ]
 [ -18.481956    153.62155      11.989658  ]
 [   0.1490298     0.01304899    0.        ]
 [   0.            0.            0.1496    ]]

iter 09 cost=1.499541 -> 1.089566 |dtheta|=7.207061e-02  lambda=1.000e-06

============================================================
Iteration 10
============================================================
Theta offsets (Unity frame):
  Source   : dSx=   0.000, dSy=   0.000, dSz=   0.000  (mm)
  Object   : dOx=  -6.003, dOy=  -6.010, dOz= -11.657  (mm)
  Object offset: offset_x=   0.015, offset_z=   0.009  (mm)
  Detector : dDx=   0.000, dDy=   0.000, dDz=   0.000  (mm)
  Obj Stage rotY :    5.004 deg
============================================================

Unity geometry (world coordinates):
  Source   : x=   8.000, y=  50.000, z=   0.000
  Object   : x=  -0.003, y=  21.990, z= 565.343
  Detector : x=  -5.000, y=  10.000, z= 720.000
  Obj rotY :   0.0000 deg
view   0 | SOD= 566.102 mm | SDD= 721.227 mm | M= 1.274 | incident=3.3432°
[[  57.27112    -562.5003      -28.010342  ]
 [ -18.481956    153.62155      11.989658  ]
 [   0.1490298     0.01304899    0.        ]
 [   0.            0.            0.1496    ]]
Residual vector length: 81, Jacobian shape: (81, 6)
view   0 | SOD= 565.984 mm | SDD= 721.227 mm | M= 1.274 | incident=3.3432°
[[  57.389122   -562.3702      -28.007622  ]
 [ -18.514215    153.73573      11.992378  ]
 [   0.14902706    0.01308026    0.        ]
 [   0.            0.            0.1496    ]]

iter 10 cost=1.089566 -> 0.565450 |dtheta|=1.151854e-01  lambda=1.000e-06

============================================================
Iteration 11
============================================================
Theta offsets (Unity frame):
  Source   : dSx=   0.000, dSy=   0.000, dSz=   0.000  (mm)
  Object   : dOx=  -6.002, dOy=  -6.008, dOz= -11.771  (mm)
  Object offset: offset_x=   0.003, offset_z=   0.005  (mm)
  Detector : dDx=   0.000, dDy=   0.000, dDz=   0.000  (mm)
  Obj Stage rotY :    5.016 deg
============================================================

Unity geometry (world coordinates):
  Source   : x=   8.000, y=  50.000, z=   0.000
  Object   : x=  -0.002, y=  21.992, z= 565.229
  Detector : x=  -5.000, y=  10.000, z= 720.000
  Obj rotY :   0.0000 deg
view   0 | SOD= 565.984 mm | SDD= 721.227 mm | M= 1.274 | incident=3.3432°
[[  57.389122   -562.3702      -28.007622  ]
 [ -18.514215    153.73573      11.992378  ]
 [   0.14902706    0.01308026    0.        ]
 [   0.            0.            0.1496    ]]
Residual vector length: 81, Jacobian shape: (81, 6)
view   0 | SOD= 565.924 mm | SDD= 721.227 mm | M= 1.274 | incident=3.3432°
[[  57.337433   -562.31464     -28.005512  ]
 [ -18.510462    153.79716      11.994488  ]
 [   0.14902808    0.01306872    0.        ]
 [   0.            0.            0.1496    ]]

iter 11 cost=0.565450 -> 0.379802 |dtheta|=6.199292e-02  lambda=1.000e-06

============================================================
Iteration 12
============================================================
Theta offsets (Unity frame):
  Source   : dSx=   0.000, dSy=   0.000, dSz=   0.000  (mm)
  Object   : dOx=  -6.001, dOy=  -6.006, dOz= -11.832  (mm)
  Object offset: offset_x=   0.005, offset_z=   0.006  (mm)
  Detector : dDx=   0.000, dDy=   0.000, dDz=   0.000  (mm)
  Obj Stage rotY :    5.012 deg
============================================================

Unity geometry (world coordinates):
  Source   : x=   8.000, y=  50.000, z=   0.000
  Object   : x=  -0.001, y=  21.994, z= 565.168
  Detector : x=  -5.000, y=  10.000, z= 720.000
  Obj rotY :   0.0000 deg
view   0 | SOD= 565.924 mm | SDD= 721.227 mm | M= 1.274 | incident=3.3432°
[[  57.337433   -562.31464     -28.005512  ]
 [ -18.510462    153.79716      11.994488  ]
 [   0.14902808    0.01306872    0.        ]
 [   0.            0.            0.1496    ]]
Residual vector length: 81, Jacobian shape: (81, 6)
view   0 | SOD= 565.873 mm | SDD= 721.227 mm | M= 1.275 | incident=3.3432°
[[  57.331337   -562.2642      -28.00615   ]
 [ -18.511833    153.84805      11.993851  ]
 [   0.14902817    0.01306774    0.        ]
 [   0.            0.            0.1496    ]]

iter 12 cost=0.379802 -> 0.301578 |dtheta|=4.956154e-02  lambda=1.000e-06

============================================================
Iteration 13
============================================================
Theta offsets (Unity frame):
  Source   : dSx=   0.000, dSy=   0.000, dSz=   0.000  (mm)
  Object   : dOx=  -6.002, dOy=  -6.006, dOz= -11.882  (mm)
  Object offset: offset_x=   0.004, offset_z=   0.005  (mm)
  Detector : dDx=   0.000, dDy=   0.000, dDz=   0.000  (mm)
  Obj Stage rotY :    5.011 deg
============================================================

Unity geometry (world coordinates):
  Source   : x=   8.000, y=  50.000, z=   0.000
  Object   : x=  -0.002, y=  21.994, z= 565.118
  Detector : x=  -5.000, y=  10.000, z= 720.000
  Obj rotY :   0.0000 deg
view   0 | SOD= 565.873 mm | SDD= 721.227 mm | M= 1.275 | incident=3.3432°
[[  57.331337   -562.2642      -28.00615   ]
 [ -18.511833    153.84805      11.993851  ]
 [   0.14902817    0.01306774    0.        ]
 [   0.            0.            0.1496    ]]
Residual vector length: 81, Jacobian shape: (81, 6)
view   0 | SOD= 565.841 mm | SDD= 721.227 mm | M= 1.275 | incident=3.3432°
[[  57.346886   -562.2304      -28.003872  ]
 [ -18.51912     153.87949      11.996128  ]
 [   0.14902775    0.01307249    0.        ]
 [   0.            0.            0.1496    ]]

iter 13 cost=0.301578 -> 0.216824 |dtheta|=3.201413e-02  lambda=1.000e-06

============================================================
Iteration 14
============================================================
Theta offsets (Unity frame):
  Source   : dSx=   0.000, dSy=   0.000, dSz=   0.000  (mm)
  Object   : dOx=  -6.001, dOy=  -6.004, dOz= -11.914  (mm)
  Object offset: offset_x=   0.003, offset_z=   0.004  (mm)
  Detector : dDx=   0.000, dDy=   0.000, dDz=   0.000  (mm)
  Obj Stage rotY :    5.013 deg
============================================================

Unity geometry (world coordinates):
  Source   : x=   8.000, y=  50.000, z=   0.000
  Object   : x=  -0.001, y=  21.996, z= 565.086
  Detector : x=  -5.000, y=  10.000, z= 720.000
  Obj rotY :   0.0000 deg
view   0 | SOD= 565.841 mm | SDD= 721.227 mm | M= 1.275 | incident=3.3432°
[[  57.346886   -562.2304      -28.003872  ]
 [ -18.51912     153.87949      11.996128  ]
 [   0.14902775    0.01307249    0.        ]
 [   0.            0.            0.1496    ]]
Residual vector length: 81, Jacobian shape: (81, 6)
view   0 | SOD= 565.821 mm | SDD= 721.227 mm | M= 1.275 | incident=3.3432°
[[  57.329327   -562.2126      -28.00428   ]
 [ -18.516506    153.8994       11.99572   ]
 [   0.14902812    0.01306829    0.        ]
 [   0.            0.            0.1496    ]]

iter 14 cost=0.216824 -> 0.213010 |dtheta|=1.750098e-02  lambda=1.000e-06

============================================================
Iteration 15
============================================================
Theta offsets (Unity frame):
  Source   : dSx=   0.000, dSy=   0.000, dSz=   0.000  (mm)
  Object   : dOx=  -6.001, dOy=  -6.004, dOz= -11.931  (mm)
  Object offset: offset_x=   0.002, offset_z=   0.002  (mm)
  Detector : dDx=   0.000, dDy=   0.000, dDz=   0.000  (mm)
  Obj Stage rotY :    5.011 deg
============================================================

Unity geometry (world coordinates):
  Source   : x=   8.000, y=  50.000, z=   0.000
  Object   : x=  -0.001, y=  21.996, z= 565.069
  Detector : x=  -5.000, y=  10.000, z= 720.000
  Obj rotY :   0.0000 deg
view   0 | SOD= 565.821 mm | SDD= 721.227 mm | M= 1.275 | incident=3.3432°
[[  57.329327   -562.2126      -28.00428   ]
 [ -18.516506    153.8994       11.99572   ]
 [   0.14902812    0.01306829    0.        ]
 [   0.            0.            0.1496    ]]
Residual vector length: 81, Jacobian shape: (81, 6)
view   0 | SOD= 565.789 mm | SDD= 721.227 mm | M= 1.275 | incident=3.3432°
[[  57.293907   -562.18335     -28.002316  ]
 [ -18.507662    153.93332      11.9976845 ]
 [   0.14902893    0.01305908    0.        ]
 [   0.            0.            0.1496    ]]

iter 15 cost=0.213010 -> 0.168195 |dtheta|=3.372791e-02  lambda=1.000e-06

============================================================
Iteration 16
============================================================
Theta offsets (Unity frame):
  Source   : dSx=   0.000, dSy=   0.000, dSz=   0.000  (mm)
  Object   : dOx=  -6.000, dOy=  -6.002, dOz= -11.964  (mm)
  Object offset: offset_x=  -0.000, offset_z=   0.003  (mm)
  Detector : dDx=   0.000, dDy=   0.000, dDz=   0.000  (mm)
  Obj Stage rotY :    5.008 deg
============================================================

Unity geometry (world coordinates):
  Source   : x=   8.000, y=  50.000, z=   0.000
  Object   : x=   0.000, y=  21.998, z= 565.036
  Detector : x=  -5.000, y=  10.000, z= 720.000
  Obj rotY :   0.0000 deg
view   0 | SOD= 565.789 mm | SDD= 721.227 mm | M= 1.275 | incident=3.3432°
[[  57.293907   -562.18335     -28.002316  ]
 [ -18.507662    153.93332      11.9976845 ]
 [   0.14902893    0.01305908    0.        ]
 [   0.            0.            0.1496    ]]
Residual vector length: 81, Jacobian shape: (81, 6)
view   0 | SOD= 565.788 mm | SDD= 721.227 mm | M= 1.275 | incident=3.3432°
[[  57.257607   -562.18665     -28.002563  ]
 [ -18.498415    153.93489      11.997437  ]
 [   0.14902976    0.0130496     0.        ]
 [   0.            0.            0.1496    ]]

iter 16 cost=0.168195 -> 0.166802 |dtheta|=4.261703e-03  lambda=1.000e-06

============================================================
Iteration 17
============================================================
Theta offsets (Unity frame):
  Source   : dSx=   0.000, dSy=   0.000, dSz=   0.000  (mm)
  Object   : dOx=  -5.999, dOy=  -6.003, dOz= -11.963  (mm)
  Object offset: offset_x=  -0.000, offset_z=   0.001  (mm)
  Detector : dDx=   0.000, dDy=   0.000, dDz=   0.000  (mm)
  Obj Stage rotY :    5.004 deg
============================================================

Unity geometry (world coordinates):
  Source   : x=   8.000, y=  50.000, z=   0.000
  Object   : x=   0.001, y=  21.997, z= 565.037
  Detector : x=  -5.000, y=  10.000, z= 720.000
  Obj rotY :   0.0000 deg
view   0 | SOD= 565.788 mm | SDD= 721.227 mm | M= 1.275 | incident=3.3432°
[[  57.257607   -562.18665     -28.002563  ]
 [ -18.498415    153.93489      11.997437  ]
 [   0.14902976    0.0130496     0.        ]
 [   0.            0.            0.1496    ]]
Residual vector length: 81, Jacobian shape: (81, 6)
view   0 | SOD= 565.786 mm | SDD= 721.227 mm | M= 1.275 | incident=3.3432°
[[  57.26445    -562.1834      -28.002905  ]
 [ -18.501713    153.93704      11.997095  ]
 [   0.14902957    0.01305171    0.        ]
 [   0.            0.            0.1496    ]]

iter 17 cost=0.166802 -> 0.172076 |dtheta|=3.233942e-03  lambda=1.000e-06

============================================================
Iteration 18
============================================================
Theta offsets (Unity frame):
  Source   : dSx=   0.000, dSy=   0.000, dSz=   0.000  (mm)
  Object   : dOx=  -5.999, dOy=  -6.003, dOz= -11.963  (mm)
  Object offset: offset_x=  -0.000, offset_z=   0.001  (mm)
  Detector : dDx=   0.000, dDy=   0.000, dDz=   0.000  (mm)
  Obj Stage rotY :    5.004 deg
============================================================

Unity geometry (world coordinates):
  Source   : x=   8.000, y=  50.000, z=   0.000
  Object   : x=   0.001, y=  21.997, z= 565.037
  Detector : x=  -5.000, y=  10.000, z= 720.000
  Obj rotY :   0.0000 deg
view   0 | SOD= 565.788 mm | SDD= 721.227 mm | M= 1.275 | incident=3.3432°
[[  57.257607   -562.18665     -28.002563  ]
 [ -18.498415    153.93489      11.997437  ]
 [   0.14902976    0.0130496     0.        ]
 [   0.            0.            0.1496    ]]
Residual vector length: 81, Jacobian shape: (81, 6)
view   0 | SOD= 565.786 mm | SDD= 721.227 mm | M= 1.275 | incident=3.3432°
[[  57.26445    -562.1834      -28.002905  ]
 [ -18.501713    153.93704      11.997095  ]
 [   0.14902957    0.01305171    0.        ]
 [   0.            0.            0.1496    ]]

iter 18 cost=0.166802 -> 0.172076 |dtheta|=3.233941e-03  lambda=5.000e-06

============================================================
Iteration 19
============================================================
Theta offsets (Unity frame):
  Source   : dSx=   0.000, dSy=   0.000, dSz=   0.000  (mm)
  Object   : dOx=  -5.999, dOy=  -6.003, dOz= -11.963  (mm)
  Object offset: offset_x=  -0.000, offset_z=   0.001  (mm)
  Detector : dDx=   0.000, dDy=   0.000, dDz=   0.000  (mm)
  Obj Stage rotY :    5.004 deg
============================================================

Unity geometry (world coordinates):
  Source   : x=   8.000, y=  50.000, z=   0.000
  Object   : x=   0.001, y=  21.997, z= 565.037
  Detector : x=  -5.000, y=  10.000, z= 720.000
  Obj rotY :   0.0000 deg
view   0 | SOD= 565.788 mm | SDD= 721.227 mm | M= 1.275 | incident=3.3432°
[[  57.257607   -562.18665     -28.002563  ]
 [ -18.498415    153.93489      11.997437  ]
 [   0.14902976    0.0130496     0.        ]
 [   0.            0.            0.1496    ]]
Residual vector length: 81, Jacobian shape: (81, 6)
view   0 | SOD= 565.786 mm | SDD= 721.227 mm | M= 1.275 | incident=3.3432°
[[  57.26445    -562.1834      -28.002905  ]
 [ -18.501713    153.93704      11.997095  ]
 [   0.14902957    0.01305171    0.        ]
 [   0.            0.            0.1496    ]]

iter 19 cost=0.166802 -> 0.172076 |dtheta|=3.233939e-03  lambda=2.500e-05

============================================================
Iteration 20
============================================================
Theta offsets (Unity frame):
  Source   : dSx=   0.000, dSy=   0.000, dSz=   0.000  (mm)
  Object   : dOx=  -5.999, dOy=  -6.003, dOz= -11.963  (mm)
  Object offset: offset_x=  -0.000, offset_z=   0.001  (mm)
  Detector : dDx=   0.000, dDy=   0.000, dDz=   0.000  (mm)
  Obj Stage rotY :    5.004 deg
============================================================

Unity geometry (world coordinates):
  Source   : x=   8.000, y=  50.000, z=   0.000
  Object   : x=   0.001, y=  21.997, z= 565.037
  Detector : x=  -5.000, y=  10.000, z= 720.000
  Obj rotY :   0.0000 deg
view   0 | SOD= 565.788 mm | SDD= 721.227 mm | M= 1.275 | incident=3.3432°
[[  57.257607   -562.18665     -28.002563  ]
 [ -18.498415    153.93489      11.997437  ]
 [   0.14902976    0.0130496     0.        ]
 [   0.            0.            0.1496    ]]
Residual vector length: 81, Jacobian shape: (81, 6)
view   0 | SOD= 565.786 mm | SDD= 721.227 mm | M= 1.275 | incident=3.3432°
[[  57.26445    -562.1834      -28.002905  ]
 [ -18.501713    153.93704      11.997095  ]
 [   0.14902957    0.01305171    0.        ]
 [   0.            0.            0.1496    ]]

iter 20 cost=0.166802 -> 0.172076 |dtheta|=3.233929e-03  lambda=1.250e-04

============================================================
Iteration 21
============================================================
Theta offsets (Unity frame):
  Source   : dSx=   0.000, dSy=   0.000, dSz=   0.000  (mm)
  Object   : dOx=  -5.999, dOy=  -6.003, dOz= -11.963  (mm)
  Object offset: offset_x=  -0.000, offset_z=   0.001  (mm)
  Detector : dDx=   0.000, dDy=   0.000, dDz=   0.000  (mm)
  Obj Stage rotY :    5.004 deg
============================================================

Unity geometry (world coordinates):
  Source   : x=   8.000, y=  50.000, z=   0.000
  Object   : x=   0.001, y=  21.997, z= 565.037
  Detector : x=  -5.000, y=  10.000, z= 720.000
  Obj rotY :   0.0000 deg
view   0 | SOD= 565.788 mm | SDD= 721.227 mm | M= 1.275 | incident=3.3432°
[[  57.257607   -562.18665     -28.002563  ]
 [ -18.498415    153.93489      11.997437  ]
 [   0.14902976    0.0130496     0.        ]
 [   0.            0.            0.1496    ]]
Residual vector length: 81, Jacobian shape: (81, 6)
view   0 | SOD= 565.786 mm | SDD= 721.227 mm | M= 1.275 | incident=3.3432°
[[  57.26445    -562.1834      -28.002905  ]
 [ -18.501713    153.93704      11.997095  ]
 [   0.14902957    0.01305171    0.        ]
 [   0.            0.            0.1496    ]]

iter 21 cost=0.166802 -> 0.172076 |dtheta|=3.233878e-03  lambda=6.250e-04

============================================================
Iteration 22
============================================================
Theta offsets (Unity frame):
  Source   : dSx=   0.000, dSy=   0.000, dSz=   0.000  (mm)
  Object   : dOx=  -5.999, dOy=  -6.003, dOz= -11.963  (mm)
  Object offset: offset_x=  -0.000, offset_z=   0.001  (mm)
  Detector : dDx=   0.000, dDy=   0.000, dDz=   0.000  (mm)
  Obj Stage rotY :    5.004 deg
============================================================

Unity geometry (world coordinates):
  Source   : x=   8.000, y=  50.000, z=   0.000
  Object   : x=   0.001, y=  21.997, z= 565.037
  Detector : x=  -5.000, y=  10.000, z= 720.000
  Obj rotY :   0.0000 deg
view   0 | SOD= 565.788 mm | SDD= 721.227 mm | M= 1.275 | incident=3.3432°
[[  57.257607   -562.18665     -28.002563  ]
 [ -18.498415    153.93489      11.997437  ]
 [   0.14902976    0.0130496     0.        ]
 [   0.            0.            0.1496    ]]
Residual vector length: 81, Jacobian shape: (81, 6)
view   0 | SOD= 565.786 mm | SDD= 721.227 mm | M= 1.275 | incident=3.3432°
[[  57.264446   -562.1834      -28.002905  ]
 [ -18.501713    153.93704      11.997095  ]
 [   0.14902957    0.01305171    0.        ]
 [   0.            0.            0.1496    ]]

iter 22 cost=0.166802 -> 0.172076 |dtheta|=3.233623e-03  lambda=3.125e-03

============================================================
Iteration 23
============================================================
Theta offsets (Unity frame):
  Source   : dSx=   0.000, dSy=   0.000, dSz=   0.000  (mm)
  Object   : dOx=  -5.999, dOy=  -6.003, dOz= -11.963  (mm)
  Object offset: offset_x=  -0.000, offset_z=   0.001  (mm)
  Detector : dDx=   0.000, dDy=   0.000, dDz=   0.000  (mm)
  Obj Stage rotY :    5.004 deg
============================================================

Unity geometry (world coordinates):
  Source   : x=   8.000, y=  50.000, z=   0.000
  Object   : x=   0.001, y=  21.997, z= 565.037
  Detector : x=  -5.000, y=  10.000, z= 720.000
  Obj rotY :   0.0000 deg
view   0 | SOD= 565.788 mm | SDD= 721.227 mm | M= 1.275 | incident=3.3432°
[[  57.257607   -562.18665     -28.002563  ]
 [ -18.498415    153.93489      11.997437  ]
 [   0.14902976    0.0130496     0.        ]
 [   0.            0.            0.1496    ]]
Residual vector length: 81, Jacobian shape: (81, 6)
view   0 | SOD= 565.786 mm | SDD= 721.227 mm | M= 1.275 | incident=3.3432°
[[  57.264446   -562.1834      -28.002905  ]
 [ -18.501713    153.93704      11.997095  ]
 [   0.14902957    0.01305171    0.        ]
 [   0.            0.            0.1496    ]]

iter 23 cost=0.166802 -> 0.172076 |dtheta|=3.232349e-03  lambda=1.562e-02

============================================================
Iteration 24
============================================================
Theta offsets (Unity frame):
  Source   : dSx=   0.000, dSy=   0.000, dSz=   0.000  (mm)
  Object   : dOx=  -5.999, dOy=  -6.003, dOz= -11.963  (mm)
  Object offset: offset_x=  -0.000, offset_z=   0.001  (mm)
  Detector : dDx=   0.000, dDy=   0.000, dDz=   0.000  (mm)
  Obj Stage rotY :    5.004 deg
============================================================

Unity geometry (world coordinates):
  Source   : x=   8.000, y=  50.000, z=   0.000
  Object   : x=   0.001, y=  21.997, z= 565.037
  Detector : x=  -5.000, y=  10.000, z= 720.000
  Obj rotY :   0.0000 deg
view   0 | SOD= 565.788 mm | SDD= 721.227 mm | M= 1.275 | incident=3.3432°
[[  57.257607   -562.18665     -28.002563  ]
 [ -18.498415    153.93489      11.997437  ]
 [   0.14902976    0.0130496     0.        ]
 [   0.            0.            0.1496    ]]
Residual vector length: 81, Jacobian shape: (81, 6)
view   0 | SOD= 565.786 mm | SDD= 721.227 mm | M= 1.275 | incident=3.3432°
[[  57.264446   -562.1834      -28.002905  ]
 [ -18.50171     153.93704      11.997095  ]
 [   0.14902957    0.01305171    0.        ]
 [   0.            0.            0.1496    ]]

iter 24 cost=0.166802 -> 0.172076 |dtheta|=3.225999e-03  lambda=7.812e-02

============================================================
Iteration 25
============================================================
Theta offsets (Unity frame):
  Source   : dSx=   0.000, dSy=   0.000, dSz=   0.000  (mm)
  Object   : dOx=  -5.999, dOy=  -6.003, dOz= -11.963  (mm)
  Object offset: offset_x=  -0.000, offset_z=   0.001  (mm)
  Detector : dDx=   0.000, dDy=   0.000, dDz=   0.000  (mm)
  Obj Stage rotY :    5.004 deg
============================================================

Unity geometry (world coordinates):
  Source   : x=   8.000, y=  50.000, z=   0.000
  Object   : x=   0.001, y=  21.997, z= 565.037
  Detector : x=  -5.000, y=  10.000, z= 720.000
  Obj rotY :   0.0000 deg
view   0 | SOD= 565.788 mm | SDD= 721.227 mm | M= 1.275 | incident=3.3432°
[[  57.257607   -562.18665     -28.002563  ]
 [ -18.498415    153.93489      11.997437  ]
 [   0.14902976    0.0130496     0.        ]
 [   0.            0.            0.1496    ]]
Residual vector length: 81, Jacobian shape: (81, 6)
view   0 | SOD= 565.786 mm | SDD= 721.227 mm | M= 1.275 | incident=3.3432°
[[  57.264435   -562.1835      -28.002907  ]
 [ -18.501701    153.93698      11.997093  ]
 [   0.14902957    0.01305171    0.        ]
 [   0.            0.            0.1496    ]]

iter 25 cost=0.166802 -> 0.172076 |dtheta|=3.194705e-03  lambda=3.906e-01

============================================================
Iteration 26
============================================================
Theta offsets (Unity frame):
  Source   : dSx=   0.000, dSy=   0.000, dSz=   0.000  (mm)
  Object   : dOx=  -5.999, dOy=  -6.003, dOz= -11.963  (mm)
  Object offset: offset_x=  -0.000, offset_z=   0.001  (mm)
  Detector : dDx=   0.000, dDy=   0.000, dDz=   0.000  (mm)
  Obj Stage rotY :    5.004 deg
============================================================

Unity geometry (world coordinates):
  Source   : x=   8.000, y=  50.000, z=   0.000
  Object   : x=   0.001, y=  21.997, z= 565.037
  Detector : x=  -5.000, y=  10.000, z= 720.000
  Obj rotY :   0.0000 deg
view   0 | SOD= 565.788 mm | SDD= 721.227 mm | M= 1.275 | incident=3.3432°
[[  57.257607   -562.18665     -28.002563  ]
 [ -18.498415    153.93489      11.997437  ]
 [   0.14902976    0.0130496     0.        ]
 [   0.            0.            0.1496    ]]
Residual vector length: 81, Jacobian shape: (81, 6)
view   0 | SOD= 565.786 mm | SDD= 721.227 mm | M= 1.275 | incident=3.3432°
[[  57.264378   -562.1836      -28.00291   ]
 [ -18.501667    153.93686      11.997089  ]
 [   0.14902957    0.01305169    0.        ]
 [   0.            0.            0.1496    ]]

iter 26 cost=0.166802 -> 0.172076 |dtheta|=3.048939e-03  lambda=1.953e+00

============================================================
Iteration 27
============================================================
Theta offsets (Unity frame):
  Source   : dSx=   0.000, dSy=   0.000, dSz=   0.000  (mm)
  Object   : dOx=  -5.999, dOy=  -6.003, dOz= -11.963  (mm)
  Object offset: offset_x=  -0.000, offset_z=   0.001  (mm)
  Detector : dDx=   0.000, dDy=   0.000, dDz=   0.000  (mm)
  Obj Stage rotY :    5.004 deg
============================================================

Unity geometry (world coordinates):
  Source   : x=   8.000, y=  50.000, z=   0.000
  Object   : x=   0.001, y=  21.997, z= 565.037
  Detector : x=  -5.000, y=  10.000, z= 720.000
  Obj rotY :   0.0000 deg
view   0 | SOD= 565.788 mm | SDD= 721.227 mm | M= 1.275 | incident=3.3432°
[[  57.257607   -562.18665     -28.002563  ]
 [ -18.498415    153.93489      11.997437  ]
 [   0.14902976    0.0130496     0.        ]
 [   0.            0.            0.1496    ]]
Residual vector length: 81, Jacobian shape: (81, 6)
view   0 | SOD= 565.787 mm | SDD= 721.227 mm | M= 1.275 | incident=3.3432°
[[  57.264133   -562.18427     -28.002928  ]
 [ -18.50151     153.93626      11.997072  ]
 [   0.14902958    0.0130516     0.        ]
 [   0.            0.            0.1496    ]]

iter 27 cost=0.166802 -> 0.173694 |dtheta|=2.516369e-03  lambda=9.766e+00

============================================================
Iteration 28
============================================================
Theta offsets (Unity frame):
  Source   : dSx=   0.000, dSy=   0.000, dSz=   0.000  (mm)
  Object   : dOx=  -5.999, dOy=  -6.003, dOz= -11.963  (mm)
  Object offset: offset_x=  -0.000, offset_z=   0.001  (mm)
  Detector : dDx=   0.000, dDy=   0.000, dDz=   0.000  (mm)
  Obj Stage rotY :    5.004 deg
============================================================

Unity geometry (world coordinates):
  Source   : x=   8.000, y=  50.000, z=   0.000
  Object   : x=   0.001, y=  21.997, z= 565.037
  Detector : x=  -5.000, y=  10.000, z= 720.000
  Obj rotY :   0.0000 deg
view   0 | SOD= 565.788 mm | SDD= 721.227 mm | M= 1.275 | incident=3.3432°
[[  57.257607   -562.18665     -28.002563  ]
 [ -18.498415    153.93489      11.997437  ]
 [   0.14902976    0.0130496     0.        ]
 [   0.            0.            0.1496    ]]
Residual vector length: 81, Jacobian shape: (81, 6)
view   0 | SOD= 565.788 mm | SDD= 721.227 mm | M= 1.275 | incident=3.3432°
[[  57.263195   -562.1854      -28.002958  ]
 [ -18.501076    153.93521      11.997042  ]
 [   0.1490296     0.01305132    0.        ]
 [   0.            0.            0.1496    ]]

iter 28 cost=0.166802 -> 0.173324 |dtheta|=1.582282e-03  lambda=4.883e+01

============================================================
Iteration 29
============================================================
Theta offsets (Unity frame):
  Source   : dSx=   0.000, dSy=   0.000, dSz=   0.000  (mm)
  Object   : dOx=  -5.999, dOy=  -6.003, dOz= -11.963  (mm)
  Object offset: offset_x=  -0.000, offset_z=   0.001  (mm)
  Detector : dDx=   0.000, dDy=   0.000, dDz=   0.000  (mm)
  Obj Stage rotY :    5.004 deg
============================================================

Unity geometry (world coordinates):
  Source   : x=   8.000, y=  50.000, z=   0.000
  Object   : x=   0.001, y=  21.997, z= 565.037
  Detector : x=  -5.000, y=  10.000, z= 720.000
  Obj rotY :   0.0000 deg
view   0 | SOD= 565.788 mm | SDD= 721.227 mm | M= 1.275 | incident=3.3432°
[[  57.257607   -562.18665     -28.002563  ]
 [ -18.498415    153.93489      11.997437  ]
 [   0.14902976    0.0130496     0.        ]
 [   0.            0.            0.1496    ]]
Residual vector length: 81, Jacobian shape: (81, 6)
view   0 | SOD= 565.788 mm | SDD= 721.227 mm | M= 1.275 | incident=3.3432°
[[  57.260902   -562.1864      -28.00296   ]
 [ -18.500229    153.93457      11.99704   ]
 [   0.14902966    0.01305067    0.        ]
 [   0.            0.            0.1496    ]]

iter 29 cost=0.166802 -> 0.167779 |dtheta|=1.019190e-03  lambda=2.441e+02

============================================================
Iteration 30
============================================================
Theta offsets (Unity frame):
  Source   : dSx=   0.000, dSy=   0.000, dSz=   0.000  (mm)
  Object   : dOx=  -5.999, dOy=  -6.003, dOz= -11.963  (mm)
  Object offset: offset_x=  -0.000, offset_z=   0.001  (mm)
  Detector : dDx=   0.000, dDy=   0.000, dDz=   0.000  (mm)
  Obj Stage rotY :    5.004 deg
============================================================

Unity geometry (world coordinates):
  Source   : x=   8.000, y=  50.000, z=   0.000
  Object   : x=   0.001, y=  21.997, z= 565.037
  Detector : x=  -5.000, y=  10.000, z= 720.000
  Obj rotY :   0.0000 deg
view   0 | SOD= 565.788 mm | SDD= 721.227 mm | M= 1.275 | incident=3.3432°
[[  57.257607   -562.18665     -28.002563  ]
 [ -18.498415    153.93489      11.997437  ]
 [   0.14902976    0.0130496     0.        ]
 [   0.            0.            0.1496    ]]
Residual vector length: 81, Jacobian shape: (81, 6)
view   0 | SOD= 565.788 mm | SDD= 721.227 mm | M= 1.275 | incident=3.3432°
[[  57.258633   -562.1867      -28.002876  ]
 [ -18.499277    153.93462      11.997124  ]
 [   0.14902972    0.01305       0.        ]
 [   0.            0.            0.1496    ]]

iter 30 cost=0.166802 -> 0.168966 |dtheta|=6.215035e-04  lambda=1.221e+03

============================================================
Iteration 31
============================================================
Theta offsets (Unity frame):
  Source   : dSx=   0.000, dSy=   0.000, dSz=   0.000  (mm)
  Object   : dOx=  -5.999, dOy=  -6.003, dOz= -11.963  (mm)
  Object offset: offset_x=  -0.000, offset_z=   0.001  (mm)
  Detector : dDx=   0.000, dDy=   0.000, dDz=   0.000  (mm)
  Obj Stage rotY :    5.004 deg
============================================================

Unity geometry (world coordinates):
  Source   : x=   8.000, y=  50.000, z=   0.000
  Object   : x=   0.001, y=  21.997, z= 565.037
  Detector : x=  -5.000, y=  10.000, z= 720.000
  Obj rotY :   0.0000 deg
view   0 | SOD= 565.788 mm | SDD= 721.227 mm | M= 1.275 | incident=3.3432°
[[  57.257607   -562.18665     -28.002563  ]
 [ -18.498415    153.93489      11.997437  ]
 [   0.14902976    0.0130496     0.        ]
 [   0.            0.            0.1496    ]]
Residual vector length: 81, Jacobian shape: (81, 6)
view   0 | SOD= 565.788 mm | SDD= 721.227 mm | M= 1.275 | incident=3.3432°
[[  57.257824   -562.18665     -28.002708  ]
 [ -18.49869     153.9348       11.997292  ]
 [   0.14902975    0.0130497     0.        ]
 [   0.            0.            0.1496    ]]

iter 31 cost=0.166802 -> 0.162115 |dtheta|=2.379764e-04  lambda=6.104e+03

============================================================
Iteration 32
============================================================
Theta offsets (Unity frame):
  Source   : dSx=   0.000, dSy=   0.000, dSz=   0.000  (mm)
  Object   : dOx=  -5.999, dOy=  -6.003, dOz= -11.963  (mm)
  Object offset: offset_x=  -0.000, offset_z=   0.001  (mm)
  Detector : dDx=   0.000, dDy=   0.000, dDz=   0.000  (mm)
  Obj Stage rotY :    5.004 deg
============================================================

Unity geometry (world coordinates):
  Source   : x=   8.000, y=  50.000, z=   0.000
  Object   : x=   0.001, y=  21.997, z= 565.037
  Detector : x=  -5.000, y=  10.000, z= 720.000
  Obj rotY :   0.0000 deg
view   0 | SOD= 565.788 mm | SDD= 721.227 mm | M= 1.275 | incident=3.3432°
[[  57.257824   -562.18665     -28.002708  ]
 [ -18.49869     153.9348       11.997292  ]
 [   0.14902975    0.0130497     0.        ]
 [   0.            0.            0.1496    ]]
Residual vector length: 81, Jacobian shape: (81, 6)
view   0 | SOD= 565.789 mm | SDD= 721.227 mm | M= 1.275 | incident=3.3432°
[[  57.25814    -562.1871      -28.00283   ]
 [ -18.499128    153.93433      11.9971695 ]
 [   0.14902973    0.01304986    0.        ]
 [   0.            0.            0.1496    ]]

iter 32 cost=0.162115 -> 0.166908 |dtheta|=4.521809e-04  lambda=2.035e+03

============================================================
Iteration 33
============================================================
Theta offsets (Unity frame):
  Source   : dSx=   0.000, dSy=   0.000, dSz=   0.000  (mm)
  Object   : dOx=  -5.999, dOy=  -6.003, dOz= -11.963  (mm)
  Object offset: offset_x=  -0.000, offset_z=   0.001  (mm)
  Detector : dDx=   0.000, dDy=   0.000, dDz=   0.000  (mm)
  Obj Stage rotY :    5.004 deg
============================================================

Unity geometry (world coordinates):
  Source   : x=   8.000, y=  50.000, z=   0.000
  Object   : x=   0.001, y=  21.997, z= 565.037
  Detector : x=  -5.000, y=  10.000, z= 720.000
  Obj rotY :   0.0000 deg
view   0 | SOD= 565.788 mm | SDD= 721.227 mm | M= 1.275 | incident=3.3432°
[[  57.257824   -562.18665     -28.002708  ]
 [ -18.49869     153.9348       11.997292  ]
 [   0.14902975    0.0130497     0.        ]
 [   0.            0.            0.1496    ]]
Residual vector length: 81, Jacobian shape: (81, 6)
view   0 | SOD= 565.788 mm | SDD= 721.227 mm | M= 1.275 | incident=3.3432°
[[  57.25789    -562.18677     -28.002752  ]
 [ -18.498829    153.93466      11.997248  ]
 [   0.14902975    0.01304975    0.        ]
 [   0.            0.            0.1496    ]]

iter 33 cost=0.162115 -> 0.166743 |dtheta|=1.391419e-04  lambda=1.017e+04

============================================================
Iteration 34
============================================================
Theta offsets (Unity frame):
  Source   : dSx=   0.000, dSy=   0.000, dSz=   0.000  (mm)
  Object   : dOx=  -5.999, dOy=  -6.003, dOz= -11.963  (mm)
  Object offset: offset_x=  -0.000, offset_z=   0.001  (mm)
  Detector : dDx=   0.000, dDy=   0.000, dDz=   0.000  (mm)
  Obj Stage rotY :    5.004 deg
============================================================

Unity geometry (world coordinates):
  Source   : x=   8.000, y=  50.000, z=   0.000
  Object   : x=   0.001, y=  21.997, z= 565.037
  Detector : x=  -5.000, y=  10.000, z= 720.000
  Obj rotY :   0.0000 deg
view   0 | SOD= 565.788 mm | SDD= 721.227 mm | M= 1.275 | incident=3.3432°
[[  57.257824   -562.18665     -28.002708  ]
 [ -18.49869     153.9348       11.997292  ]
 [   0.14902975    0.0130497     0.        ]
 [   0.            0.            0.1496    ]]
Residual vector length: 81, Jacobian shape: (81, 6)
view   0 | SOD= 565.788 mm | SDD= 721.227 mm | M= 1.275 | incident=3.3432°
[[  57.25783    -562.18665     -28.00272   ]
 [ -18.498724    153.93478      11.99728   ]
 [   0.14902975    0.01304971    0.        ]
 [   0.            0.            0.1496    ]]

iter 34 cost=0.162115 -> 0.165468 |dtheta|=3.144643e-05  lambda=5.086e+04

============================================================
Iteration 35
============================================================
Theta offsets (Unity frame):
  Source   : dSx=   0.000, dSy=   0.000, dSz=   0.000  (mm)
  Object   : dOx=  -5.999, dOy=  -6.003, dOz= -11.963  (mm)
  Object offset: offset_x=  -0.000, offset_z=   0.001  (mm)
  Detector : dDx=   0.000, dDy=   0.000, dDz=   0.000  (mm)
  Obj Stage rotY :    5.004 deg
============================================================

Unity geometry (world coordinates):
  Source   : x=   8.000, y=  50.000, z=   0.000
  Object   : x=   0.001, y=  21.997, z= 565.037
  Detector : x=  -5.000, y=  10.000, z= 720.000
  Obj rotY :   0.0000 deg
view   0 | SOD= 565.788 mm | SDD= 721.227 mm | M= 1.275 | incident=3.3432°
[[  57.257824   -562.18665     -28.002708  ]
 [ -18.49869     153.9348       11.997292  ]
 [   0.14902975    0.0130497     0.        ]
 [   0.            0.            0.1496    ]]
Residual vector length: 81, Jacobian shape: (81, 6)
view   0 | SOD= 565.788 mm | SDD= 721.227 mm | M= 1.275 | incident=3.3432°
[[  57.257824   -562.18665     -28.00271   ]
 [ -18.498697    153.9348       11.99729   ]
 [   0.14902975    0.01304971    0.        ]
 [   0.            0.            0.1496    ]]

iter 35 cost=0.162115 -> 0.163402 |dtheta|=6.460482e-06  lambda=2.543e+05

============================================================
Iteration 36
============================================================
Theta offsets (Unity frame):
  Source   : dSx=   0.000, dSy=   0.000, dSz=   0.000  (mm)
  Object   : dOx=  -5.999, dOy=  -6.003, dOz= -11.963  (mm)
  Object offset: offset_x=  -0.000, offset_z=   0.001  (mm)
  Detector : dDx=   0.000, dDy=   0.000, dDz=   0.000  (mm)
  Obj Stage rotY :    5.004 deg
============================================================

Unity geometry (world coordinates):
  Source   : x=   8.000, y=  50.000, z=   0.000
  Object   : x=   0.001, y=  21.997, z= 565.037
  Detector : x=  -5.000, y=  10.000, z= 720.000
  Obj rotY :   0.0000 deg
view   0 | SOD= 565.788 mm | SDD= 721.227 mm | M= 1.275 | incident=3.3432°
[[  57.257824   -562.18665     -28.002708  ]
 [ -18.49869     153.9348       11.997292  ]
 [   0.14902975    0.0130497     0.        ]
 [   0.            0.            0.1496    ]]
Residual vector length: 81, Jacobian shape: (81, 6)
view   0 | SOD= 565.788 mm | SDD= 721.227 mm | M= 1.275 | incident=3.3432°
[[  57.257824   -562.18665     -28.002708  ]
 [ -18.498692    153.9348       11.997292  ]
 [   0.14902975    0.0130497     0.        ]
 [   0.            0.            0.1496    ]]

iter 36 cost=0.162115 -> 0.162115 |dtheta|=1.651401e-06  lambda=1.000e+06

============================================================
Iteration 37
============================================================
Theta offsets (Unity frame):
  Source   : dSx=   0.000, dSy=   0.000, dSz=   0.000  (mm)
  Object   : dOx=  -5.999, dOy=  -6.003, dOz= -11.963  (mm)
  Object offset: offset_x=  -0.000, offset_z=   0.001  (mm)
  Detector : dDx=   0.000, dDy=   0.000, dDz=   0.000  (mm)
  Obj Stage rotY :    5.004 deg
============================================================

Unity geometry (world coordinates):
  Source   : x=   8.000, y=  50.000, z=   0.000
  Object   : x=   0.001, y=  21.997, z= 565.037
  Detector : x=  -5.000, y=  10.000, z= 720.000
  Obj rotY :   0.0000 deg
view   0 | SOD= 565.788 mm | SDD= 721.227 mm | M= 1.275 | incident=3.3432°
[[  57.257824   -562.18665     -28.002708  ]
 [ -18.49869     153.9348       11.997292  ]
 [   0.14902975    0.0130497     0.        ]
 [   0.            0.            0.1496    ]]
Residual vector length: 81, Jacobian shape: (81, 6)
view   0 | SOD= 565.788 mm | SDD= 721.227 mm | M= 1.275 | incident=3.3432°
[[  57.257824   -562.18665     -28.002708  ]
 [ -18.498692    153.9348       11.997292  ]
 [   0.14902975    0.0130497     0.        ]
 [   0.            0.            0.1496    ]]

iter 37 cost=0.162115 -> 0.162115 |dtheta|=1.651401e-06  lambda=1.000e+06

============================================================
Iteration 38
============================================================
Theta offsets (Unity frame):
  Source   : dSx=   0.000, dSy=   0.000, dSz=   0.000  (mm)
  Object   : dOx=  -5.999, dOy=  -6.003, dOz= -11.963  (mm)
  Object offset: offset_x=  -0.000, offset_z=   0.001  (mm)
  Detector : dDx=   0.000, dDy=   0.000, dDz=   0.000  (mm)
  Obj Stage rotY :    5.004 deg
============================================================

Unity geometry (world coordinates):
  Source   : x=   8.000, y=  50.000, z=   0.000
  Object   : x=   0.001, y=  21.997, z= 565.037
  Detector : x=  -5.000, y=  10.000, z= 720.000
  Obj rotY :   0.0000 deg
view   0 | SOD= 565.788 mm | SDD= 721.227 mm | M= 1.275 | incident=3.3432°
[[  57.257824   -562.18665     -28.002708  ]
 [ -18.49869     153.9348       11.997292  ]
 [   0.14902975    0.0130497     0.        ]
 [   0.            0.            0.1496    ]]
Residual vector length: 81, Jacobian shape: (81, 6)
view   0 | SOD= 565.788 mm | SDD= 721.227 mm | M= 1.275 | incident=3.3432°
[[  57.257824   -562.18665     -28.002708  ]
 [ -18.498692    153.9348       11.997292  ]
 [   0.14902975    0.0130497     0.        ]
 [   0.            0.            0.1496    ]]

iter 38 cost=0.162115 -> 0.162115 |dtheta|=1.651401e-06  lambda=1.000e+06

============================================================
Iteration 39
============================================================
Theta offsets (Unity frame):
  Source   : dSx=   0.000, dSy=   0.000, dSz=   0.000  (mm)
  Object   : dOx=  -5.999, dOy=  -6.003, dOz= -11.963  (mm)
  Object offset: offset_x=  -0.000, offset_z=   0.001  (mm)
  Detector : dDx=   0.000, dDy=   0.000, dDz=   0.000  (mm)
  Obj Stage rotY :    5.004 deg
============================================================

Unity geometry (world coordinates):
  Source   : x=   8.000, y=  50.000, z=   0.000
  Object   : x=   0.001, y=  21.997, z= 565.037
  Detector : x=  -5.000, y=  10.000, z= 720.000
  Obj rotY :   0.0000 deg
view   0 | SOD= 565.788 mm | SDD= 721.227 mm | M= 1.275 | incident=3.3432°
[[  57.257824   -562.18665     -28.002708  ]
 [ -18.49869     153.9348       11.997292  ]
 [   0.14902975    0.0130497     0.        ]
 [   0.            0.            0.1496    ]]
Residual vector length: 81, Jacobian shape: (81, 6)
view   0 | SOD= 565.788 mm | SDD= 721.227 mm | M= 1.275 | incident=3.3432°
[[  57.257824   -562.18665     -28.002708  ]
 [ -18.498692    153.9348       11.997292  ]
 [   0.14902975    0.0130497     0.        ]
 [   0.            0.            0.1496    ]]

iter 39 cost=0.162115 -> 0.162115 |dtheta|=1.651401e-06  lambda=1.000e+06

============================================================
Iteration 40
============================================================
Theta offsets (Unity frame):
  Source   : dSx=   0.000, dSy=   0.000, dSz=   0.000  (mm)
  Object   : dOx=  -5.999, dOy=  -6.003, dOz= -11.963  (mm)
  Object offset: offset_x=  -0.000, offset_z=   0.001  (mm)
  Detector : dDx=   0.000, dDy=   0.000, dDz=   0.000  (mm)
  Obj Stage rotY :    5.004 deg
============================================================

Unity geometry (world coordinates):
  Source   : x=   8.000, y=  50.000, z=   0.000
  Object   : x=   0.001, y=  21.997, z= 565.037
  Detector : x=  -5.000, y=  10.000, z= 720.000
  Obj rotY :   0.0000 deg
view   0 | SOD= 565.788 mm | SDD= 721.227 mm | M= 1.275 | incident=3.3432°
[[  57.257824   -562.18665     -28.002708  ]
 [ -18.49869     153.9348       11.997292  ]
 [   0.14902975    0.0130497     0.        ]
 [   0.            0.            0.1496    ]]
Residual vector length: 81, Jacobian shape: (81, 6)
view   0 | SOD= 565.788 mm | SDD= 721.227 mm | M= 1.275 | incident=3.3432°
[[  57.257824   -562.18665     -28.002708  ]
 [ -18.498692    153.9348       11.997292  ]
 [   0.14902975    0.0130497     0.        ]
 [   0.            0.            0.1496    ]]

iter 40 cost=0.162115 -> 0.162115 |dtheta|=1.651401e-06  lambda=1.000e+06

============================================================
Iteration 41
============================================================
Theta offsets (Unity frame):
  Source   : dSx=   0.000, dSy=   0.000, dSz=   0.000  (mm)
  Object   : dOx=  -5.999, dOy=  -6.003, dOz= -11.963  (mm)
  Object offset: offset_x=  -0.000, offset_z=   0.001  (mm)
  Detector : dDx=   0.000, dDy=   0.000, dDz=   0.000  (mm)
  Obj Stage rotY :    5.004 deg
============================================================

Unity geometry (world coordinates):
  Source   : x=   8.000, y=  50.000, z=   0.000
  Object   : x=   0.001, y=  21.997, z= 565.037
  Detector : x=  -5.000, y=  10.000, z= 720.000
  Obj rotY :   0.0000 deg
view   0 | SOD= 565.788 mm | SDD= 721.227 mm | M= 1.275 | incident=3.3432°
[[  57.257824   -562.18665     -28.002708  ]
 [ -18.49869     153.9348       11.997292  ]
 [   0.14902975    0.0130497     0.        ]
 [   0.            0.            0.1496    ]]
Residual vector length: 81, Jacobian shape: (81, 6)
view   0 | SOD= 565.788 mm | SDD= 721.227 mm | M= 1.275 | incident=3.3432°
[[  57.257824   -562.18665     -28.002708  ]
 [ -18.498692    153.9348       11.997292  ]
 [   0.14902975    0.0130497     0.        ]
 [   0.            0.            0.1496    ]]

iter 41 cost=0.162115 -> 0.162115 |dtheta|=1.651401e-06  lambda=1.000e+06

============================================================
Iteration 42
============================================================
Theta offsets (Unity frame):
  Source   : dSx=   0.000, dSy=   0.000, dSz=   0.000  (mm)
  Object   : dOx=  -5.999, dOy=  -6.003, dOz= -11.963  (mm)
  Object offset: offset_x=  -0.000, offset_z=   0.001  (mm)
  Detector : dDx=   0.000, dDy=   0.000, dDz=   0.000  (mm)
  Obj Stage rotY :    5.004 deg
============================================================

Unity geometry (world coordinates):
  Source   : x=   8.000, y=  50.000, z=   0.000
  Object   : x=   0.001, y=  21.997, z= 565.037
  Detector : x=  -5.000, y=  10.000, z= 720.000
  Obj rotY :   0.0000 deg
view   0 | SOD= 565.788 mm | SDD= 721.227 mm | M= 1.275 | incident=3.3432°
[[  57.257824   -562.18665     -28.002708  ]
 [ -18.49869     153.9348       11.997292  ]
 [   0.14902975    0.0130497     0.        ]
 [   0.            0.            0.1496    ]]
Residual vector length: 81, Jacobian shape: (81, 6)
view   0 | SOD= 565.788 mm | SDD= 721.227 mm | M= 1.275 | incident=3.3432°
[[  57.257824   -562.18665     -28.002708  ]
 [ -18.498692    153.9348       11.997292  ]
 [   0.14902975    0.0130497     0.        ]
 [   0.            0.            0.1496    ]]

iter 42 cost=0.162115 -> 0.162115 |dtheta|=1.651401e-06  lambda=1.000e+06
Stalled.

Estimated theta:
  dSx: +0.000000
  dSy: +0.000000
  dOx: -5.999356
  dOy: -6.002708
  dOz: -11.962997
  dDx: +0.000000
  dDy: +0.000000
  dDz: +0.000000
alpha: +5.004308e+00 deg)
offset_x: -0.000300
offset_z: +0.001313

Final cost table:
Fake theta: [  0.   0.  -6.  -6. -12.   0.   0.   0.   5.   0.   0.]
Final estimated theta: [  0.           0.          -5.99935584  -6.00270843 -11.96299687
   0.           0.           0.           5.00430814  -0.00030025
   0.00131331]
Diff from Expected: [ 0.          0.          0.00064416 -0.00270843  0.03700313  0.
  0.          0.          0.00430814 -0.00030025  0.00131331]
################################################################################

