Phantom already exists, skipping: cuboid_phantom_1_normal.npy

################################################################################
Running cuboid=normal scenario=G1 N_ANGLES=9, K=1
view   0 | SOD= 565.750 mm | SDD= 721.227 mm | M= 1.275 | incident=3.3432°
[[  57.21255    -562.1528      -28.        ]
 [ -18.490114    153.9744       12.        ]
 [   0.14903073    0.0130385     0.        ]
 [   0.            0.            0.1496    ]]
          image          x1          y1  area1
0  proj_000.png  542.265589  120.922633    866
1  proj_001.png  432.032407  120.883102    864
2  proj_002.png  354.001193  120.687351    838
3  proj_003.png  345.063211  120.572693    791
4  proj_004.png  405.298805  120.365206    753
5  proj_005.png  505.232895  120.284211    760
6  proj_006.png  601.436061  120.441176    782
7  proj_007.png  651.202247  120.605493    801
8  proj_008.png  629.288321  120.750608    822

============================================================
Iteration 0
============================================================
Theta offsets (Unity frame):
  Source   : dSx=   0.000, dSy=   0.000, dSz=   0.000  (mm)
  Object   : dOx=   0.000, dOy=   0.000, dOz=   0.000  (mm)
  Object offset: offset_x=   0.000, offset_z=   0.000  (mm)
  Detector : dDx=   0.000, dDy=   0.000, dDz=   0.000  (mm)
  Obj Stage rotY :    0.000 deg
============================================================

Unity geometry (world coordinates):
  Source   : x=   8.000, y=  50.000, z=   0.000
  Object   : x=   6.000, y=  28.000, z= 577.000
  Detector : x=  -5.000, y=  10.000, z= 720.000
  Obj rotY :   0.0000 deg
view   0 | SOD= 577.423 mm | SDD= 721.227 mm | M= 1.249 | incident=3.3432°
[[   2.     -577.      -22.    ]
 [ -11.      143.       18.    ]
 [   0.1496    0.        0.    ]
 [   0.        0.        0.1496]]
Residual vector length: 18, Jacobian shape: (18, 6)
view   0 | SOD= 597.163 mm | SDD= 721.227 mm | M= 1.208 | incident=3.3432°
[[ -10.422197   -596.4191      -27.922806  ]
 [   2.8716137   123.5755       12.077194  ]
 [   0.14950028   -0.00546147    0.        ]
 [   0.            0.            0.1496    ]]

iter 00 cost=23832.861548 -> 296.261214 |dtheta|=1.951317e+01  lambda=1.000e-02

============================================================
Iteration 1
============================================================
Theta offsets (Unity frame):
  Source   : dSx=   0.000, dSy=   0.000, dSz=   0.000  (mm)
  Object   : dOx=  -6.347, dOy=  -5.923, dOz=  16.903  (mm)
  Object offset: offset_x=  -3.012, offset_z=   2.499  (mm)
  Detector : dDx=   0.000, dDy=   0.000, dDz=   0.000  (mm)
  Obj Stage rotY :   -2.092 deg
============================================================

Unity geometry (world coordinates):
  Source   : x=   8.000, y=  50.000, z=   0.000
  Object   : x=  -0.347, y=  22.077, z= 593.903
  Detector : x=  -5.000, y=  10.000, z= 720.000
  Obj rotY :   0.0000 deg
view   0 | SOD= 597.163 mm | SDD= 721.227 mm | M= 1.208 | incident=3.3432°
[[ -10.422197   -596.4191      -27.922806  ]
 [   2.8716137   123.5755       12.077194  ]
 [   0.14950028   -0.00546147    0.        ]
 [   0.            0.            0.1496    ]]
Residual vector length: 18, Jacobian shape: (18, 6)
view   0 | SOD= 597.255 mm | SDD= 721.227 mm | M= 1.208 | incident=3.3432°
[[ -21.967903   -596.19293     -28.011251  ]
 [   4.1075435   123.45217      11.988749  ]
 [   0.14937973   -0.00811503    0.        ]
 [   0.            0.            0.1496    ]]

iter 01 cost=296.261214 -> 8.479186 |dtheta|=1.656006e+00  lambda=3.333e-03

============================================================
Iteration 2
============================================================
Theta offsets (Unity frame):
  Source   : dSx=   0.000, dSy=   0.000, dSz=   0.000  (mm)
  Object   : dOx=  -6.188, dOy=  -6.011, dOz=  17.675  (mm)
  Object offset: offset_x=  -2.216, offset_z=   1.831  (mm)
  Detector : dDx=   0.000, dDy=   0.000, dDz=   0.000  (mm)
  Obj Stage rotY :   -3.110 deg
============================================================

Unity geometry (world coordinates):
  Source   : x=   8.000, y=  50.000, z=   0.000
  Object   : x=  -0.188, y=  21.989, z= 594.675
  Detector : x=  -5.000, y=  10.000, z= 720.000
  Obj rotY :   0.0000 deg
view   0 | SOD= 597.255 mm | SDD= 721.227 mm | M= 1.208 | incident=3.3432°
[[ -21.967903   -596.19293     -28.011251  ]
 [   4.1075435   123.45217      11.988749  ]
 [   0.14937973   -0.00811503    0.        ]
 [   0.            0.            0.1496    ]]
Residual vector length: 18, Jacobian shape: (18, 6)
view   0 | SOD= 596.966 mm | SDD= 721.227 mm | M= 1.208 | incident=3.3432°
[[ -21.38957    -595.9229      -28.048119  ]
 [   4.1455173   123.741554     11.951881  ]
 [   0.1493858    -0.00800287    0.        ]
 [   0.            0.            0.1496    ]]

iter 02 cost=8.479186 -> 1.503511 |dtheta|=3.039422e-01  lambda=1.111e-03

============================================================
Iteration 3
============================================================
Theta offsets (Unity frame):
  Source   : dSx=   0.000, dSy=   0.000, dSz=   0.000  (mm)
  Object   : dOx=  -6.349, dOy=  -6.048, dOz=  17.433  (mm)
  Object offset: offset_x=  -2.171, offset_z=   1.781  (mm)
  Detector : dDx=   0.000, dDy=   0.000, dDz=   0.000  (mm)
  Obj Stage rotY :   -3.067 deg
============================================================

Unity geometry (world coordinates):
  Source   : x=   8.000, y=  50.000, z=   0.000
  Object   : x=  -0.349, y=  21.952, z= 594.433
  Detector : x=  -5.000, y=  10.000, z= 720.000
  Obj rotY :   0.0000 deg
view   0 | SOD= 596.966 mm | SDD= 721.227 mm | M= 1.208 | incident=3.3432°
[[ -21.38957    -595.9229      -28.048119  ]
 [   4.1455173   123.741554     11.951881  ]
 [   0.1493858    -0.00800287    0.        ]
 [   0.            0.            0.1496    ]]
Residual vector length: 18, Jacobian shape: (18, 6)
view   0 | SOD= 597.535 mm | SDD= 721.227 mm | M= 1.207 | incident=3.3432°
[[ -23.294325   -596.4215      -28.05547   ]
 [   4.492305    123.15952      11.9445305 ]
 [   0.14936002   -0.00847022    0.        ]
 [   0.            0.            0.1496    ]]

iter 03 cost=1.503511 -> 1.720319 |dtheta|=5.487657e-01  lambda=3.704e-04

============================================================
Iteration 4
============================================================
Theta offsets (Unity frame):
  Source   : dSx=   0.000, dSy=   0.000, dSz=   0.000  (mm)
  Object   : dOx=  -6.349, dOy=  -6.048, dOz=  17.433  (mm)
  Object offset: offset_x=  -2.171, offset_z=   1.781  (mm)
  Detector : dDx=   0.000, dDy=   0.000, dDz=   0.000  (mm)
  Obj Stage rotY :   -3.067 deg
============================================================

Unity geometry (world coordinates):
  Source   : x=   8.000, y=  50.000, z=   0.000
  Object   : x=  -0.349, y=  21.952, z= 594.433
  Detector : x=  -5.000, y=  10.000, z= 720.000
  Obj rotY :   0.0000 deg
view   0 | SOD= 596.966 mm | SDD= 721.227 mm | M= 1.208 | incident=3.3432°
[[ -21.38957    -595.9229      -28.048119  ]
 [   4.1455173   123.741554     11.951881  ]
 [   0.1493858    -0.00800287    0.        ]
 [   0.            0.            0.1496    ]]
Residual vector length: 18, Jacobian shape: (18, 6)
view   0 | SOD= 597.535 mm | SDD= 721.227 mm | M= 1.207 | incident=3.3432°
[[ -23.293648   -596.4212      -28.055471  ]
 [   4.4921875   123.1599       11.944529  ]
 [   0.14936003   -0.00847006    0.        ]
 [   0.            0.            0.1496    ]]

iter 04 cost=1.503511 -> 1.720319 |dtheta|=5.484198e-01  lambda=1.852e-03

============================================================
Iteration 5
============================================================
Theta offsets (Unity frame):
  Source   : dSx=   0.000, dSy=   0.000, dSz=   0.000  (mm)
  Object   : dOx=  -6.349, dOy=  -6.048, dOz=  17.433  (mm)
  Object offset: offset_x=  -2.171, offset_z=   1.781  (mm)
  Detector : dDx=   0.000, dDy=   0.000, dDz=   0.000  (mm)
  Obj Stage rotY :   -3.067 deg
============================================================

Unity geometry (world coordinates):
  Source   : x=   8.000, y=  50.000, z=   0.000
  Object   : x=  -0.349, y=  21.952, z= 594.433
  Detector : x=  -5.000, y=  10.000, z= 720.000
  Obj rotY :   0.0000 deg
view   0 | SOD= 596.966 mm | SDD= 721.227 mm | M= 1.208 | incident=3.3432°
[[ -21.38957    -595.9229      -28.048119  ]
 [   4.1455173   123.741554     11.951881  ]
 [   0.1493858    -0.00800287    0.        ]
 [   0.            0.            0.1496    ]]
Residual vector length: 18, Jacobian shape: (18, 6)
view   0 | SOD= 597.533 mm | SDD= 721.227 mm | M= 1.207 | incident=3.3432°
[[ -23.290274   -596.41956     -28.05548   ]
 [   4.4915996   123.16169      11.944521  ]
 [   0.14936008   -0.00846924    0.        ]
 [   0.            0.            0.1496    ]]

iter 05 cost=1.503511 -> 1.720319 |dtheta|=5.466967e-01  lambda=9.259e-03

============================================================
Iteration 6
============================================================
Theta offsets (Unity frame):
  Source   : dSx=   0.000, dSy=   0.000, dSz=   0.000  (mm)
  Object   : dOx=  -6.349, dOy=  -6.048, dOz=  17.433  (mm)
  Object offset: offset_x=  -2.171, offset_z=   1.781  (mm)
  Detector : dDx=   0.000, dDy=   0.000, dDz=   0.000  (mm)
  Obj Stage rotY :   -3.067 deg
============================================================

Unity geometry (world coordinates):
  Source   : x=   8.000, y=  50.000, z=   0.000
  Object   : x=  -0.349, y=  21.952, z= 594.433
  Detector : x=  -5.000, y=  10.000, z= 720.000
  Obj rotY :   0.0000 deg
view   0 | SOD= 596.966 mm | SDD= 721.227 mm | M= 1.208 | incident=3.3432°
[[ -21.38957    -595.9229      -28.048119  ]
 [   4.1455173   123.741554     11.951881  ]
 [   0.1493858    -0.00800287    0.        ]
 [   0.            0.            0.1496    ]]
Residual vector length: 18, Jacobian shape: (18, 6)
view   0 | SOD= 597.524 mm | SDD= 721.227 mm | M= 1.207 | incident=3.3432°
[[ -23.273663   -596.4114      -28.055521  ]
 [   4.4887147   123.17065      11.944479  ]
 [   0.1493603    -0.00846519    0.        ]
 [   0.            0.            0.1496    ]]

iter 06 cost=1.503511 -> 1.720319 |dtheta|=5.382481e-01  lambda=4.630e-02

============================================================
Iteration 7
============================================================
Theta offsets (Unity frame):
  Source   : dSx=   0.000, dSy=   0.000, dSz=   0.000  (mm)
  Object   : dOx=  -6.349, dOy=  -6.048, dOz=  17.433  (mm)
  Object offset: offset_x=  -2.171, offset_z=   1.781  (mm)
  Detector : dDx=   0.000, dDy=   0.000, dDz=   0.000  (mm)
  Obj Stage rotY :   -3.067 deg
============================================================

Unity geometry (world coordinates):
  Source   : x=   8.000, y=  50.000, z=   0.000
  Object   : x=  -0.349, y=  21.952, z= 594.433
  Detector : x=  -5.000, y=  10.000, z= 720.000
  Obj rotY :   0.0000 deg
view   0 | SOD= 596.966 mm | SDD= 721.227 mm | M= 1.208 | incident=3.3432°
[[ -21.38957    -595.9229      -28.048119  ]
 [   4.1455173   123.741554     11.951881  ]
 [   0.1493858    -0.00800287    0.        ]
 [   0.            0.            0.1496    ]]
Residual vector length: 18, Jacobian shape: (18, 6)
view   0 | SOD= 597.484 mm | SDD= 721.227 mm | M= 1.207 | incident=3.3432°
[[ -23.196745   -596.374       -28.055706  ]
 [   4.475286    123.21144      11.944294  ]
 [   0.14936137   -0.00844644    0.        ]
 [   0.            0.            0.1496    ]]

iter 07 cost=1.503511 -> 1.721286 |dtheta|=4.997905e-01  lambda=2.315e-01

============================================================
Iteration 8
============================================================
Theta offsets (Unity frame):
  Source   : dSx=   0.000, dSy=   0.000, dSz=   0.000  (mm)
  Object   : dOx=  -6.349, dOy=  -6.048, dOz=  17.433  (mm)
  Object offset: offset_x=  -2.171, offset_z=   1.781  (mm)
  Detector : dDx=   0.000, dDy=   0.000, dDz=   0.000  (mm)
  Obj Stage rotY :   -3.067 deg
============================================================

Unity geometry (world coordinates):
  Source   : x=   8.000, y=  50.000, z=   0.000
  Object   : x=  -0.349, y=  21.952, z= 594.433
  Detector : x=  -5.000, y=  10.000, z= 720.000
  Obj rotY :   0.0000 deg
view   0 | SOD= 596.966 mm | SDD= 721.227 mm | M= 1.208 | incident=3.3432°
[[ -21.38957    -595.9229      -28.048119  ]
 [   4.1455173   123.741554     11.951881  ]
 [   0.1493858    -0.00800287    0.        ]
 [   0.            0.            0.1496    ]]
Residual vector length: 18, Jacobian shape: (18, 6)
view   0 | SOD= 597.349 mm | SDD= 721.227 mm | M= 1.207 | incident=3.3432°
[[ -22.91623    -596.2491      -28.056292  ]
 [   4.4252505   123.349014     11.943708  ]
 [   0.14936523   -0.00837782    0.        ]
 [   0.            0.            0.1496    ]]

iter 08 cost=1.503511 -> 1.540226 |dtheta|=3.702684e-01  lambda=1.157e+00

============================================================
Iteration 9
============================================================
Theta offsets (Unity frame):
  Source   : dSx=   0.000, dSy=   0.000, dSz=   0.000  (mm)
  Object   : dOx=  -6.349, dOy=  -6.048, dOz=  17.433  (mm)
  Object offset: offset_x=  -2.171, offset_z=   1.781  (mm)
  Detector : dDx=   0.000, dDy=   0.000, dDz=   0.000  (mm)
  Obj Stage rotY :   -3.067 deg
============================================================

Unity geometry (world coordinates):
  Source   : x=   8.000, y=  50.000, z=   0.000
  Object   : x=  -0.349, y=  21.952, z= 594.433
  Detector : x=  -5.000, y=  10.000, z= 720.000
  Obj rotY :   0.0000 deg
view   0 | SOD= 596.966 mm | SDD= 721.227 mm | M= 1.208 | incident=3.3432°
[[ -21.38957    -595.9229      -28.048119  ]
 [   4.1455173   123.741554     11.951881  ]
 [   0.1493858    -0.00800287    0.        ]
 [   0.            0.            0.1496    ]]
Residual vector length: 18, Jacobian shape: (18, 6)
view   0 | SOD= 597.139 mm | SDD= 721.227 mm | M= 1.208 | incident=3.3432°
[[ -22.335238   -596.061       -28.056927  ]
 [   4.3151836   123.56308      11.943073  ]
 [   0.1493732    -0.00823438    0.        ]
 [   0.            0.            0.1496    ]]

iter 09 cost=1.503511 -> 1.459956 |dtheta|=1.700276e-01  lambda=5.787e+00

============================================================
Iteration 10
============================================================
Theta offsets (Unity frame):
  Source   : dSx=   0.000, dSy=   0.000, dSz=   0.000  (mm)
  Object   : dOx=  -6.328, dOy=  -6.057, dOz=  17.572  (mm)
  Object offset: offset_x=  -2.179, offset_z=   1.815  (mm)
  Detector : dDx=   0.000, dDy=   0.000, dDz=   0.000  (mm)
  Obj Stage rotY :   -3.155 deg
============================================================

Unity geometry (world coordinates):
  Source   : x=   8.000, y=  50.000, z=   0.000
  Object   : x=  -0.328, y=  21.943, z= 594.572
  Detector : x=  -5.000, y=  10.000, z= 720.000
  Obj rotY :   0.0000 deg
view   0 | SOD= 597.139 mm | SDD= 721.227 mm | M= 1.208 | incident=3.3432°
[[ -22.335238   -596.061       -28.056927  ]
 [   4.3151836   123.56308      11.943073  ]
 [   0.1493732    -0.00823438    0.        ]
 [   0.            0.            0.1496    ]]
Residual vector length: 18, Jacobian shape: (18, 6)
view   0 | SOD= 596.848 mm | SDD= 721.227 mm | M= 1.208 | incident=3.3432°
[[ -22.488321   -595.7644      -28.05545   ]
 [   4.367457    123.852        11.94455   ]
 [   0.14937085   -0.00827701    0.        ]
 [   0.            0.            0.1496    ]]

iter 10 cost=1.459956 -> 1.447530 |dtheta|=2.783968e-01  lambda=1.929e+00

============================================================
Iteration 11
============================================================
Theta offsets (Unity frame):
  Source   : dSx=   0.000, dSy=   0.000, dSz=   0.000  (mm)
  Object   : dOx=  -6.331, dOy=  -6.055, dOz=  17.294  (mm)
  Object offset: offset_x=  -2.177, offset_z=   1.802  (mm)
  Detector : dDx=   0.000, dDy=   0.000, dDz=   0.000  (mm)
  Obj Stage rotY :   -3.172 deg
============================================================

Unity geometry (world coordinates):
  Source   : x=   8.000, y=  50.000, z=   0.000
  Object   : x=  -0.331, y=  21.945, z= 594.294
  Detector : x=  -5.000, y=  10.000, z= 720.000
  Obj rotY :   0.0000 deg
view   0 | SOD= 596.848 mm | SDD= 721.227 mm | M= 1.208 | incident=3.3432°
[[ -22.488321   -595.7644      -28.05545   ]
 [   4.367457    123.852        11.94455   ]
 [   0.14937085   -0.00827701    0.        ]
 [   0.            0.            0.1496    ]]
Residual vector length: 18, Jacobian shape: (18, 6)
view   0 | SOD= 597.038 mm | SDD= 721.227 mm | M= 1.208 | incident=3.3432°
[[ -22.63038    -595.9489      -28.051617  ]
 [   4.4368124   123.65955      11.948383  ]
 [   0.1493684    -0.00832089    0.        ]
 [   0.            0.            0.1496    ]]

iter 11 cost=1.447530 -> 1.452867 |dtheta|=1.673411e-01  lambda=6.430e-01

============================================================
Iteration 12
============================================================
Theta offsets (Unity frame):
  Source   : dSx=   0.000, dSy=   0.000, dSz=   0.000  (mm)
  Object   : dOx=  -6.331, dOy=  -6.055, dOz=  17.294  (mm)
  Object offset: offset_x=  -2.177, offset_z=   1.802  (mm)
  Detector : dDx=   0.000, dDy=   0.000, dDz=   0.000  (mm)
  Obj Stage rotY :   -3.172 deg
============================================================

Unity geometry (world coordinates):
  Source   : x=   8.000, y=  50.000, z=   0.000
  Object   : x=  -0.331, y=  21.945, z= 594.294
  Detector : x=  -5.000, y=  10.000, z= 720.000
  Obj rotY :   0.0000 deg
view   0 | SOD= 596.848 mm | SDD= 721.227 mm | M= 1.208 | incident=3.3432°
[[ -22.488321   -595.7644      -28.05545   ]
 [   4.367457    123.852        11.94455   ]
 [   0.14937085   -0.00827701    0.        ]
 [   0.            0.            0.1496    ]]
Residual vector length: 18, Jacobian shape: (18, 6)
view   0 | SOD= 596.943 mm | SDD= 721.227 mm | M= 1.208 | incident=3.3432°
[[ -22.53543    -595.8576      -28.053003  ]
 [   4.4130306   123.75535      11.946997  ]
 [   0.14936978   -0.00829625    0.        ]
 [   0.            0.            0.1496    ]]

iter 12 cost=1.447530 -> 1.434641 |dtheta|=8.106280e-02  lambda=3.215e+00

============================================================
Iteration 13
============================================================
Theta offsets (Unity frame):
  Source   : dSx=   0.000, dSy=   0.000, dSz=   0.000  (mm)
  Object   : dOx=  -6.336, dOy=  -6.053, dOz=  17.365  (mm)
  Object offset: offset_x=  -2.207, offset_z=   1.825  (mm)
  Detector : dDx=   0.000, dDy=   0.000, dDz=   0.000  (mm)
  Obj Stage rotY :   -3.179 deg
============================================================

Unity geometry (world coordinates):
  Source   : x=   8.000, y=  50.000, z=   0.000
  Object   : x=  -0.336, y=  21.947, z= 594.365
  Detector : x=  -5.000, y=  10.000, z= 720.000
  Obj rotY :   0.0000 deg
view   0 | SOD= 596.943 mm | SDD= 721.227 mm | M= 1.208 | incident=3.3432°
[[ -22.53543    -595.8576      -28.053003  ]
 [   4.4130306   123.75535      11.946997  ]
 [   0.14936978   -0.00829625    0.        ]
 [   0.            0.            0.1496    ]]
Residual vector length: 18, Jacobian shape: (18, 6)
view   0 | SOD= 597.084 mm | SDD= 721.227 mm | M= 1.208 | incident=3.3432°
[[ -23.032429   -595.9795      -28.056902  ]
 [   4.5004435   123.611305     11.943098  ]
 [   0.149363     -0.00841755    0.        ]
 [   0.            0.            0.1496    ]]

iter 13 cost=1.434641 -> 1.376198 |dtheta|=1.546408e-01  lambda=1.072e+00

============================================================
Iteration 14
============================================================
Theta offsets (Unity frame):
  Source   : dSx=   0.000, dSy=   0.000, dSz=   0.000  (mm)
  Object   : dOx=  -6.339, dOy=  -6.057, dOz=  17.512  (mm)
  Object offset: offset_x=  -2.199, offset_z=   1.819  (mm)
  Detector : dDx=   0.000, dDy=   0.000, dDz=   0.000  (mm)
  Obj Stage rotY :   -3.226 deg
============================================================

Unity geometry (world coordinates):
  Source   : x=   8.000, y=  50.000, z=   0.000
  Object   : x=  -0.339, y=  21.943, z= 594.512
  Detector : x=  -5.000, y=  10.000, z= 720.000
  Obj rotY :   0.0000 deg
view   0 | SOD= 597.084 mm | SDD= 721.227 mm | M= 1.208 | incident=3.3432°
[[ -23.032429   -595.9795      -28.056902  ]
 [   4.5004435   123.611305     11.943098  ]
 [   0.149363     -0.00841755    0.        ]
 [   0.            0.            0.1496    ]]
Residual vector length: 18, Jacobian shape: (18, 6)
view   0 | SOD= 596.772 mm | SDD= 721.227 mm | M= 1.209 | incident=3.3432°
[[ -23.16779    -595.66144     -28.053596  ]
 [   4.5921326   123.92063      11.9464035 ]
 [   0.14936033   -0.00846468    0.        ]
 [   0.            0.            0.1496    ]]

iter 14 cost=1.376198 -> 1.541679 |dtheta|=3.111585e-01  lambda=3.572e-01

============================================================
Iteration 15
============================================================
Theta offsets (Unity frame):
  Source   : dSx=   0.000, dSy=   0.000, dSz=   0.000  (mm)
  Object   : dOx=  -6.339, dOy=  -6.057, dOz=  17.512  (mm)
  Object offset: offset_x=  -2.199, offset_z=   1.819  (mm)
  Detector : dDx=   0.000, dDy=   0.000, dDz=   0.000  (mm)
  Obj Stage rotY :   -3.226 deg
============================================================

Unity geometry (world coordinates):
  Source   : x=   8.000, y=  50.000, z=   0.000
  Object   : x=  -0.339, y=  21.943, z= 594.512
  Detector : x=  -5.000, y=  10.000, z= 720.000
  Obj rotY :   0.0000 deg
view   0 | SOD= 597.084 mm | SDD= 721.227 mm | M= 1.208 | incident=3.3432°
[[ -23.032429   -595.9795      -28.056902  ]
 [   4.5004435   123.611305     11.943098  ]
 [   0.149363     -0.00841755    0.        ]
 [   0.            0.            0.1496    ]]
Residual vector length: 18, Jacobian shape: (18, 6)
view   0 | SOD= 596.851 mm | SDD= 721.227 mm | M= 1.208 | incident=3.3432°
[[ -23.147757   -595.74207     -28.052717  ]
 [   4.5791154   123.84129      11.947283  ]
 [   0.14936072   -0.00845782    0.        ]
 [   0.            0.            0.1496    ]]

iter 15 cost=1.376198 -> 1.478545 |dtheta|=2.334626e-01  lambda=1.786e+00

============================================================
Iteration 16
============================================================
Theta offsets (Unity frame):
  Source   : dSx=   0.000, dSy=   0.000, dSz=   0.000  (mm)
  Object   : dOx=  -6.339, dOy=  -6.057, dOz=  17.512  (mm)
  Object offset: offset_x=  -2.199, offset_z=   1.819  (mm)
  Detector : dDx=   0.000, dDy=   0.000, dDz=   0.000  (mm)
  Obj Stage rotY :   -3.226 deg
============================================================

Unity geometry (world coordinates):
  Source   : x=   8.000, y=  50.000, z=   0.000
  Object   : x=  -0.339, y=  21.943, z= 594.512
  Detector : x=  -5.000, y=  10.000, z= 720.000
  Obj rotY :   0.0000 deg
view   0 | SOD= 597.084 mm | SDD= 721.227 mm | M= 1.208 | incident=3.3432°
[[ -23.032429   -595.9795      -28.056902  ]
 [   4.5004435   123.611305     11.943098  ]
 [   0.149363     -0.00841755    0.        ]
 [   0.            0.            0.1496    ]]
Residual vector length: 18, Jacobian shape: (18, 6)
view   0 | SOD= 596.982 mm | SDD= 721.227 mm | M= 1.208 | incident=3.3432°
[[ -23.082644   -595.8761      -28.051382  ]
 [   4.548671    123.71095      11.948618  ]
 [   0.14936185   -0.00843798    0.        ]
 [   0.            0.            0.1496    ]]

iter 16 cost=1.376198 -> 1.433028 |dtheta|=1.052619e-01  lambda=8.931e+00

============================================================
Iteration 17
============================================================
Theta offsets (Unity frame):
  Source   : dSx=   0.000, dSy=   0.000, dSz=   0.000  (mm)
  Object   : dOx=  -6.339, dOy=  -6.057, dOz=  17.512  (mm)
  Object offset: offset_x=  -2.199, offset_z=   1.819  (mm)
  Detector : dDx=   0.000, dDy=   0.000, dDz=   0.000  (mm)
  Obj Stage rotY :   -3.226 deg
============================================================

Unity geometry (world coordinates):
  Source   : x=   8.000, y=  50.000, z=   0.000
  Object   : x=  -0.339, y=  21.943, z= 594.512
  Detector : x=  -5.000, y=  10.000, z= 720.000
  Obj rotY :   0.0000 deg
view   0 | SOD= 597.084 mm | SDD= 721.227 mm | M= 1.208 | incident=3.3432°
[[ -23.032429   -595.9795      -28.056902  ]
 [   4.5004435   123.611305     11.943098  ]
 [   0.149363     -0.00841755    0.        ]
 [   0.            0.            0.1496    ]]
Residual vector length: 18, Jacobian shape: (18, 6)
view   0 | SOD= 597.058 mm | SDD= 721.227 mm | M= 1.208 | incident=3.3432°
[[ -22.999704   -595.9552      -28.050983  ]
 [   4.517283    123.63622      11.949017  ]
 [   0.14936318   -0.00841425    0.        ]
 [   0.            0.            0.1496    ]]

iter 17 cost=1.376198 -> 1.362513 |dtheta|=3.222288e-02  lambda=4.465e+01

============================================================
Iteration 18
============================================================
Theta offsets (Unity frame):
  Source   : dSx=   0.000, dSy=   0.000, dSz=   0.000  (mm)
  Object   : dOx=  -6.340, dOy=  -6.051, dOz=  17.485  (mm)
  Object offset: offset_x=  -2.216, offset_z=   1.820  (mm)
  Detector : dDx=   0.000, dDy=   0.000, dDz=   0.000  (mm)
  Obj Stage rotY :   -3.224 deg
============================================================

Unity geometry (world coordinates):
  Source   : x=   8.000, y=  50.000, z=   0.000
  Object   : x=  -0.340, y=  21.949, z= 594.485
  Detector : x=  -5.000, y=  10.000, z= 720.000
  Obj rotY :   0.0000 deg
view   0 | SOD= 597.058 mm | SDD= 721.227 mm | M= 1.208 | incident=3.3432°
[[ -22.999704   -595.9552      -28.050983  ]
 [   4.517283    123.63622      11.949017  ]
 [   0.14936318   -0.00841425    0.        ]
 [   0.            0.            0.1496    ]]
Residual vector length: 18, Jacobian shape: (18, 6)
view   0 | SOD= 597.120 mm | SDD= 721.227 mm | M= 1.208 | incident=3.3432°
[[ -22.84658    -596.0225      -28.053883  ]
 [   4.454223    123.57716      11.946117  ]
 [   0.14936571   -0.00836938    0.        ]
 [   0.            0.            0.1496    ]]

iter 18 cost=1.362513 -> 1.373216 |dtheta|=6.186662e-02  lambda=1.488e+01

============================================================
Iteration 19
============================================================
Theta offsets (Unity frame):
  Source   : dSx=   0.000, dSy=   0.000, dSz=   0.000  (mm)
  Object   : dOx=  -6.340, dOy=  -6.051, dOz=  17.485  (mm)
  Object offset: offset_x=  -2.216, offset_z=   1.820  (mm)
  Detector : dDx=   0.000, dDy=   0.000, dDz=   0.000  (mm)
  Obj Stage rotY :   -3.224 deg
============================================================

Unity geometry (world coordinates):
  Source   : x=   8.000, y=  50.000, z=   0.000
  Object   : x=  -0.340, y=  21.949, z= 594.485
  Detector : x=  -5.000, y=  10.000, z= 720.000
  Obj rotY :   0.0000 deg
view   0 | SOD= 597.058 mm | SDD= 721.227 mm | M= 1.208 | incident=3.3432°
[[ -22.999704   -595.9552      -28.050983  ]
 [   4.517283    123.63622      11.949017  ]
 [   0.14936318   -0.00841425    0.        ]
 [   0.            0.            0.1496    ]]
Residual vector length: 18, Jacobian shape: (18, 6)
view   0 | SOD= 597.075 mm | SDD= 721.227 mm | M= 1.208 | incident=3.3432°
[[ -22.981386   -595.9726      -28.052927  ]
 [   4.4885983   123.62062      11.947073  ]
 [   0.14936373   -0.0084045     0.        ]
 [   0.            0.            0.1496    ]]

iter 19 cost=1.362513 -> 1.387575 |dtheta|=2.035780e-02  lambda=7.442e+01

============================================================
Iteration 20
============================================================
Theta offsets (Unity frame):
  Source   : dSx=   0.000, dSy=   0.000, dSz=   0.000  (mm)
  Object   : dOx=  -6.340, dOy=  -6.051, dOz=  17.485  (mm)
  Object offset: offset_x=  -2.216, offset_z=   1.820  (mm)
  Detector : dDx=   0.000, dDy=   0.000, dDz=   0.000  (mm)
  Obj Stage rotY :   -3.224 deg
============================================================

Unity geometry (world coordinates):
  Source   : x=   8.000, y=  50.000, z=   0.000
  Object   : x=  -0.340, y=  21.949, z= 594.485
  Detector : x=  -5.000, y=  10.000, z= 720.000
  Obj rotY :   0.0000 deg
view   0 | SOD= 597.058 mm | SDD= 721.227 mm | M= 1.208 | incident=3.3432°
[[ -22.999704   -595.9552      -28.050983  ]
 [   4.517283    123.63622      11.949017  ]
 [   0.14936318   -0.00841425    0.        ]
 [   0.            0.            0.1496    ]]
Residual vector length: 18, Jacobian shape: (18, 6)
view   0 | SOD= 597.063 mm | SDD= 721.227 mm | M= 1.208 | incident=3.3432°
[[ -23.011072   -595.95996     -28.05199   ]
 [   4.5034866   123.63155      11.9480095 ]
 [   0.1493632    -0.00841375    0.        ]
 [   0.            0.            0.1496    ]]

iter 20 cost=1.362513 -> 1.372224 |dtheta|=1.033272e-02  lambda=3.721e+02

============================================================
Iteration 21
============================================================
Theta offsets (Unity frame):
  Source   : dSx=   0.000, dSy=   0.000, dSz=   0.000  (mm)
  Object   : dOx=  -6.340, dOy=  -6.051, dOz=  17.485  (mm)
  Object offset: offset_x=  -2.216, offset_z=   1.820  (mm)
  Detector : dDx=   0.000, dDy=   0.000, dDz=   0.000  (mm)
  Obj Stage rotY :   -3.224 deg
============================================================

Unity geometry (world coordinates):
  Source   : x=   8.000, y=  50.000, z=   0.000
  Object   : x=  -0.340, y=  21.949, z= 594.485
  Detector : x=  -5.000, y=  10.000, z= 720.000
  Obj rotY :   0.0000 deg
view   0 | SOD= 597.058 mm | SDD= 721.227 mm | M= 1.208 | incident=3.3432°
[[ -22.999704   -595.9552      -28.050983  ]
 [   4.517283    123.63622      11.949017  ]
 [   0.14936318   -0.00841425    0.        ]
 [   0.            0.            0.1496    ]]
Residual vector length: 18, Jacobian shape: (18, 6)
view   0 | SOD= 597.060 mm | SDD= 721.227 mm | M= 1.208 | incident=3.3432°
[[ -23.005926   -595.9564      -28.051193  ]
 [   4.5122757   123.63498      11.948807  ]
 [   0.14936318   -0.00841451    0.        ]
 [   0.            0.            0.1496    ]]

iter 21 cost=1.362513 -> 1.335651 |dtheta|=3.834115e-03  lambda=1.861e+03

============================================================
Iteration 22
============================================================
Theta offsets (Unity frame):
  Source   : dSx=   0.000, dSy=   0.000, dSz=   0.000  (mm)
  Object   : dOx=  -6.338, dOy=  -6.051, dOz=  17.486  (mm)
  Object offset: offset_x=  -2.213, offset_z=   1.821  (mm)
  Detector : dDx=   0.000, dDy=   0.000, dDz=   0.000  (mm)
  Obj Stage rotY :   -3.224 deg
============================================================

Unity geometry (world coordinates):
  Source   : x=   8.000, y=  50.000, z=   0.000
  Object   : x=  -0.338, y=  21.949, z= 594.486
  Detector : x=  -5.000, y=  10.000, z= 720.000
  Obj rotY :   0.0000 deg
view   0 | SOD= 597.060 mm | SDD= 721.227 mm | M= 1.208 | incident=3.3432°
[[ -23.005926   -595.9564      -28.051193  ]
 [   4.5122757   123.63498      11.948807  ]
 [   0.14936318   -0.00841451    0.        ]
 [   0.            0.            0.1496    ]]
Residual vector length: 18, Jacobian shape: (18, 6)
view   0 | SOD= 597.062 mm | SDD= 721.227 mm | M= 1.208 | incident=3.3432°
[[ -23.01342    -595.9583      -28.054605  ]
 [   4.5059047   123.63302      11.9453945 ]
 [   0.14936316   -0.00841474    0.        ]
 [   0.            0.            0.1496    ]]

iter 22 cost=1.335651 -> 1.348824 |dtheta|=6.459834e-03  lambda=6.202e+02

============================================================
Iteration 23
============================================================
Theta offsets (Unity frame):
  Source   : dSx=   0.000, dSy=   0.000, dSz=   0.000  (mm)
  Object   : dOx=  -6.338, dOy=  -6.051, dOz=  17.486  (mm)
  Object offset: offset_x=  -2.213, offset_z=   1.821  (mm)
  Detector : dDx=   0.000, dDy=   0.000, dDz=   0.000  (mm)
  Obj Stage rotY :   -3.224 deg
============================================================

Unity geometry (world coordinates):
  Source   : x=   8.000, y=  50.000, z=   0.000
  Object   : x=  -0.338, y=  21.949, z= 594.486
  Detector : x=  -5.000, y=  10.000, z= 720.000
  Obj rotY :   0.0000 deg
view   0 | SOD= 597.060 mm | SDD= 721.227 mm | M= 1.208 | incident=3.3432°
[[ -23.005926   -595.9564      -28.051193  ]
 [   4.5122757   123.63498      11.948807  ]
 [   0.14936318   -0.00841451    0.        ]
 [   0.            0.            0.1496    ]]
Residual vector length: 18, Jacobian shape: (18, 6)
view   0 | SOD= 597.060 mm | SDD= 721.227 mm | M= 1.208 | incident=3.3432°
[[ -23.008463   -595.95685     -28.052368  ]
 [   4.510586    123.63447      11.947632  ]
 [   0.14936316   -0.00841468    0.        ]
 [   0.            0.            0.1496    ]]

iter 23 cost=1.335651 -> 1.345109 |dtheta|=1.884189e-03  lambda=3.101e+03

============================================================
Iteration 24
============================================================
Theta offsets (Unity frame):
  Source   : dSx=   0.000, dSy=   0.000, dSz=   0.000  (mm)
  Object   : dOx=  -6.338, dOy=  -6.051, dOz=  17.486  (mm)
  Object offset: offset_x=  -2.213, offset_z=   1.821  (mm)
  Detector : dDx=   0.000, dDy=   0.000, dDz=   0.000  (mm)
  Obj Stage rotY :   -3.224 deg
============================================================

Unity geometry (world coordinates):
  Source   : x=   8.000, y=  50.000, z=   0.000
  Object   : x=  -0.338, y=  21.949, z= 594.486
  Detector : x=  -5.000, y=  10.000, z= 720.000
  Obj rotY :   0.0000 deg
view   0 | SOD= 597.060 mm | SDD= 721.227 mm | M= 1.208 | incident=3.3432°
[[ -23.005926   -595.9564      -28.051193  ]
 [   4.5122757   123.63498      11.948807  ]
 [   0.14936318   -0.00841451    0.        ]
 [   0.            0.            0.1496    ]]
Residual vector length: 18, Jacobian shape: (18, 6)
view   0 | SOD= 597.060 mm | SDD= 721.227 mm | M= 1.208 | incident=3.3432°
[[ -23.006496   -595.9565      -28.051472  ]
 [   4.5119123   123.63488      11.948528  ]
 [   0.14936316   -0.00841455    0.        ]
 [   0.            0.            0.1496    ]]

iter 24 cost=1.335651 -> 1.345523 |dtheta|=4.213329e-04  lambda=1.550e+04

============================================================
Iteration 25
============================================================
Theta offsets (Unity frame):
  Source   : dSx=   0.000, dSy=   0.000, dSz=   0.000  (mm)
  Object   : dOx=  -6.338, dOy=  -6.051, dOz=  17.486  (mm)
  Object offset: offset_x=  -2.213, offset_z=   1.821  (mm)
  Detector : dDx=   0.000, dDy=   0.000, dDz=   0.000  (mm)
  Obj Stage rotY :   -3.224 deg
============================================================

Unity geometry (world coordinates):
  Source   : x=   8.000, y=  50.000, z=   0.000
  Object   : x=  -0.338, y=  21.949, z= 594.486
  Detector : x=  -5.000, y=  10.000, z= 720.000
  Obj rotY :   0.0000 deg
view   0 | SOD= 597.060 mm | SDD= 721.227 mm | M= 1.208 | incident=3.3432°
[[ -23.005926   -595.9564      -28.051193  ]
 [   4.5122757   123.63498      11.948807  ]
 [   0.14936318   -0.00841451    0.        ]
 [   0.            0.            0.1496    ]]
Residual vector length: 18, Jacobian shape: (18, 6)
view   0 | SOD= 597.060 mm | SDD= 721.227 mm | M= 1.208 | incident=3.3432°
[[ -23.006046   -595.9564      -28.051252  ]
 [   4.5122      123.634926     11.948748  ]
 [   0.14936316   -0.00841451    0.        ]
 [   0.            0.            0.1496    ]]

iter 25 cost=1.335651 -> 1.335651 |dtheta|=8.642630e-05  lambda=7.752e+04

============================================================
Iteration 26
============================================================
Theta offsets (Unity frame):
  Source   : dSx=   0.000, dSy=   0.000, dSz=   0.000  (mm)
  Object   : dOx=  -6.338, dOy=  -6.051, dOz=  17.486  (mm)
  Object offset: offset_x=  -2.213, offset_z=   1.821  (mm)
  Detector : dDx=   0.000, dDy=   0.000, dDz=   0.000  (mm)
  Obj Stage rotY :   -3.224 deg
============================================================

Unity geometry (world coordinates):
  Source   : x=   8.000, y=  50.000, z=   0.000
  Object   : x=  -0.338, y=  21.949, z= 594.486
  Detector : x=  -5.000, y=  10.000, z= 720.000
  Obj rotY :   0.0000 deg
view   0 | SOD= 597.060 mm | SDD= 721.227 mm | M= 1.208 | incident=3.3432°
[[ -23.005926   -595.9564      -28.051193  ]
 [   4.5122757   123.63498      11.948807  ]
 [   0.14936318   -0.00841451    0.        ]
 [   0.            0.            0.1496    ]]
Residual vector length: 18, Jacobian shape: (18, 6)
view   0 | SOD= 597.060 mm | SDD= 721.227 mm | M= 1.208 | incident=3.3432°
[[ -23.005949   -595.9564      -28.051207  ]
 [   4.512261    123.63498      11.948793  ]
 [   0.14936316   -0.00841451    0.        ]
 [   0.            0.            0.1496    ]]

iter 26 cost=1.335651 -> 1.335651 |dtheta|=1.737555e-05  lambda=3.876e+05

============================================================
Iteration 27
============================================================
Theta offsets (Unity frame):
  Source   : dSx=   0.000, dSy=   0.000, dSz=   0.000  (mm)
  Object   : dOx=  -6.338, dOy=  -6.051, dOz=  17.486  (mm)
  Object offset: offset_x=  -2.213, offset_z=   1.821  (mm)
  Detector : dDx=   0.000, dDy=   0.000, dDz=   0.000  (mm)
  Obj Stage rotY :   -3.224 deg
============================================================

Unity geometry (world coordinates):
  Source   : x=   8.000, y=  50.000, z=   0.000
  Object   : x=  -0.338, y=  21.949, z= 594.486
  Detector : x=  -5.000, y=  10.000, z= 720.000
  Obj rotY :   0.0000 deg
view   0 | SOD= 597.060 mm | SDD= 721.227 mm | M= 1.208 | incident=3.3432°
[[ -23.005926   -595.9564      -28.051193  ]
 [   4.5122757   123.63498      11.948807  ]
 [   0.14936318   -0.00841451    0.        ]
 [   0.            0.            0.1496    ]]
Residual vector length: 18, Jacobian shape: (18, 6)
view   0 | SOD= 597.060 mm | SDD= 721.227 mm | M= 1.208 | incident=3.3432°
[[ -23.005936   -595.9564      -28.051199  ]
 [   4.51227     123.63498      11.948801  ]
 [   0.14936318   -0.00841451    0.        ]
 [   0.            0.            0.1496    ]]

iter 27 cost=1.335651 -> 1.335651 |dtheta|=6.740403e-06  lambda=1.000e+06

============================================================
Iteration 28
============================================================
Theta offsets (Unity frame):
  Source   : dSx=   0.000, dSy=   0.000, dSz=   0.000  (mm)
  Object   : dOx=  -6.338, dOy=  -6.051, dOz=  17.486  (mm)
  Object offset: offset_x=  -2.213, offset_z=   1.821  (mm)
  Detector : dDx=   0.000, dDy=   0.000, dDz=   0.000  (mm)
  Obj Stage rotY :   -3.224 deg
============================================================

Unity geometry (world coordinates):
  Source   : x=   8.000, y=  50.000, z=   0.000
  Object   : x=  -0.338, y=  21.949, z= 594.486
  Detector : x=  -5.000, y=  10.000, z= 720.000
  Obj rotY :   0.0000 deg
view   0 | SOD= 597.060 mm | SDD= 721.227 mm | M= 1.208 | incident=3.3432°
[[ -23.005926   -595.9564      -28.051193  ]
 [   4.5122757   123.63498      11.948807  ]
 [   0.14936318   -0.00841451    0.        ]
 [   0.            0.            0.1496    ]]
Residual vector length: 18, Jacobian shape: (18, 6)
view   0 | SOD= 597.060 mm | SDD= 721.227 mm | M= 1.208 | incident=3.3432°
[[ -23.005936   -595.9564      -28.051199  ]
 [   4.51227     123.63498      11.948801  ]
 [   0.14936318   -0.00841451    0.        ]
 [   0.            0.            0.1496    ]]

iter 28 cost=1.335651 -> 1.335651 |dtheta|=6.740403e-06  lambda=1.000e+06

============================================================
Iteration 29
============================================================
Theta offsets (Unity frame):
  Source   : dSx=   0.000, dSy=   0.000, dSz=   0.000  (mm)
  Object   : dOx=  -6.338, dOy=  -6.051, dOz=  17.486  (mm)
  Object offset: offset_x=  -2.213, offset_z=   1.821  (mm)
  Detector : dDx=   0.000, dDy=   0.000, dDz=   0.000  (mm)
  Obj Stage rotY :   -3.224 deg
============================================================

Unity geometry (world coordinates):
  Source   : x=   8.000, y=  50.000, z=   0.000
  Object   : x=  -0.338, y=  21.949, z= 594.486
  Detector : x=  -5.000, y=  10.000, z= 720.000
  Obj rotY :   0.0000 deg
view   0 | SOD= 597.060 mm | SDD= 721.227 mm | M= 1.208 | incident=3.3432°
[[ -23.005926   -595.9564      -28.051193  ]
 [   4.5122757   123.63498      11.948807  ]
 [   0.14936318   -0.00841451    0.        ]
 [   0.            0.            0.1496    ]]
Residual vector length: 18, Jacobian shape: (18, 6)
view   0 | SOD= 597.060 mm | SDD= 721.227 mm | M= 1.208 | incident=3.3432°
[[ -23.005936   -595.9564      -28.051199  ]
 [   4.51227     123.63498      11.948801  ]
 [   0.14936318   -0.00841451    0.        ]
 [   0.            0.            0.1496    ]]

iter 29 cost=1.335651 -> 1.335651 |dtheta|=6.740403e-06  lambda=1.000e+06

============================================================
Iteration 30
============================================================
Theta offsets (Unity frame):
  Source   : dSx=   0.000, dSy=   0.000, dSz=   0.000  (mm)
  Object   : dOx=  -6.338, dOy=  -6.051, dOz=  17.486  (mm)
  Object offset: offset_x=  -2.213, offset_z=   1.821  (mm)
  Detector : dDx=   0.000, dDy=   0.000, dDz=   0.000  (mm)
  Obj Stage rotY :   -3.224 deg
============================================================

Unity geometry (world coordinates):
  Source   : x=   8.000, y=  50.000, z=   0.000
  Object   : x=  -0.338, y=  21.949, z= 594.486
  Detector : x=  -5.000, y=  10.000, z= 720.000
  Obj rotY :   0.0000 deg
view   0 | SOD= 597.060 mm | SDD= 721.227 mm | M= 1.208 | incident=3.3432°
[[ -23.005926   -595.9564      -28.051193  ]
 [   4.5122757   123.63498      11.948807  ]
 [   0.14936318   -0.00841451    0.        ]
 [   0.            0.            0.1496    ]]
Residual vector length: 18, Jacobian shape: (18, 6)
view   0 | SOD= 597.060 mm | SDD= 721.227 mm | M= 1.208 | incident=3.3432°
[[ -23.005936   -595.9564      -28.051199  ]
 [   4.51227     123.63498      11.948801  ]
 [   0.14936318   -0.00841451    0.        ]
 [   0.            0.            0.1496    ]]

iter 30 cost=1.335651 -> 1.335651 |dtheta|=6.740403e-06  lambda=1.000e+06

============================================================
Iteration 31
============================================================
Theta offsets (Unity frame):
  Source   : dSx=   0.000, dSy=   0.000, dSz=   0.000  (mm)
  Object   : dOx=  -6.338, dOy=  -6.051, dOz=  17.486  (mm)
  Object offset: offset_x=  -2.213, offset_z=   1.821  (mm)
  Detector : dDx=   0.000, dDy=   0.000, dDz=   0.000  (mm)
  Obj Stage rotY :   -3.224 deg
============================================================

Unity geometry (world coordinates):
  Source   : x=   8.000, y=  50.000, z=   0.000
  Object   : x=  -0.338, y=  21.949, z= 594.486
  Detector : x=  -5.000, y=  10.000, z= 720.000
  Obj rotY :   0.0000 deg
view   0 | SOD= 597.060 mm | SDD= 721.227 mm | M= 1.208 | incident=3.3432°
[[ -23.005926   -595.9564      -28.051193  ]
 [   4.5122757   123.63498      11.948807  ]
 [   0.14936318   -0.00841451    0.        ]
 [   0.            0.            0.1496    ]]
Residual vector length: 18, Jacobian shape: (18, 6)
view   0 | SOD= 597.060 mm | SDD= 721.227 mm | M= 1.208 | incident=3.3432°
[[ -23.005936   -595.9564      -28.051199  ]
 [   4.51227     123.63498      11.948801  ]
 [   0.14936318   -0.00841451    0.        ]
 [   0.            0.            0.1496    ]]

iter 31 cost=1.335651 -> 1.335651 |dtheta|=6.740403e-06  lambda=1.000e+06

============================================================
Iteration 32
============================================================
Theta offsets (Unity frame):
  Source   : dSx=   0.000, dSy=   0.000, dSz=   0.000  (mm)
  Object   : dOx=  -6.338, dOy=  -6.051, dOz=  17.486  (mm)
  Object offset: offset_x=  -2.213, offset_z=   1.821  (mm)
  Detector : dDx=   0.000, dDy=   0.000, dDz=   0.000  (mm)
  Obj Stage rotY :   -3.224 deg
============================================================

Unity geometry (world coordinates):
  Source   : x=   8.000, y=  50.000, z=   0.000
  Object   : x=  -0.338, y=  21.949, z= 594.486
  Detector : x=  -5.000, y=  10.000, z= 720.000
  Obj rotY :   0.0000 deg
view   0 | SOD= 597.060 mm | SDD= 721.227 mm | M= 1.208 | incident=3.3432°
[[ -23.005926   -595.9564      -28.051193  ]
 [   4.5122757   123.63498      11.948807  ]
 [   0.14936318   -0.00841451    0.        ]
 [   0.            0.            0.1496    ]]
Residual vector length: 18, Jacobian shape: (18, 6)
view   0 | SOD= 597.060 mm | SDD= 721.227 mm | M= 1.208 | incident=3.3432°
[[ -23.005936   -595.9564      -28.051199  ]
 [   4.51227     123.63498      11.948801  ]
 [   0.14936318   -0.00841451    0.        ]
 [   0.            0.            0.1496    ]]

iter 32 cost=1.335651 -> 1.335651 |dtheta|=6.740403e-06  lambda=1.000e+06

============================================================
Iteration 33
============================================================
Theta offsets (Unity frame):
  Source   : dSx=   0.000, dSy=   0.000, dSz=   0.000  (mm)
  Object   : dOx=  -6.338, dOy=  -6.051, dOz=  17.486  (mm)
  Object offset: offset_x=  -2.213, offset_z=   1.821  (mm)
  Detector : dDx=   0.000, dDy=   0.000, dDz=   0.000  (mm)
  Obj Stage rotY :   -3.224 deg
============================================================

Unity geometry (world coordinates):
  Source   : x=   8.000, y=  50.000, z=   0.000
  Object   : x=  -0.338, y=  21.949, z= 594.486
  Detector : x=  -5.000, y=  10.000, z= 720.000
  Obj rotY :   0.0000 deg
view   0 | SOD= 597.060 mm | SDD= 721.227 mm | M= 1.208 | incident=3.3432°
[[ -23.005926   -595.9564      -28.051193  ]
 [   4.5122757   123.63498      11.948807  ]
 [   0.14936318   -0.00841451    0.        ]
 [   0.            0.            0.1496    ]]
Residual vector length: 18, Jacobian shape: (18, 6)
view   0 | SOD= 597.060 mm | SDD= 721.227 mm | M= 1.208 | incident=3.3432°
[[ -23.005936   -595.9564      -28.051199  ]
 [   4.51227     123.63498      11.948801  ]
 [   0.14936318   -0.00841451    0.        ]
 [   0.            0.            0.1496    ]]

iter 33 cost=1.335651 -> 1.335651 |dtheta|=6.740403e-06  lambda=1.000e+06
Stalled.

Estimated theta:
  dSx: +0.000000
  dSy: +0.000000
  dOx: -6.337836
  dOy: -6.051194
  dOz: +17.485939
  dDx: +0.000000
  dDy: +0.000000
  dDz: +0.000000
alpha: -3.224400e+00 deg)
offset_x: -2.213237
offset_z: +1.820993

Final cost table:
Fake theta: [  0.   0.  -6.  -6. -12.   0.   0.   0.   5.   0.   0.]
Final estimated theta: [ 0.          0.         -6.33783614 -6.05119432 17.48593942  0.
  0.          0.         -3.22440003 -2.21323683  1.82099309]
Diff from Expected: [ 0.          0.         -0.33783614 -0.05119432 29.48593942  0.
  0.          0.         -8.22440003 -2.21323683  1.82099309]
################################################################################

