Phantom already exists, skipping: cuboid_phantom_3_normal.npy

################################################################################
Running cuboid=normal scenario=G0 N_ANGLES=3, K=3
view   0 | SOD= 570.548 mm | SDD= 675.501 mm | M= 1.184 | incident=3.8197°
[[  98.97946    -561.3404      -25.        ]
 [ -18.05941     102.420006     20.        ]
 [   0.14732724    0.02597777    0.        ]
 [   0.            0.            0.1496    ]]
          image          x1         y1  area1          x2          y2  area2          x3          y3  area3
0  proj_000.png  509.668464  62.415094    742  447.264840  270.255708    657  509.696477  502.943089    738
1  proj_001.png  340.377976  63.072917    672  617.373752  278.261056    701  340.340774  485.805060    672
2  proj_002.png  582.584203  63.219076    671  367.761317  280.641975    729  582.563798  480.949555    674

============================================================
Iteration 0
============================================================
Theta offsets (Unity frame):
  Source   : dSx=   0.000, dSy=   0.000, dSz=   0.000  (mm)
  Object   : dOx=   0.000, dOy=   0.000, dOz=   0.000  (mm)
  Object offset: offset_x=   0.000, offset_z=   0.000  (mm)
  Detector : dDx=   0.000, dDy=   0.000, dDz=   0.000  (mm)
  Obj Stage rotY :    0.000 deg
============================================================

Unity geometry (world coordinates):
  Source   : x=   0.000, y=  45.000, z=   0.000
  Object   : x=  10.000, y=  15.000, z= 589.000
  Detector : x=   0.000, y=   0.000, z= 674.000
  Obj rotY :   0.0000 deg
view   0 | SOD= 589.848 mm | SDD= 675.501 mm | M= 1.145 | incident=3.8197°
[[ -10.     -589.      -30.    ]
 [ -10.       85.       15.    ]
 [   0.1496    0.        0.    ]
 [   0.        0.        0.1496]]
Residual vector length: 27, Jacobian shape: (27, 6)
view   0 | SOD= 577.160 mm | SDD= 675.501 mm | M= 1.170 | incident=3.8197°
[[ 150.3736     -556.6211      -25.980085  ]
 [ -28.103807     93.31878      19.019915  ]
 [   0.14425965    0.03961457    0.        ]
 [   0.            0.            0.1496    ]]

iter 00 cost=34626.358554 -> 2323.525078 |dtheta|=2.199005e+01  lambda=1.000e-02

============================================================
Iteration 1
============================================================
Theta offsets (Unity frame):
  Source   : dSx=   0.000, dSy=   0.000, dSz=   0.000  (mm)
  Object   : dOx=  -7.728, dOy=   4.020, dOz= -13.093  (mm)
  Object offset: offset_x=   0.118, offset_z=   0.664  (mm)
  Detector : dDx=   0.000, dDy=   0.000, dDz=   0.000  (mm)
  Obj Stage rotY :   15.355 deg
============================================================

Unity geometry (world coordinates):
  Source   : x=   0.000, y=  45.000, z=   0.000
  Object   : x=   2.272, y=  19.020, z= 575.907
  Detector : x=   0.000, y=   0.000, z= 674.000
  Obj rotY :   0.0000 deg
view   0 | SOD= 577.160 mm | SDD= 675.501 mm | M= 1.170 | incident=3.8197°
[[ 150.3736     -556.6211      -25.980085  ]
 [ -28.103807     93.31878      19.019915  ]
 [   0.14425965    0.03961457    0.        ]
 [   0.            0.            0.1496    ]]
Residual vector length: 27, Jacobian shape: (27, 6)
view   0 | SOD= 575.351 mm | SDD= 675.501 mm | M= 1.174 | incident=3.8197°
[[ 136.13086    -558.43164     -25.51017   ]
 [ -24.058643     96.25555      19.48983   ]
 [   0.14531335    0.03555541    0.        ]
 [   0.            0.            0.1496    ]]

iter 01 cost=2323.525078 -> 405.554385 |dtheta|=3.021719e+00  lambda=3.333e-03

============================================================
Iteration 2
============================================================
Theta offsets (Unity frame):
  Source   : dSx=   0.000, dSy=   0.000, dSz=   0.000  (mm)
  Object   : dOx=  -9.888, dOy=   4.490, dOz= -13.978  (mm)
  Object offset: offset_x=   0.381, offset_z=  -0.237  (mm)
  Detector : dDx=   0.000, dDy=   0.000, dDz=   0.000  (mm)
  Obj Stage rotY :   13.749 deg
============================================================

Unity geometry (world coordinates):
  Source   : x=   0.000, y=  45.000, z=   0.000
  Object   : x=   0.112, y=  19.490, z= 575.022
  Detector : x=   0.000, y=   0.000, z= 674.000
  Obj rotY :   0.0000 deg
view   0 | SOD= 575.351 mm | SDD= 675.501 mm | M= 1.174 | incident=3.8197°
[[ 136.13086    -558.43164     -25.51017   ]
 [ -24.058643     96.25555      19.48983   ]
 [   0.14531335    0.03555541    0.        ]
 [   0.            0.            0.1496    ]]
Residual vector length: 27, Jacobian shape: (27, 6)
view   0 | SOD= 573.232 mm | SDD= 675.501 mm | M= 1.178 | incident=3.8197°
[[ 119.26505    -560.1214      -25.203743  ]
 [ -21.219313     99.07518      19.796257  ]
 [   0.14631426    0.03118169    0.        ]
 [   0.            0.            0.1496    ]]

iter 02 cost=405.554385 -> 139.392265 |dtheta|=2.690657e+00  lambda=1.111e-03

============================================================
Iteration 3
============================================================
Theta offsets (Unity frame):
  Source   : dSx=   0.000, dSy=   0.000, dSz=   0.000  (mm)
  Object   : dOx=  -9.899, dOy=   4.796, dOz= -15.988  (mm)
  Object offset: offset_x=   0.001, offset_z=  -0.334  (mm)
  Detector : dDx=   0.000, dDy=   0.000, dDz=   0.000  (mm)
  Obj Stage rotY :   12.031 deg
============================================================

Unity geometry (world coordinates):
  Source   : x=   0.000, y=  45.000, z=   0.000
  Object   : x=   0.101, y=  19.796, z= 573.012
  Detector : x=   0.000, y=   0.000, z= 674.000
  Obj rotY :   0.0000 deg
view   0 | SOD= 573.232 mm | SDD= 675.501 mm | M= 1.178 | incident=3.8197°
[[ 119.26505    -560.1214      -25.203743  ]
 [ -21.219313     99.07518      19.796257  ]
 [   0.14631426    0.03118169    0.        ]
 [   0.            0.            0.1496    ]]
Residual vector length: 27, Jacobian shape: (27, 6)
view   0 | SOD= 574.889 mm | SDD= 675.501 mm | M= 1.175 | incident=3.8197°
[[  95.9333     -566.2679      -25.20573   ]
 [ -17.393654     98.136345     19.79427   ]
 [   0.14747015    0.02515388    0.        ]
 [   0.            0.            0.1496    ]]

iter 03 cost=139.392265 -> 119.378232 |dtheta|=2.655417e+00  lambda=3.704e-04

============================================================
Iteration 4
============================================================
Theta offsets (Unity frame):
  Source   : dSx=   0.000, dSy=   0.000, dSz=   0.000  (mm)
  Object   : dOx=  -9.595, dOy=   4.794, dOz= -15.142  (mm)
  Object offset: offset_x=   0.241, offset_z=   0.478  (mm)
  Detector : dDx=   0.000, dDy=   0.000, dDz=   0.000  (mm)
  Obj Stage rotY :    9.680 deg
============================================================

Unity geometry (world coordinates):
  Source   : x=   0.000, y=  45.000, z=   0.000
  Object   : x=   0.405, y=  19.794, z= 573.858
  Detector : x=   0.000, y=   0.000, z= 674.000
  Obj rotY :   0.0000 deg
view   0 | SOD= 574.889 mm | SDD= 675.501 mm | M= 1.175 | incident=3.8197°
[[  95.9333     -566.2679      -25.20573   ]
 [ -17.393654     98.136345     19.79427   ]
 [   0.14747015    0.02515388    0.        ]
 [   0.            0.            0.1496    ]]
Residual vector length: 27, Jacobian shape: (27, 6)
view   0 | SOD= 572.478 mm | SDD= 675.501 mm | M= 1.180 | incident=3.8197°
[[  95.40668    -563.9151      -25.069138  ]
 [ -17.259045    100.60157      19.930862  ]
 [   0.1474951     0.02500711    0.        ]
 [   0.            0.            0.1496    ]]

iter 04 cost=119.378232 -> 17.942505 |dtheta|=2.010763e+00  lambda=1.235e-04

============================================================
Iteration 5
============================================================
Theta offsets (Unity frame):
  Source   : dSx=   0.000, dSy=   0.000, dSz=   0.000  (mm)
  Object   : dOx=  -9.944, dOy=   4.931, dOz= -17.050  (mm)
  Object offset: offset_x=   0.144, offset_z=  -0.021  (mm)
  Detector : dDx=   0.000, dDy=   0.000, dDz=   0.000  (mm)
  Obj Stage rotY :    9.623 deg
============================================================

Unity geometry (world coordinates):
  Source   : x=   0.000, y=  45.000, z=   0.000
  Object   : x=   0.056, y=  19.931, z= 571.950
  Detector : x=   0.000, y=   0.000, z= 674.000
  Obj rotY :   0.0000 deg
view   0 | SOD= 572.478 mm | SDD= 675.501 mm | M= 1.180 | incident=3.8197°
[[  95.40668    -563.9151      -25.069138  ]
 [ -17.259045    100.60157      19.930862  ]
 [   0.1474951     0.02500711    0.        ]
 [   0.            0.            0.1496    ]]
Residual vector length: 27, Jacobian shape: (27, 6)
view   0 | SOD= 571.632 mm | SDD= 675.501 mm | M= 1.182 | incident=3.8197°
[[  97.147835   -562.7598      -25.031271  ]
 [ -17.445177    101.42725      19.968729  ]
 [   0.14742193    0.02543489    0.        ]
 [   0.            0.            0.1496    ]]

iter 05 cost=17.942505 -> 3.829483 |dtheta|=9.633426e-01  lambda=4.115e-05

============================================================
Iteration 6
============================================================
Theta offsets (Unity frame):
  Source   : dSx=   0.000, dSy=   0.000, dSz=   0.000  (mm)
  Object   : dOx= -10.004, dOy=   4.969, dOz= -17.973  (mm)
  Object offset: offset_x=  -0.050, offset_z=   0.056  (mm)
  Detector : dDx=   0.000, dDy=   0.000, dDz=   0.000  (mm)
  Obj Stage rotY :    9.789 deg
============================================================

Unity geometry (world coordinates):
  Source   : x=   0.000, y=  45.000, z=   0.000
  Object   : x=  -0.004, y=  19.969, z= 571.027
  Detector : x=   0.000, y=   0.000, z= 674.000
  Obj rotY :   0.0000 deg
view   0 | SOD= 571.632 mm | SDD= 675.501 mm | M= 1.182 | incident=3.8197°
[[  97.147835   -562.7598      -25.031271  ]
 [ -17.445177    101.42725      19.968729  ]
 [   0.14742193    0.02543489    0.        ]
 [   0.            0.            0.1496    ]]
Residual vector length: 27, Jacobian shape: (27, 6)
view   0 | SOD= 571.702 mm | SDD= 675.501 mm | M= 1.182 | incident=3.8197°
[[  99.31947    -562.4506      -25.058987  ]
 [ -17.843657    101.28787      19.941013  ]
 [   0.14732237    0.02600535    0.        ]
 [   0.            0.            0.1496    ]]

iter 06 cost=3.829483 -> 3.135379 |dtheta|=2.446758e-01  lambda=1.372e-05

============================================================
Iteration 7
============================================================
Theta offsets (Unity frame):
  Source   : dSx=   0.000, dSy=   0.000, dSz=   0.000  (mm)
  Object   : dOx=  -9.992, dOy=   4.941, dOz= -17.878  (mm)
  Object offset: offset_x=  -0.043, offset_z=   0.030  (mm)
  Detector : dDx=   0.000, dDy=   0.000, dDz=   0.000  (mm)
  Obj Stage rotY :   10.011 deg
============================================================

Unity geometry (world coordinates):
  Source   : x=   0.000, y=  45.000, z=   0.000
  Object   : x=   0.008, y=  19.941, z= 571.122
  Detector : x=   0.000, y=   0.000, z= 674.000
  Obj rotY :   0.0000 deg
view   0 | SOD= 571.702 mm | SDD= 675.501 mm | M= 1.182 | incident=3.8197°
[[  99.31947    -562.4506      -25.058987  ]
 [ -17.843657    101.28787      19.941013  ]
 [   0.14732237    0.02600535    0.        ]
 [   0.            0.            0.1496    ]]
Residual vector length: 27, Jacobian shape: (27, 6)
view   0 | SOD= 571.359 mm | SDD= 675.501 mm | M= 1.182 | incident=3.8197°
[[  99.09318    -562.1424      -25.046398  ]
 [ -17.943151    101.61851      19.953602  ]
 [   0.14732733    0.0259772     0.        ]
 [   0.            0.            0.1496    ]]

iter 07 cost=3.135379 -> 1.706374 |dtheta|=3.269871e-01  lambda=4.572e-06

============================================================
Iteration 8
============================================================
Theta offsets (Unity frame):
  Source   : dSx=   0.000, dSy=   0.000, dSz=   0.000  (mm)
  Object   : dOx=  -9.999, dOy=   4.954, dOz= -18.196  (mm)
  Object offset: offset_x=   0.024, offset_z=   0.006  (mm)
  Detector : dDx=   0.000, dDy=   0.000, dDz=   0.000  (mm)
  Obj Stage rotY :   10.000 deg
============================================================

Unity geometry (world coordinates):
  Source   : x=   0.000, y=  45.000, z=   0.000
  Object   : x=   0.001, y=  19.954, z= 570.804
  Detector : x=   0.000, y=   0.000, z= 674.000
  Obj rotY :   0.0000 deg
view   0 | SOD= 571.359 mm | SDD= 675.501 mm | M= 1.182 | incident=3.8197°
[[  99.09318    -562.1424      -25.046398  ]
 [ -17.943151    101.61851      19.953602  ]
 [   0.14732733    0.0259772     0.        ]
 [   0.            0.            0.1496    ]]
Residual vector length: 27, Jacobian shape: (27, 6)
view   0 | SOD= 571.123 mm | SDD= 675.501 mm | M= 1.183 | incident=3.8197°
[[  99.38468    -561.85175     -25.035688  ]
 [ -18.036158    101.84119      19.964312  ]
 [   0.14731227    0.02606255    0.        ]
 [   0.            0.            0.1496    ]]

iter 08 cost=1.706374 -> 0.967048 |dtheta|=2.309979e-01  lambda=1.524e-06

============================================================
Iteration 9
============================================================
Theta offsets (Unity frame):
  Source   : dSx=   0.000, dSy=   0.000, dSz=   0.000  (mm)
  Object   : dOx=  -9.992, dOy=   4.964, dOz= -18.424  (mm)
  Object offset: offset_x=   0.010, offset_z=  -0.002  (mm)
  Detector : dDx=   0.000, dDy=   0.000, dDz=   0.000  (mm)
  Obj Stage rotY :   10.033 deg
============================================================

Unity geometry (world coordinates):
  Source   : x=   0.000, y=  45.000, z=   0.000
  Object   : x=   0.008, y=  19.964, z= 570.576
  Detector : x=   0.000, y=   0.000, z= 674.000
  Obj rotY :   0.0000 deg
view   0 | SOD= 571.123 mm | SDD= 675.501 mm | M= 1.183 | incident=3.8197°
[[  99.38468    -561.85175     -25.035688  ]
 [ -18.036158    101.84119      19.964312  ]
 [   0.14731227    0.02606255    0.        ]
 [   0.            0.            0.1496    ]]
Residual vector length: 27, Jacobian shape: (27, 6)
view   0 | SOD= 570.880 mm | SDD= 675.501 mm | M= 1.183 | incident=3.8197°
[[  99.436455   -561.59576     -25.0276    ]
 [ -18.074152    102.08128      19.9724    ]
 [   0.14730874    0.02608247    0.        ]
 [   0.            0.            0.1496    ]]

iter 09 cost=0.967048 -> 0.448307 |dtheta|=2.415665e-01  lambda=1.000e-06

============================================================
Iteration 10
============================================================
Theta offsets (Unity frame):
  Source   : dSx=   0.000, dSy=   0.000, dSz=   0.000  (mm)
  Object   : dOx=  -9.998, dOy=   4.972, dOz= -18.665  (mm)
  Object offset: offset_x=  -0.002, offset_z=  -0.004  (mm)
  Detector : dDx=   0.000, dDy=   0.000, dDz=   0.000  (mm)
  Obj Stage rotY :   10.041 deg
============================================================

Unity geometry (world coordinates):
  Source   : x=   0.000, y=  45.000, z=   0.000
  Object   : x=   0.002, y=  19.972, z= 570.335
  Detector : x=   0.000, y=   0.000, z= 674.000
  Obj rotY :   0.0000 deg
view   0 | SOD= 570.880 mm | SDD= 675.501 mm | M= 1.183 | incident=3.8197°
[[  99.436455   -561.59576     -25.0276    ]
 [ -18.074152    102.08128      19.9724    ]
 [   0.14730874    0.02608247    0.        ]
 [   0.            0.            0.1496    ]]
Residual vector length: 27, Jacobian shape: (27, 6)
view   0 | SOD= 570.765 mm | SDD= 675.501 mm | M= 1.184 | incident=3.8197°
[[  99.350204   -561.49493     -25.013607  ]
 [ -18.081055    102.19615      19.986393  ]
 [   0.14731185    0.02606486    0.        ]
 [   0.            0.            0.1496    ]]

iter 10 cost=0.448307 -> 0.201300 |dtheta|=1.342362e-01  lambda=1.000e-06

============================================================
Iteration 11
============================================================
Theta offsets (Unity frame):
  Source   : dSx=   0.000, dSy=   0.000, dSz=   0.000  (mm)
  Object   : dOx= -10.008, dOy=   4.986, dOz= -18.797  (mm)
  Object offset: offset_x=   0.007, offset_z=   0.013  (mm)
  Detector : dDx=   0.000, dDy=   0.000, dDz=   0.000  (mm)
  Obj Stage rotY :   10.034 deg
============================================================

Unity geometry (world coordinates):
  Source   : x=   0.000, y=  45.000, z=   0.000
  Object   : x=  -0.008, y=  19.986, z= 570.203
  Detector : x=   0.000, y=   0.000, z= 674.000
  Obj rotY :   0.0000 deg
view   0 | SOD= 570.765 mm | SDD= 675.501 mm | M= 1.184 | incident=3.8197°
[[  99.350204   -561.49493     -25.013607  ]
 [ -18.081055    102.19615      19.986393  ]
 [   0.14731185    0.02606486    0.        ]
 [   0.            0.            0.1496    ]]
Residual vector length: 27, Jacobian shape: (27, 6)
view   0 | SOD= 570.696 mm | SDD= 675.501 mm | M= 1.184 | incident=3.8197°
[[  99.10635    -561.46814     -25.012238  ]
 [ -18.051306    102.271324     19.987762  ]
 [   0.1473226     0.02600413    0.        ]
 [   0.            0.            0.1496    ]]

iter 11 cost=0.201300 -> 0.118203 |dtheta|=7.135759e-02  lambda=1.000e-06

============================================================
Iteration 12
============================================================
Theta offsets (Unity frame):
  Source   : dSx=   0.000, dSy=   0.000, dSz=   0.000  (mm)
  Object   : dOx= -10.002, dOy=   4.988, dOz= -18.863  (mm)
  Object offset: offset_x=   0.001, offset_z=   0.011  (mm)
  Detector : dDx=   0.000, dDy=   0.000, dDz=   0.000  (mm)
  Obj Stage rotY :   10.010 deg
============================================================

Unity geometry (world coordinates):
  Source   : x=   0.000, y=  45.000, z=   0.000
  Object   : x=  -0.002, y=  19.988, z= 570.137
  Detector : x=   0.000, y=   0.000, z= 674.000
  Obj rotY :   0.0000 deg
view   0 | SOD= 570.696 mm | SDD= 675.501 mm | M= 1.184 | incident=3.8197°
[[  99.10635    -561.46814     -25.012238  ]
 [ -18.051306    102.271324     19.987762  ]
 [   0.1473226     0.02600413    0.        ]
 [   0.            0.            0.1496    ]]
Residual vector length: 27, Jacobian shape: (27, 6)
view   0 | SOD= 570.624 mm | SDD= 675.501 mm | M= 1.184 | incident=3.8197°
[[  99.10417    -561.39514     -25.00471   ]
 [ -18.068808    102.34162      19.99529   ]
 [   0.14732198    0.02600753    0.        ]
 [   0.            0.            0.1496    ]]

iter 12 cost=0.118203 -> 0.076824 |dtheta|=6.090031e-02  lambda=1.000e-06

============================================================
Iteration 13
============================================================
Theta offsets (Unity frame):
  Source   : dSx=   0.000, dSy=   0.000, dSz=   0.000  (mm)
  Object   : dOx= -10.001, dOy=   4.995, dOz= -18.922  (mm)
  Object offset: offset_x=   0.003, offset_z=  -0.002  (mm)
  Detector : dDx=   0.000, dDy=   0.000, dDz=   0.000  (mm)
  Obj Stage rotY :   10.012 deg
============================================================

Unity geometry (world coordinates):
  Source   : x=   0.000, y=  45.000, z=   0.000
  Object   : x=  -0.001, y=  19.995, z= 570.078
  Detector : x=   0.000, y=   0.000, z= 674.000
  Obj rotY :   0.0000 deg
view   0 | SOD= 570.624 mm | SDD= 675.501 mm | M= 1.184 | incident=3.8197°
[[  99.10417    -561.39514     -25.00471   ]
 [ -18.068808    102.34162      19.99529   ]
 [   0.14732198    0.02600753    0.        ]
 [   0.            0.            0.1496    ]]
Residual vector length: 27, Jacobian shape: (27, 6)
view   0 | SOD= 570.549 mm | SDD= 675.501 mm | M= 1.184 | incident=3.8197°
[[  99.112885   -561.3182      -24.997623  ]
 [ -18.085104    102.41417      20.002377  ]
 [   0.147321      0.02601308    0.        ]
 [   0.            0.            0.1496    ]]

iter 13 cost=0.076824 -> 0.035803 |dtheta|=7.246474e-02  lambda=1.000e-06

============================================================
Iteration 14
============================================================
Theta offsets (Unity frame):
  Source   : dSx=   0.000, dSy=   0.000, dSz=   0.000  (mm)
  Object   : dOx=  -9.999, dOy=   5.002, dOz= -18.994  (mm)
  Object offset: offset_x=   0.001, offset_z=  -0.004  (mm)
  Detector : dDx=   0.000, dDy=   0.000, dDz=   0.000  (mm)
  Obj Stage rotY :   10.014 deg
============================================================

Unity geometry (world coordinates):
  Source   : x=   0.000, y=  45.000, z=   0.000
  Object   : x=   0.001, y=  20.002, z= 570.006
  Detector : x=   0.000, y=   0.000, z= 674.000
  Obj rotY :   0.0000 deg
view   0 | SOD= 570.549 mm | SDD= 675.501 mm | M= 1.184 | incident=3.8197°
[[  99.112885   -561.3182      -24.997623  ]
 [ -18.085104    102.41417      20.002377  ]
 [   0.147321      0.02601308    0.        ]
 [   0.            0.            0.1496    ]]
Residual vector length: 27, Jacobian shape: (27, 6)
view   0 | SOD= 570.519 mm | SDD= 675.501 mm | M= 1.184 | incident=3.8197°
[[  98.943115   -561.31775     -24.999176  ]
 [ -18.043255    102.45192      20.000824  ]
 [   0.14732929    0.02596612    0.        ]
 [   0.            0.            0.1496    ]]

iter 14 cost=0.035803 -> 0.054433 |dtheta|=3.488263e-02  lambda=1.000e-06

============================================================
Iteration 15
============================================================
Theta offsets (Unity frame):
  Source   : dSx=   0.000, dSy=   0.000, dSz=   0.000  (mm)
  Object   : dOx=  -9.999, dOy=   5.002, dOz= -18.994  (mm)
  Object offset: offset_x=   0.001, offset_z=  -0.004  (mm)
  Detector : dDx=   0.000, dDy=   0.000, dDz=   0.000  (mm)
  Obj Stage rotY :   10.014 deg
============================================================

Unity geometry (world coordinates):
  Source   : x=   0.000, y=  45.000, z=   0.000
  Object   : x=   0.001, y=  20.002, z= 570.006
  Detector : x=   0.000, y=   0.000, z= 674.000
  Obj rotY :   0.0000 deg
view   0 | SOD= 570.549 mm | SDD= 675.501 mm | M= 1.184 | incident=3.8197°
[[  99.112885   -561.3182      -24.997623  ]
 [ -18.085104    102.41417      20.002377  ]
 [   0.147321      0.02601308    0.        ]
 [   0.            0.            0.1496    ]]
Residual vector length: 27, Jacobian shape: (27, 6)
view   0 | SOD= 570.519 mm | SDD= 675.501 mm | M= 1.184 | incident=3.8197°
[[  98.943115   -561.31775     -24.999176  ]
 [ -18.043255    102.45192      20.000824  ]
 [   0.14732929    0.02596612    0.        ]
 [   0.            0.            0.1496    ]]

iter 15 cost=0.035803 -> 0.054433 |dtheta|=3.488262e-02  lambda=5.000e-06

============================================================
Iteration 16
============================================================
Theta offsets (Unity frame):
  Source   : dSx=   0.000, dSy=   0.000, dSz=   0.000  (mm)
  Object   : dOx=  -9.999, dOy=   5.002, dOz= -18.994  (mm)
  Object offset: offset_x=   0.001, offset_z=  -0.004  (mm)
  Detector : dDx=   0.000, dDy=   0.000, dDz=   0.000  (mm)
  Obj Stage rotY :   10.014 deg
============================================================

Unity geometry (world coordinates):
  Source   : x=   0.000, y=  45.000, z=   0.000
  Object   : x=   0.001, y=  20.002, z= 570.006
  Detector : x=   0.000, y=   0.000, z= 674.000
  Obj rotY :   0.0000 deg
view   0 | SOD= 570.549 mm | SDD= 675.501 mm | M= 1.184 | incident=3.8197°
[[  99.112885   -561.3182      -24.997623  ]
 [ -18.085104    102.41417      20.002377  ]
 [   0.147321      0.02601308    0.        ]
 [   0.            0.            0.1496    ]]
Residual vector length: 27, Jacobian shape: (27, 6)
view   0 | SOD= 570.519 mm | SDD= 675.501 mm | M= 1.184 | incident=3.8197°
[[  98.94312    -561.31775     -24.999176  ]
 [ -18.043255    102.45192      20.000824  ]
 [   0.14732929    0.02596612    0.        ]
 [   0.            0.            0.1496    ]]

iter 16 cost=0.035803 -> 0.054433 |dtheta|=3.488258e-02  lambda=2.500e-05

============================================================
Iteration 17
============================================================
Theta offsets (Unity frame):
  Source   : dSx=   0.000, dSy=   0.000, dSz=   0.000  (mm)
  Object   : dOx=  -9.999, dOy=   5.002, dOz= -18.994  (mm)
  Object offset: offset_x=   0.001, offset_z=  -0.004  (mm)
  Detector : dDx=   0.000, dDy=   0.000, dDz=   0.000  (mm)
  Obj Stage rotY :   10.014 deg
============================================================

Unity geometry (world coordinates):
  Source   : x=   0.000, y=  45.000, z=   0.000
  Object   : x=   0.001, y=  20.002, z= 570.006
  Detector : x=   0.000, y=   0.000, z= 674.000
  Obj rotY :   0.0000 deg
view   0 | SOD= 570.549 mm | SDD= 675.501 mm | M= 1.184 | incident=3.8197°
[[  99.112885   -561.3182      -24.997623  ]
 [ -18.085104    102.41417      20.002377  ]
 [   0.147321      0.02601308    0.        ]
 [   0.            0.            0.1496    ]]
Residual vector length: 27, Jacobian shape: (27, 6)
view   0 | SOD= 570.519 mm | SDD= 675.501 mm | M= 1.184 | incident=3.8197°
[[  98.94312    -561.31775     -24.999176  ]
 [ -18.043255    102.45192      20.000824  ]
 [   0.14732929    0.02596612    0.        ]
 [   0.            0.            0.1496    ]]

iter 17 cost=0.035803 -> 0.054433 |dtheta|=3.488237e-02  lambda=1.250e-04

============================================================
Iteration 18
============================================================
Theta offsets (Unity frame):
  Source   : dSx=   0.000, dSy=   0.000, dSz=   0.000  (mm)
  Object   : dOx=  -9.999, dOy=   5.002, dOz= -18.994  (mm)
  Object offset: offset_x=   0.001, offset_z=  -0.004  (mm)
  Detector : dDx=   0.000, dDy=   0.000, dDz=   0.000  (mm)
  Obj Stage rotY :   10.014 deg
============================================================

Unity geometry (world coordinates):
  Source   : x=   0.000, y=  45.000, z=   0.000
  Object   : x=   0.001, y=  20.002, z= 570.006
  Detector : x=   0.000, y=   0.000, z= 674.000
  Obj rotY :   0.0000 deg
view   0 | SOD= 570.549 mm | SDD= 675.501 mm | M= 1.184 | incident=3.8197°
[[  99.112885   -561.3182      -24.997623  ]
 [ -18.085104    102.41417      20.002377  ]
 [   0.147321      0.02601308    0.        ]
 [   0.            0.            0.1496    ]]
Residual vector length: 27, Jacobian shape: (27, 6)
view   0 | SOD= 570.519 mm | SDD= 675.501 mm | M= 1.184 | incident=3.8197°
[[  98.94312    -561.31775     -24.999176  ]
 [ -18.043257    102.45192      20.000824  ]
 [   0.14732929    0.02596612    0.        ]
 [   0.            0.            0.1496    ]]

iter 18 cost=0.035803 -> 0.054433 |dtheta|=3.488130e-02  lambda=6.250e-04

============================================================
Iteration 19
============================================================
Theta offsets (Unity frame):
  Source   : dSx=   0.000, dSy=   0.000, dSz=   0.000  (mm)
  Object   : dOx=  -9.999, dOy=   5.002, dOz= -18.994  (mm)
  Object offset: offset_x=   0.001, offset_z=  -0.004  (mm)
  Detector : dDx=   0.000, dDy=   0.000, dDz=   0.000  (mm)
  Obj Stage rotY :   10.014 deg
============================================================

Unity geometry (world coordinates):
  Source   : x=   0.000, y=  45.000, z=   0.000
  Object   : x=   0.001, y=  20.002, z= 570.006
  Detector : x=   0.000, y=   0.000, z= 674.000
  Obj rotY :   0.0000 deg
view   0 | SOD= 570.549 mm | SDD= 675.501 mm | M= 1.184 | incident=3.8197°
[[  99.112885   -561.3182      -24.997623  ]
 [ -18.085104    102.41417      20.002377  ]
 [   0.147321      0.02601308    0.        ]
 [   0.            0.            0.1496    ]]
Residual vector length: 27, Jacobian shape: (27, 6)
view   0 | SOD= 570.519 mm | SDD= 675.501 mm | M= 1.184 | incident=3.8197°
[[  98.943146   -561.31775     -24.999178  ]
 [ -18.043262    102.45192      20.000822  ]
 [   0.14732929    0.02596612    0.        ]
 [   0.            0.            0.1496    ]]

iter 19 cost=0.035803 -> 0.054433 |dtheta|=3.487596e-02  lambda=3.125e-03

============================================================
Iteration 20
============================================================
Theta offsets (Unity frame):
  Source   : dSx=   0.000, dSy=   0.000, dSz=   0.000  (mm)
  Object   : dOx=  -9.999, dOy=   5.002, dOz= -18.994  (mm)
  Object offset: offset_x=   0.001, offset_z=  -0.004  (mm)
  Detector : dDx=   0.000, dDy=   0.000, dDz=   0.000  (mm)
  Obj Stage rotY :   10.014 deg
============================================================

Unity geometry (world coordinates):
  Source   : x=   0.000, y=  45.000, z=   0.000
  Object   : x=   0.001, y=  20.002, z= 570.006
  Detector : x=   0.000, y=   0.000, z= 674.000
  Obj rotY :   0.0000 deg
view   0 | SOD= 570.549 mm | SDD= 675.501 mm | M= 1.184 | incident=3.8197°
[[  99.112885   -561.3182      -24.997623  ]
 [ -18.085104    102.41417      20.002377  ]
 [   0.147321      0.02601308    0.        ]
 [   0.            0.            0.1496    ]]
Residual vector length: 27, Jacobian shape: (27, 6)
view   0 | SOD= 570.519 mm | SDD= 675.501 mm | M= 1.184 | incident=3.8197°
[[  98.94326    -561.3178      -24.999178  ]
 [ -18.043278    102.45186      20.000822  ]
 [   0.14732929    0.02596615    0.        ]
 [   0.            0.            0.1496    ]]

iter 20 cost=0.035803 -> 0.054433 |dtheta|=3.484928e-02  lambda=1.562e-02

============================================================
Iteration 21
============================================================
Theta offsets (Unity frame):
  Source   : dSx=   0.000, dSy=   0.000, dSz=   0.000  (mm)
  Object   : dOx=  -9.999, dOy=   5.002, dOz= -18.994  (mm)
  Object offset: offset_x=   0.001, offset_z=  -0.004  (mm)
  Detector : dDx=   0.000, dDy=   0.000, dDz=   0.000  (mm)
  Obj Stage rotY :   10.014 deg
============================================================

Unity geometry (world coordinates):
  Source   : x=   0.000, y=  45.000, z=   0.000
  Object   : x=   0.001, y=  20.002, z= 570.006
  Detector : x=   0.000, y=   0.000, z= 674.000
  Obj rotY :   0.0000 deg
view   0 | SOD= 570.549 mm | SDD= 675.501 mm | M= 1.184 | incident=3.8197°
[[  99.112885   -561.3182      -24.997623  ]
 [ -18.085104    102.41417      20.002377  ]
 [   0.147321      0.02601308    0.        ]
 [   0.            0.            0.1496    ]]
Residual vector length: 27, Jacobian shape: (27, 6)
view   0 | SOD= 570.520 mm | SDD= 675.501 mm | M= 1.184 | incident=3.8197°
[[  98.94379    -561.3178      -24.999184  ]
 [ -18.043385    102.45171      20.000816  ]
 [   0.14732926    0.02596629    0.        ]
 [   0.            0.            0.1496    ]]

iter 21 cost=0.035803 -> 0.054433 |dtheta|=3.471656e-02  lambda=7.812e-02

============================================================
Iteration 22
============================================================
Theta offsets (Unity frame):
  Source   : dSx=   0.000, dSy=   0.000, dSz=   0.000  (mm)
  Object   : dOx=  -9.999, dOy=   5.002, dOz= -18.994  (mm)
  Object offset: offset_x=   0.001, offset_z=  -0.004  (mm)
  Detector : dDx=   0.000, dDy=   0.000, dDz=   0.000  (mm)
  Obj Stage rotY :   10.014 deg
============================================================

Unity geometry (world coordinates):
  Source   : x=   0.000, y=  45.000, z=   0.000
  Object   : x=   0.001, y=  20.002, z= 570.006
  Detector : x=   0.000, y=   0.000, z= 674.000
  Obj rotY :   0.0000 deg
view   0 | SOD= 570.549 mm | SDD= 675.501 mm | M= 1.184 | incident=3.8197°
[[  99.112885   -561.3182      -24.997623  ]
 [ -18.085104    102.41417      20.002377  ]
 [   0.147321      0.02601308    0.        ]
 [   0.            0.            0.1496    ]]
Residual vector length: 27, Jacobian shape: (27, 6)
view   0 | SOD= 570.520 mm | SDD= 675.501 mm | M= 1.184 | incident=3.8197°
[[  98.946365   -561.318       -24.99921   ]
 [ -18.04391     102.451        20.00079   ]
 [   0.14732914    0.02596698    0.        ]
 [   0.            0.            0.1496    ]]

iter 22 cost=0.035803 -> 0.052973 |dtheta|=3.406901e-02  lambda=3.906e-01

============================================================
Iteration 23
============================================================
Theta offsets (Unity frame):
  Source   : dSx=   0.000, dSy=   0.000, dSz=   0.000  (mm)
  Object   : dOx=  -9.999, dOy=   5.002, dOz= -18.994  (mm)
  Object offset: offset_x=   0.001, offset_z=  -0.004  (mm)
  Detector : dDx=   0.000, dDy=   0.000, dDz=   0.000  (mm)
  Obj Stage rotY :   10.014 deg
============================================================

Unity geometry (world coordinates):
  Source   : x=   0.000, y=  45.000, z=   0.000
  Object   : x=   0.001, y=  20.002, z= 570.006
  Detector : x=   0.000, y=   0.000, z= 674.000
  Obj rotY :   0.0000 deg
view   0 | SOD= 570.549 mm | SDD= 675.501 mm | M= 1.184 | incident=3.8197°
[[  99.112885   -561.3182      -24.997623  ]
 [ -18.085104    102.41417      20.002377  ]
 [   0.147321      0.02601308    0.        ]
 [   0.            0.            0.1496    ]]
Residual vector length: 27, Jacobian shape: (27, 6)
view   0 | SOD= 570.523 mm | SDD= 675.501 mm | M= 1.184 | incident=3.8197°
[[  98.958115   -561.3189      -24.999325  ]
 [ -18.046255    102.44761      20.000675  ]
 [   0.14732859    0.02597011    0.        ]
 [   0.            0.            0.1496    ]]

iter 23 cost=0.035803 -> 0.046447 |dtheta|=3.118702e-02  lambda=1.953e+00

============================================================
Iteration 24
============================================================
Theta offsets (Unity frame):
  Source   : dSx=   0.000, dSy=   0.000, dSz=   0.000  (mm)
  Object   : dOx=  -9.999, dOy=   5.002, dOz= -18.994  (mm)
  Object offset: offset_x=   0.001, offset_z=  -0.004  (mm)
  Detector : dDx=   0.000, dDy=   0.000, dDz=   0.000  (mm)
  Obj Stage rotY :   10.014 deg
============================================================

Unity geometry (world coordinates):
  Source   : x=   0.000, y=  45.000, z=   0.000
  Object   : x=   0.001, y=  20.002, z= 570.006
  Detector : x=   0.000, y=   0.000, z= 674.000
  Obj rotY :   0.0000 deg
view   0 | SOD= 570.549 mm | SDD= 675.501 mm | M= 1.184 | incident=3.8197°
[[  99.112885   -561.3182      -24.997623  ]
 [ -18.085104    102.41417      20.002377  ]
 [   0.147321      0.02601308    0.        ]
 [   0.            0.            0.1496    ]]
Residual vector length: 27, Jacobian shape: (27, 6)
view   0 | SOD= 570.532 mm | SDD= 675.501 mm | M= 1.184 | incident=3.8197°
[[  98.99762    -561.3211      -24.999645  ]
 [ -18.054295    102.43702      20.000355  ]
 [   0.14732672    0.02598066    0.        ]
 [   0.            0.            0.1496    ]]

iter 24 cost=0.035803 -> 0.037553 |dtheta|=2.219461e-02  lambda=9.766e+00

============================================================
Iteration 25
============================================================
Theta offsets (Unity frame):
  Source   : dSx=   0.000, dSy=   0.000, dSz=   0.000  (mm)
  Object   : dOx=  -9.999, dOy=   5.002, dOz= -18.994  (mm)
  Object offset: offset_x=   0.001, offset_z=  -0.004  (mm)
  Detector : dDx=   0.000, dDy=   0.000, dDz=   0.000  (mm)
  Obj Stage rotY :   10.014 deg
============================================================

Unity geometry (world coordinates):
  Source   : x=   0.000, y=  45.000, z=   0.000
  Object   : x=   0.001, y=  20.002, z= 570.006
  Detector : x=   0.000, y=   0.000, z= 674.000
  Obj rotY :   0.0000 deg
view   0 | SOD= 570.549 mm | SDD= 675.501 mm | M= 1.184 | incident=3.8197°
[[  99.112885   -561.3182      -24.997623  ]
 [ -18.085104    102.41417      20.002377  ]
 [   0.147321      0.02601308    0.        ]
 [   0.            0.            0.1496    ]]
Residual vector length: 27, Jacobian shape: (27, 6)
view   0 | SOD= 570.543 mm | SDD= 675.501 mm | M= 1.184 | incident=3.8197°
[[  99.06301    -561.321       -24.999859  ]
 [ -18.0684      102.423134     20.000141  ]
 [   0.14732361    0.02599831    0.        ]
 [   0.            0.            0.1496    ]]

iter 25 cost=0.035803 -> 0.029164 |dtheta|=1.004130e-02  lambda=4.883e+01

============================================================
Iteration 26
============================================================
Theta offsets (Unity frame):
  Source   : dSx=   0.000, dSy=   0.000, dSz=   0.000  (mm)
  Object   : dOx= -10.003, dOy=   5.000, dOz= -19.000  (mm)
  Object offset: offset_x=  -0.004, offset_z=  -0.005  (mm)
  Detector : dDx=   0.000, dDy=   0.000, dDz=   0.000  (mm)
  Obj Stage rotY :   10.008 deg
============================================================

Unity geometry (world coordinates):
  Source   : x=   0.000, y=  45.000, z=   0.000
  Object   : x=  -0.003, y=  20.000, z= 570.000
  Detector : x=   0.000, y=   0.000, z= 674.000
  Obj rotY :   0.0000 deg
view   0 | SOD= 570.543 mm | SDD= 675.501 mm | M= 1.184 | incident=3.8197°
[[  99.06301    -561.321       -24.999859  ]
 [ -18.0684      102.423134     20.000141  ]
 [   0.14732361    0.02599831    0.        ]
 [   0.            0.            0.1496    ]]
Residual vector length: 27, Jacobian shape: (27, 6)
view   0 | SOD= 570.544 mm | SDD= 675.501 mm | M= 1.184 | incident=3.8197°
[[  98.97556    -561.3368      -25.001621  ]
 [ -18.05221     102.42561      19.998379  ]
 [   0.14732768    0.0259753     0.        ]
 [   0.            0.            0.1496    ]]

iter 26 cost=0.029164 -> 0.035612 |dtheta|=9.982513e-03  lambda=1.628e+01

============================================================
Iteration 27
============================================================
Theta offsets (Unity frame):
  Source   : dSx=   0.000, dSy=   0.000, dSz=   0.000  (mm)
  Object   : dOx= -10.003, dOy=   5.000, dOz= -19.000  (mm)
  Object offset: offset_x=  -0.004, offset_z=  -0.005  (mm)
  Detector : dDx=   0.000, dDy=   0.000, dDz=   0.000  (mm)
  Obj Stage rotY :   10.008 deg
============================================================

Unity geometry (world coordinates):
  Source   : x=   0.000, y=  45.000, z=   0.000
  Object   : x=  -0.003, y=  20.000, z= 570.000
  Detector : x=   0.000, y=   0.000, z= 674.000
  Obj rotY :   0.0000 deg
view   0 | SOD= 570.543 mm | SDD= 675.501 mm | M= 1.184 | incident=3.8197°
[[  99.06301    -561.321       -24.999859  ]
 [ -18.0684      102.423134     20.000141  ]
 [   0.14732361    0.02599831    0.        ]
 [   0.            0.            0.1496    ]]
Residual vector length: 27, Jacobian shape: (27, 6)
view   0 | SOD= 570.546 mm | SDD= 675.501 mm | M= 1.184 | incident=3.8197°
[[  99.01576    -561.33154     -25.001389  ]
 [ -18.059677    102.42244      19.998611  ]
 [   0.14732581    0.02598588    0.        ]
 [   0.            0.            0.1496    ]]

iter 27 cost=0.029164 -> 0.038945 |dtheta|=5.687454e-03  lambda=8.138e+01

============================================================
Iteration 28
============================================================
Theta offsets (Unity frame):
  Source   : dSx=   0.000, dSy=   0.000, dSz=   0.000  (mm)
  Object   : dOx= -10.003, dOy=   5.000, dOz= -19.000  (mm)
  Object offset: offset_x=  -0.004, offset_z=  -0.005  (mm)
  Detector : dDx=   0.000, dDy=   0.000, dDz=   0.000  (mm)
  Obj Stage rotY :   10.008 deg
============================================================

Unity geometry (world coordinates):
  Source   : x=   0.000, y=  45.000, z=   0.000
  Object   : x=  -0.003, y=  20.000, z= 570.000
  Detector : x=   0.000, y=   0.000, z= 674.000
  Obj rotY :   0.0000 deg
view   0 | SOD= 570.543 mm | SDD= 675.501 mm | M= 1.184 | incident=3.8197°
[[  99.06301    -561.321       -24.999859  ]
 [ -18.0684      102.423134     20.000141  ]
 [   0.14732361    0.02599831    0.        ]
 [   0.            0.            0.1496    ]]
Residual vector length: 27, Jacobian shape: (27, 6)
view   0 | SOD= 570.545 mm | SDD= 675.501 mm | M= 1.184 | incident=3.8197°
[[  99.04759    -561.325       -25.000801  ]
 [ -18.065826    102.42229      19.999199  ]
 [   0.14732432    0.02599431    0.        ]
 [   0.            0.            0.1496    ]]

iter 28 cost=0.029164 -> 0.027308 |dtheta|=2.311876e-03  lambda=4.069e+02

============================================================
Iteration 29
============================================================
Theta offsets (Unity frame):
  Source   : dSx=   0.000, dSy=   0.000, dSz=   0.000  (mm)
  Object   : dOx= -10.003, dOy=   4.999, dOz= -19.000  (mm)
  Object offset: offset_x=  -0.003, offset_z=  -0.003  (mm)
  Detector : dDx=   0.000, dDy=   0.000, dDz=   0.000  (mm)
  Obj Stage rotY :   10.006 deg
============================================================

Unity geometry (world coordinates):
  Source   : x=   0.000, y=  45.000, z=   0.000
  Object   : x=  -0.003, y=  19.999, z= 570.000
  Detector : x=   0.000, y=   0.000, z= 674.000
  Obj rotY :   0.0000 deg
view   0 | SOD= 570.545 mm | SDD= 675.501 mm | M= 1.184 | incident=3.8197°
[[  99.04759    -561.325       -25.000801  ]
 [ -18.065826    102.42229      19.999199  ]
 [   0.14732432    0.02599431    0.        ]
 [   0.            0.            0.1496    ]]
Residual vector length: 27, Jacobian shape: (27, 6)
view   0 | SOD= 570.546 mm | SDD= 675.501 mm | M= 1.184 | incident=3.8197°
[[  99.03596    -561.32806     -25.000599  ]
 [ -18.063902    102.42163      19.999401  ]
 [   0.14732485    0.0259913     0.        ]
 [   0.            0.            0.1496    ]]

iter 29 cost=0.027308 -> 0.031959 |dtheta|=1.633866e-03  lambda=1.356e+02

============================================================
Iteration 30
============================================================
Theta offsets (Unity frame):
  Source   : dSx=   0.000, dSy=   0.000, dSz=   0.000  (mm)
  Object   : dOx= -10.003, dOy=   4.999, dOz= -19.000  (mm)
  Object offset: offset_x=  -0.003, offset_z=  -0.003  (mm)
  Detector : dDx=   0.000, dDy=   0.000, dDz=   0.000  (mm)
  Obj Stage rotY :   10.006 deg
============================================================

Unity geometry (world coordinates):
  Source   : x=   0.000, y=  45.000, z=   0.000
  Object   : x=  -0.003, y=  19.999, z= 570.000
  Detector : x=   0.000, y=   0.000, z= 674.000
  Obj rotY :   0.0000 deg
view   0 | SOD= 570.545 mm | SDD= 675.501 mm | M= 1.184 | incident=3.8197°
[[  99.04759    -561.325       -25.000801  ]
 [ -18.065826    102.42229      19.999199  ]
 [   0.14732432    0.02599431    0.        ]
 [   0.            0.            0.1496    ]]
Residual vector length: 27, Jacobian shape: (27, 6)
view   0 | SOD= 570.545 mm | SDD= 675.501 mm | M= 1.184 | incident=3.8197°
[[  99.044205   -561.32605     -25.000671  ]
 [ -18.065384    102.42193      19.999329  ]
 [   0.14732447    0.02599346    0.        ]
 [   0.            0.            0.1496    ]]

iter 30 cost=0.027308 -> 0.025215 |dtheta|=6.381266e-04  lambda=6.782e+02

============================================================
Iteration 31
============================================================
Theta offsets (Unity frame):
  Source   : dSx=   0.000, dSy=   0.000, dSz=   0.000  (mm)
  Object   : dOx= -10.003, dOy=   4.999, dOz= -19.000  (mm)
  Object offset: offset_x=  -0.003, offset_z=  -0.003  (mm)
  Detector : dDx=   0.000, dDy=   0.000, dDz=   0.000  (mm)
  Obj Stage rotY :   10.006 deg
============================================================

Unity geometry (world coordinates):
  Source   : x=   0.000, y=  45.000, z=   0.000
  Object   : x=  -0.003, y=  19.999, z= 570.000
  Detector : x=   0.000, y=   0.000, z= 674.000
  Obj rotY :   0.0000 deg
view   0 | SOD= 570.545 mm | SDD= 675.501 mm | M= 1.184 | incident=3.8197°
[[  99.044205   -561.32605     -25.000671  ]
 [ -18.065384    102.42193      19.999329  ]
 [   0.14732447    0.02599346    0.        ]
 [   0.            0.            0.1496    ]]
Residual vector length: 27, Jacobian shape: (27, 6)
view   0 | SOD= 570.546 mm | SDD= 675.501 mm | M= 1.184 | incident=3.8197°
[[  99.034256   -561.32874     -25.000854  ]
 [ -18.063877    102.421265     19.999146  ]
 [   0.14732492    0.02599092    0.        ]
 [   0.            0.            0.1496    ]]

iter 31 cost=0.025215 -> 0.031392 |dtheta|=1.280163e-03  lambda=2.261e+02

============================================================
Iteration 32
============================================================
Theta offsets (Unity frame):
  Source   : dSx=   0.000, dSy=   0.000, dSz=   0.000  (mm)
  Object   : dOx= -10.003, dOy=   4.999, dOz= -19.000  (mm)
  Object offset: offset_x=  -0.003, offset_z=  -0.003  (mm)
  Detector : dDx=   0.000, dDy=   0.000, dDz=   0.000  (mm)
  Obj Stage rotY :   10.006 deg
============================================================

Unity geometry (world coordinates):
  Source   : x=   0.000, y=  45.000, z=   0.000
  Object   : x=  -0.003, y=  19.999, z= 570.000
  Detector : x=   0.000, y=   0.000, z= 674.000
  Obj rotY :   0.0000 deg
view   0 | SOD= 570.545 mm | SDD= 675.501 mm | M= 1.184 | incident=3.8197°
[[  99.044205   -561.32605     -25.000671  ]
 [ -18.065384    102.42193      19.999329  ]
 [   0.14732447    0.02599346    0.        ]
 [   0.            0.            0.1496    ]]
Residual vector length: 27, Jacobian shape: (27, 6)
view   0 | SOD= 570.545 mm | SDD= 675.501 mm | M= 1.184 | incident=3.8197°
[[  99.04172    -561.3268      -25.00075   ]
 [ -18.065128    102.42166      19.99925   ]
 [   0.14732458    0.02599285    0.        ]
 [   0.            0.            0.1496    ]]

iter 32 cost=0.025215 -> 0.029867 |dtheta|=3.919160e-04  lambda=1.130e+03

============================================================
Iteration 33
============================================================
Theta offsets (Unity frame):
  Source   : dSx=   0.000, dSy=   0.000, dSz=   0.000  (mm)
  Object   : dOx= -10.003, dOy=   4.999, dOz= -19.000  (mm)
  Object offset: offset_x=  -0.003, offset_z=  -0.003  (mm)
  Detector : dDx=   0.000, dDy=   0.000, dDz=   0.000  (mm)
  Obj Stage rotY :   10.006 deg
============================================================

Unity geometry (world coordinates):
  Source   : x=   0.000, y=  45.000, z=   0.000
  Object   : x=  -0.003, y=  19.999, z= 570.000
  Detector : x=   0.000, y=   0.000, z= 674.000
  Obj rotY :   0.0000 deg
view   0 | SOD= 570.545 mm | SDD= 675.501 mm | M= 1.184 | incident=3.8197°
[[  99.044205   -561.32605     -25.000671  ]
 [ -18.065384    102.42193      19.999329  ]
 [   0.14732447    0.02599346    0.        ]
 [   0.            0.            0.1496    ]]
Residual vector length: 27, Jacobian shape: (27, 6)
view   0 | SOD= 570.545 mm | SDD= 675.501 mm | M= 1.184 | incident=3.8197°
[[  99.04369    -561.32623     -25.00069   ]
 [ -18.06534     102.421814     19.99931   ]
 [   0.14732449    0.02599334    0.        ]
 [   0.            0.            0.1496    ]]

iter 33 cost=0.025215 -> 0.025215 |dtheta|=9.408310e-05  lambda=5.651e+03

============================================================
Iteration 34
============================================================
Theta offsets (Unity frame):
  Source   : dSx=   0.000, dSy=   0.000, dSz=   0.000  (mm)
  Object   : dOx= -10.003, dOy=   4.999, dOz= -19.000  (mm)
  Object offset: offset_x=  -0.003, offset_z=  -0.003  (mm)
  Detector : dDx=   0.000, dDy=   0.000, dDz=   0.000  (mm)
  Obj Stage rotY :   10.006 deg
============================================================

Unity geometry (world coordinates):
  Source   : x=   0.000, y=  45.000, z=   0.000
  Object   : x=  -0.003, y=  19.999, z= 570.000
  Detector : x=   0.000, y=   0.000, z= 674.000
  Obj rotY :   0.0000 deg
view   0 | SOD= 570.545 mm | SDD= 675.501 mm | M= 1.184 | incident=3.8197°
[[  99.044205   -561.32605     -25.000671  ]
 [ -18.065384    102.42193      19.999329  ]
 [   0.14732447    0.02599346    0.        ]
 [   0.            0.            0.1496    ]]
Residual vector length: 27, Jacobian shape: (27, 6)
view   0 | SOD= 570.545 mm | SDD= 675.501 mm | M= 1.184 | incident=3.8197°
[[  99.0441     -561.32605     -25.000675  ]
 [ -18.06538     102.42193      19.999325  ]
 [   0.14732447    0.02599344    0.        ]
 [   0.            0.            0.1496    ]]

iter 34 cost=0.025215 -> 0.025215 |dtheta|=1.979544e-05  lambda=2.826e+04

============================================================
Iteration 35
============================================================
Theta offsets (Unity frame):
  Source   : dSx=   0.000, dSy=   0.000, dSz=   0.000  (mm)
  Object   : dOx= -10.003, dOy=   4.999, dOz= -19.000  (mm)
  Object offset: offset_x=  -0.003, offset_z=  -0.003  (mm)
  Detector : dDx=   0.000, dDy=   0.000, dDz=   0.000  (mm)
  Obj Stage rotY :   10.006 deg
============================================================

Unity geometry (world coordinates):
  Source   : x=   0.000, y=  45.000, z=   0.000
  Object   : x=  -0.003, y=  19.999, z= 570.000
  Detector : x=   0.000, y=   0.000, z= 674.000
  Obj rotY :   0.0000 deg
view   0 | SOD= 570.545 mm | SDD= 675.501 mm | M= 1.184 | incident=3.8197°
[[  99.044205   -561.32605     -25.000671  ]
 [ -18.065384    102.42193      19.999329  ]
 [   0.14732447    0.02599346    0.        ]
 [   0.            0.            0.1496    ]]
Residual vector length: 27, Jacobian shape: (27, 6)
view   0 | SOD= 570.545 mm | SDD= 675.501 mm | M= 1.184 | incident=3.8197°
[[  99.04418    -561.32605     -25.000671  ]
 [ -18.065384    102.42193      19.999329  ]
 [   0.14732447    0.02599346    0.        ]
 [   0.            0.            0.1496    ]]

iter 35 cost=0.025215 -> 0.025215 |dtheta|=4.003178e-06  lambda=1.413e+05

============================================================
Iteration 36
============================================================
Theta offsets (Unity frame):
  Source   : dSx=   0.000, dSy=   0.000, dSz=   0.000  (mm)
  Object   : dOx= -10.003, dOy=   4.999, dOz= -19.000  (mm)
  Object offset: offset_x=  -0.003, offset_z=  -0.003  (mm)
  Detector : dDx=   0.000, dDy=   0.000, dDz=   0.000  (mm)
  Obj Stage rotY :   10.006 deg
============================================================

Unity geometry (world coordinates):
  Source   : x=   0.000, y=  45.000, z=   0.000
  Object   : x=  -0.003, y=  19.999, z= 570.000
  Detector : x=   0.000, y=   0.000, z= 674.000
  Obj rotY :   0.0000 deg
view   0 | SOD= 570.545 mm | SDD= 675.501 mm | M= 1.184 | incident=3.8197°
[[  99.044205   -561.32605     -25.000671  ]
 [ -18.065384    102.42193      19.999329  ]
 [   0.14732447    0.02599346    0.        ]
 [   0.            0.            0.1496    ]]
Residual vector length: 27, Jacobian shape: (27, 6)
view   0 | SOD= 570.545 mm | SDD= 675.501 mm | M= 1.184 | incident=3.8197°
[[  99.044205   -561.32605     -25.000671  ]
 [ -18.065384    102.42193      19.999329  ]
 [   0.14732447    0.02599346    0.        ]
 [   0.            0.            0.1496    ]]

iter 36 cost=0.025215 -> 0.025215 |dtheta|=8.024450e-07  lambda=7.064e+05
Converged.

Estimated theta:
  dSx: +0.000000
  dSy: +0.000000
  dOx: -10.002712
  dOy: +4.999329
  dOz: -19.000093
  dDx: +0.000000
  dDy: +0.000000
  dDz: +0.000000
alpha: +1.000610e+01 deg)
offset_x: -0.002819
offset_z: -0.002813

Final cost table:
Fake theta: [  0.   0. -10.   5. -19.   0.   0.   0.  10.   0.   0.]
Final estimated theta: [  0.           0.         -10.0027123    4.99932939 -19.00009285
   0.           0.           0.          10.00610445  -0.00281942
  -0.0028134 ]
Diff from Expected: [ 0.          0.         -0.0027123  -0.00067061 -0.00009285  0.
  0.          0.          0.00610445 -0.00281942 -0.0028134 ]
################################################################################

