Phantom already exists, skipping: cuboid_phantom_3_normal.npy

################################################################################
Running cuboid=normal scenario=G0 N_ANGLES=10, K=3
view   0 | SOD= 570.548 mm | SDD= 675.501 mm | M= 1.184 | incident=3.8197°
[[  98.97946    -561.3404      -25.        ]
 [ -18.05941     102.420006     20.        ]
 [   0.14732724    0.02597777    0.        ]
 [   0.            0.            0.1496    ]]
          image          x1         y1  area1          x2          y2  area2          x3          y3  area3
0  proj_000.png  509.668464  62.415094    742  447.264840  270.255708    657  509.696477  502.943089    738
1  proj_001.png  417.500000  62.500000    732  534.000000  270.668189    657  417.521680  502.272358    738
2  proj_002.png  350.129032  62.582048    713  600.901639  273.105812    671  350.060140  496.502098    715
3  proj_003.png  333.377358  62.955007    689  622.517986  276.988489    695  333.398844  488.359827    692
4  proj_004.png  371.165635  63.243034    646  588.491501  280.647309    706  371.150077  481.099541    653
5  proj_005.png  447.309231  63.392308    650  509.708895  282.761456    742  447.264036  477.141123    659
6  proj_006.png  534.001531  63.336907    653  417.500000  282.382114    738  534.019578  477.912651    664
7  proj_007.png  600.864785  63.127786    673  350.079944  279.538569    713  600.934815  483.051852    675
8  proj_008.png  622.500717  62.969871    697  333.406433  275.788012    684  622.500000  491.000000    696
9  proj_009.png  588.452482  62.519149    705  371.150307  272.161043    652  588.425743  498.690240    707

============================================================
Iteration 0
============================================================
Theta offsets (Unity frame):
  Source   : dSx=   0.000, dSy=   0.000, dSz=   0.000  (mm)
  Object   : dOx=   0.000, dOy=   0.000, dOz=   0.000  (mm)
  Object offset: offset_x=   0.000, offset_z=   0.000  (mm)
  Detector : dDx=   0.000, dDy=   0.000, dDz=   0.000  (mm)
  Obj Stage rotY :    0.000 deg
============================================================

Unity geometry (world coordinates):
  Source   : x=   0.000, y=  45.000, z=   0.000
  Object   : x=  10.000, y=  15.000, z= 589.000
  Detector : x=   0.000, y=   0.000, z= 674.000
  Obj rotY :   0.0000 deg
view   0 | SOD= 589.848 mm | SDD= 675.501 mm | M= 1.145 | incident=3.8197°
[[ -10.     -589.      -30.    ]
 [ -10.       85.       15.    ]
 [   0.1496    0.        0.    ]
 [   0.        0.        0.1496]]
Residual vector length: 90, Jacobian shape: (90, 6)
view   0 | SOD= 596.142 mm | SDD= 675.501 mm | M= 1.133 | incident=3.8197°
[[ 119.71227    -583.3615      -27.264467  ]
 [ -17.153526     76.59585      17.735533  ]
 [   0.14648312    0.03037852    0.        ]
 [   0.            0.            0.1496    ]]

iter 00 cost=115162.126589 -> 12251.884196 |dtheta|=1.553015e+01  lambda=1.000e-02

============================================================
Iteration 1
============================================================
Theta offsets (Unity frame):
  Source   : dSx=   0.000, dSy=   0.000, dSz=   0.000  (mm)
  Object   : dOx=  -7.430, dOy=   2.736, dOz=   6.277  (mm)
  Object offset: offset_x=  -1.327, offset_z=   0.240  (mm)
  Detector : dDx=   0.000, dDy=   0.000, dDz=   0.000  (mm)
  Obj Stage rotY :   11.716 deg
============================================================

Unity geometry (world coordinates):
  Source   : x=   0.000, y=  45.000, z=   0.000
  Object   : x=   2.570, y=  17.736, z= 595.277
  Detector : x=   0.000, y=   0.000, z= 674.000
  Obj rotY :   0.0000 deg
view   0 | SOD= 596.142 mm | SDD= 675.501 mm | M= 1.133 | incident=3.8197°
[[ 119.71227    -583.3615      -27.264467  ]
 [ -17.153526     76.59585      17.735533  ]
 [   0.14648312    0.03037852    0.        ]
 [   0.            0.            0.1496    ]]
Residual vector length: 90, Jacobian shape: (90, 6)
view   0 | SOD= 590.799 mm | SDD= 675.501 mm | M= 1.143 | incident=3.8197°
[[ 109.67393    -579.92535     -26.488707  ]
 [ -16.146158     82.22667      18.511293  ]
 [   0.14697024    0.02792683    0.        ]
 [   0.            0.            0.1496    ]]

iter 01 cost=12251.884196 -> 3885.598668 |dtheta|=5.533869e+00  lambda=3.333e-03

============================================================
Iteration 2
============================================================
Theta offsets (Unity frame):
  Source   : dSx=   0.000, dSy=   0.000, dSz=   0.000  (mm)
  Object   : dOx=  -9.167, dOy=   3.511, dOz=   1.280  (mm)
  Object offset: offset_x=  -0.320, offset_z=  -0.075  (mm)
  Detector : dDx=   0.000, dDy=   0.000, dDz=   0.000  (mm)
  Obj Stage rotY :   10.759 deg
============================================================

Unity geometry (world coordinates):
  Source   : x=   0.000, y=  45.000, z=   0.000
  Object   : x=   0.833, y=  18.511, z= 590.280
  Detector : x=   0.000, y=   0.000, z= 674.000
  Obj rotY :   0.0000 deg
view   0 | SOD= 590.799 mm | SDD= 675.501 mm | M= 1.143 | incident=3.8197°
[[ 109.67393    -579.92535     -26.488707  ]
 [ -16.146158     82.22667      18.511293  ]
 [   0.14697024    0.02792683    0.        ]
 [   0.            0.            0.1496    ]]
Residual vector length: 90, Jacobian shape: (90, 6)
view   0 | SOD= 585.769 mm | SDD= 675.501 mm | M= 1.153 | incident=3.8197°
[[ 101.74419    -576.289       -25.766356  ]
 [ -15.609538     87.415855     19.233644  ]
 [   0.1473149     0.02604765    0.        ]
 [   0.            0.            0.1496    ]]

iter 02 cost=3885.598668 -> 1671.385186 |dtheta|=5.207931e+00  lambda=1.111e-03

============================================================
Iteration 3
============================================================
Theta offsets (Unity frame):
  Source   : dSx=   0.000, dSy=   0.000, dSz=   0.000  (mm)
  Object   : dOx=  -9.793, dOy=   4.234, dOz=  -3.780  (mm)
  Object offset: offset_x=  -0.056, offset_z=  -0.018  (mm)
  Detector : dDx=   0.000, dDy=   0.000, dDz=   0.000  (mm)
  Obj Stage rotY :   10.027 deg
============================================================

Unity geometry (world coordinates):
  Source   : x=   0.000, y=  45.000, z=   0.000
  Object   : x=   0.207, y=  19.234, z= 585.220
  Detector : x=   0.000, y=   0.000, z= 674.000
  Obj rotY :   0.0000 deg
view   0 | SOD= 585.769 mm | SDD= 675.501 mm | M= 1.153 | incident=3.8197°
[[ 101.74419    -576.289       -25.766356  ]
 [ -15.609538     87.415855     19.233644  ]
 [   0.1473149     0.02604765    0.        ]
 [   0.            0.            0.1496    ]]
Residual vector length: 90, Jacobian shape: (90, 6)
view   0 | SOD= 582.592 mm | SDD= 675.501 mm | M= 1.159 | incident=3.8197°
[[ 101.709076   -573.0811      -25.427176  ]
 [ -16.163052     90.53184      19.572824  ]
 [   0.1472945     0.02616272    0.        ]
 [   0.            0.            0.1496    ]]

iter 03 cost=1671.385186 -> 1060.237975 |dtheta|=3.135370e+00  lambda=3.704e-04

============================================================
Iteration 4
============================================================
Theta offsets (Unity frame):
  Source   : dSx=   0.000, dSy=   0.000, dSz=   0.000  (mm)
  Object   : dOx=  -9.957, dOy=   4.573, dOz=  -6.890  (mm)
  Object offset: offset_x=   0.038, offset_z=  -0.073  (mm)
  Detector : dDx=   0.000, dDy=   0.000, dDz=   0.000  (mm)
  Obj Stage rotY :   10.072 deg
============================================================

Unity geometry (world coordinates):
  Source   : x=   0.000, y=  45.000, z=   0.000
  Object   : x=   0.043, y=  19.573, z= 582.109
  Detector : x=   0.000, y=   0.000, z= 674.000
  Obj rotY :   0.0000 deg
view   0 | SOD= 582.592 mm | SDD= 675.501 mm | M= 1.159 | incident=3.8197°
[[ 101.709076   -573.0811      -25.427176  ]
 [ -16.163052     90.53184      19.572824  ]
 [   0.1472945     0.02616272    0.        ]
 [   0.            0.            0.1496    ]]
Residual vector length: 90, Jacobian shape: (90, 6)
view   0 | SOD= 578.770 mm | SDD= 675.501 mm | M= 1.167 | incident=3.8197°
[[ 100.686295   -569.3805      -25.365253  ]
 [ -16.638676     94.32945      19.634747  ]
 [   0.14731602    0.02604127    0.        ]
 [   0.            0.            0.1496    ]]

iter 04 cost=1060.237975 -> 482.387131 |dtheta|=4.001869e+00  lambda=1.235e-04

============================================================
Iteration 5
============================================================
Theta offsets (Unity frame):
  Source   : dSx=   0.000, dSy=   0.000, dSz=   0.000  (mm)
  Object   : dOx= -10.126, dOy=   4.635, dOz= -10.884  (mm)
  Object offset: offset_x=   0.091, offset_z=   0.098  (mm)
  Detector : dDx=   0.000, dDy=   0.000, dDz=   0.000  (mm)
  Obj Stage rotY :   10.025 deg
============================================================

Unity geometry (world coordinates):
  Source   : x=   0.000, y=  45.000, z=   0.000
  Object   : x=  -0.126, y=  19.635, z= 578.116
  Detector : x=   0.000, y=   0.000, z= 674.000
  Obj rotY :   0.0000 deg
view   0 | SOD= 578.770 mm | SDD= 675.501 mm | M= 1.167 | incident=3.8197°
[[ 100.686295   -569.3805      -25.365253  ]
 [ -16.638676     94.32945      19.634747  ]
 [   0.14731602    0.02604127    0.        ]
 [   0.            0.            0.1496    ]]
Residual vector length: 90, Jacobian shape: (90, 6)
view   0 | SOD= 576.376 mm | SDD= 675.501 mm | M= 1.172 | incident=3.8197°
[[ 100.22378    -567.0333      -25.257298  ]
 [ -16.99151      96.69599      19.742702  ]
 [   0.14732033    0.02601692    0.        ]
 [   0.            0.            0.1496    ]]

iter 05 cost=482.387131 -> 244.874482 |dtheta|=2.334788e+00  lambda=4.115e-05

============================================================
Iteration 6
============================================================
Theta offsets (Unity frame):
  Source   : dSx=   0.000, dSy=   0.000, dSz=   0.000  (mm)
  Object   : dOx= -10.024, dOy=   4.743, dOz= -13.208  (mm)
  Object offset: offset_x=  -0.060, offset_z=   0.031  (mm)
  Detector : dDx=   0.000, dDy=   0.000, dDz=   0.000  (mm)
  Obj Stage rotY :   10.015 deg
============================================================

Unity geometry (world coordinates):
  Source   : x=   0.000, y=  45.000, z=   0.000
  Object   : x=  -0.024, y=  19.743, z= 575.792
  Detector : x=   0.000, y=   0.000, z= 674.000
  Obj rotY :   0.0000 deg
view   0 | SOD= 576.376 mm | SDD= 675.501 mm | M= 1.172 | incident=3.8197°
[[ 100.22378    -567.0333      -25.257298  ]
 [ -16.99151      96.69599      19.742702  ]
 [   0.14732033    0.02601692    0.        ]
 [   0.            0.            0.1496    ]]
Residual vector length: 90, Jacobian shape: (90, 6)
view   0 | SOD= 574.425 mm | SDD= 675.501 mm | M= 1.176 | incident=3.8197°
[[  99.56928    -565.1697      -25.173914  ]
 [ -17.211456     98.63623      19.826086  ]
 [   0.14733733    0.02592047    0.        ]
 [   0.            0.            0.1496    ]]

iter 06 cost=244.874482 -> 121.877065 |dtheta|=1.879893e+00  lambda=1.372e-05

============================================================
Iteration 7
============================================================
Theta offsets (Unity frame):
  Source   : dSx=   0.000, dSy=   0.000, dSz=   0.000  (mm)
  Object   : dOx= -10.076, dOy=   4.826, dOz= -15.084  (mm)
  Object offset: offset_x=  -0.063, offset_z=  -0.043  (mm)
  Detector : dDx=   0.000, dDy=   0.000, dDz=   0.000  (mm)
  Obj Stage rotY :    9.978 deg
============================================================

Unity geometry (world coordinates):
  Source   : x=   0.000, y=  45.000, z=   0.000
  Object   : x=  -0.076, y=  19.826, z= 573.916
  Detector : x=   0.000, y=   0.000, z= 674.000
  Obj rotY :   0.0000 deg
view   0 | SOD= 574.425 mm | SDD= 675.501 mm | M= 1.176 | incident=3.8197°
[[  99.56928    -565.1697      -25.173914  ]
 [ -17.211456     98.63623      19.826086  ]
 [   0.14733733    0.02592047    0.        ]
 [   0.            0.            0.1496    ]]
Residual vector length: 90, Jacobian shape: (90, 6)
view   0 | SOD= 573.587 mm | SDD= 675.501 mm | M= 1.178 | incident=3.8197°
[[  99.55586    -564.3209      -25.15366   ]
 [ -17.624903     99.41444      19.84634   ]
 [   0.14732169    0.02600926    0.        ]
 [   0.            0.            0.1496    ]]

iter 07 cost=121.877065 -> 68.945537 |dtheta|=9.158141e-01  lambda=4.572e-06

============================================================
Iteration 8
============================================================
Theta offsets (Unity frame):
  Source   : dSx=   0.000, dSy=   0.000, dSz=   0.000  (mm)
  Object   : dOx=  -9.997, dOy=   4.846, dOz= -15.983  (mm)
  Object offset: offset_x=   0.070, offset_z=   0.019  (mm)
  Detector : dDx=   0.000, dDy=   0.000, dDz=   0.000  (mm)
  Obj Stage rotY :   10.012 deg
============================================================

Unity geometry (world coordinates):
  Source   : x=   0.000, y=  45.000, z=   0.000
  Object   : x=   0.003, y=  19.846, z= 573.017
  Detector : x=   0.000, y=   0.000, z= 674.000
  Obj rotY :   0.0000 deg
view   0 | SOD= 573.587 mm | SDD= 675.501 mm | M= 1.178 | incident=3.8197°
[[  99.55586    -564.3209      -25.15366   ]
 [ -17.624903     99.41444      19.84634   ]
 [   0.14732169    0.02600926    0.        ]
 [   0.            0.            0.1496    ]]
Residual vector length: 90, Jacobian shape: (90, 6)
view   0 | SOD= 572.430 mm | SDD= 675.501 mm | M= 1.180 | incident=3.8197°
[[  98.97689    -563.2476      -25.125965  ]
 [ -17.685617    100.57906      19.874035  ]
 [   0.14734195    0.02589423    0.        ]
 [   0.            0.            0.1496    ]]

iter 08 cost=68.945537 -> 25.835130 |dtheta|=1.169489e+00  lambda=1.524e-06

============================================================
Iteration 9
============================================================
Theta offsets (Unity frame):
  Source   : dSx=   0.000, dSy=   0.000, dSz=   0.000  (mm)
  Object   : dOx= -10.009, dOy=   4.874, dOz= -17.150  (mm)
  Object offset: offset_x=   0.018, offset_z=   0.028  (mm)
  Detector : dDx=   0.000, dDy=   0.000, dDz=   0.000  (mm)
  Obj Stage rotY :    9.968 deg
============================================================

Unity geometry (world coordinates):
  Source   : x=   0.000, y=  45.000, z=   0.000
  Object   : x=  -0.009, y=  19.874, z= 571.850
  Detector : x=   0.000, y=   0.000, z= 674.000
  Obj rotY :   0.0000 deg
view   0 | SOD= 572.430 mm | SDD= 675.501 mm | M= 1.180 | incident=3.8197°
[[  98.97689    -563.2476      -25.125965  ]
 [ -17.685617    100.57906      19.874035  ]
 [   0.14734195    0.02589423    0.        ]
 [   0.            0.            0.1496    ]]
Residual vector length: 90, Jacobian shape: (90, 6)
view   0 | SOD= 571.602 mm | SDD= 675.501 mm | M= 1.182 | incident=3.8197°
[[  99.153755   -562.37823     -25.072062  ]
 [ -17.860025    101.38662      19.927938  ]
 [   0.14732823    0.0259722     0.        ]
 [   0.            0.            0.1496    ]]

iter 09 cost=25.835130 -> 7.979517 |dtheta|=8.065932e-01  lambda=1.000e-06

============================================================
Iteration 10
============================================================
Theta offsets (Unity frame):
  Source   : dSx=   0.000, dSy=   0.000, dSz=   0.000  (mm)
  Object   : dOx= -10.006, dOy=   4.928, dOz= -17.954  (mm)
  Object offset: offset_x=  -0.007, offset_z=   0.006  (mm)
  Detector : dDx=   0.000, dDy=   0.000, dDz=   0.000  (mm)
  Obj Stage rotY :    9.998 deg
============================================================

Unity geometry (world coordinates):
  Source   : x=   0.000, y=  45.000, z=   0.000
  Object   : x=  -0.006, y=  19.928, z= 571.046
  Detector : x=   0.000, y=   0.000, z= 674.000
  Obj rotY :   0.0000 deg
view   0 | SOD= 571.602 mm | SDD= 675.501 mm | M= 1.182 | incident=3.8197°
[[  99.153755   -562.37823     -25.072062  ]
 [ -17.860025    101.38662      19.927938  ]
 [   0.14732823    0.0259722     0.        ]
 [   0.            0.            0.1496    ]]
Residual vector length: 90, Jacobian shape: (90, 6)
view   0 | SOD= 571.411 mm | SDD= 675.501 mm | M= 1.182 | incident=3.8197°
[[  99.17111    -562.1816      -25.046576  ]
 [ -17.905539    101.57221      19.953424  ]
 [   0.14732575    0.02598615    0.        ]
 [   0.            0.            0.1496    ]]

iter 10 cost=7.979517 -> 5.202797 |dtheta|=2.018780e-01  lambda=1.000e-06

============================================================
Iteration 11
============================================================
Theta offsets (Unity frame):
  Source   : dSx=   0.000, dSy=   0.000, dSz=   0.000  (mm)
  Object   : dOx= -10.008, dOy=   4.953, dOz= -18.154  (mm)
  Object offset: offset_x=  -0.003, offset_z=   0.016  (mm)
  Detector : dDx=   0.000, dDy=   0.000, dDz=   0.000  (mm)
  Obj Stage rotY :   10.003 deg
============================================================

Unity geometry (world coordinates):
  Source   : x=   0.000, y=  45.000, z=   0.000
  Object   : x=  -0.008, y=  19.953, z= 570.846
  Detector : x=   0.000, y=   0.000, z= 674.000
  Obj rotY :   0.0000 deg
view   0 | SOD= 571.411 mm | SDD= 675.501 mm | M= 1.182 | incident=3.8197°
[[  99.17111    -562.1816      -25.046576  ]
 [ -17.905539    101.57221      19.953424  ]
 [   0.14732575    0.02598615    0.        ]
 [   0.            0.            0.1496    ]]
Residual vector length: 90, Jacobian shape: (90, 6)
view   0 | SOD= 571.147 mm | SDD= 675.501 mm | M= 1.183 | incident=3.8197°
[[  99.05713    -561.9337      -25.034012  ]
 [ -17.94832     101.832596     19.965988  ]
 [   0.14732854    0.02597035    0.        ]
 [   0.            0.            0.1496    ]]

iter 11 cost=5.202797 -> 2.896893 |dtheta|=2.632248e-01  lambda=1.000e-06

============================================================
Iteration 12
============================================================
Theta offsets (Unity frame):
  Source   : dSx=   0.000, dSy=   0.000, dSz=   0.000  (mm)
  Object   : dOx= -10.007, dOy=   4.966, dOz= -18.417  (mm)
  Object offset: offset_x=   0.005, offset_z=   0.014  (mm)
  Detector : dDx=   0.000, dDy=   0.000, dDz=   0.000  (mm)
  Obj Stage rotY :    9.997 deg
============================================================

Unity geometry (world coordinates):
  Source   : x=   0.000, y=  45.000, z=   0.000
  Object   : x=  -0.007, y=  19.966, z= 570.583
  Detector : x=   0.000, y=   0.000, z= 674.000
  Obj rotY :   0.0000 deg
view   0 | SOD= 571.147 mm | SDD= 675.501 mm | M= 1.183 | incident=3.8197°
[[  99.05713    -561.9337      -25.034012  ]
 [ -17.94832     101.832596     19.965988  ]
 [   0.14732854    0.02597035    0.        ]
 [   0.            0.            0.1496    ]]
Residual vector length: 90, Jacobian shape: (90, 6)
view   0 | SOD= 570.975 mm | SDD= 675.501 mm | M= 1.183 | incident=3.8197°
[[  99.02609    -561.76556     -25.010859  ]
 [ -17.978128    102.001        19.989141  ]
 [   0.1473286     0.02597008    0.        ]
 [   0.            0.            0.1496    ]]

iter 12 cost=2.896893 -> 1.413553 |dtheta|=1.619549e-01  lambda=1.000e-06

============================================================
Iteration 13
============================================================
Theta offsets (Unity frame):
  Source   : dSx=   0.000, dSy=   0.000, dSz=   0.000  (mm)
  Object   : dOx= -10.003, dOy=   4.989, dOz= -18.576  (mm)
  Object offset: offset_x=   0.001, offset_z=   0.003  (mm)
  Detector : dDx=   0.000, dDy=   0.000, dDz=   0.000  (mm)
  Obj Stage rotY :    9.997 deg
============================================================

Unity geometry (world coordinates):
  Source   : x=   0.000, y=  45.000, z=   0.000
  Object   : x=  -0.003, y=  19.989, z= 570.424
  Detector : x=   0.000, y=   0.000, z= 674.000
  Obj rotY :   0.0000 deg
view   0 | SOD= 570.975 mm | SDD= 675.501 mm | M= 1.183 | incident=3.8197°
[[  99.02609    -561.76556     -25.010859  ]
 [ -17.978128    102.001        19.989141  ]
 [   0.1473286     0.02597008    0.        ]
 [   0.            0.            0.1496    ]]
Residual vector length: 90, Jacobian shape: (90, 6)
view   0 | SOD= 570.848 mm | SDD= 675.501 mm | M= 1.183 | incident=3.8197°
[[  99.027725  -561.63635    -25.006182 ]
 [ -18.007254   102.12477     19.993818 ]
 [   0.1473274    0.0259769    0.       ]
 [   0.           0.           0.1496   ]]

iter 13 cost=1.413553 -> 0.803529 |dtheta|=1.226821e-01  lambda=1.000e-06

============================================================
Iteration 14
============================================================
Theta offsets (Unity frame):
  Source   : dSx=   0.000, dSy=   0.000, dSz=   0.000  (mm)
  Object   : dOx= -10.000, dOy=   4.994, dOz= -18.699  (mm)
  Object offset: offset_x=   0.000, offset_z=  -0.001  (mm)
  Detector : dDx=   0.000, dDy=   0.000, dDz=   0.000  (mm)
  Obj Stage rotY :   10.000 deg
============================================================

Unity geometry (world coordinates):
  Source   : x=   0.000, y=  45.000, z=   0.000
  Object   : x=   0.000, y=  19.994, z= 570.301
  Detector : x=   0.000, y=   0.000, z= 674.000
  Obj rotY :   0.0000 deg
view   0 | SOD= 570.848 mm | SDD= 675.501 mm | M= 1.183 | incident=3.8197°
[[  99.027725  -561.63635    -25.006182 ]
 [ -18.007254   102.12477     19.993818 ]
 [   0.1473274    0.0259769    0.       ]
 [   0.           0.           0.1496   ]]
Residual vector length: 90, Jacobian shape: (90, 6)
view   0 | SOD= 570.761 mm | SDD= 675.501 mm | M= 1.184 | incident=3.8197°
[[  99.07573    -561.5394      -25.006363  ]
 [ -18.033913    102.20851      19.993637  ]
 [   0.14732447    0.02599348    0.        ]
 [   0.            0.            0.1496    ]]

iter 14 cost=0.803529 -> 0.486254 |dtheta|=8.906671e-02  lambda=1.000e-06

============================================================
Iteration 15
============================================================
Theta offsets (Unity frame):
  Source   : dSx=   0.000, dSy=   0.000, dSz=   0.000  (mm)
  Object   : dOx=  -9.997, dOy=   4.994, dOz= -18.788  (mm)
  Object offset: offset_x=  -0.002, offset_z=   0.000  (mm)
  Detector : dDx=   0.000, dDy=   0.000, dDz=   0.000  (mm)
  Obj Stage rotY :   10.006 deg
============================================================

Unity geometry (world coordinates):
  Source   : x=   0.000, y=  45.000, z=   0.000
  Object   : x=   0.003, y=  19.994, z= 570.212
  Detector : x=   0.000, y=   0.000, z= 674.000
  Obj rotY :   0.0000 deg
view   0 | SOD= 570.761 mm | SDD= 675.501 mm | M= 1.184 | incident=3.8197°
[[  99.07573    -561.5394      -25.006363  ]
 [ -18.033913    102.20851      19.993637  ]
 [   0.14732447    0.02599348    0.        ]
 [   0.            0.            0.1496    ]]
Residual vector length: 90, Jacobian shape: (90, 6)
view   0 | SOD= 570.693 mm | SDD= 675.501 mm | M= 1.184 | incident=3.8197°
[[  99.08337    -561.469       -25.004543  ]
 [ -18.051176    102.274574     19.995457  ]
 [   0.14732349    0.025999      0.        ]
 [   0.            0.            0.1496    ]]

iter 15 cost=0.486254 -> 0.309389 |dtheta|=6.739108e-02  lambda=1.000e-06

============================================================
Iteration 16
============================================================
Theta offsets (Unity frame):
  Source   : dSx=   0.000, dSy=   0.000, dSz=   0.000  (mm)
  Object   : dOx=  -9.999, dOy=   4.995, dOz= -18.855  (mm)
  Object offset: offset_x=   0.001, offset_z=  -0.000  (mm)
  Detector : dDx=   0.000, dDy=   0.000, dDz=   0.000  (mm)
  Obj Stage rotY :   10.008 deg
============================================================

Unity geometry (world coordinates):
  Source   : x=   0.000, y=  45.000, z=   0.000
  Object   : x=   0.001, y=  19.995, z= 570.145
  Detector : x=   0.000, y=   0.000, z= 674.000
  Obj rotY :   0.0000 deg
view   0 | SOD= 570.693 mm | SDD= 675.501 mm | M= 1.184 | incident=3.8197°
[[  99.08337    -561.469       -25.004543  ]
 [ -18.051176    102.274574     19.995457  ]
 [   0.14732349    0.025999      0.        ]
 [   0.            0.            0.1496    ]]
Residual vector length: 90, Jacobian shape: (90, 6)
view   0 | SOD= 570.652 mm | SDD= 675.501 mm | M= 1.184 | incident=3.8197°
[[  99.07283    -561.4295      -25.005743  ]
 [ -18.058752    102.314575     19.994257  ]
 [   0.14732361    0.02599834    0.        ]
 [   0.            0.            0.1496    ]]

iter 16 cost=0.309389 -> 0.206538 |dtheta|=4.181612e-02  lambda=1.000e-06

============================================================
Iteration 17
============================================================
Theta offsets (Unity frame):
  Source   : dSx=   0.000, dSy=   0.000, dSz=   0.000  (mm)
  Object   : dOx=  -9.998, dOy=   4.994, dOz= -18.897  (mm)
  Object offset: offset_x=   0.001, offset_z=   0.001  (mm)
  Detector : dDx=   0.000, dDy=   0.000, dDz=   0.000  (mm)
  Obj Stage rotY :   10.008 deg
============================================================

Unity geometry (world coordinates):
  Source   : x=   0.000, y=  45.000, z=   0.000
  Object   : x=   0.002, y=  19.994, z= 570.103
  Detector : x=   0.000, y=   0.000, z= 674.000
  Obj rotY :   0.0000 deg
view   0 | SOD= 570.652 mm | SDD= 675.501 mm | M= 1.184 | incident=3.8197°
[[  99.07283    -561.4295      -25.005743  ]
 [ -18.058752    102.314575     19.994257  ]
 [   0.14732361    0.02599834    0.        ]
 [   0.            0.            0.1496    ]]
Residual vector length: 90, Jacobian shape: (90, 6)
view   0 | SOD= 570.619 mm | SDD= 675.501 mm | M= 1.184 | incident=3.8197°
[[  99.06311    -561.39813     -25.004372  ]
 [ -18.06048     102.34737      19.995628  ]
 [   0.14732392    0.02599657    0.        ]
 [   0.            0.            0.1496    ]]

iter 17 cost=0.206538 -> 0.179564 |dtheta|=3.128495e-02  lambda=1.000e-06

============================================================
Iteration 18
============================================================
Theta offsets (Unity frame):
  Source   : dSx=   0.000, dSy=   0.000, dSz=   0.000  (mm)
  Object   : dOx=  -9.999, dOy=   4.996, dOz= -18.928  (mm)
  Object offset: offset_x=  -0.000, offset_z=  -0.001  (mm)
  Detector : dDx=   0.000, dDy=   0.000, dDz=   0.000  (mm)
  Obj Stage rotY :   10.007 deg
============================================================

Unity geometry (world coordinates):
  Source   : x=   0.000, y=  45.000, z=   0.000
  Object   : x=   0.001, y=  19.996, z= 570.072
  Detector : x=   0.000, y=   0.000, z= 674.000
  Obj rotY :   0.0000 deg
view   0 | SOD= 570.619 mm | SDD= 675.501 mm | M= 1.184 | incident=3.8197°
[[  99.06311    -561.39813     -25.004372  ]
 [ -18.06048     102.34737      19.995628  ]
 [   0.14732392    0.02599657    0.        ]
 [   0.            0.            0.1496    ]]
Residual vector length: 90, Jacobian shape: (90, 6)
view   0 | SOD= 570.601 mm | SDD= 675.501 mm | M= 1.184 | incident=3.8197°
[[  99.07543    -561.37695     -25.00415   ]
 [ -18.064253    102.36567      19.99585   ]
 [   0.1473233     0.02600014    0.        ]
 [   0.            0.            0.1496    ]]

iter 18 cost=0.179564 -> 0.156532 |dtheta|=1.780365e-02  lambda=1.000e-06

============================================================
Iteration 19
============================================================
Theta offsets (Unity frame):
  Source   : dSx=   0.000, dSy=   0.000, dSz=   0.000  (mm)
  Object   : dOx= -10.000, dOy=   4.996, dOz= -18.945  (mm)
  Object offset: offset_x=  -0.002, offset_z=  -0.002  (mm)
  Detector : dDx=   0.000, dDy=   0.000, dDz=   0.000  (mm)
  Obj Stage rotY :   10.009 deg
============================================================

Unity geometry (world coordinates):
  Source   : x=   0.000, y=  45.000, z=   0.000
  Object   : x=  -0.000, y=  19.996, z= 570.055
  Detector : x=   0.000, y=   0.000, z= 674.000
  Obj rotY :   0.0000 deg
view   0 | SOD= 570.601 mm | SDD= 675.501 mm | M= 1.184 | incident=3.8197°
[[  99.07543    -561.37695     -25.00415   ]
 [ -18.064253    102.36567      19.99585   ]
 [   0.1473233     0.02600014    0.        ]
 [   0.            0.            0.1496    ]]
Residual vector length: 90, Jacobian shape: (90, 6)
view   0 | SOD= 570.594 mm | SDD= 675.501 mm | M= 1.184 | incident=3.8197°
[[  99.119255   -561.362       -25.003447  ]
 [ -18.076715    102.37072      19.996553  ]
 [   0.14732109    0.02601264    0.        ]
 [   0.            0.            0.1496    ]]

iter 19 cost=0.156532 -> 0.173714 |dtheta|=1.017666e-02  lambda=1.000e-06

============================================================
Iteration 20
============================================================
Theta offsets (Unity frame):
  Source   : dSx=   0.000, dSy=   0.000, dSz=   0.000  (mm)
  Object   : dOx= -10.000, dOy=   4.996, dOz= -18.945  (mm)
  Object offset: offset_x=  -0.002, offset_z=  -0.002  (mm)
  Detector : dDx=   0.000, dDy=   0.000, dDz=   0.000  (mm)
  Obj Stage rotY :   10.009 deg
============================================================

Unity geometry (world coordinates):
  Source   : x=   0.000, y=  45.000, z=   0.000
  Object   : x=  -0.000, y=  19.996, z= 570.055
  Detector : x=   0.000, y=   0.000, z= 674.000
  Obj rotY :   0.0000 deg
view   0 | SOD= 570.601 mm | SDD= 675.501 mm | M= 1.184 | incident=3.8197°
[[  99.07543    -561.37695     -25.00415   ]
 [ -18.064253    102.36567      19.99585   ]
 [   0.1473233     0.02600014    0.        ]
 [   0.            0.            0.1496    ]]
Residual vector length: 90, Jacobian shape: (90, 6)
view   0 | SOD= 570.594 mm | SDD= 675.501 mm | M= 1.184 | incident=3.8197°
[[  99.119255   -561.362       -25.003447  ]
 [ -18.076715    102.37072      19.996553  ]
 [   0.14732109    0.02601264    0.        ]
 [   0.            0.            0.1496    ]]

iter 20 cost=0.156532 -> 0.173714 |dtheta|=1.017666e-02  lambda=5.000e-06

============================================================
Iteration 21
============================================================
Theta offsets (Unity frame):
  Source   : dSx=   0.000, dSy=   0.000, dSz=   0.000  (mm)
  Object   : dOx= -10.000, dOy=   4.996, dOz= -18.945  (mm)
  Object offset: offset_x=  -0.002, offset_z=  -0.002  (mm)
  Detector : dDx=   0.000, dDy=   0.000, dDz=   0.000  (mm)
  Obj Stage rotY :   10.009 deg
============================================================

Unity geometry (world coordinates):
  Source   : x=   0.000, y=  45.000, z=   0.000
  Object   : x=  -0.000, y=  19.996, z= 570.055
  Detector : x=   0.000, y=   0.000, z= 674.000
  Obj rotY :   0.0000 deg
view   0 | SOD= 570.601 mm | SDD= 675.501 mm | M= 1.184 | incident=3.8197°
[[  99.07543    -561.37695     -25.00415   ]
 [ -18.064253    102.36567      19.99585   ]
 [   0.1473233     0.02600014    0.        ]
 [   0.            0.            0.1496    ]]
Residual vector length: 90, Jacobian shape: (90, 6)
view   0 | SOD= 570.594 mm | SDD= 675.501 mm | M= 1.184 | incident=3.8197°
[[  99.119255   -561.362       -25.003447  ]
 [ -18.076715    102.37072      19.996553  ]
 [   0.14732109    0.02601264    0.        ]
 [   0.            0.            0.1496    ]]

iter 21 cost=0.156532 -> 0.173714 |dtheta|=1.017666e-02  lambda=2.500e-05

============================================================
Iteration 22
============================================================
Theta offsets (Unity frame):
  Source   : dSx=   0.000, dSy=   0.000, dSz=   0.000  (mm)
  Object   : dOx= -10.000, dOy=   4.996, dOz= -18.945  (mm)
  Object offset: offset_x=  -0.002, offset_z=  -0.002  (mm)
  Detector : dDx=   0.000, dDy=   0.000, dDz=   0.000  (mm)
  Obj Stage rotY :   10.009 deg
============================================================

Unity geometry (world coordinates):
  Source   : x=   0.000, y=  45.000, z=   0.000
  Object   : x=  -0.000, y=  19.996, z= 570.055
  Detector : x=   0.000, y=   0.000, z= 674.000
  Obj rotY :   0.0000 deg
view   0 | SOD= 570.601 mm | SDD= 675.501 mm | M= 1.184 | incident=3.8197°
[[  99.07543    -561.37695     -25.00415   ]
 [ -18.064253    102.36567      19.99585   ]
 [   0.1473233     0.02600014    0.        ]
 [   0.            0.            0.1496    ]]
Residual vector length: 90, Jacobian shape: (90, 6)
view   0 | SOD= 570.594 mm | SDD= 675.501 mm | M= 1.184 | incident=3.8197°
[[  99.119255   -561.362       -25.003447  ]
 [ -18.076715    102.37072      19.996553  ]
 [   0.14732109    0.02601264    0.        ]
 [   0.            0.            0.1496    ]]

iter 22 cost=0.156532 -> 0.173714 |dtheta|=1.017665e-02  lambda=1.250e-04

============================================================
Iteration 23
============================================================
Theta offsets (Unity frame):
  Source   : dSx=   0.000, dSy=   0.000, dSz=   0.000  (mm)
  Object   : dOx= -10.000, dOy=   4.996, dOz= -18.945  (mm)
  Object offset: offset_x=  -0.002, offset_z=  -0.002  (mm)
  Detector : dDx=   0.000, dDy=   0.000, dDz=   0.000  (mm)
  Obj Stage rotY :   10.009 deg
============================================================

Unity geometry (world coordinates):
  Source   : x=   0.000, y=  45.000, z=   0.000
  Object   : x=  -0.000, y=  19.996, z= 570.055
  Detector : x=   0.000, y=   0.000, z= 674.000
  Obj rotY :   0.0000 deg
view   0 | SOD= 570.601 mm | SDD= 675.501 mm | M= 1.184 | incident=3.8197°
[[  99.07543    -561.37695     -25.00415   ]
 [ -18.064253    102.36567      19.99585   ]
 [   0.1473233     0.02600014    0.        ]
 [   0.            0.            0.1496    ]]
Residual vector length: 90, Jacobian shape: (90, 6)
view   0 | SOD= 570.594 mm | SDD= 675.501 mm | M= 1.184 | incident=3.8197°
[[  99.119255   -561.362       -25.003447  ]
 [ -18.076715    102.37072      19.996553  ]
 [   0.14732109    0.02601264    0.        ]
 [   0.            0.            0.1496    ]]

iter 23 cost=0.156532 -> 0.173714 |dtheta|=1.017661e-02  lambda=6.250e-04

============================================================
Iteration 24
============================================================
Theta offsets (Unity frame):
  Source   : dSx=   0.000, dSy=   0.000, dSz=   0.000  (mm)
  Object   : dOx= -10.000, dOy=   4.996, dOz= -18.945  (mm)
  Object offset: offset_x=  -0.002, offset_z=  -0.002  (mm)
  Detector : dDx=   0.000, dDy=   0.000, dDz=   0.000  (mm)
  Obj Stage rotY :   10.009 deg
============================================================

Unity geometry (world coordinates):
  Source   : x=   0.000, y=  45.000, z=   0.000
  Object   : x=  -0.000, y=  19.996, z= 570.055
  Detector : x=   0.000, y=   0.000, z= 674.000
  Obj rotY :   0.0000 deg
view   0 | SOD= 570.601 mm | SDD= 675.501 mm | M= 1.184 | incident=3.8197°
[[  99.07543    -561.37695     -25.00415   ]
 [ -18.064253    102.36567      19.99585   ]
 [   0.1473233     0.02600014    0.        ]
 [   0.            0.            0.1496    ]]
Residual vector length: 90, Jacobian shape: (90, 6)
view   0 | SOD= 570.594 mm | SDD= 675.501 mm | M= 1.184 | incident=3.8197°
[[  99.119255   -561.362       -25.003447  ]
 [ -18.076715    102.37072      19.996553  ]
 [   0.14732109    0.02601264    0.        ]
 [   0.            0.            0.1496    ]]

iter 24 cost=0.156532 -> 0.173714 |dtheta|=1.017638e-02  lambda=3.125e-03

============================================================
Iteration 25
============================================================
Theta offsets (Unity frame):
  Source   : dSx=   0.000, dSy=   0.000, dSz=   0.000  (mm)
  Object   : dOx= -10.000, dOy=   4.996, dOz= -18.945  (mm)
  Object offset: offset_x=  -0.002, offset_z=  -0.002  (mm)
  Detector : dDx=   0.000, dDy=   0.000, dDz=   0.000  (mm)
  Obj Stage rotY :   10.009 deg
============================================================

Unity geometry (world coordinates):
  Source   : x=   0.000, y=  45.000, z=   0.000
  Object   : x=  -0.000, y=  19.996, z= 570.055
  Detector : x=   0.000, y=   0.000, z= 674.000
  Obj rotY :   0.0000 deg
view   0 | SOD= 570.601 mm | SDD= 675.501 mm | M= 1.184 | incident=3.8197°
[[  99.07543    -561.37695     -25.00415   ]
 [ -18.064253    102.36567      19.99585   ]
 [   0.1473233     0.02600014    0.        ]
 [   0.            0.            0.1496    ]]
Residual vector length: 90, Jacobian shape: (90, 6)
view   0 | SOD= 570.594 mm | SDD= 675.501 mm | M= 1.184 | incident=3.8197°
[[  99.119255   -561.362       -25.003447  ]
 [ -18.076715    102.37072      19.996553  ]
 [   0.14732109    0.02601264    0.        ]
 [   0.            0.            0.1496    ]]

iter 25 cost=0.156532 -> 0.173714 |dtheta|=1.017524e-02  lambda=1.562e-02

============================================================
Iteration 26
============================================================
Theta offsets (Unity frame):
  Source   : dSx=   0.000, dSy=   0.000, dSz=   0.000  (mm)
  Object   : dOx= -10.000, dOy=   4.996, dOz= -18.945  (mm)
  Object offset: offset_x=  -0.002, offset_z=  -0.002  (mm)
  Detector : dDx=   0.000, dDy=   0.000, dDz=   0.000  (mm)
  Obj Stage rotY :   10.009 deg
============================================================

Unity geometry (world coordinates):
  Source   : x=   0.000, y=  45.000, z=   0.000
  Object   : x=  -0.000, y=  19.996, z= 570.055
  Detector : x=   0.000, y=   0.000, z= 674.000
  Obj rotY :   0.0000 deg
view   0 | SOD= 570.601 mm | SDD= 675.501 mm | M= 1.184 | incident=3.8197°
[[  99.07543    -561.37695     -25.00415   ]
 [ -18.064253    102.36567      19.99585   ]
 [   0.1473233     0.02600014    0.        ]
 [   0.            0.            0.1496    ]]
Residual vector length: 90, Jacobian shape: (90, 6)
view   0 | SOD= 570.594 mm | SDD= 675.501 mm | M= 1.184 | incident=3.8197°
[[  99.119255   -561.362       -25.003447  ]
 [ -18.076715    102.37072      19.996553  ]
 [   0.14732109    0.02601264    0.        ]
 [   0.            0.            0.1496    ]]

iter 26 cost=0.156532 -> 0.173714 |dtheta|=1.016955e-02  lambda=7.812e-02

============================================================
Iteration 27
============================================================
Theta offsets (Unity frame):
  Source   : dSx=   0.000, dSy=   0.000, dSz=   0.000  (mm)
  Object   : dOx= -10.000, dOy=   4.996, dOz= -18.945  (mm)
  Object offset: offset_x=  -0.002, offset_z=  -0.002  (mm)
  Detector : dDx=   0.000, dDy=   0.000, dDz=   0.000  (mm)
  Obj Stage rotY :   10.009 deg
============================================================

Unity geometry (world coordinates):
  Source   : x=   0.000, y=  45.000, z=   0.000
  Object   : x=  -0.000, y=  19.996, z= 570.055
  Detector : x=   0.000, y=   0.000, z= 674.000
  Obj rotY :   0.0000 deg
view   0 | SOD= 570.601 mm | SDD= 675.501 mm | M= 1.184 | incident=3.8197°
[[  99.07543    -561.37695     -25.00415   ]
 [ -18.064253    102.36567      19.99585   ]
 [   0.1473233     0.02600014    0.        ]
 [   0.            0.            0.1496    ]]
Residual vector length: 90, Jacobian shape: (90, 6)
view   0 | SOD= 570.594 mm | SDD= 675.501 mm | M= 1.184 | incident=3.8197°
[[  99.11924    -561.36206     -25.003448  ]
 [ -18.0767      102.37066      19.996552  ]
 [   0.14732109    0.02601263    0.        ]
 [   0.            0.            0.1496    ]]

iter 27 cost=0.156532 -> 0.173714 |dtheta|=1.014125e-02  lambda=3.906e-01

============================================================
Iteration 28
============================================================
Theta offsets (Unity frame):
  Source   : dSx=   0.000, dSy=   0.000, dSz=   0.000  (mm)
  Object   : dOx= -10.000, dOy=   4.996, dOz= -18.945  (mm)
  Object offset: offset_x=  -0.002, offset_z=  -0.002  (mm)
  Detector : dDx=   0.000, dDy=   0.000, dDz=   0.000  (mm)
  Obj Stage rotY :   10.009 deg
============================================================

Unity geometry (world coordinates):
  Source   : x=   0.000, y=  45.000, z=   0.000
  Object   : x=  -0.000, y=  19.996, z= 570.055
  Detector : x=   0.000, y=   0.000, z= 674.000
  Obj rotY :   0.0000 deg
view   0 | SOD= 570.601 mm | SDD= 675.501 mm | M= 1.184 | incident=3.8197°
[[  99.07543    -561.37695     -25.00415   ]
 [ -18.064253    102.36567      19.99585   ]
 [   0.1473233     0.02600014    0.        ]
 [   0.            0.            0.1496    ]]
Residual vector length: 90, Jacobian shape: (90, 6)
view   0 | SOD= 570.594 mm | SDD= 675.501 mm | M= 1.184 | incident=3.8197°
[[  99.11913    -561.3622      -25.003454  ]
 [ -18.07665     102.370544     19.996546  ]
 [   0.14732109    0.02601259    0.        ]
 [   0.            0.            0.1496    ]]

iter 28 cost=0.156532 -> 0.173714 |dtheta|=1.000308e-02  lambda=1.953e+00

============================================================
Iteration 29
============================================================
Theta offsets (Unity frame):
  Source   : dSx=   0.000, dSy=   0.000, dSz=   0.000  (mm)
  Object   : dOx= -10.000, dOy=   4.996, dOz= -18.945  (mm)
  Object offset: offset_x=  -0.002, offset_z=  -0.002  (mm)
  Detector : dDx=   0.000, dDy=   0.000, dDz=   0.000  (mm)
  Obj Stage rotY :   10.009 deg
============================================================

Unity geometry (world coordinates):
  Source   : x=   0.000, y=  45.000, z=   0.000
  Object   : x=  -0.000, y=  19.996, z= 570.055
  Detector : x=   0.000, y=   0.000, z= 674.000
  Obj rotY :   0.0000 deg
view   0 | SOD= 570.601 mm | SDD= 675.501 mm | M= 1.184 | incident=3.8197°
[[  99.07543    -561.37695     -25.00415   ]
 [ -18.064253    102.36567      19.99585   ]
 [   0.1473233     0.02600014    0.        ]
 [   0.            0.            0.1496    ]]
Residual vector length: 90, Jacobian shape: (90, 6)
view   0 | SOD= 570.595 mm | SDD= 675.501 mm | M= 1.184 | incident=3.8197°
[[  99.11855    -561.3631      -25.003483  ]
 [ -18.076366    102.36979      19.996517  ]
 [   0.14732113    0.0260124     0.        ]
 [   0.            0.            0.1496    ]]

iter 29 cost=0.156532 -> 0.173714 |dtheta|=9.385945e-03  lambda=9.766e+00

============================================================
Iteration 30
============================================================
Theta offsets (Unity frame):
  Source   : dSx=   0.000, dSy=   0.000, dSz=   0.000  (mm)
  Object   : dOx= -10.000, dOy=   4.996, dOz= -18.945  (mm)
  Object offset: offset_x=  -0.002, offset_z=  -0.002  (mm)
  Detector : dDx=   0.000, dDy=   0.000, dDz=   0.000  (mm)
  Obj Stage rotY :   10.009 deg
============================================================

Unity geometry (world coordinates):
  Source   : x=   0.000, y=  45.000, z=   0.000
  Object   : x=  -0.000, y=  19.996, z= 570.055
  Detector : x=   0.000, y=   0.000, z= 674.000
  Obj rotY :   0.0000 deg
view   0 | SOD= 570.601 mm | SDD= 675.501 mm | M= 1.184 | incident=3.8197°
[[  99.07543    -561.37695     -25.00415   ]
 [ -18.064253    102.36567      19.99585   ]
 [   0.1473233     0.02600014    0.        ]
 [   0.            0.            0.1496    ]]
Residual vector length: 90, Jacobian shape: (90, 6)
view   0 | SOD= 570.597 mm | SDD= 675.501 mm | M= 1.184 | incident=3.8197°
[[  99.11468    -561.3661      -25.003576  ]
 [ -18.075102    102.367714     19.996424  ]
 [   0.14732133    0.02601126    0.        ]
 [   0.            0.            0.1496    ]]

iter 30 cost=0.156532 -> 0.178041 |dtheta|=7.404390e-03  lambda=4.883e+01

============================================================
Iteration 31
============================================================
Theta offsets (Unity frame):
  Source   : dSx=   0.000, dSy=   0.000, dSz=   0.000  (mm)
  Object   : dOx= -10.000, dOy=   4.996, dOz= -18.945  (mm)
  Object offset: offset_x=  -0.002, offset_z=  -0.002  (mm)
  Detector : dDx=   0.000, dDy=   0.000, dDz=   0.000  (mm)
  Obj Stage rotY :   10.009 deg
============================================================

Unity geometry (world coordinates):
  Source   : x=   0.000, y=  45.000, z=   0.000
  Object   : x=  -0.000, y=  19.996, z= 570.055
  Detector : x=   0.000, y=   0.000, z= 674.000
  Obj rotY :   0.0000 deg
view   0 | SOD= 570.601 mm | SDD= 675.501 mm | M= 1.184 | incident=3.8197°
[[  99.07543    -561.37695     -25.00415   ]
 [ -18.064253    102.36567      19.99585   ]
 [   0.1473233     0.02600014    0.        ]
 [   0.            0.            0.1496    ]]
Residual vector length: 90, Jacobian shape: (90, 6)
view   0 | SOD= 570.600 mm | SDD= 675.501 mm | M= 1.184 | incident=3.8197°
[[  99.099846   -561.3718      -25.003723  ]
 [ -18.071342    102.36528      19.996277  ]
 [   0.14732206    0.02600714    0.        ]
 [   0.            0.            0.1496    ]]

iter 31 cost=0.156532 -> 0.166374 |dtheta|=4.223687e-03  lambda=2.441e+02

============================================================
Iteration 32
============================================================
Theta offsets (Unity frame):
  Source   : dSx=   0.000, dSy=   0.000, dSz=   0.000  (mm)
  Object   : dOx= -10.000, dOy=   4.996, dOz= -18.945  (mm)
  Object offset: offset_x=  -0.002, offset_z=  -0.002  (mm)
  Detector : dDx=   0.000, dDy=   0.000, dDz=   0.000  (mm)
  Obj Stage rotY :   10.009 deg
============================================================

Unity geometry (world coordinates):
  Source   : x=   0.000, y=  45.000, z=   0.000
  Object   : x=  -0.000, y=  19.996, z= 570.055
  Detector : x=   0.000, y=   0.000, z= 674.000
  Obj rotY :   0.0000 deg
view   0 | SOD= 570.601 mm | SDD= 675.501 mm | M= 1.184 | incident=3.8197°
[[  99.07543    -561.37695     -25.00415   ]
 [ -18.064253    102.36567      19.99585   ]
 [   0.1473233     0.02600014    0.        ]
 [   0.            0.            0.1496    ]]
Residual vector length: 90, Jacobian shape: (90, 6)
view   0 | SOD= 570.601 mm | SDD= 675.501 mm | M= 1.184 | incident=3.8197°
[[  99.08309    -561.3759      -25.003849  ]
 [ -18.067091    102.36485      19.996151  ]
 [   0.14732288    0.02600247    0.        ]
 [   0.            0.            0.1496    ]]

iter 32 cost=0.156532 -> 0.158271 |dtheta|=1.787308e-03  lambda=1.221e+03

============================================================
Iteration 33
============================================================
Theta offsets (Unity frame):
  Source   : dSx=   0.000, dSy=   0.000, dSz=   0.000  (mm)
  Object   : dOx= -10.000, dOy=   4.996, dOz= -18.945  (mm)
  Object offset: offset_x=  -0.002, offset_z=  -0.002  (mm)
  Detector : dDx=   0.000, dDy=   0.000, dDz=   0.000  (mm)
  Obj Stage rotY :   10.009 deg
============================================================

Unity geometry (world coordinates):
  Source   : x=   0.000, y=  45.000, z=   0.000
  Object   : x=  -0.000, y=  19.996, z= 570.055
  Detector : x=   0.000, y=   0.000, z= 674.000
  Obj rotY :   0.0000 deg
view   0 | SOD= 570.601 mm | SDD= 675.501 mm | M= 1.184 | incident=3.8197°
[[  99.07543    -561.37695     -25.00415   ]
 [ -18.064253    102.36567      19.99585   ]
 [   0.1473233     0.02600014    0.        ]
 [   0.            0.            0.1496    ]]
Residual vector length: 90, Jacobian shape: (90, 6)
view   0 | SOD= 570.601 mm | SDD= 675.501 mm | M= 1.184 | incident=3.8197°
[[  99.076996   -561.3769      -25.003998  ]
 [ -18.06505     102.36534      19.996002  ]
 [   0.1473232     0.02600067    0.        ]
 [   0.            0.            0.1496    ]]

iter 33 cost=0.156532 -> 0.160397 |dtheta|=5.649261e-04  lambda=6.104e+03

============================================================
Iteration 34
============================================================
Theta offsets (Unity frame):
  Source   : dSx=   0.000, dSy=   0.000, dSz=   0.000  (mm)
  Object   : dOx= -10.000, dOy=   4.996, dOz= -18.945  (mm)
  Object offset: offset_x=  -0.002, offset_z=  -0.002  (mm)
  Detector : dDx=   0.000, dDy=   0.000, dDz=   0.000  (mm)
  Obj Stage rotY :   10.009 deg
============================================================

Unity geometry (world coordinates):
  Source   : x=   0.000, y=  45.000, z=   0.000
  Object   : x=  -0.000, y=  19.996, z= 570.055
  Detector : x=   0.000, y=   0.000, z= 674.000
  Obj rotY :   0.0000 deg
view   0 | SOD= 570.601 mm | SDD= 675.501 mm | M= 1.184 | incident=3.8197°
[[  99.07543    -561.37695     -25.00415   ]
 [ -18.064253    102.36567      19.99585   ]
 [   0.1473233     0.02600014    0.        ]
 [   0.            0.            0.1496    ]]
Residual vector length: 90, Jacobian shape: (90, 6)
view   0 | SOD= 570.601 mm | SDD= 675.501 mm | M= 1.184 | incident=3.8197°
[[  99.07572    -561.37695     -25.004107  ]
 [ -18.064442    102.36563      19.995893  ]
 [   0.14732327    0.02600025    0.        ]
 [   0.            0.            0.1496    ]]

iter 34 cost=0.156532 -> 0.159099 |dtheta|=1.337970e-04  lambda=3.052e+04

============================================================
Iteration 35
============================================================
Theta offsets (Unity frame):
  Source   : dSx=   0.000, dSy=   0.000, dSz=   0.000  (mm)
  Object   : dOx= -10.000, dOy=   4.996, dOz= -18.945  (mm)
  Object offset: offset_x=  -0.002, offset_z=  -0.002  (mm)
  Detector : dDx=   0.000, dDy=   0.000, dDz=   0.000  (mm)
  Obj Stage rotY :   10.009 deg
============================================================

Unity geometry (world coordinates):
  Source   : x=   0.000, y=  45.000, z=   0.000
  Object   : x=  -0.000, y=  19.996, z= 570.055
  Detector : x=   0.000, y=   0.000, z= 674.000
  Obj rotY :   0.0000 deg
view   0 | SOD= 570.601 mm | SDD= 675.501 mm | M= 1.184 | incident=3.8197°
[[  99.07543    -561.37695     -25.00415   ]
 [ -18.064253    102.36567      19.99585   ]
 [   0.1473233     0.02600014    0.        ]
 [   0.            0.            0.1496    ]]
Residual vector length: 90, Jacobian shape: (90, 6)
view   0 | SOD= 570.601 mm | SDD= 675.501 mm | M= 1.184 | incident=3.8197°
[[  99.07549    -561.37695     -25.004139  ]
 [ -18.064291    102.36566      19.995861  ]
 [   0.14732328    0.02600016    0.        ]
 [   0.            0.            0.1496    ]]

iter 35 cost=0.156532 -> 0.159099 |dtheta|=2.791250e-05  lambda=1.526e+05

============================================================
Iteration 36
============================================================
Theta offsets (Unity frame):
  Source   : dSx=   0.000, dSy=   0.000, dSz=   0.000  (mm)
  Object   : dOx= -10.000, dOy=   4.996, dOz= -18.945  (mm)
  Object offset: offset_x=  -0.002, offset_z=  -0.002  (mm)
  Detector : dDx=   0.000, dDy=   0.000, dDz=   0.000  (mm)
  Obj Stage rotY :   10.009 deg
============================================================

Unity geometry (world coordinates):
  Source   : x=   0.000, y=  45.000, z=   0.000
  Object   : x=  -0.000, y=  19.996, z= 570.055
  Detector : x=   0.000, y=   0.000, z= 674.000
  Obj rotY :   0.0000 deg
view   0 | SOD= 570.601 mm | SDD= 675.501 mm | M= 1.184 | incident=3.8197°
[[  99.07543    -561.37695     -25.00415   ]
 [ -18.064253    102.36567      19.99585   ]
 [   0.1473233     0.02600014    0.        ]
 [   0.            0.            0.1496    ]]
Residual vector length: 90, Jacobian shape: (90, 6)
view   0 | SOD= 570.601 mm | SDD= 675.501 mm | M= 1.184 | incident=3.8197°
[[  99.07545    -561.37695     -25.004147  ]
 [ -18.06426     102.36566      19.995853  ]
 [   0.1473233     0.02600015    0.        ]
 [   0.            0.            0.1496    ]]

iter 36 cost=0.156532 -> 0.156532 |dtheta|=5.632501e-06  lambda=7.629e+05

============================================================
Iteration 37
============================================================
Theta offsets (Unity frame):
  Source   : dSx=   0.000, dSy=   0.000, dSz=   0.000  (mm)
  Object   : dOx= -10.000, dOy=   4.996, dOz= -18.945  (mm)
  Object offset: offset_x=  -0.002, offset_z=  -0.002  (mm)
  Detector : dDx=   0.000, dDy=   0.000, dDz=   0.000  (mm)
  Obj Stage rotY :   10.009 deg
============================================================

Unity geometry (world coordinates):
  Source   : x=   0.000, y=  45.000, z=   0.000
  Object   : x=  -0.000, y=  19.996, z= 570.055
  Detector : x=   0.000, y=   0.000, z= 674.000
  Obj rotY :   0.0000 deg
view   0 | SOD= 570.601 mm | SDD= 675.501 mm | M= 1.184 | incident=3.8197°
[[  99.07543    -561.37695     -25.00415   ]
 [ -18.064253    102.36567      19.99585   ]
 [   0.1473233     0.02600014    0.        ]
 [   0.            0.            0.1496    ]]
Residual vector length: 90, Jacobian shape: (90, 6)
view   0 | SOD= 570.601 mm | SDD= 675.501 mm | M= 1.184 | incident=3.8197°
[[  99.07544    -561.37695     -25.004148  ]
 [ -18.064259    102.36566      19.995852  ]
 [   0.1473233     0.02600015    0.        ]
 [   0.            0.            0.1496    ]]

iter 37 cost=0.156532 -> 0.156532 |dtheta|=4.299552e-06  lambda=1.000e+06

============================================================
Iteration 38
============================================================
Theta offsets (Unity frame):
  Source   : dSx=   0.000, dSy=   0.000, dSz=   0.000  (mm)
  Object   : dOx= -10.000, dOy=   4.996, dOz= -18.945  (mm)
  Object offset: offset_x=  -0.002, offset_z=  -0.002  (mm)
  Detector : dDx=   0.000, dDy=   0.000, dDz=   0.000  (mm)
  Obj Stage rotY :   10.009 deg
============================================================

Unity geometry (world coordinates):
  Source   : x=   0.000, y=  45.000, z=   0.000
  Object   : x=  -0.000, y=  19.996, z= 570.055
  Detector : x=   0.000, y=   0.000, z= 674.000
  Obj rotY :   0.0000 deg
view   0 | SOD= 570.601 mm | SDD= 675.501 mm | M= 1.184 | incident=3.8197°
[[  99.07543    -561.37695     -25.00415   ]
 [ -18.064253    102.36567      19.99585   ]
 [   0.1473233     0.02600014    0.        ]
 [   0.            0.            0.1496    ]]
Residual vector length: 90, Jacobian shape: (90, 6)
view   0 | SOD= 570.601 mm | SDD= 675.501 mm | M= 1.184 | incident=3.8197°
[[  99.07544    -561.37695     -25.004148  ]
 [ -18.064259    102.36566      19.995852  ]
 [   0.1473233     0.02600015    0.        ]
 [   0.            0.            0.1496    ]]

iter 38 cost=0.156532 -> 0.156532 |dtheta|=4.299552e-06  lambda=1.000e+06

============================================================
Iteration 39
============================================================
Theta offsets (Unity frame):
  Source   : dSx=   0.000, dSy=   0.000, dSz=   0.000  (mm)
  Object   : dOx= -10.000, dOy=   4.996, dOz= -18.945  (mm)
  Object offset: offset_x=  -0.002, offset_z=  -0.002  (mm)
  Detector : dDx=   0.000, dDy=   0.000, dDz=   0.000  (mm)
  Obj Stage rotY :   10.009 deg
============================================================

Unity geometry (world coordinates):
  Source   : x=   0.000, y=  45.000, z=   0.000
  Object   : x=  -0.000, y=  19.996, z= 570.055
  Detector : x=   0.000, y=   0.000, z= 674.000
  Obj rotY :   0.0000 deg
view   0 | SOD= 570.601 mm | SDD= 675.501 mm | M= 1.184 | incident=3.8197°
[[  99.07543    -561.37695     -25.00415   ]
 [ -18.064253    102.36567      19.99585   ]
 [   0.1473233     0.02600014    0.        ]
 [   0.            0.            0.1496    ]]
Residual vector length: 90, Jacobian shape: (90, 6)
view   0 | SOD= 570.601 mm | SDD= 675.501 mm | M= 1.184 | incident=3.8197°
[[  99.07544    -561.37695     -25.004148  ]
 [ -18.064259    102.36566      19.995852  ]
 [   0.1473233     0.02600015    0.        ]
 [   0.            0.            0.1496    ]]

iter 39 cost=0.156532 -> 0.156532 |dtheta|=4.299552e-06  lambda=1.000e+06

============================================================
Iteration 40
============================================================
Theta offsets (Unity frame):
  Source   : dSx=   0.000, dSy=   0.000, dSz=   0.000  (mm)
  Object   : dOx= -10.000, dOy=   4.996, dOz= -18.945  (mm)
  Object offset: offset_x=  -0.002, offset_z=  -0.002  (mm)
  Detector : dDx=   0.000, dDy=   0.000, dDz=   0.000  (mm)
  Obj Stage rotY :   10.009 deg
============================================================

Unity geometry (world coordinates):
  Source   : x=   0.000, y=  45.000, z=   0.000
  Object   : x=  -0.000, y=  19.996, z= 570.055
  Detector : x=   0.000, y=   0.000, z= 674.000
  Obj rotY :   0.0000 deg
view   0 | SOD= 570.601 mm | SDD= 675.501 mm | M= 1.184 | incident=3.8197°
[[  99.07543    -561.37695     -25.00415   ]
 [ -18.064253    102.36567      19.99585   ]
 [   0.1473233     0.02600014    0.        ]
 [   0.            0.            0.1496    ]]
Residual vector length: 90, Jacobian shape: (90, 6)
view   0 | SOD= 570.601 mm | SDD= 675.501 mm | M= 1.184 | incident=3.8197°
[[  99.07544    -561.37695     -25.004148  ]
 [ -18.064259    102.36566      19.995852  ]
 [   0.1473233     0.02600015    0.        ]
 [   0.            0.            0.1496    ]]

iter 40 cost=0.156532 -> 0.156532 |dtheta|=4.299552e-06  lambda=1.000e+06

============================================================
Iteration 41
============================================================
Theta offsets (Unity frame):
  Source   : dSx=   0.000, dSy=   0.000, dSz=   0.000  (mm)
  Object   : dOx= -10.000, dOy=   4.996, dOz= -18.945  (mm)
  Object offset: offset_x=  -0.002, offset_z=  -0.002  (mm)
  Detector : dDx=   0.000, dDy=   0.000, dDz=   0.000  (mm)
  Obj Stage rotY :   10.009 deg
============================================================

Unity geometry (world coordinates):
  Source   : x=   0.000, y=  45.000, z=   0.000
  Object   : x=  -0.000, y=  19.996, z= 570.055
  Detector : x=   0.000, y=   0.000, z= 674.000
  Obj rotY :   0.0000 deg
view   0 | SOD= 570.601 mm | SDD= 675.501 mm | M= 1.184 | incident=3.8197°
[[  99.07543    -561.37695     -25.00415   ]
 [ -18.064253    102.36567      19.99585   ]
 [   0.1473233     0.02600014    0.        ]
 [   0.            0.            0.1496    ]]
Residual vector length: 90, Jacobian shape: (90, 6)
view   0 | SOD= 570.601 mm | SDD= 675.501 mm | M= 1.184 | incident=3.8197°
[[  99.07544    -561.37695     -25.004148  ]
 [ -18.064259    102.36566      19.995852  ]
 [   0.1473233     0.02600015    0.        ]
 [   0.            0.            0.1496    ]]

iter 41 cost=0.156532 -> 0.156532 |dtheta|=4.299552e-06  lambda=1.000e+06

============================================================
Iteration 42
============================================================
Theta offsets (Unity frame):
  Source   : dSx=   0.000, dSy=   0.000, dSz=   0.000  (mm)
  Object   : dOx= -10.000, dOy=   4.996, dOz= -18.945  (mm)
  Object offset: offset_x=  -0.002, offset_z=  -0.002  (mm)
  Detector : dDx=   0.000, dDy=   0.000, dDz=   0.000  (mm)
  Obj Stage rotY :   10.009 deg
============================================================

Unity geometry (world coordinates):
  Source   : x=   0.000, y=  45.000, z=   0.000
  Object   : x=  -0.000, y=  19.996, z= 570.055
  Detector : x=   0.000, y=   0.000, z= 674.000
  Obj rotY :   0.0000 deg
view   0 | SOD= 570.601 mm | SDD= 675.501 mm | M= 1.184 | incident=3.8197°
[[  99.07543    -561.37695     -25.00415   ]
 [ -18.064253    102.36567      19.99585   ]
 [   0.1473233     0.02600014    0.        ]
 [   0.            0.            0.1496    ]]
Residual vector length: 90, Jacobian shape: (90, 6)
view   0 | SOD= 570.601 mm | SDD= 675.501 mm | M= 1.184 | incident=3.8197°
[[  99.07544    -561.37695     -25.004148  ]
 [ -18.064259    102.36566      19.995852  ]
 [   0.1473233     0.02600015    0.        ]
 [   0.            0.            0.1496    ]]

iter 42 cost=0.156532 -> 0.156532 |dtheta|=4.299552e-06  lambda=1.000e+06

============================================================
Iteration 43
============================================================
Theta offsets (Unity frame):
  Source   : dSx=   0.000, dSy=   0.000, dSz=   0.000  (mm)
  Object   : dOx= -10.000, dOy=   4.996, dOz= -18.945  (mm)
  Object offset: offset_x=  -0.002, offset_z=  -0.002  (mm)
  Detector : dDx=   0.000, dDy=   0.000, dDz=   0.000  (mm)
  Obj Stage rotY :   10.009 deg
============================================================

Unity geometry (world coordinates):
  Source   : x=   0.000, y=  45.000, z=   0.000
  Object   : x=  -0.000, y=  19.996, z= 570.055
  Detector : x=   0.000, y=   0.000, z= 674.000
  Obj rotY :   0.0000 deg
view   0 | SOD= 570.601 mm | SDD= 675.501 mm | M= 1.184 | incident=3.8197°
[[  99.07543    -561.37695     -25.00415   ]
 [ -18.064253    102.36567      19.99585   ]
 [   0.1473233     0.02600014    0.        ]
 [   0.            0.            0.1496    ]]
Residual vector length: 90, Jacobian shape: (90, 6)
view   0 | SOD= 570.601 mm | SDD= 675.501 mm | M= 1.184 | incident=3.8197°
[[  99.07544    -561.37695     -25.004148  ]
 [ -18.064259    102.36566      19.995852  ]
 [   0.1473233     0.02600015    0.        ]
 [   0.            0.            0.1496    ]]

iter 43 cost=0.156532 -> 0.156532 |dtheta|=4.299552e-06  lambda=1.000e+06
Stalled.

Estimated theta:
  dSx: +0.000000
  dSy: +0.000000
  dOx: -10.000055
  dOy: +4.995850
  dOz: -18.945460
  dDx: +0.000000
  dDy: +0.000000
  dDz: +0.000000
alpha: +1.000870e+01 deg)
offset_x: -0.001528
offset_z: -0.001886

Final cost table:
Fake theta: [  0.   0. -10.   5. -19.   0.   0.   0.  10.   0.   0.]
Final estimated theta: [  0.           0.         -10.00005508   4.99585037 -18.94545983
   0.           0.           0.          10.00870244  -0.00152787
  -0.00188628]
Diff from Expected: [ 0.          0.         -0.00005508 -0.00414963  0.05454017  0.
  0.          0.          0.00870244 -0.00152787 -0.00188628]
################################################################################

