Phantom already exists, skipping: cuboid_phantom_3_normal.npy

################################################################################
Running cuboid=normal scenario=G4 N_ANGLES=3, K=3
view   0 | SOD= 568.374 mm | SDD= 691.050 mm | M= 1.216 | incident=3.1588°
[[  24.733675   -567.4833      -20.        ]
 [   3.6013086   122.35616      15.        ]
 [   0.14939497    0.00782946    0.        ]
 [   0.            0.            0.1496    ]]
          image          x1         y1  area1          x2          y2  area2          x3          y3  area3
0  proj_000.png  470.169666  86.928021    778  368.551524  303.091437    689  470.204663  539.044041    772
1  proj_001.png  271.777933  89.065642    716  565.615489  308.894022    736  271.729805  524.889972    718
2  proj_002.png  511.664756  90.064470    698  319.205959  312.019430    772  511.654286  518.078571    700

============================================================
Iteration 0
============================================================
Theta offsets (Unity frame):
  Source   : dSx=   0.000, dSy=   0.000, dSz=   0.000  (mm)
  Object   : dOx=   0.000, dOy=   0.000, dOz=   0.000  (mm)
  Object offset: offset_x=   0.000, offset_z=   0.000  (mm)
  Detector : dDx=   0.000, dDy=   0.000, dDz=   0.000  (mm)
  Obj Stage rotY :    0.000 deg
============================================================

Unity geometry (world coordinates):
  Source   : x=  -5.000, y=  38.000, z=   0.000
  Object   : x=   7.000, y=  20.000, z= 576.000
  Detector : x=  10.000, y=   3.000, z= 690.000
  Obj rotY :   0.0000 deg
view   0 | SOD= 576.406 mm | SDD= 691.050 mm | M= 1.199 | incident=3.1588°
[[ -12.     -576.      -18.    ]
 [   3.      114.       17.    ]
 [   0.1496    0.        0.    ]
 [   0.        0.        0.1496]]
Residual vector length: 27, Jacobian shape: (27, 6)
view   0 | SOD= 578.050 mm | SDD= 691.050 mm | M= 1.195 | incident=3.1588°
[[  13.893505   -577.558       -19.381968  ]
 [   2.7093523   112.514435     15.618032  ]
 [   0.14949234    0.00567469    0.        ]
 [   0.            0.            0.1496    ]]

iter 00 cost=15891.899892 -> 2099.370424 |dtheta|=5.495133e+00  lambda=1.000e-02

============================================================
Iteration 1
============================================================
Theta offsets (Unity frame):
  Source   : dSx=   0.000, dSy=   0.000, dSz=   0.000  (mm)
  Object   : dOx=  -4.612, dOy=  -1.382, dOz=   1.331  (mm)
  Object offset: offset_x=   0.636, offset_z=   0.338  (mm)
  Detector : dDx=   0.000, dDy=   0.000, dDz=   0.000  (mm)
  Obj Stage rotY :    2.174 deg
============================================================

Unity geometry (world coordinates):
  Source   : x=  -5.000, y=  38.000, z=   0.000
  Object   : x=   2.388, y=  18.618, z= 577.331
  Detector : x=  10.000, y=   3.000, z= 690.000
  Obj rotY :   0.0000 deg
view   0 | SOD= 578.050 mm | SDD= 691.050 mm | M= 1.195 | incident=3.1588°
[[  13.893505   -577.558       -19.381968  ]
 [   2.7093523   112.514435     15.618032  ]
 [   0.14949234    0.00567469    0.        ]
 [   0.            0.            0.1496    ]]
Residual vector length: 27, Jacobian shape: (27, 6)
view   0 | SOD= 575.336 mm | SDD= 691.050 mm | M= 1.201 | incident=3.1588°
[[  33.081814   -574.0654      -19.127682  ]
 [   1.3449502   115.3675       15.872318  ]
 [   0.14925693    0.01012564    0.        ]
 [   0.            0.            0.1496    ]]

iter 01 cost=2099.370424 -> 559.960381 |dtheta|=3.551948e+00  lambda=3.333e-03

============================================================
Iteration 2
============================================================
Theta offsets (Unity frame):
  Source   : dSx=   0.000, dSy=   0.000, dSz=   0.000  (mm)
  Object   : dOx=  -6.455, dOy=  -1.128, dOz=  -1.135  (mm)
  Object offset: offset_x=   0.305, offset_z=   0.123  (mm)
  Detector : dDx=   0.000, dDy=   0.000, dDz=   0.000  (mm)
  Obj Stage rotY :    3.881 deg
============================================================

Unity geometry (world coordinates):
  Source   : x=  -5.000, y=  38.000, z=   0.000
  Object   : x=   0.545, y=  18.872, z= 574.865
  Detector : x=  10.000, y=   3.000, z= 690.000
  Obj rotY :   0.0000 deg
view   0 | SOD= 575.336 mm | SDD= 691.050 mm | M= 1.201 | incident=3.1588°
[[  33.081814   -574.0654      -19.127682  ]
 [   1.3449502   115.3675       15.872318  ]
 [   0.14925693    0.01012564    0.        ]
 [   0.            0.            0.1496    ]]
Residual vector length: 27, Jacobian shape: (27, 6)
view   0 | SOD= 575.549 mm | SDD= 691.050 mm | M= 1.201 | incident=3.1588°
[[  27.616102   -574.5326      -20.1684    ]
 [   3.2251391   115.19928      14.8316    ]
 [   0.14935632    0.00853512    0.        ]
 [   0.            0.            0.1496    ]]

iter 02 cost=559.960381 -> 125.390553 |dtheta|=1.357025e+00  lambda=1.111e-03

============================================================
Iteration 3
============================================================
Theta offsets (Unity frame):
  Source   : dSx=   0.000, dSy=   0.000, dSz=   0.000  (mm)
  Object   : dOx=  -6.850, dOy=  -2.168, dOz=  -0.767  (mm)
  Object offset: offset_x=   0.058, offset_z=  -0.060  (mm)
  Detector : dDx=   0.000, dDy=   0.000, dDz=   0.000  (mm)
  Obj Stage rotY :    3.271 deg
============================================================

Unity geometry (world coordinates):
  Source   : x=  -5.000, y=  38.000, z=   0.000
  Object   : x=   0.150, y=  17.832, z= 575.233
  Detector : x=  10.000, y=   3.000, z= 690.000
  Obj rotY :   0.0000 deg
view   0 | SOD= 575.549 mm | SDD= 691.050 mm | M= 1.201 | incident=3.1588°
[[  27.616102   -574.5326      -20.1684    ]
 [   3.2251391   115.19928      14.8316    ]
 [   0.14935632    0.00853512    0.        ]
 [   0.            0.            0.1496    ]]
Residual vector length: 27, Jacobian shape: (27, 6)
view   0 | SOD= 574.519 mm | SDD= 691.050 mm | M= 1.203 | incident=3.1588°
[[  26.73803    -573.5462      -20.058834  ]
 [   3.611392    116.22921      14.941166  ]
 [   0.14937171    0.00826133    0.        ]
 [   0.            0.            0.1496    ]]

iter 03 cost=125.390553 -> 97.371906 |dtheta|=1.383530e+00  lambda=3.704e-04

============================================================
Iteration 4
============================================================
Theta offsets (Unity frame):
  Source   : dSx=   0.000, dSy=   0.000, dSz=   0.000  (mm)
  Object   : dOx=  -7.061, dOy=  -2.059, dOz=  -2.092  (mm)
  Object offset: offset_x=   0.037, offset_z=   0.240  (mm)
  Detector : dDx=   0.000, dDy=   0.000, dDz=   0.000  (mm)
  Obj Stage rotY :    3.166 deg
============================================================

Unity geometry (world coordinates):
  Source   : x=  -5.000, y=  38.000, z=   0.000
  Object   : x=  -0.061, y=  17.941, z= 573.908
  Detector : x=  10.000, y=   3.000, z= 690.000
  Obj rotY :   0.0000 deg
view   0 | SOD= 574.519 mm | SDD= 691.050 mm | M= 1.203 | incident=3.1588°
[[  26.73803    -573.5462      -20.058834  ]
 [   3.611392    116.22921      14.941166  ]
 [   0.14937171    0.00826133    0.        ]
 [   0.            0.            0.1496    ]]
Residual vector length: 27, Jacobian shape: (27, 6)
view   0 | SOD= 572.013 mm | SDD= 691.050 mm | M= 1.208 | incident=3.1588°
[[  24.125559   -571.1498      -20.109459  ]
 [   3.8790052   118.716194     14.890541  ]
 [   0.14940491    0.00763762    0.        ]
 [   0.            0.            0.1496    ]]

iter 04 cost=97.371906 -> 31.137663 |dtheta|=2.298999e+00  lambda=1.235e-04

============================================================
Iteration 5
============================================================
Theta offsets (Unity frame):
  Source   : dSx=   0.000, dSy=   0.000, dSz=   0.000  (mm)
  Object   : dOx=  -6.963, dOy=  -2.109, dOz=  -4.364  (mm)
  Object offset: offset_x=   0.028, offset_z=   0.000  (mm)
  Detector : dDx=   0.000, dDy=   0.000, dDz=   0.000  (mm)
  Obj Stage rotY :    2.926 deg
============================================================

Unity geometry (world coordinates):
  Source   : x=  -5.000, y=  38.000, z=   0.000
  Object   : x=   0.037, y=  17.891, z= 571.636
  Detector : x=  10.000, y=   3.000, z= 690.000
  Obj rotY :   0.0000 deg
view   0 | SOD= 572.013 mm | SDD= 691.050 mm | M= 1.208 | incident=3.1588°
[[  24.125559   -571.1498      -20.109459  ]
 [   3.8790052   118.716194     14.890541  ]
 [   0.14940491    0.00763762    0.        ]
 [   0.            0.            0.1496    ]]
Residual vector length: 27, Jacobian shape: (27, 6)
view   0 | SOD= 570.952 mm | SDD= 691.050 mm | M= 1.210 | incident=3.1588°
[[  24.23454    -570.0844      -20.06291   ]
 [   3.8780634   119.77833      14.93709   ]
 [   0.14940369    0.00766143    0.        ]
 [   0.            0.            0.1496    ]]

iter 05 cost=31.137663 -> 16.403393 |dtheta|=1.061295e+00  lambda=4.115e-05

============================================================
Iteration 6
============================================================
Theta offsets (Unity frame):
  Source   : dSx=   0.000, dSy=   0.000, dSz=   0.000  (mm)
  Object   : dOx=  -6.989, dOy=  -2.063, dOz=  -5.423  (mm)
  Object offset: offset_x=  -0.019, offset_z=  -0.000  (mm)
  Detector : dDx=   0.000, dDy=   0.000, dDz=   0.000  (mm)
  Obj Stage rotY :    2.936 deg
============================================================

Unity geometry (world coordinates):
  Source   : x=  -5.000, y=  38.000, z=   0.000
  Object   : x=   0.011, y=  17.937, z= 570.578
  Detector : x=  10.000, y=   3.000, z= 690.000
  Obj rotY :   0.0000 deg
view   0 | SOD= 570.952 mm | SDD= 691.050 mm | M= 1.210 | incident=3.1588°
[[  24.23454    -570.0844      -20.06291   ]
 [   3.8780634   119.77833      14.93709   ]
 [   0.14940369    0.00766143    0.        ]
 [   0.            0.            0.1496    ]]
Residual vector length: 27, Jacobian shape: (27, 6)
view   0 | SOD= 569.948 mm | SDD= 691.050 mm | M= 1.212 | incident=3.1588°
[[  26.27344    -568.9868      -20.111969  ]
 [   3.2598252   120.792404     14.888031  ]
 [   0.14937307    0.00823686    0.        ]
 [   0.            0.            0.1496    ]]

iter 06 cost=16.403393 -> 7.615257 |dtheta|=1.088418e+00  lambda=1.372e-05

============================================================
Iteration 7
============================================================
Theta offsets (Unity frame):
  Source   : dSx=   0.000, dSy=   0.000, dSz=   0.000  (mm)
  Object   : dOx=  -6.988, dOy=  -2.112, dOz=  -6.481  (mm)
  Object offset: offset_x=   0.083, offset_z=   0.051  (mm)
  Detector : dDx=   0.000, dDy=   0.000, dDz=   0.000  (mm)
  Obj Stage rotY :    3.156 deg
============================================================

Unity geometry (world coordinates):
  Source   : x=  -5.000, y=  38.000, z=   0.000
  Object   : x=   0.012, y=  17.888, z= 569.519
  Detector : x=  10.000, y=   3.000, z= 690.000
  Obj rotY :   0.0000 deg
view   0 | SOD= 569.948 mm | SDD= 691.050 mm | M= 1.212 | incident=3.1588°
[[  26.27344    -568.9868      -20.111969  ]
 [   3.2598252   120.792404     14.888031  ]
 [   0.14937307    0.00823686    0.        ]
 [   0.            0.            0.1496    ]]
Residual vector length: 27, Jacobian shape: (27, 6)
view   0 | SOD= 569.391 mm | SDD= 691.050 mm | M= 1.214 | incident=3.1588°
[[  25.587248   -568.4616      -20.056576  ]
 [   3.4915836   121.34763      14.943424  ]
 [   0.1493839     0.00803807    0.        ]
 [   0.            0.            0.1496    ]]

iter 07 cost=7.615257 -> 2.840557 |dtheta|=5.546010e-01  lambda=4.572e-06

============================================================
Iteration 8
============================================================
Theta offsets (Unity frame):
  Source   : dSx=   0.000, dSy=   0.000, dSz=   0.000  (mm)
  Object   : dOx=  -6.991, dOy=  -2.057, dOz=  -7.018  (mm)
  Object offset: offset_x=  -0.015, offset_z=   0.034  (mm)
  Detector : dDx=   0.000, dDy=   0.000, dDz=   0.000  (mm)
  Obj Stage rotY :    3.080 deg
============================================================

Unity geometry (world coordinates):
  Source   : x=  -5.000, y=  38.000, z=   0.000
  Object   : x=   0.009, y=  17.943, z= 568.982
  Detector : x=  10.000, y=   3.000, z= 690.000
  Obj rotY :   0.0000 deg
view   0 | SOD= 569.391 mm | SDD= 691.050 mm | M= 1.214 | incident=3.1588°
[[  25.587248   -568.4616      -20.056576  ]
 [   3.4915836   121.34763      14.943424  ]
 [   0.1493839     0.00803807    0.        ]
 [   0.            0.            0.1496    ]]
Residual vector length: 27, Jacobian shape: (27, 6)
view   0 | SOD= 569.045 mm | SDD= 691.050 mm | M= 1.214 | incident=3.1588°
[[  25.418571   -568.1237      -20.032064  ]
 [   3.4897895   121.69083      14.967936  ]
 [   0.14938584    0.00800193    0.        ]
 [   0.            0.            0.1496    ]]

iter 08 cost=2.840557 -> 1.383660 |dtheta|=3.417891e-01  lambda=1.524e-06

============================================================
Iteration 9
============================================================
Theta offsets (Unity frame):
  Source   : dSx=   0.000, dSy=   0.000, dSz=   0.000  (mm)
  Object   : dOx=  -6.994, dOy=  -2.032, dOz=  -7.359  (mm)
  Object offset: offset_x=   0.000, offset_z=   0.029  (mm)
  Detector : dDx=   0.000, dDy=   0.000, dDz=   0.000  (mm)
  Obj Stage rotY :    3.066 deg
============================================================

Unity geometry (world coordinates):
  Source   : x=  -5.000, y=  38.000, z=   0.000
  Object   : x=   0.006, y=  17.968, z= 568.641
  Detector : x=  10.000, y=   3.000, z= 690.000
  Obj rotY :   0.0000 deg
view   0 | SOD= 569.045 mm | SDD= 691.050 mm | M= 1.214 | incident=3.1588°
[[  25.418571   -568.1237      -20.032064  ]
 [   3.4897895   121.69083      14.967936  ]
 [   0.14938584    0.00800193    0.        ]
 [   0.            0.            0.1496    ]]
Residual vector length: 27, Jacobian shape: (27, 6)
view   0 | SOD= 568.977 mm | SDD= 691.050 mm | M= 1.215 | incident=3.1588°
[[  24.868038   -568.07983     -20.028664  ]
 [   3.620057    121.756004     14.971336  ]
 [   0.14939366    0.0078545     0.        ]
 [   0.            0.            0.1496    ]]

iter 09 cost=1.383660 -> 0.946955 |dtheta|=7.916653e-02  lambda=1.000e-06

============================================================
Iteration 10
============================================================
Theta offsets (Unity frame):
  Source   : dSx=   0.000, dSy=   0.000, dSz=   0.000  (mm)
  Object   : dOx=  -7.001, dOy=  -2.029, dOz=  -7.411  (mm)
  Object offset: offset_x=  -0.007, offset_z=   0.013  (mm)
  Detector : dDx=   0.000, dDy=   0.000, dDz=   0.000  (mm)
  Obj Stage rotY :    3.010 deg
============================================================

Unity geometry (world coordinates):
  Source   : x=  -5.000, y=  38.000, z=   0.000
  Object   : x=  -0.001, y=  17.971, z= 568.589
  Detector : x=  10.000, y=   3.000, z= 690.000
  Obj rotY :   0.0000 deg
view   0 | SOD= 568.977 mm | SDD= 691.050 mm | M= 1.215 | incident=3.1588°
[[  24.868038   -568.07983     -20.028664  ]
 [   3.620057    121.756004     14.971336  ]
 [   0.14939366    0.0078545     0.        ]
 [   0.            0.            0.1496    ]]
Residual vector length: 27, Jacobian shape: (27, 6)
view   0 | SOD= 569.055 mm | SDD= 691.050 mm | M= 1.214 | incident=3.1588°
[[  25.467945   -568.1318      -20.0331    ]
 [   3.4561539   121.680145     14.9669    ]
 [   0.14938487    0.00801991    0.        ]
 [   0.            0.            0.1496    ]]

iter 10 cost=0.946955 -> 1.324198 |dtheta|=1.048265e-01  lambda=1.000e-06

============================================================
Iteration 11
============================================================
Theta offsets (Unity frame):
  Source   : dSx=   0.000, dSy=   0.000, dSz=   0.000  (mm)
  Object   : dOx=  -7.001, dOy=  -2.029, dOz=  -7.411  (mm)
  Object offset: offset_x=  -0.007, offset_z=   0.013  (mm)
  Detector : dDx=   0.000, dDy=   0.000, dDz=   0.000  (mm)
  Obj Stage rotY :    3.010 deg
============================================================

Unity geometry (world coordinates):
  Source   : x=  -5.000, y=  38.000, z=   0.000
  Object   : x=  -0.001, y=  17.971, z= 568.589
  Detector : x=  10.000, y=   3.000, z= 690.000
  Obj rotY :   0.0000 deg
view   0 | SOD= 568.977 mm | SDD= 691.050 mm | M= 1.215 | incident=3.1588°
[[  24.868038   -568.07983     -20.028664  ]
 [   3.620057    121.756004     14.971336  ]
 [   0.14939366    0.0078545     0.        ]
 [   0.            0.            0.1496    ]]
Residual vector length: 27, Jacobian shape: (27, 6)
view   0 | SOD= 569.055 mm | SDD= 691.050 mm | M= 1.214 | incident=3.1588°
[[  25.467945   -568.1318      -20.0331    ]
 [   3.4561539   121.680145     14.9669    ]
 [   0.14938487    0.00801991    0.        ]
 [   0.            0.            0.1496    ]]

iter 11 cost=0.946955 -> 1.324198 |dtheta|=1.048265e-01  lambda=5.000e-06

============================================================
Iteration 12
============================================================
Theta offsets (Unity frame):
  Source   : dSx=   0.000, dSy=   0.000, dSz=   0.000  (mm)
  Object   : dOx=  -7.001, dOy=  -2.029, dOz=  -7.411  (mm)
  Object offset: offset_x=  -0.007, offset_z=   0.013  (mm)
  Detector : dDx=   0.000, dDy=   0.000, dDz=   0.000  (mm)
  Obj Stage rotY :    3.010 deg
============================================================

Unity geometry (world coordinates):
  Source   : x=  -5.000, y=  38.000, z=   0.000
  Object   : x=  -0.001, y=  17.971, z= 568.589
  Detector : x=  10.000, y=   3.000, z= 690.000
  Obj rotY :   0.0000 deg
view   0 | SOD= 568.977 mm | SDD= 691.050 mm | M= 1.215 | incident=3.1588°
[[  24.868038   -568.07983     -20.028664  ]
 [   3.620057    121.756004     14.971336  ]
 [   0.14939366    0.0078545     0.        ]
 [   0.            0.            0.1496    ]]
Residual vector length: 27, Jacobian shape: (27, 6)
view   0 | SOD= 569.055 mm | SDD= 691.050 mm | M= 1.214 | incident=3.1588°
[[  25.467945   -568.1318      -20.0331    ]
 [   3.4561539   121.680145     14.9669    ]
 [   0.14938487    0.00801991    0.        ]
 [   0.            0.            0.1496    ]]

iter 12 cost=0.946955 -> 1.324198 |dtheta|=1.048263e-01  lambda=2.500e-05

============================================================
Iteration 13
============================================================
Theta offsets (Unity frame):
  Source   : dSx=   0.000, dSy=   0.000, dSz=   0.000  (mm)
  Object   : dOx=  -7.001, dOy=  -2.029, dOz=  -7.411  (mm)
  Object offset: offset_x=  -0.007, offset_z=   0.013  (mm)
  Detector : dDx=   0.000, dDy=   0.000, dDz=   0.000  (mm)
  Obj Stage rotY :    3.010 deg
============================================================

Unity geometry (world coordinates):
  Source   : x=  -5.000, y=  38.000, z=   0.000
  Object   : x=  -0.001, y=  17.971, z= 568.589
  Detector : x=  10.000, y=   3.000, z= 690.000
  Obj rotY :   0.0000 deg
view   0 | SOD= 568.977 mm | SDD= 691.050 mm | M= 1.215 | incident=3.1588°
[[  24.868038   -568.07983     -20.028664  ]
 [   3.620057    121.756004     14.971336  ]
 [   0.14939366    0.0078545     0.        ]
 [   0.            0.            0.1496    ]]
Residual vector length: 27, Jacobian shape: (27, 6)
view   0 | SOD= 569.055 mm | SDD= 691.050 mm | M= 1.214 | incident=3.1588°
[[  25.467945   -568.1318      -20.0331    ]
 [   3.4561539   121.680145     14.9669    ]
 [   0.14938487    0.00801991    0.        ]
 [   0.            0.            0.1496    ]]

iter 13 cost=0.946955 -> 1.324198 |dtheta|=1.048254e-01  lambda=1.250e-04

============================================================
Iteration 14
============================================================
Theta offsets (Unity frame):
  Source   : dSx=   0.000, dSy=   0.000, dSz=   0.000  (mm)
  Object   : dOx=  -7.001, dOy=  -2.029, dOz=  -7.411  (mm)
  Object offset: offset_x=  -0.007, offset_z=   0.013  (mm)
  Detector : dDx=   0.000, dDy=   0.000, dDz=   0.000  (mm)
  Obj Stage rotY :    3.010 deg
============================================================

Unity geometry (world coordinates):
  Source   : x=  -5.000, y=  38.000, z=   0.000
  Object   : x=  -0.001, y=  17.971, z= 568.589
  Detector : x=  10.000, y=   3.000, z= 690.000
  Obj rotY :   0.0000 deg
view   0 | SOD= 568.977 mm | SDD= 691.050 mm | M= 1.215 | incident=3.1588°
[[  24.868038   -568.07983     -20.028664  ]
 [   3.620057    121.756004     14.971336  ]
 [   0.14939366    0.0078545     0.        ]
 [   0.            0.            0.1496    ]]
Residual vector length: 27, Jacobian shape: (27, 6)
view   0 | SOD= 569.055 mm | SDD= 691.050 mm | M= 1.214 | incident=3.1588°
[[  25.467943   -568.1318      -20.0331    ]
 [   3.4561534   121.680145     14.9669    ]
 [   0.14938487    0.00801991    0.        ]
 [   0.            0.            0.1496    ]]

iter 14 cost=0.946955 -> 1.324198 |dtheta|=1.048208e-01  lambda=6.250e-04

============================================================
Iteration 15
============================================================
Theta offsets (Unity frame):
  Source   : dSx=   0.000, dSy=   0.000, dSz=   0.000  (mm)
  Object   : dOx=  -7.001, dOy=  -2.029, dOz=  -7.411  (mm)
  Object offset: offset_x=  -0.007, offset_z=   0.013  (mm)
  Detector : dDx=   0.000, dDy=   0.000, dDz=   0.000  (mm)
  Obj Stage rotY :    3.010 deg
============================================================

Unity geometry (world coordinates):
  Source   : x=  -5.000, y=  38.000, z=   0.000
  Object   : x=  -0.001, y=  17.971, z= 568.589
  Detector : x=  10.000, y=   3.000, z= 690.000
  Obj rotY :   0.0000 deg
view   0 | SOD= 568.977 mm | SDD= 691.050 mm | M= 1.215 | incident=3.1588°
[[  24.868038   -568.07983     -20.028664  ]
 [   3.620057    121.756004     14.971336  ]
 [   0.14939366    0.0078545     0.        ]
 [   0.            0.            0.1496    ]]
Residual vector length: 27, Jacobian shape: (27, 6)
view   0 | SOD= 569.055 mm | SDD= 691.050 mm | M= 1.214 | incident=3.1588°
[[  25.467936   -568.1318      -20.0331    ]
 [   3.456156    121.680145     14.9669    ]
 [   0.14938487    0.00801991    0.        ]
 [   0.            0.            0.1496    ]]

iter 15 cost=0.946955 -> 1.324198 |dtheta|=1.047979e-01  lambda=3.125e-03

============================================================
Iteration 16
============================================================
Theta offsets (Unity frame):
  Source   : dSx=   0.000, dSy=   0.000, dSz=   0.000  (mm)
  Object   : dOx=  -7.001, dOy=  -2.029, dOz=  -7.411  (mm)
  Object offset: offset_x=  -0.007, offset_z=   0.013  (mm)
  Detector : dDx=   0.000, dDy=   0.000, dDz=   0.000  (mm)
  Obj Stage rotY :    3.010 deg
============================================================

Unity geometry (world coordinates):
  Source   : x=  -5.000, y=  38.000, z=   0.000
  Object   : x=  -0.001, y=  17.971, z= 568.589
  Detector : x=  10.000, y=   3.000, z= 690.000
  Obj rotY :   0.0000 deg
view   0 | SOD= 568.977 mm | SDD= 691.050 mm | M= 1.215 | incident=3.1588°
[[  24.868038   -568.07983     -20.028664  ]
 [   3.620057    121.756004     14.971336  ]
 [   0.14939366    0.0078545     0.        ]
 [   0.            0.            0.1496    ]]
Residual vector length: 27, Jacobian shape: (27, 6)
view   0 | SOD= 569.055 mm | SDD= 691.050 mm | M= 1.214 | incident=3.1588°
[[  25.467886   -568.1316      -20.033096  ]
 [   3.4561558   121.68033      14.966904  ]
 [   0.14938487    0.0080199     0.        ]
 [   0.            0.            0.1496    ]]

iter 16 cost=0.946955 -> 1.324198 |dtheta|=1.046836e-01  lambda=1.562e-02

============================================================
Iteration 17
============================================================
Theta offsets (Unity frame):
  Source   : dSx=   0.000, dSy=   0.000, dSz=   0.000  (mm)
  Object   : dOx=  -7.001, dOy=  -2.029, dOz=  -7.411  (mm)
  Object offset: offset_x=  -0.007, offset_z=   0.013  (mm)
  Detector : dDx=   0.000, dDy=   0.000, dDz=   0.000  (mm)
  Obj Stage rotY :    3.010 deg
============================================================

Unity geometry (world coordinates):
  Source   : x=  -5.000, y=  38.000, z=   0.000
  Object   : x=  -0.001, y=  17.971, z= 568.589
  Detector : x=  10.000, y=   3.000, z= 690.000
  Obj rotY :   0.0000 deg
view   0 | SOD= 568.977 mm | SDD= 691.050 mm | M= 1.215 | incident=3.1588°
[[  24.868038   -568.07983     -20.028664  ]
 [   3.620057    121.756004     14.971336  ]
 [   0.14939366    0.0078545     0.        ]
 [   0.            0.            0.1496    ]]
Residual vector length: 27, Jacobian shape: (27, 6)
view   0 | SOD= 569.054 mm | SDD= 691.050 mm | M= 1.214 | incident=3.1588°
[[  25.467634   -568.13086     -20.033075  ]
 [   3.45617     121.68105      14.966925  ]
 [   0.14938489    0.00801984    0.        ]
 [   0.            0.            0.1496    ]]

iter 17 cost=0.946955 -> 1.324198 |dtheta|=1.041206e-01  lambda=7.812e-02

============================================================
Iteration 18
============================================================
Theta offsets (Unity frame):
  Source   : dSx=   0.000, dSy=   0.000, dSz=   0.000  (mm)
  Object   : dOx=  -7.001, dOy=  -2.029, dOz=  -7.411  (mm)
  Object offset: offset_x=  -0.007, offset_z=   0.013  (mm)
  Detector : dDx=   0.000, dDy=   0.000, dDz=   0.000  (mm)
  Obj Stage rotY :    3.010 deg
============================================================

Unity geometry (world coordinates):
  Source   : x=  -5.000, y=  38.000, z=   0.000
  Object   : x=  -0.001, y=  17.971, z= 568.589
  Detector : x=  10.000, y=   3.000, z= 690.000
  Obj rotY :   0.0000 deg
view   0 | SOD= 568.977 mm | SDD= 691.050 mm | M= 1.215 | incident=3.1588°
[[  24.868038   -568.07983     -20.028664  ]
 [   3.620057    121.756004     14.971336  ]
 [   0.14939366    0.0078545     0.        ]
 [   0.            0.            0.1496    ]]
Residual vector length: 27, Jacobian shape: (27, 6)
view   0 | SOD= 569.051 mm | SDD= 691.050 mm | M= 1.214 | incident=3.1588°
[[  25.466022   -568.12744     -20.032976  ]
 [   3.4563456   121.684525     14.967024  ]
 [   0.1493849     0.00801945    0.        ]
 [   0.            0.            0.1496    ]]

iter 18 cost=0.946955 -> 1.276386 |dtheta|=1.014929e-01  lambda=3.906e-01

============================================================
Iteration 19
============================================================
Theta offsets (Unity frame):
  Source   : dSx=   0.000, dSy=   0.000, dSz=   0.000  (mm)
  Object   : dOx=  -7.001, dOy=  -2.029, dOz=  -7.411  (mm)
  Object offset: offset_x=  -0.007, offset_z=   0.013  (mm)
  Detector : dDx=   0.000, dDy=   0.000, dDz=   0.000  (mm)
  Obj Stage rotY :    3.010 deg
============================================================

Unity geometry (world coordinates):
  Source   : x=  -5.000, y=  38.000, z=   0.000
  Object   : x=  -0.001, y=  17.971, z= 568.589
  Detector : x=  10.000, y=   3.000, z= 690.000
  Obj rotY :   0.0000 deg
view   0 | SOD= 568.977 mm | SDD= 691.050 mm | M= 1.215 | incident=3.1588°
[[  24.868038   -568.07983     -20.028664  ]
 [   3.620057    121.756004     14.971336  ]
 [   0.14939366    0.0078545     0.        ]
 [   0.            0.            0.1496    ]]
Residual vector length: 27, Jacobian shape: (27, 6)
view   0 | SOD= 569.038 mm | SDD= 691.050 mm | M= 1.214 | incident=3.1588°
[[  25.452147   -568.115       -20.032606  ]
 [   3.459023    121.69751      14.967394  ]
 [   0.1493851     0.00801587    0.        ]
 [   0.            0.            0.1496    ]]

iter 19 cost=0.946955 -> 1.220950 |dtheta|=9.163018e-02  lambda=1.953e+00

============================================================
Iteration 20
============================================================
Theta offsets (Unity frame):
  Source   : dSx=   0.000, dSy=   0.000, dSz=   0.000  (mm)
  Object   : dOx=  -7.001, dOy=  -2.029, dOz=  -7.411  (mm)
  Object offset: offset_x=  -0.007, offset_z=   0.013  (mm)
  Detector : dDx=   0.000, dDy=   0.000, dDz=   0.000  (mm)
  Obj Stage rotY :    3.010 deg
============================================================

Unity geometry (world coordinates):
  Source   : x=  -5.000, y=  38.000, z=   0.000
  Object   : x=  -0.001, y=  17.971, z= 568.589
  Detector : x=  10.000, y=   3.000, z= 690.000
  Obj rotY :   0.0000 deg
view   0 | SOD= 568.977 mm | SDD= 691.050 mm | M= 1.215 | incident=3.1588°
[[  24.868038   -568.07983     -20.028664  ]
 [   3.620057    121.756004     14.971336  ]
 [   0.14939366    0.0078545     0.        ]
 [   0.            0.            0.1496    ]]
Residual vector length: 27, Jacobian shape: (27, 6)
view   0 | SOD= 569.011 mm | SDD= 691.050 mm | M= 1.214 | incident=3.1588°
[[  25.355331   -568.09314     -20.031853  ]
 [   3.48225     121.723175     14.968147  ]
 [   0.14938648    0.00798987    0.        ]
 [   0.            0.            0.1496    ]]

iter 20 cost=0.946955 -> 1.122035 |dtheta|=6.892681e-02  lambda=9.766e+00

============================================================
Iteration 21
============================================================
Theta offsets (Unity frame):
  Source   : dSx=   0.000, dSy=   0.000, dSz=   0.000  (mm)
  Object   : dOx=  -7.001, dOy=  -2.029, dOz=  -7.411  (mm)
  Object offset: offset_x=  -0.007, offset_z=   0.013  (mm)
  Detector : dDx=   0.000, dDy=   0.000, dDz=   0.000  (mm)
  Obj Stage rotY :    3.010 deg
============================================================

Unity geometry (world coordinates):
  Source   : x=  -5.000, y=  38.000, z=   0.000
  Object   : x=  -0.001, y=  17.971, z= 568.589
  Detector : x=  10.000, y=   3.000, z= 690.000
  Obj rotY :   0.0000 deg
view   0 | SOD= 568.977 mm | SDD= 691.050 mm | M= 1.215 | incident=3.1588°
[[  24.868038   -568.07983     -20.028664  ]
 [   3.620057    121.756004     14.971336  ]
 [   0.14939366    0.0078545     0.        ]
 [   0.            0.            0.1496    ]]
Residual vector length: 27, Jacobian shape: (27, 6)
view   0 | SOD= 568.989 mm | SDD= 691.050 mm | M= 1.215 | incident=3.1588°
[[  25.10411    -568.0818      -20.031166  ]
 [   3.5460713   121.74444      14.968834  ]
 [   0.14939012    0.00792164    0.        ]
 [   0.            0.            0.1496    ]]

iter 21 cost=0.946955 -> 0.853533 |dtheta|=3.744501e-02  lambda=4.883e+01

============================================================
Iteration 22
============================================================
Theta offsets (Unity frame):
  Source   : dSx=   0.000, dSy=   0.000, dSz=   0.000  (mm)
  Object   : dOx=  -7.005, dOy=  -2.031, dOz=  -7.399  (mm)
  Object offset: offset_x=   0.017, offset_z=   0.013  (mm)
  Detector : dDx=   0.000, dDy=   0.000, dDz=   0.000  (mm)
  Obj Stage rotY :    3.035 deg
============================================================

Unity geometry (world coordinates):
  Source   : x=  -5.000, y=  38.000, z=   0.000
  Object   : x=  -0.005, y=  17.969, z= 568.601
  Detector : x=  10.000, y=   3.000, z= 690.000
  Obj rotY :   0.0000 deg
view   0 | SOD= 568.989 mm | SDD= 691.050 mm | M= 1.215 | incident=3.1588°
[[  25.10411    -568.0818      -20.031166  ]
 [   3.5460713   121.74444      14.968834  ]
 [   0.14939012    0.00792164    0.        ]
 [   0.            0.            0.1496    ]]
Residual vector length: 27, Jacobian shape: (27, 6)
view   0 | SOD= 568.913 mm | SDD= 691.050 mm | M= 1.215 | incident=3.1588°
[[  24.671696   -568.0247      -20.01782   ]
 [   3.6203072   121.81716      14.98218   ]
 [   0.1493959     0.00781192    0.        ]
 [   0.            0.            0.1496    ]]

iter 22 cost=0.853533 -> 0.699603 |dtheta|=8.376767e-02  lambda=1.628e+01

============================================================
Iteration 23
============================================================
Theta offsets (Unity frame):
  Source   : dSx=   0.000, dSy=   0.000, dSz=   0.000  (mm)
  Object   : dOx=  -6.989, dOy=  -2.018, dOz=  -7.468  (mm)
  Object offset: offset_x=   0.012, offset_z=   0.006  (mm)
  Detector : dDx=   0.000, dDy=   0.000, dDz=   0.000  (mm)
  Obj Stage rotY :    2.993 deg
============================================================

Unity geometry (world coordinates):
  Source   : x=  -5.000, y=  38.000, z=   0.000
  Object   : x=   0.011, y=  17.982, z= 568.532
  Detector : x=  10.000, y=   3.000, z= 690.000
  Obj rotY :   0.0000 deg
view   0 | SOD= 568.913 mm | SDD= 691.050 mm | M= 1.215 | incident=3.1588°
[[  24.671696   -568.0247      -20.01782   ]
 [   3.6203072   121.81716      14.98218   ]
 [   0.1493959     0.00781192    0.        ]
 [   0.            0.            0.1496    ]]
Residual vector length: 27, Jacobian shape: (27, 6)
view   0 | SOD= 568.857 mm | SDD= 691.050 mm | M= 1.215 | incident=3.1588°
[[  24.513784   -567.97614     -20.022076  ]
 [   3.6803157   121.87238      14.977924  ]
 [   0.14939836    0.00776473    0.        ]
 [   0.            0.            0.1496    ]]

iter 23 cost=0.699603 -> 0.558902 |dtheta|=5.518517e-02  lambda=5.425e+00

============================================================
Iteration 24
============================================================
Theta offsets (Unity frame):
  Source   : dSx=   0.000, dSy=   0.000, dSz=   0.000  (mm)
  Object   : dOx=  -7.014, dOy=  -2.022, dOz=  -7.513  (mm)
  Object offset: offset_x=   0.013, offset_z=  -0.005  (mm)
  Detector : dDx=   0.000, dDy=   0.000, dDz=   0.000  (mm)
  Obj Stage rotY :    2.975 deg
============================================================

Unity geometry (world coordinates):
  Source   : x=  -5.000, y=  38.000, z=   0.000
  Object   : x=  -0.014, y=  17.978, z= 568.487
  Detector : x=  10.000, y=   3.000, z= 690.000
  Obj rotY :   0.0000 deg
view   0 | SOD= 568.857 mm | SDD= 691.050 mm | M= 1.215 | incident=3.1588°
[[  24.513784   -567.97614     -20.022076  ]
 [   3.6803157   121.87238      14.977924  ]
 [   0.14939836    0.00776473    0.        ]
 [   0.            0.            0.1496    ]]
Residual vector length: 27, Jacobian shape: (27, 6)
view   0 | SOD= 568.674 mm | SDD= 691.050 mm | M= 1.215 | incident=3.1588°
[[  24.977812   -567.7723      -20.020107  ]
 [   3.548257    122.05795      14.979893  ]
 [   0.14939159    0.00789382    0.        ]
 [   0.            0.            0.1496    ]]

iter 24 cost=0.558902 -> 0.272434 |dtheta|=2.085204e-01  lambda=1.808e+00

============================================================
Iteration 25
============================================================
Theta offsets (Unity frame):
  Source   : dSx=   0.000, dSy=   0.000, dSz=   0.000  (mm)
  Object   : dOx=  -6.991, dOy=  -2.020, dOz=  -7.713  (mm)
  Object offset: offset_x=   0.008, offset_z=   0.012  (mm)
  Detector : dDx=   0.000, dDy=   0.000, dDz=   0.000  (mm)
  Obj Stage rotY :    3.025 deg
============================================================

Unity geometry (world coordinates):
  Source   : x=  -5.000, y=  38.000, z=   0.000
  Object   : x=   0.009, y=  17.980, z= 568.287
  Detector : x=  10.000, y=   3.000, z= 690.000
  Obj rotY :   0.0000 deg
view   0 | SOD= 568.674 mm | SDD= 691.050 mm | M= 1.215 | incident=3.1588°
[[  24.977812   -567.7723      -20.020107  ]
 [   3.548257    122.05795      14.979893  ]
 [   0.14939159    0.00789382    0.        ]
 [   0.            0.            0.1496    ]]
Residual vector length: 27, Jacobian shape: (27, 6)
view   0 | SOD= 568.592 mm | SDD= 691.050 mm | M= 1.215 | incident=3.1588°
[[  25.23033    -567.6795      -20.006306  ]
 [   3.5087066   122.141624     14.993694  ]
 [   0.14938824    0.00795707    0.        ]
 [   0.            0.            0.1496    ]]

iter 25 cost=0.272434 -> 0.108504 |dtheta|=7.938021e-02  lambda=6.028e-01

============================================================
Iteration 26
============================================================
Theta offsets (Unity frame):
  Source   : dSx=   0.000, dSy=   0.000, dSz=   0.000  (mm)
  Object   : dOx=  -6.996, dOy=  -2.006, dOz=  -7.786  (mm)
  Object offset: offset_x=  -0.004, offset_z=   0.004  (mm)
  Detector : dDx=   0.000, dDy=   0.000, dDz=   0.000  (mm)
  Obj Stage rotY :    3.049 deg
============================================================

Unity geometry (world coordinates):
  Source   : x=  -5.000, y=  38.000, z=   0.000
  Object   : x=   0.004, y=  17.994, z= 568.214
  Detector : x=  10.000, y=   3.000, z= 690.000
  Obj rotY :   0.0000 deg
view   0 | SOD= 568.592 mm | SDD= 691.050 mm | M= 1.215 | incident=3.1588°
[[  25.23033    -567.6795      -20.006306  ]
 [   3.5087066   122.141624     14.993694  ]
 [   0.14938824    0.00795707    0.        ]
 [   0.            0.            0.1496    ]]
Residual vector length: 27, Jacobian shape: (27, 6)
view   0 | SOD= 568.598 mm | SDD= 691.050 mm | M= 1.215 | incident=3.1588°
[[  25.103127   -567.69086     -20.009003  ]
 [   3.5399692   122.13524      14.990997  ]
 [   0.14939006    0.00792275    0.        ]
 [   0.            0.            0.1496    ]]

iter 26 cost=0.108504 -> 0.086040 |dtheta|=1.634549e-02  lambda=2.009e-01

============================================================
Iteration 27
============================================================
Theta offsets (Unity frame):
  Source   : dSx=   0.000, dSy=   0.000, dSz=   0.000  (mm)
  Object   : dOx=  -7.000, dOy=  -2.009, dOz=  -7.778  (mm)
  Object offset: offset_x=  -0.003, offset_z=   0.002  (mm)
  Detector : dDx=   0.000, dDy=   0.000, dDz=   0.000  (mm)
  Obj Stage rotY :    3.036 deg
============================================================

Unity geometry (world coordinates):
  Source   : x=  -5.000, y=  38.000, z=   0.000
  Object   : x=  -0.000, y=  17.991, z= 568.222
  Detector : x=  10.000, y=   3.000, z= 690.000
  Obj rotY :   0.0000 deg
view   0 | SOD= 568.598 mm | SDD= 691.050 mm | M= 1.215 | incident=3.1588°
[[  25.103127   -567.69086     -20.009003  ]
 [   3.5399692   122.13524      14.990997  ]
 [   0.14939006    0.00792275    0.        ]
 [   0.            0.            0.1496    ]]
Residual vector length: 27, Jacobian shape: (27, 6)
view   0 | SOD= 568.521 mm | SDD= 691.050 mm | M= 1.216 | incident=3.1588°
[[  24.968195   -567.6201      -20.004251  ]
 [   3.5779335   122.21138      14.9957485 ]
 [   0.14939204    0.00788531    0.        ]
 [   0.            0.            0.1496    ]]

iter 27 cost=0.086040 -> 0.060789 |dtheta|=7.549483e-02  lambda=6.698e-02

============================================================
Iteration 28
============================================================
Theta offsets (Unity frame):
  Source   : dSx=   0.000, dSy=   0.000, dSz=   0.000  (mm)
  Object   : dOx=  -7.003, dOy=  -2.004, dOz=  -7.851  (mm)
  Object offset: offset_x=  -0.012, offset_z=  -0.002  (mm)
  Detector : dDx=   0.000, dDy=   0.000, dDz=   0.000  (mm)
  Obj Stage rotY :    3.021 deg
============================================================

Unity geometry (world coordinates):
  Source   : x=  -5.000, y=  38.000, z=   0.000
  Object   : x=  -0.003, y=  17.996, z= 568.149
  Detector : x=  10.000, y=   3.000, z= 690.000
  Obj rotY :   0.0000 deg
view   0 | SOD= 568.521 mm | SDD= 691.050 mm | M= 1.216 | incident=3.1588°
[[  24.968195   -567.6201      -20.004251  ]
 [   3.5779335   122.21138      14.9957485 ]
 [   0.14939204    0.00788531    0.        ]
 [   0.            0.            0.1496    ]]
Residual vector length: 27, Jacobian shape: (27, 6)
view   0 | SOD= 568.499 mm | SDD= 691.050 mm | M= 1.216 | incident=3.1588°
[[  24.936174   -567.5998      -20.004652  ]
 [   3.577066    122.23264      14.995348  ]
 [   0.1493924     0.00787856    0.        ]
 [   0.            0.            0.1496    ]]

iter 28 cost=0.060789 -> 0.021555 |dtheta|=2.256615e-02  lambda=2.233e-02

============================================================
Iteration 29
============================================================
Theta offsets (Unity frame):
  Source   : dSx=   0.000, dSy=   0.000, dSz=   0.000  (mm)
  Object   : dOx=  -7.005, dOy=  -2.005, dOz=  -7.872  (mm)
  Object offset: offset_x=  -0.005, offset_z=  -0.002  (mm)
  Detector : dDx=   0.000, dDy=   0.000, dDz=   0.000  (mm)
  Obj Stage rotY :    3.019 deg
============================================================

Unity geometry (world coordinates):
  Source   : x=  -5.000, y=  38.000, z=   0.000
  Object   : x=  -0.005, y=  17.995, z= 568.128
  Detector : x=  10.000, y=   3.000, z= 690.000
  Obj rotY :   0.0000 deg
view   0 | SOD= 568.499 mm | SDD= 691.050 mm | M= 1.216 | incident=3.1588°
[[  24.936174   -567.5998      -20.004652  ]
 [   3.577066    122.23264      14.995348  ]
 [   0.1493924     0.00787856    0.        ]
 [   0.            0.            0.1496    ]]
Residual vector length: 27, Jacobian shape: (27, 6)
view   0 | SOD= 568.502 mm | SDD= 691.050 mm | M= 1.216 | incident=3.1588°
[[  24.967352   -567.60114     -20.00387   ]
 [   3.5692804   122.23011      14.99613   ]
 [   0.14939195    0.007887      0.        ]
 [   0.            0.            0.1496    ]]

iter 29 cost=0.021555 -> 0.022447 |dtheta|=4.079287e-03  lambda=7.442e-03

============================================================
Iteration 30
============================================================
Theta offsets (Unity frame):
  Source   : dSx=   0.000, dSy=   0.000, dSz=   0.000  (mm)
  Object   : dOx=  -7.005, dOy=  -2.005, dOz=  -7.872  (mm)
  Object offset: offset_x=  -0.005, offset_z=  -0.002  (mm)
  Detector : dDx=   0.000, dDy=   0.000, dDz=   0.000  (mm)
  Obj Stage rotY :    3.019 deg
============================================================

Unity geometry (world coordinates):
  Source   : x=  -5.000, y=  38.000, z=   0.000
  Object   : x=  -0.005, y=  17.995, z= 568.128
  Detector : x=  10.000, y=   3.000, z= 690.000
  Obj rotY :   0.0000 deg
view   0 | SOD= 568.499 mm | SDD= 691.050 mm | M= 1.216 | incident=3.1588°
[[  24.936174   -567.5998      -20.004652  ]
 [   3.577066    122.23264      14.995348  ]
 [   0.1493924     0.00787856    0.        ]
 [   0.            0.            0.1496    ]]
Residual vector length: 27, Jacobian shape: (27, 6)
view   0 | SOD= 568.502 mm | SDD= 691.050 mm | M= 1.216 | incident=3.1588°
[[  24.967312   -567.60114     -20.00387   ]
 [   3.5692904   122.23011      14.99613   ]
 [   0.14939195    0.00788699    0.        ]
 [   0.            0.            0.1496    ]]

iter 30 cost=0.021555 -> 0.022447 |dtheta|=4.074694e-03  lambda=3.721e-02

============================================================
Iteration 31
============================================================
Theta offsets (Unity frame):
  Source   : dSx=   0.000, dSy=   0.000, dSz=   0.000  (mm)
  Object   : dOx=  -7.005, dOy=  -2.005, dOz=  -7.872  (mm)
  Object offset: offset_x=  -0.005, offset_z=  -0.002  (mm)
  Detector : dDx=   0.000, dDy=   0.000, dDz=   0.000  (mm)
  Obj Stage rotY :    3.019 deg
============================================================

Unity geometry (world coordinates):
  Source   : x=  -5.000, y=  38.000, z=   0.000
  Object   : x=  -0.005, y=  17.995, z= 568.128
  Detector : x=  10.000, y=   3.000, z= 690.000
  Obj rotY :   0.0000 deg
view   0 | SOD= 568.499 mm | SDD= 691.050 mm | M= 1.216 | incident=3.1588°
[[  24.936174   -567.5998      -20.004652  ]
 [   3.577066    122.23264      14.995348  ]
 [   0.1493924     0.00787856    0.        ]
 [   0.            0.            0.1496    ]]
Residual vector length: 27, Jacobian shape: (27, 6)
view   0 | SOD= 568.502 mm | SDD= 691.050 mm | M= 1.216 | incident=3.1588°
[[  24.967104   -567.6011      -20.00387   ]
 [   3.569336    122.23017      14.99613   ]
 [   0.14939195    0.00788694    0.        ]
 [   0.            0.            0.1496    ]]

iter 31 cost=0.021555 -> 0.022447 |dtheta|=4.051912e-03  lambda=1.861e-01

============================================================
Iteration 32
============================================================
Theta offsets (Unity frame):
  Source   : dSx=   0.000, dSy=   0.000, dSz=   0.000  (mm)
  Object   : dOx=  -7.005, dOy=  -2.005, dOz=  -7.872  (mm)
  Object offset: offset_x=  -0.005, offset_z=  -0.002  (mm)
  Detector : dDx=   0.000, dDy=   0.000, dDz=   0.000  (mm)
  Obj Stage rotY :    3.019 deg
============================================================

Unity geometry (world coordinates):
  Source   : x=  -5.000, y=  38.000, z=   0.000
  Object   : x=  -0.005, y=  17.995, z= 568.128
  Detector : x=  10.000, y=   3.000, z= 690.000
  Obj rotY :   0.0000 deg
view   0 | SOD= 568.499 mm | SDD= 691.050 mm | M= 1.216 | incident=3.1588°
[[  24.936174   -567.5998      -20.004652  ]
 [   3.577066    122.23264      14.995348  ]
 [   0.1493924     0.00787856    0.        ]
 [   0.            0.            0.1496    ]]
Residual vector length: 27, Jacobian shape: (27, 6)
view   0 | SOD= 568.502 mm | SDD= 691.050 mm | M= 1.216 | incident=3.1588°
[[  24.96612    -567.60114     -20.003868  ]
 [   3.56957     122.23016      14.996132  ]
 [   0.14939196    0.00788667    0.        ]
 [   0.            0.            0.1496    ]]

iter 32 cost=0.021555 -> 0.022447 |dtheta|=3.942363e-03  lambda=9.303e-01

============================================================
Iteration 33
============================================================
Theta offsets (Unity frame):
  Source   : dSx=   0.000, dSy=   0.000, dSz=   0.000  (mm)
  Object   : dOx=  -7.005, dOy=  -2.005, dOz=  -7.872  (mm)
  Object offset: offset_x=  -0.005, offset_z=  -0.002  (mm)
  Detector : dDx=   0.000, dDy=   0.000, dDz=   0.000  (mm)
  Obj Stage rotY :    3.019 deg
============================================================

Unity geometry (world coordinates):
  Source   : x=  -5.000, y=  38.000, z=   0.000
  Object   : x=  -0.005, y=  17.995, z= 568.128
  Detector : x=  10.000, y=   3.000, z= 690.000
  Obj rotY :   0.0000 deg
view   0 | SOD= 568.499 mm | SDD= 691.050 mm | M= 1.216 | incident=3.1588°
[[  24.936174   -567.5998      -20.004652  ]
 [   3.577066    122.23264      14.995348  ]
 [   0.1493924     0.00787856    0.        ]
 [   0.            0.            0.1496    ]]
Residual vector length: 27, Jacobian shape: (27, 6)
view   0 | SOD= 568.502 mm | SDD= 691.050 mm | M= 1.216 | incident=3.1588°
[[  24.961962   -567.6011      -20.003866  ]
 [   3.570543    122.230385     14.996134  ]
 [   0.14939202    0.00788556    0.        ]
 [   0.            0.            0.1496    ]]

iter 33 cost=0.021555 -> 0.022447 |dtheta|=3.485588e-03  lambda=4.651e+00

============================================================
Iteration 34
============================================================
Theta offsets (Unity frame):
  Source   : dSx=   0.000, dSy=   0.000, dSz=   0.000  (mm)
  Object   : dOx=  -7.005, dOy=  -2.005, dOz=  -7.872  (mm)
  Object offset: offset_x=  -0.005, offset_z=  -0.002  (mm)
  Detector : dDx=   0.000, dDy=   0.000, dDz=   0.000  (mm)
  Obj Stage rotY :    3.019 deg
============================================================

Unity geometry (world coordinates):
  Source   : x=  -5.000, y=  38.000, z=   0.000
  Object   : x=  -0.005, y=  17.995, z= 568.128
  Detector : x=  10.000, y=   3.000, z= 690.000
  Obj rotY :   0.0000 deg
view   0 | SOD= 568.499 mm | SDD= 691.050 mm | M= 1.216 | incident=3.1588°
[[  24.936174   -567.5998      -20.004652  ]
 [   3.577066    122.23264      14.995348  ]
 [   0.1493924     0.00787856    0.        ]
 [   0.            0.            0.1496    ]]
Residual vector length: 27, Jacobian shape: (27, 6)
view   0 | SOD= 568.501 mm | SDD= 691.050 mm | M= 1.216 | incident=3.1588°
[[  24.95112    -567.60095     -20.003864  ]
 [   3.5730894   122.23087      14.996136  ]
 [   0.14939217    0.00788266    0.        ]
 [   0.            0.            0.1496    ]]

iter 34 cost=0.021555 -> 0.024510 |dtheta|=2.341287e-03  lambda=2.326e+01

============================================================
Iteration 35
============================================================
Theta offsets (Unity frame):
  Source   : dSx=   0.000, dSy=   0.000, dSz=   0.000  (mm)
  Object   : dOx=  -7.005, dOy=  -2.005, dOz=  -7.872  (mm)
  Object offset: offset_x=  -0.005, offset_z=  -0.002  (mm)
  Detector : dDx=   0.000, dDy=   0.000, dDz=   0.000  (mm)
  Obj Stage rotY :    3.019 deg
============================================================

Unity geometry (world coordinates):
  Source   : x=  -5.000, y=  38.000, z=   0.000
  Object   : x=  -0.005, y=  17.995, z= 568.128
  Detector : x=  10.000, y=   3.000, z= 690.000
  Obj rotY :   0.0000 deg
view   0 | SOD= 568.499 mm | SDD= 691.050 mm | M= 1.216 | incident=3.1588°
[[  24.936174   -567.5998      -20.004652  ]
 [   3.577066    122.23264      14.995348  ]
 [   0.1493924     0.00787856    0.        ]
 [   0.            0.            0.1496    ]]
Residual vector length: 27, Jacobian shape: (27, 6)
view   0 | SOD= 568.500 mm | SDD= 691.050 mm | M= 1.216 | incident=3.1588°
[[  24.940298   -567.60065     -20.003895  ]
 [   3.575634    122.231606     14.996105  ]
 [   0.14939234    0.00787977    0.        ]
 [   0.            0.            0.1496    ]]

iter 35 cost=0.021555 -> 0.024510 |dtheta|=1.320412e-03  lambda=1.163e+02

============================================================
Iteration 36
============================================================
Theta offsets (Unity frame):
  Source   : dSx=   0.000, dSy=   0.000, dSz=   0.000  (mm)
  Object   : dOx=  -7.005, dOy=  -2.005, dOz=  -7.872  (mm)
  Object offset: offset_x=  -0.005, offset_z=  -0.002  (mm)
  Detector : dDx=   0.000, dDy=   0.000, dDz=   0.000  (mm)
  Obj Stage rotY :    3.019 deg
============================================================

Unity geometry (world coordinates):
  Source   : x=  -5.000, y=  38.000, z=   0.000
  Object   : x=  -0.005, y=  17.995, z= 568.128
  Detector : x=  10.000, y=   3.000, z= 690.000
  Obj rotY :   0.0000 deg
view   0 | SOD= 568.499 mm | SDD= 691.050 mm | M= 1.216 | incident=3.1588°
[[  24.936174   -567.5998      -20.004652  ]
 [   3.577066    122.23264      14.995348  ]
 [   0.1493924     0.00787856    0.        ]
 [   0.            0.            0.1496    ]]
Residual vector length: 27, Jacobian shape: (27, 6)
view   0 | SOD= 568.500 mm | SDD= 691.050 mm | M= 1.216 | incident=3.1588°
[[  24.936483   -567.6003      -20.004059  ]
 [   3.5766146   122.23214      14.995941  ]
 [   0.14939238    0.00787873    0.        ]
 [   0.            0.            0.1496    ]]

iter 36 cost=0.021555 -> 0.020945 |dtheta|=7.786083e-04  lambda=5.814e+02

============================================================
Iteration 37
============================================================
Theta offsets (Unity frame):
  Source   : dSx=   0.000, dSy=   0.000, dSz=   0.000  (mm)
  Object   : dOx=  -7.004, dOy=  -2.004, dOz=  -7.872  (mm)
  Object offset: offset_x=  -0.005, offset_z=  -0.002  (mm)
  Detector : dDx=   0.000, dDy=   0.000, dDz=   0.000  (mm)
  Obj Stage rotY :    3.019 deg
============================================================

Unity geometry (world coordinates):
  Source   : x=  -5.000, y=  38.000, z=   0.000
  Object   : x=  -0.004, y=  17.996, z= 568.128
  Detector : x=  10.000, y=   3.000, z= 690.000
  Obj rotY :   0.0000 deg
view   0 | SOD= 568.500 mm | SDD= 691.050 mm | M= 1.216 | incident=3.1588°
[[  24.936483   -567.6003      -20.004059  ]
 [   3.5766146   122.23214      14.995941  ]
 [   0.14939238    0.00787873    0.        ]
 [   0.            0.            0.1496    ]]
Residual vector length: 27, Jacobian shape: (27, 6)
view   0 | SOD= 568.498 mm | SDD= 691.050 mm | M= 1.216 | incident=3.1588°
[[  24.947248   -567.59753     -20.003784  ]
 [   3.5729053   122.23441      14.996216  ]
 [   0.14939222    0.00788186    0.        ]
 [   0.            0.            0.1496    ]]

iter 37 cost=0.020945 -> 0.032830 |dtheta|=2.408694e-03  lambda=1.938e+02

============================================================
Iteration 38
============================================================
Theta offsets (Unity frame):
  Source   : dSx=   0.000, dSy=   0.000, dSz=   0.000  (mm)
  Object   : dOx=  -7.004, dOy=  -2.004, dOz=  -7.872  (mm)
  Object offset: offset_x=  -0.005, offset_z=  -0.002  (mm)
  Detector : dDx=   0.000, dDy=   0.000, dDz=   0.000  (mm)
  Obj Stage rotY :    3.019 deg
============================================================

Unity geometry (world coordinates):
  Source   : x=  -5.000, y=  38.000, z=   0.000
  Object   : x=  -0.004, y=  17.996, z= 568.128
  Detector : x=  10.000, y=   3.000, z= 690.000
  Obj rotY :   0.0000 deg
view   0 | SOD= 568.500 mm | SDD= 691.050 mm | M= 1.216 | incident=3.1588°
[[  24.936483   -567.6003      -20.004059  ]
 [   3.5766146   122.23214      14.995941  ]
 [   0.14939238    0.00787873    0.        ]
 [   0.            0.            0.1496    ]]
Residual vector length: 27, Jacobian shape: (27, 6)
view   0 | SOD= 568.499 mm | SDD= 691.050 mm | M= 1.216 | incident=3.1588°
[[  24.93821    -567.5995      -20.003963  ]
 [   3.57538     122.23285      14.996037  ]
 [   0.14939235    0.00787937    0.        ]
 [   0.            0.            0.1496    ]]

iter 38 cost=0.020945 -> 0.022223 |dtheta|=7.928656e-04  lambda=9.690e+02

============================================================
Iteration 39
============================================================
Theta offsets (Unity frame):
  Source   : dSx=   0.000, dSy=   0.000, dSz=   0.000  (mm)
  Object   : dOx=  -7.004, dOy=  -2.004, dOz=  -7.872  (mm)
  Object offset: offset_x=  -0.005, offset_z=  -0.002  (mm)
  Detector : dDx=   0.000, dDy=   0.000, dDz=   0.000  (mm)
  Obj Stage rotY :    3.019 deg
============================================================

Unity geometry (world coordinates):
  Source   : x=  -5.000, y=  38.000, z=   0.000
  Object   : x=  -0.004, y=  17.996, z= 568.128
  Detector : x=  10.000, y=   3.000, z= 690.000
  Obj rotY :   0.0000 deg
view   0 | SOD= 568.500 mm | SDD= 691.050 mm | M= 1.216 | incident=3.1588°
[[  24.936483   -567.6003      -20.004059  ]
 [   3.5766146   122.23214      14.995941  ]
 [   0.14939238    0.00787873    0.        ]
 [   0.            0.            0.1496    ]]
Residual vector length: 27, Jacobian shape: (27, 6)
view   0 | SOD= 568.500 mm | SDD= 691.050 mm | M= 1.216 | incident=3.1588°
[[  24.936644   -567.6001      -20.00403   ]
 [   3.5762756   122.232315     14.99597   ]
 [   0.14939238    0.00787884    0.        ]
 [   0.            0.            0.1496    ]]

iter 39 cost=0.020945 -> 0.020945 |dtheta|=2.249011e-04  lambda=4.845e+03

============================================================
Iteration 40
============================================================
Theta offsets (Unity frame):
  Source   : dSx=   0.000, dSy=   0.000, dSz=   0.000  (mm)
  Object   : dOx=  -7.004, dOy=  -2.004, dOz=  -7.872  (mm)
  Object offset: offset_x=  -0.005, offset_z=  -0.002  (mm)
  Detector : dDx=   0.000, dDy=   0.000, dDz=   0.000  (mm)
  Obj Stage rotY :    3.019 deg
============================================================

Unity geometry (world coordinates):
  Source   : x=  -5.000, y=  38.000, z=   0.000
  Object   : x=  -0.004, y=  17.996, z= 568.128
  Detector : x=  10.000, y=   3.000, z= 690.000
  Obj rotY :   0.0000 deg
view   0 | SOD= 568.500 mm | SDD= 691.050 mm | M= 1.216 | incident=3.1588°
[[  24.936483   -567.6003      -20.004059  ]
 [   3.5766146   122.23214      14.995941  ]
 [   0.14939238    0.00787873    0.        ]
 [   0.            0.            0.1496    ]]
Residual vector length: 27, Jacobian shape: (27, 6)
view   0 | SOD= 568.500 mm | SDD= 691.050 mm | M= 1.216 | incident=3.1588°
[[  24.936502   -567.6003      -20.004051  ]
 [   3.5765424   122.23214      14.995949  ]
 [   0.14939238    0.00787875    0.        ]
 [   0.            0.            0.1496    ]]

iter 40 cost=0.020945 -> 0.020945 |dtheta|=5.072038e-05  lambda=2.423e+04

============================================================
Iteration 41
============================================================
Theta offsets (Unity frame):
  Source   : dSx=   0.000, dSy=   0.000, dSz=   0.000  (mm)
  Object   : dOx=  -7.004, dOy=  -2.004, dOz=  -7.872  (mm)
  Object offset: offset_x=  -0.005, offset_z=  -0.002  (mm)
  Detector : dDx=   0.000, dDy=   0.000, dDz=   0.000  (mm)
  Obj Stage rotY :    3.019 deg
============================================================

Unity geometry (world coordinates):
  Source   : x=  -5.000, y=  38.000, z=   0.000
  Object   : x=  -0.004, y=  17.996, z= 568.128
  Detector : x=  10.000, y=   3.000, z= 690.000
  Obj rotY :   0.0000 deg
view   0 | SOD= 568.500 mm | SDD= 691.050 mm | M= 1.216 | incident=3.1588°
[[  24.936483   -567.6003      -20.004059  ]
 [   3.5766146   122.23214      14.995941  ]
 [   0.14939238    0.00787873    0.        ]
 [   0.            0.            0.1496    ]]
Residual vector length: 27, Jacobian shape: (27, 6)
view   0 | SOD= 568.500 mm | SDD= 691.050 mm | M= 1.216 | incident=3.1588°
[[  24.936487   -567.6003      -20.004057  ]
 [   3.5766      122.23214      14.995943  ]
 [   0.14939238    0.00787873    0.        ]
 [   0.            0.            0.1496    ]]

iter 41 cost=0.020945 -> 0.020945 |dtheta|=1.042839e-05  lambda=1.211e+05

============================================================
Iteration 42
============================================================
Theta offsets (Unity frame):
  Source   : dSx=   0.000, dSy=   0.000, dSz=   0.000  (mm)
  Object   : dOx=  -7.004, dOy=  -2.004, dOz=  -7.872  (mm)
  Object offset: offset_x=  -0.005, offset_z=  -0.002  (mm)
  Detector : dDx=   0.000, dDy=   0.000, dDz=   0.000  (mm)
  Obj Stage rotY :    3.019 deg
============================================================

Unity geometry (world coordinates):
  Source   : x=  -5.000, y=  38.000, z=   0.000
  Object   : x=  -0.004, y=  17.996, z= 568.128
  Detector : x=  10.000, y=   3.000, z= 690.000
  Obj rotY :   0.0000 deg
view   0 | SOD= 568.500 mm | SDD= 691.050 mm | M= 1.216 | incident=3.1588°
[[  24.936483   -567.6003      -20.004059  ]
 [   3.5766146   122.23214      14.995941  ]
 [   0.14939238    0.00787873    0.        ]
 [   0.            0.            0.1496    ]]
Residual vector length: 27, Jacobian shape: (27, 6)
view   0 | SOD= 568.500 mm | SDD= 691.050 mm | M= 1.216 | incident=3.1588°
[[  24.936485   -567.6003      -20.004057  ]
 [   3.5766122   122.23214      14.995943  ]
 [   0.14939238    0.00787873    0.        ]
 [   0.            0.            0.1496    ]]

iter 42 cost=0.020945 -> 0.020945 |dtheta|=2.097594e-06  lambda=6.056e+05

============================================================
Iteration 43
============================================================
Theta offsets (Unity frame):
  Source   : dSx=   0.000, dSy=   0.000, dSz=   0.000  (mm)
  Object   : dOx=  -7.004, dOy=  -2.004, dOz=  -7.872  (mm)
  Object offset: offset_x=  -0.005, offset_z=  -0.002  (mm)
  Detector : dDx=   0.000, dDy=   0.000, dDz=   0.000  (mm)
  Obj Stage rotY :    3.019 deg
============================================================

Unity geometry (world coordinates):
  Source   : x=  -5.000, y=  38.000, z=   0.000
  Object   : x=  -0.004, y=  17.996, z= 568.128
  Detector : x=  10.000, y=   3.000, z= 690.000
  Obj rotY :   0.0000 deg
view   0 | SOD= 568.500 mm | SDD= 691.050 mm | M= 1.216 | incident=3.1588°
[[  24.936483   -567.6003      -20.004059  ]
 [   3.5766146   122.23214      14.995941  ]
 [   0.14939238    0.00787873    0.        ]
 [   0.            0.            0.1496    ]]
Residual vector length: 27, Jacobian shape: (27, 6)
view   0 | SOD= 568.500 mm | SDD= 691.050 mm | M= 1.216 | incident=3.1588°
[[  24.936485   -567.6003      -20.004059  ]
 [   3.5766134   122.23214      14.995941  ]
 [   0.14939238    0.00787873    0.        ]
 [   0.            0.            0.1496    ]]

iter 43 cost=0.020945 -> 0.020945 |dtheta|=1.271117e-06  lambda=1.000e+06

============================================================
Iteration 44
============================================================
Theta offsets (Unity frame):
  Source   : dSx=   0.000, dSy=   0.000, dSz=   0.000  (mm)
  Object   : dOx=  -7.004, dOy=  -2.004, dOz=  -7.872  (mm)
  Object offset: offset_x=  -0.005, offset_z=  -0.002  (mm)
  Detector : dDx=   0.000, dDy=   0.000, dDz=   0.000  (mm)
  Obj Stage rotY :    3.019 deg
============================================================

Unity geometry (world coordinates):
  Source   : x=  -5.000, y=  38.000, z=   0.000
  Object   : x=  -0.004, y=  17.996, z= 568.128
  Detector : x=  10.000, y=   3.000, z= 690.000
  Obj rotY :   0.0000 deg
view   0 | SOD= 568.500 mm | SDD= 691.050 mm | M= 1.216 | incident=3.1588°
[[  24.936483   -567.6003      -20.004059  ]
 [   3.5766146   122.23214      14.995941  ]
 [   0.14939238    0.00787873    0.        ]
 [   0.            0.            0.1496    ]]
Residual vector length: 27, Jacobian shape: (27, 6)
view   0 | SOD= 568.500 mm | SDD= 691.050 mm | M= 1.216 | incident=3.1588°
[[  24.936485   -567.6003      -20.004059  ]
 [   3.5766134   122.23214      14.995941  ]
 [   0.14939238    0.00787873    0.        ]
 [   0.            0.            0.1496    ]]

iter 44 cost=0.020945 -> 0.020945 |dtheta|=1.271117e-06  lambda=1.000e+06

============================================================
Iteration 45
============================================================
Theta offsets (Unity frame):
  Source   : dSx=   0.000, dSy=   0.000, dSz=   0.000  (mm)
  Object   : dOx=  -7.004, dOy=  -2.004, dOz=  -7.872  (mm)
  Object offset: offset_x=  -0.005, offset_z=  -0.002  (mm)
  Detector : dDx=   0.000, dDy=   0.000, dDz=   0.000  (mm)
  Obj Stage rotY :    3.019 deg
============================================================

Unity geometry (world coordinates):
  Source   : x=  -5.000, y=  38.000, z=   0.000
  Object   : x=  -0.004, y=  17.996, z= 568.128
  Detector : x=  10.000, y=   3.000, z= 690.000
  Obj rotY :   0.0000 deg
view   0 | SOD= 568.500 mm | SDD= 691.050 mm | M= 1.216 | incident=3.1588°
[[  24.936483   -567.6003      -20.004059  ]
 [   3.5766146   122.23214      14.995941  ]
 [   0.14939238    0.00787873    0.        ]
 [   0.            0.            0.1496    ]]
Residual vector length: 27, Jacobian shape: (27, 6)
view   0 | SOD= 568.500 mm | SDD= 691.050 mm | M= 1.216 | incident=3.1588°
[[  24.936485   -567.6003      -20.004059  ]
 [   3.5766134   122.23214      14.995941  ]
 [   0.14939238    0.00787873    0.        ]
 [   0.            0.            0.1496    ]]

iter 45 cost=0.020945 -> 0.020945 |dtheta|=1.271117e-06  lambda=1.000e+06

============================================================
Iteration 46
============================================================
Theta offsets (Unity frame):
  Source   : dSx=   0.000, dSy=   0.000, dSz=   0.000  (mm)
  Object   : dOx=  -7.004, dOy=  -2.004, dOz=  -7.872  (mm)
  Object offset: offset_x=  -0.005, offset_z=  -0.002  (mm)
  Detector : dDx=   0.000, dDy=   0.000, dDz=   0.000  (mm)
  Obj Stage rotY :    3.019 deg
============================================================

Unity geometry (world coordinates):
  Source   : x=  -5.000, y=  38.000, z=   0.000
  Object   : x=  -0.004, y=  17.996, z= 568.128
  Detector : x=  10.000, y=   3.000, z= 690.000
  Obj rotY :   0.0000 deg
view   0 | SOD= 568.500 mm | SDD= 691.050 mm | M= 1.216 | incident=3.1588°
[[  24.936483   -567.6003      -20.004059  ]
 [   3.5766146   122.23214      14.995941  ]
 [   0.14939238    0.00787873    0.        ]
 [   0.            0.            0.1496    ]]
Residual vector length: 27, Jacobian shape: (27, 6)
view   0 | SOD= 568.500 mm | SDD= 691.050 mm | M= 1.216 | incident=3.1588°
[[  24.936485   -567.6003      -20.004059  ]
 [   3.5766134   122.23214      14.995941  ]
 [   0.14939238    0.00787873    0.        ]
 [   0.            0.            0.1496    ]]

iter 46 cost=0.020945 -> 0.020945 |dtheta|=1.271117e-06  lambda=1.000e+06

============================================================
Iteration 47
============================================================
Theta offsets (Unity frame):
  Source   : dSx=   0.000, dSy=   0.000, dSz=   0.000  (mm)
  Object   : dOx=  -7.004, dOy=  -2.004, dOz=  -7.872  (mm)
  Object offset: offset_x=  -0.005, offset_z=  -0.002  (mm)
  Detector : dDx=   0.000, dDy=   0.000, dDz=   0.000  (mm)
  Obj Stage rotY :    3.019 deg
============================================================

Unity geometry (world coordinates):
  Source   : x=  -5.000, y=  38.000, z=   0.000
  Object   : x=  -0.004, y=  17.996, z= 568.128
  Detector : x=  10.000, y=   3.000, z= 690.000
  Obj rotY :   0.0000 deg
view   0 | SOD= 568.500 mm | SDD= 691.050 mm | M= 1.216 | incident=3.1588°
[[  24.936483   -567.6003      -20.004059  ]
 [   3.5766146   122.23214      14.995941  ]
 [   0.14939238    0.00787873    0.        ]
 [   0.            0.            0.1496    ]]
Residual vector length: 27, Jacobian shape: (27, 6)
view   0 | SOD= 568.500 mm | SDD= 691.050 mm | M= 1.216 | incident=3.1588°
[[  24.936485   -567.6003      -20.004059  ]
 [   3.5766134   122.23214      14.995941  ]
 [   0.14939238    0.00787873    0.        ]
 [   0.            0.            0.1496    ]]

iter 47 cost=0.020945 -> 0.020945 |dtheta|=1.271117e-06  lambda=1.000e+06

============================================================
Iteration 48
============================================================
Theta offsets (Unity frame):
  Source   : dSx=   0.000, dSy=   0.000, dSz=   0.000  (mm)
  Object   : dOx=  -7.004, dOy=  -2.004, dOz=  -7.872  (mm)
  Object offset: offset_x=  -0.005, offset_z=  -0.002  (mm)
  Detector : dDx=   0.000, dDy=   0.000, dDz=   0.000  (mm)
  Obj Stage rotY :    3.019 deg
============================================================

Unity geometry (world coordinates):
  Source   : x=  -5.000, y=  38.000, z=   0.000
  Object   : x=  -0.004, y=  17.996, z= 568.128
  Detector : x=  10.000, y=   3.000, z= 690.000
  Obj rotY :   0.0000 deg
view   0 | SOD= 568.500 mm | SDD= 691.050 mm | M= 1.216 | incident=3.1588°
[[  24.936483   -567.6003      -20.004059  ]
 [   3.5766146   122.23214      14.995941  ]
 [   0.14939238    0.00787873    0.        ]
 [   0.            0.            0.1496    ]]
Residual vector length: 27, Jacobian shape: (27, 6)
view   0 | SOD= 568.500 mm | SDD= 691.050 mm | M= 1.216 | incident=3.1588°
[[  24.936485   -567.6003      -20.004059  ]
 [   3.5766134   122.23214      14.995941  ]
 [   0.14939238    0.00787873    0.        ]
 [   0.            0.            0.1496    ]]

iter 48 cost=0.020945 -> 0.020945 |dtheta|=1.271117e-06  lambda=1.000e+06

============================================================
Iteration 49
============================================================
Theta offsets (Unity frame):
  Source   : dSx=   0.000, dSy=   0.000, dSz=   0.000  (mm)
  Object   : dOx=  -7.004, dOy=  -2.004, dOz=  -7.872  (mm)
  Object offset: offset_x=  -0.005, offset_z=  -0.002  (mm)
  Detector : dDx=   0.000, dDy=   0.000, dDz=   0.000  (mm)
  Obj Stage rotY :    3.019 deg
============================================================

Unity geometry (world coordinates):
  Source   : x=  -5.000, y=  38.000, z=   0.000
  Object   : x=  -0.004, y=  17.996, z= 568.128
  Detector : x=  10.000, y=   3.000, z= 690.000
  Obj rotY :   0.0000 deg
view   0 | SOD= 568.500 mm | SDD= 691.050 mm | M= 1.216 | incident=3.1588°
[[  24.936483   -567.6003      -20.004059  ]
 [   3.5766146   122.23214      14.995941  ]
 [   0.14939238    0.00787873    0.        ]
 [   0.            0.            0.1496    ]]
Residual vector length: 27, Jacobian shape: (27, 6)
view   0 | SOD= 568.500 mm | SDD= 691.050 mm | M= 1.216 | incident=3.1588°
[[  24.936485   -567.6003      -20.004059  ]
 [   3.5766134   122.23214      14.995941  ]
 [   0.14939238    0.00787873    0.        ]
 [   0.            0.            0.1496    ]]

iter 49 cost=0.020945 -> 0.020945 |dtheta|=1.271117e-06  lambda=1.000e+06
Stalled.

Estimated theta:
  dSx: +0.000000
  dSy: +0.000000
  dOx: -7.004289
  dOy: -2.004058
  dOz: -7.872182
  dDx: +0.000000
  dDy: +0.000000
  dDz: +0.000000
alpha: +3.018896e+00 deg)
offset_x: -0.004754
offset_z: -0.001966

Final cost table:
Fake theta: [ 0.  0. -7. -2. -8.  0.  0.  0.  3.  0.  0.]
Final estimated theta: [ 0.          0.         -7.00428928 -2.00405802 -7.87218197  0.
  0.          0.          3.01889572 -0.00475364 -0.00196612]
Diff from Expected: [ 0.          0.         -0.00428928 -0.00405802  0.12781803  0.
  0.          0.          0.01889572 -0.00475364 -0.00196612]
################################################################################

