Phantom already exists, skipping: cuboid_phantom_3_normal.npy

################################################################################
Running cuboid=normal scenario=G0 N_ANGLES=9, K=3
view   0 | SOD= 570.548 mm | SDD= 675.501 mm | M= 1.184 | incident=3.8197°
[[  98.97946    -561.3404      -25.        ]
 [ -18.05941     102.420006     20.        ]
 [   0.14732724    0.02597777    0.        ]
 [   0.            0.            0.1496    ]]
          image          x1         y1  area1          x2          y2  area2          x3          y3  area3
0  proj_000.png  509.668464  62.415094    742  447.264840  270.255708    657  509.696477  502.943089    738
1  proj_001.png  408.164402  62.395380    736  542.980243  270.805471    658  408.180217  501.737127    738
2  proj_002.png  341.500000  62.695531    716  610.186391  273.917160    676  341.464986  494.749300    714
3  proj_003.png  340.377976  63.072917    672  617.373752  278.261056    701  340.340774  485.805060    672
4  proj_004.png  401.862866  63.322034    649  557.357542  281.745810    716  401.818740  478.806452    651
5  proj_005.png  496.130769  63.335385    650  457.691790  282.826380    743  496.144158  477.003035    659
6  proj_006.png  582.584203  63.219076    671  367.761317  280.641975    729  582.563798  480.949555    674
7  proj_007.png  622.434783  62.920290    690  332.195402  276.576149    696  622.443001  489.108225    693
8  proj_008.png  594.817797  62.535311    708  364.706154  272.480000    650  594.826705  497.961648    704

============================================================
Iteration 0
============================================================
Theta offsets (Unity frame):
  Source   : dSx=   0.000, dSy=   0.000, dSz=   0.000  (mm)
  Object   : dOx=   0.000, dOy=   0.000, dOz=   0.000  (mm)
  Object offset: offset_x=   0.000, offset_z=   0.000  (mm)
  Detector : dDx=   0.000, dDy=   0.000, dDz=   0.000  (mm)
  Obj Stage rotY :    0.000 deg
============================================================

Unity geometry (world coordinates):
  Source   : x=   0.000, y=  45.000, z=   0.000
  Object   : x=  10.000, y=  15.000, z= 589.000
  Detector : x=   0.000, y=   0.000, z= 674.000
  Obj rotY :   0.0000 deg
view   0 | SOD= 589.848 mm | SDD= 675.501 mm | M= 1.145 | incident=3.8197°
[[ -10.     -589.      -30.    ]
 [ -10.       85.       15.    ]
 [   0.1496    0.        0.    ]
 [   0.        0.        0.1496]]
Residual vector length: 81, Jacobian shape: (81, 6)
view   0 | SOD= 579.468 mm | SDD= 675.501 mm | M= 1.166 | incident=3.8197°
[[  95.25544    -570.9848      -26.199743  ]
 [ -17.994183     93.432625     18.800257  ]
 [   0.14747307    0.02513671    0.        ]
 [   0.            0.            0.1496    ]]

iter 00 cost=103579.458628 -> 3535.202739 |dtheta|=1.693312e+01  lambda=1.000e-02

============================================================
Iteration 1
============================================================
Theta offsets (Unity frame):
  Source   : dSx=   0.000, dSy=   0.000, dSz=   0.000  (mm)
  Object   : dOx=  -8.290, dOy=   3.800, dOz= -10.477  (mm)
  Object offset: offset_x=   0.329, offset_z=   0.350  (mm)
  Detector : dDx=   0.000, dDy=   0.000, dDz=   0.000  (mm)
  Obj Stage rotY :    9.673 deg
============================================================

Unity geometry (world coordinates):
  Source   : x=   0.000, y=  45.000, z=   0.000
  Object   : x=   1.710, y=  18.800, z= 578.523
  Detector : x=   0.000, y=   0.000, z= 674.000
  Obj rotY :   0.0000 deg
view   0 | SOD= 579.468 mm | SDD= 675.501 mm | M= 1.166 | incident=3.8197°
[[  95.25544    -570.9848      -26.199743  ]
 [ -17.994183     93.432625     18.800257  ]
 [   0.14747307    0.02513671    0.        ]
 [   0.            0.            0.1496    ]]
Residual vector length: 81, Jacobian shape: (81, 6)
view   0 | SOD= 576.805 mm | SDD= 675.501 mm | M= 1.171 | incident=3.8197°
[[  94.94224    -568.36414     -25.537743  ]
 [ -17.003527     96.27425      19.462257  ]
 [   0.1475221     0.02484731    0.        ]
 [   0.            0.            0.1496    ]]

iter 01 cost=3535.202739 -> 592.785952 |dtheta|=2.806201e+00  lambda=3.333e-03

============================================================
Iteration 2
============================================================
Theta offsets (Unity frame):
  Source   : dSx=   0.000, dSy=   0.000, dSz=   0.000  (mm)
  Object   : dOx=  -9.464, dOy=   4.462, dOz= -12.927  (mm)
  Object offset: offset_x=   0.241, offset_z=   0.166  (mm)
  Detector : dDx=   0.000, dDy=   0.000, dDz=   0.000  (mm)
  Obj Stage rotY :    9.561 deg
============================================================

Unity geometry (world coordinates):
  Source   : x=   0.000, y=  45.000, z=   0.000
  Object   : x=   0.536, y=  19.462, z= 576.073
  Detector : x=   0.000, y=   0.000, z= 674.000
  Obj rotY :   0.0000 deg
view   0 | SOD= 576.805 mm | SDD= 675.501 mm | M= 1.171 | incident=3.8197°
[[  94.94224    -568.36414     -25.537743  ]
 [ -17.003527     96.27425      19.462257  ]
 [   0.1475221     0.02484731    0.        ]
 [   0.            0.            0.1496    ]]
Residual vector length: 81, Jacobian shape: (81, 6)
view   0 | SOD= 575.700 mm | SDD= 675.501 mm | M= 1.173 | incident=3.8197°
[[  98.82553    -566.5901      -25.298101  ]
 [ -17.324766     97.32639      19.701899  ]
 [   0.14736187    0.02578054    0.        ]
 [   0.            0.            0.1496    ]]

iter 02 cost=592.785952 -> 198.698832 |dtheta|=1.245275e+00  lambda=1.111e-03

============================================================
Iteration 3
============================================================
Theta offsets (Unity frame):
  Source   : dSx=   0.000, dSy=   0.000, dSz=   0.000  (mm)
  Object   : dOx=  -9.902, dOy=   4.702, dOz= -14.008  (mm)
  Object offset: offset_x=   0.195, offset_z=   0.152  (mm)
  Detector : dDx=   0.000, dDy=   0.000, dDz=   0.000  (mm)
  Obj Stage rotY :    9.923 deg
============================================================

Unity geometry (world coordinates):
  Source   : x=   0.000, y=  45.000, z=   0.000
  Object   : x=   0.098, y=  19.702, z= 574.992
  Detector : x=   0.000, y=   0.000, z= 674.000
  Obj rotY :   0.0000 deg
view   0 | SOD= 575.700 mm | SDD= 675.501 mm | M= 1.173 | incident=3.8197°
[[  98.82553    -566.5901      -25.298101  ]
 [ -17.324766     97.32639      19.701899  ]
 [   0.14736187    0.02578054    0.        ]
 [   0.            0.            0.1496    ]]
Residual vector length: 81, Jacobian shape: (81, 6)
view   0 | SOD= 574.259 mm | SDD= 675.501 mm | M= 1.176 | incident=3.8197°
[[  99.61756    -564.99        -25.227934  ]
 [ -17.47202      98.76147      19.772066  ]
 [   0.14732525    0.02598902    0.        ]
 [   0.            0.            0.1496    ]]

iter 03 cost=198.698832 -> 88.057184 |dtheta|=1.378627e+00  lambda=3.704e-04

============================================================
Iteration 4
============================================================
Theta offsets (Unity frame):
  Source   : dSx=   0.000, dSy=   0.000, dSz=   0.000  (mm)
  Object   : dOx=  -9.990, dOy=   4.772, dOz= -15.369  (mm)
  Object offset: offset_x=   0.040, offset_z=   0.074  (mm)
  Detector : dDx=   0.000, dDy=   0.000, dDz=   0.000  (mm)
  Obj Stage rotY :   10.004 deg
============================================================

Unity geometry (world coordinates):
  Source   : x=   0.000, y=  45.000, z=   0.000
  Object   : x=   0.010, y=  19.772, z= 573.631
  Detector : x=   0.000, y=   0.000, z= 674.000
  Obj rotY :   0.0000 deg
view   0 | SOD= 574.259 mm | SDD= 675.501 mm | M= 1.176 | incident=3.8197°
[[  99.61756    -564.99        -25.227934  ]
 [ -17.47202      98.76147      19.772066  ]
 [   0.14732525    0.02598902    0.        ]
 [   0.            0.            0.1496    ]]
Residual vector length: 81, Jacobian shape: (81, 6)
view   0 | SOD= 572.997 mm | SDD= 675.501 mm | M= 1.179 | incident=3.8197°
[[  99.99434   -563.6461     -25.097797 ]
 [ -17.743464    99.9907      19.902203 ]
 [   0.1472998    0.0261329    0.       ]
 [   0.           0.           0.1496   ]]

iter 04 cost=88.057184 -> 38.489527 |dtheta|=1.202651e+00  lambda=1.235e-04

============================================================
Iteration 5
============================================================
Theta offsets (Unity frame):
  Source   : dSx=   0.000, dSy=   0.000, dSz=   0.000  (mm)
  Object   : dOx=  -9.982, dOy=   4.902, dOz= -16.560  (mm)
  Object offset: offset_x=  -0.014, offset_z=   0.007  (mm)
  Detector : dDx=   0.000, dDy=   0.000, dDz=   0.000  (mm)
  Obj Stage rotY :   10.060 deg
============================================================

Unity geometry (world coordinates):
  Source   : x=   0.000, y=  45.000, z=   0.000
  Object   : x=   0.018, y=  19.902, z= 572.440
  Detector : x=   0.000, y=   0.000, z= 674.000
  Obj rotY :   0.0000 deg
view   0 | SOD= 572.997 mm | SDD= 675.501 mm | M= 1.179 | incident=3.8197°
[[  99.99434   -563.6461     -25.097797 ]
 [ -17.743464    99.9907      19.902203 ]
 [   0.1472998    0.0261329    0.       ]
 [   0.           0.           0.1496   ]]
Residual vector length: 81, Jacobian shape: (81, 6)
view   0 | SOD= 572.081 mm | SDD= 675.501 mm | M= 1.181 | incident=3.8197°
[[ 100.34945   -562.6525     -25.086334 ]
 [ -17.9736     100.880165    19.913666 ]
 [   0.1472767    0.0262628    0.       ]
 [   0.           0.           0.1496   ]]

iter 05 cost=38.489527 -> 17.504761 |dtheta|=8.988927e-01  lambda=4.115e-05

============================================================
Iteration 6
============================================================
Theta offsets (Unity frame):
  Source   : dSx=   0.000, dSy=   0.000, dSz=   0.000  (mm)
  Object   : dOx=  -9.982, dOy=   4.914, dOz= -17.457  (mm)
  Object offset: offset_x=  -0.033, offset_z=  -0.012  (mm)
  Detector : dDx=   0.000, dDy=   0.000, dDz=   0.000  (mm)
  Obj Stage rotY :   10.111 deg
============================================================

Unity geometry (world coordinates):
  Source   : x=   0.000, y=  45.000, z=   0.000
  Object   : x=   0.018, y=  19.914, z= 571.543
  Detector : x=   0.000, y=   0.000, z= 674.000
  Obj rotY :   0.0000 deg
view   0 | SOD= 572.081 mm | SDD= 675.501 mm | M= 1.181 | incident=3.8197°
[[ 100.34945   -562.6525     -25.086334 ]
 [ -17.9736     100.880165    19.913666 ]
 [   0.1472767    0.0262628    0.       ]
 [   0.           0.           0.1496   ]]
Residual vector length: 81, Jacobian shape: (81, 6)
view   0 | SOD= 571.468 mm | SDD= 675.501 mm | M= 1.182 | incident=3.8197°
[[ 100.2733     -562.0429      -25.06669   ]
 [ -18.08931     101.482735     19.93331   ]
 [   0.14727513    0.02627158    0.        ]
 [   0.            0.            0.1496    ]]

iter 06 cost=17.504761 -> 6.785756 |dtheta|=6.490784e-01  lambda=1.372e-05

============================================================
Iteration 7
============================================================
Theta offsets (Unity frame):
  Source   : dSx=   0.000, dSy=   0.000, dSz=   0.000  (mm)
  Object   : dOx= -10.002, dOy=   4.933, dOz= -18.104  (mm)
  Object offset: offset_x=  -0.012, offset_z=   0.022  (mm)
  Detector : dDx=   0.000, dDy=   0.000, dDz=   0.000  (mm)
  Obj Stage rotY :   10.114 deg
============================================================

Unity geometry (world coordinates):
  Source   : x=   0.000, y=  45.000, z=   0.000
  Object   : x=  -0.002, y=  19.933, z= 570.896
  Detector : x=   0.000, y=   0.000, z= 674.000
  Obj rotY :   0.0000 deg
view   0 | SOD= 571.468 mm | SDD= 675.501 mm | M= 1.182 | incident=3.8197°
[[ 100.2733     -562.0429      -25.06669   ]
 [ -18.08931     101.482735     19.93331   ]
 [   0.14727513    0.02627158    0.        ]
 [   0.            0.            0.1496    ]]
Residual vector length: 81, Jacobian shape: (81, 6)
view   0 | SOD= 571.152 mm | SDD= 675.501 mm | M= 1.183 | incident=3.8197°
[[  99.65387    -561.83325     -25.035358  ]
 [ -18.0375      101.81181      19.964642  ]
 [   0.14730163    0.02612259    0.        ]
 [   0.            0.            0.1496    ]]

iter 07 cost=6.785756 -> 3.283660 |dtheta|=2.871371e-01  lambda=4.572e-06

============================================================
Iteration 8
============================================================
Theta offsets (Unity frame):
  Source   : dSx=   0.000, dSy=   0.000, dSz=   0.000  (mm)
  Object   : dOx= -10.011, dOy=   4.965, dOz= -18.381  (mm)
  Object offset: offset_x=  -0.007, offset_z=  -0.017  (mm)
  Detector : dDx=   0.000, dDy=   0.000, dDz=   0.000  (mm)
  Obj Stage rotY :   10.056 deg
============================================================

Unity geometry (world coordinates):
  Source   : x=   0.000, y=  45.000, z=   0.000
  Object   : x=  -0.011, y=  19.965, z= 570.619
  Detector : x=   0.000, y=   0.000, z= 674.000
  Obj rotY :   0.0000 deg
view   0 | SOD= 571.152 mm | SDD= 675.501 mm | M= 1.183 | incident=3.8197°
[[  99.65387    -561.83325     -25.035358  ]
 [ -18.0375      101.81181      19.964642  ]
 [   0.14730163    0.02612259    0.        ]
 [   0.            0.            0.1496    ]]
Residual vector length: 81, Jacobian shape: (81, 6)
view   0 | SOD= 570.951 mm | SDD= 675.501 mm | M= 1.183 | incident=3.8197°
[[  99.22952    -561.7044      -25.025799  ]
 [ -18.012512    102.02016      19.974201  ]
 [   0.14731929    0.02602286    0.        ]
 [   0.            0.            0.1496    ]]

iter 08 cost=3.283660 -> 1.379442 |dtheta|=2.276597e-01  lambda=1.524e-06

============================================================
Iteration 9
============================================================
Theta offsets (Unity frame):
  Source   : dSx=   0.000, dSy=   0.000, dSz=   0.000  (mm)
  Object   : dOx= -10.001, dOy=   4.974, dOz= -18.604  (mm)
  Object offset: offset_x=  -0.007, offset_z=   0.005  (mm)
  Detector : dDx=   0.000, dDy=   0.000, dDz=   0.000  (mm)
  Obj Stage rotY :   10.018 deg
============================================================

Unity geometry (world coordinates):
  Source   : x=   0.000, y=  45.000, z=   0.000
  Object   : x=  -0.001, y=  19.974, z= 570.396
  Detector : x=   0.000, y=   0.000, z= 674.000
  Obj rotY :   0.0000 deg
view   0 | SOD= 570.951 mm | SDD= 675.501 mm | M= 1.183 | incident=3.8197°
[[  99.22952    -561.7044      -25.025799  ]
 [ -18.012512    102.02016      19.974201  ]
 [   0.14731929    0.02602286    0.        ]
 [   0.            0.            0.1496    ]]
Residual vector length: 81, Jacobian shape: (81, 6)
view   0 | SOD= 570.866 mm | SDD= 675.501 mm | M= 1.183 | incident=3.8197°
[[  99.204796   -561.6234      -25.013754  ]
 [ -18.034172    102.10168      19.986246  ]
 [   0.1473194     0.02602218    0.        ]
 [   0.            0.            0.1496    ]]

iter 09 cost=1.379442 -> 0.800398 |dtheta|=8.617486e-02  lambda=1.000e-06

============================================================
Iteration 10
============================================================
Theta offsets (Unity frame):
  Source   : dSx=   0.000, dSy=   0.000, dSz=   0.000  (mm)
  Object   : dOx= -10.000, dOy=   4.986, dOz= -18.689  (mm)
  Object offset: offset_x=  -0.000, offset_z=   0.006  (mm)
  Detector : dDx=   0.000, dDy=   0.000, dDz=   0.000  (mm)
  Obj Stage rotY :   10.017 deg
============================================================

Unity geometry (world coordinates):
  Source   : x=   0.000, y=  45.000, z=   0.000
  Object   : x=  -0.000, y=  19.986, z= 570.311
  Detector : x=   0.000, y=   0.000, z= 674.000
  Obj rotY :   0.0000 deg
view   0 | SOD= 570.866 mm | SDD= 675.501 mm | M= 1.183 | incident=3.8197°
[[  99.204796   -561.6234      -25.013754  ]
 [ -18.034172    102.10168      19.986246  ]
 [   0.1473194     0.02602218    0.        ]
 [   0.            0.            0.1496    ]]
Residual vector length: 81, Jacobian shape: (81, 6)
view   0 | SOD= 570.805 mm | SDD= 675.501 mm | M= 1.183 | incident=3.8197°
[[  99.14113    -561.57306     -25.008612  ]
 [ -18.043818    102.16158      19.991388  ]
 [   0.14732152    0.02601019    0.        ]
 [   0.            0.            0.1496    ]]

iter 10 cost=0.800398 -> 0.578277 |dtheta|=6.380142e-02  lambda=1.000e-06

============================================================
Iteration 11
============================================================
Theta offsets (Unity frame):
  Source   : dSx=   0.000, dSy=   0.000, dSz=   0.000  (mm)
  Object   : dOx=  -9.998, dOy=   4.991, dOz= -18.752  (mm)
  Object offset: offset_x=   0.004, offset_z=   0.009  (mm)
  Detector : dDx=   0.000, dDy=   0.000, dDz=   0.000  (mm)
  Obj Stage rotY :   10.013 deg
============================================================

Unity geometry (world coordinates):
  Source   : x=   0.000, y=  45.000, z=   0.000
  Object   : x=   0.002, y=  19.991, z= 570.248
  Detector : x=   0.000, y=   0.000, z= 674.000
  Obj rotY :   0.0000 deg
view   0 | SOD= 570.805 mm | SDD= 675.501 mm | M= 1.183 | incident=3.8197°
[[  99.14113    -561.57306     -25.008612  ]
 [ -18.043818    102.16158      19.991388  ]
 [   0.14732152    0.02601019    0.        ]
 [   0.            0.            0.1496    ]]
Residual vector length: 81, Jacobian shape: (81, 6)
view   0 | SOD= 570.735 mm | SDD= 675.501 mm | M= 1.184 | incident=3.8197°
[[  99.04274    -561.51953     -25.002998  ]
 [ -18.031929    102.23458      19.997002  ]
 [   0.14732584    0.02598571    0.        ]
 [   0.            0.            0.1496    ]]

iter 11 cost=0.578277 -> 0.348273 |dtheta|=6.897981e-02  lambda=1.000e-06

============================================================
Iteration 12
============================================================
Theta offsets (Unity frame):
  Source   : dSx=   0.000, dSy=   0.000, dSz=   0.000  (mm)
  Object   : dOx= -10.002, dOy=   4.997, dOz= -18.820  (mm)
  Object offset: offset_x=   0.002, offset_z=   0.007  (mm)
  Detector : dDx=   0.000, dDy=   0.000, dDz=   0.000  (mm)
  Obj Stage rotY :   10.003 deg
============================================================

Unity geometry (world coordinates):
  Source   : x=   0.000, y=  45.000, z=   0.000
  Object   : x=  -0.002, y=  19.997, z= 570.180
  Detector : x=   0.000, y=   0.000, z= 674.000
  Obj rotY :   0.0000 deg
view   0 | SOD= 570.735 mm | SDD= 675.501 mm | M= 1.184 | incident=3.8197°
[[  99.04274    -561.51953     -25.002998  ]
 [ -18.031929    102.23458      19.997002  ]
 [   0.14732584    0.02598571    0.        ]
 [   0.            0.            0.1496    ]]
Residual vector length: 81, Jacobian shape: (81, 6)
view   0 | SOD= 570.684 mm | SDD= 675.501 mm | M= 1.184 | incident=3.8197°
[[  98.97131    -561.4801      -25.003414  ]
 [ -18.026764    102.28749      19.996586  ]
 [   0.14732884    0.02596871    0.        ]
 [   0.            0.            0.1496    ]]

iter 12 cost=0.348273 -> 0.247881 |dtheta|=5.563929e-02  lambda=1.000e-06

============================================================
Iteration 13
============================================================
Theta offsets (Unity frame):
  Source   : dSx=   0.000, dSy=   0.000, dSz=   0.000  (mm)
  Object   : dOx= -10.002, dOy=   4.997, dOz= -18.875  (mm)
  Object offset: offset_x=  -0.001, offset_z=   0.011  (mm)
  Detector : dDx=   0.000, dDy=   0.000, dDz=   0.000  (mm)
  Obj Stage rotY :    9.996 deg
============================================================

Unity geometry (world coordinates):
  Source   : x=   0.000, y=  45.000, z=   0.000
  Object   : x=  -0.002, y=  19.997, z= 570.125
  Detector : x=   0.000, y=   0.000, z= 674.000
  Obj rotY :   0.0000 deg
view   0 | SOD= 570.684 mm | SDD= 675.501 mm | M= 1.184 | incident=3.8197°
[[  98.97131    -561.4801      -25.003414  ]
 [ -18.026764    102.28749      19.996586  ]
 [   0.14732884    0.02596871    0.        ]
 [   0.            0.            0.1496    ]]
Residual vector length: 81, Jacobian shape: (81, 6)
view   0 | SOD= 570.656 mm | SDD= 675.501 mm | M= 1.184 | incident=3.8197°
[[  98.96428    -561.4529      -25.001488  ]
 [ -18.02813     102.31576      19.998512  ]
 [   0.14732906    0.02596745    0.        ]
 [   0.            0.            0.1496    ]]

iter 13 cost=0.247881 -> 0.216215 |dtheta|=2.430859e-02  lambda=1.000e-06

============================================================
Iteration 14
============================================================
Theta offsets (Unity frame):
  Source   : dSx=   0.000, dSy=   0.000, dSz=   0.000  (mm)
  Object   : dOx= -10.004, dOy=   4.999, dOz= -18.898  (mm)
  Object offset: offset_x=  -0.001, offset_z=   0.006  (mm)
  Detector : dDx=   0.000, dDy=   0.000, dDz=   0.000  (mm)
  Obj Stage rotY :    9.996 deg
============================================================

Unity geometry (world coordinates):
  Source   : x=   0.000, y=  45.000, z=   0.000
  Object   : x=  -0.004, y=  19.999, z= 570.102
  Detector : x=   0.000, y=   0.000, z= 674.000
  Obj rotY :   0.0000 deg
view   0 | SOD= 570.656 mm | SDD= 675.501 mm | M= 1.184 | incident=3.8197°
[[  98.96428    -561.4529      -25.001488  ]
 [ -18.02813     102.31576      19.998512  ]
 [   0.14732906    0.02596745    0.        ]
 [   0.            0.            0.1496    ]]
Residual vector length: 81, Jacobian shape: (81, 6)
view   0 | SOD= 570.623 mm | SDD= 675.501 mm | M= 1.184 | incident=3.8197°
[[  99.003525   -561.4127      -25.001427  ]
 [ -18.044937    102.346016     19.998573  ]
 [   0.14732686    0.0259799     0.        ]
 [   0.            0.            0.1496    ]]

iter 14 cost=0.216215 -> 0.190634 |dtheta|=3.409929e-02  lambda=1.000e-06

============================================================
Iteration 15
============================================================
Theta offsets (Unity frame):
  Source   : dSx=   0.000, dSy=   0.000, dSz=   0.000  (mm)
  Object   : dOx= -10.004, dOy=   4.999, dOz= -18.932  (mm)
  Object offset: offset_x=   0.001, offset_z=   0.007  (mm)
  Detector : dDx=   0.000, dDy=   0.000, dDz=   0.000  (mm)
  Obj Stage rotY :   10.001 deg
============================================================

Unity geometry (world coordinates):
  Source   : x=   0.000, y=  45.000, z=   0.000
  Object   : x=  -0.004, y=  19.999, z= 570.068
  Detector : x=   0.000, y=   0.000, z= 674.000
  Obj rotY :   0.0000 deg
view   0 | SOD= 570.623 mm | SDD= 675.501 mm | M= 1.184 | incident=3.8197°
[[  99.003525   -561.4127      -25.001427  ]
 [ -18.044937    102.346016     19.998573  ]
 [   0.14732686    0.0259799     0.        ]
 [   0.            0.            0.1496    ]]
Residual vector length: 81, Jacobian shape: (81, 6)
view   0 | SOD= 570.618 mm | SDD= 675.501 mm | M= 1.184 | incident=3.8197°
[[  99.04213    -561.4001      -25.001781  ]
 [ -18.055527    102.349976     19.998219  ]
 [   0.14732493    0.02599081    0.        ]
 [   0.            0.            0.1496    ]]

iter 15 cost=0.190634 -> 0.189348 |dtheta|=7.406121e-03  lambda=1.000e-06

============================================================
Iteration 16
============================================================
Theta offsets (Unity frame):
  Source   : dSx=   0.000, dSy=   0.000, dSz=   0.000  (mm)
  Object   : dOx= -10.004, dOy=   4.998, dOz= -18.938  (mm)
  Object offset: offset_x=   0.003, offset_z=   0.007  (mm)
  Detector : dDx=   0.000, dDy=   0.000, dDz=   0.000  (mm)
  Obj Stage rotY :   10.005 deg
============================================================

Unity geometry (world coordinates):
  Source   : x=   0.000, y=  45.000, z=   0.000
  Object   : x=  -0.004, y=  19.998, z= 570.062
  Detector : x=   0.000, y=   0.000, z= 674.000
  Obj rotY :   0.0000 deg
view   0 | SOD= 570.618 mm | SDD= 675.501 mm | M= 1.184 | incident=3.8197°
[[  99.04213    -561.4001      -25.001781  ]
 [ -18.055527    102.349976     19.998219  ]
 [   0.14732493    0.02599081    0.        ]
 [   0.            0.            0.1496    ]]
Residual vector length: 81, Jacobian shape: (81, 6)
view   0 | SOD= 570.640 mm | SDD= 675.501 mm | M= 1.184 | incident=3.8197°
[[  99.07379    -561.4173      -25.003029  ]
 [ -18.059109    102.32654      19.996971  ]
 [   0.14732356    0.02599864    0.        ]
 [   0.            0.            0.1496    ]]

iter 16 cost=0.189348 -> 0.217373 |dtheta|=2.305862e-02  lambda=1.000e-06

============================================================
Iteration 17
============================================================
Theta offsets (Unity frame):
  Source   : dSx=   0.000, dSy=   0.000, dSz=   0.000  (mm)
  Object   : dOx= -10.004, dOy=   4.998, dOz= -18.938  (mm)
  Object offset: offset_x=   0.003, offset_z=   0.007  (mm)
  Detector : dDx=   0.000, dDy=   0.000, dDz=   0.000  (mm)
  Obj Stage rotY :   10.005 deg
============================================================

Unity geometry (world coordinates):
  Source   : x=   0.000, y=  45.000, z=   0.000
  Object   : x=  -0.004, y=  19.998, z= 570.062
  Detector : x=   0.000, y=   0.000, z= 674.000
  Obj rotY :   0.0000 deg
view   0 | SOD= 570.618 mm | SDD= 675.501 mm | M= 1.184 | incident=3.8197°
[[  99.04213    -561.4001      -25.001781  ]
 [ -18.055527    102.349976     19.998219  ]
 [   0.14732493    0.02599081    0.        ]
 [   0.            0.            0.1496    ]]
Residual vector length: 81, Jacobian shape: (81, 6)
view   0 | SOD= 570.640 mm | SDD= 675.501 mm | M= 1.184 | incident=3.8197°
[[  99.07379    -561.4173      -25.003029  ]
 [ -18.059109    102.32654      19.996971  ]
 [   0.14732356    0.02599864    0.        ]
 [   0.            0.            0.1496    ]]

iter 17 cost=0.189348 -> 0.217373 |dtheta|=2.305861e-02  lambda=5.000e-06

============================================================
Iteration 18
============================================================
Theta offsets (Unity frame):
  Source   : dSx=   0.000, dSy=   0.000, dSz=   0.000  (mm)
  Object   : dOx= -10.004, dOy=   4.998, dOz= -18.938  (mm)
  Object offset: offset_x=   0.003, offset_z=   0.007  (mm)
  Detector : dDx=   0.000, dDy=   0.000, dDz=   0.000  (mm)
  Obj Stage rotY :   10.005 deg
============================================================

Unity geometry (world coordinates):
  Source   : x=   0.000, y=  45.000, z=   0.000
  Object   : x=  -0.004, y=  19.998, z= 570.062
  Detector : x=   0.000, y=   0.000, z= 674.000
  Obj rotY :   0.0000 deg
view   0 | SOD= 570.618 mm | SDD= 675.501 mm | M= 1.184 | incident=3.8197°
[[  99.04213    -561.4001      -25.001781  ]
 [ -18.055527    102.349976     19.998219  ]
 [   0.14732493    0.02599081    0.        ]
 [   0.            0.            0.1496    ]]
Residual vector length: 81, Jacobian shape: (81, 6)
view   0 | SOD= 570.640 mm | SDD= 675.501 mm | M= 1.184 | incident=3.8197°
[[  99.07379    -561.4173      -25.003029  ]
 [ -18.059109    102.32654      19.996971  ]
 [   0.14732356    0.02599864    0.        ]
 [   0.            0.            0.1496    ]]

iter 18 cost=0.189348 -> 0.217373 |dtheta|=2.305859e-02  lambda=2.500e-05

============================================================
Iteration 19
============================================================
Theta offsets (Unity frame):
  Source   : dSx=   0.000, dSy=   0.000, dSz=   0.000  (mm)
  Object   : dOx= -10.004, dOy=   4.998, dOz= -18.938  (mm)
  Object offset: offset_x=   0.003, offset_z=   0.007  (mm)
  Detector : dDx=   0.000, dDy=   0.000, dDz=   0.000  (mm)
  Obj Stage rotY :   10.005 deg
============================================================

Unity geometry (world coordinates):
  Source   : x=   0.000, y=  45.000, z=   0.000
  Object   : x=  -0.004, y=  19.998, z= 570.062
  Detector : x=   0.000, y=   0.000, z= 674.000
  Obj rotY :   0.0000 deg
view   0 | SOD= 570.618 mm | SDD= 675.501 mm | M= 1.184 | incident=3.8197°
[[  99.04213    -561.4001      -25.001781  ]
 [ -18.055527    102.349976     19.998219  ]
 [   0.14732493    0.02599081    0.        ]
 [   0.            0.            0.1496    ]]
Residual vector length: 81, Jacobian shape: (81, 6)
view   0 | SOD= 570.640 mm | SDD= 675.501 mm | M= 1.184 | incident=3.8197°
[[  99.07379    -561.4173      -25.003029  ]
 [ -18.059109    102.32654      19.996971  ]
 [   0.14732356    0.02599864    0.        ]
 [   0.            0.            0.1496    ]]

iter 19 cost=0.189348 -> 0.217373 |dtheta|=2.305851e-02  lambda=1.250e-04

============================================================
Iteration 20
============================================================
Theta offsets (Unity frame):
  Source   : dSx=   0.000, dSy=   0.000, dSz=   0.000  (mm)
  Object   : dOx= -10.004, dOy=   4.998, dOz= -18.938  (mm)
  Object offset: offset_x=   0.003, offset_z=   0.007  (mm)
  Detector : dDx=   0.000, dDy=   0.000, dDz=   0.000  (mm)
  Obj Stage rotY :   10.005 deg
============================================================

Unity geometry (world coordinates):
  Source   : x=   0.000, y=  45.000, z=   0.000
  Object   : x=  -0.004, y=  19.998, z= 570.062
  Detector : x=   0.000, y=   0.000, z= 674.000
  Obj rotY :   0.0000 deg
view   0 | SOD= 570.618 mm | SDD= 675.501 mm | M= 1.184 | incident=3.8197°
[[  99.04213    -561.4001      -25.001781  ]
 [ -18.055527    102.349976     19.998219  ]
 [   0.14732493    0.02599081    0.        ]
 [   0.            0.            0.1496    ]]
Residual vector length: 81, Jacobian shape: (81, 6)
view   0 | SOD= 570.640 mm | SDD= 675.501 mm | M= 1.184 | incident=3.8197°
[[  99.07379    -561.4173      -25.003029  ]
 [ -18.059109    102.32654      19.996971  ]
 [   0.14732356    0.02599864    0.        ]
 [   0.            0.            0.1496    ]]

iter 20 cost=0.189348 -> 0.217373 |dtheta|=2.305807e-02  lambda=6.250e-04

============================================================
Iteration 21
============================================================
Theta offsets (Unity frame):
  Source   : dSx=   0.000, dSy=   0.000, dSz=   0.000  (mm)
  Object   : dOx= -10.004, dOy=   4.998, dOz= -18.938  (mm)
  Object offset: offset_x=   0.003, offset_z=   0.007  (mm)
  Detector : dDx=   0.000, dDy=   0.000, dDz=   0.000  (mm)
  Obj Stage rotY :   10.005 deg
============================================================

Unity geometry (world coordinates):
  Source   : x=   0.000, y=  45.000, z=   0.000
  Object   : x=  -0.004, y=  19.998, z= 570.062
  Detector : x=   0.000, y=   0.000, z= 674.000
  Obj rotY :   0.0000 deg
view   0 | SOD= 570.618 mm | SDD= 675.501 mm | M= 1.184 | incident=3.8197°
[[  99.04213    -561.4001      -25.001781  ]
 [ -18.055527    102.349976     19.998219  ]
 [   0.14732493    0.02599081    0.        ]
 [   0.            0.            0.1496    ]]
Residual vector length: 81, Jacobian shape: (81, 6)
view   0 | SOD= 570.640 mm | SDD= 675.501 mm | M= 1.184 | incident=3.8197°
[[  99.07379    -561.4173      -25.003029  ]
 [ -18.059109    102.32654      19.996971  ]
 [   0.14732356    0.02599864    0.        ]
 [   0.            0.            0.1496    ]]

iter 21 cost=0.189348 -> 0.217373 |dtheta|=2.305586e-02  lambda=3.125e-03

============================================================
Iteration 22
============================================================
Theta offsets (Unity frame):
  Source   : dSx=   0.000, dSy=   0.000, dSz=   0.000  (mm)
  Object   : dOx= -10.004, dOy=   4.998, dOz= -18.938  (mm)
  Object offset: offset_x=   0.003, offset_z=   0.007  (mm)
  Detector : dDx=   0.000, dDy=   0.000, dDz=   0.000  (mm)
  Obj Stage rotY :   10.005 deg
============================================================

Unity geometry (world coordinates):
  Source   : x=   0.000, y=  45.000, z=   0.000
  Object   : x=  -0.004, y=  19.998, z= 570.062
  Detector : x=   0.000, y=   0.000, z= 674.000
  Obj rotY :   0.0000 deg
view   0 | SOD= 570.618 mm | SDD= 675.501 mm | M= 1.184 | incident=3.8197°
[[  99.04213    -561.4001      -25.001781  ]
 [ -18.055527    102.349976     19.998219  ]
 [   0.14732493    0.02599081    0.        ]
 [   0.            0.            0.1496    ]]
Residual vector length: 81, Jacobian shape: (81, 6)
view   0 | SOD= 570.640 mm | SDD= 675.501 mm | M= 1.184 | incident=3.8197°
[[  99.07379    -561.4173      -25.003029  ]
 [ -18.059107    102.32654      19.996971  ]
 [   0.14732356    0.02599864    0.        ]
 [   0.            0.            0.1496    ]]

iter 22 cost=0.189348 -> 0.217373 |dtheta|=2.304486e-02  lambda=1.562e-02

============================================================
Iteration 23
============================================================
Theta offsets (Unity frame):
  Source   : dSx=   0.000, dSy=   0.000, dSz=   0.000  (mm)
  Object   : dOx= -10.004, dOy=   4.998, dOz= -18.938  (mm)
  Object offset: offset_x=   0.003, offset_z=   0.007  (mm)
  Detector : dDx=   0.000, dDy=   0.000, dDz=   0.000  (mm)
  Obj Stage rotY :   10.005 deg
============================================================

Unity geometry (world coordinates):
  Source   : x=   0.000, y=  45.000, z=   0.000
  Object   : x=  -0.004, y=  19.998, z= 570.062
  Detector : x=   0.000, y=   0.000, z= 674.000
  Obj rotY :   0.0000 deg
view   0 | SOD= 570.618 mm | SDD= 675.501 mm | M= 1.184 | incident=3.8197°
[[  99.04213    -561.4001      -25.001781  ]
 [ -18.055527    102.349976     19.998219  ]
 [   0.14732493    0.02599081    0.        ]
 [   0.            0.            0.1496    ]]
Residual vector length: 81, Jacobian shape: (81, 6)
view   0 | SOD= 570.640 mm | SDD= 675.501 mm | M= 1.184 | incident=3.8197°
[[  99.07375    -561.41724     -25.003029  ]
 [ -18.059109    102.3266       19.996971  ]
 [   0.14732356    0.02599863    0.        ]
 [   0.            0.            0.1496    ]]

iter 23 cost=0.189348 -> 0.217373 |dtheta|=2.299002e-02  lambda=7.812e-02

============================================================
Iteration 24
============================================================
Theta offsets (Unity frame):
  Source   : dSx=   0.000, dSy=   0.000, dSz=   0.000  (mm)
  Object   : dOx= -10.004, dOy=   4.998, dOz= -18.938  (mm)
  Object offset: offset_x=   0.003, offset_z=   0.007  (mm)
  Detector : dDx=   0.000, dDy=   0.000, dDz=   0.000  (mm)
  Obj Stage rotY :   10.005 deg
============================================================

Unity geometry (world coordinates):
  Source   : x=   0.000, y=  45.000, z=   0.000
  Object   : x=  -0.004, y=  19.998, z= 570.062
  Detector : x=   0.000, y=   0.000, z= 674.000
  Obj rotY :   0.0000 deg
view   0 | SOD= 570.618 mm | SDD= 675.501 mm | M= 1.184 | incident=3.8197°
[[  99.04213    -561.4001      -25.001781  ]
 [ -18.055527    102.349976     19.998219  ]
 [   0.14732493    0.02599081    0.        ]
 [   0.            0.            0.1496    ]]
Residual vector length: 81, Jacobian shape: (81, 6)
view   0 | SOD= 570.640 mm | SDD= 675.501 mm | M= 1.184 | incident=3.8197°
[[  99.07359    -561.417       -25.003023  ]
 [ -18.059116    102.326904     19.996977  ]
 [   0.14732356    0.0259986     0.        ]
 [   0.            0.            0.1496    ]]

iter 24 cost=0.189348 -> 0.217373 |dtheta|=2.271974e-02  lambda=3.906e-01

============================================================
Iteration 25
============================================================
Theta offsets (Unity frame):
  Source   : dSx=   0.000, dSy=   0.000, dSz=   0.000  (mm)
  Object   : dOx= -10.004, dOy=   4.998, dOz= -18.938  (mm)
  Object offset: offset_x=   0.003, offset_z=   0.007  (mm)
  Detector : dDx=   0.000, dDy=   0.000, dDz=   0.000  (mm)
  Obj Stage rotY :   10.005 deg
============================================================

Unity geometry (world coordinates):
  Source   : x=   0.000, y=  45.000, z=   0.000
  Object   : x=  -0.004, y=  19.998, z= 570.062
  Detector : x=   0.000, y=   0.000, z= 674.000
  Obj rotY :   0.0000 deg
view   0 | SOD= 570.618 mm | SDD= 675.501 mm | M= 1.184 | incident=3.8197°
[[  99.04213    -561.4001      -25.001781  ]
 [ -18.055527    102.349976     19.998219  ]
 [   0.14732493    0.02599081    0.        ]
 [   0.            0.            0.1496    ]]
Residual vector length: 81, Jacobian shape: (81, 6)
view   0 | SOD= 570.639 mm | SDD= 675.501 mm | M= 1.184 | incident=3.8197°
[[  99.07287    -561.41583     -25.002996  ]
 [ -18.05912     102.32815      19.997004  ]
 [   0.1473236     0.02599844    0.        ]
 [   0.            0.            0.1496    ]]

iter 25 cost=0.189348 -> 0.217373 |dtheta|=2.145958e-02  lambda=1.953e+00

============================================================
Iteration 26
============================================================
Theta offsets (Unity frame):
  Source   : dSx=   0.000, dSy=   0.000, dSz=   0.000  (mm)
  Object   : dOx= -10.004, dOy=   4.998, dOz= -18.938  (mm)
  Object offset: offset_x=   0.003, offset_z=   0.007  (mm)
  Detector : dDx=   0.000, dDy=   0.000, dDz=   0.000  (mm)
  Obj Stage rotY :   10.005 deg
============================================================

Unity geometry (world coordinates):
  Source   : x=   0.000, y=  45.000, z=   0.000
  Object   : x=  -0.004, y=  19.998, z= 570.062
  Detector : x=   0.000, y=   0.000, z= 674.000
  Obj rotY :   0.0000 deg
view   0 | SOD= 570.618 mm | SDD= 675.501 mm | M= 1.184 | incident=3.8197°
[[  99.04213    -561.4001      -25.001781  ]
 [ -18.055527    102.349976     19.998219  ]
 [   0.14732493    0.02599081    0.        ]
 [   0.            0.            0.1496    ]]
Residual vector length: 81, Jacobian shape: (81, 6)
view   0 | SOD= 570.634 mm | SDD= 675.501 mm | M= 1.184 | incident=3.8197°
[[  99.07003    -561.41156     -25.002897  ]
 [ -18.059141    102.33292      19.997103  ]
 [   0.1473237     0.02599781    0.        ]
 [   0.            0.            0.1496    ]]

iter 26 cost=0.189348 -> 0.204639 |dtheta|=1.682072e-02  lambda=9.766e+00

============================================================
Iteration 27
============================================================
Theta offsets (Unity frame):
  Source   : dSx=   0.000, dSy=   0.000, dSz=   0.000  (mm)
  Object   : dOx= -10.004, dOy=   4.998, dOz= -18.938  (mm)
  Object offset: offset_x=   0.003, offset_z=   0.007  (mm)
  Detector : dDx=   0.000, dDy=   0.000, dDz=   0.000  (mm)
  Obj Stage rotY :   10.005 deg
============================================================

Unity geometry (world coordinates):
  Source   : x=   0.000, y=  45.000, z=   0.000
  Object   : x=  -0.004, y=  19.998, z= 570.062
  Detector : x=   0.000, y=   0.000, z= 674.000
  Obj rotY :   0.0000 deg
view   0 | SOD= 570.618 mm | SDD= 675.501 mm | M= 1.184 | incident=3.8197°
[[  99.04213    -561.4001      -25.001781  ]
 [ -18.055527    102.349976     19.998219  ]
 [   0.14732493    0.02599081    0.        ]
 [   0.            0.            0.1496    ]]
Residual vector length: 81, Jacobian shape: (81, 6)
view   0 | SOD= 570.625 mm | SDD= 675.501 mm | M= 1.184 | incident=3.8197°
[[  99.06345    -561.404       -25.002697  ]
 [ -18.058872    102.3417       19.997303  ]
 [   0.14732397    0.02599629    0.        ]
 [   0.            0.            0.1496    ]]

iter 27 cost=0.189348 -> 0.206289 |dtheta|=8.228576e-03  lambda=4.883e+01

============================================================
Iteration 28
============================================================
Theta offsets (Unity frame):
  Source   : dSx=   0.000, dSy=   0.000, dSz=   0.000  (mm)
  Object   : dOx= -10.004, dOy=   4.998, dOz= -18.938  (mm)
  Object offset: offset_x=   0.003, offset_z=   0.007  (mm)
  Detector : dDx=   0.000, dDy=   0.000, dDz=   0.000  (mm)
  Obj Stage rotY :   10.005 deg
============================================================

Unity geometry (world coordinates):
  Source   : x=   0.000, y=  45.000, z=   0.000
  Object   : x=  -0.004, y=  19.998, z= 570.062
  Detector : x=   0.000, y=   0.000, z= 674.000
  Obj rotY :   0.0000 deg
view   0 | SOD= 570.618 mm | SDD= 675.501 mm | M= 1.184 | incident=3.8197°
[[  99.04213    -561.4001      -25.001781  ]
 [ -18.055527    102.349976     19.998219  ]
 [   0.14732493    0.02599081    0.        ]
 [   0.            0.            0.1496    ]]
Residual vector length: 81, Jacobian shape: (81, 6)
view   0 | SOD= 570.620 mm | SDD= 675.501 mm | M= 1.184 | incident=3.8197°
[[  99.05418    -561.39996     -25.002495  ]
 [ -18.057634    102.34762      19.997505  ]
 [   0.14732438    0.02599396    0.        ]
 [   0.            0.            0.1496    ]]

iter 28 cost=0.189348 -> 0.200824 |dtheta|=2.644923e-03  lambda=2.441e+02

============================================================
Iteration 29
============================================================
Theta offsets (Unity frame):
  Source   : dSx=   0.000, dSy=   0.000, dSz=   0.000  (mm)
  Object   : dOx= -10.004, dOy=   4.998, dOz= -18.938  (mm)
  Object offset: offset_x=   0.003, offset_z=   0.007  (mm)
  Detector : dDx=   0.000, dDy=   0.000, dDz=   0.000  (mm)
  Obj Stage rotY :   10.005 deg
============================================================

Unity geometry (world coordinates):
  Source   : x=   0.000, y=  45.000, z=   0.000
  Object   : x=  -0.004, y=  19.998, z= 570.062
  Detector : x=   0.000, y=   0.000, z= 674.000
  Obj rotY :   0.0000 deg
view   0 | SOD= 570.618 mm | SDD= 675.501 mm | M= 1.184 | incident=3.8197°
[[  99.04213    -561.4001      -25.001781  ]
 [ -18.055527    102.349976     19.998219  ]
 [   0.14732493    0.02599081    0.        ]
 [   0.            0.            0.1496    ]]
Residual vector length: 81, Jacobian shape: (81, 6)
view   0 | SOD= 570.618 mm | SDD= 675.501 mm | M= 1.184 | incident=3.8197°
[[  99.04615    -561.39966     -25.002258  ]
 [ -18.056166    102.349556     19.997742  ]
 [   0.14732476    0.02599185    0.        ]
 [   0.            0.            0.1496    ]]

iter 29 cost=0.189348 -> 0.196875 |dtheta|=8.638565e-04  lambda=1.221e+03

============================================================
Iteration 30
============================================================
Theta offsets (Unity frame):
  Source   : dSx=   0.000, dSy=   0.000, dSz=   0.000  (mm)
  Object   : dOx= -10.004, dOy=   4.998, dOz= -18.938  (mm)
  Object offset: offset_x=   0.003, offset_z=   0.007  (mm)
  Detector : dDx=   0.000, dDy=   0.000, dDz=   0.000  (mm)
  Obj Stage rotY :   10.005 deg
============================================================

Unity geometry (world coordinates):
  Source   : x=   0.000, y=  45.000, z=   0.000
  Object   : x=  -0.004, y=  19.998, z= 570.062
  Detector : x=   0.000, y=   0.000, z= 674.000
  Obj rotY :   0.0000 deg
view   0 | SOD= 570.618 mm | SDD= 675.501 mm | M= 1.184 | incident=3.8197°
[[  99.04213    -561.4001      -25.001781  ]
 [ -18.055527    102.349976     19.998219  ]
 [   0.14732493    0.02599081    0.        ]
 [   0.            0.            0.1496    ]]
Residual vector length: 81, Jacobian shape: (81, 6)
view   0 | SOD= 570.618 mm | SDD= 675.501 mm | M= 1.184 | incident=3.8197°
[[  99.04306    -561.39996     -25.001982  ]
 [ -18.055622    102.3499       19.998018  ]
 [   0.1473249     0.02599104    0.        ]
 [   0.            0.            0.1496    ]]

iter 30 cost=0.189348 -> 0.185597 |dtheta|=2.807589e-04  lambda=6.104e+03

============================================================
Iteration 31
============================================================
Theta offsets (Unity frame):
  Source   : dSx=   0.000, dSy=   0.000, dSz=   0.000  (mm)
  Object   : dOx= -10.004, dOy=   4.998, dOz= -18.938  (mm)
  Object offset: offset_x=   0.003, offset_z=   0.007  (mm)
  Detector : dDx=   0.000, dDy=   0.000, dDz=   0.000  (mm)
  Obj Stage rotY :   10.005 deg
============================================================

Unity geometry (world coordinates):
  Source   : x=   0.000, y=  45.000, z=   0.000
  Object   : x=  -0.004, y=  19.998, z= 570.062
  Detector : x=   0.000, y=   0.000, z= 674.000
  Obj rotY :   0.0000 deg
view   0 | SOD= 570.618 mm | SDD= 675.501 mm | M= 1.184 | incident=3.8197°
[[  99.04306    -561.39996     -25.001982  ]
 [ -18.055622    102.3499       19.998018  ]
 [   0.1473249     0.02599104    0.        ]
 [   0.            0.            0.1496    ]]
Residual vector length: 81, Jacobian shape: (81, 6)
view   0 | SOD= 570.618 mm | SDD= 675.501 mm | M= 1.184 | incident=3.8197°
[[  99.04559    -561.3995      -25.002201  ]
 [ -18.056046    102.349884     19.997799  ]
 [   0.14732479    0.0259917     0.        ]
 [   0.            0.            0.1496    ]]

iter 31 cost=0.185597 -> 0.200742 |dtheta|=5.237125e-04  lambda=2.035e+03

============================================================
Iteration 32
============================================================
Theta offsets (Unity frame):
  Source   : dSx=   0.000, dSy=   0.000, dSz=   0.000  (mm)
  Object   : dOx= -10.004, dOy=   4.998, dOz= -18.938  (mm)
  Object offset: offset_x=   0.003, offset_z=   0.007  (mm)
  Detector : dDx=   0.000, dDy=   0.000, dDz=   0.000  (mm)
  Obj Stage rotY :   10.005 deg
============================================================

Unity geometry (world coordinates):
  Source   : x=   0.000, y=  45.000, z=   0.000
  Object   : x=  -0.004, y=  19.998, z= 570.062
  Detector : x=   0.000, y=   0.000, z= 674.000
  Obj rotY :   0.0000 deg
view   0 | SOD= 570.618 mm | SDD= 675.501 mm | M= 1.184 | incident=3.8197°
[[  99.04306    -561.39996     -25.001982  ]
 [ -18.055622    102.3499       19.998018  ]
 [   0.1473249     0.02599104    0.        ]
 [   0.            0.            0.1496    ]]
Residual vector length: 81, Jacobian shape: (81, 6)
view   0 | SOD= 570.618 mm | SDD= 675.501 mm | M= 1.184 | incident=3.8197°
[[  99.04362    -561.39984     -25.002058  ]
 [ -18.055714    102.349945     19.997942  ]
 [   0.14732487    0.02599119    0.        ]
 [   0.            0.            0.1496    ]]

iter 32 cost=0.185597 -> 0.197534 |dtheta|=1.405639e-04  lambda=1.017e+04

============================================================
Iteration 33
============================================================
Theta offsets (Unity frame):
  Source   : dSx=   0.000, dSy=   0.000, dSz=   0.000  (mm)
  Object   : dOx= -10.004, dOy=   4.998, dOz= -18.938  (mm)
  Object offset: offset_x=   0.003, offset_z=   0.007  (mm)
  Detector : dDx=   0.000, dDy=   0.000, dDz=   0.000  (mm)
  Obj Stage rotY :   10.005 deg
============================================================

Unity geometry (world coordinates):
  Source   : x=   0.000, y=  45.000, z=   0.000
  Object   : x=  -0.004, y=  19.998, z= 570.062
  Detector : x=   0.000, y=   0.000, z= 674.000
  Obj rotY :   0.0000 deg
view   0 | SOD= 570.618 mm | SDD= 675.501 mm | M= 1.184 | incident=3.8197°
[[  99.04306    -561.39996     -25.001982  ]
 [ -18.055622    102.3499       19.998018  ]
 [   0.1473249     0.02599104    0.        ]
 [   0.            0.            0.1496    ]]
Residual vector length: 81, Jacobian shape: (81, 6)
view   0 | SOD= 570.618 mm | SDD= 675.501 mm | M= 1.184 | incident=3.8197°
[[  99.04319    -561.4         -25.001999  ]
 [ -18.055628    102.34983      19.998001  ]
 [   0.14732489    0.02599107    0.        ]
 [   0.            0.            0.1496    ]]

iter 33 cost=0.185597 -> 0.192260 |dtheta|=3.086507e-05  lambda=5.086e+04

============================================================
Iteration 34
============================================================
Theta offsets (Unity frame):
  Source   : dSx=   0.000, dSy=   0.000, dSz=   0.000  (mm)
  Object   : dOx= -10.004, dOy=   4.998, dOz= -18.938  (mm)
  Object offset: offset_x=   0.003, offset_z=   0.007  (mm)
  Detector : dDx=   0.000, dDy=   0.000, dDz=   0.000  (mm)
  Obj Stage rotY :   10.005 deg
============================================================

Unity geometry (world coordinates):
  Source   : x=   0.000, y=  45.000, z=   0.000
  Object   : x=  -0.004, y=  19.998, z= 570.062
  Detector : x=   0.000, y=   0.000, z= 674.000
  Obj rotY :   0.0000 deg
view   0 | SOD= 570.618 mm | SDD= 675.501 mm | M= 1.184 | incident=3.8197°
[[  99.04306    -561.39996     -25.001982  ]
 [ -18.055622    102.3499       19.998018  ]
 [   0.1473249     0.02599104    0.        ]
 [   0.            0.            0.1496    ]]
Residual vector length: 81, Jacobian shape: (81, 6)
view   0 | SOD= 570.618 mm | SDD= 675.501 mm | M= 1.184 | incident=3.8197°
[[  99.04308    -561.39996     -25.001986  ]
 [ -18.055626    102.3499       19.998014  ]
 [   0.14732489    0.02599105    0.        ]
 [   0.            0.            0.1496    ]]

iter 34 cost=0.185597 -> 0.185597 |dtheta|=6.305341e-06  lambda=2.543e+05

============================================================
Iteration 35
============================================================
Theta offsets (Unity frame):
  Source   : dSx=   0.000, dSy=   0.000, dSz=   0.000  (mm)
  Object   : dOx= -10.004, dOy=   4.998, dOz= -18.938  (mm)
  Object offset: offset_x=   0.003, offset_z=   0.007  (mm)
  Detector : dDx=   0.000, dDy=   0.000, dDz=   0.000  (mm)
  Obj Stage rotY :   10.005 deg
============================================================

Unity geometry (world coordinates):
  Source   : x=   0.000, y=  45.000, z=   0.000
  Object   : x=  -0.004, y=  19.998, z= 570.062
  Detector : x=   0.000, y=   0.000, z= 674.000
  Obj rotY :   0.0000 deg
view   0 | SOD= 570.618 mm | SDD= 675.501 mm | M= 1.184 | incident=3.8197°
[[  99.04306    -561.39996     -25.001982  ]
 [ -18.055622    102.3499       19.998018  ]
 [   0.1473249     0.02599104    0.        ]
 [   0.            0.            0.1496    ]]
Residual vector length: 81, Jacobian shape: (81, 6)
view   0 | SOD= 570.618 mm | SDD= 675.501 mm | M= 1.184 | incident=3.8197°
[[  99.04307    -561.39996     -25.001984  ]
 [ -18.055624    102.3499       19.998016  ]
 [   0.14732489    0.02599104    0.        ]
 [   0.            0.            0.1496    ]]

iter 35 cost=0.185597 -> 0.185597 |dtheta|=1.610062e-06  lambda=1.000e+06

============================================================
Iteration 36
============================================================
Theta offsets (Unity frame):
  Source   : dSx=   0.000, dSy=   0.000, dSz=   0.000  (mm)
  Object   : dOx= -10.004, dOy=   4.998, dOz= -18.938  (mm)
  Object offset: offset_x=   0.003, offset_z=   0.007  (mm)
  Detector : dDx=   0.000, dDy=   0.000, dDz=   0.000  (mm)
  Obj Stage rotY :   10.005 deg
============================================================

Unity geometry (world coordinates):
  Source   : x=   0.000, y=  45.000, z=   0.000
  Object   : x=  -0.004, y=  19.998, z= 570.062
  Detector : x=   0.000, y=   0.000, z= 674.000
  Obj rotY :   0.0000 deg
view   0 | SOD= 570.618 mm | SDD= 675.501 mm | M= 1.184 | incident=3.8197°
[[  99.04306    -561.39996     -25.001982  ]
 [ -18.055622    102.3499       19.998018  ]
 [   0.1473249     0.02599104    0.        ]
 [   0.            0.            0.1496    ]]
Residual vector length: 81, Jacobian shape: (81, 6)
view   0 | SOD= 570.618 mm | SDD= 675.501 mm | M= 1.184 | incident=3.8197°
[[  99.04307    -561.39996     -25.001984  ]
 [ -18.055624    102.3499       19.998016  ]
 [   0.14732489    0.02599104    0.        ]
 [   0.            0.            0.1496    ]]

iter 36 cost=0.185597 -> 0.185597 |dtheta|=1.610062e-06  lambda=1.000e+06

============================================================
Iteration 37
============================================================
Theta offsets (Unity frame):
  Source   : dSx=   0.000, dSy=   0.000, dSz=   0.000  (mm)
  Object   : dOx= -10.004, dOy=   4.998, dOz= -18.938  (mm)
  Object offset: offset_x=   0.003, offset_z=   0.007  (mm)
  Detector : dDx=   0.000, dDy=   0.000, dDz=   0.000  (mm)
  Obj Stage rotY :   10.005 deg
============================================================

Unity geometry (world coordinates):
  Source   : x=   0.000, y=  45.000, z=   0.000
  Object   : x=  -0.004, y=  19.998, z= 570.062
  Detector : x=   0.000, y=   0.000, z= 674.000
  Obj rotY :   0.0000 deg
view   0 | SOD= 570.618 mm | SDD= 675.501 mm | M= 1.184 | incident=3.8197°
[[  99.04306    -561.39996     -25.001982  ]
 [ -18.055622    102.3499       19.998018  ]
 [   0.1473249     0.02599104    0.        ]
 [   0.            0.            0.1496    ]]
Residual vector length: 81, Jacobian shape: (81, 6)
view   0 | SOD= 570.618 mm | SDD= 675.501 mm | M= 1.184 | incident=3.8197°
[[  99.04307    -561.39996     -25.001984  ]
 [ -18.055624    102.3499       19.998016  ]
 [   0.14732489    0.02599104    0.        ]
 [   0.            0.            0.1496    ]]

iter 37 cost=0.185597 -> 0.185597 |dtheta|=1.610062e-06  lambda=1.000e+06

============================================================
Iteration 38
============================================================
Theta offsets (Unity frame):
  Source   : dSx=   0.000, dSy=   0.000, dSz=   0.000  (mm)
  Object   : dOx= -10.004, dOy=   4.998, dOz= -18.938  (mm)
  Object offset: offset_x=   0.003, offset_z=   0.007  (mm)
  Detector : dDx=   0.000, dDy=   0.000, dDz=   0.000  (mm)
  Obj Stage rotY :   10.005 deg
============================================================

Unity geometry (world coordinates):
  Source   : x=   0.000, y=  45.000, z=   0.000
  Object   : x=  -0.004, y=  19.998, z= 570.062
  Detector : x=   0.000, y=   0.000, z= 674.000
  Obj rotY :   0.0000 deg
view   0 | SOD= 570.618 mm | SDD= 675.501 mm | M= 1.184 | incident=3.8197°
[[  99.04306    -561.39996     -25.001982  ]
 [ -18.055622    102.3499       19.998018  ]
 [   0.1473249     0.02599104    0.        ]
 [   0.            0.            0.1496    ]]
Residual vector length: 81, Jacobian shape: (81, 6)
view   0 | SOD= 570.618 mm | SDD= 675.501 mm | M= 1.184 | incident=3.8197°
[[  99.04307    -561.39996     -25.001984  ]
 [ -18.055624    102.3499       19.998016  ]
 [   0.14732489    0.02599104    0.        ]
 [   0.            0.            0.1496    ]]

iter 38 cost=0.185597 -> 0.185597 |dtheta|=1.610062e-06  lambda=1.000e+06

============================================================
Iteration 39
============================================================
Theta offsets (Unity frame):
  Source   : dSx=   0.000, dSy=   0.000, dSz=   0.000  (mm)
  Object   : dOx= -10.004, dOy=   4.998, dOz= -18.938  (mm)
  Object offset: offset_x=   0.003, offset_z=   0.007  (mm)
  Detector : dDx=   0.000, dDy=   0.000, dDz=   0.000  (mm)
  Obj Stage rotY :   10.005 deg
============================================================

Unity geometry (world coordinates):
  Source   : x=   0.000, y=  45.000, z=   0.000
  Object   : x=  -0.004, y=  19.998, z= 570.062
  Detector : x=   0.000, y=   0.000, z= 674.000
  Obj rotY :   0.0000 deg
view   0 | SOD= 570.618 mm | SDD= 675.501 mm | M= 1.184 | incident=3.8197°
[[  99.04306    -561.39996     -25.001982  ]
 [ -18.055622    102.3499       19.998018  ]
 [   0.1473249     0.02599104    0.        ]
 [   0.            0.            0.1496    ]]
Residual vector length: 81, Jacobian shape: (81, 6)
view   0 | SOD= 570.618 mm | SDD= 675.501 mm | M= 1.184 | incident=3.8197°
[[  99.04307    -561.39996     -25.001984  ]
 [ -18.055624    102.3499       19.998016  ]
 [   0.14732489    0.02599104    0.        ]
 [   0.            0.            0.1496    ]]

iter 39 cost=0.185597 -> 0.185597 |dtheta|=1.610062e-06  lambda=1.000e+06

============================================================
Iteration 40
============================================================
Theta offsets (Unity frame):
  Source   : dSx=   0.000, dSy=   0.000, dSz=   0.000  (mm)
  Object   : dOx= -10.004, dOy=   4.998, dOz= -18.938  (mm)
  Object offset: offset_x=   0.003, offset_z=   0.007  (mm)
  Detector : dDx=   0.000, dDy=   0.000, dDz=   0.000  (mm)
  Obj Stage rotY :   10.005 deg
============================================================

Unity geometry (world coordinates):
  Source   : x=   0.000, y=  45.000, z=   0.000
  Object   : x=  -0.004, y=  19.998, z= 570.062
  Detector : x=   0.000, y=   0.000, z= 674.000
  Obj rotY :   0.0000 deg
view   0 | SOD= 570.618 mm | SDD= 675.501 mm | M= 1.184 | incident=3.8197°
[[  99.04306    -561.39996     -25.001982  ]
 [ -18.055622    102.3499       19.998018  ]
 [   0.1473249     0.02599104    0.        ]
 [   0.            0.            0.1496    ]]
Residual vector length: 81, Jacobian shape: (81, 6)
view   0 | SOD= 570.618 mm | SDD= 675.501 mm | M= 1.184 | incident=3.8197°
[[  99.04307    -561.39996     -25.001984  ]
 [ -18.055624    102.3499       19.998016  ]
 [   0.14732489    0.02599104    0.        ]
 [   0.            0.            0.1496    ]]

iter 40 cost=0.185597 -> 0.185597 |dtheta|=1.610062e-06  lambda=1.000e+06

============================================================
Iteration 41
============================================================
Theta offsets (Unity frame):
  Source   : dSx=   0.000, dSy=   0.000, dSz=   0.000  (mm)
  Object   : dOx= -10.004, dOy=   4.998, dOz= -18.938  (mm)
  Object offset: offset_x=   0.003, offset_z=   0.007  (mm)
  Detector : dDx=   0.000, dDy=   0.000, dDz=   0.000  (mm)
  Obj Stage rotY :   10.005 deg
============================================================

Unity geometry (world coordinates):
  Source   : x=   0.000, y=  45.000, z=   0.000
  Object   : x=  -0.004, y=  19.998, z= 570.062
  Detector : x=   0.000, y=   0.000, z= 674.000
  Obj rotY :   0.0000 deg
view   0 | SOD= 570.618 mm | SDD= 675.501 mm | M= 1.184 | incident=3.8197°
[[  99.04306    -561.39996     -25.001982  ]
 [ -18.055622    102.3499       19.998018  ]
 [   0.1473249     0.02599104    0.        ]
 [   0.            0.            0.1496    ]]
Residual vector length: 81, Jacobian shape: (81, 6)
view   0 | SOD= 570.618 mm | SDD= 675.501 mm | M= 1.184 | incident=3.8197°
[[  99.04307    -561.39996     -25.001984  ]
 [ -18.055624    102.3499       19.998016  ]
 [   0.14732489    0.02599104    0.        ]
 [   0.            0.            0.1496    ]]

iter 41 cost=0.185597 -> 0.185597 |dtheta|=1.610062e-06  lambda=1.000e+06
Stalled.

Estimated theta:
  dSx: +0.000000
  dSy: +0.000000
  dOx: -10.003709
  dOy: +4.998018
  dOz: -18.937718
  dDx: +0.000000
  dDy: +0.000000
  dDz: +0.000000
alpha: +1.000516e+01 deg)
offset_x: +0.002788
offset_z: +0.007437

Final cost table:
Fake theta: [  0.   0. -10.   5. -19.   0.   0.   0.  10.   0.   0.]
Final estimated theta: [  0.           0.         -10.00370903   4.99801823 -18.93771816
   0.           0.           0.          10.00516302   0.00278782
   0.00743687]
Diff from Expected: [ 0.          0.         -0.00370903 -0.00198177  0.06228184  0.
  0.          0.          0.00516302  0.00278782  0.00743687]
################################################################################

