Phantom already exists, skipping: cuboid_phantom_1_normal.npy

################################################################################
Running cuboid=normal scenario=G1 N_ANGLES=6, K=1
view   0 | SOD= 565.750 mm | SDD= 721.227 mm | M= 1.275 | incident=3.3432°
[[  57.21255    -562.1528      -28.        ]
 [ -18.490114    153.9744       12.        ]
 [   0.14903073    0.0130385     0.        ]
 [   0.            0.            0.1496    ]]
          image          x1          y1  area1
0  proj_000.png  542.265589  120.922633    866
1  proj_001.png  385.939323  120.882147    857
2  proj_002.png  345.063211  120.572693    791
3  proj_003.png  452.943864  120.349869    766
4  proj_004.png  601.436061  120.441176    782
5  proj_005.png  649.616708  120.635135    814

============================================================
Iteration 0
============================================================
Theta offsets (Unity frame):
  Source   : dSx=   0.000, dSy=   0.000, dSz=   0.000  (mm)
  Object   : dOx=   0.000, dOy=   0.000, dOz=   0.000  (mm)
  Object offset: offset_x=   0.000, offset_z=   0.000  (mm)
  Detector : dDx=   0.000, dDy=   0.000, dDz=   0.000  (mm)
  Obj Stage rotY :    0.000 deg
============================================================

Unity geometry (world coordinates):
  Source   : x=   8.000, y=  50.000, z=   0.000
  Object   : x=   6.000, y=  28.000, z= 577.000
  Detector : x=  -5.000, y=  10.000, z= 720.000
  Obj rotY :   0.0000 deg
view   0 | SOD= 577.423 mm | SDD= 721.227 mm | M= 1.249 | incident=3.3432°
[[   2.     -577.      -22.    ]
 [ -11.      143.       18.    ]
 [   0.1496    0.        0.    ]
 [   0.        0.        0.1496]]
Residual vector length: 12, Jacobian shape: (12, 6)
view   0 | SOD= 551.253 mm | SDD= 721.227 mm | M= 1.308 | incident=3.3432°
[[ 149.79335    -529.5652      -31.663395  ]
 [ -50.535217    162.12657       8.336605  ]
 [   0.14442264    0.03901619    0.        ]
 [   0.            0.            0.1496    ]]

iter 00 cost=15894.222794 -> 4023.529102 |dtheta|=3.137067e+01  lambda=1.000e-02

============================================================
Iteration 1
============================================================
Theta offsets (Unity frame):
  Source   : dSx=   0.000, dSy=   0.000, dSz=   0.000  (mm)
  Object   : dOx=  -7.674, dOy=  -9.663, dOz= -24.231  (mm)
  Object offset: offset_x=   3.177, offset_z=  -2.465  (mm)
  Detector : dDx=   0.000, dDy=   0.000, dDz=   0.000  (mm)
  Obj Stage rotY :   15.118 deg
============================================================

Unity geometry (world coordinates):
  Source   : x=   8.000, y=  50.000, z=   0.000
  Object   : x=  -1.674, y=  18.337, z= 552.769
  Detector : x=  -5.000, y=  10.000, z= 720.000
  Obj rotY :   0.0000 deg
view   0 | SOD= 551.253 mm | SDD= 721.227 mm | M= 1.308 | incident=3.3432°
[[ 149.79335    -529.5652      -31.663395  ]
 [ -50.535217    162.12657       8.336605  ]
 [   0.14442264    0.03901619    0.        ]
 [   0.            0.            0.1496    ]]
Residual vector length: 12, Jacobian shape: (12, 6)
view   0 | SOD= 552.004 mm | SDD= 721.227 mm | M= 1.307 | incident=3.3432°
[[ 137.99419    -533.78564     -27.187298  ]
 [ -48.98811     161.63264      12.812702  ]
 [   0.14514662    0.03623006    0.        ]
 [   0.            0.            0.1496    ]]

iter 01 cost=4023.529102 -> 219.029205 |dtheta|=5.590295e+00  lambda=3.333e-03

============================================================
Iteration 2
============================================================
Theta offsets (Unity frame):
  Source   : dSx=   0.000, dSy=   0.000, dSz=   0.000  (mm)
  Object   : dOx=  -5.551, dOy=  -5.187, dOz= -25.295  (mm)
  Object offset: offset_x=   2.937, offset_z=  -0.390  (mm)
  Detector : dDx=   0.000, dDy=   0.000, dDz=   0.000  (mm)
  Obj Stage rotY :   14.015 deg
============================================================

Unity geometry (world coordinates):
  Source   : x=   8.000, y=  50.000, z=   0.000
  Object   : x=   0.449, y=  22.813, z= 551.705
  Detector : x=  -5.000, y=  10.000, z= 720.000
  Obj rotY :   0.0000 deg
view   0 | SOD= 552.004 mm | SDD= 721.227 mm | M= 1.307 | incident=3.3432°
[[ 137.99419    -533.78564     -27.187298  ]
 [ -48.98811     161.63264      12.812702  ]
 [   0.14514662    0.03623006    0.        ]
 [   0.            0.            0.1496    ]]
Residual vector length: 12, Jacobian shape: (12, 6)
view   0 | SOD= 551.495 mm | SDD= 721.227 mm | M= 1.308 | incident=3.3432°
[[ 135.6591     -533.81696     -27.986778  ]
 [ -47.723114    162.55936      12.013222  ]
 [   0.14533211    0.0354787     0.        ]
 [   0.            0.            0.1496    ]]

iter 02 cost=219.029205 -> 2.205310 |dtheta|=1.099922e+00  lambda=1.111e-03

============================================================
Iteration 3
============================================================
Theta offsets (Unity frame):
  Source   : dSx=   0.000, dSy=   0.000, dSz=   0.000  (mm)
  Object   : dOx=  -5.907, dOy=  -5.987, dOz= -25.295  (mm)
  Object offset: offset_x=   2.717, offset_z=  -0.945  (mm)
  Detector : dDx=   0.000, dDy=   0.000, dDz=   0.000  (mm)
  Obj Stage rotY :   13.719 deg
============================================================

Unity geometry (world coordinates):
  Source   : x=   8.000, y=  50.000, z=   0.000
  Object   : x=   0.093, y=  22.013, z= 551.705
  Detector : x=  -5.000, y=  10.000, z= 720.000
  Obj rotY :   0.0000 deg
view   0 | SOD= 551.495 mm | SDD= 721.227 mm | M= 1.308 | incident=3.3432°
[[ 135.6591     -533.81696     -27.986778  ]
 [ -47.723114    162.55936      12.013222  ]
 [   0.14533211    0.0354787     0.        ]
 [   0.            0.            0.1496    ]]
Residual vector length: 12, Jacobian shape: (12, 6)
view   0 | SOD= 553.111 mm | SDD= 721.227 mm | M= 1.304 | incident=3.3432°
[[ 133.37141    -536.0604      -27.988054  ]
 [ -46.36346     161.26614      12.011946  ]
 [   0.14551581    0.03471754    0.        ]
 [   0.            0.            0.1496    ]]

iter 03 cost=2.205310 -> 1.904535 |dtheta|=1.686219e+00  lambda=3.704e-04

============================================================
Iteration 4
============================================================
Theta offsets (Unity frame):
  Source   : dSx=   0.000, dSy=   0.000, dSz=   0.000  (mm)
  Object   : dOx=  -5.924, dOy=  -5.988, dOz= -23.640  (mm)
  Object offset: offset_x=   2.597, offset_z=  -0.983  (mm)
  Detector : dDx=   0.000, dDy=   0.000, dDz=   0.000  (mm)
  Obj Stage rotY :   13.419 deg
============================================================

Unity geometry (world coordinates):
  Source   : x=   8.000, y=  50.000, z=   0.000
  Object   : x=   0.076, y=  22.012, z= 553.360
  Detector : x=  -5.000, y=  10.000, z= 720.000
  Obj rotY :   0.0000 deg
view   0 | SOD= 553.111 mm | SDD= 721.227 mm | M= 1.304 | incident=3.3432°
[[ 133.37141    -536.0604      -27.988054  ]
 [ -46.36346     161.26614      12.011946  ]
 [   0.14551581    0.03471754    0.        ]
 [   0.            0.            0.1496    ]]
Residual vector length: 12, Jacobian shape: (12, 6)
view   0 | SOD= 551.698 mm | SDD= 721.227 mm | M= 1.307 | incident=3.3432°
[[ 129.54524    -535.5429      -27.966677  ]
 [ -45.479538    162.98074      12.033323  ]
 [   0.1457468     0.03373472    0.        ]
 [   0.            0.            0.1496    ]]

iter 04 cost=1.904535 -> 1.955691 |dtheta|=1.488049e+00  lambda=1.235e-04

============================================================
Iteration 5
============================================================
Theta offsets (Unity frame):
  Source   : dSx=   0.000, dSy=   0.000, dSz=   0.000  (mm)
  Object   : dOx=  -5.924, dOy=  -5.988, dOz= -23.640  (mm)
  Object offset: offset_x=   2.597, offset_z=  -0.983  (mm)
  Detector : dDx=   0.000, dDy=   0.000, dDz=   0.000  (mm)
  Obj Stage rotY :   13.419 deg
============================================================

Unity geometry (world coordinates):
  Source   : x=   8.000, y=  50.000, z=   0.000
  Object   : x=   0.076, y=  22.012, z= 553.360
  Detector : x=  -5.000, y=  10.000, z= 720.000
  Obj rotY :   0.0000 deg
view   0 | SOD= 553.111 mm | SDD= 721.227 mm | M= 1.304 | incident=3.3432°
[[ 133.37141    -536.0604      -27.988054  ]
 [ -46.36346     161.26614      12.011946  ]
 [   0.14551581    0.03471754    0.        ]
 [   0.            0.            0.1496    ]]
Residual vector length: 12, Jacobian shape: (12, 6)
view   0 | SOD= 551.699 mm | SDD= 721.227 mm | M= 1.307 | incident=3.3432°
[[ 129.54825    -535.5436      -27.966694  ]
 [ -45.48012     162.9792       12.033306  ]
 [   0.14574662    0.03373547    0.        ]
 [   0.            0.            0.1496    ]]

iter 05 cost=1.904535 -> 1.955691 |dtheta|=1.486790e+00  lambda=6.173e-04

============================================================
Iteration 6
============================================================
Theta offsets (Unity frame):
  Source   : dSx=   0.000, dSy=   0.000, dSz=   0.000  (mm)
  Object   : dOx=  -5.924, dOy=  -5.988, dOz= -23.640  (mm)
  Object offset: offset_x=   2.597, offset_z=  -0.983  (mm)
  Detector : dDx=   0.000, dDy=   0.000, dDz=   0.000  (mm)
  Obj Stage rotY :   13.419 deg
============================================================

Unity geometry (world coordinates):
  Source   : x=   8.000, y=  50.000, z=   0.000
  Object   : x=   0.076, y=  22.012, z= 553.360
  Detector : x=  -5.000, y=  10.000, z= 720.000
  Obj rotY :   0.0000 deg
view   0 | SOD= 553.111 mm | SDD= 721.227 mm | M= 1.304 | incident=3.3432°
[[ 133.37141    -536.0604      -27.988054  ]
 [ -46.36346     161.26614      12.011946  ]
 [   0.14551581    0.03471754    0.        ]
 [   0.            0.            0.1496    ]]
Residual vector length: 12, Jacobian shape: (12, 6)
view   0 | SOD= 551.705 mm | SDD= 721.227 mm | M= 1.307 | incident=3.3432°
[[ 129.56319    -535.5466      -27.966787  ]
 [ -45.483078    162.97174      12.033213  ]
 [   0.14574575    0.0337392     0.        ]
 [   0.            0.            0.1496    ]]

iter 06 cost=1.904535 -> 1.955691 |dtheta|=1.480528e+00  lambda=3.086e-03

============================================================
Iteration 7
============================================================
Theta offsets (Unity frame):
  Source   : dSx=   0.000, dSy=   0.000, dSz=   0.000  (mm)
  Object   : dOx=  -5.924, dOy=  -5.988, dOz= -23.640  (mm)
  Object offset: offset_x=   2.597, offset_z=  -0.983  (mm)
  Detector : dDx=   0.000, dDy=   0.000, dDz=   0.000  (mm)
  Obj Stage rotY :   13.419 deg
============================================================

Unity geometry (world coordinates):
  Source   : x=   8.000, y=  50.000, z=   0.000
  Object   : x=   0.076, y=  22.012, z= 553.360
  Detector : x=  -5.000, y=  10.000, z= 720.000
  Obj rotY :   0.0000 deg
view   0 | SOD= 553.111 mm | SDD= 721.227 mm | M= 1.304 | incident=3.3432°
[[ 133.37141    -536.0604      -27.988054  ]
 [ -46.36346     161.26614      12.011946  ]
 [   0.14551581    0.03471754    0.        ]
 [   0.            0.            0.1496    ]]
Residual vector length: 12, Jacobian shape: (12, 6)
view   0 | SOD= 551.737 mm | SDD= 721.227 mm | M= 1.307 | incident=3.3432°
[[ 129.63614    -535.5612      -27.967237  ]
 [ -45.497494    162.93517      12.032763  ]
 [   0.14574154    0.03375743    0.        ]
 [   0.            0.            0.1496    ]]

iter 07 cost=1.904535 -> 1.951242 |dtheta|=1.449999e+00  lambda=1.543e-02

============================================================
Iteration 8
============================================================
Theta offsets (Unity frame):
  Source   : dSx=   0.000, dSy=   0.000, dSz=   0.000  (mm)
  Object   : dOx=  -5.924, dOy=  -5.988, dOz= -23.640  (mm)
  Object offset: offset_x=   2.597, offset_z=  -0.983  (mm)
  Detector : dDx=   0.000, dDy=   0.000, dDz=   0.000  (mm)
  Obj Stage rotY :   13.419 deg
============================================================

Unity geometry (world coordinates):
  Source   : x=   8.000, y=  50.000, z=   0.000
  Object   : x=   0.076, y=  22.012, z= 553.360
  Detector : x=  -5.000, y=  10.000, z= 720.000
  Obj rotY :   0.0000 deg
view   0 | SOD= 553.111 mm | SDD= 721.227 mm | M= 1.304 | incident=3.3432°
[[ 133.37141    -536.0604      -27.988054  ]
 [ -46.36346     161.26614      12.011946  ]
 [   0.14551581    0.03471754    0.        ]
 [   0.            0.            0.1496    ]]
Residual vector length: 12, Jacobian shape: (12, 6)
view   0 | SOD= 551.876 mm | SDD= 721.227 mm | M= 1.307 | incident=3.3432°
[[ 129.9622     -535.6256      -27.969233  ]
 [ -45.562153    162.77272      12.030767  ]
 [   0.14572263    0.03383896    0.        ]
 [   0.            0.            0.1496    ]]

iter 08 cost=1.904535 -> 1.758458 |dtheta|=1.314665e+00  lambda=7.716e-02

============================================================
Iteration 9
============================================================
Theta offsets (Unity frame):
  Source   : dSx=   0.000, dSy=   0.000, dSz=   0.000  (mm)
  Object   : dOx=  -5.842, dOy=  -5.969, dOz= -24.891  (mm)
  Object offset: offset_x=   2.404, offset_z=  -0.969  (mm)
  Detector : dDx=   0.000, dDy=   0.000, dDz=   0.000  (mm)
  Obj Stage rotY :   13.073 deg
============================================================

Unity geometry (world coordinates):
  Source   : x=   8.000, y=  50.000, z=   0.000
  Object   : x=   0.158, y=  22.031, z= 552.109
  Detector : x=  -5.000, y=  10.000, z= 720.000
  Obj rotY :   0.0000 deg
view   0 | SOD= 551.876 mm | SDD= 721.227 mm | M= 1.307 | incident=3.3432°
[[ 129.9622     -535.6256      -27.969233  ]
 [ -45.562153    162.77272      12.030767  ]
 [   0.14572263    0.03383896    0.        ]
 [   0.            0.            0.1496    ]]
Residual vector length: 12, Jacobian shape: (12, 6)
view   0 | SOD= 550.319 mm | SDD= 721.227 mm | M= 1.311 | incident=3.3432°
[[ 131.19928    -533.7191      -27.950945  ]
 [ -46.44749     164.14236      12.049055  ]
 [   0.14561908    0.03428182    0.        ]
 [   0.            0.            0.1496    ]]

iter 09 cost=1.758458 -> 1.398312 |dtheta|=1.504193e+00  lambda=2.572e-02

============================================================
Iteration 10
============================================================
Theta offsets (Unity frame):
  Source   : dSx=   0.000, dSy=   0.000, dSz=   0.000  (mm)
  Object   : dOx=  -5.863, dOy=  -5.951, dOz= -26.382  (mm)
  Object offset: offset_x=   2.460, offset_z=  -1.036  (mm)
  Detector : dDx=   0.000, dDy=   0.000, dDz=   0.000  (mm)
  Obj Stage rotY :   13.247 deg
============================================================

Unity geometry (world coordinates):
  Source   : x=   8.000, y=  50.000, z=   0.000
  Object   : x=   0.137, y=  22.049, z= 550.618
  Detector : x=  -5.000, y=  10.000, z= 720.000
  Obj rotY :   0.0000 deg
view   0 | SOD= 550.319 mm | SDD= 721.227 mm | M= 1.311 | incident=3.3432°
[[ 131.19928    -533.7191      -27.950945  ]
 [ -46.44749     164.14236      12.049055  ]
 [   0.14561908    0.03428182    0.        ]
 [   0.            0.            0.1496    ]]
Residual vector length: 12, Jacobian shape: (12, 6)
view   0 | SOD= 549.656 mm | SDD= 721.227 mm | M= 1.312 | incident=3.3432°
[[ 132.2794     -532.7674      -27.971146  ]
 [ -47.004448    164.67531      12.028854  ]
 [   0.14553824    0.03462343    0.        ]
 [   0.            0.            0.1496    ]]

iter 10 cost=1.398312 -> 0.891011 |dtheta|=6.969020e-01  lambda=8.573e-03

============================================================
Iteration 11
============================================================
Theta offsets (Unity frame):
  Source   : dSx=   0.000, dSy=   0.000, dSz=   0.000  (mm)
  Object   : dOx=  -5.869, dOy=  -5.971, dOz= -27.065  (mm)
  Object offset: offset_x=   2.484, offset_z=  -1.018  (mm)
  Detector : dDx=   0.000, dDy=   0.000, dDz=   0.000  (mm)
  Obj Stage rotY :   13.382 deg
============================================================

Unity geometry (world coordinates):
  Source   : x=   8.000, y=  50.000, z=   0.000
  Object   : x=   0.131, y=  22.029, z= 549.935
  Detector : x=  -5.000, y=  10.000, z= 720.000
  Obj rotY :   0.0000 deg
view   0 | SOD= 549.656 mm | SDD= 721.227 mm | M= 1.312 | incident=3.3432°
[[ 132.2794     -532.7674      -27.971146  ]
 [ -47.004448    164.67531      12.028854  ]
 [   0.14553824    0.03462343    0.        ]
 [   0.            0.            0.1496    ]]
Residual vector length: 12, Jacobian shape: (12, 6)
view   0 | SOD= 548.549 mm | SDD= 721.227 mm | M= 1.315 | incident=3.3432°
[[ 129.3968     -532.33405     -27.977833  ]
 [ -46.32106     166.0156       12.022167  ]
 [   0.14571324    0.03387934    0.        ]
 [   0.            0.            0.1496    ]]

iter 11 cost=0.891011 -> 1.113790 |dtheta|=1.157075e+00  lambda=2.858e-03

============================================================
Iteration 12
============================================================
Theta offsets (Unity frame):
  Source   : dSx=   0.000, dSy=   0.000, dSz=   0.000  (mm)
  Object   : dOx=  -5.869, dOy=  -5.971, dOz= -27.065  (mm)
  Object offset: offset_x=   2.484, offset_z=  -1.018  (mm)
  Detector : dDx=   0.000, dDy=   0.000, dDz=   0.000  (mm)
  Obj Stage rotY :   13.382 deg
============================================================

Unity geometry (world coordinates):
  Source   : x=   8.000, y=  50.000, z=   0.000
  Object   : x=   0.131, y=  22.029, z= 549.935
  Detector : x=  -5.000, y=  10.000, z= 720.000
  Obj rotY :   0.0000 deg
view   0 | SOD= 549.656 mm | SDD= 721.227 mm | M= 1.312 | incident=3.3432°
[[ 132.2794     -532.7674      -27.971146  ]
 [ -47.004448    164.67531      12.028854  ]
 [   0.14553824    0.03462343    0.        ]
 [   0.            0.            0.1496    ]]
Residual vector length: 12, Jacobian shape: (12, 6)
view   0 | SOD= 548.572 mm | SDD= 721.227 mm | M= 1.315 | incident=3.3432°
[[ 129.39302    -532.35834     -27.977774  ]
 [ -46.3127      165.99437      12.022226  ]
 [   0.14571384    0.0338768     0.        ]
 [   0.            0.            0.1496    ]]

iter 12 cost=0.891011 -> 1.118824 |dtheta|=1.136175e+00  lambda=1.429e-02

============================================================
Iteration 13
============================================================
Theta offsets (Unity frame):
  Source   : dSx=   0.000, dSy=   0.000, dSz=   0.000  (mm)
  Object   : dOx=  -5.869, dOy=  -5.971, dOz= -27.065  (mm)
  Object offset: offset_x=   2.484, offset_z=  -1.018  (mm)
  Detector : dDx=   0.000, dDy=   0.000, dDz=   0.000  (mm)
  Obj Stage rotY :   13.382 deg
============================================================

Unity geometry (world coordinates):
  Source   : x=   8.000, y=  50.000, z=   0.000
  Object   : x=   0.131, y=  22.029, z= 549.935
  Detector : x=  -5.000, y=  10.000, z= 720.000
  Obj rotY :   0.0000 deg
view   0 | SOD= 549.656 mm | SDD= 721.227 mm | M= 1.312 | incident=3.3432°
[[ 132.2794     -532.7674      -27.971146  ]
 [ -47.004448    164.67531      12.028854  ]
 [   0.14553824    0.03462343    0.        ]
 [   0.            0.            0.1496    ]]
Residual vector length: 12, Jacobian shape: (12, 6)
view   0 | SOD= 548.672 mm | SDD= 721.227 mm | M= 1.314 | incident=3.3432°
[[ 129.38173    -532.4649      -27.9775    ]
 [ -46.277554    165.89948      12.022499  ]
 [   0.14571609    0.03386711    0.        ]
 [   0.            0.            0.1496    ]]

iter 13 cost=0.891011 -> 1.079663 |dtheta|=1.043707e+00  lambda=7.144e-02

============================================================
Iteration 14
============================================================
Theta offsets (Unity frame):
  Source   : dSx=   0.000, dSy=   0.000, dSz=   0.000  (mm)
  Object   : dOx=  -5.869, dOy=  -5.971, dOz= -27.065  (mm)
  Object offset: offset_x=   2.484, offset_z=  -1.018  (mm)
  Detector : dDx=   0.000, dDy=   0.000, dDz=   0.000  (mm)
  Obj Stage rotY :   13.382 deg
============================================================

Unity geometry (world coordinates):
  Source   : x=   8.000, y=  50.000, z=   0.000
  Object   : x=   0.131, y=  22.029, z= 549.935
  Detector : x=  -5.000, y=  10.000, z= 720.000
  Obj rotY :   0.0000 deg
view   0 | SOD= 549.656 mm | SDD= 721.227 mm | M= 1.312 | incident=3.3432°
[[ 132.2794     -532.7674      -27.971146  ]
 [ -47.004448    164.67531      12.028854  ]
 [   0.14553824    0.03462343    0.        ]
 [   0.            0.            0.1496    ]]
Residual vector length: 12, Jacobian shape: (12, 6)
view   0 | SOD= 548.983 mm | SDD= 721.227 mm | M= 1.314 | incident=3.3432°
[[ 129.43182    -532.7734      -27.97652   ]
 [ -46.1999      165.59793      12.023479  ]
 [   0.14571743    0.03386136    0.        ]
 [   0.            0.            0.1496    ]]

iter 14 cost=0.891011 -> 1.043392 |dtheta|=7.614063e-01  lambda=3.572e-01

============================================================
Iteration 15
============================================================
Theta offsets (Unity frame):
  Source   : dSx=   0.000, dSy=   0.000, dSz=   0.000  (mm)
  Object   : dOx=  -5.869, dOy=  -5.971, dOz= -27.065  (mm)
  Object offset: offset_x=   2.484, offset_z=  -1.018  (mm)
  Detector : dDx=   0.000, dDy=   0.000, dDz=   0.000  (mm)
  Obj Stage rotY :   13.382 deg
============================================================

Unity geometry (world coordinates):
  Source   : x=   8.000, y=  50.000, z=   0.000
  Object   : x=   0.131, y=  22.029, z= 549.935
  Detector : x=  -5.000, y=  10.000, z= 720.000
  Obj rotY :   0.0000 deg
view   0 | SOD= 549.656 mm | SDD= 721.227 mm | M= 1.312 | incident=3.3432°
[[ 132.2794     -532.7674      -27.971146  ]
 [ -47.004448    164.67531      12.028854  ]
 [   0.14553824    0.03462343    0.        ]
 [   0.            0.            0.1496    ]]
Residual vector length: 12, Jacobian shape: (12, 6)
view   0 | SOD= 549.391 mm | SDD= 721.227 mm | M= 1.313 | incident=3.3432°
[[ 130.03923    -533.0461      -27.974392  ]
 [ -46.293713    165.1485       12.025608  ]
 [   0.14568335    0.03400767    0.        ]
 [   0.            0.            0.1496    ]]

iter 15 cost=0.891011 -> 0.951606 |dtheta|=3.840928e-01  lambda=1.786e+00

============================================================
Iteration 16
============================================================
Theta offsets (Unity frame):
  Source   : dSx=   0.000, dSy=   0.000, dSz=   0.000  (mm)
  Object   : dOx=  -5.869, dOy=  -5.971, dOz= -27.065  (mm)
  Object offset: offset_x=   2.484, offset_z=  -1.018  (mm)
  Detector : dDx=   0.000, dDy=   0.000, dDz=   0.000  (mm)
  Obj Stage rotY :   13.382 deg
============================================================

Unity geometry (world coordinates):
  Source   : x=   8.000, y=  50.000, z=   0.000
  Object   : x=   0.131, y=  22.029, z= 549.935
  Detector : x=  -5.000, y=  10.000, z= 720.000
  Obj rotY :   0.0000 deg
view   0 | SOD= 549.656 mm | SDD= 721.227 mm | M= 1.312 | incident=3.3432°
[[ 132.2794     -532.7674      -27.971146  ]
 [ -47.004448    164.67531      12.028854  ]
 [   0.14553824    0.03462343    0.        ]
 [   0.            0.            0.1496    ]]
Residual vector length: 12, Jacobian shape: (12, 6)
view   0 | SOD= 549.583 mm | SDD= 721.227 mm | M= 1.312 | incident=3.3432°
[[ 131.26973    -532.94257     -27.971931  ]
 [ -46.67781     164.84229      12.028069  ]
 [   0.1456043     0.03434458    0.        ]
 [   0.            0.            0.1496    ]]

iter 16 cost=0.891011 -> 0.838818 |dtheta|=1.382635e-01  lambda=8.931e+00

============================================================
Iteration 17
============================================================
Theta offsets (Unity frame):
  Source   : dSx=   0.000, dSy=   0.000, dSz=   0.000  (mm)
  Object   : dOx=  -5.859, dOy=  -5.972, dOz= -27.140  (mm)
  Object offset: offset_x=   2.447, offset_z=  -1.016  (mm)
  Detector : dDx=   0.000, dDy=   0.000, dDz=   0.000  (mm)
  Obj Stage rotY :   13.272 deg
============================================================

Unity geometry (world coordinates):
  Source   : x=   8.000, y=  50.000, z=   0.000
  Object   : x=   0.141, y=  22.028, z= 549.860
  Detector : x=  -5.000, y=  10.000, z= 720.000
  Obj rotY :   0.0000 deg
view   0 | SOD= 549.583 mm | SDD= 721.227 mm | M= 1.312 | incident=3.3432°
[[ 131.26973    -532.94257     -27.971931  ]
 [ -46.67781     164.84229      12.028069  ]
 [   0.1456043     0.03434458    0.        ]
 [   0.            0.            0.1496    ]]
Residual vector length: 12, Jacobian shape: (12, 6)
view   0 | SOD= 549.590 mm | SDD= 721.227 mm | M= 1.312 | incident=3.3432°
[[ 131.94925    -532.7817      -27.972912  ]
 [ -46.925556    164.76602      12.027088  ]
 [   0.14555852    0.03453807    0.        ]
 [   0.            0.            0.1496    ]]

iter 17 cost=0.838818 -> 0.841302 |dtheta|=9.293473e-02  lambda=2.977e+00

============================================================
Iteration 18
============================================================
Theta offsets (Unity frame):
  Source   : dSx=   0.000, dSy=   0.000, dSz=   0.000  (mm)
  Object   : dOx=  -5.859, dOy=  -5.972, dOz= -27.140  (mm)
  Object offset: offset_x=   2.447, offset_z=  -1.016  (mm)
  Detector : dDx=   0.000, dDy=   0.000, dDz=   0.000  (mm)
  Obj Stage rotY :   13.272 deg
============================================================

Unity geometry (world coordinates):
  Source   : x=   8.000, y=  50.000, z=   0.000
  Object   : x=   0.141, y=  22.028, z= 549.860
  Detector : x=  -5.000, y=  10.000, z= 720.000
  Obj rotY :   0.0000 deg
view   0 | SOD= 549.583 mm | SDD= 721.227 mm | M= 1.312 | incident=3.3432°
[[ 131.26973    -532.94257     -27.971931  ]
 [ -46.67781     164.84229      12.028069  ]
 [   0.1456043     0.03434458    0.        ]
 [   0.            0.            0.1496    ]]
Residual vector length: 12, Jacobian shape: (12, 6)
view   0 | SOD= 549.589 mm | SDD= 721.227 mm | M= 1.312 | incident=3.3432°
[[ 131.50365    -532.8903      -27.974976  ]
 [ -46.764484    164.81265      12.025024  ]
 [   0.1455885     0.03441148    0.        ]
 [   0.            0.            0.1496    ]]

iter 18 cost=0.838818 -> 0.791820 |dtheta|=4.488782e-02  lambda=1.488e+01

============================================================
Iteration 19
============================================================
Theta offsets (Unity frame):
  Source   : dSx=   0.000, dSy=   0.000, dSz=   0.000  (mm)
  Object   : dOx=  -5.878, dOy=  -5.975, dOz= -27.140  (mm)
  Object offset: offset_x=   2.477, offset_z=  -1.011  (mm)
  Detector : dDx=   0.000, dDy=   0.000, dDz=   0.000  (mm)
  Obj Stage rotY :   13.298 deg
============================================================

Unity geometry (world coordinates):
  Source   : x=   8.000, y=  50.000, z=   0.000
  Object   : x=   0.122, y=  22.025, z= 549.860
  Detector : x=  -5.000, y=  10.000, z= 720.000
  Obj rotY :   0.0000 deg
view   0 | SOD= 549.589 mm | SDD= 721.227 mm | M= 1.312 | incident=3.3432°
[[ 131.50365    -532.8903      -27.974976  ]
 [ -46.764484    164.81265      12.025024  ]
 [   0.1455885     0.03441148    0.        ]
 [   0.            0.            0.1496    ]]
Residual vector length: 12, Jacobian shape: (12, 6)
view   0 | SOD= 549.604 mm | SDD= 721.227 mm | M= 1.312 | incident=3.3432°
[[ 131.08205    -533.0099      -27.974241  ]
 [ -46.58575     164.84622      12.025759  ]
 [   0.14561805    0.0342862     0.        ]
 [   0.            0.            0.1496    ]]

iter 19 cost=0.791820 -> 0.880266 |dtheta|=6.088263e-02  lambda=4.961e+00

============================================================
Iteration 20
============================================================
Theta offsets (Unity frame):
  Source   : dSx=   0.000, dSy=   0.000, dSz=   0.000  (mm)
  Object   : dOx=  -5.878, dOy=  -5.975, dOz= -27.140  (mm)
  Object offset: offset_x=   2.477, offset_z=  -1.011  (mm)
  Detector : dDx=   0.000, dDy=   0.000, dDz=   0.000  (mm)
  Obj Stage rotY :   13.298 deg
============================================================

Unity geometry (world coordinates):
  Source   : x=   8.000, y=  50.000, z=   0.000
  Object   : x=   0.122, y=  22.025, z= 549.860
  Detector : x=  -5.000, y=  10.000, z= 720.000
  Obj rotY :   0.0000 deg
view   0 | SOD= 549.589 mm | SDD= 721.227 mm | M= 1.312 | incident=3.3432°
[[ 131.50365    -532.8903      -27.974976  ]
 [ -46.764484    164.81265      12.025024  ]
 [   0.1455885     0.03441148    0.        ]
 [   0.            0.            0.1496    ]]
Residual vector length: 12, Jacobian shape: (12, 6)
view   0 | SOD= 549.597 mm | SDD= 721.227 mm | M= 1.312 | incident=3.3432°
[[ 131.4298     -532.91693     -27.974298  ]
 [ -46.711452    164.81845      12.0257015 ]
 [   0.14559475    0.034385      0.        ]
 [   0.            0.            0.1496    ]]

iter 20 cost=0.791820 -> 0.881345 |dtheta|=2.285446e-02  lambda=2.481e+01

============================================================
Iteration 21
============================================================
Theta offsets (Unity frame):
  Source   : dSx=   0.000, dSy=   0.000, dSz=   0.000  (mm)
  Object   : dOx=  -5.878, dOy=  -5.975, dOz= -27.140  (mm)
  Object offset: offset_x=   2.477, offset_z=  -1.011  (mm)
  Detector : dDx=   0.000, dDy=   0.000, dDz=   0.000  (mm)
  Obj Stage rotY :   13.298 deg
============================================================

Unity geometry (world coordinates):
  Source   : x=   8.000, y=  50.000, z=   0.000
  Object   : x=   0.122, y=  22.025, z= 549.860
  Detector : x=  -5.000, y=  10.000, z= 720.000
  Obj rotY :   0.0000 deg
view   0 | SOD= 549.589 mm | SDD= 721.227 mm | M= 1.312 | incident=3.3432°
[[ 131.50365    -532.8903      -27.974976  ]
 [ -46.764484    164.81265      12.025024  ]
 [   0.1455885     0.03441148    0.        ]
 [   0.            0.            0.1496    ]]
Residual vector length: 12, Jacobian shape: (12, 6)
view   0 | SOD= 549.593 mm | SDD= 721.227 mm | M= 1.312 | incident=3.3432°
[[ 131.51776    -532.8915      -27.974571  ]
 [ -46.750984    164.81139      12.025429  ]
 [   0.14558847    0.03441161    0.        ]
 [   0.            0.            0.1496    ]]

iter 21 cost=0.791820 -> 0.863183 |dtheta|=1.163937e-02  lambda=1.240e+02

============================================================
Iteration 22
============================================================
Theta offsets (Unity frame):
  Source   : dSx=   0.000, dSy=   0.000, dSz=   0.000  (mm)
  Object   : dOx=  -5.878, dOy=  -5.975, dOz= -27.140  (mm)
  Object offset: offset_x=   2.477, offset_z=  -1.011  (mm)
  Detector : dDx=   0.000, dDy=   0.000, dDz=   0.000  (mm)
  Obj Stage rotY :   13.298 deg
============================================================

Unity geometry (world coordinates):
  Source   : x=   8.000, y=  50.000, z=   0.000
  Object   : x=   0.122, y=  22.025, z= 549.860
  Detector : x=  -5.000, y=  10.000, z= 720.000
  Obj rotY :   0.0000 deg
view   0 | SOD= 549.589 mm | SDD= 721.227 mm | M= 1.312 | incident=3.3432°
[[ 131.50365    -532.8903      -27.974976  ]
 [ -46.764484    164.81265      12.025024  ]
 [   0.1455885     0.03441148    0.        ]
 [   0.            0.            0.1496    ]]
Residual vector length: 12, Jacobian shape: (12, 6)
view   0 | SOD= 549.591 mm | SDD= 721.227 mm | M= 1.312 | incident=3.3432°
[[ 131.5152     -532.8896      -27.974874  ]
 [ -46.761177    164.81128      12.0251255 ]
 [   0.14558809    0.0344132     0.        ]
 [   0.            0.            0.1496    ]]

iter 22 cost=0.791820 -> 0.799148 |dtheta|=4.560063e-03  lambda=6.202e+02

============================================================
Iteration 23
============================================================
Theta offsets (Unity frame):
  Source   : dSx=   0.000, dSy=   0.000, dSz=   0.000  (mm)
  Object   : dOx=  -5.878, dOy=  -5.975, dOz= -27.140  (mm)
  Object offset: offset_x=   2.477, offset_z=  -1.011  (mm)
  Detector : dDx=   0.000, dDy=   0.000, dDz=   0.000  (mm)
  Obj Stage rotY :   13.298 deg
============================================================

Unity geometry (world coordinates):
  Source   : x=   8.000, y=  50.000, z=   0.000
  Object   : x=   0.122, y=  22.025, z= 549.860
  Detector : x=  -5.000, y=  10.000, z= 720.000
  Obj rotY :   0.0000 deg
view   0 | SOD= 549.589 mm | SDD= 721.227 mm | M= 1.312 | incident=3.3432°
[[ 131.50365    -532.8903      -27.974976  ]
 [ -46.764484    164.81265      12.025024  ]
 [   0.1455885     0.03441148    0.        ]
 [   0.            0.            0.1496    ]]
Residual vector length: 12, Jacobian shape: (12, 6)
view   0 | SOD= 549.589 mm | SDD= 721.227 mm | M= 1.312 | incident=3.3432°
[[ 131.50687    -532.89014     -27.974964  ]
 [ -46.76377     164.81224      12.025036  ]
 [   0.14558837    0.034412      0.        ]
 [   0.            0.            0.1496    ]]

iter 23 cost=0.791820 -> 0.796055 |dtheta|=1.156199e-03  lambda=3.101e+03

============================================================
Iteration 24
============================================================
Theta offsets (Unity frame):
  Source   : dSx=   0.000, dSy=   0.000, dSz=   0.000  (mm)
  Object   : dOx=  -5.878, dOy=  -5.975, dOz= -27.140  (mm)
  Object offset: offset_x=   2.477, offset_z=  -1.011  (mm)
  Detector : dDx=   0.000, dDy=   0.000, dDz=   0.000  (mm)
  Obj Stage rotY :   13.298 deg
============================================================

Unity geometry (world coordinates):
  Source   : x=   8.000, y=  50.000, z=   0.000
  Object   : x=   0.122, y=  22.025, z= 549.860
  Detector : x=  -5.000, y=  10.000, z= 720.000
  Obj rotY :   0.0000 deg
view   0 | SOD= 549.589 mm | SDD= 721.227 mm | M= 1.312 | incident=3.3432°
[[ 131.50365    -532.8903      -27.974976  ]
 [ -46.764484    164.81265      12.025024  ]
 [   0.1455885     0.03441148    0.        ]
 [   0.            0.            0.1496    ]]
Residual vector length: 12, Jacobian shape: (12, 6)
view   0 | SOD= 549.589 mm | SDD= 721.227 mm | M= 1.312 | incident=3.3432°
[[ 131.50433    -532.8903      -27.974976  ]
 [ -46.76434     164.81256      12.025024  ]
 [   0.14558847    0.03441159    0.        ]
 [   0.            0.            0.1496    ]]

iter 24 cost=0.791820 -> 0.792377 |dtheta|=2.447695e-04  lambda=1.550e+04

============================================================
Iteration 25
============================================================
Theta offsets (Unity frame):
  Source   : dSx=   0.000, dSy=   0.000, dSz=   0.000  (mm)
  Object   : dOx=  -5.878, dOy=  -5.975, dOz= -27.140  (mm)
  Object offset: offset_x=   2.477, offset_z=  -1.011  (mm)
  Detector : dDx=   0.000, dDy=   0.000, dDz=   0.000  (mm)
  Obj Stage rotY :   13.298 deg
============================================================

Unity geometry (world coordinates):
  Source   : x=   8.000, y=  50.000, z=   0.000
  Object   : x=   0.122, y=  22.025, z= 549.860
  Detector : x=  -5.000, y=  10.000, z= 720.000
  Obj rotY :   0.0000 deg
view   0 | SOD= 549.589 mm | SDD= 721.227 mm | M= 1.312 | incident=3.3432°
[[ 131.50365    -532.8903      -27.974976  ]
 [ -46.764484    164.81265      12.025024  ]
 [   0.1455885     0.03441148    0.        ]
 [   0.            0.            0.1496    ]]
Residual vector length: 12, Jacobian shape: (12, 6)
view   0 | SOD= 549.589 mm | SDD= 721.227 mm | M= 1.312 | incident=3.3432°
[[ 131.50378    -532.8904      -27.974976  ]
 [ -46.764446    164.8126       12.025024  ]
 [   0.14558849    0.0344115     0.        ]
 [   0.            0.            0.1496    ]]

iter 25 cost=0.791820 -> 0.791820 |dtheta|=4.953838e-05  lambda=7.752e+04

============================================================
Iteration 26
============================================================
Theta offsets (Unity frame):
  Source   : dSx=   0.000, dSy=   0.000, dSz=   0.000  (mm)
  Object   : dOx=  -5.878, dOy=  -5.975, dOz= -27.140  (mm)
  Object offset: offset_x=   2.477, offset_z=  -1.011  (mm)
  Detector : dDx=   0.000, dDy=   0.000, dDz=   0.000  (mm)
  Obj Stage rotY :   13.298 deg
============================================================

Unity geometry (world coordinates):
  Source   : x=   8.000, y=  50.000, z=   0.000
  Object   : x=   0.122, y=  22.025, z= 549.860
  Detector : x=  -5.000, y=  10.000, z= 720.000
  Obj rotY :   0.0000 deg
view   0 | SOD= 549.589 mm | SDD= 721.227 mm | M= 1.312 | incident=3.3432°
[[ 131.50365    -532.8903      -27.974976  ]
 [ -46.764484    164.81265      12.025024  ]
 [   0.1455885     0.03441148    0.        ]
 [   0.            0.            0.1496    ]]
Residual vector length: 12, Jacobian shape: (12, 6)
view   0 | SOD= 549.589 mm | SDD= 721.227 mm | M= 1.312 | incident=3.3432°
[[ 131.50366    -532.8903      -27.974976  ]
 [ -46.764477    164.81265      12.025024  ]
 [   0.1455885     0.03441148    0.        ]
 [   0.            0.            0.1496    ]]

iter 26 cost=0.791820 -> 0.791820 |dtheta|=9.931433e-06  lambda=3.876e+05

============================================================
Iteration 27
============================================================
Theta offsets (Unity frame):
  Source   : dSx=   0.000, dSy=   0.000, dSz=   0.000  (mm)
  Object   : dOx=  -5.878, dOy=  -5.975, dOz= -27.140  (mm)
  Object offset: offset_x=   2.477, offset_z=  -1.011  (mm)
  Detector : dDx=   0.000, dDy=   0.000, dDz=   0.000  (mm)
  Obj Stage rotY :   13.298 deg
============================================================

Unity geometry (world coordinates):
  Source   : x=   8.000, y=  50.000, z=   0.000
  Object   : x=   0.122, y=  22.025, z= 549.860
  Detector : x=  -5.000, y=  10.000, z= 720.000
  Obj rotY :   0.0000 deg
view   0 | SOD= 549.589 mm | SDD= 721.227 mm | M= 1.312 | incident=3.3432°
[[ 131.50365    -532.8903      -27.974976  ]
 [ -46.764484    164.81265      12.025024  ]
 [   0.1455885     0.03441148    0.        ]
 [   0.            0.            0.1496    ]]
Residual vector length: 12, Jacobian shape: (12, 6)
view   0 | SOD= 549.589 mm | SDD= 721.227 mm | M= 1.312 | incident=3.3432°
[[ 131.50365    -532.8903      -27.974976  ]
 [ -46.76448     164.81265      12.025024  ]
 [   0.1455885     0.03441148    0.        ]
 [   0.            0.            0.1496    ]]

iter 27 cost=0.791820 -> 0.791820 |dtheta|=3.850971e-06  lambda=1.000e+06

============================================================
Iteration 28
============================================================
Theta offsets (Unity frame):
  Source   : dSx=   0.000, dSy=   0.000, dSz=   0.000  (mm)
  Object   : dOx=  -5.878, dOy=  -5.975, dOz= -27.140  (mm)
  Object offset: offset_x=   2.477, offset_z=  -1.011  (mm)
  Detector : dDx=   0.000, dDy=   0.000, dDz=   0.000  (mm)
  Obj Stage rotY :   13.298 deg
============================================================

Unity geometry (world coordinates):
  Source   : x=   8.000, y=  50.000, z=   0.000
  Object   : x=   0.122, y=  22.025, z= 549.860
  Detector : x=  -5.000, y=  10.000, z= 720.000
  Obj rotY :   0.0000 deg
view   0 | SOD= 549.589 mm | SDD= 721.227 mm | M= 1.312 | incident=3.3432°
[[ 131.50365    -532.8903      -27.974976  ]
 [ -46.764484    164.81265      12.025024  ]
 [   0.1455885     0.03441148    0.        ]
 [   0.            0.            0.1496    ]]
Residual vector length: 12, Jacobian shape: (12, 6)
view   0 | SOD= 549.589 mm | SDD= 721.227 mm | M= 1.312 | incident=3.3432°
[[ 131.50365    -532.8903      -27.974976  ]
 [ -46.76448     164.81265      12.025024  ]
 [   0.1455885     0.03441148    0.        ]
 [   0.            0.            0.1496    ]]

iter 28 cost=0.791820 -> 0.791820 |dtheta|=3.850971e-06  lambda=1.000e+06

============================================================
Iteration 29
============================================================
Theta offsets (Unity frame):
  Source   : dSx=   0.000, dSy=   0.000, dSz=   0.000  (mm)
  Object   : dOx=  -5.878, dOy=  -5.975, dOz= -27.140  (mm)
  Object offset: offset_x=   2.477, offset_z=  -1.011  (mm)
  Detector : dDx=   0.000, dDy=   0.000, dDz=   0.000  (mm)
  Obj Stage rotY :   13.298 deg
============================================================

Unity geometry (world coordinates):
  Source   : x=   8.000, y=  50.000, z=   0.000
  Object   : x=   0.122, y=  22.025, z= 549.860
  Detector : x=  -5.000, y=  10.000, z= 720.000
  Obj rotY :   0.0000 deg
view   0 | SOD= 549.589 mm | SDD= 721.227 mm | M= 1.312 | incident=3.3432°
[[ 131.50365    -532.8903      -27.974976  ]
 [ -46.764484    164.81265      12.025024  ]
 [   0.1455885     0.03441148    0.        ]
 [   0.            0.            0.1496    ]]
Residual vector length: 12, Jacobian shape: (12, 6)
view   0 | SOD= 549.589 mm | SDD= 721.227 mm | M= 1.312 | incident=3.3432°
[[ 131.50365    -532.8903      -27.974976  ]
 [ -46.76448     164.81265      12.025024  ]
 [   0.1455885     0.03441148    0.        ]
 [   0.            0.            0.1496    ]]

iter 29 cost=0.791820 -> 0.791820 |dtheta|=3.850971e-06  lambda=1.000e+06

============================================================
Iteration 30
============================================================
Theta offsets (Unity frame):
  Source   : dSx=   0.000, dSy=   0.000, dSz=   0.000  (mm)
  Object   : dOx=  -5.878, dOy=  -5.975, dOz= -27.140  (mm)
  Object offset: offset_x=   2.477, offset_z=  -1.011  (mm)
  Detector : dDx=   0.000, dDy=   0.000, dDz=   0.000  (mm)
  Obj Stage rotY :   13.298 deg
============================================================

Unity geometry (world coordinates):
  Source   : x=   8.000, y=  50.000, z=   0.000
  Object   : x=   0.122, y=  22.025, z= 549.860
  Detector : x=  -5.000, y=  10.000, z= 720.000
  Obj rotY :   0.0000 deg
view   0 | SOD= 549.589 mm | SDD= 721.227 mm | M= 1.312 | incident=3.3432°
[[ 131.50365    -532.8903      -27.974976  ]
 [ -46.764484    164.81265      12.025024  ]
 [   0.1455885     0.03441148    0.        ]
 [   0.            0.            0.1496    ]]
Residual vector length: 12, Jacobian shape: (12, 6)
view   0 | SOD= 549.589 mm | SDD= 721.227 mm | M= 1.312 | incident=3.3432°
[[ 131.50365    -532.8903      -27.974976  ]
 [ -46.76448     164.81265      12.025024  ]
 [   0.1455885     0.03441148    0.        ]
 [   0.            0.            0.1496    ]]

iter 30 cost=0.791820 -> 0.791820 |dtheta|=3.850971e-06  lambda=1.000e+06

============================================================
Iteration 31
============================================================
Theta offsets (Unity frame):
  Source   : dSx=   0.000, dSy=   0.000, dSz=   0.000  (mm)
  Object   : dOx=  -5.878, dOy=  -5.975, dOz= -27.140  (mm)
  Object offset: offset_x=   2.477, offset_z=  -1.011  (mm)
  Detector : dDx=   0.000, dDy=   0.000, dDz=   0.000  (mm)
  Obj Stage rotY :   13.298 deg
============================================================

Unity geometry (world coordinates):
  Source   : x=   8.000, y=  50.000, z=   0.000
  Object   : x=   0.122, y=  22.025, z= 549.860
  Detector : x=  -5.000, y=  10.000, z= 720.000
  Obj rotY :   0.0000 deg
view   0 | SOD= 549.589 mm | SDD= 721.227 mm | M= 1.312 | incident=3.3432°
[[ 131.50365    -532.8903      -27.974976  ]
 [ -46.764484    164.81265      12.025024  ]
 [   0.1455885     0.03441148    0.        ]
 [   0.            0.            0.1496    ]]
Residual vector length: 12, Jacobian shape: (12, 6)
view   0 | SOD= 549.589 mm | SDD= 721.227 mm | M= 1.312 | incident=3.3432°
[[ 131.50365    -532.8903      -27.974976  ]
 [ -46.76448     164.81265      12.025024  ]
 [   0.1455885     0.03441148    0.        ]
 [   0.            0.            0.1496    ]]

iter 31 cost=0.791820 -> 0.791820 |dtheta|=3.850971e-06  lambda=1.000e+06

============================================================
Iteration 32
============================================================
Theta offsets (Unity frame):
  Source   : dSx=   0.000, dSy=   0.000, dSz=   0.000  (mm)
  Object   : dOx=  -5.878, dOy=  -5.975, dOz= -27.140  (mm)
  Object offset: offset_x=   2.477, offset_z=  -1.011  (mm)
  Detector : dDx=   0.000, dDy=   0.000, dDz=   0.000  (mm)
  Obj Stage rotY :   13.298 deg
============================================================

Unity geometry (world coordinates):
  Source   : x=   8.000, y=  50.000, z=   0.000
  Object   : x=   0.122, y=  22.025, z= 549.860
  Detector : x=  -5.000, y=  10.000, z= 720.000
  Obj rotY :   0.0000 deg
view   0 | SOD= 549.589 mm | SDD= 721.227 mm | M= 1.312 | incident=3.3432°
[[ 131.50365    -532.8903      -27.974976  ]
 [ -46.764484    164.81265      12.025024  ]
 [   0.1455885     0.03441148    0.        ]
 [   0.            0.            0.1496    ]]
Residual vector length: 12, Jacobian shape: (12, 6)
view   0 | SOD= 549.589 mm | SDD= 721.227 mm | M= 1.312 | incident=3.3432°
[[ 131.50365    -532.8903      -27.974976  ]
 [ -46.76448     164.81265      12.025024  ]
 [   0.1455885     0.03441148    0.        ]
 [   0.            0.            0.1496    ]]

iter 32 cost=0.791820 -> 0.791820 |dtheta|=3.850971e-06  lambda=1.000e+06

============================================================
Iteration 33
============================================================
Theta offsets (Unity frame):
  Source   : dSx=   0.000, dSy=   0.000, dSz=   0.000  (mm)
  Object   : dOx=  -5.878, dOy=  -5.975, dOz= -27.140  (mm)
  Object offset: offset_x=   2.477, offset_z=  -1.011  (mm)
  Detector : dDx=   0.000, dDy=   0.000, dDz=   0.000  (mm)
  Obj Stage rotY :   13.298 deg
============================================================

Unity geometry (world coordinates):
  Source   : x=   8.000, y=  50.000, z=   0.000
  Object   : x=   0.122, y=  22.025, z= 549.860
  Detector : x=  -5.000, y=  10.000, z= 720.000
  Obj rotY :   0.0000 deg
view   0 | SOD= 549.589 mm | SDD= 721.227 mm | M= 1.312 | incident=3.3432°
[[ 131.50365    -532.8903      -27.974976  ]
 [ -46.764484    164.81265      12.025024  ]
 [   0.1455885     0.03441148    0.        ]
 [   0.            0.            0.1496    ]]
Residual vector length: 12, Jacobian shape: (12, 6)
view   0 | SOD= 549.589 mm | SDD= 721.227 mm | M= 1.312 | incident=3.3432°
[[ 131.50365    -532.8903      -27.974976  ]
 [ -46.76448     164.81265      12.025024  ]
 [   0.1455885     0.03441148    0.        ]
 [   0.            0.            0.1496    ]]

iter 33 cost=0.791820 -> 0.791820 |dtheta|=3.850971e-06  lambda=1.000e+06
Stalled.

Estimated theta:
  dSx: +0.000000
  dSy: +0.000000
  dOx: -5.877581
  dOy: -5.974976
  dOz: -27.139532
  dDx: +0.000000
  dDy: +0.000000
  dDz: +0.000000
alpha: +1.329844e+01 deg)
offset_x: +2.477343
offset_z: -1.010596

Final cost table:
Fake theta: [  0.   0.  -6.  -6. -12.   0.   0.   0.   5.   0.   0.]
Final estimated theta: [  0.           0.          -5.87758109  -5.97497631 -27.13953225
   0.           0.           0.          13.29843869   2.47734326
  -1.01059623]
Diff from Expected: [  0.           0.           0.12241891   0.02502369 -15.13953225
   0.           0.           0.           8.29843869   2.47734326
  -1.01059623]
################################################################################

