Phantom already exists, skipping: cuboid_phantom_4_normal.npy

################################################################################
Running cuboid=normal scenario=G4 N_ANGLES=6, K=4
view   0 | SOD= 568.374 mm | SDD= 691.050 mm | M= 1.216 | incident=3.1588°
[[  24.733675   -567.4833      -20.        ]
 [   3.6013086   122.35616      15.        ]
 [   0.14939497    0.00782946    0.        ]
 [   0.            0.            0.1496    ]]
          image          x1         y1  area1          x2          y2  area2          x3          y3  area3          x4          y4  area4
0  proj_000.png  470.178893  86.945946    777  361.537190  234.592287    726  478.393678  375.066092    696  470.210390  539.076623    770
1  proj_001.png  319.183938  87.218912    772  399.019364  233.782849    723  551.983562  380.752055    730  319.187339  536.863049    774
2  proj_002.png  271.777933  89.065642    716  454.887208  234.071527    727  491.885309  386.965206    776  271.712291  524.917598    716
3  proj_003.png  368.542446  90.397122    695  474.395918  235.072109    735  354.134289  387.219035    767  368.539017  515.966763    692
4  proj_004.png  511.664275  90.043042    697  437.098143  235.946950    754  283.492435  381.389271    727  511.654286  518.078571    700
5  proj_005.png  565.576923  88.440934    728  380.091633  235.673307    753  347.361582  375.361582    708  565.563187  529.468407    728

============================================================
Iteration 0
============================================================
Theta offsets (Unity frame):
  Source   : dSx=   0.000, dSy=   0.000, dSz=   0.000  (mm)
  Object   : dOx=   0.000, dOy=   0.000, dOz=   0.000  (mm)
  Object offset: offset_x=   0.000, offset_z=   0.000  (mm)
  Detector : dDx=   0.000, dDy=   0.000, dDz=   0.000  (mm)
  Obj Stage rotY :    0.000 deg
============================================================

Unity geometry (world coordinates):
  Source   : x=  -5.000, y=  38.000, z=   0.000
  Object   : x=   7.000, y=  20.000, z= 576.000
  Detector : x=  10.000, y=   3.000, z= 690.000
  Obj rotY :   0.0000 deg
view   0 | SOD= 576.406 mm | SDD= 691.050 mm | M= 1.199 | incident=3.1588°
[[ -12.     -576.      -18.    ]
 [   3.      114.       17.    ]
 [   0.1496    0.        0.    ]
 [   0.        0.        0.1496]]
Residual vector length: 84, Jacobian shape: (84, 6)
view   0 | SOD= 576.093 mm | SDD= 691.050 mm | M= 1.200 | incident=3.1588°
[[ -26.228615   -575.1599      -19.641106  ]
 [  13.082784    113.88264      15.358894  ]
 [   0.14950705   -0.00527301    0.        ]
 [   0.            0.            0.1496    ]]

iter 00 cost=42061.891129 -> 5570.440965 |dtheta|=5.649571e+00  lambda=1.000e-02

============================================================
Iteration 1
============================================================
Theta offsets (Unity frame):
  Source   : dSx=   0.000, dSy=   0.000, dSz=   0.000  (mm)
  Object   : dOx=  -4.825, dOy=  -1.641, dOz=  -0.525  (mm)
  Object offset: offset_x=  -1.236, offset_z=   0.252  (mm)
  Detector : dDx=   0.000, dDy=   0.000, dDz=   0.000  (mm)
  Obj Stage rotY :   -2.020 deg
============================================================

Unity geometry (world coordinates):
  Source   : x=  -5.000, y=  38.000, z=   0.000
  Object   : x=   2.175, y=  18.359, z= 575.475
  Detector : x=  10.000, y=   3.000, z= 690.000
  Obj rotY :   0.0000 deg
view   0 | SOD= 576.093 mm | SDD= 691.050 mm | M= 1.200 | incident=3.1588°
[[ -26.228615   -575.1599      -19.641106  ]
 [  13.082784    113.88264      15.358894  ]
 [   0.14950705   -0.00527301    0.        ]
 [   0.            0.            0.1496    ]]
Residual vector length: 84, Jacobian shape: (84, 6)
view   0 | SOD= 572.709 mm | SDD= 691.050 mm | M= 1.207 | incident=3.1588°
[[   4.167605   -572.35693     -19.645298  ]
 [   8.584115    117.791985     15.354702  ]
 [   0.1495824     0.00229424    0.        ]
 [   0.            0.            0.1496    ]]

iter 01 cost=5570.440965 -> 819.025360 |dtheta|=5.030348e+00  lambda=3.333e-03

============================================================
Iteration 2
============================================================
Theta offsets (Unity frame):
  Source   : dSx=   0.000, dSy=   0.000, dSz=   0.000  (mm)
  Object   : dOx=  -6.594, dOy=  -1.645, dOz=  -4.197  (mm)
  Object offset: offset_x=  -0.795, offset_z=   0.551  (mm)
  Detector : dDx=   0.000, dDy=   0.000, dDz=   0.000  (mm)
  Obj Stage rotY :    0.879 deg
============================================================

Unity geometry (world coordinates):
  Source   : x=  -5.000, y=  38.000, z=   0.000
  Object   : x=   0.406, y=  18.355, z= 571.803
  Detector : x=  10.000, y=   3.000, z= 690.000
  Obj rotY :   0.0000 deg
view   0 | SOD= 572.709 mm | SDD= 691.050 mm | M= 1.207 | incident=3.1588°
[[   4.167605   -572.35693     -19.645298  ]
 [   8.584115    117.791985     15.354702  ]
 [   0.1495824     0.00229424    0.        ]
 [   0.            0.            0.1496    ]]
Residual vector length: 84, Jacobian shape: (84, 6)
view   0 | SOD= 570.689 mm | SDD= 691.050 mm | M= 1.211 | incident=3.1588°
[[  15.328269   -570.1341      -19.955193  ]
 [   5.8572702   119.96397      15.044807  ]
 [   0.14950596    0.00530355    0.        ]
 [   0.            0.            0.1496    ]]

iter 02 cost=819.025360 -> 107.108268 |dtheta|=2.191029e+00  lambda=1.111e-03

============================================================
Iteration 3
============================================================
Theta offsets (Unity frame):
  Source   : dSx=   0.000, dSy=   0.000, dSz=   0.000  (mm)
  Object   : dOx=  -6.884, dOy=  -1.955, dOz=  -5.883  (mm)
  Object offset: offset_x=  -0.223, offset_z=   0.202  (mm)
  Detector : dDx=   0.000, dDy=   0.000, dDz=   0.000  (mm)
  Obj Stage rotY :    2.032 deg
============================================================

Unity geometry (world coordinates):
  Source   : x=  -5.000, y=  38.000, z=   0.000
  Object   : x=   0.116, y=  18.045, z= 570.117
  Detector : x=  10.000, y=   3.000, z= 690.000
  Obj rotY :   0.0000 deg
view   0 | SOD= 570.689 mm | SDD= 691.050 mm | M= 1.211 | incident=3.1588°
[[  15.328269   -570.1341      -19.955193  ]
 [   5.8572702   119.96397      15.044807  ]
 [   0.14950596    0.00530355    0.        ]
 [   0.            0.            0.1496    ]]
Residual vector length: 84, Jacobian shape: (84, 6)
view   0 | SOD= 569.829 mm | SDD= 691.050 mm | M= 1.213 | incident=3.1588°
[[  21.80672    -569.05994     -19.997274  ]
 [   4.4110155   120.883804     15.002726  ]
 [   0.14943519    0.00702018    0.        ]
 [   0.            0.            0.1496    ]]

iter 03 cost=107.108268 -> 29.067499 |dtheta|=9.904633e-01  lambda=3.704e-04

============================================================
Iteration 4
============================================================
Theta offsets (Unity frame):
  Source   : dSx=   0.000, dSy=   0.000, dSz=   0.000  (mm)
  Object   : dOx=  -6.936, dOy=  -1.997, dOz=  -6.602  (mm)
  Object offset: offset_x=  -0.143, offset_z=   0.058  (mm)
  Detector : dDx=   0.000, dDy=   0.000, dDz=   0.000  (mm)
  Obj Stage rotY :    2.690 deg
============================================================

Unity geometry (world coordinates):
  Source   : x=  -5.000, y=  38.000, z=   0.000
  Object   : x=   0.064, y=  18.003, z= 569.398
  Detector : x=  10.000, y=   3.000, z= 690.000
  Obj rotY :   0.0000 deg
view   0 | SOD= 569.829 mm | SDD= 691.050 mm | M= 1.213 | incident=3.1588°
[[  21.80672    -569.05994     -19.997274  ]
 [   4.4110155   120.883804     15.002726  ]
 [   0.14943519    0.00702018    0.        ]
 [   0.            0.            0.1496    ]]
Residual vector length: 84, Jacobian shape: (84, 6)
view   0 | SOD= 569.194 mm | SDD= 691.050 mm | M= 1.214 | incident=3.1588°
[[  23.362627   -568.36194     -20.017818  ]
 [   3.9742143   121.528694     14.982182  ]
 [   0.14941429    0.00745177    0.        ]
 [   0.            0.            0.1496    ]]

iter 04 cost=29.067499 -> 7.495912 |dtheta|=6.217510e-01  lambda=1.235e-04

============================================================
Iteration 5
============================================================
Theta offsets (Unity frame):
  Source   : dSx=   0.000, dSy=   0.000, dSz=   0.000  (mm)
  Object   : dOx=  -6.973, dOy=  -2.018, dOz=  -7.190  (mm)
  Object offset: offset_x=  -0.050, offset_z=   0.010  (mm)
  Detector : dDx=   0.000, dDy=   0.000, dDz=   0.000  (mm)
  Obj Stage rotY :    2.855 deg
============================================================

Unity geometry (world coordinates):
  Source   : x=  -5.000, y=  38.000, z=   0.000
  Object   : x=   0.027, y=  17.982, z= 568.810
  Detector : x=  10.000, y=   3.000, z= 690.000
  Obj rotY :   0.0000 deg
view   0 | SOD= 569.194 mm | SDD= 691.050 mm | M= 1.214 | incident=3.1588°
[[  23.362627   -568.36194     -20.017818  ]
 [   3.9742143   121.528694     14.982182  ]
 [   0.14941429    0.00745177    0.        ]
 [   0.            0.            0.1496    ]]
Residual vector length: 84, Jacobian shape: (84, 6)
view   0 | SOD= 568.795 mm | SDD= 691.050 mm | M= 1.215 | incident=3.1588°
[[  24.928972   -567.8967      -20.003582  ]
 [   3.5912583   121.93634      14.996418  ]
 [   0.14939263    0.00787393    0.        ]
 [   0.            0.            0.1496    ]]

iter 05 cost=7.495912 -> 2.230939 |dtheta|=4.185190e-01  lambda=4.115e-05

============================================================
Iteration 6
============================================================
Theta offsets (Unity frame):
  Source   : dSx=   0.000, dSy=   0.000, dSz=   0.000  (mm)
  Object   : dOx=  -6.985, dOy=  -2.004, dOz=  -7.574  (mm)
  Object offset: offset_x=  -0.019, offset_z=  -0.004  (mm)
  Detector : dDx=   0.000, dDy=   0.000, dDz=   0.000  (mm)
  Obj Stage rotY :    3.017 deg
============================================================

Unity geometry (world coordinates):
  Source   : x=  -5.000, y=  38.000, z=   0.000
  Object   : x=   0.015, y=  17.996, z= 568.426
  Detector : x=  10.000, y=   3.000, z= 690.000
  Obj rotY :   0.0000 deg
view   0 | SOD= 568.795 mm | SDD= 691.050 mm | M= 1.215 | incident=3.1588°
[[  24.928972   -567.8967      -20.003582  ]
 [   3.5912583   121.93634      14.996418  ]
 [   0.14939263    0.00787393    0.        ]
 [   0.            0.            0.1496    ]]
Residual vector length: 84, Jacobian shape: (84, 6)
view   0 | SOD= 568.589 mm | SDD= 691.050 mm | M= 1.215 | incident=3.1588°
[[  24.744184   -567.69775     -20.005787  ]
 [   3.6105678   122.14165      14.994213  ]
 [   0.14939496    0.00782973    0.        ]
 [   0.            0.            0.1496    ]]

iter 06 cost=2.230939 -> 0.693776 |dtheta|=2.075925e-01  lambda=1.372e-05

============================================================
Iteration 7
============================================================
Theta offsets (Unity frame):
  Source   : dSx=   0.000, dSy=   0.000, dSz=   0.000  (mm)
  Object   : dOx=  -6.997, dOy=  -2.006, dOz=  -7.780  (mm)
  Object offset: offset_x=  -0.001, offset_z=  -0.005  (mm)
  Detector : dDx=   0.000, dDy=   0.000, dDz=   0.000  (mm)
  Obj Stage rotY :    3.000 deg
============================================================

Unity geometry (world coordinates):
  Source   : x=  -5.000, y=  38.000, z=   0.000
  Object   : x=   0.003, y=  17.994, z= 568.220
  Detector : x=  10.000, y=   3.000, z= 690.000
  Obj rotY :   0.0000 deg
view   0 | SOD= 568.589 mm | SDD= 691.050 mm | M= 1.215 | incident=3.1588°
[[  24.744184   -567.69775     -20.005787  ]
 [   3.6105678   122.14165      14.994213  ]
 [   0.14939496    0.00782973    0.        ]
 [   0.            0.            0.1496    ]]
Residual vector length: 84, Jacobian shape: (84, 6)
view   0 | SOD= 568.512 mm | SDD= 691.050 mm | M= 1.216 | incident=3.1588°
[[  24.61468    -567.6268      -20.002811  ]
 [   3.6343803   122.217316     14.997189  ]
 [   0.1493967     0.00779653    0.        ]
 [   0.            0.            0.1496    ]]

iter 07 cost=0.693776 -> 0.541829 |dtheta|=7.386635e-02  lambda=4.572e-06

============================================================
Iteration 8
============================================================
Theta offsets (Unity frame):
  Source   : dSx=   0.000, dSy=   0.000, dSz=   0.000  (mm)
  Object   : dOx=  -6.999, dOy=  -2.003, dOz=  -7.853  (mm)
  Object offset: offset_x=  -0.000, offset_z=  -0.009  (mm)
  Detector : dDx=   0.000, dDy=   0.000, dDz=   0.000  (mm)
  Obj Stage rotY :    2.987 deg
============================================================

Unity geometry (world coordinates):
  Source   : x=  -5.000, y=  38.000, z=   0.000
  Object   : x=   0.001, y=  17.997, z= 568.147
  Detector : x=  10.000, y=   3.000, z= 690.000
  Obj rotY :   0.0000 deg
view   0 | SOD= 568.512 mm | SDD= 691.050 mm | M= 1.216 | incident=3.1588°
[[  24.61468    -567.6268      -20.002811  ]
 [   3.6343803   122.217316     14.997189  ]
 [   0.1493967     0.00779653    0.        ]
 [   0.            0.            0.1496    ]]
Residual vector length: 84, Jacobian shape: (84, 6)
view   0 | SOD= 568.521 mm | SDD= 691.050 mm | M= 1.216 | incident=3.1588°
[[  24.741182   -567.6305      -20.003368  ]
 [   3.6068757   122.20888      14.996632  ]
 [   0.14939496    0.00782988    0.        ]
 [   0.            0.            0.1496    ]]

iter 08 cost=0.541829 -> 0.543803 |dtheta|=1.592403e-02  lambda=1.524e-06

============================================================
Iteration 9
============================================================
Theta offsets (Unity frame):
  Source   : dSx=   0.000, dSy=   0.000, dSz=   0.000  (mm)
  Object   : dOx=  -6.999, dOy=  -2.003, dOz=  -7.853  (mm)
  Object offset: offset_x=  -0.000, offset_z=  -0.009  (mm)
  Detector : dDx=   0.000, dDy=   0.000, dDz=   0.000  (mm)
  Obj Stage rotY :    2.987 deg
============================================================

Unity geometry (world coordinates):
  Source   : x=  -5.000, y=  38.000, z=   0.000
  Object   : x=   0.001, y=  17.997, z= 568.147
  Detector : x=  10.000, y=   3.000, z= 690.000
  Obj rotY :   0.0000 deg
view   0 | SOD= 568.512 mm | SDD= 691.050 mm | M= 1.216 | incident=3.1588°
[[  24.61468    -567.6268      -20.002811  ]
 [   3.6343803   122.217316     14.997189  ]
 [   0.1493967     0.00779653    0.        ]
 [   0.            0.            0.1496    ]]
Residual vector length: 84, Jacobian shape: (84, 6)
view   0 | SOD= 568.521 mm | SDD= 691.050 mm | M= 1.216 | incident=3.1588°
[[  24.741182   -567.6305      -20.003368  ]
 [   3.6068757   122.20888      14.996632  ]
 [   0.14939496    0.00782988    0.        ]
 [   0.            0.            0.1496    ]]

iter 09 cost=0.541829 -> 0.543803 |dtheta|=1.592403e-02  lambda=7.621e-06

============================================================
Iteration 10
============================================================
Theta offsets (Unity frame):
  Source   : dSx=   0.000, dSy=   0.000, dSz=   0.000  (mm)
  Object   : dOx=  -6.999, dOy=  -2.003, dOz=  -7.853  (mm)
  Object offset: offset_x=  -0.000, offset_z=  -0.009  (mm)
  Detector : dDx=   0.000, dDy=   0.000, dDz=   0.000  (mm)
  Obj Stage rotY :    2.987 deg
============================================================

Unity geometry (world coordinates):
  Source   : x=  -5.000, y=  38.000, z=   0.000
  Object   : x=   0.001, y=  17.997, z= 568.147
  Detector : x=  10.000, y=   3.000, z= 690.000
  Obj rotY :   0.0000 deg
view   0 | SOD= 568.512 mm | SDD= 691.050 mm | M= 1.216 | incident=3.1588°
[[  24.61468    -567.6268      -20.002811  ]
 [   3.6343803   122.217316     14.997189  ]
 [   0.1493967     0.00779653    0.        ]
 [   0.            0.            0.1496    ]]
Residual vector length: 84, Jacobian shape: (84, 6)
view   0 | SOD= 568.521 mm | SDD= 691.050 mm | M= 1.216 | incident=3.1588°
[[  24.741182   -567.6305      -20.003368  ]
 [   3.6068757   122.20888      14.996632  ]
 [   0.14939496    0.00782988    0.        ]
 [   0.            0.            0.1496    ]]

iter 10 cost=0.541829 -> 0.543803 |dtheta|=1.592402e-02  lambda=3.810e-05

============================================================
Iteration 11
============================================================
Theta offsets (Unity frame):
  Source   : dSx=   0.000, dSy=   0.000, dSz=   0.000  (mm)
  Object   : dOx=  -6.999, dOy=  -2.003, dOz=  -7.853  (mm)
  Object offset: offset_x=  -0.000, offset_z=  -0.009  (mm)
  Detector : dDx=   0.000, dDy=   0.000, dDz=   0.000  (mm)
  Obj Stage rotY :    2.987 deg
============================================================

Unity geometry (world coordinates):
  Source   : x=  -5.000, y=  38.000, z=   0.000
  Object   : x=   0.001, y=  17.997, z= 568.147
  Detector : x=  10.000, y=   3.000, z= 690.000
  Obj rotY :   0.0000 deg
view   0 | SOD= 568.512 mm | SDD= 691.050 mm | M= 1.216 | incident=3.1588°
[[  24.61468    -567.6268      -20.002811  ]
 [   3.6343803   122.217316     14.997189  ]
 [   0.1493967     0.00779653    0.        ]
 [   0.            0.            0.1496    ]]
Residual vector length: 84, Jacobian shape: (84, 6)
view   0 | SOD= 568.521 mm | SDD= 691.050 mm | M= 1.216 | incident=3.1588°
[[  24.74118    -567.6305      -20.003368  ]
 [   3.6068757   122.20888      14.996632  ]
 [   0.14939496    0.00782988    0.        ]
 [   0.            0.            0.1496    ]]

iter 11 cost=0.541829 -> 0.543803 |dtheta|=1.592399e-02  lambda=1.905e-04

============================================================
Iteration 12
============================================================
Theta offsets (Unity frame):
  Source   : dSx=   0.000, dSy=   0.000, dSz=   0.000  (mm)
  Object   : dOx=  -6.999, dOy=  -2.003, dOz=  -7.853  (mm)
  Object offset: offset_x=  -0.000, offset_z=  -0.009  (mm)
  Detector : dDx=   0.000, dDy=   0.000, dDz=   0.000  (mm)
  Obj Stage rotY :    2.987 deg
============================================================

Unity geometry (world coordinates):
  Source   : x=  -5.000, y=  38.000, z=   0.000
  Object   : x=   0.001, y=  17.997, z= 568.147
  Detector : x=  10.000, y=   3.000, z= 690.000
  Obj rotY :   0.0000 deg
view   0 | SOD= 568.512 mm | SDD= 691.050 mm | M= 1.216 | incident=3.1588°
[[  24.61468    -567.6268      -20.002811  ]
 [   3.6343803   122.217316     14.997189  ]
 [   0.1493967     0.00779653    0.        ]
 [   0.            0.            0.1496    ]]
Residual vector length: 84, Jacobian shape: (84, 6)
view   0 | SOD= 568.521 mm | SDD= 691.050 mm | M= 1.216 | incident=3.1588°
[[  24.74118    -567.6305      -20.003368  ]
 [   3.606876    122.20888      14.996632  ]
 [   0.14939496    0.00782988    0.        ]
 [   0.            0.            0.1496    ]]

iter 12 cost=0.541829 -> 0.543803 |dtheta|=1.592383e-02  lambda=9.526e-04

============================================================
Iteration 13
============================================================
Theta offsets (Unity frame):
  Source   : dSx=   0.000, dSy=   0.000, dSz=   0.000  (mm)
  Object   : dOx=  -6.999, dOy=  -2.003, dOz=  -7.853  (mm)
  Object offset: offset_x=  -0.000, offset_z=  -0.009  (mm)
  Detector : dDx=   0.000, dDy=   0.000, dDz=   0.000  (mm)
  Obj Stage rotY :    2.987 deg
============================================================

Unity geometry (world coordinates):
  Source   : x=  -5.000, y=  38.000, z=   0.000
  Object   : x=   0.001, y=  17.997, z= 568.147
  Detector : x=  10.000, y=   3.000, z= 690.000
  Obj rotY :   0.0000 deg
view   0 | SOD= 568.512 mm | SDD= 691.050 mm | M= 1.216 | incident=3.1588°
[[  24.61468    -567.6268      -20.002811  ]
 [   3.6343803   122.217316     14.997189  ]
 [   0.1493967     0.00779653    0.        ]
 [   0.            0.            0.1496    ]]
Residual vector length: 84, Jacobian shape: (84, 6)
view   0 | SOD= 568.521 mm | SDD= 691.050 mm | M= 1.216 | incident=3.1588°
[[  24.741177   -567.6305      -20.003368  ]
 [   3.6068766   122.20888      14.996632  ]
 [   0.14939496    0.00782988    0.        ]
 [   0.            0.            0.1496    ]]

iter 13 cost=0.541829 -> 0.543803 |dtheta|=1.592303e-02  lambda=4.763e-03

============================================================
Iteration 14
============================================================
Theta offsets (Unity frame):
  Source   : dSx=   0.000, dSy=   0.000, dSz=   0.000  (mm)
  Object   : dOx=  -6.999, dOy=  -2.003, dOz=  -7.853  (mm)
  Object offset: offset_x=  -0.000, offset_z=  -0.009  (mm)
  Detector : dDx=   0.000, dDy=   0.000, dDz=   0.000  (mm)
  Obj Stage rotY :    2.987 deg
============================================================

Unity geometry (world coordinates):
  Source   : x=  -5.000, y=  38.000, z=   0.000
  Object   : x=   0.001, y=  17.997, z= 568.147
  Detector : x=  10.000, y=   3.000, z= 690.000
  Obj rotY :   0.0000 deg
view   0 | SOD= 568.512 mm | SDD= 691.050 mm | M= 1.216 | incident=3.1588°
[[  24.61468    -567.6268      -20.002811  ]
 [   3.6343803   122.217316     14.997189  ]
 [   0.1493967     0.00779653    0.        ]
 [   0.            0.            0.1496    ]]
Residual vector length: 84, Jacobian shape: (84, 6)
view   0 | SOD= 568.521 mm | SDD= 691.050 mm | M= 1.216 | incident=3.1588°
[[  24.74116    -567.6305      -20.003368  ]
 [   3.6068802   122.20888      14.996632  ]
 [   0.14939496    0.00782987    0.        ]
 [   0.            0.            0.1496    ]]

iter 14 cost=0.541829 -> 0.543803 |dtheta|=1.591902e-02  lambda=2.381e-02

============================================================
Iteration 15
============================================================
Theta offsets (Unity frame):
  Source   : dSx=   0.000, dSy=   0.000, dSz=   0.000  (mm)
  Object   : dOx=  -6.999, dOy=  -2.003, dOz=  -7.853  (mm)
  Object offset: offset_x=  -0.000, offset_z=  -0.009  (mm)
  Detector : dDx=   0.000, dDy=   0.000, dDz=   0.000  (mm)
  Obj Stage rotY :    2.987 deg
============================================================

Unity geometry (world coordinates):
  Source   : x=  -5.000, y=  38.000, z=   0.000
  Object   : x=   0.001, y=  17.997, z= 568.147
  Detector : x=  10.000, y=   3.000, z= 690.000
  Obj rotY :   0.0000 deg
view   0 | SOD= 568.512 mm | SDD= 691.050 mm | M= 1.216 | incident=3.1588°
[[  24.61468    -567.6268      -20.002811  ]
 [   3.6343803   122.217316     14.997189  ]
 [   0.1493967     0.00779653    0.        ]
 [   0.            0.            0.1496    ]]
Residual vector length: 84, Jacobian shape: (84, 6)
view   0 | SOD= 568.521 mm | SDD= 691.050 mm | M= 1.216 | incident=3.1588°
[[  24.741074   -567.63043     -20.003366  ]
 [   3.6068938   122.20894      14.996634  ]
 [   0.14939496    0.00782985    0.        ]
 [   0.            0.            0.1496    ]]

iter 15 cost=0.541829 -> 0.543803 |dtheta|=1.589904e-02  lambda=1.191e-01

============================================================
Iteration 16
============================================================
Theta offsets (Unity frame):
  Source   : dSx=   0.000, dSy=   0.000, dSz=   0.000  (mm)
  Object   : dOx=  -6.999, dOy=  -2.003, dOz=  -7.853  (mm)
  Object offset: offset_x=  -0.000, offset_z=  -0.009  (mm)
  Detector : dDx=   0.000, dDy=   0.000, dDz=   0.000  (mm)
  Obj Stage rotY :    2.987 deg
============================================================

Unity geometry (world coordinates):
  Source   : x=  -5.000, y=  38.000, z=   0.000
  Object   : x=   0.001, y=  17.997, z= 568.147
  Detector : x=  10.000, y=   3.000, z= 690.000
  Obj rotY :   0.0000 deg
view   0 | SOD= 568.512 mm | SDD= 691.050 mm | M= 1.216 | incident=3.1588°
[[  24.61468    -567.6268      -20.002811  ]
 [   3.6343803   122.217316     14.997189  ]
 [   0.1493967     0.00779653    0.        ]
 [   0.            0.            0.1496    ]]
Residual vector length: 84, Jacobian shape: (84, 6)
view   0 | SOD= 568.521 mm | SDD= 691.050 mm | M= 1.216 | incident=3.1588°
[[  24.740652   -567.6303      -20.00336   ]
 [   3.6069734   122.20906      14.996639  ]
 [   0.14939496    0.00782974    0.        ]
 [   0.            0.            0.1496    ]]

iter 16 cost=0.541829 -> 0.543803 |dtheta|=1.580040e-02  lambda=5.954e-01

============================================================
Iteration 17
============================================================
Theta offsets (Unity frame):
  Source   : dSx=   0.000, dSy=   0.000, dSz=   0.000  (mm)
  Object   : dOx=  -6.999, dOy=  -2.003, dOz=  -7.853  (mm)
  Object offset: offset_x=  -0.000, offset_z=  -0.009  (mm)
  Detector : dDx=   0.000, dDy=   0.000, dDz=   0.000  (mm)
  Obj Stage rotY :    2.987 deg
============================================================

Unity geometry (world coordinates):
  Source   : x=  -5.000, y=  38.000, z=   0.000
  Object   : x=   0.001, y=  17.997, z= 568.147
  Detector : x=  10.000, y=   3.000, z= 690.000
  Obj rotY :   0.0000 deg
view   0 | SOD= 568.512 mm | SDD= 691.050 mm | M= 1.216 | incident=3.1588°
[[  24.61468    -567.6268      -20.002811  ]
 [   3.6343803   122.217316     14.997189  ]
 [   0.1493967     0.00779653    0.        ]
 [   0.            0.            0.1496    ]]
Residual vector length: 84, Jacobian shape: (84, 6)
view   0 | SOD= 568.521 mm | SDD= 691.050 mm | M= 1.216 | incident=3.1588°
[[  24.738598   -567.62994     -20.003336  ]
 [   3.6073658   122.20953      14.996664  ]
 [   0.14939499    0.00782921    0.        ]
 [   0.            0.            0.1496    ]]

iter 17 cost=0.541829 -> 0.531483 |dtheta|=1.533589e-02  lambda=2.977e+00

============================================================
Iteration 18
============================================================
Theta offsets (Unity frame):
  Source   : dSx=   0.000, dSy=   0.000, dSz=   0.000  (mm)
  Object   : dOx=  -6.999, dOy=  -2.003, dOz=  -7.844  (mm)
  Object offset: offset_x=   0.001, offset_z=  -0.009  (mm)
  Detector : dDx=   0.000, dDy=   0.000, dDz=   0.000  (mm)
  Obj Stage rotY :    3.000 deg
============================================================

Unity geometry (world coordinates):
  Source   : x=  -5.000, y=  38.000, z=   0.000
  Object   : x=   0.001, y=  17.997, z= 568.156
  Detector : x=  10.000, y=   3.000, z= 690.000
  Obj rotY :   0.0000 deg
view   0 | SOD= 568.521 mm | SDD= 691.050 mm | M= 1.216 | incident=3.1588°
[[  24.738598   -567.62994     -20.003336  ]
 [   3.6073658   122.20953      14.996664  ]
 [   0.14939499    0.00782921    0.        ]
 [   0.            0.            0.1496    ]]
Residual vector length: 84, Jacobian shape: (84, 6)
view   0 | SOD= 568.492 mm | SDD= 691.050 mm | M= 1.216 | incident=3.1588°
[[  24.683718   -567.60333     -20.001635  ]
 [   3.614372    122.23804      14.998365  ]
 [   0.14939569    0.00781581    0.        ]
 [   0.            0.            0.1496    ]]

iter 18 cost=0.531483 -> 0.505361 |dtheta|=2.814696e-02  lambda=9.923e-01

============================================================
Iteration 19
============================================================
Theta offsets (Unity frame):
  Source   : dSx=   0.000, dSy=   0.000, dSz=   0.000  (mm)
  Object   : dOx=  -7.000, dOy=  -2.002, dOz=  -7.871  (mm)
  Object offset: offset_x=   0.004, offset_z=  -0.011  (mm)
  Detector : dDx=   0.000, dDy=   0.000, dDz=   0.000  (mm)
  Obj Stage rotY :    2.995 deg
============================================================

Unity geometry (world coordinates):
  Source   : x=  -5.000, y=  38.000, z=   0.000
  Object   : x=   0.000, y=  17.998, z= 568.129
  Detector : x=  10.000, y=   3.000, z= 690.000
  Obj rotY :   0.0000 deg
view   0 | SOD= 568.492 mm | SDD= 691.050 mm | M= 1.216 | incident=3.1588°
[[  24.683718   -567.60333     -20.001635  ]
 [   3.614372    122.23804      14.998365  ]
 [   0.14939569    0.00781581    0.        ]
 [   0.            0.            0.1496    ]]
Residual vector length: 84, Jacobian shape: (84, 6)
view   0 | SOD= 568.464 mm | SDD= 691.050 mm | M= 1.216 | incident=3.1588°
[[  24.660173   -567.5764      -20.001572  ]
 [   3.6249354   122.26596      14.998428  ]
 [   0.14939608    0.00780842    0.        ]
 [   0.            0.            0.1496    ]]

iter 19 cost=0.505361 -> 0.476261 |dtheta|=2.935103e-02  lambda=3.308e-01

============================================================
Iteration 20
============================================================
Theta offsets (Unity frame):
  Source   : dSx=   0.000, dSy=   0.000, dSz=   0.000  (mm)
  Object   : dOx=  -7.001, dOy=  -2.002, dOz=  -7.900  (mm)
  Object offset: offset_x=  -0.001, offset_z=  -0.010  (mm)
  Detector : dDx=   0.000, dDy=   0.000, dDz=   0.000  (mm)
  Obj Stage rotY :    2.992 deg
============================================================

Unity geometry (world coordinates):
  Source   : x=  -5.000, y=  38.000, z=   0.000
  Object   : x=  -0.001, y=  17.998, z= 568.100
  Detector : x=  10.000, y=   3.000, z= 690.000
  Obj rotY :   0.0000 deg
view   0 | SOD= 568.464 mm | SDD= 691.050 mm | M= 1.216 | incident=3.1588°
[[  24.660173   -567.5764      -20.001572  ]
 [   3.6249354   122.26596      14.998428  ]
 [   0.14939608    0.00780842    0.        ]
 [   0.            0.            0.1496    ]]
Residual vector length: 84, Jacobian shape: (84, 6)
view   0 | SOD= 568.468 mm | SDD= 691.050 mm | M= 1.216 | incident=3.1588°
[[  24.70015   -567.579      -20.001558 ]
 [   3.6128552  122.26181     14.998442 ]
 [   0.1493955    0.0078197    0.       ]
 [   0.           0.           0.1496   ]]

iter 20 cost=0.476261 -> 0.505326 |dtheta|=7.443501e-03  lambda=1.103e-01

============================================================
Iteration 21
============================================================
Theta offsets (Unity frame):
  Source   : dSx=   0.000, dSy=   0.000, dSz=   0.000  (mm)
  Object   : dOx=  -7.001, dOy=  -2.002, dOz=  -7.900  (mm)
  Object offset: offset_x=  -0.001, offset_z=  -0.010  (mm)
  Detector : dDx=   0.000, dDy=   0.000, dDz=   0.000  (mm)
  Obj Stage rotY :    2.992 deg
============================================================

Unity geometry (world coordinates):
  Source   : x=  -5.000, y=  38.000, z=   0.000
  Object   : x=  -0.001, y=  17.998, z= 568.100
  Detector : x=  10.000, y=   3.000, z= 690.000
  Obj rotY :   0.0000 deg
view   0 | SOD= 568.464 mm | SDD= 691.050 mm | M= 1.216 | incident=3.1588°
[[  24.660173   -567.5764      -20.001572  ]
 [   3.6249354   122.26596      14.998428  ]
 [   0.14939608    0.00780842    0.        ]
 [   0.            0.            0.1496    ]]
Residual vector length: 84, Jacobian shape: (84, 6)
view   0 | SOD= 568.468 mm | SDD= 691.050 mm | M= 1.216 | incident=3.1588°
[[  24.70005    -567.5789      -20.001556  ]
 [   3.6128764   122.26186      14.998444  ]
 [   0.1493955     0.00781967    0.        ]
 [   0.            0.            0.1496    ]]

iter 21 cost=0.476261 -> 0.505326 |dtheta|=7.396738e-03  lambda=5.513e-01

============================================================
Iteration 22
============================================================
Theta offsets (Unity frame):
  Source   : dSx=   0.000, dSy=   0.000, dSz=   0.000  (mm)
  Object   : dOx=  -7.001, dOy=  -2.002, dOz=  -7.900  (mm)
  Object offset: offset_x=  -0.001, offset_z=  -0.010  (mm)
  Detector : dDx=   0.000, dDy=   0.000, dDz=   0.000  (mm)
  Obj Stage rotY :    2.992 deg
============================================================

Unity geometry (world coordinates):
  Source   : x=  -5.000, y=  38.000, z=   0.000
  Object   : x=  -0.001, y=  17.998, z= 568.100
  Detector : x=  10.000, y=   3.000, z= 690.000
  Obj rotY :   0.0000 deg
view   0 | SOD= 568.464 mm | SDD= 691.050 mm | M= 1.216 | incident=3.1588°
[[  24.660173   -567.5764      -20.001572  ]
 [   3.6249354   122.26596      14.998428  ]
 [   0.14939608    0.00780842    0.        ]
 [   0.            0.            0.1496    ]]
Residual vector length: 84, Jacobian shape: (84, 6)
view   0 | SOD= 568.468 mm | SDD= 691.050 mm | M= 1.216 | incident=3.1588°
[[  24.699566   -567.57874     -20.001541  ]
 [   3.612987    122.26211      14.998459  ]
 [   0.1493955     0.00781954    0.        ]
 [   0.            0.            0.1496    ]]

iter 22 cost=0.476261 -> 0.505326 |dtheta|=7.176379e-03  lambda=2.756e+00

============================================================
Iteration 23
============================================================
Theta offsets (Unity frame):
  Source   : dSx=   0.000, dSy=   0.000, dSz=   0.000  (mm)
  Object   : dOx=  -7.001, dOy=  -2.002, dOz=  -7.900  (mm)
  Object offset: offset_x=  -0.001, offset_z=  -0.010  (mm)
  Detector : dDx=   0.000, dDy=   0.000, dDz=   0.000  (mm)
  Obj Stage rotY :    2.992 deg
============================================================

Unity geometry (world coordinates):
  Source   : x=  -5.000, y=  38.000, z=   0.000
  Object   : x=  -0.001, y=  17.998, z= 568.100
  Detector : x=  10.000, y=   3.000, z= 690.000
  Obj rotY :   0.0000 deg
view   0 | SOD= 568.464 mm | SDD= 691.050 mm | M= 1.216 | incident=3.1588°
[[  24.660173   -567.5764      -20.001572  ]
 [   3.6249354   122.26596      14.998428  ]
 [   0.14939608    0.00780842    0.        ]
 [   0.            0.            0.1496    ]]
Residual vector length: 84, Jacobian shape: (84, 6)
view   0 | SOD= 568.467 mm | SDD= 691.050 mm | M= 1.216 | incident=3.1588°
[[  24.697372   -567.57776     -20.00149   ]
 [   3.613489    122.26314      14.99851   ]
 [   0.14939553    0.00781896    0.        ]
 [   0.            0.            0.1496    ]]

iter 23 cost=0.476261 -> 0.504195 |dtheta|=6.328761e-03  lambda=1.378e+01

============================================================
Iteration 24
============================================================
Theta offsets (Unity frame):
  Source   : dSx=   0.000, dSy=   0.000, dSz=   0.000  (mm)
  Object   : dOx=  -7.001, dOy=  -2.002, dOz=  -7.900  (mm)
  Object offset: offset_x=  -0.001, offset_z=  -0.010  (mm)
  Detector : dDx=   0.000, dDy=   0.000, dDz=   0.000  (mm)
  Obj Stage rotY :    2.992 deg
============================================================

Unity geometry (world coordinates):
  Source   : x=  -5.000, y=  38.000, z=   0.000
  Object   : x=  -0.001, y=  17.998, z= 568.100
  Detector : x=  10.000, y=   3.000, z= 690.000
  Obj rotY :   0.0000 deg
view   0 | SOD= 568.464 mm | SDD= 691.050 mm | M= 1.216 | incident=3.1588°
[[  24.660173   -567.5764      -20.001572  ]
 [   3.6249354   122.26596      14.998428  ]
 [   0.14939608    0.00780842    0.        ]
 [   0.            0.            0.1496    ]]
Residual vector length: 84, Jacobian shape: (84, 6)
view   0 | SOD= 568.465 mm | SDD= 691.050 mm | M= 1.216 | incident=3.1588°
[[  24.689596   -567.5762      -20.001402  ]
 [   3.6153255   122.265045     14.998598  ]
 [   0.14939563    0.00781688    0.        ]
 [   0.            0.            0.1496    ]]

iter 24 cost=0.476261 -> 0.492829 |dtheta|=4.502416e-03  lambda=6.891e+01

============================================================
Iteration 25
============================================================
Theta offsets (Unity frame):
  Source   : dSx=   0.000, dSy=   0.000, dSz=   0.000  (mm)
  Object   : dOx=  -7.001, dOy=  -2.002, dOz=  -7.900  (mm)
  Object offset: offset_x=  -0.001, offset_z=  -0.010  (mm)
  Detector : dDx=   0.000, dDy=   0.000, dDz=   0.000  (mm)
  Obj Stage rotY :    2.992 deg
============================================================

Unity geometry (world coordinates):
  Source   : x=  -5.000, y=  38.000, z=   0.000
  Object   : x=  -0.001, y=  17.998, z= 568.100
  Detector : x=  10.000, y=   3.000, z= 690.000
  Obj rotY :   0.0000 deg
view   0 | SOD= 568.464 mm | SDD= 691.050 mm | M= 1.216 | incident=3.1588°
[[  24.660173   -567.5764      -20.001572  ]
 [   3.6249354   122.26596      14.998428  ]
 [   0.14939608    0.00780842    0.        ]
 [   0.            0.            0.1496    ]]
Residual vector length: 84, Jacobian shape: (84, 6)
view   0 | SOD= 568.464 mm | SDD= 691.050 mm | M= 1.216 | incident=3.1588°
[[  24.674229   -567.5755      -20.001425  ]
 [   3.6192064   122.26626      14.998575  ]
 [   0.14939585    0.00781271    0.        ]
 [   0.            0.            0.1496    ]]

iter 25 cost=0.476261 -> 0.482672 |dtheta|=2.520193e-03  lambda=3.445e+02

============================================================
Iteration 26
============================================================
Theta offsets (Unity frame):
  Source   : dSx=   0.000, dSy=   0.000, dSz=   0.000  (mm)
  Object   : dOx=  -7.001, dOy=  -2.002, dOz=  -7.900  (mm)
  Object offset: offset_x=  -0.001, offset_z=  -0.010  (mm)
  Detector : dDx=   0.000, dDy=   0.000, dDz=   0.000  (mm)
  Obj Stage rotY :    2.992 deg
============================================================

Unity geometry (world coordinates):
  Source   : x=  -5.000, y=  38.000, z=   0.000
  Object   : x=  -0.001, y=  17.998, z= 568.100
  Detector : x=  10.000, y=   3.000, z= 690.000
  Obj rotY :   0.0000 deg
view   0 | SOD= 568.464 mm | SDD= 691.050 mm | M= 1.216 | incident=3.1588°
[[  24.660173   -567.5764      -20.001572  ]
 [   3.6249354   122.26596      14.998428  ]
 [   0.14939608    0.00780842    0.        ]
 [   0.            0.            0.1496    ]]
Residual vector length: 84, Jacobian shape: (84, 6)
view   0 | SOD= 568.464 mm | SDD= 691.050 mm | M= 1.216 | incident=3.1588°
[[  24.663338   -567.5759      -20.00155   ]
 [   3.6227028   122.26629      14.998449  ]
 [   0.14939602    0.00780959    0.        ]
 [   0.            0.            0.1496    ]]

iter 26 cost=0.476261 -> 0.475689 |dtheta|=1.100724e-03  lambda=1.723e+03

============================================================
Iteration 27
============================================================
Theta offsets (Unity frame):
  Source   : dSx=   0.000, dSy=   0.000, dSz=   0.000  (mm)
  Object   : dOx=  -7.000, dOy=  -2.002, dOz=  -7.900  (mm)
  Object offset: offset_x=  -0.000, offset_z=  -0.011  (mm)
  Detector : dDx=   0.000, dDy=   0.000, dDz=   0.000  (mm)
  Obj Stage rotY :    2.992 deg
============================================================

Unity geometry (world coordinates):
  Source   : x=  -5.000, y=  38.000, z=   0.000
  Object   : x=  -0.000, y=  17.998, z= 568.100
  Detector : x=  10.000, y=   3.000, z= 690.000
  Obj rotY :   0.0000 deg
view   0 | SOD= 568.464 mm | SDD= 691.050 mm | M= 1.216 | incident=3.1588°
[[  24.663338   -567.5759      -20.00155   ]
 [   3.6227028   122.26629      14.998449  ]
 [   0.14939602    0.00780959    0.        ]
 [   0.            0.            0.1496    ]]
Residual vector length: 84, Jacobian shape: (84, 6)
view   0 | SOD= 568.463 mm | SDD= 691.050 mm | M= 1.216 | incident=3.1588°
[[  24.664274   -567.57526     -20.001646  ]
 [   3.62193     122.266884     14.998354  ]
 [   0.149396      0.00780996    0.        ]
 [   0.            0.            0.1496    ]]

iter 27 cost=0.475689 -> 0.459593 |dtheta|=1.608588e-03  lambda=5.742e+02

============================================================
Iteration 28
============================================================
Theta offsets (Unity frame):
  Source   : dSx=   0.000, dSy=   0.000, dSz=   0.000  (mm)
  Object   : dOx=  -7.000, dOy=  -2.002, dOz=  -7.901  (mm)
  Object offset: offset_x=  -0.000, offset_z=  -0.010  (mm)
  Detector : dDx=   0.000, dDy=   0.000, dDz=   0.000  (mm)
  Obj Stage rotY :    2.993 deg
============================================================

Unity geometry (world coordinates):
  Source   : x=  -5.000, y=  38.000, z=   0.000
  Object   : x=   0.000, y=  17.998, z= 568.099
  Detector : x=  10.000, y=   3.000, z= 690.000
  Obj rotY :   0.0000 deg
view   0 | SOD= 568.463 mm | SDD= 691.050 mm | M= 1.216 | incident=3.1588°
[[  24.664274   -567.57526     -20.001646  ]
 [   3.62193     122.266884     14.998354  ]
 [   0.149396      0.00780996    0.        ]
 [   0.            0.            0.1496    ]]
Residual vector length: 84, Jacobian shape: (84, 6)
view   0 | SOD= 568.453 mm | SDD= 691.050 mm | M= 1.216 | incident=3.1588°
[[  24.682693   -567.56494     -20.001326  ]
 [   3.6165435   122.27648      14.998674  ]
 [   0.14939573    0.00781512    0.        ]
 [   0.            0.            0.1496    ]]

iter 28 cost=0.459593 -> 0.457144 |dtheta|=9.837233e-03  lambda=1.914e+02

============================================================
Iteration 29
============================================================
Theta offsets (Unity frame):
  Source   : dSx=   0.000, dSy=   0.000, dSz=   0.000  (mm)
  Object   : dOx=  -6.998, dOy=  -2.001, dOz=  -7.911  (mm)
  Object offset: offset_x=  -0.001, offset_z=  -0.010  (mm)
  Detector : dDx=   0.000, dDy=   0.000, dDz=   0.000  (mm)
  Obj Stage rotY :    2.995 deg
============================================================

Unity geometry (world coordinates):
  Source   : x=  -5.000, y=  38.000, z=   0.000
  Object   : x=   0.002, y=  17.999, z= 568.089
  Detector : x=  10.000, y=   3.000, z= 690.000
  Obj rotY :   0.0000 deg
view   0 | SOD= 568.453 mm | SDD= 691.050 mm | M= 1.216 | incident=3.1588°
[[  24.682693   -567.56494     -20.001326  ]
 [   3.6165435   122.27648      14.998674  ]
 [   0.14939573    0.00781512    0.        ]
 [   0.            0.            0.1496    ]]
Residual vector length: 84, Jacobian shape: (84, 6)
view   0 | SOD= 568.449 mm | SDD= 691.050 mm | M= 1.216 | incident=3.1588°
[[  24.696514   -567.56006     -20.001656  ]
 [   3.6121898   122.28086      14.998344  ]
 [   0.14939553    0.00781905    0.        ]
 [   0.            0.            0.1496    ]]

iter 29 cost=0.457144 -> 0.459398 |dtheta|=4.794212e-03  lambda=6.380e+01

============================================================
Iteration 30
============================================================
Theta offsets (Unity frame):
  Source   : dSx=   0.000, dSy=   0.000, dSz=   0.000  (mm)
  Object   : dOx=  -6.998, dOy=  -2.001, dOz=  -7.911  (mm)
  Object offset: offset_x=  -0.001, offset_z=  -0.010  (mm)
  Detector : dDx=   0.000, dDy=   0.000, dDz=   0.000  (mm)
  Obj Stage rotY :    2.995 deg
============================================================

Unity geometry (world coordinates):
  Source   : x=  -5.000, y=  38.000, z=   0.000
  Object   : x=   0.002, y=  17.999, z= 568.089
  Detector : x=  10.000, y=   3.000, z= 690.000
  Obj rotY :   0.0000 deg
view   0 | SOD= 568.453 mm | SDD= 691.050 mm | M= 1.216 | incident=3.1588°
[[  24.682693   -567.56494     -20.001326  ]
 [   3.6165435   122.27648      14.998674  ]
 [   0.14939573    0.00781512    0.        ]
 [   0.            0.            0.1496    ]]
Residual vector length: 84, Jacobian shape: (84, 6)
view   0 | SOD= 568.452 mm | SDD= 691.050 mm | M= 1.216 | incident=3.1588°
[[  24.689892   -567.56366     -20.001678  ]
 [   3.6139328   122.277466     14.998322  ]
 [   0.14939561    0.00781724    0.        ]
 [   0.            0.            0.1496    ]]

iter 30 cost=0.457144 -> 0.452097 |dtheta|=1.661505e-03  lambda=3.190e+02

============================================================
Iteration 31
============================================================
Theta offsets (Unity frame):
  Source   : dSx=   0.000, dSy=   0.000, dSz=   0.000  (mm)
  Object   : dOx=  -6.998, dOy=  -2.002, dOz=  -7.912  (mm)
  Object offset: offset_x=  -0.001, offset_z=  -0.010  (mm)
  Detector : dDx=   0.000, dDy=   0.000, dDz=   0.000  (mm)
  Obj Stage rotY :    2.995 deg
============================================================

Unity geometry (world coordinates):
  Source   : x=  -5.000, y=  38.000, z=   0.000
  Object   : x=   0.002, y=  17.998, z= 568.088
  Detector : x=  10.000, y=   3.000, z= 690.000
  Obj rotY :   0.0000 deg
view   0 | SOD= 568.452 mm | SDD= 691.050 mm | M= 1.216 | incident=3.1588°
[[  24.689892   -567.56366     -20.001678  ]
 [   3.6139328   122.277466     14.998322  ]
 [   0.14939561    0.00781724    0.        ]
 [   0.            0.            0.1496    ]]
Residual vector length: 84, Jacobian shape: (84, 6)
view   0 | SOD= 568.453 mm | SDD= 691.050 mm | M= 1.216 | incident=3.1588°
[[  24.66686    -567.56476     -20.00195   ]
 [   3.6199002   122.2773       14.998051  ]
 [   0.14939594    0.00781096    0.        ]
 [   0.            0.            0.1496    ]]

iter 31 cost=0.452097 -> 0.426146 |dtheta|=3.693874e-03  lambda=1.063e+02

============================================================
Iteration 32
============================================================
Theta offsets (Unity frame):
  Source   : dSx=   0.000, dSy=   0.000, dSz=   0.000  (mm)
  Object   : dOx=  -6.997, dOy=  -2.002, dOz=  -7.914  (mm)
  Object offset: offset_x=  -0.002, offset_z=  -0.008  (mm)
  Detector : dDx=   0.000, dDy=   0.000, dDz=   0.000  (mm)
  Obj Stage rotY :    2.993 deg
============================================================

Unity geometry (world coordinates):
  Source   : x=  -5.000, y=  38.000, z=   0.000
  Object   : x=   0.003, y=  17.998, z= 568.086
  Detector : x=  10.000, y=   3.000, z= 690.000
  Obj rotY :   0.0000 deg
view   0 | SOD= 568.453 mm | SDD= 691.050 mm | M= 1.216 | incident=3.1588°
[[  24.66686    -567.56476     -20.00195   ]
 [   3.6199002   122.2773       14.998051  ]
 [   0.14939594    0.00781096    0.        ]
 [   0.            0.            0.1496    ]]
Residual vector length: 84, Jacobian shape: (84, 6)
view   0 | SOD= 568.453 mm | SDD= 691.050 mm | M= 1.216 | incident=3.1588°
[[  24.70528    -567.56354     -20.002453  ]
 [   3.6098723   122.276985     14.997547  ]
 [   0.14939539    0.00782145    0.        ]
 [   0.            0.            0.1496    ]]

iter 32 cost=0.426146 -> 0.471948 |dtheta|=4.259577e-03  lambda=3.545e+01

============================================================
Iteration 33
============================================================
Theta offsets (Unity frame):
  Source   : dSx=   0.000, dSy=   0.000, dSz=   0.000  (mm)
  Object   : dOx=  -6.997, dOy=  -2.002, dOz=  -7.914  (mm)
  Object offset: offset_x=  -0.002, offset_z=  -0.008  (mm)
  Detector : dDx=   0.000, dDy=   0.000, dDz=   0.000  (mm)
  Obj Stage rotY :    2.993 deg
============================================================

Unity geometry (world coordinates):
  Source   : x=  -5.000, y=  38.000, z=   0.000
  Object   : x=   0.003, y=  17.998, z= 568.086
  Detector : x=  10.000, y=   3.000, z= 690.000
  Obj rotY :   0.0000 deg
view   0 | SOD= 568.453 mm | SDD= 691.050 mm | M= 1.216 | incident=3.1588°
[[  24.66686    -567.56476     -20.00195   ]
 [   3.6199002   122.2773       14.998051  ]
 [   0.14939594    0.00781096    0.        ]
 [   0.            0.            0.1496    ]]
Residual vector length: 84, Jacobian shape: (84, 6)
view   0 | SOD= 568.453 mm | SDD= 691.050 mm | M= 1.216 | incident=3.1588°
[[  24.688828   -567.5643      -20.002481  ]
 [   3.613763    122.27689      14.997519  ]
 [   0.14939563    0.00781705    0.        ]
 [   0.            0.            0.1496    ]]

iter 33 cost=0.426146 -> 0.484580 |dtheta|=2.652228e-03  lambda=1.772e+02

============================================================
Iteration 34
============================================================
Theta offsets (Unity frame):
  Source   : dSx=   0.000, dSy=   0.000, dSz=   0.000  (mm)
  Object   : dOx=  -6.997, dOy=  -2.002, dOz=  -7.914  (mm)
  Object offset: offset_x=  -0.002, offset_z=  -0.008  (mm)
  Detector : dDx=   0.000, dDy=   0.000, dDz=   0.000  (mm)
  Obj Stage rotY :    2.993 deg
============================================================

Unity geometry (world coordinates):
  Source   : x=  -5.000, y=  38.000, z=   0.000
  Object   : x=   0.003, y=  17.998, z= 568.086
  Detector : x=  10.000, y=   3.000, z= 690.000
  Obj rotY :   0.0000 deg
view   0 | SOD= 568.453 mm | SDD= 691.050 mm | M= 1.216 | incident=3.1588°
[[  24.66686    -567.56476     -20.00195   ]
 [   3.6199002   122.2773       14.998051  ]
 [   0.14939594    0.00781096    0.        ]
 [   0.            0.            0.1496    ]]
Residual vector length: 84, Jacobian shape: (84, 6)
view   0 | SOD= 568.453 mm | SDD= 691.050 mm | M= 1.216 | incident=3.1588°
[[  24.673788   -567.56476     -20.002417  ]
 [   3.6176088   122.27701      14.997583  ]
 [   0.14939584    0.00781296    0.        ]
 [   0.            0.            0.1496    ]]

iter 34 cost=0.426146 -> 0.484594 |dtheta|=1.146620e-03  lambda=8.862e+02

============================================================
Iteration 35
============================================================
Theta offsets (Unity frame):
  Source   : dSx=   0.000, dSy=   0.000, dSz=   0.000  (mm)
  Object   : dOx=  -6.997, dOy=  -2.002, dOz=  -7.914  (mm)
  Object offset: offset_x=  -0.002, offset_z=  -0.008  (mm)
  Detector : dDx=   0.000, dDy=   0.000, dDz=   0.000  (mm)
  Obj Stage rotY :    2.993 deg
============================================================

Unity geometry (world coordinates):
  Source   : x=  -5.000, y=  38.000, z=   0.000
  Object   : x=   0.003, y=  17.998, z= 568.086
  Detector : x=  10.000, y=   3.000, z= 690.000
  Obj rotY :   0.0000 deg
view   0 | SOD= 568.453 mm | SDD= 691.050 mm | M= 1.216 | incident=3.1588°
[[  24.66686    -567.56476     -20.00195   ]
 [   3.6199002   122.2773       14.998051  ]
 [   0.14939594    0.00781096    0.        ]
 [   0.            0.            0.1496    ]]
Residual vector length: 84, Jacobian shape: (84, 6)
view   0 | SOD= 568.453 mm | SDD= 691.050 mm | M= 1.216 | incident=3.1588°
[[  24.668423   -567.5647      -20.002192  ]
 [   3.6192954   122.27724      14.997808  ]
 [   0.14939593    0.00781143    0.        ]
 [   0.            0.            0.1496    ]]

iter 35 cost=0.426146 -> 0.451380 |dtheta|=3.937926e-04  lambda=4.431e+03

============================================================
Iteration 36
============================================================
Theta offsets (Unity frame):
  Source   : dSx=   0.000, dSy=   0.000, dSz=   0.000  (mm)
  Object   : dOx=  -6.997, dOy=  -2.002, dOz=  -7.914  (mm)
  Object offset: offset_x=  -0.002, offset_z=  -0.008  (mm)
  Detector : dDx=   0.000, dDy=   0.000, dDz=   0.000  (mm)
  Obj Stage rotY :    2.993 deg
============================================================

Unity geometry (world coordinates):
  Source   : x=  -5.000, y=  38.000, z=   0.000
  Object   : x=   0.003, y=  17.998, z= 568.086
  Detector : x=  10.000, y=   3.000, z= 690.000
  Obj rotY :   0.0000 deg
view   0 | SOD= 568.453 mm | SDD= 691.050 mm | M= 1.216 | incident=3.1588°
[[  24.66686    -567.56476     -20.00195   ]
 [   3.6199002   122.2773       14.998051  ]
 [   0.14939594    0.00781096    0.        ]
 [   0.            0.            0.1496    ]]
Residual vector length: 84, Jacobian shape: (84, 6)
view   0 | SOD= 568.452 mm | SDD= 691.050 mm | M= 1.216 | incident=3.1588°
[[  24.667183   -567.5647      -20.00202   ]
 [   3.6197681   122.2773       14.99798   ]
 [   0.14939594    0.00781106    0.        ]
 [   0.            0.            0.1496    ]]

iter 36 cost=0.426146 -> 0.426146 |dtheta|=1.000584e-04  lambda=2.215e+04

============================================================
Iteration 37
============================================================
Theta offsets (Unity frame):
  Source   : dSx=   0.000, dSy=   0.000, dSz=   0.000  (mm)
  Object   : dOx=  -6.997, dOy=  -2.002, dOz=  -7.914  (mm)
  Object offset: offset_x=  -0.002, offset_z=  -0.008  (mm)
  Detector : dDx=   0.000, dDy=   0.000, dDz=   0.000  (mm)
  Obj Stage rotY :    2.993 deg
============================================================

Unity geometry (world coordinates):
  Source   : x=  -5.000, y=  38.000, z=   0.000
  Object   : x=   0.003, y=  17.998, z= 568.086
  Detector : x=  10.000, y=   3.000, z= 690.000
  Obj rotY :   0.0000 deg
view   0 | SOD= 568.453 mm | SDD= 691.050 mm | M= 1.216 | incident=3.1588°
[[  24.66686    -567.56476     -20.00195   ]
 [   3.6199002   122.2773       14.998051  ]
 [   0.14939594    0.00781096    0.        ]
 [   0.            0.            0.1496    ]]
Residual vector length: 84, Jacobian shape: (84, 6)
view   0 | SOD= 568.453 mm | SDD= 691.050 mm | M= 1.216 | incident=3.1588°
[[  24.666925   -567.56476     -20.001965  ]
 [   3.6198733   122.2773       14.998035  ]
 [   0.14939594    0.00781098    0.        ]
 [   0.            0.            0.1496    ]]

iter 37 cost=0.426146 -> 0.426146 |dtheta|=2.133159e-05  lambda=1.108e+05

============================================================
Iteration 38
============================================================
Theta offsets (Unity frame):
  Source   : dSx=   0.000, dSy=   0.000, dSz=   0.000  (mm)
  Object   : dOx=  -6.997, dOy=  -2.002, dOz=  -7.914  (mm)
  Object offset: offset_x=  -0.002, offset_z=  -0.008  (mm)
  Detector : dDx=   0.000, dDy=   0.000, dDz=   0.000  (mm)
  Obj Stage rotY :    2.993 deg
============================================================

Unity geometry (world coordinates):
  Source   : x=  -5.000, y=  38.000, z=   0.000
  Object   : x=   0.003, y=  17.998, z= 568.086
  Detector : x=  10.000, y=   3.000, z= 690.000
  Obj rotY :   0.0000 deg
view   0 | SOD= 568.453 mm | SDD= 691.050 mm | M= 1.216 | incident=3.1588°
[[  24.66686    -567.56476     -20.00195   ]
 [   3.6199002   122.2773       14.998051  ]
 [   0.14939594    0.00781096    0.        ]
 [   0.            0.            0.1496    ]]
Residual vector length: 84, Jacobian shape: (84, 6)
view   0 | SOD= 568.453 mm | SDD= 691.050 mm | M= 1.216 | incident=3.1588°
[[  24.666872   -567.56476     -20.001953  ]
 [   3.619895    122.2773       14.998047  ]
 [   0.14939594    0.00781097    0.        ]
 [   0.            0.            0.1496    ]]

iter 38 cost=0.426146 -> 0.426146 |dtheta|=4.325189e-06  lambda=5.539e+05

============================================================
Iteration 39
============================================================
Theta offsets (Unity frame):
  Source   : dSx=   0.000, dSy=   0.000, dSz=   0.000  (mm)
  Object   : dOx=  -6.997, dOy=  -2.002, dOz=  -7.914  (mm)
  Object offset: offset_x=  -0.002, offset_z=  -0.008  (mm)
  Detector : dDx=   0.000, dDy=   0.000, dDz=   0.000  (mm)
  Obj Stage rotY :    2.993 deg
============================================================

Unity geometry (world coordinates):
  Source   : x=  -5.000, y=  38.000, z=   0.000
  Object   : x=   0.003, y=  17.998, z= 568.086
  Detector : x=  10.000, y=   3.000, z= 690.000
  Obj rotY :   0.0000 deg
view   0 | SOD= 568.453 mm | SDD= 691.050 mm | M= 1.216 | incident=3.1588°
[[  24.66686    -567.56476     -20.00195   ]
 [   3.6199002   122.2773       14.998051  ]
 [   0.14939594    0.00781096    0.        ]
 [   0.            0.            0.1496    ]]
Residual vector length: 84, Jacobian shape: (84, 6)
view   0 | SOD= 568.453 mm | SDD= 691.050 mm | M= 1.216 | incident=3.1588°
[[  24.666868   -567.56476     -20.001951  ]
 [   3.6198974   122.2773       14.998049  ]
 [   0.14939594    0.00781097    0.        ]
 [   0.            0.            0.1496    ]]

iter 39 cost=0.426146 -> 0.426146 |dtheta|=2.399264e-06  lambda=1.000e+06

============================================================
Iteration 40
============================================================
Theta offsets (Unity frame):
  Source   : dSx=   0.000, dSy=   0.000, dSz=   0.000  (mm)
  Object   : dOx=  -6.997, dOy=  -2.002, dOz=  -7.914  (mm)
  Object offset: offset_x=  -0.002, offset_z=  -0.008  (mm)
  Detector : dDx=   0.000, dDy=   0.000, dDz=   0.000  (mm)
  Obj Stage rotY :    2.993 deg
============================================================

Unity geometry (world coordinates):
  Source   : x=  -5.000, y=  38.000, z=   0.000
  Object   : x=   0.003, y=  17.998, z= 568.086
  Detector : x=  10.000, y=   3.000, z= 690.000
  Obj rotY :   0.0000 deg
view   0 | SOD= 568.453 mm | SDD= 691.050 mm | M= 1.216 | incident=3.1588°
[[  24.66686    -567.56476     -20.00195   ]
 [   3.6199002   122.2773       14.998051  ]
 [   0.14939594    0.00781096    0.        ]
 [   0.            0.            0.1496    ]]
Residual vector length: 84, Jacobian shape: (84, 6)
view   0 | SOD= 568.453 mm | SDD= 691.050 mm | M= 1.216 | incident=3.1588°
[[  24.666868   -567.56476     -20.001951  ]
 [   3.6198974   122.2773       14.998049  ]
 [   0.14939594    0.00781097    0.        ]
 [   0.            0.            0.1496    ]]

iter 40 cost=0.426146 -> 0.426146 |dtheta|=2.399264e-06  lambda=1.000e+06

============================================================
Iteration 41
============================================================
Theta offsets (Unity frame):
  Source   : dSx=   0.000, dSy=   0.000, dSz=   0.000  (mm)
  Object   : dOx=  -6.997, dOy=  -2.002, dOz=  -7.914  (mm)
  Object offset: offset_x=  -0.002, offset_z=  -0.008  (mm)
  Detector : dDx=   0.000, dDy=   0.000, dDz=   0.000  (mm)
  Obj Stage rotY :    2.993 deg
============================================================

Unity geometry (world coordinates):
  Source   : x=  -5.000, y=  38.000, z=   0.000
  Object   : x=   0.003, y=  17.998, z= 568.086
  Detector : x=  10.000, y=   3.000, z= 690.000
  Obj rotY :   0.0000 deg
view   0 | SOD= 568.453 mm | SDD= 691.050 mm | M= 1.216 | incident=3.1588°
[[  24.66686    -567.56476     -20.00195   ]
 [   3.6199002   122.2773       14.998051  ]
 [   0.14939594    0.00781096    0.        ]
 [   0.            0.            0.1496    ]]
Residual vector length: 84, Jacobian shape: (84, 6)
view   0 | SOD= 568.453 mm | SDD= 691.050 mm | M= 1.216 | incident=3.1588°
[[  24.666868   -567.56476     -20.001951  ]
 [   3.6198974   122.2773       14.998049  ]
 [   0.14939594    0.00781097    0.        ]
 [   0.            0.            0.1496    ]]

iter 41 cost=0.426146 -> 0.426146 |dtheta|=2.399264e-06  lambda=1.000e+06

============================================================
Iteration 42
============================================================
Theta offsets (Unity frame):
  Source   : dSx=   0.000, dSy=   0.000, dSz=   0.000  (mm)
  Object   : dOx=  -6.997, dOy=  -2.002, dOz=  -7.914  (mm)
  Object offset: offset_x=  -0.002, offset_z=  -0.008  (mm)
  Detector : dDx=   0.000, dDy=   0.000, dDz=   0.000  (mm)
  Obj Stage rotY :    2.993 deg
============================================================

Unity geometry (world coordinates):
  Source   : x=  -5.000, y=  38.000, z=   0.000
  Object   : x=   0.003, y=  17.998, z= 568.086
  Detector : x=  10.000, y=   3.000, z= 690.000
  Obj rotY :   0.0000 deg
view   0 | SOD= 568.453 mm | SDD= 691.050 mm | M= 1.216 | incident=3.1588°
[[  24.66686    -567.56476     -20.00195   ]
 [   3.6199002   122.2773       14.998051  ]
 [   0.14939594    0.00781096    0.        ]
 [   0.            0.            0.1496    ]]
Residual vector length: 84, Jacobian shape: (84, 6)
view   0 | SOD= 568.453 mm | SDD= 691.050 mm | M= 1.216 | incident=3.1588°
[[  24.666868   -567.56476     -20.001951  ]
 [   3.6198974   122.2773       14.998049  ]
 [   0.14939594    0.00781097    0.        ]
 [   0.            0.            0.1496    ]]

iter 42 cost=0.426146 -> 0.426146 |dtheta|=2.399264e-06  lambda=1.000e+06

============================================================
Iteration 43
============================================================
Theta offsets (Unity frame):
  Source   : dSx=   0.000, dSy=   0.000, dSz=   0.000  (mm)
  Object   : dOx=  -6.997, dOy=  -2.002, dOz=  -7.914  (mm)
  Object offset: offset_x=  -0.002, offset_z=  -0.008  (mm)
  Detector : dDx=   0.000, dDy=   0.000, dDz=   0.000  (mm)
  Obj Stage rotY :    2.993 deg
============================================================

Unity geometry (world coordinates):
  Source   : x=  -5.000, y=  38.000, z=   0.000
  Object   : x=   0.003, y=  17.998, z= 568.086
  Detector : x=  10.000, y=   3.000, z= 690.000
  Obj rotY :   0.0000 deg
view   0 | SOD= 568.453 mm | SDD= 691.050 mm | M= 1.216 | incident=3.1588°
[[  24.66686    -567.56476     -20.00195   ]
 [   3.6199002   122.2773       14.998051  ]
 [   0.14939594    0.00781096    0.        ]
 [   0.            0.            0.1496    ]]
Residual vector length: 84, Jacobian shape: (84, 6)
view   0 | SOD= 568.453 mm | SDD= 691.050 mm | M= 1.216 | incident=3.1588°
[[  24.666868   -567.56476     -20.001951  ]
 [   3.6198974   122.2773       14.998049  ]
 [   0.14939594    0.00781097    0.        ]
 [   0.            0.            0.1496    ]]

iter 43 cost=0.426146 -> 0.426146 |dtheta|=2.399264e-06  lambda=1.000e+06

============================================================
Iteration 44
============================================================
Theta offsets (Unity frame):
  Source   : dSx=   0.000, dSy=   0.000, dSz=   0.000  (mm)
  Object   : dOx=  -6.997, dOy=  -2.002, dOz=  -7.914  (mm)
  Object offset: offset_x=  -0.002, offset_z=  -0.008  (mm)
  Detector : dDx=   0.000, dDy=   0.000, dDz=   0.000  (mm)
  Obj Stage rotY :    2.993 deg
============================================================

Unity geometry (world coordinates):
  Source   : x=  -5.000, y=  38.000, z=   0.000
  Object   : x=   0.003, y=  17.998, z= 568.086
  Detector : x=  10.000, y=   3.000, z= 690.000
  Obj rotY :   0.0000 deg
view   0 | SOD= 568.453 mm | SDD= 691.050 mm | M= 1.216 | incident=3.1588°
[[  24.66686    -567.56476     -20.00195   ]
 [   3.6199002   122.2773       14.998051  ]
 [   0.14939594    0.00781096    0.        ]
 [   0.            0.            0.1496    ]]
Residual vector length: 84, Jacobian shape: (84, 6)
view   0 | SOD= 568.453 mm | SDD= 691.050 mm | M= 1.216 | incident=3.1588°
[[  24.666868   -567.56476     -20.001951  ]
 [   3.6198974   122.2773       14.998049  ]
 [   0.14939594    0.00781097    0.        ]
 [   0.            0.            0.1496    ]]

iter 44 cost=0.426146 -> 0.426146 |dtheta|=2.399264e-06  lambda=1.000e+06

============================================================
Iteration 45
============================================================
Theta offsets (Unity frame):
  Source   : dSx=   0.000, dSy=   0.000, dSz=   0.000  (mm)
  Object   : dOx=  -6.997, dOy=  -2.002, dOz=  -7.914  (mm)
  Object offset: offset_x=  -0.002, offset_z=  -0.008  (mm)
  Detector : dDx=   0.000, dDy=   0.000, dDz=   0.000  (mm)
  Obj Stage rotY :    2.993 deg
============================================================

Unity geometry (world coordinates):
  Source   : x=  -5.000, y=  38.000, z=   0.000
  Object   : x=   0.003, y=  17.998, z= 568.086
  Detector : x=  10.000, y=   3.000, z= 690.000
  Obj rotY :   0.0000 deg
view   0 | SOD= 568.453 mm | SDD= 691.050 mm | M= 1.216 | incident=3.1588°
[[  24.66686    -567.56476     -20.00195   ]
 [   3.6199002   122.2773       14.998051  ]
 [   0.14939594    0.00781096    0.        ]
 [   0.            0.            0.1496    ]]
Residual vector length: 84, Jacobian shape: (84, 6)
view   0 | SOD= 568.453 mm | SDD= 691.050 mm | M= 1.216 | incident=3.1588°
[[  24.666868   -567.56476     -20.001951  ]
 [   3.6198974   122.2773       14.998049  ]
 [   0.14939594    0.00781097    0.        ]
 [   0.            0.            0.1496    ]]

iter 45 cost=0.426146 -> 0.426146 |dtheta|=2.399264e-06  lambda=1.000e+06
Stalled.

Estimated theta:
  dSx: +0.000000
  dSy: +0.000000
  dOx: -6.997333
  dOy: -2.001949
  dOz: -7.913656
  dDx: +0.000000
  dDy: +0.000000
  dDz: +0.000000
alpha: +2.992906e+00 deg)
offset_x: -0.002011
offset_z: -0.007879

Final cost table:
Fake theta: [ 0.  0. -7. -2. -8.  0.  0.  0.  3.  0.  0.]
Final estimated theta: [ 0.          0.         -6.99733308 -2.00194901 -7.91365638  0.
  0.          0.          2.99290638 -0.00201091 -0.00787894]
Diff from Expected: [ 0.          0.          0.00266692 -0.00194901  0.08634362  0.
  0.          0.         -0.00709362 -0.00201091 -0.00787894]
################################################################################

