Phantom already exists, skipping: cuboid_phantom_4_normal.npy

################################################################################
Running cuboid=normal scenario=G2 N_ANGLES=3, K=4
view   0 | SOD= 560.647 mm | SDD= 761.018 mm | M= 1.357 | incident=2.9645°
[[ 135.2794     -543.50665     -25.        ]
 [ -44.036404    195.25572      10.        ]
 [   0.1445025     0.03871933    0.        ]
 [   0.            0.            0.1496    ]]
          image          x1          y1  area1          x2          y2  area2          x3          y3  area3          x4          y4  area4
0  proj_000.png  473.111702  126.784574    752  388.916053  290.000000    679  540.167732  447.238019    626  473.104762  632.870748    735
1  proj_001.png  294.852584  127.603343    658  498.206993  289.634965    715  503.270481  462.819246    769  294.787106  611.392804    667
2  proj_002.png  576.047550  127.695965    694  456.848118  292.516129    744  300.372028  452.434965    715  576.051724  608.080460    696

============================================================
Iteration 0
============================================================
Theta offsets (Unity frame):
  Source   : dSx=   0.000, dSy=   0.000, dSz=   0.000  (mm)
  Object   : dOx=   0.000, dOy=   0.000, dOz=   0.000  (mm)
  Object offset: offset_x=   0.000, offset_z=   0.000  (mm)
  Detector : dDx=   0.000, dDy=   0.000, dDz=   0.000  (mm)
  Obj Stage rotY :    0.000 deg
============================================================

Unity geometry (world coordinates):
  Source   : x= -10.000, y=  55.000, z=   0.000
  Object   : x=  15.000, y=  42.000, z= 582.000
  Detector : x=   8.000, y=  20.000, z= 760.000
  Obj rotY :   0.0000 deg
view   0 | SOD= 582.682 mm | SDD= 761.018 mm | M= 1.306 | incident=2.9645°
[[ -25.     -582.      -13.    ]
 [  -7.      178.       22.    ]
 [   0.1496    0.        0.    ]
 [   0.        0.        0.1496]]
Residual vector length: 42, Jacobian shape: (42, 6)
view   0 | SOD= 565.161 mm | SDD= 761.018 mm | M= 1.347 | incident=2.9645°
[[ -62.078094   -561.28845     -22.541016  ]
 [  31.28048     193.17038      12.458984  ]
 [   0.148861     -0.01485124    0.        ]
 [   0.            0.            0.1496    ]]

iter 00 cost=184782.272087 -> 33659.530013 |dtheta|=3.423142e+01  lambda=1.000e-02

============================================================
Iteration 1
============================================================
Theta offsets (Unity frame):
  Source   : dSx=   0.000, dSy=   0.000, dSz=   0.000  (mm)
  Object   : dOx= -15.656, dOy=  -9.541, dOz= -26.582  (mm)
  Object offset: offset_x=  -3.293, offset_z=   9.260  (mm)
  Detector : dDx=   0.000, dDy=   0.000, dDz=   0.000  (mm)
  Obj Stage rotY :   -5.697 deg
============================================================

Unity geometry (world coordinates):
  Source   : x= -10.000, y=  55.000, z=   0.000
  Object   : x=  -0.656, y=  32.459, z= 555.418
  Detector : x=   8.000, y=  20.000, z= 760.000
  Obj rotY :   0.0000 deg
view   0 | SOD= 565.161 mm | SDD= 761.018 mm | M= 1.347 | incident=2.9645°
[[ -62.078094   -561.28845     -22.541016  ]
 [  31.28048     193.17038      12.458984  ]
 [   0.148861     -0.01485124    0.        ]
 [   0.            0.            0.1496    ]]
Residual vector length: 42, Jacobian shape: (42, 6)
view   0 | SOD= 556.703 mm | SDD= 761.018 mm | M= 1.367 | incident=2.9645°
[[ -24.445219   -555.65045     -23.932512  ]
 [  14.842866    203.54677      11.067488  ]
 [   0.14954126   -0.00419178    0.        ]
 [   0.            0.            0.1496    ]]

iter 01 cost=33659.530013 -> 9791.707102 |dtheta|=8.635916e+00  lambda=3.333e-03

============================================================
Iteration 2
============================================================
Theta offsets (Unity frame):
  Source   : dSx=   0.000, dSy=   0.000, dSz=   0.000  (mm)
  Object   : dOx= -14.533, dOy= -10.933, dOz= -28.112  (mm)
  Object offset: offset_x=  -1.601, offset_z=   2.230  (mm)
  Detector : dDx=   0.000, dDy=   0.000, dDz=   0.000  (mm)
  Obj Stage rotY :   -1.606 deg
============================================================

Unity geometry (world coordinates):
  Source   : x= -10.000, y=  55.000, z=   0.000
  Object   : x=   0.467, y=  31.067, z= 553.888
  Detector : x=   8.000, y=  20.000, z= 760.000
  Obj rotY :   0.0000 deg
view   0 | SOD= 556.703 mm | SDD= 761.018 mm | M= 1.367 | incident=2.9645°
[[ -24.445219   -555.65045     -23.932512  ]
 [  14.842866    203.54677      11.067488  ]
 [   0.14954126   -0.00419178    0.        ]
 [   0.            0.            0.1496    ]]
Residual vector length: 42, Jacobian shape: (42, 6)
view   0 | SOD= 556.733 mm | SDD= 761.018 mm | M= 1.367 | incident=2.9645°
[[  56.019985   -553.3646      -24.508522  ]
 [ -15.544245    203.4726       10.491478  ]
 [   0.14856046    0.01760539    0.        ]
 [   0.            0.            0.1496    ]]

iter 02 cost=9791.707102 -> 2359.730919 |dtheta|=9.026656e+00  lambda=1.111e-03

============================================================
Iteration 3
============================================================
Theta offsets (Unity frame):
  Source   : dSx=   0.000, dSy=   0.000, dSz=   0.000  (mm)
  Object   : dOx= -14.956, dOy= -11.509, dOz= -25.888  (mm)
  Object offset: offset_x=  -0.553, offset_z=   0.000  (mm)
  Detector : dDx=   0.000, dDy=   0.000, dDz=   0.000  (mm)
  Obj Stage rotY :    6.758 deg
============================================================

Unity geometry (world coordinates):
  Source   : x= -10.000, y=  55.000, z=   0.000
  Object   : x=   0.044, y=  30.491, z= 556.112
  Detector : x=   8.000, y=  20.000, z= 760.000
  Obj rotY :   0.0000 deg
view   0 | SOD= 556.733 mm | SDD= 761.018 mm | M= 1.367 | incident=2.9645°
[[  56.019985   -553.3646      -24.508522  ]
 [ -15.544245    203.4726       10.491478  ]
 [   0.14856046    0.01760539    0.        ]
 [   0.            0.            0.1496    ]]
Residual vector length: 42, Jacobian shape: (42, 6)
view   0 | SOD= 556.598 mm | SDD= 761.018 mm | M= 1.367 | incident=2.9645°
[[ 128.3895     -541.00464     -25.13843   ]
 [ -43.171665    199.597         9.86157   ]
 [   0.14490047    0.03720231    0.        ]
 [   0.            0.            0.1496    ]]

iter 03 cost=2359.730919 -> 172.593516 |dtheta|=7.716527e+00  lambda=3.704e-04

============================================================
Iteration 4
============================================================
Theta offsets (Unity frame):
  Source   : dSx=   0.000, dSy=   0.000, dSz=   0.000  (mm)
  Object   : dOx= -15.017, dOy= -12.138, dOz= -26.279  (mm)
  Object offset: offset_x=   0.197, offset_z=   0.216  (mm)
  Detector : dDx=   0.000, dDy=   0.000, dDz=   0.000  (mm)
  Obj Stage rotY :   14.399 deg
============================================================

Unity geometry (world coordinates):
  Source   : x= -10.000, y=  55.000, z=   0.000
  Object   : x=  -0.017, y=  29.862, z= 555.721
  Detector : x=   8.000, y=  20.000, z= 760.000
  Obj rotY :   0.0000 deg
view   0 | SOD= 556.598 mm | SDD= 761.018 mm | M= 1.367 | incident=2.9645°
[[ 128.3895     -541.00464     -25.13843   ]
 [ -43.171665    199.597         9.86157   ]
 [   0.14490047    0.03720231    0.        ]
 [   0.            0.            0.1496    ]]
Residual vector length: 42, Jacobian shape: (42, 6)
view   0 | SOD= 557.812 mm | SDD= 761.018 mm | M= 1.364 | incident=2.9645°
[[ 130.33624    -541.7912      -25.070452  ]
 [ -43.0789      198.37851       9.929548  ]
 [   0.14480686    0.03756504    0.        ]
 [   0.            0.            0.1496    ]]

iter 04 cost=172.593516 -> 64.198115 |dtheta|=1.679892e+00  lambda=1.235e-04

============================================================
Iteration 5
============================================================
Theta offsets (Unity frame):
  Source   : dSx=   0.000, dSy=   0.000, dSz=   0.000  (mm)
  Object   : dOx= -15.008, dOy= -12.070, dOz= -24.678  (mm)
  Object offset: offset_x=  -0.106, offset_z=  -0.162  (mm)
  Detector : dDx=   0.000, dDy=   0.000, dDz=   0.000  (mm)
  Obj Stage rotY :   14.543 deg
============================================================

Unity geometry (world coordinates):
  Source   : x= -10.000, y=  55.000, z=   0.000
  Object   : x=  -0.008, y=  29.930, z= 557.322
  Detector : x=   8.000, y=  20.000, z= 760.000
  Obj rotY :   0.0000 deg
view   0 | SOD= 557.812 mm | SDD= 761.018 mm | M= 1.364 | incident=2.9645°
[[ 130.33624    -541.7912      -25.070452  ]
 [ -43.0789      198.37851       9.929548  ]
 [   0.14480686    0.03756504    0.        ]
 [   0.            0.            0.1496    ]]
Residual vector length: 42, Jacobian shape: (42, 6)
view   0 | SOD= 558.449 mm | SDD= 761.018 mm | M= 1.363 | incident=2.9645°
[[ 133.00809    -541.80365     -24.959621  ]
 [ -43.939423    197.52957      10.040379  ]
 [   0.14462584    0.03825607    0.        ]
 [   0.            0.            0.1496    ]]

iter 05 cost=64.198115 -> 23.475284 |dtheta|=6.257716e-01  lambda=4.115e-05

============================================================
Iteration 6
============================================================
Theta offsets (Unity frame):
  Source   : dSx=   0.000, dSy=   0.000, dSz=   0.000  (mm)
  Object   : dOx= -15.002, dOy= -11.960, dOz= -24.141  (mm)
  Object offset: offset_x=  -0.033, offset_z=  -0.057  (mm)
  Detector : dDx=   0.000, dDy=   0.000, dDz=   0.000  (mm)
  Obj Stage rotY :   14.816 deg
============================================================

Unity geometry (world coordinates):
  Source   : x= -10.000, y=  55.000, z=   0.000
  Object   : x=  -0.002, y=  30.040, z= 557.859
  Detector : x=   8.000, y=  20.000, z= 760.000
  Obj rotY :   0.0000 deg
view   0 | SOD= 558.449 mm | SDD= 761.018 mm | M= 1.363 | incident=2.9645°
[[ 133.00809    -541.80365     -24.959621  ]
 [ -43.939423    197.52957      10.040379  ]
 [   0.14462584    0.03825607    0.        ]
 [   0.            0.            0.1496    ]]
Residual vector length: 42, Jacobian shape: (42, 6)
view   0 | SOD= 559.350 mm | SDD= 761.018 mm | M= 1.361 | incident=2.9645°
[[ 135.18312    -542.1943      -24.96067   ]
 [ -44.369408    196.51057      10.03933   ]
 [   0.1444901     0.03876563    0.        ]
 [   0.            0.            0.1496    ]]

iter 06 cost=23.475284 -> 8.457002 |dtheta|=8.503807e-01  lambda=1.372e-05

============================================================
Iteration 7
============================================================
Theta offsets (Unity frame):
  Source   : dSx=   0.000, dSy=   0.000, dSz=   0.000  (mm)
  Object   : dOx= -15.048, dOy= -11.961, dOz= -23.321  (mm)
  Object offset: offset_x=  -0.020, offset_z=   0.025  (mm)
  Detector : dDx=   0.000, dDy=   0.000, dDz=   0.000  (mm)
  Obj Stage rotY :   15.018 deg
============================================================

Unity geometry (world coordinates):
  Source   : x= -10.000, y=  55.000, z=   0.000
  Object   : x=  -0.048, y=  30.039, z= 558.679
  Detector : x=   8.000, y=  20.000, z= 760.000
  Obj rotY :   0.0000 deg
view   0 | SOD= 559.350 mm | SDD= 761.018 mm | M= 1.361 | incident=2.9645°
[[ 135.18312    -542.1943      -24.96067   ]
 [ -44.369408    196.51057      10.03933   ]
 [   0.1444901     0.03876563    0.        ]
 [   0.            0.            0.1496    ]]
Residual vector length: 42, Jacobian shape: (42, 6)
view   0 | SOD= 559.567 mm | SDD= 761.018 mm | M= 1.360 | incident=2.9645°
[[ 134.9591     -542.4752      -24.944725  ]
 [ -44.285835    196.30437      10.055275  ]
 [   0.14450622    0.03870547    0.        ]
 [   0.            0.            0.1496    ]]

iter 07 cost=8.457002 -> 5.075645 |dtheta|=2.659177e-01  lambda=4.572e-06

============================================================
Iteration 8
============================================================
Theta offsets (Unity frame):
  Source   : dSx=   0.000, dSy=   0.000, dSz=   0.000  (mm)
  Object   : dOx= -15.006, dOy= -11.945, dOz= -23.063  (mm)
  Object offset: offset_x=  -0.005, offset_z=  -0.015  (mm)
  Detector : dDx=   0.000, dDy=   0.000, dDz=   0.000  (mm)
  Obj Stage rotY :   14.995 deg
============================================================

Unity geometry (world coordinates):
  Source   : x= -10.000, y=  55.000, z=   0.000
  Object   : x=  -0.006, y=  30.055, z= 558.937
  Detector : x=   8.000, y=  20.000, z= 760.000
  Obj rotY :   0.0000 deg
view   0 | SOD= 559.567 mm | SDD= 761.018 mm | M= 1.360 | incident=2.9645°
[[ 134.9591     -542.4752      -24.944725  ]
 [ -44.285835    196.30437      10.055275  ]
 [   0.14450622    0.03870547    0.        ]
 [   0.            0.            0.1496    ]]
Residual vector length: 42, Jacobian shape: (42, 6)
view   0 | SOD= 559.796 mm | SDD= 761.018 mm | M= 1.359 | incident=2.9645°
[[ 135.0496     -542.6879      -24.961842  ]
 [ -44.24509     196.07959      10.038158  ]
 [   0.14450361    0.0387152     0.        ]
 [   0.            0.            0.1496    ]]

iter 08 cost=5.075645 -> 3.053767 |dtheta|=2.346519e-01  lambda=1.524e-06

============================================================
Iteration 9
============================================================
Theta offsets (Unity frame):
  Source   : dSx=   0.000, dSy=   0.000, dSz=   0.000  (mm)
  Object   : dOx= -15.005, dOy= -11.962, dOz= -22.829  (mm)
  Object offset: offset_x=  -0.001, offset_z=  -0.021  (mm)
  Detector : dDx=   0.000, dDy=   0.000, dDz=   0.000  (mm)
  Obj Stage rotY :   14.998 deg
============================================================

Unity geometry (world coordinates):
  Source   : x= -10.000, y=  55.000, z=   0.000
  Object   : x=  -0.005, y=  30.038, z= 559.171
  Detector : x=   8.000, y=  20.000, z= 760.000
  Obj rotY :   0.0000 deg
view   0 | SOD= 559.796 mm | SDD= 761.018 mm | M= 1.359 | incident=2.9645°
[[ 135.0496     -542.6879      -24.961842  ]
 [ -44.24509     196.07959      10.038158  ]
 [   0.14450361    0.0387152     0.        ]
 [   0.            0.            0.1496    ]]
Residual vector length: 42, Jacobian shape: (42, 6)
view   0 | SOD= 560.190 mm | SDD= 761.018 mm | M= 1.359 | incident=2.9645°
[[ 135.70801    -542.9291      -24.98121   ]
 [ -44.332367    195.65704      10.018789  ]
 [   0.14446445    0.03886105    0.        ]
 [   0.            0.            0.1496    ]]

iter 09 cost=3.053767 -> 1.205045 |dtheta|=3.922858e-01  lambda=1.000e-06

============================================================
Iteration 10
============================================================
Theta offsets (Unity frame):
  Source   : dSx=   0.000, dSy=   0.000, dSz=   0.000  (mm)
  Object   : dOx= -15.020, dOy= -11.981, dOz= -22.442  (mm)
  Object offset: offset_x=   0.005, offset_z=  -0.014  (mm)
  Detector : dDx=   0.000, dDy=   0.000, dDz=   0.000  (mm)
  Obj Stage rotY :   15.056 deg
============================================================

Unity geometry (world coordinates):
  Source   : x= -10.000, y=  55.000, z=   0.000
  Object   : x=  -0.020, y=  30.019, z= 559.558
  Detector : x=   8.000, y=  20.000, z= 760.000
  Obj rotY :   0.0000 deg
view   0 | SOD= 560.190 mm | SDD= 761.018 mm | M= 1.359 | incident=2.9645°
[[ 135.70801    -542.9291      -24.98121   ]
 [ -44.332367    195.65704      10.018789  ]
 [   0.14446445    0.03886105    0.        ]
 [   0.            0.            0.1496    ]]
Residual vector length: 42, Jacobian shape: (42, 6)
view   0 | SOD= 560.331 mm | SDD= 761.018 mm | M= 1.358 | incident=2.9645°
[[ 135.3635     -543.1605      -24.984352  ]
 [ -44.160545    195.55128      10.015648  ]
 [   0.14449158    0.03876006    0.        ]
 [   0.            0.            0.1496    ]]

iter 10 cost=1.205045 -> 0.424257 |dtheta|=1.339784e-01  lambda=1.000e-06

============================================================
Iteration 11
============================================================
Theta offsets (Unity frame):
  Source   : dSx=   0.000, dSy=   0.000, dSz=   0.000  (mm)
  Object   : dOx= -15.009, dOy= -11.984, dOz= -22.316  (mm)
  Object offset: offset_x=  -0.004, offset_z=   0.001  (mm)
  Detector : dDx=   0.000, dDy=   0.000, dDz=   0.000  (mm)
  Obj Stage rotY :   15.016 deg
============================================================

Unity geometry (world coordinates):
  Source   : x= -10.000, y=  55.000, z=   0.000
  Object   : x=  -0.009, y=  30.016, z= 559.684
  Detector : x=   8.000, y=  20.000, z= 760.000
  Obj rotY :   0.0000 deg
view   0 | SOD= 560.331 mm | SDD= 761.018 mm | M= 1.358 | incident=2.9645°
[[ 135.3635     -543.1605      -24.984352  ]
 [ -44.160545    195.55128      10.015648  ]
 [   0.14449158    0.03876006    0.        ]
 [   0.            0.            0.1496    ]]
Residual vector length: 42, Jacobian shape: (42, 6)
view   0 | SOD= 560.329 mm | SDD= 761.018 mm | M= 1.358 | incident=2.9645°
[[ 135.46565    -543.133       -24.984959  ]
 [ -44.208042    195.54242      10.015041  ]
 [   0.14448373    0.03878933    0.        ]
 [   0.            0.            0.1496    ]]

iter 11 cost=0.424257 -> 0.376457 |dtheta|=2.055168e-02  lambda=1.000e-06

============================================================
Iteration 12
============================================================
Theta offsets (Unity frame):
  Source   : dSx=   0.000, dSy=   0.000, dSz=   0.000  (mm)
  Object   : dOx= -15.001, dOy= -11.985, dOz= -22.306  (mm)
  Object offset: offset_x=  -0.004, offset_z=  -0.011  (mm)
  Detector : dDx=   0.000, dDy=   0.000, dDz=   0.000  (mm)
  Obj Stage rotY :   15.028 deg
============================================================

Unity geometry (world coordinates):
  Source   : x= -10.000, y=  55.000, z=   0.000
  Object   : x=  -0.001, y=  30.015, z= 559.694
  Detector : x=   8.000, y=  20.000, z= 760.000
  Obj rotY :   0.0000 deg
view   0 | SOD= 560.329 mm | SDD= 761.018 mm | M= 1.358 | incident=2.9645°
[[ 135.46565    -543.133       -24.984959  ]
 [ -44.208042    195.54242      10.015041  ]
 [   0.14448373    0.03878933    0.        ]
 [   0.            0.            0.1496    ]]
Residual vector length: 42, Jacobian shape: (42, 6)
view   0 | SOD= 560.427 mm | SDD= 761.018 mm | M= 1.358 | incident=2.9645°
[[ 135.28867    -543.27747     -24.990072  ]
 [ -44.103645    195.46635      10.009928  ]
 [   0.1444985     0.03873429    0.        ]
 [   0.            0.            0.1496    ]]

iter 12 cost=0.376457 -> 0.142760 |dtheta|=9.317268e-02  lambda=1.000e-06

============================================================
Iteration 13
============================================================
Theta offsets (Unity frame):
  Source   : dSx=   0.000, dSy=   0.000, dSz=   0.000  (mm)
  Object   : dOx= -15.003, dOy= -11.990, dOz= -22.216  (mm)
  Object offset: offset_x=  -0.007, offset_z=  -0.004  (mm)
  Detector : dDx=   0.000, dDy=   0.000, dDz=   0.000  (mm)
  Obj Stage rotY :   15.006 deg
============================================================

Unity geometry (world coordinates):
  Source   : x= -10.000, y=  55.000, z=   0.000
  Object   : x=  -0.003, y=  30.010, z= 559.784
  Detector : x=   8.000, y=  20.000, z= 760.000
  Obj rotY :   0.0000 deg
view   0 | SOD= 560.427 mm | SDD= 761.018 mm | M= 1.358 | incident=2.9645°
[[ 135.28867    -543.27747     -24.990072  ]
 [ -44.103645    195.46635      10.009928  ]
 [   0.1444985     0.03873429    0.        ]
 [   0.            0.            0.1496    ]]
Residual vector length: 42, Jacobian shape: (42, 6)
view   0 | SOD= 560.474 mm | SDD= 761.018 mm | M= 1.358 | incident=2.9645°
[[ 135.12984    -543.36597     -24.991547  ]
 [ -44.044888    195.43062      10.008453  ]
 [   0.1445099     0.03869173    0.        ]
 [   0.            0.            0.1496    ]]

iter 13 cost=0.142760 -> 0.088563 |dtheta|=4.861393e-02  lambda=1.000e-06

============================================================
Iteration 14
============================================================
Theta offsets (Unity frame):
  Source   : dSx=   0.000, dSy=   0.000, dSz=   0.000  (mm)
  Object   : dOx= -14.999, dOy= -11.992, dOz= -22.172  (mm)
  Object offset: offset_x=   0.000, offset_z=  -0.001  (mm)
  Detector : dDx=   0.000, dDy=   0.000, dDz=   0.000  (mm)
  Obj Stage rotY :   14.989 deg
============================================================

Unity geometry (world coordinates):
  Source   : x= -10.000, y=  55.000, z=   0.000
  Object   : x=   0.001, y=  30.008, z= 559.828
  Detector : x=   8.000, y=  20.000, z= 760.000
  Obj rotY :   0.0000 deg
view   0 | SOD= 560.474 mm | SDD= 761.018 mm | M= 1.358 | incident=2.9645°
[[ 135.12984    -543.36597     -24.991547  ]
 [ -44.044888    195.43062      10.008453  ]
 [   0.1445099     0.03869173    0.        ]
 [   0.            0.            0.1496    ]]
Residual vector length: 42, Jacobian shape: (42, 6)
view   0 | SOD= 560.515 mm | SDD= 761.018 mm | M= 1.358 | incident=2.9645°
[[ 135.07324    -543.42255     -24.994114  ]
 [ -44.013615    195.39536      10.005886  ]
 [   0.1445145     0.03867454    0.        ]
 [   0.            0.            0.1496    ]]

iter 14 cost=0.088563 -> 0.066046 |dtheta|=4.446994e-02  lambda=1.000e-06

============================================================
Iteration 15
============================================================
Theta offsets (Unity frame):
  Source   : dSx=   0.000, dSy=   0.000, dSz=   0.000  (mm)
  Object   : dOx= -14.999, dOy= -11.994, dOz= -22.128  (mm)
  Object offset: offset_x=   0.003, offset_z=  -0.004  (mm)
  Detector : dDx=   0.000, dDy=   0.000, dDz=   0.000  (mm)
  Obj Stage rotY :   14.982 deg
============================================================

Unity geometry (world coordinates):
  Source   : x= -10.000, y=  55.000, z=   0.000
  Object   : x=   0.001, y=  30.006, z= 559.872
  Detector : x=   8.000, y=  20.000, z= 760.000
  Obj rotY :   0.0000 deg
view   0 | SOD= 560.515 mm | SDD= 761.018 mm | M= 1.358 | incident=2.9645°
[[ 135.07324    -543.42255     -24.994114  ]
 [ -44.013615    195.39536      10.005886  ]
 [   0.1445145     0.03867454    0.        ]
 [   0.            0.            0.1496    ]]
Residual vector length: 42, Jacobian shape: (42, 6)
view   0 | SOD= 560.532 mm | SDD= 761.018 mm | M= 1.358 | incident=2.9645°
[[ 135.11386    -543.4294      -24.993927  ]
 [ -44.020584    195.37697      10.006073  ]
 [   0.144512      0.03868385    0.        ]
 [   0.            0.            0.1496    ]]

iter 15 cost=0.066046 -> 0.054087 |dtheta|=1.589911e-02  lambda=1.000e-06

============================================================
Iteration 16
============================================================
Theta offsets (Unity frame):
  Source   : dSx=   0.000, dSy=   0.000, dSz=   0.000  (mm)
  Object   : dOx= -14.998, dOy= -11.994, dOz= -22.113  (mm)
  Object offset: offset_x=   0.001, offset_z=  -0.002  (mm)
  Detector : dDx=   0.000, dDy=   0.000, dDz=   0.000  (mm)
  Obj Stage rotY :   14.986 deg
============================================================

Unity geometry (world coordinates):
  Source   : x= -10.000, y=  55.000, z=   0.000
  Object   : x=   0.002, y=  30.006, z= 559.887
  Detector : x=   8.000, y=  20.000, z= 760.000
  Obj rotY :   0.0000 deg
view   0 | SOD= 560.532 mm | SDD= 761.018 mm | M= 1.358 | incident=2.9645°
[[ 135.11386    -543.4294      -24.993927  ]
 [ -44.020584    195.37697      10.006073  ]
 [   0.144512      0.03868385    0.        ]
 [   0.            0.            0.1496    ]]
Residual vector length: 42, Jacobian shape: (42, 6)
view   0 | SOD= 560.531 mm | SDD= 761.018 mm | M= 1.358 | incident=2.9645°
[[ 135.05846    -543.4423      -24.993715  ]
 [ -43.999775    195.3825       10.006285  ]
 [   0.14451599    0.03866895    0.        ]
 [   0.            0.            0.1496    ]]

iter 16 cost=0.054087 -> 0.057839 |dtheta|=6.309167e-03  lambda=1.000e-06

============================================================
Iteration 17
============================================================
Theta offsets (Unity frame):
  Source   : dSx=   0.000, dSy=   0.000, dSz=   0.000  (mm)
  Object   : dOx= -14.998, dOy= -11.994, dOz= -22.113  (mm)
  Object offset: offset_x=   0.001, offset_z=  -0.002  (mm)
  Detector : dDx=   0.000, dDy=   0.000, dDz=   0.000  (mm)
  Obj Stage rotY :   14.986 deg
============================================================

Unity geometry (world coordinates):
  Source   : x= -10.000, y=  55.000, z=   0.000
  Object   : x=   0.002, y=  30.006, z= 559.887
  Detector : x=   8.000, y=  20.000, z= 760.000
  Obj rotY :   0.0000 deg
view   0 | SOD= 560.532 mm | SDD= 761.018 mm | M= 1.358 | incident=2.9645°
[[ 135.11386    -543.4294      -24.993927  ]
 [ -44.020584    195.37697      10.006073  ]
 [   0.144512      0.03868385    0.        ]
 [   0.            0.            0.1496    ]]
Residual vector length: 42, Jacobian shape: (42, 6)
view   0 | SOD= 560.531 mm | SDD= 761.018 mm | M= 1.358 | incident=2.9645°
[[ 135.05846    -543.4423      -24.993715  ]
 [ -43.999775    195.3825       10.006285  ]
 [   0.14451599    0.03866895    0.        ]
 [   0.            0.            0.1496    ]]

iter 17 cost=0.054087 -> 0.057839 |dtheta|=6.309166e-03  lambda=5.000e-06

============================================================
Iteration 18
============================================================
Theta offsets (Unity frame):
  Source   : dSx=   0.000, dSy=   0.000, dSz=   0.000  (mm)
  Object   : dOx= -14.998, dOy= -11.994, dOz= -22.113  (mm)
  Object offset: offset_x=   0.001, offset_z=  -0.002  (mm)
  Detector : dDx=   0.000, dDy=   0.000, dDz=   0.000  (mm)
  Obj Stage rotY :   14.986 deg
============================================================

Unity geometry (world coordinates):
  Source   : x= -10.000, y=  55.000, z=   0.000
  Object   : x=   0.002, y=  30.006, z= 559.887
  Detector : x=   8.000, y=  20.000, z= 760.000
  Obj rotY :   0.0000 deg
view   0 | SOD= 560.532 mm | SDD= 761.018 mm | M= 1.358 | incident=2.9645°
[[ 135.11386    -543.4294      -24.993927  ]
 [ -44.020584    195.37697      10.006073  ]
 [   0.144512      0.03868385    0.        ]
 [   0.            0.            0.1496    ]]
Residual vector length: 42, Jacobian shape: (42, 6)
view   0 | SOD= 560.531 mm | SDD= 761.018 mm | M= 1.358 | incident=2.9645°
[[ 135.05846    -543.4423      -24.993715  ]
 [ -43.999775    195.3825       10.006285  ]
 [   0.14451599    0.03866895    0.        ]
 [   0.            0.            0.1496    ]]

iter 18 cost=0.054087 -> 0.057839 |dtheta|=6.309163e-03  lambda=2.500e-05

============================================================
Iteration 19
============================================================
Theta offsets (Unity frame):
  Source   : dSx=   0.000, dSy=   0.000, dSz=   0.000  (mm)
  Object   : dOx= -14.998, dOy= -11.994, dOz= -22.113  (mm)
  Object offset: offset_x=   0.001, offset_z=  -0.002  (mm)
  Detector : dDx=   0.000, dDy=   0.000, dDz=   0.000  (mm)
  Obj Stage rotY :   14.986 deg
============================================================

Unity geometry (world coordinates):
  Source   : x= -10.000, y=  55.000, z=   0.000
  Object   : x=   0.002, y=  30.006, z= 559.887
  Detector : x=   8.000, y=  20.000, z= 760.000
  Obj rotY :   0.0000 deg
view   0 | SOD= 560.532 mm | SDD= 761.018 mm | M= 1.358 | incident=2.9645°
[[ 135.11386    -543.4294      -24.993927  ]
 [ -44.020584    195.37697      10.006073  ]
 [   0.144512      0.03868385    0.        ]
 [   0.            0.            0.1496    ]]
Residual vector length: 42, Jacobian shape: (42, 6)
view   0 | SOD= 560.531 mm | SDD= 761.018 mm | M= 1.358 | incident=2.9645°
[[ 135.05846    -543.4423      -24.993715  ]
 [ -43.999775    195.3825       10.006285  ]
 [   0.14451599    0.03866895    0.        ]
 [   0.            0.            0.1496    ]]

iter 19 cost=0.054087 -> 0.057839 |dtheta|=6.309147e-03  lambda=1.250e-04

============================================================
Iteration 20
============================================================
Theta offsets (Unity frame):
  Source   : dSx=   0.000, dSy=   0.000, dSz=   0.000  (mm)
  Object   : dOx= -14.998, dOy= -11.994, dOz= -22.113  (mm)
  Object offset: offset_x=   0.001, offset_z=  -0.002  (mm)
  Detector : dDx=   0.000, dDy=   0.000, dDz=   0.000  (mm)
  Obj Stage rotY :   14.986 deg
============================================================

Unity geometry (world coordinates):
  Source   : x= -10.000, y=  55.000, z=   0.000
  Object   : x=   0.002, y=  30.006, z= 559.887
  Detector : x=   8.000, y=  20.000, z= 760.000
  Obj rotY :   0.0000 deg
view   0 | SOD= 560.532 mm | SDD= 761.018 mm | M= 1.358 | incident=2.9645°
[[ 135.11386    -543.4294      -24.993927  ]
 [ -44.020584    195.37697      10.006073  ]
 [   0.144512      0.03868385    0.        ]
 [   0.            0.            0.1496    ]]
Residual vector length: 42, Jacobian shape: (42, 6)
view   0 | SOD= 560.531 mm | SDD= 761.018 mm | M= 1.358 | incident=2.9645°
[[ 135.05846    -543.4423      -24.993715  ]
 [ -43.999775    195.3825       10.006285  ]
 [   0.14451599    0.03866895    0.        ]
 [   0.            0.            0.1496    ]]

iter 20 cost=0.054087 -> 0.057839 |dtheta|=6.309068e-03  lambda=6.250e-04

============================================================
Iteration 21
============================================================
Theta offsets (Unity frame):
  Source   : dSx=   0.000, dSy=   0.000, dSz=   0.000  (mm)
  Object   : dOx= -14.998, dOy= -11.994, dOz= -22.113  (mm)
  Object offset: offset_x=   0.001, offset_z=  -0.002  (mm)
  Detector : dDx=   0.000, dDy=   0.000, dDz=   0.000  (mm)
  Obj Stage rotY :   14.986 deg
============================================================

Unity geometry (world coordinates):
  Source   : x= -10.000, y=  55.000, z=   0.000
  Object   : x=   0.002, y=  30.006, z= 559.887
  Detector : x=   8.000, y=  20.000, z= 760.000
  Obj rotY :   0.0000 deg
view   0 | SOD= 560.532 mm | SDD= 761.018 mm | M= 1.358 | incident=2.9645°
[[ 135.11386    -543.4294      -24.993927  ]
 [ -44.020584    195.37697      10.006073  ]
 [   0.144512      0.03868385    0.        ]
 [   0.            0.            0.1496    ]]
Residual vector length: 42, Jacobian shape: (42, 6)
view   0 | SOD= 560.531 mm | SDD= 761.018 mm | M= 1.358 | incident=2.9645°
[[ 135.05846    -543.4423      -24.993715  ]
 [ -43.99978     195.38249      10.006285  ]
 [   0.14451599    0.03866895    0.        ]
 [   0.            0.            0.1496    ]]

iter 21 cost=0.054087 -> 0.057839 |dtheta|=6.308671e-03  lambda=3.125e-03

============================================================
Iteration 22
============================================================
Theta offsets (Unity frame):
  Source   : dSx=   0.000, dSy=   0.000, dSz=   0.000  (mm)
  Object   : dOx= -14.998, dOy= -11.994, dOz= -22.113  (mm)
  Object offset: offset_x=   0.001, offset_z=  -0.002  (mm)
  Detector : dDx=   0.000, dDy=   0.000, dDz=   0.000  (mm)
  Obj Stage rotY :   14.986 deg
============================================================

Unity geometry (world coordinates):
  Source   : x= -10.000, y=  55.000, z=   0.000
  Object   : x=   0.002, y=  30.006, z= 559.887
  Detector : x=   8.000, y=  20.000, z= 760.000
  Obj rotY :   0.0000 deg
view   0 | SOD= 560.532 mm | SDD= 761.018 mm | M= 1.358 | incident=2.9645°
[[ 135.11386    -543.4294      -24.993927  ]
 [ -44.020584    195.37697      10.006073  ]
 [   0.144512      0.03868385    0.        ]
 [   0.            0.            0.1496    ]]
Residual vector length: 42, Jacobian shape: (42, 6)
view   0 | SOD= 560.531 mm | SDD= 761.018 mm | M= 1.358 | incident=2.9645°
[[ 135.05847    -543.4423      -24.993715  ]
 [ -43.999786    195.38249      10.006285  ]
 [   0.14451599    0.03866895    0.        ]
 [   0.            0.            0.1496    ]]

iter 22 cost=0.054087 -> 0.057839 |dtheta|=6.306688e-03  lambda=1.562e-02

============================================================
Iteration 23
============================================================
Theta offsets (Unity frame):
  Source   : dSx=   0.000, dSy=   0.000, dSz=   0.000  (mm)
  Object   : dOx= -14.998, dOy= -11.994, dOz= -22.113  (mm)
  Object offset: offset_x=   0.001, offset_z=  -0.002  (mm)
  Detector : dDx=   0.000, dDy=   0.000, dDz=   0.000  (mm)
  Obj Stage rotY :   14.986 deg
============================================================

Unity geometry (world coordinates):
  Source   : x= -10.000, y=  55.000, z=   0.000
  Object   : x=   0.002, y=  30.006, z= 559.887
  Detector : x=   8.000, y=  20.000, z= 760.000
  Obj rotY :   0.0000 deg
view   0 | SOD= 560.532 mm | SDD= 761.018 mm | M= 1.358 | incident=2.9645°
[[ 135.11386    -543.4294      -24.993927  ]
 [ -44.020584    195.37697      10.006073  ]
 [   0.144512      0.03868385    0.        ]
 [   0.            0.            0.1496    ]]
Residual vector length: 42, Jacobian shape: (42, 6)
view   0 | SOD= 560.531 mm | SDD= 761.018 mm | M= 1.358 | incident=2.9645°
[[ 135.05856    -543.4423      -24.993717  ]
 [ -43.999817    195.38249      10.006283  ]
 [   0.14451599    0.03866898    0.        ]
 [   0.            0.            0.1496    ]]

iter 23 cost=0.054087 -> 0.057839 |dtheta|=6.296815e-03  lambda=7.812e-02

============================================================
Iteration 24
============================================================
Theta offsets (Unity frame):
  Source   : dSx=   0.000, dSy=   0.000, dSz=   0.000  (mm)
  Object   : dOx= -14.998, dOy= -11.994, dOz= -22.113  (mm)
  Object offset: offset_x=   0.001, offset_z=  -0.002  (mm)
  Detector : dDx=   0.000, dDy=   0.000, dDz=   0.000  (mm)
  Obj Stage rotY :   14.986 deg
============================================================

Unity geometry (world coordinates):
  Source   : x= -10.000, y=  55.000, z=   0.000
  Object   : x=   0.002, y=  30.006, z= 559.887
  Detector : x=   8.000, y=  20.000, z= 760.000
  Obj rotY :   0.0000 deg
view   0 | SOD= 560.532 mm | SDD= 761.018 mm | M= 1.358 | incident=2.9645°
[[ 135.11386    -543.4294      -24.993927  ]
 [ -44.020584    195.37697      10.006073  ]
 [   0.144512      0.03868385    0.        ]
 [   0.            0.            0.1496    ]]
Residual vector length: 42, Jacobian shape: (42, 6)
view   0 | SOD= 560.531 mm | SDD= 761.018 mm | M= 1.358 | incident=2.9645°
[[ 135.05898    -543.44214     -24.993717  ]
 [ -43.99999     195.3825       10.006283  ]
 [   0.14451596    0.03866909    0.        ]
 [   0.            0.            0.1496    ]]

iter 24 cost=0.054087 -> 0.057839 |dtheta|=6.248402e-03  lambda=3.906e-01

============================================================
Iteration 25
============================================================
Theta offsets (Unity frame):
  Source   : dSx=   0.000, dSy=   0.000, dSz=   0.000  (mm)
  Object   : dOx= -14.998, dOy= -11.994, dOz= -22.113  (mm)
  Object offset: offset_x=   0.001, offset_z=  -0.002  (mm)
  Detector : dDx=   0.000, dDy=   0.000, dDz=   0.000  (mm)
  Obj Stage rotY :   14.986 deg
============================================================

Unity geometry (world coordinates):
  Source   : x= -10.000, y=  55.000, z=   0.000
  Object   : x=   0.002, y=  30.006, z= 559.887
  Detector : x=   8.000, y=  20.000, z= 760.000
  Obj rotY :   0.0000 deg
view   0 | SOD= 560.532 mm | SDD= 761.018 mm | M= 1.358 | incident=2.9645°
[[ 135.11386    -543.4294      -24.993927  ]
 [ -44.020584    195.37697      10.006073  ]
 [   0.144512      0.03868385    0.        ]
 [   0.            0.            0.1496    ]]
Residual vector length: 42, Jacobian shape: (42, 6)
view   0 | SOD= 560.531 mm | SDD= 761.018 mm | M= 1.358 | incident=2.9645°
[[ 135.06091    -543.44147     -24.993721  ]
 [ -44.000774    195.38252      10.006279  ]
 [   0.14451581    0.03866962    0.        ]
 [   0.            0.            0.1496    ]]

iter 25 cost=0.054087 -> 0.057839 |dtheta|=6.027245e-03  lambda=1.953e+00

============================================================
Iteration 26
============================================================
Theta offsets (Unity frame):
  Source   : dSx=   0.000, dSy=   0.000, dSz=   0.000  (mm)
  Object   : dOx= -14.998, dOy= -11.994, dOz= -22.113  (mm)
  Object offset: offset_x=   0.001, offset_z=  -0.002  (mm)
  Detector : dDx=   0.000, dDy=   0.000, dDz=   0.000  (mm)
  Obj Stage rotY :   14.986 deg
============================================================

Unity geometry (world coordinates):
  Source   : x= -10.000, y=  55.000, z=   0.000
  Object   : x=   0.002, y=  30.006, z= 559.887
  Detector : x=   8.000, y=  20.000, z= 760.000
  Obj rotY :   0.0000 deg
view   0 | SOD= 560.532 mm | SDD= 761.018 mm | M= 1.358 | incident=2.9645°
[[ 135.11386    -543.4294      -24.993927  ]
 [ -44.020584    195.37697      10.006073  ]
 [   0.144512      0.03868385    0.        ]
 [   0.            0.            0.1496    ]]
Residual vector length: 42, Jacobian shape: (42, 6)
view   0 | SOD= 560.530 mm | SDD= 761.018 mm | M= 1.358 | incident=2.9645°
[[ 135.06831    -543.43915     -24.99374   ]
 [ -44.003735    195.38235      10.00626   ]
 [   0.14451528    0.03867165    0.        ]
 [   0.            0.            0.1496    ]]

iter 26 cost=0.054087 -> 0.069412 |dtheta|=5.237432e-03  lambda=9.766e+00

============================================================
Iteration 27
============================================================
Theta offsets (Unity frame):
  Source   : dSx=   0.000, dSy=   0.000, dSz=   0.000  (mm)
  Object   : dOx= -14.998, dOy= -11.994, dOz= -22.113  (mm)
  Object offset: offset_x=   0.001, offset_z=  -0.002  (mm)
  Detector : dDx=   0.000, dDy=   0.000, dDz=   0.000  (mm)
  Obj Stage rotY :   14.986 deg
============================================================

Unity geometry (world coordinates):
  Source   : x= -10.000, y=  55.000, z=   0.000
  Object   : x=   0.002, y=  30.006, z= 559.887
  Detector : x=   8.000, y=  20.000, z= 760.000
  Obj rotY :   0.0000 deg
view   0 | SOD= 560.532 mm | SDD= 761.018 mm | M= 1.358 | incident=2.9645°
[[ 135.11386    -543.4294      -24.993927  ]
 [ -44.020584    195.37697      10.006073  ]
 [   0.144512      0.03868385    0.        ]
 [   0.            0.            0.1496    ]]
Residual vector length: 42, Jacobian shape: (42, 6)
view   0 | SOD= 560.530 mm | SDD= 761.018 mm | M= 1.358 | incident=2.9645°
[[ 135.0856     -543.43463     -24.993814  ]
 [ -44.010433    195.38101      10.006186  ]
 [   0.14451401    0.03867634    0.        ]
 [   0.            0.            0.1496    ]]

iter 27 cost=0.054087 -> 0.059538 |dtheta|=3.532644e-03  lambda=4.883e+01

============================================================
Iteration 28
============================================================
Theta offsets (Unity frame):
  Source   : dSx=   0.000, dSy=   0.000, dSz=   0.000  (mm)
  Object   : dOx= -14.998, dOy= -11.994, dOz= -22.113  (mm)
  Object offset: offset_x=   0.001, offset_z=  -0.002  (mm)
  Detector : dDx=   0.000, dDy=   0.000, dDz=   0.000  (mm)
  Obj Stage rotY :   14.986 deg
============================================================

Unity geometry (world coordinates):
  Source   : x= -10.000, y=  55.000, z=   0.000
  Object   : x=   0.002, y=  30.006, z= 559.887
  Detector : x=   8.000, y=  20.000, z= 760.000
  Obj rotY :   0.0000 deg
view   0 | SOD= 560.532 mm | SDD= 761.018 mm | M= 1.358 | incident=2.9645°
[[ 135.11386    -543.4294      -24.993927  ]
 [ -44.020584    195.37697      10.006073  ]
 [   0.144512      0.03868385    0.        ]
 [   0.            0.            0.1496    ]]
Residual vector length: 42, Jacobian shape: (42, 6)
view   0 | SOD= 560.531 mm | SDD= 761.018 mm | M= 1.358 | incident=2.9645°
[[ 135.10335    -543.4309      -24.993895  ]
 [ -44.017025    195.37889      10.006105  ]
 [   0.14451274    0.0386811     0.        ]
 [   0.            0.            0.1496    ]]

iter 28 cost=0.054087 -> 0.055784 |dtheta|=1.812972e-03  lambda=2.441e+02

============================================================
Iteration 29
============================================================
Theta offsets (Unity frame):
  Source   : dSx=   0.000, dSy=   0.000, dSz=   0.000  (mm)
  Object   : dOx= -14.998, dOy= -11.994, dOz= -22.113  (mm)
  Object offset: offset_x=   0.001, offset_z=  -0.002  (mm)
  Detector : dDx=   0.000, dDy=   0.000, dDz=   0.000  (mm)
  Obj Stage rotY :   14.986 deg
============================================================

Unity geometry (world coordinates):
  Source   : x= -10.000, y=  55.000, z=   0.000
  Object   : x=   0.002, y=  30.006, z= 559.887
  Detector : x=   8.000, y=  20.000, z= 760.000
  Obj rotY :   0.0000 deg
view   0 | SOD= 560.532 mm | SDD= 761.018 mm | M= 1.358 | incident=2.9645°
[[ 135.11386    -543.4294      -24.993927  ]
 [ -44.020584    195.37697      10.006073  ]
 [   0.144512      0.03868385    0.        ]
 [   0.            0.            0.1496    ]]
Residual vector length: 42, Jacobian shape: (42, 6)
view   0 | SOD= 560.531 mm | SDD= 761.018 mm | M= 1.358 | incident=2.9645°
[[ 135.11118    -543.4297      -24.99392   ]
 [ -44.019653    195.37755      10.006081  ]
 [   0.14451219    0.03868315    0.        ]
 [   0.            0.            0.1496    ]]

iter 29 cost=0.054087 -> 0.054087 |dtheta|=7.223002e-04  lambda=1.221e+03

============================================================
Iteration 30
============================================================
Theta offsets (Unity frame):
  Source   : dSx=   0.000, dSy=   0.000, dSz=   0.000  (mm)
  Object   : dOx= -14.998, dOy= -11.994, dOz= -22.113  (mm)
  Object offset: offset_x=   0.001, offset_z=  -0.002  (mm)
  Detector : dDx=   0.000, dDy=   0.000, dDz=   0.000  (mm)
  Obj Stage rotY :   14.986 deg
============================================================

Unity geometry (world coordinates):
  Source   : x= -10.000, y=  55.000, z=   0.000
  Object   : x=   0.002, y=  30.006, z= 559.887
  Detector : x=   8.000, y=  20.000, z= 760.000
  Obj rotY :   0.0000 deg
view   0 | SOD= 560.532 mm | SDD= 761.018 mm | M= 1.358 | incident=2.9645°
[[ 135.11386    -543.4294      -24.993927  ]
 [ -44.020584    195.37697      10.006073  ]
 [   0.144512      0.03868385    0.        ]
 [   0.            0.            0.1496    ]]
Residual vector length: 42, Jacobian shape: (42, 6)
view   0 | SOD= 560.532 mm | SDD= 761.018 mm | M= 1.358 | incident=2.9645°
[[ 135.1133     -543.42944     -24.993927  ]
 [ -44.020374    195.37714      10.006073  ]
 [   0.14451204    0.0386837     0.        ]
 [   0.            0.            0.1496    ]]

iter 30 cost=0.054087 -> 0.054087 |dtheta|=1.934895e-04  lambda=6.104e+03

============================================================
Iteration 31
============================================================
Theta offsets (Unity frame):
  Source   : dSx=   0.000, dSy=   0.000, dSz=   0.000  (mm)
  Object   : dOx= -14.998, dOy= -11.994, dOz= -22.113  (mm)
  Object offset: offset_x=   0.001, offset_z=  -0.002  (mm)
  Detector : dDx=   0.000, dDy=   0.000, dDz=   0.000  (mm)
  Obj Stage rotY :   14.986 deg
============================================================

Unity geometry (world coordinates):
  Source   : x= -10.000, y=  55.000, z=   0.000
  Object   : x=   0.002, y=  30.006, z= 559.887
  Detector : x=   8.000, y=  20.000, z= 760.000
  Obj rotY :   0.0000 deg
view   0 | SOD= 560.532 mm | SDD= 761.018 mm | M= 1.358 | incident=2.9645°
[[ 135.11386    -543.4294      -24.993927  ]
 [ -44.020584    195.37697      10.006073  ]
 [   0.144512      0.03868385    0.        ]
 [   0.            0.            0.1496    ]]
Residual vector length: 42, Jacobian shape: (42, 6)
view   0 | SOD= 560.532 mm | SDD= 761.018 mm | M= 1.358 | incident=2.9645°
[[ 135.11375    -543.42944     -24.993927  ]
 [ -44.020535    195.37697      10.006073  ]
 [   0.14451201    0.03868382    0.        ]
 [   0.            0.            0.1496    ]]

iter 31 cost=0.054087 -> 0.054087 |dtheta|=4.189181e-05  lambda=3.052e+04

============================================================
Iteration 32
============================================================
Theta offsets (Unity frame):
  Source   : dSx=   0.000, dSy=   0.000, dSz=   0.000  (mm)
  Object   : dOx= -14.998, dOy= -11.994, dOz= -22.113  (mm)
  Object offset: offset_x=   0.001, offset_z=  -0.002  (mm)
  Detector : dDx=   0.000, dDy=   0.000, dDz=   0.000  (mm)
  Obj Stage rotY :   14.986 deg
============================================================

Unity geometry (world coordinates):
  Source   : x= -10.000, y=  55.000, z=   0.000
  Object   : x=   0.002, y=  30.006, z= 559.887
  Detector : x=   8.000, y=  20.000, z= 760.000
  Obj rotY :   0.0000 deg
view   0 | SOD= 560.532 mm | SDD= 761.018 mm | M= 1.358 | incident=2.9645°
[[ 135.11386    -543.4294      -24.993927  ]
 [ -44.020584    195.37697      10.006073  ]
 [   0.144512      0.03868385    0.        ]
 [   0.            0.            0.1496    ]]
Residual vector length: 42, Jacobian shape: (42, 6)
view   0 | SOD= 560.532 mm | SDD= 761.018 mm | M= 1.358 | incident=2.9645°
[[ 135.11385    -543.4294      -24.993927  ]
 [ -44.020573    195.37697      10.006073  ]
 [   0.144512      0.03868385    0.        ]
 [   0.            0.            0.1496    ]]

iter 32 cost=0.054087 -> 0.054087 |dtheta|=8.524699e-06  lambda=1.526e+05

============================================================
Iteration 33
============================================================
Theta offsets (Unity frame):
  Source   : dSx=   0.000, dSy=   0.000, dSz=   0.000  (mm)
  Object   : dOx= -14.998, dOy= -11.994, dOz= -22.113  (mm)
  Object offset: offset_x=   0.001, offset_z=  -0.002  (mm)
  Detector : dDx=   0.000, dDy=   0.000, dDz=   0.000  (mm)
  Obj Stage rotY :   14.986 deg
============================================================

Unity geometry (world coordinates):
  Source   : x= -10.000, y=  55.000, z=   0.000
  Object   : x=   0.002, y=  30.006, z= 559.887
  Detector : x=   8.000, y=  20.000, z= 760.000
  Obj rotY :   0.0000 deg
view   0 | SOD= 560.532 mm | SDD= 761.018 mm | M= 1.358 | incident=2.9645°
[[ 135.11386    -543.4294      -24.993927  ]
 [ -44.020584    195.37697      10.006073  ]
 [   0.144512      0.03868385    0.        ]
 [   0.            0.            0.1496    ]]
Residual vector length: 42, Jacobian shape: (42, 6)
view   0 | SOD= 560.532 mm | SDD= 761.018 mm | M= 1.358 | incident=2.9645°
[[ 135.11386    -543.4294      -24.993927  ]
 [ -44.020584    195.37697      10.006073  ]
 [   0.144512      0.03868385    0.        ]
 [   0.            0.            0.1496    ]]

iter 33 cost=0.054087 -> 0.054087 |dtheta|=1.710971e-06  lambda=7.629e+05

============================================================
Iteration 34
============================================================
Theta offsets (Unity frame):
  Source   : dSx=   0.000, dSy=   0.000, dSz=   0.000  (mm)
  Object   : dOx= -14.998, dOy= -11.994, dOz= -22.113  (mm)
  Object offset: offset_x=   0.001, offset_z=  -0.002  (mm)
  Detector : dDx=   0.000, dDy=   0.000, dDz=   0.000  (mm)
  Obj Stage rotY :   14.986 deg
============================================================

Unity geometry (world coordinates):
  Source   : x= -10.000, y=  55.000, z=   0.000
  Object   : x=   0.002, y=  30.006, z= 559.887
  Detector : x=   8.000, y=  20.000, z= 760.000
  Obj rotY :   0.0000 deg
view   0 | SOD= 560.532 mm | SDD= 761.018 mm | M= 1.358 | incident=2.9645°
[[ 135.11386    -543.4294      -24.993927  ]
 [ -44.020584    195.37697      10.006073  ]
 [   0.144512      0.03868385    0.        ]
 [   0.            0.            0.1496    ]]
Residual vector length: 42, Jacobian shape: (42, 6)
view   0 | SOD= 560.532 mm | SDD= 761.018 mm | M= 1.358 | incident=2.9645°
[[ 135.11386    -543.4294      -24.993927  ]
 [ -44.020584    195.37697      10.006073  ]
 [   0.144512      0.03868385    0.        ]
 [   0.            0.            0.1496    ]]

iter 34 cost=0.054087 -> 0.054087 |dtheta|=1.305642e-06  lambda=1.000e+06

============================================================
Iteration 35
============================================================
Theta offsets (Unity frame):
  Source   : dSx=   0.000, dSy=   0.000, dSz=   0.000  (mm)
  Object   : dOx= -14.998, dOy= -11.994, dOz= -22.113  (mm)
  Object offset: offset_x=   0.001, offset_z=  -0.002  (mm)
  Detector : dDx=   0.000, dDy=   0.000, dDz=   0.000  (mm)
  Obj Stage rotY :   14.986 deg
============================================================

Unity geometry (world coordinates):
  Source   : x= -10.000, y=  55.000, z=   0.000
  Object   : x=   0.002, y=  30.006, z= 559.887
  Detector : x=   8.000, y=  20.000, z= 760.000
  Obj rotY :   0.0000 deg
view   0 | SOD= 560.532 mm | SDD= 761.018 mm | M= 1.358 | incident=2.9645°
[[ 135.11386    -543.4294      -24.993927  ]
 [ -44.020584    195.37697      10.006073  ]
 [   0.144512      0.03868385    0.        ]
 [   0.            0.            0.1496    ]]
Residual vector length: 42, Jacobian shape: (42, 6)
view   0 | SOD= 560.532 mm | SDD= 761.018 mm | M= 1.358 | incident=2.9645°
[[ 135.11386    -543.4294      -24.993927  ]
 [ -44.020584    195.37697      10.006073  ]
 [   0.144512      0.03868385    0.        ]
 [   0.            0.            0.1496    ]]

iter 35 cost=0.054087 -> 0.054087 |dtheta|=1.305642e-06  lambda=1.000e+06

============================================================
Iteration 36
============================================================
Theta offsets (Unity frame):
  Source   : dSx=   0.000, dSy=   0.000, dSz=   0.000  (mm)
  Object   : dOx= -14.998, dOy= -11.994, dOz= -22.113  (mm)
  Object offset: offset_x=   0.001, offset_z=  -0.002  (mm)
  Detector : dDx=   0.000, dDy=   0.000, dDz=   0.000  (mm)
  Obj Stage rotY :   14.986 deg
============================================================

Unity geometry (world coordinates):
  Source   : x= -10.000, y=  55.000, z=   0.000
  Object   : x=   0.002, y=  30.006, z= 559.887
  Detector : x=   8.000, y=  20.000, z= 760.000
  Obj rotY :   0.0000 deg
view   0 | SOD= 560.532 mm | SDD= 761.018 mm | M= 1.358 | incident=2.9645°
[[ 135.11386    -543.4294      -24.993927  ]
 [ -44.020584    195.37697      10.006073  ]
 [   0.144512      0.03868385    0.        ]
 [   0.            0.            0.1496    ]]
Residual vector length: 42, Jacobian shape: (42, 6)
view   0 | SOD= 560.532 mm | SDD= 761.018 mm | M= 1.358 | incident=2.9645°
[[ 135.11386    -543.4294      -24.993927  ]
 [ -44.020584    195.37697      10.006073  ]
 [   0.144512      0.03868385    0.        ]
 [   0.            0.            0.1496    ]]

iter 36 cost=0.054087 -> 0.054087 |dtheta|=1.305642e-06  lambda=1.000e+06

============================================================
Iteration 37
============================================================
Theta offsets (Unity frame):
  Source   : dSx=   0.000, dSy=   0.000, dSz=   0.000  (mm)
  Object   : dOx= -14.998, dOy= -11.994, dOz= -22.113  (mm)
  Object offset: offset_x=   0.001, offset_z=  -0.002  (mm)
  Detector : dDx=   0.000, dDy=   0.000, dDz=   0.000  (mm)
  Obj Stage rotY :   14.986 deg
============================================================

Unity geometry (world coordinates):
  Source   : x= -10.000, y=  55.000, z=   0.000
  Object   : x=   0.002, y=  30.006, z= 559.887
  Detector : x=   8.000, y=  20.000, z= 760.000
  Obj rotY :   0.0000 deg
view   0 | SOD= 560.532 mm | SDD= 761.018 mm | M= 1.358 | incident=2.9645°
[[ 135.11386    -543.4294      -24.993927  ]
 [ -44.020584    195.37697      10.006073  ]
 [   0.144512      0.03868385    0.        ]
 [   0.            0.            0.1496    ]]
Residual vector length: 42, Jacobian shape: (42, 6)
view   0 | SOD= 560.532 mm | SDD= 761.018 mm | M= 1.358 | incident=2.9645°
[[ 135.11386    -543.4294      -24.993927  ]
 [ -44.020584    195.37697      10.006073  ]
 [   0.144512      0.03868385    0.        ]
 [   0.            0.            0.1496    ]]

iter 37 cost=0.054087 -> 0.054087 |dtheta|=1.305642e-06  lambda=1.000e+06

============================================================
Iteration 38
============================================================
Theta offsets (Unity frame):
  Source   : dSx=   0.000, dSy=   0.000, dSz=   0.000  (mm)
  Object   : dOx= -14.998, dOy= -11.994, dOz= -22.113  (mm)
  Object offset: offset_x=   0.001, offset_z=  -0.002  (mm)
  Detector : dDx=   0.000, dDy=   0.000, dDz=   0.000  (mm)
  Obj Stage rotY :   14.986 deg
============================================================

Unity geometry (world coordinates):
  Source   : x= -10.000, y=  55.000, z=   0.000
  Object   : x=   0.002, y=  30.006, z= 559.887
  Detector : x=   8.000, y=  20.000, z= 760.000
  Obj rotY :   0.0000 deg
view   0 | SOD= 560.532 mm | SDD= 761.018 mm | M= 1.358 | incident=2.9645°
[[ 135.11386    -543.4294      -24.993927  ]
 [ -44.020584    195.37697      10.006073  ]
 [   0.144512      0.03868385    0.        ]
 [   0.            0.            0.1496    ]]
Residual vector length: 42, Jacobian shape: (42, 6)
view   0 | SOD= 560.532 mm | SDD= 761.018 mm | M= 1.358 | incident=2.9645°
[[ 135.11386    -543.4294      -24.993927  ]
 [ -44.020584    195.37697      10.006073  ]
 [   0.144512      0.03868385    0.        ]
 [   0.            0.            0.1496    ]]

iter 38 cost=0.054087 -> 0.054087 |dtheta|=1.305642e-06  lambda=1.000e+06

============================================================
Iteration 39
============================================================
Theta offsets (Unity frame):
  Source   : dSx=   0.000, dSy=   0.000, dSz=   0.000  (mm)
  Object   : dOx= -14.998, dOy= -11.994, dOz= -22.113  (mm)
  Object offset: offset_x=   0.001, offset_z=  -0.002  (mm)
  Detector : dDx=   0.000, dDy=   0.000, dDz=   0.000  (mm)
  Obj Stage rotY :   14.986 deg
============================================================

Unity geometry (world coordinates):
  Source   : x= -10.000, y=  55.000, z=   0.000
  Object   : x=   0.002, y=  30.006, z= 559.887
  Detector : x=   8.000, y=  20.000, z= 760.000
  Obj rotY :   0.0000 deg
view   0 | SOD= 560.532 mm | SDD= 761.018 mm | M= 1.358 | incident=2.9645°
[[ 135.11386    -543.4294      -24.993927  ]
 [ -44.020584    195.37697      10.006073  ]
 [   0.144512      0.03868385    0.        ]
 [   0.            0.            0.1496    ]]
Residual vector length: 42, Jacobian shape: (42, 6)
view   0 | SOD= 560.532 mm | SDD= 761.018 mm | M= 1.358 | incident=2.9645°
[[ 135.11386    -543.4294      -24.993927  ]
 [ -44.020584    195.37697      10.006073  ]
 [   0.144512      0.03868385    0.        ]
 [   0.            0.            0.1496    ]]

iter 39 cost=0.054087 -> 0.054087 |dtheta|=1.305642e-06  lambda=1.000e+06

============================================================
Iteration 40
============================================================
Theta offsets (Unity frame):
  Source   : dSx=   0.000, dSy=   0.000, dSz=   0.000  (mm)
  Object   : dOx= -14.998, dOy= -11.994, dOz= -22.113  (mm)
  Object offset: offset_x=   0.001, offset_z=  -0.002  (mm)
  Detector : dDx=   0.000, dDy=   0.000, dDz=   0.000  (mm)
  Obj Stage rotY :   14.986 deg
============================================================

Unity geometry (world coordinates):
  Source   : x= -10.000, y=  55.000, z=   0.000
  Object   : x=   0.002, y=  30.006, z= 559.887
  Detector : x=   8.000, y=  20.000, z= 760.000
  Obj rotY :   0.0000 deg
view   0 | SOD= 560.532 mm | SDD= 761.018 mm | M= 1.358 | incident=2.9645°
[[ 135.11386    -543.4294      -24.993927  ]
 [ -44.020584    195.37697      10.006073  ]
 [   0.144512      0.03868385    0.        ]
 [   0.            0.            0.1496    ]]
Residual vector length: 42, Jacobian shape: (42, 6)
view   0 | SOD= 560.532 mm | SDD= 761.018 mm | M= 1.358 | incident=2.9645°
[[ 135.11386    -543.4294      -24.993927  ]
 [ -44.020584    195.37697      10.006073  ]
 [   0.144512      0.03868385    0.        ]
 [   0.            0.            0.1496    ]]

iter 40 cost=0.054087 -> 0.054087 |dtheta|=1.305642e-06  lambda=1.000e+06
Stalled.

Estimated theta:
  dSx: +0.000000
  dSy: +0.000000
  dOx: -14.998219
  dOy: -11.993927
  dOz: -22.112749
  dDx: +0.000000
  dDy: +0.000000
  dDz: +0.000000
alpha: +1.498594e+01 deg)
offset_x: +0.000684
offset_z: -0.002240

Final cost table:
Fake theta: [  0.   0. -15. -12. -22.   0.   0.   0.  15.   0.   0.]
Final estimated theta: [  0.           0.         -14.99821873 -11.99392692 -22.11274946
   0.           0.           0.          14.98593501   0.0006835
  -0.0022405 ]
Diff from Expected: [ 0.          0.          0.00178127  0.00607308 -0.11274946  0.
  0.          0.         -0.01406499  0.0006835  -0.0022405 ]
################################################################################

