Phantom already exists, skipping: cuboid_phantom_4_normal.npy

################################################################################
Running cuboid=normal scenario=G0 N_ANGLES=10, K=4
view   0 | SOD= 570.548 mm | SDD= 675.501 mm | M= 1.184 | incident=3.8197°
[[  98.97946    -561.3404      -25.        ]
 [ -18.05941     102.420006     20.        ]
 [   0.14732724    0.02597777    0.        ]
 [   0.            0.            0.1496    ]]
          image          x1         y1  area1          x2          y2  area2          x3          y3  area3          x4          y4  area4
0  proj_000.png  509.691892  62.383784    740  424.650585  204.666667    684  550.653251  341.150155    646  509.729620  502.967391    736
1  proj_001.png  417.500000  62.500000    732  445.048744  203.929099    677  599.994030  344.967164    670  417.521680  502.272358    738
2  proj_002.png  350.109551  62.589888    712  477.668148  203.669630    675  603.684583  349.697313    707  350.081232  496.501401    714
3  proj_003.png  333.364964  62.935766    685  510.102941  203.927941    680  558.076087  353.805707    736  333.394469  488.403202    687
4  proj_004.png  371.158879  63.252336    642  530.463343  204.714076    682  479.824161  355.488591    745  371.163297  481.037325    643
5  proj_005.png  447.333844  63.405819    653  530.790531  205.604017    697  400.726629  353.992918    706  447.264036  477.141123    659
6  proj_006.png  534.001531  63.336907    653  510.569620  206.410689    711  352.658960  350.002890    692  534.019578  477.912651    664
7  proj_007.png  600.895678  63.096870    671  477.378682  206.730715    713  353.419591  345.103801    684  600.913947  483.045994    674
8  proj_008.png  622.516643  62.914616    691  444.275910  206.460784    714  400.557377  341.284650    671  622.500000  491.000000    694
9  proj_009.png  588.477077  62.577364    698  424.174603  205.621934    693  475.220544  339.910876    662  588.439545  498.698435    703

============================================================
Iteration 0
============================================================
Theta offsets (Unity frame):
  Source   : dSx=   0.000, dSy=   0.000, dSz=   0.000  (mm)
  Object   : dOx=   0.000, dOy=   0.000, dOz=   0.000  (mm)
  Object offset: offset_x=   0.000, offset_z=   0.000  (mm)
  Detector : dDx=   0.000, dDy=   0.000, dDz=   0.000  (mm)
  Obj Stage rotY :    0.000 deg
============================================================

Unity geometry (world coordinates):
  Source   : x=   0.000, y=  45.000, z=   0.000
  Object   : x=  10.000, y=  15.000, z= 589.000
  Detector : x=   0.000, y=   0.000, z= 674.000
  Obj rotY :   0.0000 deg
view   0 | SOD= 589.848 mm | SDD= 675.501 mm | M= 1.145 | incident=3.8197°
[[ -10.     -589.      -30.    ]
 [ -10.       85.       15.    ]
 [   0.1496    0.        0.    ]
 [   0.        0.        0.1496]]
Residual vector length: 140, Jacobian shape: (140, 6)
view   0 | SOD= 590.313 mm | SDD= 675.501 mm | M= 1.144 | incident=3.8197°
[[  61.417294   -586.4642      -27.51408   ]
 [ -10.800346     83.65566      17.48592   ]
 [   0.14873877    0.01602932    0.        ]
 [   0.            0.            0.1496    ]]

iter 00 cost=150435.328127 -> 19171.631376 |dtheta|=9.736559e+00  lambda=1.000e-02

============================================================
Iteration 1
============================================================
Theta offsets (Unity frame):
  Source   : dSx=   0.000, dSy=   0.000, dSz=   0.000  (mm)
  Object   : dOx=  -6.991, dOy=   2.486, dOz=   0.625  (mm)
  Object offset: offset_x=  -1.235, offset_z=   0.043  (mm)
  Detector : dDx=   0.000, dDy=   0.000, dDz=   0.000  (mm)
  Obj Stage rotY :    6.151 deg
============================================================

Unity geometry (world coordinates):
  Source   : x=   0.000, y=  45.000, z=   0.000
  Object   : x=   3.009, y=  17.486, z= 589.625
  Detector : x=   0.000, y=   0.000, z= 674.000
  Obj rotY :   0.0000 deg
view   0 | SOD= 590.313 mm | SDD= 675.501 mm | M= 1.144 | incident=3.8197°
[[  61.417294   -586.4642      -27.51408   ]
 [ -10.800346     83.65566      17.48592   ]
 [   0.14873877    0.01602932    0.        ]
 [   0.            0.            0.1496    ]]
Residual vector length: 140, Jacobian shape: (140, 6)
view   0 | SOD= 585.593 mm | SDD= 675.501 mm | M= 1.154 | incident=3.8197°
[[  81.28325    -579.33405     -26.151073  ]
 [ -13.315037     87.99433      18.848927  ]
 [   0.14811918    0.02099689    0.        ]
 [   0.            0.            0.1496    ]]

iter 01 cost=19171.631376 -> 4295.914986 |dtheta|=5.704526e+00  lambda=3.333e-03

============================================================
Iteration 2
============================================================
Theta offsets (Unity frame):
  Source   : dSx=   0.000, dSy=   0.000, dSz=   0.000  (mm)
  Object   : dOx=  -8.847, dOy=   3.849, dOz=  -4.141  (mm)
  Object offset: offset_x=  -0.320, offset_z=   0.149  (mm)
  Detector : dDx=   0.000, dDy=   0.000, dDz=   0.000  (mm)
  Obj Stage rotY :    8.068 deg
============================================================

Unity geometry (world coordinates):
  Source   : x=   0.000, y=  45.000, z=   0.000
  Object   : x=   1.153, y=  18.849, z= 584.859
  Detector : x=   0.000, y=   0.000, z= 674.000
  Obj rotY :   0.0000 deg
view   0 | SOD= 585.593 mm | SDD= 675.501 mm | M= 1.154 | incident=3.8197°
[[  81.28325    -579.33405     -26.151073  ]
 [ -13.315037     87.99433      18.848927  ]
 [   0.14811918    0.02099689    0.        ]
 [   0.            0.            0.1496    ]]
Residual vector length: 140, Jacobian shape: (140, 6)
view   0 | SOD= 577.584 mm | SDD= 675.501 mm | M= 1.170 | incident=3.8197°
[[  79.49539    -571.5144      -25.596746  ]
 [ -13.450048     96.04619      19.403254  ]
 [   0.14817072    0.02063003    0.        ]
 [   0.            0.            0.1496    ]]

iter 02 cost=4295.914986 -> 1011.095664 |dtheta|=8.227312e+00  lambda=1.111e-03

============================================================
Iteration 3
============================================================
Theta offsets (Unity frame):
  Source   : dSx=   0.000, dSy=   0.000, dSz=   0.000  (mm)
  Object   : dOx=  -9.691, dOy=   4.403, dOz= -12.302  (mm)
  Object offset: offset_x=  -0.232, offset_z=   0.319  (mm)
  Detector : dDx=   0.000, dDy=   0.000, dDz=   0.000  (mm)
  Obj Stage rotY :    7.926 deg
============================================================

Unity geometry (world coordinates):
  Source   : x=   0.000, y=  45.000, z=   0.000
  Object   : x=   0.309, y=  19.403, z= 576.698
  Detector : x=   0.000, y=   0.000, z= 674.000
  Obj rotY :   0.0000 deg
view   0 | SOD= 577.584 mm | SDD= 675.501 mm | M= 1.170 | incident=3.8197°
[[  79.49539    -571.5144      -25.596746  ]
 [ -13.450048     96.04619      19.403254  ]
 [   0.14817072    0.02063003    0.        ]
 [   0.            0.            0.1496    ]]
Residual vector length: 140, Jacobian shape: (140, 6)
view   0 | SOD= 575.706 mm | SDD= 675.501 mm | M= 1.173 | incident=3.8197°
[[  88.694695   -568.2661      -25.37849   ]
 [ -15.296525     97.66318      19.62151   ]
 [   0.14780864    0.02308173    0.        ]
 [   0.            0.            0.1496    ]]

iter 03 cost=1011.095664 -> 393.858757 |dtheta|=1.992362e+00  lambda=3.704e-04

============================================================
Iteration 4
============================================================
Theta offsets (Unity frame):
  Source   : dSx=   0.000, dSy=   0.000, dSz=   0.000  (mm)
  Object   : dOx=  -9.866, dOy=   4.622, dOz= -14.019  (mm)
  Object offset: offset_x=  -0.089, offset_z=   0.165  (mm)
  Detector : dDx=   0.000, dDy=   0.000, dDz=   0.000  (mm)
  Obj Stage rotY :    8.876 deg
============================================================

Unity geometry (world coordinates):
  Source   : x=   0.000, y=  45.000, z=   0.000
  Object   : x=   0.134, y=  19.622, z= 574.981
  Detector : x=   0.000, y=   0.000, z= 674.000
  Obj rotY :   0.0000 deg
view   0 | SOD= 575.706 mm | SDD= 675.501 mm | M= 1.173 | incident=3.8197°
[[  88.694695   -568.2661      -25.37849   ]
 [ -15.296525     97.66318      19.62151   ]
 [   0.14780864    0.02308173    0.        ]
 [   0.            0.            0.1496    ]]
Residual vector length: 140, Jacobian shape: (140, 6)
view   0 | SOD= 573.972 mm | SDD= 675.501 mm | M= 1.177 | incident=3.8197°
[[  93.163506   -565.8004      -25.1935    ]
 [ -16.272346     99.2558       19.8065    ]
 [   0.14761485    0.02429021    0.        ]
 [   0.            0.            0.1496    ]]

iter 04 cost=393.858757 -> 147.800946 |dtheta|=1.678134e+00  lambda=1.235e-04

============================================================
Iteration 5
============================================================
Theta offsets (Unity frame):
  Source   : dSx=   0.000, dSy=   0.000, dSz=   0.000  (mm)
  Object   : dOx=  -9.987, dOy=   4.806, dOz= -15.609  (mm)
  Object offset: offset_x=  -0.073, offset_z=   0.028  (mm)
  Detector : dDx=   0.000, dDy=   0.000, dDz=   0.000  (mm)
  Obj Stage rotY :    9.344 deg
============================================================

Unity geometry (world coordinates):
  Source   : x=   0.000, y=  45.000, z=   0.000
  Object   : x=   0.013, y=  19.806, z= 573.391
  Detector : x=   0.000, y=   0.000, z= 674.000
  Obj rotY :   0.0000 deg
view   0 | SOD= 573.972 mm | SDD= 675.501 mm | M= 1.177 | incident=3.8197°
[[  93.163506   -565.8004      -25.1935    ]
 [ -16.272346     99.2558       19.8065    ]
 [   0.14761485    0.02429021    0.        ]
 [   0.            0.            0.1496    ]]
Residual vector length: 140, Jacobian shape: (140, 6)
view   0 | SOD= 572.894 mm | SDD= 675.501 mm | M= 1.179 | incident=3.8197°
[[  96.329704   -564.17664     -25.152084  ]
 [ -17.142597    100.20278      19.847916  ]
 [   0.14746463    0.02518614    0.        ]
 [   0.            0.            0.1496    ]]

iter 05 cost=147.800946 -> 67.475852 |dtheta|=1.099562e+00  lambda=4.115e-05

============================================================
Iteration 6
============================================================
Theta offsets (Unity frame):
  Source   : dSx=   0.000, dSy=   0.000, dSz=   0.000  (mm)
  Object   : dOx= -10.004, dOy=   4.848, dOz= -16.645  (mm)
  Object offset: offset_x=   0.032, offset_z=  -0.014  (mm)
  Detector : dDx=   0.000, dDy=   0.000, dDz=   0.000  (mm)
  Obj Stage rotY :    9.692 deg
============================================================

Unity geometry (world coordinates):
  Source   : x=   0.000, y=  45.000, z=   0.000
  Object   : x=  -0.004, y=  19.848, z= 572.355
  Detector : x=   0.000, y=   0.000, z= 674.000
  Obj rotY :   0.0000 deg
view   0 | SOD= 572.894 mm | SDD= 675.501 mm | M= 1.179 | incident=3.8197°
[[  96.329704   -564.17664     -25.152084  ]
 [ -17.142597    100.20278      19.847916  ]
 [   0.14746463    0.02518614    0.        ]
 [   0.            0.            0.1496    ]]
Residual vector length: 140, Jacobian shape: (140, 6)
view   0 | SOD= 572.520 mm | SDD= 675.501 mm | M= 1.180 | incident=3.8197°
[[  98.62245    -563.4035      -25.082108  ]
 [ -17.567238    100.506065     19.917892  ]
 [   0.14736035    0.02578928    0.        ]
 [   0.            0.            0.1496    ]]

iter 06 cost=67.475852 -> 37.004169 |dtheta|=4.739625e-01  lambda=1.372e-05

============================================================
Iteration 7
============================================================
Theta offsets (Unity frame):
  Source   : dSx=   0.000, dSy=   0.000, dSz=   0.000  (mm)
  Object   : dOx= -10.002, dOy=   4.918, dOz= -17.046  (mm)
  Object offset: offset_x=  -0.020, offset_z=   0.017  (mm)
  Detector : dDx=   0.000, dDy=   0.000, dDz=   0.000  (mm)
  Obj Stage rotY :    9.927 deg
============================================================

Unity geometry (world coordinates):
  Source   : x=   0.000, y=  45.000, z=   0.000
  Object   : x=  -0.002, y=  19.918, z= 571.954
  Detector : x=   0.000, y=   0.000, z= 674.000
  Obj rotY :   0.0000 deg
view   0 | SOD= 572.520 mm | SDD= 675.501 mm | M= 1.180 | incident=3.8197°
[[  98.62245    -563.4035      -25.082108  ]
 [ -17.567238    100.506065     19.917892  ]
 [   0.14736035    0.02578928    0.        ]
 [   0.            0.            0.1496    ]]
Residual vector length: 140, Jacobian shape: (140, 6)
view   0 | SOD= 572.017 mm | SDD= 675.501 mm | M= 1.181 | incident=3.8197°
[[  98.043335   -562.9943      -25.065966  ]
 [ -17.561905    101.017265     19.934034  ]
 [   0.14738299    0.02565956    0.        ]
 [   0.            0.            0.1496    ]]

iter 07 cost=37.004169 -> 20.861907 |dtheta|=4.891144e-01  lambda=4.572e-06

============================================================
Iteration 8
============================================================
Theta offsets (Unity frame):
  Source   : dSx=   0.000, dSy=   0.000, dSz=   0.000  (mm)
  Object   : dOx= -10.013, dOy=   4.934, dOz= -17.532  (mm)
  Object offset: offset_x=  -0.012, offset_z=  -0.000  (mm)
  Detector : dDx=   0.000, dDy=   0.000, dDz=   0.000  (mm)
  Obj Stage rotY :    9.876 deg
============================================================

Unity geometry (world coordinates):
  Source   : x=   0.000, y=  45.000, z=   0.000
  Object   : x=  -0.013, y=  19.934, z= 571.468
  Detector : x=   0.000, y=   0.000, z= 674.000
  Obj rotY :   0.0000 deg
view   0 | SOD= 572.017 mm | SDD= 675.501 mm | M= 1.181 | incident=3.8197°
[[  98.043335   -562.9943      -25.065966  ]
 [ -17.561905    101.017265     19.934034  ]
 [   0.14738299    0.02565956    0.        ]
 [   0.            0.            0.1496    ]]
Residual vector length: 140, Jacobian shape: (140, 6)
view   0 | SOD= 571.711 mm | SDD= 675.501 mm | M= 1.182 | incident=3.8197°
[[  98.42085    -562.618       -25.057285  ]
 [ -17.71867     101.300385     19.942715  ]
 [   0.14736229    0.02577815    0.        ]
 [   0.            0.            0.1496    ]]

iter 08 cost=20.861907 -> 12.839579 |dtheta|=3.188167e-01  lambda=1.524e-06

============================================================
Iteration 9
============================================================
Theta offsets (Unity frame):
  Source   : dSx=   0.000, dSy=   0.000, dSz=   0.000  (mm)
  Object   : dOx= -10.002, dOy=   4.943, dOz= -17.847  (mm)
  Object offset: offset_x=  -0.000, offset_z=   0.009  (mm)
  Detector : dDx=   0.000, dDy=   0.000, dDz=   0.000  (mm)
  Obj Stage rotY :    9.922 deg
============================================================

Unity geometry (world coordinates):
  Source   : x=   0.000, y=  45.000, z=   0.000
  Object   : x=  -0.002, y=  19.943, z= 571.153
  Detector : x=   0.000, y=   0.000, z= 674.000
  Obj rotY :   0.0000 deg
view   0 | SOD= 571.711 mm | SDD= 675.501 mm | M= 1.182 | incident=3.8197°
[[  98.42085    -562.618       -25.057285  ]
 [ -17.71867     101.300385     19.942715  ]
 [   0.14736229    0.02577815    0.        ]
 [   0.            0.            0.1496    ]]
Residual vector length: 140, Jacobian shape: (140, 6)
view   0 | SOD= 571.445 mm | SDD= 675.501 mm | M= 1.182 | incident=3.8197°
[[  98.93601    -562.2581      -25.03743   ]
 [ -17.886303    101.54047      19.96257   ]
 [   0.14733571    0.0259297     0.        ]
 [   0.            0.            0.1496    ]]

iter 09 cost=12.839579 -> 8.316995 |dtheta|=2.649485e-01  lambda=1.000e-06

============================================================
Iteration 10
============================================================
Theta offsets (Unity frame):
  Source   : dSx=   0.000, dSy=   0.000, dSz=   0.000  (mm)
  Object   : dOx= -10.001, dOy=   4.963, dOz= -18.104  (mm)
  Object offset: offset_x=   0.017, offset_z=  -0.000  (mm)
  Detector : dDx=   0.000, dDy=   0.000, dDz=   0.000  (mm)
  Obj Stage rotY :    9.981 deg
============================================================

Unity geometry (world coordinates):
  Source   : x=   0.000, y=  45.000, z=   0.000
  Object   : x=  -0.001, y=  19.963, z= 570.896
  Detector : x=   0.000, y=   0.000, z= 674.000
  Obj rotY :   0.0000 deg
view   0 | SOD= 571.445 mm | SDD= 675.501 mm | M= 1.182 | incident=3.8197°
[[  98.93601    -562.2581      -25.03743   ]
 [ -17.886303    101.54047      19.96257   ]
 [   0.14733571    0.0259297     0.        ]
 [   0.            0.            0.1496    ]]
Residual vector length: 140, Jacobian shape: (140, 6)
view   0 | SOD= 571.211 mm | SDD= 675.501 mm | M= 1.183 | incident=3.8197°
[[  99.24858    -561.96533     -25.03835   ]
 [ -17.972713    101.7629       19.96165   ]
 [   0.14732009    0.02601826    0.        ]
 [   0.            0.            0.1496    ]]

iter 10 cost=8.316995 -> 4.610648 |dtheta|=2.489568e-01  lambda=1.000e-06

============================================================
Iteration 11
============================================================
Theta offsets (Unity frame):
  Source   : dSx=   0.000, dSy=   0.000, dSz=   0.000  (mm)
  Object   : dOx=  -9.995, dOy=   4.962, dOz= -18.349  (mm)
  Object offset: offset_x=  -0.004, offset_z=   0.011  (mm)
  Detector : dDx=   0.000, dDy=   0.000, dDz=   0.000  (mm)
  Obj Stage rotY :   10.016 deg
============================================================

Unity geometry (world coordinates):
  Source   : x=   0.000, y=  45.000, z=   0.000
  Object   : x=   0.005, y=  19.962, z= 570.651
  Detector : x=   0.000, y=   0.000, z= 674.000
  Obj rotY :   0.0000 deg
view   0 | SOD= 571.211 mm | SDD= 675.501 mm | M= 1.183 | incident=3.8197°
[[  99.24858    -561.96533     -25.03835   ]
 [ -17.972713    101.7629       19.96165   ]
 [   0.14732009    0.02601826    0.        ]
 [   0.            0.            0.1496    ]]
Residual vector length: 140, Jacobian shape: (140, 6)
view   0 | SOD= 571.016 mm | SDD= 675.501 mm | M= 1.183 | incident=3.8197°
[[  99.07001    -561.7996      -25.016146  ]
 [ -17.970642    101.96048      19.983854  ]
 [   0.14732717    0.02597816    0.        ]
 [   0.            0.            0.1496    ]]

iter 11 cost=4.610648 -> 2.410982 |dtheta|=1.841743e-01  lambda=1.000e-06

============================================================
Iteration 12
============================================================
Theta offsets (Unity frame):
  Source   : dSx=   0.000, dSy=   0.000, dSz=   0.000  (mm)
  Object   : dOx= -10.005, dOy=   4.984, dOz= -18.531  (mm)
  Object offset: offset_x=  -0.003, offset_z=  -0.002  (mm)
  Detector : dDx=   0.000, dDy=   0.000, dDz=   0.000  (mm)
  Obj Stage rotY :   10.000 deg
============================================================

Unity geometry (world coordinates):
  Source   : x=   0.000, y=  45.000, z=   0.000
  Object   : x=  -0.005, y=  19.984, z= 570.469
  Detector : x=   0.000, y=   0.000, z= 674.000
  Obj rotY :   0.0000 deg
view   0 | SOD= 571.016 mm | SDD= 675.501 mm | M= 1.183 | incident=3.8197°
[[  99.07001    -561.7996      -25.016146  ]
 [ -17.970642    101.96048      19.983854  ]
 [   0.14732717    0.02597816    0.        ]
 [   0.            0.            0.1496    ]]
Residual vector length: 140, Jacobian shape: (140, 6)
view   0 | SOD= 570.934 mm | SDD= 675.501 mm | M= 1.183 | incident=3.8197°
[[  99.027336   -561.72424     -25.012943  ]
 [ -17.989946    102.04         19.987057  ]
 [   0.14732808    0.02597298    0.        ]
 [   0.            0.            0.1496    ]]

iter 12 cost=2.410982 -> 1.568284 |dtheta|=8.767509e-02  lambda=1.000e-06

============================================================
Iteration 13
============================================================
Theta offsets (Unity frame):
  Source   : dSx=   0.000, dSy=   0.000, dSz=   0.000  (mm)
  Object   : dOx=  -9.998, dOy=   4.987, dOz= -18.618  (mm)
  Object offset: offset_x=  -0.001, offset_z=   0.004  (mm)
  Detector : dDx=   0.000, dDy=   0.000, dDz=   0.000  (mm)
  Obj Stage rotY :    9.998 deg
============================================================

Unity geometry (world coordinates):
  Source   : x=   0.000, y=  45.000, z=   0.000
  Object   : x=   0.002, y=  19.987, z= 570.382
  Detector : x=   0.000, y=   0.000, z= 674.000
  Obj rotY :   0.0000 deg
view   0 | SOD= 570.934 mm | SDD= 675.501 mm | M= 1.183 | incident=3.8197°
[[  99.027336   -561.72424     -25.012943  ]
 [ -17.989946    102.04         19.987057  ]
 [   0.14732808    0.02597298    0.        ]
 [   0.            0.            0.1496    ]]
Residual vector length: 140, Jacobian shape: (140, 6)
view   0 | SOD= 570.830 mm | SDD= 675.501 mm | M= 1.183 | incident=3.8197°
[[  98.906975   -561.63904     -25.00821   ]
 [ -17.990688    102.146286     19.99179   ]
 [   0.14733276    0.02594643    0.        ]
 [   0.            0.            0.1496    ]]

iter 13 cost=1.568284 -> 0.986725 |dtheta|=1.053439e-01  lambda=1.000e-06

============================================================
Iteration 14
============================================================
Theta offsets (Unity frame):
  Source   : dSx=   0.000, dSy=   0.000, dSz=   0.000  (mm)
  Object   : dOx=  -9.995, dOy=   4.992, dOz= -18.722  (mm)
  Object offset: offset_x=  -0.003, offset_z=   0.004  (mm)
  Detector : dDx=   0.000, dDy=   0.000, dDz=   0.000  (mm)
  Obj Stage rotY :    9.988 deg
============================================================

Unity geometry (world coordinates):
  Source   : x=   0.000, y=  45.000, z=   0.000
  Object   : x=   0.005, y=  19.992, z= 570.278
  Detector : x=   0.000, y=   0.000, z= 674.000
  Obj rotY :   0.0000 deg
view   0 | SOD= 570.830 mm | SDD= 675.501 mm | M= 1.183 | incident=3.8197°
[[  98.906975   -561.63904     -25.00821   ]
 [ -17.990688    102.146286     19.99179   ]
 [   0.14733276    0.02594643    0.        ]
 [   0.            0.            0.1496    ]]
Residual vector length: 140, Jacobian shape: (140, 6)
view   0 | SOD= 570.764 mm | SDD= 675.501 mm | M= 1.184 | incident=3.8197°
[[  98.90837    -561.57196     -25.00312   ]
 [ -17.998755    102.21167      19.99688   ]
 [   0.14733239    0.02594852    0.        ]
 [   0.            0.            0.1496    ]]

iter 14 cost=0.986725 -> 0.707402 |dtheta|=6.621215e-02  lambda=1.000e-06

============================================================
Iteration 15
============================================================
Theta offsets (Unity frame):
  Source   : dSx=   0.000, dSy=   0.000, dSz=   0.000  (mm)
  Object   : dOx=  -9.997, dOy=   4.997, dOz= -18.788  (mm)
  Object offset: offset_x=  -0.006, offset_z=   0.004  (mm)
  Detector : dDx=   0.000, dDy=   0.000, dDz=   0.000  (mm)
  Obj Stage rotY :    9.989 deg
============================================================

Unity geometry (world coordinates):
  Source   : x=   0.000, y=  45.000, z=   0.000
  Object   : x=   0.003, y=  19.997, z= 570.212
  Detector : x=   0.000, y=   0.000, z= 674.000
  Obj rotY :   0.0000 deg
view   0 | SOD= 570.764 mm | SDD= 675.501 mm | M= 1.184 | incident=3.8197°
[[  98.90837    -561.57196     -25.00312   ]
 [ -17.998755    102.21167      19.99688   ]
 [   0.14733239    0.02594852    0.        ]
 [   0.            0.            0.1496    ]]
Residual vector length: 140, Jacobian shape: (140, 6)
view   0 | SOD= 570.699 mm | SDD= 675.501 mm | M= 1.184 | incident=3.8197°
[[  99.02756    -561.4851      -25.002028  ]
 [ -18.038074    102.27062      19.997972  ]
 [   0.14732619    0.02598371    0.        ]
 [   0.            0.            0.1496    ]]

iter 15 cost=0.707402 -> 0.503930 |dtheta|=6.303050e-02  lambda=1.000e-06

============================================================
Iteration 16
============================================================
Theta offsets (Unity frame):
  Source   : dSx=   0.000, dSy=   0.000, dSz=   0.000  (mm)
  Object   : dOx=  -9.996, dOy=   4.998, dOz= -18.850  (mm)
  Object offset: offset_x=  -0.003, offset_z=   0.000  (mm)
  Detector : dDx=   0.000, dDy=   0.000, dDz=   0.000  (mm)
  Obj Stage rotY :   10.002 deg
============================================================

Unity geometry (world coordinates):
  Source   : x=   0.000, y=  45.000, z=   0.000
  Object   : x=   0.004, y=  19.998, z= 570.150
  Detector : x=   0.000, y=   0.000, z= 674.000
  Obj rotY :   0.0000 deg
view   0 | SOD= 570.699 mm | SDD= 675.501 mm | M= 1.184 | incident=3.8197°
[[  99.02756    -561.4851      -25.002028  ]
 [ -18.038074    102.27062      19.997972  ]
 [   0.14732619    0.02598371    0.        ]
 [   0.            0.            0.1496    ]]
Residual vector length: 140, Jacobian shape: (140, 6)
view   0 | SOD= 570.693 mm | SDD= 675.501 mm | M= 1.184 | incident=3.8197°
[[  98.994255   -561.48486     -25.002588  ]
 [ -18.031828    102.2778       19.997412  ]
 [   0.14732774    0.02597493    0.        ]
 [   0.            0.            0.1496    ]]

iter 16 cost=0.503930 -> 0.503802 |dtheta|=8.961796e-03  lambda=1.000e-06

============================================================
Iteration 17
============================================================
Theta offsets (Unity frame):
  Source   : dSx=   0.000, dSy=   0.000, dSz=   0.000  (mm)
  Object   : dOx=  -9.997, dOy=   4.997, dOz= -18.858  (mm)
  Object offset: offset_x=  -0.003, offset_z=   0.002  (mm)
  Detector : dDx=   0.000, dDy=   0.000, dDz=   0.000  (mm)
  Obj Stage rotY :    9.999 deg
============================================================

Unity geometry (world coordinates):
  Source   : x=   0.000, y=  45.000, z=   0.000
  Object   : x=   0.003, y=  19.997, z= 570.142
  Detector : x=   0.000, y=   0.000, z= 674.000
  Obj rotY :   0.0000 deg
view   0 | SOD= 570.693 mm | SDD= 675.501 mm | M= 1.184 | incident=3.8197°
[[  98.994255   -561.48486     -25.002588  ]
 [ -18.031828    102.2778       19.997412  ]
 [   0.14732774    0.02597493    0.        ]
 [   0.            0.            0.1496    ]]
Residual vector length: 140, Jacobian shape: (140, 6)
view   0 | SOD= 570.638 mm | SDD= 675.501 mm | M= 1.184 | incident=3.8197°
[[  98.94118    -561.4389      -25.001974  ]
 [ -18.031301    102.33324      19.998026  ]
 [   0.14732984    0.02596303    0.        ]
 [   0.            0.            0.1496    ]]

iter 17 cost=0.503802 -> 0.384814 |dtheta|=5.546813e-02  lambda=1.000e-06

============================================================
Iteration 18
============================================================
Theta offsets (Unity frame):
  Source   : dSx=   0.000, dSy=   0.000, dSz=   0.000  (mm)
  Object   : dOx=  -9.998, dOy=   4.998, dOz= -18.913  (mm)
  Object offset: offset_x=  -0.005, offset_z=   0.003  (mm)
  Detector : dDx=   0.000, dDy=   0.000, dDz=   0.000  (mm)
  Obj Stage rotY :    9.994 deg
============================================================

Unity geometry (world coordinates):
  Source   : x=   0.000, y=  45.000, z=   0.000
  Object   : x=   0.002, y=  19.998, z= 570.087
  Detector : x=   0.000, y=   0.000, z= 674.000
  Obj rotY :   0.0000 deg
view   0 | SOD= 570.638 mm | SDD= 675.501 mm | M= 1.184 | incident=3.8197°
[[  98.94118    -561.4389      -25.001974  ]
 [ -18.031301    102.33324      19.998026  ]
 [   0.14732984    0.02596303    0.        ]
 [   0.            0.            0.1496    ]]
Residual vector length: 140, Jacobian shape: (140, 6)
view   0 | SOD= 570.626 mm | SDD= 675.501 mm | M= 1.184 | incident=3.8197°
[[  98.99447    -561.4173      -25.002254  ]
 [ -18.045675    102.34291      19.997746  ]
 [   0.14732718    0.02597805    0.        ]
 [   0.            0.            0.1496    ]]

iter 18 cost=0.384814 -> 0.377781 |dtheta|=1.295028e-02  lambda=1.000e-06

============================================================
Iteration 19
============================================================
Theta offsets (Unity frame):
  Source   : dSx=   0.000, dSy=   0.000, dSz=   0.000  (mm)
  Object   : dOx=  -9.997, dOy=   4.998, dOz= -18.924  (mm)
  Object offset: offset_x=  -0.004, offset_z=   0.002  (mm)
  Detector : dDx=   0.000, dDy=   0.000, dDz=   0.000  (mm)
  Obj Stage rotY :   10.000 deg
============================================================

Unity geometry (world coordinates):
  Source   : x=   0.000, y=  45.000, z=   0.000
  Object   : x=   0.003, y=  19.998, z= 570.076
  Detector : x=   0.000, y=   0.000, z= 674.000
  Obj rotY :   0.0000 deg
view   0 | SOD= 570.626 mm | SDD= 675.501 mm | M= 1.184 | incident=3.8197°
[[  98.99447    -561.4173      -25.002254  ]
 [ -18.045675    102.34291      19.997746  ]
 [   0.14732718    0.02597805    0.        ]
 [   0.            0.            0.1496    ]]
Residual vector length: 140, Jacobian shape: (140, 6)
view   0 | SOD= 570.607 mm | SDD= 675.501 mm | M= 1.184 | incident=3.8197°
[[  99.03557    -561.3902      -25.001825  ]
 [ -18.056953    102.360756     19.998175  ]
 [   0.14732514    0.02598968    0.        ]
 [   0.            0.            0.1496    ]]

iter 19 cost=0.377781 -> 0.311947 |dtheta|=1.927206e-02  lambda=1.000e-06

============================================================
Iteration 20
============================================================
Theta offsets (Unity frame):
  Source   : dSx=   0.000, dSy=   0.000, dSz=   0.000  (mm)
  Object   : dOx=  -9.997, dOy=   4.998, dOz= -18.943  (mm)
  Object offset: offset_x=  -0.004, offset_z=   0.002  (mm)
  Detector : dDx=   0.000, dDy=   0.000, dDz=   0.000  (mm)
  Obj Stage rotY :   10.005 deg
============================================================

Unity geometry (world coordinates):
  Source   : x=   0.000, y=  45.000, z=   0.000
  Object   : x=   0.003, y=  19.998, z= 570.057
  Detector : x=   0.000, y=   0.000, z= 674.000
  Obj rotY :   0.0000 deg
view   0 | SOD= 570.607 mm | SDD= 675.501 mm | M= 1.184 | incident=3.8197°
[[  99.03557    -561.3902      -25.001825  ]
 [ -18.056953    102.360756     19.998175  ]
 [   0.14732514    0.02598968    0.        ]
 [   0.            0.            0.1496    ]]
Residual vector length: 140, Jacobian shape: (140, 6)
view   0 | SOD= 570.581 mm | SDD= 675.501 mm | M= 1.184 | incident=3.8197°
[[  99.03204    -561.36505     -25.001537  ]
 [ -18.061785    102.38569      19.998463  ]
 [   0.14732508    0.02598996    0.        ]
 [   0.            0.            0.1496    ]]

iter 20 cost=0.311947 -> 0.284291 |dtheta|=2.689159e-02  lambda=1.000e-06

============================================================
Iteration 21
============================================================
Theta offsets (Unity frame):
  Source   : dSx=   0.000, dSy=   0.000, dSz=   0.000  (mm)
  Object   : dOx=  -9.997, dOy=   4.998, dOz= -18.970  (mm)
  Object offset: offset_x=  -0.003, offset_z=   0.003  (mm)
  Detector : dDx=   0.000, dDy=   0.000, dDz=   0.000  (mm)
  Obj Stage rotY :   10.005 deg
============================================================

Unity geometry (world coordinates):
  Source   : x=   0.000, y=  45.000, z=   0.000
  Object   : x=   0.003, y=  19.998, z= 570.030
  Detector : x=   0.000, y=   0.000, z= 674.000
  Obj rotY :   0.0000 deg
view   0 | SOD= 570.581 mm | SDD= 675.501 mm | M= 1.184 | incident=3.8197°
[[  99.03204    -561.36505     -25.001537  ]
 [ -18.061785    102.38569      19.998463  ]
 [   0.14732508    0.02598996    0.        ]
 [   0.            0.            0.1496    ]]
Residual vector length: 140, Jacobian shape: (140, 6)
view   0 | SOD= 570.563 mm | SDD= 675.501 mm | M= 1.184 | incident=3.8197°
[[  99.00016    -561.3517      -25.000065  ]
 [ -18.05774     102.405365     19.999935  ]
 [   0.1473265     0.02598199    0.        ]
 [   0.            0.            0.1496    ]]

iter 21 cost=0.284291 -> 0.304727 |dtheta|=1.721766e-02  lambda=1.000e-06

============================================================
Iteration 22
============================================================
Theta offsets (Unity frame):
  Source   : dSx=   0.000, dSy=   0.000, dSz=   0.000  (mm)
  Object   : dOx=  -9.997, dOy=   4.998, dOz= -18.970  (mm)
  Object offset: offset_x=  -0.003, offset_z=   0.003  (mm)
  Detector : dDx=   0.000, dDy=   0.000, dDz=   0.000  (mm)
  Obj Stage rotY :   10.005 deg
============================================================

Unity geometry (world coordinates):
  Source   : x=   0.000, y=  45.000, z=   0.000
  Object   : x=   0.003, y=  19.998, z= 570.030
  Detector : x=   0.000, y=   0.000, z= 674.000
  Obj rotY :   0.0000 deg
view   0 | SOD= 570.581 mm | SDD= 675.501 mm | M= 1.184 | incident=3.8197°
[[  99.03204    -561.36505     -25.001537  ]
 [ -18.061785    102.38569      19.998463  ]
 [   0.14732508    0.02598996    0.        ]
 [   0.            0.            0.1496    ]]
Residual vector length: 140, Jacobian shape: (140, 6)
view   0 | SOD= 570.563 mm | SDD= 675.501 mm | M= 1.184 | incident=3.8197°
[[  99.00016    -561.3517      -25.000065  ]
 [ -18.05774     102.405365     19.999935  ]
 [   0.1473265     0.02598199    0.        ]
 [   0.            0.            0.1496    ]]

iter 22 cost=0.284291 -> 0.304727 |dtheta|=1.721766e-02  lambda=5.000e-06

============================================================
Iteration 23
============================================================
Theta offsets (Unity frame):
  Source   : dSx=   0.000, dSy=   0.000, dSz=   0.000  (mm)
  Object   : dOx=  -9.997, dOy=   4.998, dOz= -18.970  (mm)
  Object offset: offset_x=  -0.003, offset_z=   0.003  (mm)
  Detector : dDx=   0.000, dDy=   0.000, dDz=   0.000  (mm)
  Obj Stage rotY :   10.005 deg
============================================================

Unity geometry (world coordinates):
  Source   : x=   0.000, y=  45.000, z=   0.000
  Object   : x=   0.003, y=  19.998, z= 570.030
  Detector : x=   0.000, y=   0.000, z= 674.000
  Obj rotY :   0.0000 deg
view   0 | SOD= 570.581 mm | SDD= 675.501 mm | M= 1.184 | incident=3.8197°
[[  99.03204    -561.36505     -25.001537  ]
 [ -18.061785    102.38569      19.998463  ]
 [   0.14732508    0.02598996    0.        ]
 [   0.            0.            0.1496    ]]
Residual vector length: 140, Jacobian shape: (140, 6)
view   0 | SOD= 570.563 mm | SDD= 675.501 mm | M= 1.184 | incident=3.8197°
[[  99.00016    -561.3517      -25.000065  ]
 [ -18.05774     102.405365     19.999935  ]
 [   0.1473265     0.02598199    0.        ]
 [   0.            0.            0.1496    ]]

iter 23 cost=0.284291 -> 0.304727 |dtheta|=1.721765e-02  lambda=2.500e-05

============================================================
Iteration 24
============================================================
Theta offsets (Unity frame):
  Source   : dSx=   0.000, dSy=   0.000, dSz=   0.000  (mm)
  Object   : dOx=  -9.997, dOy=   4.998, dOz= -18.970  (mm)
  Object offset: offset_x=  -0.003, offset_z=   0.003  (mm)
  Detector : dDx=   0.000, dDy=   0.000, dDz=   0.000  (mm)
  Obj Stage rotY :   10.005 deg
============================================================

Unity geometry (world coordinates):
  Source   : x=   0.000, y=  45.000, z=   0.000
  Object   : x=   0.003, y=  19.998, z= 570.030
  Detector : x=   0.000, y=   0.000, z= 674.000
  Obj rotY :   0.0000 deg
view   0 | SOD= 570.581 mm | SDD= 675.501 mm | M= 1.184 | incident=3.8197°
[[  99.03204    -561.36505     -25.001537  ]
 [ -18.061785    102.38569      19.998463  ]
 [   0.14732508    0.02598996    0.        ]
 [   0.            0.            0.1496    ]]
Residual vector length: 140, Jacobian shape: (140, 6)
view   0 | SOD= 570.563 mm | SDD= 675.501 mm | M= 1.184 | incident=3.8197°
[[  99.00016    -561.3517      -25.000065  ]
 [ -18.05774     102.405365     19.999935  ]
 [   0.1473265     0.02598199    0.        ]
 [   0.            0.            0.1496    ]]

iter 24 cost=0.284291 -> 0.304727 |dtheta|=1.721763e-02  lambda=1.250e-04

============================================================
Iteration 25
============================================================
Theta offsets (Unity frame):
  Source   : dSx=   0.000, dSy=   0.000, dSz=   0.000  (mm)
  Object   : dOx=  -9.997, dOy=   4.998, dOz= -18.970  (mm)
  Object offset: offset_x=  -0.003, offset_z=   0.003  (mm)
  Detector : dDx=   0.000, dDy=   0.000, dDz=   0.000  (mm)
  Obj Stage rotY :   10.005 deg
============================================================

Unity geometry (world coordinates):
  Source   : x=   0.000, y=  45.000, z=   0.000
  Object   : x=   0.003, y=  19.998, z= 570.030
  Detector : x=   0.000, y=   0.000, z= 674.000
  Obj rotY :   0.0000 deg
view   0 | SOD= 570.581 mm | SDD= 675.501 mm | M= 1.184 | incident=3.8197°
[[  99.03204    -561.36505     -25.001537  ]
 [ -18.061785    102.38569      19.998463  ]
 [   0.14732508    0.02598996    0.        ]
 [   0.            0.            0.1496    ]]
Residual vector length: 140, Jacobian shape: (140, 6)
view   0 | SOD= 570.563 mm | SDD= 675.501 mm | M= 1.184 | incident=3.8197°
[[  99.00016    -561.3517      -25.000065  ]
 [ -18.05774     102.405365     19.999935  ]
 [   0.1473265     0.02598199    0.        ]
 [   0.            0.            0.1496    ]]

iter 25 cost=0.284291 -> 0.304727 |dtheta|=1.721754e-02  lambda=6.250e-04

============================================================
Iteration 26
============================================================
Theta offsets (Unity frame):
  Source   : dSx=   0.000, dSy=   0.000, dSz=   0.000  (mm)
  Object   : dOx=  -9.997, dOy=   4.998, dOz= -18.970  (mm)
  Object offset: offset_x=  -0.003, offset_z=   0.003  (mm)
  Detector : dDx=   0.000, dDy=   0.000, dDz=   0.000  (mm)
  Obj Stage rotY :   10.005 deg
============================================================

Unity geometry (world coordinates):
  Source   : x=   0.000, y=  45.000, z=   0.000
  Object   : x=   0.003, y=  19.998, z= 570.030
  Detector : x=   0.000, y=   0.000, z= 674.000
  Obj rotY :   0.0000 deg
view   0 | SOD= 570.581 mm | SDD= 675.501 mm | M= 1.184 | incident=3.8197°
[[  99.03204    -561.36505     -25.001537  ]
 [ -18.061785    102.38569      19.998463  ]
 [   0.14732508    0.02598996    0.        ]
 [   0.            0.            0.1496    ]]
Residual vector length: 140, Jacobian shape: (140, 6)
view   0 | SOD= 570.563 mm | SDD= 675.501 mm | M= 1.184 | incident=3.8197°
[[  99.00016    -561.3517      -25.000067  ]
 [ -18.05774     102.405365     19.999933  ]
 [   0.1473265     0.02598199    0.        ]
 [   0.            0.            0.1496    ]]

iter 26 cost=0.284291 -> 0.304727 |dtheta|=1.721708e-02  lambda=3.125e-03

============================================================
Iteration 27
============================================================
Theta offsets (Unity frame):
  Source   : dSx=   0.000, dSy=   0.000, dSz=   0.000  (mm)
  Object   : dOx=  -9.997, dOy=   4.998, dOz= -18.970  (mm)
  Object offset: offset_x=  -0.003, offset_z=   0.003  (mm)
  Detector : dDx=   0.000, dDy=   0.000, dDz=   0.000  (mm)
  Obj Stage rotY :   10.005 deg
============================================================

Unity geometry (world coordinates):
  Source   : x=   0.000, y=  45.000, z=   0.000
  Object   : x=   0.003, y=  19.998, z= 570.030
  Detector : x=   0.000, y=   0.000, z= 674.000
  Obj rotY :   0.0000 deg
view   0 | SOD= 570.581 mm | SDD= 675.501 mm | M= 1.184 | incident=3.8197°
[[  99.03204    -561.36505     -25.001537  ]
 [ -18.061785    102.38569      19.998463  ]
 [   0.14732508    0.02598996    0.        ]
 [   0.            0.            0.1496    ]]
Residual vector length: 140, Jacobian shape: (140, 6)
view   0 | SOD= 570.563 mm | SDD= 675.501 mm | M= 1.184 | incident=3.8197°
[[  99.00017    -561.3517      -25.000067  ]
 [ -18.057741    102.405365     19.999933  ]
 [   0.1473265     0.02598199    0.        ]
 [   0.            0.            0.1496    ]]

iter 27 cost=0.284291 -> 0.304727 |dtheta|=1.721479e-02  lambda=1.562e-02

============================================================
Iteration 28
============================================================
Theta offsets (Unity frame):
  Source   : dSx=   0.000, dSy=   0.000, dSz=   0.000  (mm)
  Object   : dOx=  -9.997, dOy=   4.998, dOz= -18.970  (mm)
  Object offset: offset_x=  -0.003, offset_z=   0.003  (mm)
  Detector : dDx=   0.000, dDy=   0.000, dDz=   0.000  (mm)
  Obj Stage rotY :   10.005 deg
============================================================

Unity geometry (world coordinates):
  Source   : x=   0.000, y=  45.000, z=   0.000
  Object   : x=   0.003, y=  19.998, z= 570.030
  Detector : x=   0.000, y=   0.000, z= 674.000
  Obj rotY :   0.0000 deg
view   0 | SOD= 570.581 mm | SDD= 675.501 mm | M= 1.184 | incident=3.8197°
[[  99.03204    -561.36505     -25.001537  ]
 [ -18.061785    102.38569      19.998463  ]
 [   0.14732508    0.02598996    0.        ]
 [   0.            0.            0.1496    ]]
Residual vector length: 140, Jacobian shape: (140, 6)
view   0 | SOD= 570.563 mm | SDD= 675.501 mm | M= 1.184 | incident=3.8197°
[[  99.00018   -561.3517     -25.000067 ]
 [ -18.057743   102.405365    19.999933 ]
 [   0.1473265    0.025982     0.       ]
 [   0.           0.           0.1496   ]]

iter 28 cost=0.284291 -> 0.304727 |dtheta|=1.720332e-02  lambda=7.812e-02

============================================================
Iteration 29
============================================================
Theta offsets (Unity frame):
  Source   : dSx=   0.000, dSy=   0.000, dSz=   0.000  (mm)
  Object   : dOx=  -9.997, dOy=   4.998, dOz= -18.970  (mm)
  Object offset: offset_x=  -0.003, offset_z=   0.003  (mm)
  Detector : dDx=   0.000, dDy=   0.000, dDz=   0.000  (mm)
  Obj Stage rotY :   10.005 deg
============================================================

Unity geometry (world coordinates):
  Source   : x=   0.000, y=  45.000, z=   0.000
  Object   : x=   0.003, y=  19.998, z= 570.030
  Detector : x=   0.000, y=   0.000, z= 674.000
  Obj rotY :   0.0000 deg
view   0 | SOD= 570.581 mm | SDD= 675.501 mm | M= 1.184 | incident=3.8197°
[[  99.03204    -561.36505     -25.001537  ]
 [ -18.061785    102.38569      19.998463  ]
 [   0.14732508    0.02598996    0.        ]
 [   0.            0.            0.1496    ]]
Residual vector length: 140, Jacobian shape: (140, 6)
view   0 | SOD= 570.563 mm | SDD= 675.501 mm | M= 1.184 | incident=3.8197°
[[  99.00026    -561.35175     -25.00007   ]
 [ -18.057745    102.405304     19.99993   ]
 [   0.14732648    0.02598201    0.        ]
 [   0.            0.            0.1496    ]]

iter 29 cost=0.284291 -> 0.304727 |dtheta|=1.714624e-02  lambda=3.906e-01

============================================================
Iteration 30
============================================================
Theta offsets (Unity frame):
  Source   : dSx=   0.000, dSy=   0.000, dSz=   0.000  (mm)
  Object   : dOx=  -9.997, dOy=   4.998, dOz= -18.970  (mm)
  Object offset: offset_x=  -0.003, offset_z=   0.003  (mm)
  Detector : dDx=   0.000, dDy=   0.000, dDz=   0.000  (mm)
  Obj Stage rotY :   10.005 deg
============================================================

Unity geometry (world coordinates):
  Source   : x=   0.000, y=  45.000, z=   0.000
  Object   : x=   0.003, y=  19.998, z= 570.030
  Detector : x=   0.000, y=   0.000, z= 674.000
  Obj rotY :   0.0000 deg
view   0 | SOD= 570.581 mm | SDD= 675.501 mm | M= 1.184 | incident=3.8197°
[[  99.03204    -561.36505     -25.001537  ]
 [ -18.061785    102.38569      19.998463  ]
 [   0.14732508    0.02598996    0.        ]
 [   0.            0.            0.1496    ]]
Residual vector length: 140, Jacobian shape: (140, 6)
view   0 | SOD= 570.563 mm | SDD= 675.501 mm | M= 1.184 | incident=3.8197°
[[  99.00064    -561.3519      -25.000086  ]
 [ -18.05777     102.40505      19.999914  ]
 [   0.14732647    0.0259821     0.        ]
 [   0.            0.            0.1496    ]]

iter 30 cost=0.284291 -> 0.304727 |dtheta|=1.686657e-02  lambda=1.953e+00

============================================================
Iteration 31
============================================================
Theta offsets (Unity frame):
  Source   : dSx=   0.000, dSy=   0.000, dSz=   0.000  (mm)
  Object   : dOx=  -9.997, dOy=   4.998, dOz= -18.970  (mm)
  Object offset: offset_x=  -0.003, offset_z=   0.003  (mm)
  Detector : dDx=   0.000, dDy=   0.000, dDz=   0.000  (mm)
  Obj Stage rotY :   10.005 deg
============================================================

Unity geometry (world coordinates):
  Source   : x=   0.000, y=  45.000, z=   0.000
  Object   : x=   0.003, y=  19.998, z= 570.030
  Detector : x=   0.000, y=   0.000, z= 674.000
  Obj rotY :   0.0000 deg
view   0 | SOD= 570.581 mm | SDD= 675.501 mm | M= 1.184 | incident=3.8197°
[[  99.03204    -561.36505     -25.001537  ]
 [ -18.061785    102.38569      19.998463  ]
 [   0.14732508    0.02598996    0.        ]
 [   0.            0.            0.1496    ]]
Residual vector length: 140, Jacobian shape: (140, 6)
view   0 | SOD= 570.564 mm | SDD= 675.501 mm | M= 1.184 | incident=3.8197°
[[  99.00244    -561.3529      -25.000158  ]
 [ -18.05785     102.40373      19.999842  ]
 [   0.1473264     0.02598252    0.        ]
 [   0.            0.            0.1496    ]]

iter 31 cost=0.284291 -> 0.304727 |dtheta|=1.559846e-02  lambda=9.766e+00

============================================================
Iteration 32
============================================================
Theta offsets (Unity frame):
  Source   : dSx=   0.000, dSy=   0.000, dSz=   0.000  (mm)
  Object   : dOx=  -9.997, dOy=   4.998, dOz= -18.970  (mm)
  Object offset: offset_x=  -0.003, offset_z=   0.003  (mm)
  Detector : dDx=   0.000, dDy=   0.000, dDz=   0.000  (mm)
  Obj Stage rotY :   10.005 deg
============================================================

Unity geometry (world coordinates):
  Source   : x=   0.000, y=  45.000, z=   0.000
  Object   : x=   0.003, y=  19.998, z= 570.030
  Detector : x=   0.000, y=   0.000, z= 674.000
  Obj rotY :   0.0000 deg
view   0 | SOD= 570.581 mm | SDD= 675.501 mm | M= 1.184 | incident=3.8197°
[[  99.03204    -561.36505     -25.001537  ]
 [ -18.061785    102.38569      19.998463  ]
 [   0.14732508    0.02598996    0.        ]
 [   0.            0.            0.1496    ]]
Residual vector length: 140, Jacobian shape: (140, 6)
view   0 | SOD= 570.569 mm | SDD= 675.501 mm | M= 1.184 | incident=3.8197°
[[  99.00871    -561.35626     -25.0004    ]
 [ -18.058167    102.399216     19.9996    ]
 [   0.14732614    0.02598398    0.        ]
 [   0.            0.            0.1496    ]]

iter 32 cost=0.284291 -> 0.301147 |dtheta|=1.139026e-02  lambda=4.883e+01

============================================================
Iteration 33
============================================================
Theta offsets (Unity frame):
  Source   : dSx=   0.000, dSy=   0.000, dSz=   0.000  (mm)
  Object   : dOx=  -9.997, dOy=   4.998, dOz= -18.970  (mm)
  Object offset: offset_x=  -0.003, offset_z=   0.003  (mm)
  Detector : dDx=   0.000, dDy=   0.000, dDz=   0.000  (mm)
  Obj Stage rotY :   10.005 deg
============================================================

Unity geometry (world coordinates):
  Source   : x=   0.000, y=  45.000, z=   0.000
  Object   : x=   0.003, y=  19.998, z= 570.030
  Detector : x=   0.000, y=   0.000, z= 674.000
  Obj rotY :   0.0000 deg
view   0 | SOD= 570.581 mm | SDD= 675.501 mm | M= 1.184 | incident=3.8197°
[[  99.03204    -561.36505     -25.001537  ]
 [ -18.061785    102.38569      19.998463  ]
 [   0.14732508    0.02598996    0.        ]
 [   0.            0.            0.1496    ]]
Residual vector length: 140, Jacobian shape: (140, 6)
view   0 | SOD= 570.575 mm | SDD= 675.501 mm | M= 1.184 | incident=3.8197°
[[  99.01982    -561.3611      -25.00078   ]
 [ -18.059061    102.3923       19.99922   ]
 [   0.14732568    0.02598665    0.        ]
 [   0.            0.            0.1496    ]]

iter 33 cost=0.284291 -> 0.298295 |dtheta|=5.158086e-03  lambda=2.441e+02

============================================================
Iteration 34
============================================================
Theta offsets (Unity frame):
  Source   : dSx=   0.000, dSy=   0.000, dSz=   0.000  (mm)
  Object   : dOx=  -9.997, dOy=   4.998, dOz= -18.970  (mm)
  Object offset: offset_x=  -0.003, offset_z=   0.003  (mm)
  Detector : dDx=   0.000, dDy=   0.000, dDz=   0.000  (mm)
  Obj Stage rotY :   10.005 deg
============================================================

Unity geometry (world coordinates):
  Source   : x=   0.000, y=  45.000, z=   0.000
  Object   : x=   0.003, y=  19.998, z= 570.030
  Detector : x=   0.000, y=   0.000, z= 674.000
  Obj rotY :   0.0000 deg
view   0 | SOD= 570.581 mm | SDD= 675.501 mm | M= 1.184 | incident=3.8197°
[[  99.03204    -561.36505     -25.001537  ]
 [ -18.061785    102.38569      19.998463  ]
 [   0.14732508    0.02598996    0.        ]
 [   0.            0.            0.1496    ]]
Residual vector length: 140, Jacobian shape: (140, 6)
view   0 | SOD= 570.579 mm | SDD= 675.501 mm | M= 1.184 | incident=3.8197°
[[  99.02816    -561.3636      -25.001057  ]
 [ -18.060286    102.38812      19.998943  ]
 [   0.14732529    0.02598877    0.        ]
 [   0.            0.            0.1496    ]]

iter 34 cost=0.284291 -> 0.310018 |dtheta|=1.932757e-03  lambda=1.221e+03

============================================================
Iteration 35
============================================================
Theta offsets (Unity frame):
  Source   : dSx=   0.000, dSy=   0.000, dSz=   0.000  (mm)
  Object   : dOx=  -9.997, dOy=   4.998, dOz= -18.970  (mm)
  Object offset: offset_x=  -0.003, offset_z=   0.003  (mm)
  Detector : dDx=   0.000, dDy=   0.000, dDz=   0.000  (mm)
  Obj Stage rotY :   10.005 deg
============================================================

Unity geometry (world coordinates):
  Source   : x=   0.000, y=  45.000, z=   0.000
  Object   : x=   0.003, y=  19.998, z= 570.030
  Detector : x=   0.000, y=   0.000, z= 674.000
  Obj rotY :   0.0000 deg
view   0 | SOD= 570.581 mm | SDD= 675.501 mm | M= 1.184 | incident=3.8197°
[[  99.03204    -561.36505     -25.001537  ]
 [ -18.061785    102.38569      19.998463  ]
 [   0.14732508    0.02598996    0.        ]
 [   0.            0.            0.1496    ]]
Residual vector length: 140, Jacobian shape: (140, 6)
view   0 | SOD= 570.581 mm | SDD= 675.501 mm | M= 1.184 | incident=3.8197°
[[  99.03125    -561.36456     -25.0013    ]
 [ -18.06122     102.386406     19.9987    ]
 [   0.14732514    0.02598966    0.        ]
 [   0.            0.            0.1496    ]]

iter 35 cost=0.284291 -> 0.300275 |dtheta|=6.781070e-04  lambda=6.104e+03

============================================================
Iteration 36
============================================================
Theta offsets (Unity frame):
  Source   : dSx=   0.000, dSy=   0.000, dSz=   0.000  (mm)
  Object   : dOx=  -9.997, dOy=   4.998, dOz= -18.970  (mm)
  Object offset: offset_x=  -0.003, offset_z=   0.003  (mm)
  Detector : dDx=   0.000, dDy=   0.000, dDz=   0.000  (mm)
  Obj Stage rotY :   10.005 deg
============================================================

Unity geometry (world coordinates):
  Source   : x=   0.000, y=  45.000, z=   0.000
  Object   : x=   0.003, y=  19.998, z= 570.030
  Detector : x=   0.000, y=   0.000, z= 674.000
  Obj rotY :   0.0000 deg
view   0 | SOD= 570.581 mm | SDD= 675.501 mm | M= 1.184 | incident=3.8197°
[[  99.03204    -561.36505     -25.001537  ]
 [ -18.061785    102.38569      19.998463  ]
 [   0.14732508    0.02598996    0.        ]
 [   0.            0.            0.1496    ]]
Residual vector length: 140, Jacobian shape: (140, 6)
view   0 | SOD= 570.581 mm | SDD= 675.501 mm | M= 1.184 | incident=3.8197°
[[  99.031906  -561.3649     -25.001469 ]
 [ -18.061638   102.38583     19.998531 ]
 [   0.1473251    0.0259899    0.       ]
 [   0.           0.           0.1496   ]]

iter 36 cost=0.284291 -> 0.293607 |dtheta|=1.723036e-04  lambda=3.052e+04

============================================================
Iteration 37
============================================================
Theta offsets (Unity frame):
  Source   : dSx=   0.000, dSy=   0.000, dSz=   0.000  (mm)
  Object   : dOx=  -9.997, dOy=   4.998, dOz= -18.970  (mm)
  Object offset: offset_x=  -0.003, offset_z=   0.003  (mm)
  Detector : dDx=   0.000, dDy=   0.000, dDz=   0.000  (mm)
  Obj Stage rotY :   10.005 deg
============================================================

Unity geometry (world coordinates):
  Source   : x=   0.000, y=  45.000, z=   0.000
  Object   : x=   0.003, y=  19.998, z= 570.030
  Detector : x=   0.000, y=   0.000, z= 674.000
  Obj rotY :   0.0000 deg
view   0 | SOD= 570.581 mm | SDD= 675.501 mm | M= 1.184 | incident=3.8197°
[[  99.03204    -561.36505     -25.001537  ]
 [ -18.061785    102.38569      19.998463  ]
 [   0.14732508    0.02598996    0.        ]
 [   0.            0.            0.1496    ]]
Residual vector length: 140, Jacobian shape: (140, 6)
view   0 | SOD= 570.581 mm | SDD= 675.501 mm | M= 1.184 | incident=3.8197°
[[  99.03202    -561.36505     -25.001522  ]
 [ -18.061749    102.38569      19.998478  ]
 [   0.14732508    0.02598995    0.        ]
 [   0.            0.            0.1496    ]]

iter 37 cost=0.284291 -> 0.283004 |dtheta|=3.665662e-05  lambda=1.526e+05

============================================================
Iteration 38
============================================================
Theta offsets (Unity frame):
  Source   : dSx=   0.000, dSy=   0.000, dSz=   0.000  (mm)
  Object   : dOx=  -9.997, dOy=   4.998, dOz= -18.970  (mm)
  Object offset: offset_x=  -0.003, offset_z=   0.003  (mm)
  Detector : dDx=   0.000, dDy=   0.000, dDz=   0.000  (mm)
  Obj Stage rotY :   10.005 deg
============================================================

Unity geometry (world coordinates):
  Source   : x=   0.000, y=  45.000, z=   0.000
  Object   : x=   0.003, y=  19.998, z= 570.030
  Detector : x=   0.000, y=   0.000, z= 674.000
  Obj rotY :   0.0000 deg
view   0 | SOD= 570.581 mm | SDD= 675.501 mm | M= 1.184 | incident=3.8197°
[[  99.03202    -561.36505     -25.001522  ]
 [ -18.061749    102.38569      19.998478  ]
 [   0.14732508    0.02598995    0.        ]
 [   0.            0.            0.1496    ]]
Residual vector length: 140, Jacobian shape: (140, 6)
view   0 | SOD= 570.581 mm | SDD= 675.501 mm | M= 1.184 | incident=3.8197°
[[  99.03186   -561.365      -25.00148  ]
 [ -18.061657   102.38577     19.99852  ]
 [   0.1473251    0.0259899    0.       ]
 [   0.           0.           0.1496   ]]

iter 38 cost=0.283004 -> 0.287444 |dtheta|=1.035941e-04  lambda=5.086e+04

============================================================
Iteration 39
============================================================
Theta offsets (Unity frame):
  Source   : dSx=   0.000, dSy=   0.000, dSz=   0.000  (mm)
  Object   : dOx=  -9.997, dOy=   4.998, dOz= -18.970  (mm)
  Object offset: offset_x=  -0.003, offset_z=   0.003  (mm)
  Detector : dDx=   0.000, dDy=   0.000, dDz=   0.000  (mm)
  Obj Stage rotY :   10.005 deg
============================================================

Unity geometry (world coordinates):
  Source   : x=   0.000, y=  45.000, z=   0.000
  Object   : x=   0.003, y=  19.998, z= 570.030
  Detector : x=   0.000, y=   0.000, z= 674.000
  Obj rotY :   0.0000 deg
view   0 | SOD= 570.581 mm | SDD= 675.501 mm | M= 1.184 | incident=3.8197°
[[  99.03202    -561.36505     -25.001522  ]
 [ -18.061749    102.38569      19.998478  ]
 [   0.14732508    0.02598995    0.        ]
 [   0.            0.            0.1496    ]]
Residual vector length: 140, Jacobian shape: (140, 6)
view   0 | SOD= 570.581 mm | SDD= 675.501 mm | M= 1.184 | incident=3.8197°
[[  99.03199    -561.36505     -25.001513  ]
 [ -18.061728    102.3857       19.998487  ]
 [   0.1473251     0.02598994    0.        ]
 [   0.            0.            0.1496    ]]

iter 39 cost=0.283004 -> 0.283004 |dtheta|=2.150170e-05  lambda=2.543e+05

============================================================
Iteration 40
============================================================
Theta offsets (Unity frame):
  Source   : dSx=   0.000, dSy=   0.000, dSz=   0.000  (mm)
  Object   : dOx=  -9.997, dOy=   4.998, dOz= -18.970  (mm)
  Object offset: offset_x=  -0.003, offset_z=   0.003  (mm)
  Detector : dDx=   0.000, dDy=   0.000, dDz=   0.000  (mm)
  Obj Stage rotY :   10.005 deg
============================================================

Unity geometry (world coordinates):
  Source   : x=   0.000, y=  45.000, z=   0.000
  Object   : x=   0.003, y=  19.998, z= 570.030
  Detector : x=   0.000, y=   0.000, z= 674.000
  Obj rotY :   0.0000 deg
view   0 | SOD= 570.581 mm | SDD= 675.501 mm | M= 1.184 | incident=3.8197°
[[  99.03202    -561.36505     -25.001522  ]
 [ -18.061749    102.38569      19.998478  ]
 [   0.14732508    0.02598995    0.        ]
 [   0.            0.            0.1496    ]]
Residual vector length: 140, Jacobian shape: (140, 6)
view   0 | SOD= 570.581 mm | SDD= 675.501 mm | M= 1.184 | incident=3.8197°
[[  99.03201    -561.36505     -25.00152   ]
 [ -18.061745    102.3857       19.99848   ]
 [   0.14732508    0.02598995    0.        ]
 [   0.            0.            0.1496    ]]

iter 40 cost=0.283004 -> 0.283004 |dtheta|=5.507645e-06  lambda=1.000e+06

============================================================
Iteration 41
============================================================
Theta offsets (Unity frame):
  Source   : dSx=   0.000, dSy=   0.000, dSz=   0.000  (mm)
  Object   : dOx=  -9.997, dOy=   4.998, dOz= -18.970  (mm)
  Object offset: offset_x=  -0.003, offset_z=   0.003  (mm)
  Detector : dDx=   0.000, dDy=   0.000, dDz=   0.000  (mm)
  Obj Stage rotY :   10.005 deg
============================================================

Unity geometry (world coordinates):
  Source   : x=   0.000, y=  45.000, z=   0.000
  Object   : x=   0.003, y=  19.998, z= 570.030
  Detector : x=   0.000, y=   0.000, z= 674.000
  Obj rotY :   0.0000 deg
view   0 | SOD= 570.581 mm | SDD= 675.501 mm | M= 1.184 | incident=3.8197°
[[  99.03202    -561.36505     -25.001522  ]
 [ -18.061749    102.38569      19.998478  ]
 [   0.14732508    0.02598995    0.        ]
 [   0.            0.            0.1496    ]]
Residual vector length: 140, Jacobian shape: (140, 6)
view   0 | SOD= 570.581 mm | SDD= 675.501 mm | M= 1.184 | incident=3.8197°
[[  99.03201    -561.36505     -25.00152   ]
 [ -18.061745    102.3857       19.99848   ]
 [   0.14732508    0.02598995    0.        ]
 [   0.            0.            0.1496    ]]

iter 41 cost=0.283004 -> 0.283004 |dtheta|=5.507645e-06  lambda=1.000e+06

============================================================
Iteration 42
============================================================
Theta offsets (Unity frame):
  Source   : dSx=   0.000, dSy=   0.000, dSz=   0.000  (mm)
  Object   : dOx=  -9.997, dOy=   4.998, dOz= -18.970  (mm)
  Object offset: offset_x=  -0.003, offset_z=   0.003  (mm)
  Detector : dDx=   0.000, dDy=   0.000, dDz=   0.000  (mm)
  Obj Stage rotY :   10.005 deg
============================================================

Unity geometry (world coordinates):
  Source   : x=   0.000, y=  45.000, z=   0.000
  Object   : x=   0.003, y=  19.998, z= 570.030
  Detector : x=   0.000, y=   0.000, z= 674.000
  Obj rotY :   0.0000 deg
view   0 | SOD= 570.581 mm | SDD= 675.501 mm | M= 1.184 | incident=3.8197°
[[  99.03202    -561.36505     -25.001522  ]
 [ -18.061749    102.38569      19.998478  ]
 [   0.14732508    0.02598995    0.        ]
 [   0.            0.            0.1496    ]]
Residual vector length: 140, Jacobian shape: (140, 6)
view   0 | SOD= 570.581 mm | SDD= 675.501 mm | M= 1.184 | incident=3.8197°
[[  99.03201    -561.36505     -25.00152   ]
 [ -18.061745    102.3857       19.99848   ]
 [   0.14732508    0.02598995    0.        ]
 [   0.            0.            0.1496    ]]

iter 42 cost=0.283004 -> 0.283004 |dtheta|=5.507645e-06  lambda=1.000e+06

============================================================
Iteration 43
============================================================
Theta offsets (Unity frame):
  Source   : dSx=   0.000, dSy=   0.000, dSz=   0.000  (mm)
  Object   : dOx=  -9.997, dOy=   4.998, dOz= -18.970  (mm)
  Object offset: offset_x=  -0.003, offset_z=   0.003  (mm)
  Detector : dDx=   0.000, dDy=   0.000, dDz=   0.000  (mm)
  Obj Stage rotY :   10.005 deg
============================================================

Unity geometry (world coordinates):
  Source   : x=   0.000, y=  45.000, z=   0.000
  Object   : x=   0.003, y=  19.998, z= 570.030
  Detector : x=   0.000, y=   0.000, z= 674.000
  Obj rotY :   0.0000 deg
view   0 | SOD= 570.581 mm | SDD= 675.501 mm | M= 1.184 | incident=3.8197°
[[  99.03202    -561.36505     -25.001522  ]
 [ -18.061749    102.38569      19.998478  ]
 [   0.14732508    0.02598995    0.        ]
 [   0.            0.            0.1496    ]]
Residual vector length: 140, Jacobian shape: (140, 6)
view   0 | SOD= 570.581 mm | SDD= 675.501 mm | M= 1.184 | incident=3.8197°
[[  99.03201    -561.36505     -25.00152   ]
 [ -18.061745    102.3857       19.99848   ]
 [   0.14732508    0.02598995    0.        ]
 [   0.            0.            0.1496    ]]

iter 43 cost=0.283004 -> 0.283004 |dtheta|=5.507645e-06  lambda=1.000e+06

============================================================
Iteration 44
============================================================
Theta offsets (Unity frame):
  Source   : dSx=   0.000, dSy=   0.000, dSz=   0.000  (mm)
  Object   : dOx=  -9.997, dOy=   4.998, dOz= -18.970  (mm)
  Object offset: offset_x=  -0.003, offset_z=   0.003  (mm)
  Detector : dDx=   0.000, dDy=   0.000, dDz=   0.000  (mm)
  Obj Stage rotY :   10.005 deg
============================================================

Unity geometry (world coordinates):
  Source   : x=   0.000, y=  45.000, z=   0.000
  Object   : x=   0.003, y=  19.998, z= 570.030
  Detector : x=   0.000, y=   0.000, z= 674.000
  Obj rotY :   0.0000 deg
view   0 | SOD= 570.581 mm | SDD= 675.501 mm | M= 1.184 | incident=3.8197°
[[  99.03202    -561.36505     -25.001522  ]
 [ -18.061749    102.38569      19.998478  ]
 [   0.14732508    0.02598995    0.        ]
 [   0.            0.            0.1496    ]]
Residual vector length: 140, Jacobian shape: (140, 6)
view   0 | SOD= 570.581 mm | SDD= 675.501 mm | M= 1.184 | incident=3.8197°
[[  99.03201    -561.36505     -25.00152   ]
 [ -18.061745    102.3857       19.99848   ]
 [   0.14732508    0.02598995    0.        ]
 [   0.            0.            0.1496    ]]

iter 44 cost=0.283004 -> 0.283004 |dtheta|=5.507645e-06  lambda=1.000e+06

============================================================
Iteration 45
============================================================
Theta offsets (Unity frame):
  Source   : dSx=   0.000, dSy=   0.000, dSz=   0.000  (mm)
  Object   : dOx=  -9.997, dOy=   4.998, dOz= -18.970  (mm)
  Object offset: offset_x=  -0.003, offset_z=   0.003  (mm)
  Detector : dDx=   0.000, dDy=   0.000, dDz=   0.000  (mm)
  Obj Stage rotY :   10.005 deg
============================================================

Unity geometry (world coordinates):
  Source   : x=   0.000, y=  45.000, z=   0.000
  Object   : x=   0.003, y=  19.998, z= 570.030
  Detector : x=   0.000, y=   0.000, z= 674.000
  Obj rotY :   0.0000 deg
view   0 | SOD= 570.581 mm | SDD= 675.501 mm | M= 1.184 | incident=3.8197°
[[  99.03202    -561.36505     -25.001522  ]
 [ -18.061749    102.38569      19.998478  ]
 [   0.14732508    0.02598995    0.        ]
 [   0.            0.            0.1496    ]]
Residual vector length: 140, Jacobian shape: (140, 6)
view   0 | SOD= 570.581 mm | SDD= 675.501 mm | M= 1.184 | incident=3.8197°
[[  99.03201    -561.36505     -25.00152   ]
 [ -18.061745    102.3857       19.99848   ]
 [   0.14732508    0.02598995    0.        ]
 [   0.            0.            0.1496    ]]

iter 45 cost=0.283004 -> 0.283004 |dtheta|=5.507645e-06  lambda=1.000e+06

============================================================
Iteration 46
============================================================
Theta offsets (Unity frame):
  Source   : dSx=   0.000, dSy=   0.000, dSz=   0.000  (mm)
  Object   : dOx=  -9.997, dOy=   4.998, dOz= -18.970  (mm)
  Object offset: offset_x=  -0.003, offset_z=   0.003  (mm)
  Detector : dDx=   0.000, dDy=   0.000, dDz=   0.000  (mm)
  Obj Stage rotY :   10.005 deg
============================================================

Unity geometry (world coordinates):
  Source   : x=   0.000, y=  45.000, z=   0.000
  Object   : x=   0.003, y=  19.998, z= 570.030
  Detector : x=   0.000, y=   0.000, z= 674.000
  Obj rotY :   0.0000 deg
view   0 | SOD= 570.581 mm | SDD= 675.501 mm | M= 1.184 | incident=3.8197°
[[  99.03202    -561.36505     -25.001522  ]
 [ -18.061749    102.38569      19.998478  ]
 [   0.14732508    0.02598995    0.        ]
 [   0.            0.            0.1496    ]]
Residual vector length: 140, Jacobian shape: (140, 6)
view   0 | SOD= 570.581 mm | SDD= 675.501 mm | M= 1.184 | incident=3.8197°
[[  99.03201    -561.36505     -25.00152   ]
 [ -18.061745    102.3857       19.99848   ]
 [   0.14732508    0.02598995    0.        ]
 [   0.            0.            0.1496    ]]

iter 46 cost=0.283004 -> 0.283004 |dtheta|=5.507645e-06  lambda=1.000e+06
Stalled.

Estimated theta:
  dSx: +0.000000
  dSy: +0.000000
  dOx: -9.996974
  dOy: +4.998478
  dOz: -18.969788
  dDx: +0.000000
  dDy: +0.000000
  dDz: +0.000000
alpha: +1.000474e+01 deg)
offset_x: -0.003362
offset_z: +0.003175

Final cost table:
Fake theta: [  0.   0. -10.   5. -19.   0.   0.   0.  10.   0.   0.]
Final estimated theta: [  0.           0.          -9.9969745    4.99847751 -18.96978822
   0.           0.           0.          10.00473872  -0.00336223
   0.00317482]
Diff from Expected: [ 0.          0.          0.0030255  -0.00152249  0.03021178  0.
  0.          0.          0.00473872 -0.00336223  0.00317482]
################################################################################

