Phantom already exists, skipping: cuboid_phantom_5_normal.npy

################################################################################
Running cuboid=normal scenario=G0 N_ANGLES=3, K=5
view   0 | SOD= 570.548 mm | SDD= 675.501 mm | M= 1.184 | incident=3.8197°
[[  98.97946    -561.3404      -25.        ]
 [ -18.05941     102.420006     20.        ]
 [   0.14732724    0.02597777    0.        ]
 [   0.            0.            0.1496    ]]
          image          x1         y1  area1          x2          y2  area2          x3          y3  area3          x4          y4  area4          x5          y5  area5
0  proj_000.png  509.659091  62.378247    616  412.934859  170.510563    568  447.295749  270.299445    541  540.796396  379.996396    555  509.697830  502.904841    599
1  proj_001.png  340.440497  63.037300    563  470.793460  168.079174    581  617.253833  278.156729    587  484.471910  388.362761    623  340.409253  485.765125    562
2  proj_002.png  582.518453  63.189807    569  548.892027  170.295681    602  367.768233  280.700162    617  407.080479  380.840753    584  582.573171  480.966899    574

============================================================
Iteration 0
============================================================
Theta offsets (Unity frame):
  Source   : dSx=   0.000, dSy=   0.000, dSz=   0.000  (mm)
  Object   : dOx=   0.000, dOy=   0.000, dOz=   0.000  (mm)
  Object offset: offset_x=   0.000, offset_z=   0.000  (mm)
  Detector : dDx=   0.000, dDy=   0.000, dDz=   0.000  (mm)
  Obj Stage rotY :    0.000 deg
============================================================

Unity geometry (world coordinates):
  Source   : x=   0.000, y=  45.000, z=   0.000
  Object   : x=  10.000, y=  15.000, z= 589.000
  Detector : x=   0.000, y=   0.000, z= 674.000
  Obj rotY :   0.0000 deg
view   0 | SOD= 589.848 mm | SDD= 675.501 mm | M= 1.145 | incident=3.8197°
[[ -10.     -589.      -30.    ]
 [ -10.       85.       15.    ]
 [   0.1496    0.        0.    ]
 [   0.        0.        0.1496]]
Residual vector length: 60, Jacobian shape: (60, 6)
view   0 | SOD= 596.446 mm | SDD= 675.501 mm | M= 1.133 | incident=3.8197°
[[ -87.57328    -589.2595      -29.188019  ]
 [   8.111534     77.913956     15.811982  ]
 [   0.14808479   -0.02123805    0.        ]
 [   0.            0.            0.1496    ]]

iter 00 cost=57030.236882 -> 24516.110382 |dtheta|=1.176050e+01  lambda=1.000e-02

============================================================
Iteration 1
============================================================
Theta offsets (Unity frame):
  Source   : dSx=   0.000, dSy=   0.000, dSz=   0.000  (mm)
  Object   : dOx=  -6.908, dOy=   0.812, dOz=   2.765  (mm)
  Object offset: offset_x=  -0.060, offset_z=   3.959  (mm)
  Detector : dDx=   0.000, dDy=   0.000, dDz=   0.000  (mm)
  Obj Stage rotY :   -8.162 deg
============================================================

Unity geometry (world coordinates):
  Source   : x=   0.000, y=  45.000, z=   0.000
  Object   : x=   3.092, y=  15.812, z= 591.765
  Detector : x=   0.000, y=   0.000, z= 674.000
  Obj rotY :   0.0000 deg
view   0 | SOD= 596.446 mm | SDD= 675.501 mm | M= 1.133 | incident=3.8197°
[[ -87.57328    -589.2595      -29.188019  ]
 [   8.111534     77.913956     15.811982  ]
 [   0.14808479   -0.02123805    0.        ]
 [   0.            0.            0.1496    ]]
Residual vector length: 60, Jacobian shape: (60, 6)
view   0 | SOD= 596.929 mm | SDD= 675.501 mm | M= 1.132 | incident=3.8197°
[[  34.937798   -595.34534     -25.843027  ]
 [  -3.985489     77.52985      19.156973  ]
 [   0.14935033    0.00863935    0.        ]
 [   0.            0.            0.1496    ]]

iter 01 cost=24516.110382 -> 4445.354264 |dtheta|=1.276141e+01  lambda=3.333e-03

============================================================
Iteration 2
============================================================
Theta offsets (Unity frame):
  Source   : dSx=   0.000, dSy=   0.000, dSz=   0.000  (mm)
  Object   : dOx=  -9.770, dOy=   4.157, dOz=   5.455  (mm)
  Object offset: offset_x=  -0.728, offset_z=   1.915  (mm)
  Detector : dDx=   0.000, dDy=   0.000, dDz=   0.000  (mm)
  Obj Stage rotY :    3.311 deg
============================================================

Unity geometry (world coordinates):
  Source   : x=   0.000, y=  45.000, z=   0.000
  Object   : x=   0.230, y=  19.157, z= 594.455
  Detector : x=   0.000, y=   0.000, z= 674.000
  Obj rotY :   0.0000 deg
view   0 | SOD= 596.929 mm | SDD= 675.501 mm | M= 1.132 | incident=3.8197°
[[  34.937798   -595.34534     -25.843027  ]
 [  -3.985489     77.52985      19.156973  ]
 [   0.14935033    0.00863935    0.        ]
 [   0.            0.            0.1496    ]]
Residual vector length: 60, Jacobian shape: (60, 6)
view   0 | SOD= 585.330 mm | SDD= 675.501 mm | M= 1.154 | incident=3.8197°
[[  79.82319    -579.29596     -25.608267  ]
 [ -12.4616375    88.35629      19.391733  ]
 [   0.14819106    0.0204834     0.        ]
 [   0.            0.            0.1496    ]]

iter 02 cost=4445.354264 -> 1047.987162 |dtheta|=1.148955e+01  lambda=1.111e-03

============================================================
Iteration 3
============================================================
Theta offsets (Unity frame):
  Source   : dSx=   0.000, dSy=   0.000, dSz=   0.000  (mm)
  Object   : dOx= -10.059, dOy=   4.392, dOz=  -4.968  (mm)
  Object offset: offset_x=   0.306, offset_z=   0.737  (mm)
  Detector : dDx=   0.000, dDy=   0.000, dDz=   0.000  (mm)
  Obj Stage rotY :    7.870 deg
============================================================

Unity geometry (world coordinates):
  Source   : x=   0.000, y=  45.000, z=   0.000
  Object   : x=  -0.059, y=  19.392, z= 584.032
  Detector : x=   0.000, y=   0.000, z= 674.000
  Obj rotY :   0.0000 deg
view   0 | SOD= 585.330 mm | SDD= 675.501 mm | M= 1.154 | incident=3.8197°
[[  79.82319    -579.29596     -25.608267  ]
 [ -12.4616375    88.35629      19.391733  ]
 [   0.14819106    0.0204834     0.        ]
 [   0.            0.            0.1496    ]]
Residual vector length: 60, Jacobian shape: (60, 6)
view   0 | SOD= 582.361 mm | SDD= 675.501 mm | M= 1.160 | incident=3.8197°
[[  96.17502    -573.796       -25.547209  ]
 [ -15.577131     90.8749       19.452791  ]
 [   0.14752933    0.02480434    0.        ]
 [   0.            0.            0.1496    ]]

iter 03 cost=1047.987162 -> 564.398728 |dtheta|=3.099564e+00  lambda=3.704e-04

============================================================
Iteration 4
============================================================
Theta offsets (Unity frame):
  Source   : dSx=   0.000, dSy=   0.000, dSz=   0.000  (mm)
  Object   : dOx=  -9.809, dOy=   4.453, dOz=  -7.522  (mm)
  Object offset: offset_x=   0.104, offset_z=   0.322  (mm)
  Detector : dDx=   0.000, dDy=   0.000, dDz=   0.000  (mm)
  Obj Stage rotY :    9.544 deg
============================================================

Unity geometry (world coordinates):
  Source   : x=   0.000, y=  45.000, z=   0.000
  Object   : x=   0.191, y=  19.453, z= 581.478
  Detector : x=   0.000, y=   0.000, z= 674.000
  Obj rotY :   0.0000 deg
view   0 | SOD= 582.361 mm | SDD= 675.501 mm | M= 1.160 | incident=3.8197°
[[  96.17502    -573.796       -25.547209  ]
 [ -15.577131     90.8749       19.452791  ]
 [   0.14752933    0.02480434    0.        ]
 [   0.            0.            0.1496    ]]
Residual vector length: 60, Jacobian shape: (60, 6)
view   0 | SOD= 580.189 mm | SDD= 675.501 mm | M= 1.164 | incident=3.8197°
[[ 101.08168    -570.7446      -25.534414  ]
 [ -16.764294     92.873        19.465586  ]
 [   0.14729553    0.02615691    0.        ]
 [   0.            0.            0.1496    ]]

iter 04 cost=564.398728 -> 426.974631 |dtheta|=1.783216e+00  lambda=1.235e-04

============================================================
Iteration 5
============================================================
Theta offsets (Unity frame):
  Source   : dSx=   0.000, dSy=   0.000, dSz=   0.000  (mm)
  Object   : dOx=  -9.929, dOy=   4.466, dOz=  -9.118  (mm)
  Object offset: offset_x=   0.196, offset_z=  -0.255  (mm)
  Detector : dDx=   0.000, dDy=   0.000, dDz=   0.000  (mm)
  Obj Stage rotY :   10.070 deg
============================================================

Unity geometry (world coordinates):
  Source   : x=   0.000, y=  45.000, z=   0.000
  Object   : x=   0.071, y=  19.466, z= 579.882
  Detector : x=   0.000, y=   0.000, z= 674.000
  Obj rotY :   0.0000 deg
view   0 | SOD= 580.189 mm | SDD= 675.501 mm | M= 1.164 | incident=3.8197°
[[ 101.08168    -570.7446      -25.534414  ]
 [ -16.764294     92.873        19.465586  ]
 [   0.14729553    0.02615691    0.        ]
 [   0.            0.            0.1496    ]]
Residual vector length: 60, Jacobian shape: (60, 6)
view   0 | SOD= 578.376 mm | SDD= 675.501 mm | M= 1.168 | incident=3.8197°
[[ 107.10707    -567.8125      -25.216068  ]
 [ -17.769257     94.51817      19.783932  ]
 [   0.1470099     0.02771736    0.        ]
 [   0.            0.            0.1496    ]]

iter 05 cost=426.974631 -> 307.811114 |dtheta|=1.983097e+00  lambda=4.115e-05

============================================================
Iteration 6
============================================================
Theta offsets (Unity frame):
  Source   : dSx=   0.000, dSy=   0.000, dSz=   0.000  (mm)
  Object   : dOx=  -9.910, dOy=   4.784, dOz= -10.948  (mm)
  Object offset: offset_x=  -0.140, offset_z=  -0.226  (mm)
  Detector : dDx=   0.000, dDy=   0.000, dDz=   0.000  (mm)
  Obj Stage rotY :   10.677 deg
============================================================

Unity geometry (world coordinates):
  Source   : x=   0.000, y=  45.000, z=   0.000
  Object   : x=   0.090, y=  19.784, z= 578.052
  Detector : x=   0.000, y=   0.000, z= 674.000
  Obj rotY :   0.0000 deg
view   0 | SOD= 578.376 mm | SDD= 675.501 mm | M= 1.168 | incident=3.8197°
[[ 107.10707    -567.8125      -25.216068  ]
 [ -17.769257     94.51817      19.783932  ]
 [   0.1470099     0.02771736    0.        ]
 [   0.            0.            0.1496    ]]
Residual vector length: 60, Jacobian shape: (60, 6)
view   0 | SOD= 575.575 mm | SDD= 675.501 mm | M= 1.174 | incident=3.8197°
[[ 111.90042    -564.02844     -25.232533  ]
 [ -19.201551     97.09808      19.767467  ]
 [   0.14674263    0.02909919    0.        ]
 [   0.            0.            0.1496    ]]

iter 06 cost=307.811114 -> 204.920527 |dtheta|=2.796045e+00  lambda=1.372e-05

============================================================
Iteration 7
============================================================
Theta offsets (Unity frame):
  Source   : dSx=   0.000, dSy=   0.000, dSz=   0.000  (mm)
  Object   : dOx=  -9.885, dOy=   4.767, dOz= -13.690  (mm)
  Object offset: offset_x=  -0.167, offset_z=  -0.288  (mm)
  Detector : dDx=   0.000, dDy=   0.000, dDz=   0.000  (mm)
  Obj Stage rotY :   11.216 deg
============================================================

Unity geometry (world coordinates):
  Source   : x=   0.000, y=  45.000, z=   0.000
  Object   : x=   0.115, y=  19.767, z= 575.310
  Detector : x=   0.000, y=   0.000, z= 674.000
  Obj rotY :   0.0000 deg
view   0 | SOD= 575.575 mm | SDD= 675.501 mm | M= 1.174 | incident=3.8197°
[[ 111.90042    -564.02844     -25.232533  ]
 [ -19.201551     97.09808      19.767467  ]
 [   0.14674263    0.02909919    0.        ]
 [   0.            0.            0.1496    ]]
Residual vector length: 60, Jacobian shape: (60, 6)
view   0 | SOD= 574.823 mm | SDD= 675.501 mm | M= 1.175 | incident=3.8197°
[[ 104.2205    -564.73773    -25.110285 ]
 [ -18.13214     98.063774    19.889715 ]
 [   0.1471144    0.0271572    0.       ]
 [   0.           0.           0.1496   ]]

iter 07 cost=204.920527 -> 92.071957 |dtheta|=1.233127e+00  lambda=4.572e-06

============================================================
Iteration 8
============================================================
Theta offsets (Unity frame):
  Source   : dSx=   0.000, dSy=   0.000, dSz=   0.000  (mm)
  Object   : dOx=  -9.975, dOy=   4.890, dOz= -14.619  (mm)
  Object offset: offset_x=   0.004, offset_z=  -0.107  (mm)
  Detector : dDx=   0.000, dDy=   0.000, dDz=   0.000  (mm)
  Obj Stage rotY :   10.459 deg
============================================================

Unity geometry (world coordinates):
  Source   : x=   0.000, y=  45.000, z=   0.000
  Object   : x=   0.025, y=  19.890, z= 574.381
  Detector : x=   0.000, y=   0.000, z= 674.000
  Obj rotY :   0.0000 deg
view   0 | SOD= 574.823 mm | SDD= 675.501 mm | M= 1.175 | incident=3.8197°
[[ 104.2205    -564.73773    -25.110285 ]
 [ -18.13214     98.063774    19.889715 ]
 [   0.1471144    0.0271572    0.       ]
 [   0.           0.           0.1496   ]]
Residual vector length: 60, Jacobian shape: (60, 6)
view   0 | SOD= 573.883 mm | SDD= 675.501 mm | M= 1.177 | incident=3.8197°
[[ 101.56046   -564.26587    -25.134228 ]
 [ -17.938925    99.05602     19.865772 ]
 [   0.1472299    0.0265239    0.       ]
 [   0.           0.           0.1496   ]]

iter 08 cost=92.071957 -> 49.024672 |dtheta|=1.046481e+00  lambda=1.524e-06

============================================================
Iteration 9
============================================================
Theta offsets (Unity frame):
  Source   : dSx=   0.000, dSy=   0.000, dSz=   0.000  (mm)
  Object   : dOx=  -9.963, dOy=   4.866, dOz= -15.632  (mm)
  Object offset: offset_x=   0.055, offset_z=  -0.035  (mm)
  Detector : dDx=   0.000, dDy=   0.000, dDz=   0.000  (mm)
  Obj Stage rotY :   10.212 deg
============================================================

Unity geometry (world coordinates):
  Source   : x=   0.000, y=  45.000, z=   0.000
  Object   : x=   0.037, y=  19.866, z= 573.368
  Detector : x=   0.000, y=   0.000, z= 674.000
  Obj rotY :   0.0000 deg
view   0 | SOD= 573.883 mm | SDD= 675.501 mm | M= 1.177 | incident=3.8197°
[[ 101.56046   -564.26587    -25.134228 ]
 [ -17.938925    99.05602     19.865772 ]
 [   0.1472299    0.0265239    0.       ]
 [   0.           0.           0.1496   ]]
Residual vector length: 60, Jacobian shape: (60, 6)
view   0 | SOD= 572.214 mm | SDD= 675.501 mm | M= 1.181 | incident=3.8197°
[[  97.46654    -563.2937      -25.077656  ]
 [ -17.55314     100.81959      19.922344  ]
 [   0.14740556    0.02552959    0.        ]
 [   0.            0.            0.1496    ]]

iter 09 cost=49.024672 -> 16.546166 |dtheta|=1.718744e+00  lambda=1.000e-06

============================================================
Iteration 10
============================================================
Theta offsets (Unity frame):
  Source   : dSx=   0.000, dSy=   0.000, dSz=   0.000  (mm)
  Object   : dOx=  -9.921, dOy=   4.922, dOz= -17.304  (mm)
  Object offset: offset_x=   0.011, offset_z=  -0.032  (mm)
  Detector : dDx=   0.000, dDy=   0.000, dDz=   0.000  (mm)
  Obj Stage rotY :    9.826 deg
============================================================

Unity geometry (world coordinates):
  Source   : x=   0.000, y=  45.000, z=   0.000
  Object   : x=   0.079, y=  19.922, z= 571.696
  Detector : x=   0.000, y=   0.000, z= 674.000
  Obj rotY :   0.0000 deg
view   0 | SOD= 572.214 mm | SDD= 675.501 mm | M= 1.181 | incident=3.8197°
[[  97.46654    -563.2937      -25.077656  ]
 [ -17.55314     100.81959      19.922344  ]
 [   0.14740556    0.02552959    0.        ]
 [   0.            0.            0.1496    ]]
Residual vector length: 60, Jacobian shape: (60, 6)
view   0 | SOD= 571.516 mm | SDD= 675.501 mm | M= 1.182 | incident=3.8197°
[[ 100.119514   -562.1197      -25.05371   ]
 [ -18.152962    101.422035     19.94629   ]
 [   0.1472787     0.02625157    0.        ]
 [   0.            0.            0.1496    ]]

iter 10 cost=16.546166 -> 5.253515 |dtheta|=7.704726e-01  lambda=1.000e-06

============================================================
Iteration 11
============================================================
Theta offsets (Unity frame):
  Source   : dSx=   0.000, dSy=   0.000, dSz=   0.000  (mm)
  Object   : dOx=  -9.972, dOy=   4.946, dOz= -18.019  (mm)
  Object offset: offset_x=   0.045, offset_z=  -0.015  (mm)
  Detector : dDx=   0.000, dDy=   0.000, dDz=   0.000  (mm)
  Obj Stage rotY :   10.107 deg
============================================================

Unity geometry (world coordinates):
  Source   : x=   0.000, y=  45.000, z=   0.000
  Object   : x=   0.028, y=  19.946, z= 570.981
  Detector : x=   0.000, y=   0.000, z= 674.000
  Obj rotY :   0.0000 deg
view   0 | SOD= 571.516 mm | SDD= 675.501 mm | M= 1.182 | incident=3.8197°
[[ 100.119514   -562.1197      -25.05371   ]
 [ -18.152962    101.422035     19.94629   ]
 [   0.1472787     0.02625157    0.        ]
 [   0.            0.            0.1496    ]]
Residual vector length: 60, Jacobian shape: (60, 6)
view   0 | SOD= 571.110 mm | SDD= 675.501 mm | M= 1.183 | incident=3.8197°
[[  99.51137    -561.81586     -25.030962  ]
 [ -18.096107    101.84408      19.969038  ]
 [   0.14730492    0.02610397    0.        ]
 [   0.            0.            0.1496    ]]

iter 11 cost=5.253515 -> 1.856185 |dtheta|=4.060873e-01  lambda=1.000e-06

============================================================
Iteration 12
============================================================
Theta offsets (Unity frame):
  Source   : dSx=   0.000, dSy=   0.000, dSz=   0.000  (mm)
  Object   : dOx=  -9.995, dOy=   4.969, dOz= -18.419  (mm)
  Object offset: offset_x=   0.043, offset_z=  -0.020  (mm)
  Detector : dDx=   0.000, dDy=   0.000, dDz=   0.000  (mm)
  Obj Stage rotY :   10.049 deg
============================================================

Unity geometry (world coordinates):
  Source   : x=   0.000, y=  45.000, z=   0.000
  Object   : x=   0.005, y=  19.969, z= 570.581
  Detector : x=   0.000, y=   0.000, z= 674.000
  Obj rotY :   0.0000 deg
view   0 | SOD= 571.110 mm | SDD= 675.501 mm | M= 1.183 | incident=3.8197°
[[  99.51137    -561.81586     -25.030962  ]
 [ -18.096107    101.84408      19.969038  ]
 [   0.14730492    0.02610397    0.        ]
 [   0.            0.            0.1496    ]]
Residual vector length: 60, Jacobian shape: (60, 6)
view   0 | SOD= 571.029 mm | SDD= 675.501 mm | M= 1.183 | incident=3.8197°
[[  99.46404    -561.7425      -25.024647  ]
 [ -18.086391    101.9275       19.975353  ]
 [   0.14730717    0.02609131    0.        ]
 [   0.            0.            0.1496    ]]

iter 12 cost=1.856185 -> 1.185325 |dtheta|=9.599080e-02  lambda=1.000e-06

============================================================
Iteration 13
============================================================
Theta offsets (Unity frame):
  Source   : dSx=   0.000, dSy=   0.000, dSz=   0.000  (mm)
  Object   : dOx=  -9.999, dOy=   4.975, dOz= -18.513  (mm)
  Object offset: offset_x=   0.031, offset_z=  -0.007  (mm)
  Detector : dDx=   0.000, dDy=   0.000, dDz=   0.000  (mm)
  Obj Stage rotY :   10.044 deg
============================================================

Unity geometry (world coordinates):
  Source   : x=   0.000, y=  45.000, z=   0.000
  Object   : x=   0.001, y=  19.975, z= 570.487
  Detector : x=   0.000, y=   0.000, z= 674.000
  Obj rotY :   0.0000 deg
view   0 | SOD= 571.029 mm | SDD= 675.501 mm | M= 1.183 | incident=3.8197°
[[  99.46404    -561.7425      -25.024647  ]
 [ -18.086391    101.9275       19.975353  ]
 [   0.14730717    0.02609131    0.        ]
 [   0.            0.            0.1496    ]]
Residual vector length: 60, Jacobian shape: (60, 6)
view   0 | SOD= 570.889 mm | SDD= 675.501 mm | M= 1.183 | incident=3.8197°
[[  99.500374   -561.59393     -25.014027  ]
 [ -18.1021      102.06685      19.985973  ]
 [   0.14730513    0.02610286    0.        ]
 [   0.            0.            0.1496    ]]

iter 13 cost=1.185325 -> 0.488130 |dtheta|=1.448246e-01  lambda=1.000e-06

============================================================
Iteration 14
============================================================
Theta offsets (Unity frame):
  Source   : dSx=   0.000, dSy=   0.000, dSz=   0.000  (mm)
  Object   : dOx= -10.005, dOy=   4.986, dOz= -18.657  (mm)
  Object offset: offset_x=   0.020, offset_z=  -0.003  (mm)
  Detector : dDx=   0.000, dDy=   0.000, dDz=   0.000  (mm)
  Obj Stage rotY :   10.049 deg
============================================================

Unity geometry (world coordinates):
  Source   : x=   0.000, y=  45.000, z=   0.000
  Object   : x=  -0.005, y=  19.986, z= 570.343
  Detector : x=   0.000, y=   0.000, z= 674.000
  Obj rotY :   0.0000 deg
view   0 | SOD= 570.889 mm | SDD= 675.501 mm | M= 1.183 | incident=3.8197°
[[  99.500374   -561.59393     -25.014027  ]
 [ -18.1021      102.06685      19.985973  ]
 [   0.14730513    0.02610286    0.        ]
 [   0.            0.            0.1496    ]]
Residual vector length: 60, Jacobian shape: (60, 6)
view   0 | SOD= 570.791 mm | SDD= 675.501 mm | M= 1.183 | incident=3.8197°
[[  99.428535   -561.50745     -25.009241  ]
 [ -18.099628    102.16653      19.990759  ]
 [   0.14730805    0.02608637    0.        ]
 [   0.            0.            0.1496    ]]

iter 14 cost=0.488130 -> 0.308119 |dtheta|=9.352238e-02  lambda=1.000e-06

============================================================
Iteration 15
============================================================
Theta offsets (Unity frame):
  Source   : dSx=   0.000, dSy=   0.000, dSz=   0.000  (mm)
  Object   : dOx= -10.004, dOy=   4.991, dOz= -18.750  (mm)
  Object offset: offset_x=   0.011, offset_z=  -0.008  (mm)
  Detector : dDx=   0.000, dDy=   0.000, dDz=   0.000  (mm)
  Obj Stage rotY :   10.042 deg
============================================================

Unity geometry (world coordinates):
  Source   : x=   0.000, y=  45.000, z=   0.000
  Object   : x=  -0.004, y=  19.991, z= 570.250
  Detector : x=   0.000, y=   0.000, z= 674.000
  Obj rotY :   0.0000 deg
view   0 | SOD= 570.791 mm | SDD= 675.501 mm | M= 1.183 | incident=3.8197°
[[  99.428535   -561.50745     -25.009241  ]
 [ -18.099628    102.16653      19.990759  ]
 [   0.14730805    0.02608637    0.        ]
 [   0.            0.            0.1496    ]]
Residual vector length: 60, Jacobian shape: (60, 6)
view   0 | SOD= 570.761 mm | SDD= 675.501 mm | M= 1.184 | incident=3.8197°
[[  99.357994   -561.4897      -25.007002  ]
 [ -18.088844    102.198685     19.992998  ]
 [   0.14731124    0.02606832    0.        ]
 [   0.            0.            0.1496    ]]

iter 15 cost=0.308119 -> 0.241489 |dtheta|=3.145412e-02  lambda=1.000e-06

============================================================
Iteration 16
============================================================
Theta offsets (Unity frame):
  Source   : dSx=   0.000, dSy=   0.000, dSz=   0.000  (mm)
  Object   : dOx= -10.007, dOy=   4.993, dOz= -18.780  (mm)
  Object offset: offset_x=   0.010, offset_z=  -0.007  (mm)
  Detector : dDx=   0.000, dDy=   0.000, dDz=   0.000  (mm)
  Obj Stage rotY :   10.035 deg
============================================================

Unity geometry (world coordinates):
  Source   : x=   0.000, y=  45.000, z=   0.000
  Object   : x=  -0.007, y=  19.993, z= 570.220
  Detector : x=   0.000, y=   0.000, z= 674.000
  Obj rotY :   0.0000 deg
view   0 | SOD= 570.761 mm | SDD= 675.501 mm | M= 1.184 | incident=3.8197°
[[  99.357994   -561.4897      -25.007002  ]
 [ -18.088844    102.198685     19.992998  ]
 [   0.14731124    0.02606832    0.        ]
 [   0.            0.            0.1496    ]]
Residual vector length: 60, Jacobian shape: (60, 6)
view   0 | SOD= 570.700 mm | SDD= 675.501 mm | M= 1.184 | incident=3.8197°
[[  99.32439    -561.43365     -25.003239  ]
 [ -18.099644    102.25875      19.996761  ]
 [   0.14731213    0.02606326    0.        ]
 [   0.            0.            0.1496    ]]

iter 16 cost=0.241489 -> 0.195647 |dtheta|=6.561771e-02  lambda=1.000e-06

============================================================
Iteration 17
============================================================
Theta offsets (Unity frame):
  Source   : dSx=   0.000, dSy=   0.000, dSz=   0.000  (mm)
  Object   : dOx= -10.005, dOy=   4.997, dOz= -18.845  (mm)
  Object offset: offset_x=   0.013, offset_z=  -0.003  (mm)
  Detector : dDx=   0.000, dDy=   0.000, dDz=   0.000  (mm)
  Obj Stage rotY :   10.033 deg
============================================================

Unity geometry (world coordinates):
  Source   : x=   0.000, y=  45.000, z=   0.000
  Object   : x=  -0.005, y=  19.997, z= 570.155
  Detector : x=   0.000, y=   0.000, z= 674.000
  Obj rotY :   0.0000 deg
view   0 | SOD= 570.700 mm | SDD= 675.501 mm | M= 1.184 | incident=3.8197°
[[  99.32439    -561.43365     -25.003239  ]
 [ -18.099644    102.25875      19.996761  ]
 [   0.14731213    0.02606326    0.        ]
 [   0.            0.            0.1496    ]]
Residual vector length: 60, Jacobian shape: (60, 6)
view   0 | SOD= 570.694 mm | SDD= 675.501 mm | M= 1.184 | incident=3.8197°
[[  99.44267    -561.4066      -25.001255  ]
 [ -18.120556    102.26112      19.998745  ]
 [   0.14730667    0.02609415    0.        ]
 [   0.            0.            0.1496    ]]

iter 17 cost=0.195647 -> 0.164042 |dtheta|=1.416096e-02  lambda=1.000e-06

============================================================
Iteration 18
============================================================
Theta offsets (Unity frame):
  Source   : dSx=   0.000, dSy=   0.000, dSz=   0.000  (mm)
  Object   : dOx= -10.005, dOy=   4.999, dOz= -18.852  (mm)
  Object offset: offset_x=   0.011, offset_z=  -0.002  (mm)
  Detector : dDx=   0.000, dDy=   0.000, dDz=   0.000  (mm)
  Obj Stage rotY :   10.045 deg
============================================================

Unity geometry (world coordinates):
  Source   : x=   0.000, y=  45.000, z=   0.000
  Object   : x=  -0.005, y=  19.999, z= 570.148
  Detector : x=   0.000, y=   0.000, z= 674.000
  Obj rotY :   0.0000 deg
view   0 | SOD= 570.694 mm | SDD= 675.501 mm | M= 1.184 | incident=3.8197°
[[  99.44267    -561.4066      -25.001255  ]
 [ -18.120556    102.26112      19.998745  ]
 [   0.14730667    0.02609415    0.        ]
 [   0.            0.            0.1496    ]]
Residual vector length: 60, Jacobian shape: (60, 6)
view   0 | SOD= 570.689 mm | SDD= 675.501 mm | M= 1.184 | incident=3.8197°
[[  99.3902     -561.4113      -25.000904  ]
 [ -18.111038    102.267395     19.999096  ]
 [   0.14730911    0.02608039    0.        ]
 [   0.            0.            0.1496    ]]

iter 18 cost=0.164042 -> 0.169859 |dtheta|=7.807513e-03  lambda=1.000e-06

============================================================
Iteration 19
============================================================
Theta offsets (Unity frame):
  Source   : dSx=   0.000, dSy=   0.000, dSz=   0.000  (mm)
  Object   : dOx= -10.005, dOy=   4.999, dOz= -18.852  (mm)
  Object offset: offset_x=   0.011, offset_z=  -0.002  (mm)
  Detector : dDx=   0.000, dDy=   0.000, dDz=   0.000  (mm)
  Obj Stage rotY :   10.045 deg
============================================================

Unity geometry (world coordinates):
  Source   : x=   0.000, y=  45.000, z=   0.000
  Object   : x=  -0.005, y=  19.999, z= 570.148
  Detector : x=   0.000, y=   0.000, z= 674.000
  Obj rotY :   0.0000 deg
view   0 | SOD= 570.694 mm | SDD= 675.501 mm | M= 1.184 | incident=3.8197°
[[  99.44267    -561.4066      -25.001255  ]
 [ -18.120556    102.26112      19.998745  ]
 [   0.14730667    0.02609415    0.        ]
 [   0.            0.            0.1496    ]]
Residual vector length: 60, Jacobian shape: (60, 6)
view   0 | SOD= 570.689 mm | SDD= 675.501 mm | M= 1.184 | incident=3.8197°
[[  99.3902     -561.4113      -25.000904  ]
 [ -18.111038    102.267395     19.999096  ]
 [   0.14730911    0.02608039    0.        ]
 [   0.            0.            0.1496    ]]

iter 19 cost=0.164042 -> 0.169859 |dtheta|=7.807513e-03  lambda=5.000e-06

============================================================
Iteration 20
============================================================
Theta offsets (Unity frame):
  Source   : dSx=   0.000, dSy=   0.000, dSz=   0.000  (mm)
  Object   : dOx= -10.005, dOy=   4.999, dOz= -18.852  (mm)
  Object offset: offset_x=   0.011, offset_z=  -0.002  (mm)
  Detector : dDx=   0.000, dDy=   0.000, dDz=   0.000  (mm)
  Obj Stage rotY :   10.045 deg
============================================================

Unity geometry (world coordinates):
  Source   : x=   0.000, y=  45.000, z=   0.000
  Object   : x=  -0.005, y=  19.999, z= 570.148
  Detector : x=   0.000, y=   0.000, z= 674.000
  Obj rotY :   0.0000 deg
view   0 | SOD= 570.694 mm | SDD= 675.501 mm | M= 1.184 | incident=3.8197°
[[  99.44267    -561.4066      -25.001255  ]
 [ -18.120556    102.26112      19.998745  ]
 [   0.14730667    0.02609415    0.        ]
 [   0.            0.            0.1496    ]]
Residual vector length: 60, Jacobian shape: (60, 6)
view   0 | SOD= 570.689 mm | SDD= 675.501 mm | M= 1.184 | incident=3.8197°
[[  99.3902     -561.4113      -25.000904  ]
 [ -18.111038    102.267395     19.999096  ]
 [   0.14730911    0.02608039    0.        ]
 [   0.            0.            0.1496    ]]

iter 20 cost=0.164042 -> 0.169859 |dtheta|=7.807512e-03  lambda=2.500e-05

============================================================
Iteration 21
============================================================
Theta offsets (Unity frame):
  Source   : dSx=   0.000, dSy=   0.000, dSz=   0.000  (mm)
  Object   : dOx= -10.005, dOy=   4.999, dOz= -18.852  (mm)
  Object offset: offset_x=   0.011, offset_z=  -0.002  (mm)
  Detector : dDx=   0.000, dDy=   0.000, dDz=   0.000  (mm)
  Obj Stage rotY :   10.045 deg
============================================================

Unity geometry (world coordinates):
  Source   : x=   0.000, y=  45.000, z=   0.000
  Object   : x=  -0.005, y=  19.999, z= 570.148
  Detector : x=   0.000, y=   0.000, z= 674.000
  Obj rotY :   0.0000 deg
view   0 | SOD= 570.694 mm | SDD= 675.501 mm | M= 1.184 | incident=3.8197°
[[  99.44267    -561.4066      -25.001255  ]
 [ -18.120556    102.26112      19.998745  ]
 [   0.14730667    0.02609415    0.        ]
 [   0.            0.            0.1496    ]]
Residual vector length: 60, Jacobian shape: (60, 6)
view   0 | SOD= 570.689 mm | SDD= 675.501 mm | M= 1.184 | incident=3.8197°
[[  99.3902     -561.4113      -25.000904  ]
 [ -18.111038    102.267395     19.999096  ]
 [   0.14730911    0.02608039    0.        ]
 [   0.            0.            0.1496    ]]

iter 21 cost=0.164042 -> 0.169859 |dtheta|=7.807510e-03  lambda=1.250e-04

============================================================
Iteration 22
============================================================
Theta offsets (Unity frame):
  Source   : dSx=   0.000, dSy=   0.000, dSz=   0.000  (mm)
  Object   : dOx= -10.005, dOy=   4.999, dOz= -18.852  (mm)
  Object offset: offset_x=   0.011, offset_z=  -0.002  (mm)
  Detector : dDx=   0.000, dDy=   0.000, dDz=   0.000  (mm)
  Obj Stage rotY :   10.045 deg
============================================================

Unity geometry (world coordinates):
  Source   : x=   0.000, y=  45.000, z=   0.000
  Object   : x=  -0.005, y=  19.999, z= 570.148
  Detector : x=   0.000, y=   0.000, z= 674.000
  Obj rotY :   0.0000 deg
view   0 | SOD= 570.694 mm | SDD= 675.501 mm | M= 1.184 | incident=3.8197°
[[  99.44267    -561.4066      -25.001255  ]
 [ -18.120556    102.26112      19.998745  ]
 [   0.14730667    0.02609415    0.        ]
 [   0.            0.            0.1496    ]]
Residual vector length: 60, Jacobian shape: (60, 6)
view   0 | SOD= 570.689 mm | SDD= 675.501 mm | M= 1.184 | incident=3.8197°
[[  99.3902     -561.4113      -25.000904  ]
 [ -18.111038    102.267395     19.999096  ]
 [   0.14730911    0.02608039    0.        ]
 [   0.            0.            0.1496    ]]

iter 22 cost=0.164042 -> 0.169859 |dtheta|=7.807499e-03  lambda=6.250e-04

============================================================
Iteration 23
============================================================
Theta offsets (Unity frame):
  Source   : dSx=   0.000, dSy=   0.000, dSz=   0.000  (mm)
  Object   : dOx= -10.005, dOy=   4.999, dOz= -18.852  (mm)
  Object offset: offset_x=   0.011, offset_z=  -0.002  (mm)
  Detector : dDx=   0.000, dDy=   0.000, dDz=   0.000  (mm)
  Obj Stage rotY :   10.045 deg
============================================================

Unity geometry (world coordinates):
  Source   : x=   0.000, y=  45.000, z=   0.000
  Object   : x=  -0.005, y=  19.999, z= 570.148
  Detector : x=   0.000, y=   0.000, z= 674.000
  Obj rotY :   0.0000 deg
view   0 | SOD= 570.694 mm | SDD= 675.501 mm | M= 1.184 | incident=3.8197°
[[  99.44267    -561.4066      -25.001255  ]
 [ -18.120556    102.26112      19.998745  ]
 [   0.14730667    0.02609415    0.        ]
 [   0.            0.            0.1496    ]]
Residual vector length: 60, Jacobian shape: (60, 6)
view   0 | SOD= 570.689 mm | SDD= 675.501 mm | M= 1.184 | incident=3.8197°
[[  99.3902     -561.4113      -25.000904  ]
 [ -18.111038    102.267395     19.999096  ]
 [   0.14730911    0.02608039    0.        ]
 [   0.            0.            0.1496    ]]

iter 23 cost=0.164042 -> 0.169859 |dtheta|=7.807443e-03  lambda=3.125e-03

============================================================
Iteration 24
============================================================
Theta offsets (Unity frame):
  Source   : dSx=   0.000, dSy=   0.000, dSz=   0.000  (mm)
  Object   : dOx= -10.005, dOy=   4.999, dOz= -18.852  (mm)
  Object offset: offset_x=   0.011, offset_z=  -0.002  (mm)
  Detector : dDx=   0.000, dDy=   0.000, dDz=   0.000  (mm)
  Obj Stage rotY :   10.045 deg
============================================================

Unity geometry (world coordinates):
  Source   : x=   0.000, y=  45.000, z=   0.000
  Object   : x=  -0.005, y=  19.999, z= 570.148
  Detector : x=   0.000, y=   0.000, z= 674.000
  Obj rotY :   0.0000 deg
view   0 | SOD= 570.694 mm | SDD= 675.501 mm | M= 1.184 | incident=3.8197°
[[  99.44267    -561.4066      -25.001255  ]
 [ -18.120556    102.26112      19.998745  ]
 [   0.14730667    0.02609415    0.        ]
 [   0.            0.            0.1496    ]]
Residual vector length: 60, Jacobian shape: (60, 6)
view   0 | SOD= 570.689 mm | SDD= 675.501 mm | M= 1.184 | incident=3.8197°
[[  99.3902     -561.4113      -25.000904  ]
 [ -18.11104     102.267395     19.999096  ]
 [   0.14730911    0.02608039    0.        ]
 [   0.            0.            0.1496    ]]

iter 24 cost=0.164042 -> 0.169859 |dtheta|=7.807163e-03  lambda=1.562e-02

============================================================
Iteration 25
============================================================
Theta offsets (Unity frame):
  Source   : dSx=   0.000, dSy=   0.000, dSz=   0.000  (mm)
  Object   : dOx= -10.005, dOy=   4.999, dOz= -18.852  (mm)
  Object offset: offset_x=   0.011, offset_z=  -0.002  (mm)
  Detector : dDx=   0.000, dDy=   0.000, dDz=   0.000  (mm)
  Obj Stage rotY :   10.045 deg
============================================================

Unity geometry (world coordinates):
  Source   : x=   0.000, y=  45.000, z=   0.000
  Object   : x=  -0.005, y=  19.999, z= 570.148
  Detector : x=   0.000, y=   0.000, z= 674.000
  Obj rotY :   0.0000 deg
view   0 | SOD= 570.694 mm | SDD= 675.501 mm | M= 1.184 | incident=3.8197°
[[  99.44267    -561.4066      -25.001255  ]
 [ -18.120556    102.26112      19.998745  ]
 [   0.14730667    0.02609415    0.        ]
 [   0.            0.            0.1496    ]]
Residual vector length: 60, Jacobian shape: (60, 6)
view   0 | SOD= 570.689 mm | SDD= 675.501 mm | M= 1.184 | incident=3.8197°
[[  99.39021    -561.4113      -25.000904  ]
 [ -18.111042    102.267395     19.999096  ]
 [   0.14730911    0.0260804     0.        ]
 [   0.            0.            0.1496    ]]

iter 25 cost=0.164042 -> 0.169859 |dtheta|=7.805762e-03  lambda=7.812e-02

============================================================
Iteration 26
============================================================
Theta offsets (Unity frame):
  Source   : dSx=   0.000, dSy=   0.000, dSz=   0.000  (mm)
  Object   : dOx= -10.005, dOy=   4.999, dOz= -18.852  (mm)
  Object offset: offset_x=   0.011, offset_z=  -0.002  (mm)
  Detector : dDx=   0.000, dDy=   0.000, dDz=   0.000  (mm)
  Obj Stage rotY :   10.045 deg
============================================================

Unity geometry (world coordinates):
  Source   : x=   0.000, y=  45.000, z=   0.000
  Object   : x=  -0.005, y=  19.999, z= 570.148
  Detector : x=   0.000, y=   0.000, z= 674.000
  Obj rotY :   0.0000 deg
view   0 | SOD= 570.694 mm | SDD= 675.501 mm | M= 1.184 | incident=3.8197°
[[  99.44267    -561.4066      -25.001255  ]
 [ -18.120556    102.26112      19.998745  ]
 [   0.14730667    0.02609415    0.        ]
 [   0.            0.            0.1496    ]]
Residual vector length: 60, Jacobian shape: (60, 6)
view   0 | SOD= 570.689 mm | SDD= 675.501 mm | M= 1.184 | incident=3.8197°
[[  99.39028    -561.4113      -25.000904  ]
 [ -18.111055    102.267395     19.999096  ]
 [   0.14730911    0.02608041    0.        ]
 [   0.            0.            0.1496    ]]

iter 26 cost=0.164042 -> 0.169859 |dtheta|=7.798773e-03  lambda=3.906e-01

============================================================
Iteration 27
============================================================
Theta offsets (Unity frame):
  Source   : dSx=   0.000, dSy=   0.000, dSz=   0.000  (mm)
  Object   : dOx= -10.005, dOy=   4.999, dOz= -18.852  (mm)
  Object offset: offset_x=   0.011, offset_z=  -0.002  (mm)
  Detector : dDx=   0.000, dDy=   0.000, dDz=   0.000  (mm)
  Obj Stage rotY :   10.045 deg
============================================================

Unity geometry (world coordinates):
  Source   : x=   0.000, y=  45.000, z=   0.000
  Object   : x=  -0.005, y=  19.999, z= 570.148
  Detector : x=   0.000, y=   0.000, z= 674.000
  Obj rotY :   0.0000 deg
view   0 | SOD= 570.694 mm | SDD= 675.501 mm | M= 1.184 | incident=3.8197°
[[  99.44267    -561.4066      -25.001255  ]
 [ -18.120556    102.26112      19.998745  ]
 [   0.14730667    0.02609415    0.        ]
 [   0.            0.            0.1496    ]]
Residual vector length: 60, Jacobian shape: (60, 6)
view   0 | SOD= 570.689 mm | SDD= 675.501 mm | M= 1.184 | incident=3.8197°
[[  99.3906    -561.41125    -25.000912 ]
 [ -18.111118   102.26738     19.999088 ]
 [   0.1473091    0.0260805    0.       ]
 [   0.           0.           0.1496   ]]

iter 27 cost=0.164042 -> 0.169859 |dtheta|=7.764173e-03  lambda=1.953e+00

============================================================
Iteration 28
============================================================
Theta offsets (Unity frame):
  Source   : dSx=   0.000, dSy=   0.000, dSz=   0.000  (mm)
  Object   : dOx= -10.005, dOy=   4.999, dOz= -18.852  (mm)
  Object offset: offset_x=   0.011, offset_z=  -0.002  (mm)
  Detector : dDx=   0.000, dDy=   0.000, dDz=   0.000  (mm)
  Obj Stage rotY :   10.045 deg
============================================================

Unity geometry (world coordinates):
  Source   : x=   0.000, y=  45.000, z=   0.000
  Object   : x=  -0.005, y=  19.999, z= 570.148
  Detector : x=   0.000, y=   0.000, z= 674.000
  Obj rotY :   0.0000 deg
view   0 | SOD= 570.694 mm | SDD= 675.501 mm | M= 1.184 | incident=3.8197°
[[  99.44267    -561.4066      -25.001255  ]
 [ -18.120556    102.26112      19.998745  ]
 [   0.14730667    0.02609415    0.        ]
 [   0.            0.            0.1496    ]]
Residual vector length: 60, Jacobian shape: (60, 6)
view   0 | SOD= 570.689 mm | SDD= 675.501 mm | M= 1.184 | incident=3.8197°
[[  99.3922     -561.4112      -25.000942  ]
 [ -18.1114      102.26715      19.999058  ]
 [   0.14730902    0.02608092    0.        ]
 [   0.            0.            0.1496    ]]

iter 28 cost=0.164042 -> 0.169859 |dtheta|=7.599120e-03  lambda=9.766e+00

============================================================
Iteration 29
============================================================
Theta offsets (Unity frame):
  Source   : dSx=   0.000, dSy=   0.000, dSz=   0.000  (mm)
  Object   : dOx= -10.005, dOy=   4.999, dOz= -18.852  (mm)
  Object offset: offset_x=   0.011, offset_z=  -0.002  (mm)
  Detector : dDx=   0.000, dDy=   0.000, dDz=   0.000  (mm)
  Obj Stage rotY :   10.045 deg
============================================================

Unity geometry (world coordinates):
  Source   : x=   0.000, y=  45.000, z=   0.000
  Object   : x=  -0.005, y=  19.999, z= 570.148
  Detector : x=   0.000, y=   0.000, z= 674.000
  Obj rotY :   0.0000 deg
view   0 | SOD= 570.694 mm | SDD= 675.501 mm | M= 1.184 | incident=3.8197°
[[  99.44267    -561.4066      -25.001255  ]
 [ -18.120556    102.26112      19.998745  ]
 [   0.14730667    0.02609415    0.        ]
 [   0.            0.            0.1496    ]]
Residual vector length: 60, Jacobian shape: (60, 6)
view   0 | SOD= 570.690 mm | SDD= 675.501 mm | M= 1.184 | incident=3.8197°
[[  99.39887    -561.41046     -25.001057  ]
 [ -18.11264     102.26643      19.998943  ]
 [   0.1473087     0.02608267    0.        ]
 [   0.            0.            0.1496    ]]

iter 29 cost=0.164042 -> 0.162506 |dtheta|=6.919548e-03  lambda=4.883e+01

============================================================
Iteration 30
============================================================
Theta offsets (Unity frame):
  Source   : dSx=   0.000, dSy=   0.000, dSz=   0.000  (mm)
  Object   : dOx= -10.002, dOy=   4.999, dOz= -18.854  (mm)
  Object offset: offset_x=   0.007, offset_z=  -0.004  (mm)
  Detector : dDx=   0.000, dDy=   0.000, dDz=   0.000  (mm)
  Obj Stage rotY :   10.041 deg
============================================================

Unity geometry (world coordinates):
  Source   : x=   0.000, y=  45.000, z=   0.000
  Object   : x=  -0.002, y=  19.999, z= 570.146
  Detector : x=   0.000, y=   0.000, z= 674.000
  Obj rotY :   0.0000 deg
view   0 | SOD= 570.690 mm | SDD= 675.501 mm | M= 1.184 | incident=3.8197°
[[  99.39887    -561.41046     -25.001057  ]
 [ -18.11264     102.26643      19.998943  ]
 [   0.1473087     0.02608267    0.        ]
 [   0.            0.            0.1496    ]]
Residual vector length: 60, Jacobian shape: (60, 6)
view   0 | SOD= 570.682 mm | SDD= 675.501 mm | M= 1.184 | incident=3.8197°
[[  99.32823    -561.4145      -25.002476  ]
 [ -18.103313    102.27657      19.997524  ]
 [   0.14731185    0.02606492    0.        ]
 [   0.            0.            0.1496    ]]

iter 30 cost=0.162506 -> 0.154696 |dtheta|=1.144721e-02  lambda=1.628e+01

============================================================
Iteration 31
============================================================
Theta offsets (Unity frame):
  Source   : dSx=   0.000, dSy=   0.000, dSz=   0.000  (mm)
  Object   : dOx= -10.003, dOy=   4.998, dOz= -18.862  (mm)
  Object offset: offset_x=   0.010, offset_z=  -0.004  (mm)
  Detector : dDx=   0.000, dDy=   0.000, dDz=   0.000  (mm)
  Obj Stage rotY :   10.034 deg
============================================================

Unity geometry (world coordinates):
  Source   : x=   0.000, y=  45.000, z=   0.000
  Object   : x=  -0.003, y=  19.998, z= 570.138
  Detector : x=   0.000, y=   0.000, z= 674.000
  Obj rotY :   0.0000 deg
view   0 | SOD= 570.682 mm | SDD= 675.501 mm | M= 1.184 | incident=3.8197°
[[  99.32823    -561.4145      -25.002476  ]
 [ -18.103313    102.27657      19.997524  ]
 [   0.14731185    0.02606492    0.        ]
 [   0.            0.            0.1496    ]]
Residual vector length: 60, Jacobian shape: (60, 6)
view   0 | SOD= 570.677 mm | SDD= 675.501 mm | M= 1.184 | incident=3.8197°
[[  99.28627    -561.4175      -25.002598  ]
 [ -18.094135    102.28266      19.997402  ]
 [   0.14731385    0.02605357    0.        ]
 [   0.            0.            0.1496    ]]

iter 31 cost=0.154696 -> 0.156097 |dtheta|=6.009436e-03  lambda=5.425e+00

============================================================
Iteration 32
============================================================
Theta offsets (Unity frame):
  Source   : dSx=   0.000, dSy=   0.000, dSz=   0.000  (mm)
  Object   : dOx= -10.003, dOy=   4.998, dOz= -18.862  (mm)
  Object offset: offset_x=   0.010, offset_z=  -0.004  (mm)
  Detector : dDx=   0.000, dDy=   0.000, dDz=   0.000  (mm)
  Obj Stage rotY :   10.034 deg
============================================================

Unity geometry (world coordinates):
  Source   : x=   0.000, y=  45.000, z=   0.000
  Object   : x=  -0.003, y=  19.998, z= 570.138
  Detector : x=   0.000, y=   0.000, z= 674.000
  Obj rotY :   0.0000 deg
view   0 | SOD= 570.682 mm | SDD= 675.501 mm | M= 1.184 | incident=3.8197°
[[  99.32823    -561.4145      -25.002476  ]
 [ -18.103313    102.27657      19.997524  ]
 [   0.14731185    0.02606492    0.        ]
 [   0.            0.            0.1496    ]]
Residual vector length: 60, Jacobian shape: (60, 6)
view   0 | SOD= 570.679 mm | SDD= 675.501 mm | M= 1.184 | incident=3.8197°
[[  99.29207    -561.4181      -25.002657  ]
 [ -18.09484     102.28086      19.997343  ]
 [   0.1473136     0.02605502    0.        ]
 [   0.            0.            0.1496    ]]

iter 32 cost=0.154696 -> 0.153080 |dtheta|=4.750973e-03  lambda=2.713e+01

============================================================
Iteration 33
============================================================
Theta offsets (Unity frame):
  Source   : dSx=   0.000, dSy=   0.000, dSz=   0.000  (mm)
  Object   : dOx= -10.004, dOy=   4.997, dOz= -18.864  (mm)
  Object offset: offset_x=   0.008, offset_z=  -0.005  (mm)
  Detector : dDx=   0.000, dDy=   0.000, dDz=   0.000  (mm)
  Obj Stage rotY :   10.030 deg
============================================================

Unity geometry (world coordinates):
  Source   : x=   0.000, y=  45.000, z=   0.000
  Object   : x=  -0.004, y=  19.997, z= 570.136
  Detector : x=   0.000, y=   0.000, z= 674.000
  Obj rotY :   0.0000 deg
view   0 | SOD= 570.679 mm | SDD= 675.501 mm | M= 1.184 | incident=3.8197°
[[  99.29207    -561.4181      -25.002657  ]
 [ -18.09484     102.28086      19.997343  ]
 [   0.1473136     0.02605502    0.        ]
 [   0.            0.            0.1496    ]]
Residual vector length: 60, Jacobian shape: (60, 6)
view   0 | SOD= 570.677 mm | SDD= 675.501 mm | M= 1.184 | incident=3.8197°
[[  99.233696   -561.4267      -25.0015    ]
 [ -18.082117    102.28485      19.9985    ]
 [   0.14731638    0.02603924    0.        ]
 [   0.            0.            0.1496    ]]

iter 33 cost=0.153080 -> 0.144682 |dtheta|=6.761157e-03  lambda=9.042e+00

============================================================
Iteration 34
============================================================
Theta offsets (Unity frame):
  Source   : dSx=   0.000, dSy=   0.000, dSz=   0.000  (mm)
  Object   : dOx= -10.005, dOy=   4.999, dOz= -18.866  (mm)
  Object offset: offset_x=   0.007, offset_z=  -0.005  (mm)
  Detector : dDx=   0.000, dDy=   0.000, dDz=   0.000  (mm)
  Obj Stage rotY :   10.024 deg
============================================================

Unity geometry (world coordinates):
  Source   : x=   0.000, y=  45.000, z=   0.000
  Object   : x=  -0.005, y=  19.999, z= 570.134
  Detector : x=   0.000, y=   0.000, z= 674.000
  Obj rotY :   0.0000 deg
view   0 | SOD= 570.677 mm | SDD= 675.501 mm | M= 1.184 | incident=3.8197°
[[  99.233696   -561.4267      -25.0015    ]
 [ -18.082117    102.28485      19.9985    ]
 [   0.14731638    0.02603924    0.        ]
 [   0.            0.            0.1496    ]]
Residual vector length: 60, Jacobian shape: (60, 6)
view   0 | SOD= 570.671 mm | SDD= 675.501 mm | M= 1.184 | incident=3.8197°
[[  99.10147    -561.44434     -25.001041  ]
 [ -18.059494    102.29455      19.998959  ]
 [   0.14732246    0.02600487    0.        ]
 [   0.            0.            0.1496    ]]

iter 34 cost=0.144682 -> 0.147357 |dtheta|=1.506612e-02  lambda=3.014e+00

============================================================
Iteration 35
============================================================
Theta offsets (Unity frame):
  Source   : dSx=   0.000, dSy=   0.000, dSz=   0.000  (mm)
  Object   : dOx= -10.005, dOy=   4.999, dOz= -18.866  (mm)
  Object offset: offset_x=   0.007, offset_z=  -0.005  (mm)
  Detector : dDx=   0.000, dDy=   0.000, dDz=   0.000  (mm)
  Obj Stage rotY :   10.024 deg
============================================================

Unity geometry (world coordinates):
  Source   : x=   0.000, y=  45.000, z=   0.000
  Object   : x=  -0.005, y=  19.999, z= 570.134
  Detector : x=   0.000, y=   0.000, z= 674.000
  Obj rotY :   0.0000 deg
view   0 | SOD= 570.677 mm | SDD= 675.501 mm | M= 1.184 | incident=3.8197°
[[  99.233696   -561.4267      -25.0015    ]
 [ -18.082117    102.28485      19.9985    ]
 [   0.14731638    0.02603924    0.        ]
 [   0.            0.            0.1496    ]]
Residual vector length: 60, Jacobian shape: (60, 6)
view   0 | SOD= 570.672 mm | SDD= 675.501 mm | M= 1.184 | incident=3.8197°
[[  99.11712    -561.4423      -25.001081  ]
 [ -18.062214    102.29333      19.998919  ]
 [   0.14732175    0.02600894    0.        ]
 [   0.            0.            0.1496    ]]

iter 35 cost=0.144682 -> 0.141274 |dtheta|=1.320218e-02  lambda=1.507e+01

============================================================
Iteration 36
============================================================
Theta offsets (Unity frame):
  Source   : dSx=   0.000, dSy=   0.000, dSz=   0.000  (mm)
  Object   : dOx= -10.004, dOy=   4.999, dOz= -18.872  (mm)
  Object offset: offset_x=   0.007, offset_z=  -0.004  (mm)
  Detector : dDx=   0.000, dDy=   0.000, dDz=   0.000  (mm)
  Obj Stage rotY :   10.012 deg
============================================================

Unity geometry (world coordinates):
  Source   : x=   0.000, y=  45.000, z=   0.000
  Object   : x=  -0.004, y=  19.999, z= 570.128
  Detector : x=   0.000, y=   0.000, z= 674.000
  Obj rotY :   0.0000 deg
view   0 | SOD= 570.672 mm | SDD= 675.501 mm | M= 1.184 | incident=3.8197°
[[  99.11712    -561.4423      -25.001081  ]
 [ -18.062214    102.29333      19.998919  ]
 [   0.14732175    0.02600894    0.        ]
 [   0.            0.            0.1496    ]]
Residual vector length: 60, Jacobian shape: (60, 6)
view   0 | SOD= 570.668 mm | SDD= 675.501 mm | M= 1.184 | incident=3.8197°
[[  99.24158    -561.41614     -25.00192   ]
 [ -18.085491    102.29343      19.99808   ]
 [   0.14731595    0.02604173    0.        ]
 [   0.            0.            0.1496    ]]

iter 36 cost=0.141274 -> 0.152934 |dtheta|=1.353418e-02  lambda=5.023e+00

============================================================
Iteration 37
============================================================
Theta offsets (Unity frame):
  Source   : dSx=   0.000, dSy=   0.000, dSz=   0.000  (mm)
  Object   : dOx= -10.004, dOy=   4.999, dOz= -18.872  (mm)
  Object offset: offset_x=   0.007, offset_z=  -0.004  (mm)
  Detector : dDx=   0.000, dDy=   0.000, dDz=   0.000  (mm)
  Obj Stage rotY :   10.012 deg
============================================================

Unity geometry (world coordinates):
  Source   : x=   0.000, y=  45.000, z=   0.000
  Object   : x=  -0.004, y=  19.999, z= 570.128
  Detector : x=   0.000, y=   0.000, z= 674.000
  Obj rotY :   0.0000 deg
view   0 | SOD= 570.672 mm | SDD= 675.501 mm | M= 1.184 | incident=3.8197°
[[  99.11712    -561.4423      -25.001081  ]
 [ -18.062214    102.29333      19.998919  ]
 [   0.14732175    0.02600894    0.        ]
 [   0.            0.            0.1496    ]]
Residual vector length: 60, Jacobian shape: (60, 6)
view   0 | SOD= 570.670 mm | SDD= 675.501 mm | M= 1.184 | incident=3.8197°
[[  99.219986   -561.42194     -25.001886  ]
 [ -18.081072    102.29222      19.998114  ]
 [   0.14731696    0.02603596    0.        ]
 [   0.            0.            0.1496    ]]

iter 37 cost=0.141274 -> 0.154212 |dtheta|=1.088284e-02  lambda=2.512e+01

============================================================
Iteration 38
============================================================
Theta offsets (Unity frame):
  Source   : dSx=   0.000, dSy=   0.000, dSz=   0.000  (mm)
  Object   : dOx= -10.004, dOy=   4.999, dOz= -18.872  (mm)
  Object offset: offset_x=   0.007, offset_z=  -0.004  (mm)
  Detector : dDx=   0.000, dDy=   0.000, dDz=   0.000  (mm)
  Obj Stage rotY :   10.012 deg
============================================================

Unity geometry (world coordinates):
  Source   : x=   0.000, y=  45.000, z=   0.000
  Object   : x=  -0.004, y=  19.999, z= 570.128
  Detector : x=   0.000, y=   0.000, z= 674.000
  Obj rotY :   0.0000 deg
view   0 | SOD= 570.672 mm | SDD= 675.501 mm | M= 1.184 | incident=3.8197°
[[  99.11712    -561.4423      -25.001081  ]
 [ -18.062214    102.29333      19.998919  ]
 [   0.14732175    0.02600894    0.        ]
 [   0.            0.            0.1496    ]]
Residual vector length: 60, Jacobian shape: (60, 6)
view   0 | SOD= 570.672 mm | SDD= 675.501 mm | M= 1.184 | incident=3.8197°
[[  99.173676   -561.432       -25.001698  ]
 [ -18.072214    102.29187      19.998302  ]
 [   0.14731912    0.02602372    0.        ]
 [   0.            0.            0.1496    ]]

iter 38 cost=0.141274 -> 0.150898 |dtheta|=5.958447e-03  lambda=1.256e+02

============================================================
Iteration 39
============================================================
Theta offsets (Unity frame):
  Source   : dSx=   0.000, dSy=   0.000, dSz=   0.000  (mm)
  Object   : dOx= -10.004, dOy=   4.999, dOz= -18.872  (mm)
  Object offset: offset_x=   0.007, offset_z=  -0.004  (mm)
  Detector : dDx=   0.000, dDy=   0.000, dDz=   0.000  (mm)
  Obj Stage rotY :   10.012 deg
============================================================

Unity geometry (world coordinates):
  Source   : x=   0.000, y=  45.000, z=   0.000
  Object   : x=  -0.004, y=  19.999, z= 570.128
  Detector : x=   0.000, y=   0.000, z= 674.000
  Obj rotY :   0.0000 deg
view   0 | SOD= 570.672 mm | SDD= 675.501 mm | M= 1.184 | incident=3.8197°
[[  99.11712    -561.4423      -25.001081  ]
 [ -18.062214    102.29333      19.998919  ]
 [   0.14732175    0.02600894    0.        ]
 [   0.            0.            0.1496    ]]
Residual vector length: 60, Jacobian shape: (60, 6)
view   0 | SOD= 570.672 mm | SDD= 675.501 mm | M= 1.184 | incident=3.8197°
[[  99.134735   -561.4394      -25.001404  ]
 [ -18.065174    102.29262      19.998596  ]
 [   0.14732093    0.02601351    0.        ]
 [   0.            0.            0.1496    ]]

iter 39 cost=0.141274 -> 0.143187 |dtheta|=2.043709e-03  lambda=6.279e+02

============================================================
Iteration 40
============================================================
Theta offsets (Unity frame):
  Source   : dSx=   0.000, dSy=   0.000, dSz=   0.000  (mm)
  Object   : dOx= -10.004, dOy=   4.999, dOz= -18.872  (mm)
  Object offset: offset_x=   0.007, offset_z=  -0.004  (mm)
  Detector : dDx=   0.000, dDy=   0.000, dDz=   0.000  (mm)
  Obj Stage rotY :   10.012 deg
============================================================

Unity geometry (world coordinates):
  Source   : x=   0.000, y=  45.000, z=   0.000
  Object   : x=  -0.004, y=  19.999, z= 570.128
  Detector : x=   0.000, y=   0.000, z= 674.000
  Obj rotY :   0.0000 deg
view   0 | SOD= 570.672 mm | SDD= 675.501 mm | M= 1.184 | incident=3.8197°
[[  99.11712    -561.4423      -25.001081  ]
 [ -18.062214    102.29333      19.998919  ]
 [   0.14732175    0.02600894    0.        ]
 [   0.            0.            0.1496    ]]
Residual vector length: 60, Jacobian shape: (60, 6)
view   0 | SOD= 570.672 mm | SDD= 675.501 mm | M= 1.184 | incident=3.8197°
[[  99.12107    -561.4418      -25.001188  ]
 [ -18.062864    102.29308      19.998812  ]
 [   0.14732155    0.02600997    0.        ]
 [   0.            0.            0.1496    ]]

iter 40 cost=0.141274 -> 0.143139 |dtheta|=5.650237e-04  lambda=3.140e+03

============================================================
Iteration 41
============================================================
Theta offsets (Unity frame):
  Source   : dSx=   0.000, dSy=   0.000, dSz=   0.000  (mm)
  Object   : dOx= -10.004, dOy=   4.999, dOz= -18.872  (mm)
  Object offset: offset_x=   0.007, offset_z=  -0.004  (mm)
  Detector : dDx=   0.000, dDy=   0.000, dDz=   0.000  (mm)
  Obj Stage rotY :   10.012 deg
============================================================

Unity geometry (world coordinates):
  Source   : x=   0.000, y=  45.000, z=   0.000
  Object   : x=  -0.004, y=  19.999, z= 570.128
  Detector : x=   0.000, y=   0.000, z= 674.000
  Obj rotY :   0.0000 deg
view   0 | SOD= 570.672 mm | SDD= 675.501 mm | M= 1.184 | incident=3.8197°
[[  99.11712    -561.4423      -25.001081  ]
 [ -18.062214    102.29333      19.998919  ]
 [   0.14732175    0.02600894    0.        ]
 [   0.            0.            0.1496    ]]
Residual vector length: 60, Jacobian shape: (60, 6)
view   0 | SOD= 570.672 mm | SDD= 675.501 mm | M= 1.184 | incident=3.8197°
[[  99.11792    -561.4422      -25.001106  ]
 [ -18.062355    102.2933       19.998894  ]
 [   0.1473217     0.02600915    0.        ]
 [   0.            0.            0.1496    ]]

iter 41 cost=0.141274 -> 0.147061 |dtheta|=1.298137e-04  lambda=1.570e+04

============================================================
Iteration 42
============================================================
Theta offsets (Unity frame):
  Source   : dSx=   0.000, dSy=   0.000, dSz=   0.000  (mm)
  Object   : dOx= -10.004, dOy=   4.999, dOz= -18.872  (mm)
  Object offset: offset_x=   0.007, offset_z=  -0.004  (mm)
  Detector : dDx=   0.000, dDy=   0.000, dDz=   0.000  (mm)
  Obj Stage rotY :   10.012 deg
============================================================

Unity geometry (world coordinates):
  Source   : x=   0.000, y=  45.000, z=   0.000
  Object   : x=  -0.004, y=  19.999, z= 570.128
  Detector : x=   0.000, y=   0.000, z= 674.000
  Obj rotY :   0.0000 deg
view   0 | SOD= 570.672 mm | SDD= 675.501 mm | M= 1.184 | incident=3.8197°
[[  99.11712    -561.4423      -25.001081  ]
 [ -18.062214    102.29333      19.998919  ]
 [   0.14732175    0.02600894    0.        ]
 [   0.            0.            0.1496    ]]
Residual vector length: 60, Jacobian shape: (60, 6)
view   0 | SOD= 570.672 mm | SDD= 675.501 mm | M= 1.184 | incident=3.8197°
[[  99.11728    -561.44226     -25.001087  ]
 [ -18.062243    102.29332      19.998913  ]
 [   0.14732173    0.02600899    0.        ]
 [   0.            0.            0.1496    ]]

iter 42 cost=0.141274 -> 0.143905 |dtheta|=2.689850e-05  lambda=7.849e+04

============================================================
Iteration 43
============================================================
Theta offsets (Unity frame):
  Source   : dSx=   0.000, dSy=   0.000, dSz=   0.000  (mm)
  Object   : dOx= -10.004, dOy=   4.999, dOz= -18.872  (mm)
  Object offset: offset_x=   0.007, offset_z=  -0.004  (mm)
  Detector : dDx=   0.000, dDy=   0.000, dDz=   0.000  (mm)
  Obj Stage rotY :   10.012 deg
============================================================

Unity geometry (world coordinates):
  Source   : x=   0.000, y=  45.000, z=   0.000
  Object   : x=  -0.004, y=  19.999, z= 570.128
  Detector : x=   0.000, y=   0.000, z= 674.000
  Obj rotY :   0.0000 deg
view   0 | SOD= 570.672 mm | SDD= 675.501 mm | M= 1.184 | incident=3.8197°
[[  99.11712    -561.4423      -25.001081  ]
 [ -18.062214    102.29333      19.998919  ]
 [   0.14732175    0.02600894    0.        ]
 [   0.            0.            0.1496    ]]
Residual vector length: 60, Jacobian shape: (60, 6)
view   0 | SOD= 570.672 mm | SDD= 675.501 mm | M= 1.184 | incident=3.8197°
[[  99.11715    -561.4423      -25.001083  ]
 [ -18.06222     102.29332      19.998917  ]
 [   0.14732173    0.02600895    0.        ]
 [   0.            0.            0.1496    ]]

iter 43 cost=0.141274 -> 0.141274 |dtheta|=5.420134e-06  lambda=3.925e+05

============================================================
Iteration 44
============================================================
Theta offsets (Unity frame):
  Source   : dSx=   0.000, dSy=   0.000, dSz=   0.000  (mm)
  Object   : dOx= -10.004, dOy=   4.999, dOz= -18.872  (mm)
  Object offset: offset_x=   0.007, offset_z=  -0.004  (mm)
  Detector : dDx=   0.000, dDy=   0.000, dDz=   0.000  (mm)
  Obj Stage rotY :   10.012 deg
============================================================

Unity geometry (world coordinates):
  Source   : x=   0.000, y=  45.000, z=   0.000
  Object   : x=  -0.004, y=  19.999, z= 570.128
  Detector : x=   0.000, y=   0.000, z= 674.000
  Obj rotY :   0.0000 deg
view   0 | SOD= 570.672 mm | SDD= 675.501 mm | M= 1.184 | incident=3.8197°
[[  99.11712    -561.4423      -25.001081  ]
 [ -18.062214    102.29333      19.998919  ]
 [   0.14732175    0.02600894    0.        ]
 [   0.            0.            0.1496    ]]
Residual vector length: 60, Jacobian shape: (60, 6)
view   0 | SOD= 570.672 mm | SDD= 675.501 mm | M= 1.184 | incident=3.8197°
[[  99.11713    -561.4423      -25.001081  ]
 [ -18.062218    102.29333      19.998919  ]
 [   0.14732173    0.02600895    0.        ]
 [   0.            0.            0.1496    ]]

iter 44 cost=0.141274 -> 0.141274 |dtheta|=2.129626e-06  lambda=1.000e+06

============================================================
Iteration 45
============================================================
Theta offsets (Unity frame):
  Source   : dSx=   0.000, dSy=   0.000, dSz=   0.000  (mm)
  Object   : dOx= -10.004, dOy=   4.999, dOz= -18.872  (mm)
  Object offset: offset_x=   0.007, offset_z=  -0.004  (mm)
  Detector : dDx=   0.000, dDy=   0.000, dDz=   0.000  (mm)
  Obj Stage rotY :   10.012 deg
============================================================

Unity geometry (world coordinates):
  Source   : x=   0.000, y=  45.000, z=   0.000
  Object   : x=  -0.004, y=  19.999, z= 570.128
  Detector : x=   0.000, y=   0.000, z= 674.000
  Obj rotY :   0.0000 deg
view   0 | SOD= 570.672 mm | SDD= 675.501 mm | M= 1.184 | incident=3.8197°
[[  99.11712    -561.4423      -25.001081  ]
 [ -18.062214    102.29333      19.998919  ]
 [   0.14732175    0.02600894    0.        ]
 [   0.            0.            0.1496    ]]
Residual vector length: 60, Jacobian shape: (60, 6)
view   0 | SOD= 570.672 mm | SDD= 675.501 mm | M= 1.184 | incident=3.8197°
[[  99.11713    -561.4423      -25.001081  ]
 [ -18.062218    102.29333      19.998919  ]
 [   0.14732173    0.02600895    0.        ]
 [   0.            0.            0.1496    ]]

iter 45 cost=0.141274 -> 0.141274 |dtheta|=2.129626e-06  lambda=1.000e+06

============================================================
Iteration 46
============================================================
Theta offsets (Unity frame):
  Source   : dSx=   0.000, dSy=   0.000, dSz=   0.000  (mm)
  Object   : dOx= -10.004, dOy=   4.999, dOz= -18.872  (mm)
  Object offset: offset_x=   0.007, offset_z=  -0.004  (mm)
  Detector : dDx=   0.000, dDy=   0.000, dDz=   0.000  (mm)
  Obj Stage rotY :   10.012 deg
============================================================

Unity geometry (world coordinates):
  Source   : x=   0.000, y=  45.000, z=   0.000
  Object   : x=  -0.004, y=  19.999, z= 570.128
  Detector : x=   0.000, y=   0.000, z= 674.000
  Obj rotY :   0.0000 deg
view   0 | SOD= 570.672 mm | SDD= 675.501 mm | M= 1.184 | incident=3.8197°
[[  99.11712    -561.4423      -25.001081  ]
 [ -18.062214    102.29333      19.998919  ]
 [   0.14732175    0.02600894    0.        ]
 [   0.            0.            0.1496    ]]
Residual vector length: 60, Jacobian shape: (60, 6)
view   0 | SOD= 570.672 mm | SDD= 675.501 mm | M= 1.184 | incident=3.8197°
[[  99.11713    -561.4423      -25.001081  ]
 [ -18.062218    102.29333      19.998919  ]
 [   0.14732173    0.02600895    0.        ]
 [   0.            0.            0.1496    ]]

iter 46 cost=0.141274 -> 0.141274 |dtheta|=2.129626e-06  lambda=1.000e+06

============================================================
Iteration 47
============================================================
Theta offsets (Unity frame):
  Source   : dSx=   0.000, dSy=   0.000, dSz=   0.000  (mm)
  Object   : dOx= -10.004, dOy=   4.999, dOz= -18.872  (mm)
  Object offset: offset_x=   0.007, offset_z=  -0.004  (mm)
  Detector : dDx=   0.000, dDy=   0.000, dDz=   0.000  (mm)
  Obj Stage rotY :   10.012 deg
============================================================

Unity geometry (world coordinates):
  Source   : x=   0.000, y=  45.000, z=   0.000
  Object   : x=  -0.004, y=  19.999, z= 570.128
  Detector : x=   0.000, y=   0.000, z= 674.000
  Obj rotY :   0.0000 deg
view   0 | SOD= 570.672 mm | SDD= 675.501 mm | M= 1.184 | incident=3.8197°
[[  99.11712    -561.4423      -25.001081  ]
 [ -18.062214    102.29333      19.998919  ]
 [   0.14732175    0.02600894    0.        ]
 [   0.            0.            0.1496    ]]
Residual vector length: 60, Jacobian shape: (60, 6)
view   0 | SOD= 570.672 mm | SDD= 675.501 mm | M= 1.184 | incident=3.8197°
[[  99.11713    -561.4423      -25.001081  ]
 [ -18.062218    102.29333      19.998919  ]
 [   0.14732173    0.02600895    0.        ]
 [   0.            0.            0.1496    ]]

iter 47 cost=0.141274 -> 0.141274 |dtheta|=2.129626e-06  lambda=1.000e+06

============================================================
Iteration 48
============================================================
Theta offsets (Unity frame):
  Source   : dSx=   0.000, dSy=   0.000, dSz=   0.000  (mm)
  Object   : dOx= -10.004, dOy=   4.999, dOz= -18.872  (mm)
  Object offset: offset_x=   0.007, offset_z=  -0.004  (mm)
  Detector : dDx=   0.000, dDy=   0.000, dDz=   0.000  (mm)
  Obj Stage rotY :   10.012 deg
============================================================

Unity geometry (world coordinates):
  Source   : x=   0.000, y=  45.000, z=   0.000
  Object   : x=  -0.004, y=  19.999, z= 570.128
  Detector : x=   0.000, y=   0.000, z= 674.000
  Obj rotY :   0.0000 deg
view   0 | SOD= 570.672 mm | SDD= 675.501 mm | M= 1.184 | incident=3.8197°
[[  99.11712    -561.4423      -25.001081  ]
 [ -18.062214    102.29333      19.998919  ]
 [   0.14732175    0.02600894    0.        ]
 [   0.            0.            0.1496    ]]
Residual vector length: 60, Jacobian shape: (60, 6)
view   0 | SOD= 570.672 mm | SDD= 675.501 mm | M= 1.184 | incident=3.8197°
[[  99.11713    -561.4423      -25.001081  ]
 [ -18.062218    102.29333      19.998919  ]
 [   0.14732173    0.02600895    0.        ]
 [   0.            0.            0.1496    ]]

iter 48 cost=0.141274 -> 0.141274 |dtheta|=2.129626e-06  lambda=1.000e+06

============================================================
Iteration 49
============================================================
Theta offsets (Unity frame):
  Source   : dSx=   0.000, dSy=   0.000, dSz=   0.000  (mm)
  Object   : dOx= -10.004, dOy=   4.999, dOz= -18.872  (mm)
  Object offset: offset_x=   0.007, offset_z=  -0.004  (mm)
  Detector : dDx=   0.000, dDy=   0.000, dDz=   0.000  (mm)
  Obj Stage rotY :   10.012 deg
============================================================

Unity geometry (world coordinates):
  Source   : x=   0.000, y=  45.000, z=   0.000
  Object   : x=  -0.004, y=  19.999, z= 570.128
  Detector : x=   0.000, y=   0.000, z= 674.000
  Obj rotY :   0.0000 deg
view   0 | SOD= 570.672 mm | SDD= 675.501 mm | M= 1.184 | incident=3.8197°
[[  99.11712    -561.4423      -25.001081  ]
 [ -18.062214    102.29333      19.998919  ]
 [   0.14732175    0.02600894    0.        ]
 [   0.            0.            0.1496    ]]
Residual vector length: 60, Jacobian shape: (60, 6)
view   0 | SOD= 570.672 mm | SDD= 675.501 mm | M= 1.184 | incident=3.8197°
[[  99.11713    -561.4423      -25.001081  ]
 [ -18.062218    102.29333      19.998919  ]
 [   0.14732173    0.02600895    0.        ]
 [   0.            0.            0.1496    ]]

iter 49 cost=0.141274 -> 0.141274 |dtheta|=2.129626e-06  lambda=1.000e+06

============================================================
Iteration 50
============================================================
Theta offsets (Unity frame):
  Source   : dSx=   0.000, dSy=   0.000, dSz=   0.000  (mm)
  Object   : dOx= -10.004, dOy=   4.999, dOz= -18.872  (mm)
  Object offset: offset_x=   0.007, offset_z=  -0.004  (mm)
  Detector : dDx=   0.000, dDy=   0.000, dDz=   0.000  (mm)
  Obj Stage rotY :   10.012 deg
============================================================

Unity geometry (world coordinates):
  Source   : x=   0.000, y=  45.000, z=   0.000
  Object   : x=  -0.004, y=  19.999, z= 570.128
  Detector : x=   0.000, y=   0.000, z= 674.000
  Obj rotY :   0.0000 deg
view   0 | SOD= 570.672 mm | SDD= 675.501 mm | M= 1.184 | incident=3.8197°
[[  99.11712    -561.4423      -25.001081  ]
 [ -18.062214    102.29333      19.998919  ]
 [   0.14732175    0.02600894    0.        ]
 [   0.            0.            0.1496    ]]
Residual vector length: 60, Jacobian shape: (60, 6)
view   0 | SOD= 570.672 mm | SDD= 675.501 mm | M= 1.184 | incident=3.8197°
[[  99.11713    -561.4423      -25.001081  ]
 [ -18.062218    102.29333      19.998919  ]
 [   0.14732173    0.02600895    0.        ]
 [   0.            0.            0.1496    ]]

iter 50 cost=0.141274 -> 0.141274 |dtheta|=2.129626e-06  lambda=1.000e+06
Stalled.

Estimated theta:
  dSx: +0.000000
  dSy: +0.000000
  dOx: -10.004117
  dOy: +4.998918
  dOz: -18.871987
  dDx: +0.000000
  dDy: +0.000000
  dDz: +0.000000
alpha: +1.001212e+01 deg)
offset_x: +0.006894
offset_z: -0.003712

Final cost table:
Fake theta: [  0.   0. -10.   5. -19.   0.   0.   0.  10.   0.   0.]
Final estimated theta: [  0.           0.         -10.00411662   4.9989183  -18.87198658
   0.           0.           0.          10.01212465   0.00689426
  -0.00371185]
Diff from Expected: [ 0.          0.         -0.00411662 -0.0010817   0.12801342  0.
  0.          0.          0.01212465  0.00689426 -0.00371185]
################################################################################

