Phantom already exists, skipping: cuboid_phantom_5_normal.npy

################################################################################
Running cuboid=normal scenario=G4 N_ANGLES=3, K=5
view   0 | SOD= 568.374 mm | SDD= 691.050 mm | M= 1.216 | incident=3.1588°
[[  24.733675   -567.4833      -20.        ]
 [   3.6013086   122.35616      15.        ]
 [   0.14939497    0.00782946    0.        ]
 [   0.            0.            0.1496    ]]
          image          x1         y1  area1          x2          y2  area2          x3          y3  area3          x4          y4  area4          x5          y5  area5
0  proj_000.png  470.116041  86.912969    586  357.884007  198.917399    569  368.522073  303.092131    521  476.411439  414.444649    542  470.175652  538.907826    575
1  proj_001.png  271.777164  89.034991    543  400.683544  197.453888    553  565.655971  308.887701    561  435.564784  422.209302    602  271.828154  524.901280    547
2  proj_002.png  511.840659  90.038462    546  494.996546  198.569948    579  319.251656  312.014901    604  341.635088  416.054386    570  511.799636  518.067395    549

============================================================
Iteration 0
============================================================
Theta offsets (Unity frame):
  Source   : dSx=   0.000, dSy=   0.000, dSz=   0.000  (mm)
  Object   : dOx=   0.000, dOy=   0.000, dOz=   0.000  (mm)
  Object offset: offset_x=   0.000, offset_z=   0.000  (mm)
  Detector : dDx=   0.000, dDy=   0.000, dDz=   0.000  (mm)
  Obj Stage rotY :    0.000 deg
============================================================

Unity geometry (world coordinates):
  Source   : x=  -5.000, y=  38.000, z=   0.000
  Object   : x=   7.000, y=  20.000, z= 576.000
  Detector : x=  10.000, y=   3.000, z= 690.000
  Obj rotY :   0.0000 deg
view   0 | SOD= 576.406 mm | SDD= 691.050 mm | M= 1.199 | incident=3.1588°
[[ -12.     -576.      -18.    ]
 [   3.      114.       17.    ]
 [   0.1496    0.        0.    ]
 [   0.        0.        0.1496]]
Residual vector length: 60, Jacobian shape: (60, 6)
view   0 | SOD= 578.388 mm | SDD= 691.050 mm | M= 1.195 | incident=3.1588°
[[  10.843876   -577.9385      -20.068533  ]
 [   5.7213283   112.20552      14.931467  ]
 [   0.14953642    0.00436142    0.        ]
 [   0.            0.            0.1496    ]]

iter 00 cost=26370.416902 -> 2175.442344 |dtheta|=6.450090e+00  lambda=1.000e-02

============================================================
Iteration 1
============================================================
Theta offsets (Unity frame):
  Source   : dSx=   0.000, dSy=   0.000, dSz=   0.000  (mm)
  Object   : dOx=  -5.212, dOy=  -2.069, dOz=   2.545  (mm)
  Object offset: offset_x=  -0.778, offset_z=  -0.536  (mm)
  Detector : dDx=   0.000, dDy=   0.000, dDz=   0.000  (mm)
  Obj Stage rotY :    1.671 deg
============================================================

Unity geometry (world coordinates):
  Source   : x=  -5.000, y=  38.000, z=   0.000
  Object   : x=   1.788, y=  17.931, z= 578.545
  Detector : x=  10.000, y=   3.000, z= 690.000
  Obj rotY :   0.0000 deg
view   0 | SOD= 578.388 mm | SDD= 691.050 mm | M= 1.195 | incident=3.1588°
[[  10.843876   -577.9385      -20.068533  ]
 [   5.7213283   112.20552      14.931467  ]
 [   0.14953642    0.00436142    0.        ]
 [   0.            0.            0.1496    ]]
Residual vector length: 60, Jacobian shape: (60, 6)
view   0 | SOD= 576.241 mm | SDD= 691.050 mm | M= 1.199 | incident=3.1588°
[[  18.13472    -575.5957      -20.360079  ]
 [   5.122336    114.44465      14.639921  ]
 [   0.14947678    0.00607073    0.        ]
 [   0.            0.            0.1496    ]]

iter 01 cost=2175.442344 -> 414.436253 |dtheta|=3.132740e+00  lambda=3.333e-03

============================================================
Iteration 2
============================================================
Theta offsets (Unity frame):
  Source   : dSx=   0.000, dSy=   0.000, dSz=   0.000  (mm)
  Object   : dOx=  -6.451, dOy=  -2.360, dOz=  -0.148  (mm)
  Object offset: offset_x=  -0.311, offset_z=   0.006  (mm)
  Detector : dDx=   0.000, dDy=   0.000, dDz=   0.000  (mm)
  Obj Stage rotY :    2.326 deg
============================================================

Unity geometry (world coordinates):
  Source   : x=  -5.000, y=  38.000, z=   0.000
  Object   : x=   0.549, y=  17.640, z= 575.852
  Detector : x=  10.000, y=   3.000, z= 690.000
  Obj rotY :   0.0000 deg
view   0 | SOD= 576.241 mm | SDD= 691.050 mm | M= 1.199 | incident=3.1588°
[[  18.13472    -575.5957      -20.360079  ]
 [   5.122336    114.44465      14.639921  ]
 [   0.14947678    0.00607073    0.        ]
 [   0.            0.            0.1496    ]]
Residual vector length: 60, Jacobian shape: (60, 6)
view   0 | SOD= 574.304 mm | SDD= 691.050 mm | M= 1.203 | incident=3.1588°
[[  19.92456    -573.601       -20.241749  ]
 [   4.864219    116.39766      14.758251  ]
 [   0.1494581     0.00651435    0.        ]
 [   0.            0.            0.1496    ]]

iter 02 cost=414.436253 -> 162.582267 |dtheta|=2.097219e+00  lambda=1.111e-03

============================================================
Iteration 3
============================================================
Theta offsets (Unity frame):
  Source   : dSx=   0.000, dSy=   0.000, dSz=   0.000  (mm)
  Object   : dOx=  -6.832, dOy=  -2.242, dOz=  -2.186  (mm)
  Object offset: offset_x=  -0.097, offset_z=   0.111  (mm)
  Detector : dDx=   0.000, dDy=   0.000, dDz=   0.000  (mm)
  Obj Stage rotY :    2.496 deg
============================================================

Unity geometry (world coordinates):
  Source   : x=  -5.000, y=  38.000, z=   0.000
  Object   : x=   0.168, y=  17.758, z= 573.814
  Detector : x=  10.000, y=   3.000, z= 690.000
  Obj rotY :   0.0000 deg
view   0 | SOD= 574.304 mm | SDD= 691.050 mm | M= 1.203 | incident=3.1588°
[[  19.92456    -573.601       -20.241749  ]
 [   4.864219    116.39766      14.758251  ]
 [   0.1494581     0.00651435    0.        ]
 [   0.            0.            0.1496    ]]
Residual vector length: 60, Jacobian shape: (60, 6)
view   0 | SOD= 574.675 mm | SDD= 691.050 mm | M= 1.203 | incident=3.1588°
[[  25.760986   -573.7412      -20.210285  ]
 [   3.638362    116.067154     14.789715  ]
 [   0.14938359    0.00804391    0.        ]
 [   0.            0.            0.1496    ]]

iter 03 cost=162.582267 -> 167.273764 |dtheta|=6.653820e-01  lambda=3.704e-04

============================================================
Iteration 4
============================================================
Theta offsets (Unity frame):
  Source   : dSx=   0.000, dSy=   0.000, dSz=   0.000  (mm)
  Object   : dOx=  -6.832, dOy=  -2.242, dOz=  -2.186  (mm)
  Object offset: offset_x=  -0.097, offset_z=   0.111  (mm)
  Detector : dDx=   0.000, dDy=   0.000, dDz=   0.000  (mm)
  Obj Stage rotY :    2.496 deg
============================================================

Unity geometry (world coordinates):
  Source   : x=  -5.000, y=  38.000, z=   0.000
  Object   : x=   0.168, y=  17.758, z= 573.814
  Detector : x=  10.000, y=   3.000, z= 690.000
  Obj rotY :   0.0000 deg
view   0 | SOD= 574.304 mm | SDD= 691.050 mm | M= 1.203 | incident=3.1588°
[[  19.92456    -573.601       -20.241749  ]
 [   4.864219    116.39766      14.758251  ]
 [   0.1494581     0.00651435    0.        ]
 [   0.            0.            0.1496    ]]
Residual vector length: 60, Jacobian shape: (60, 6)
view   0 | SOD= 574.675 mm | SDD= 691.050 mm | M= 1.203 | incident=3.1588°
[[  25.760942   -573.7412      -20.210285  ]
 [   3.6383731   116.067154     14.789715  ]
 [   0.14938359    0.0080439     0.        ]
 [   0.            0.            0.1496    ]]

iter 04 cost=162.582267 -> 167.273764 |dtheta|=6.653696e-01  lambda=1.852e-03

============================================================
Iteration 5
============================================================
Theta offsets (Unity frame):
  Source   : dSx=   0.000, dSy=   0.000, dSz=   0.000  (mm)
  Object   : dOx=  -6.832, dOy=  -2.242, dOz=  -2.186  (mm)
  Object offset: offset_x=  -0.097, offset_z=   0.111  (mm)
  Detector : dDx=   0.000, dDy=   0.000, dDz=   0.000  (mm)
  Obj Stage rotY :    2.496 deg
============================================================

Unity geometry (world coordinates):
  Source   : x=  -5.000, y=  38.000, z=   0.000
  Object   : x=   0.168, y=  17.758, z= 573.814
  Detector : x=  10.000, y=   3.000, z= 690.000
  Obj rotY :   0.0000 deg
view   0 | SOD= 574.304 mm | SDD= 691.050 mm | M= 1.203 | incident=3.1588°
[[  19.92456    -573.601       -20.241749  ]
 [   4.864219    116.39766      14.758251  ]
 [   0.1494581     0.00651435    0.        ]
 [   0.            0.            0.1496    ]]
Residual vector length: 60, Jacobian shape: (60, 6)
view   0 | SOD= 574.675 mm | SDD= 691.050 mm | M= 1.203 | incident=3.1588°
[[  25.760715   -573.7411      -20.210287  ]
 [   3.6384213   116.067276     14.789713  ]
 [   0.14938359    0.00804384    0.        ]
 [   0.            0.            0.1496    ]]

iter 05 cost=162.582267 -> 167.273764 |dtheta|=6.653072e-01  lambda=9.259e-03

============================================================
Iteration 6
============================================================
Theta offsets (Unity frame):
  Source   : dSx=   0.000, dSy=   0.000, dSz=   0.000  (mm)
  Object   : dOx=  -6.832, dOy=  -2.242, dOz=  -2.186  (mm)
  Object offset: offset_x=  -0.097, offset_z=   0.111  (mm)
  Detector : dDx=   0.000, dDy=   0.000, dDz=   0.000  (mm)
  Obj Stage rotY :    2.496 deg
============================================================

Unity geometry (world coordinates):
  Source   : x=  -5.000, y=  38.000, z=   0.000
  Object   : x=   0.168, y=  17.758, z= 573.814
  Detector : x=  10.000, y=   3.000, z= 690.000
  Obj rotY :   0.0000 deg
view   0 | SOD= 574.304 mm | SDD= 691.050 mm | M= 1.203 | incident=3.1588°
[[  19.92456    -573.601       -20.241749  ]
 [   4.864219    116.39766      14.758251  ]
 [   0.1494581     0.00651435    0.        ]
 [   0.            0.            0.1496    ]]
Residual vector length: 60, Jacobian shape: (60, 6)
view   0 | SOD= 574.674 mm | SDD= 691.050 mm | M= 1.203 | incident=3.1588°
[[  25.75959    -573.74066     -20.210297  ]
 [   3.638668    116.06776      14.789703  ]
 [   0.1493836     0.00804354    0.        ]
 [   0.            0.            0.1496    ]]

iter 06 cost=162.582267 -> 167.156582 |dtheta|=6.649962e-01  lambda=4.630e-02

============================================================
Iteration 7
============================================================
Theta offsets (Unity frame):
  Source   : dSx=   0.000, dSy=   0.000, dSz=   0.000  (mm)
  Object   : dOx=  -6.832, dOy=  -2.242, dOz=  -2.186  (mm)
  Object offset: offset_x=  -0.097, offset_z=   0.111  (mm)
  Detector : dDx=   0.000, dDy=   0.000, dDz=   0.000  (mm)
  Obj Stage rotY :    2.496 deg
============================================================

Unity geometry (world coordinates):
  Source   : x=  -5.000, y=  38.000, z=   0.000
  Object   : x=   0.168, y=  17.758, z= 573.814
  Detector : x=  10.000, y=   3.000, z= 690.000
  Obj rotY :   0.0000 deg
view   0 | SOD= 574.304 mm | SDD= 691.050 mm | M= 1.203 | incident=3.1588°
[[  19.92456    -573.601       -20.241749  ]
 [   4.864219    116.39766      14.758251  ]
 [   0.1494581     0.00651435    0.        ]
 [   0.            0.            0.1496    ]]
Residual vector length: 60, Jacobian shape: (60, 6)
view   0 | SOD= 574.672 mm | SDD= 691.050 mm | M= 1.203 | incident=3.1588°
[[  25.753983   -573.73846     -20.210344  ]
 [   3.6398976   116.07017      14.789656  ]
 [   0.14938368    0.00804206    0.        ]
 [   0.            0.            0.1496    ]]

iter 07 cost=162.582267 -> 167.118495 |dtheta|=6.634558e-01  lambda=2.315e-01

============================================================
Iteration 8
============================================================
Theta offsets (Unity frame):
  Source   : dSx=   0.000, dSy=   0.000, dSz=   0.000  (mm)
  Object   : dOx=  -6.832, dOy=  -2.242, dOz=  -2.186  (mm)
  Object offset: offset_x=  -0.097, offset_z=   0.111  (mm)
  Detector : dDx=   0.000, dDy=   0.000, dDz=   0.000  (mm)
  Obj Stage rotY :    2.496 deg
============================================================

Unity geometry (world coordinates):
  Source   : x=  -5.000, y=  38.000, z=   0.000
  Object   : x=   0.168, y=  17.758, z= 573.814
  Detector : x=  10.000, y=   3.000, z= 690.000
  Obj rotY :   0.0000 deg
view   0 | SOD= 574.304 mm | SDD= 691.050 mm | M= 1.203 | incident=3.1588°
[[  19.92456    -573.601       -20.241749  ]
 [   4.864219    116.39766      14.758251  ]
 [   0.1494581     0.00651435    0.        ]
 [   0.            0.            0.1496    ]]
Residual vector length: 60, Jacobian shape: (60, 6)
view   0 | SOD= 574.660 mm | SDD= 691.050 mm | M= 1.203 | incident=3.1588°
[[  25.726492   -573.72797     -20.210571  ]
 [   3.645947    116.08175      14.789429  ]
 [   0.14938408    0.0080348     0.        ]
 [   0.            0.            0.1496    ]]

iter 08 cost=162.582267 -> 166.574838 |dtheta|=6.561050e-01  lambda=1.157e+00

============================================================
Iteration 9
============================================================
Theta offsets (Unity frame):
  Source   : dSx=   0.000, dSy=   0.000, dSz=   0.000  (mm)
  Object   : dOx=  -6.832, dOy=  -2.242, dOz=  -2.186  (mm)
  Object offset: offset_x=  -0.097, offset_z=   0.111  (mm)
  Detector : dDx=   0.000, dDy=   0.000, dDz=   0.000  (mm)
  Obj Stage rotY :    2.496 deg
============================================================

Unity geometry (world coordinates):
  Source   : x=  -5.000, y=  38.000, z=   0.000
  Object   : x=   0.168, y=  17.758, z= 573.814
  Detector : x=  10.000, y=   3.000, z= 690.000
  Obj rotY :   0.0000 deg
view   0 | SOD= 574.304 mm | SDD= 691.050 mm | M= 1.203 | incident=3.1588°
[[  19.92456    -573.601       -20.241749  ]
 [   4.864219    116.39766      14.758251  ]
 [   0.1494581     0.00651435    0.        ]
 [   0.            0.            0.1496    ]]
Residual vector length: 60, Jacobian shape: (60, 6)
view   0 | SOD= 574.612 mm | SDD= 691.050 mm | M= 1.203 | incident=3.1588°
[[  25.60044    -573.6857      -20.211514  ]
 [   3.674123    116.12891      14.7884865 ]
 [   0.14938587    0.0080014     0.        ]
 [   0.            0.            0.1496    ]]

iter 09 cost=162.582267 -> 163.806083 |dtheta|=6.262176e-01  lambda=5.787e+00

============================================================
Iteration 10
============================================================
Theta offsets (Unity frame):
  Source   : dSx=   0.000, dSy=   0.000, dSz=   0.000  (mm)
  Object   : dOx=  -6.832, dOy=  -2.242, dOz=  -2.186  (mm)
  Object offset: offset_x=  -0.097, offset_z=   0.111  (mm)
  Detector : dDx=   0.000, dDy=   0.000, dDz=   0.000  (mm)
  Obj Stage rotY :    2.496 deg
============================================================

Unity geometry (world coordinates):
  Source   : x=  -5.000, y=  38.000, z=   0.000
  Object   : x=   0.168, y=  17.758, z= 573.814
  Detector : x=  10.000, y=   3.000, z= 690.000
  Obj rotY :   0.0000 deg
view   0 | SOD= 574.304 mm | SDD= 691.050 mm | M= 1.203 | incident=3.1588°
[[  19.92456    -573.601       -20.241749  ]
 [   4.864219    116.39766      14.758251  ]
 [   0.1494581     0.00651435    0.        ]
 [   0.            0.            0.1496    ]]
Residual vector length: 60, Jacobian shape: (60, 6)
view   0 | SOD= 574.496 mm | SDD= 691.050 mm | M= 1.203 | incident=3.1588°
[[  25.120226   -573.5904      -20.213991  ]
 [   3.7860718   116.24279      14.786009  ]
 [   0.14939268    0.00787316    0.        ]
 [   0.            0.            0.1496    ]]

iter 10 cost=162.582267 -> 158.669467 |dtheta|=5.474468e-01  lambda=2.894e+01

============================================================
Iteration 11
============================================================
Theta offsets (Unity frame):
  Source   : dSx=   0.000, dSy=   0.000, dSz=   0.000  (mm)
  Object   : dOx=  -6.881, dOy=  -2.214, dOz=  -2.080  (mm)
  Object offset: offset_x=  -0.018, offset_z=   0.198  (mm)
  Detector : dDx=   0.000, dDy=   0.000, dDz=   0.000  (mm)
  Obj Stage rotY :    3.017 deg
============================================================

Unity geometry (world coordinates):
  Source   : x=  -5.000, y=  38.000, z=   0.000
  Object   : x=   0.119, y=  17.786, z= 573.920
  Detector : x=  10.000, y=   3.000, z= 690.000
  Obj rotY :   0.0000 deg
view   0 | SOD= 574.496 mm | SDD= 691.050 mm | M= 1.203 | incident=3.1588°
[[  25.120226   -573.5904      -20.213991  ]
 [   3.7860718   116.24279      14.786009  ]
 [   0.14939268    0.00787316    0.        ]
 [   0.            0.            0.1496    ]]
Residual vector length: 60, Jacobian shape: (60, 6)
view   0 | SOD= 573.479 mm | SDD= 691.050 mm | M= 1.205 | incident=3.1588°
[[  27.171001   -572.4809      -20.12589   ]
 [   3.489474    117.2757       14.874109  ]
 [   0.14936502    0.0083815     0.        ]
 [   0.            0.            0.1496    ]]

iter 11 cost=158.669467 -> 117.627814 |dtheta|=8.804521e-01  lambda=9.645e+00

============================================================
Iteration 12
============================================================
Theta offsets (Unity frame):
  Source   : dSx=   0.000, dSy=   0.000, dSz=   0.000  (mm)
  Object   : dOx=  -6.970, dOy=  -2.126, dOz=  -2.906  (mm)
  Object offset: offset_x=  -0.084, offset_z=   0.010  (mm)
  Detector : dDx=   0.000, dDy=   0.000, dDz=   0.000  (mm)
  Obj Stage rotY :    3.212 deg
============================================================

Unity geometry (world coordinates):
  Source   : x=  -5.000, y=  38.000, z=   0.000
  Object   : x=   0.030, y=  17.874, z= 573.094
  Detector : x=  10.000, y=   3.000, z= 690.000
  Obj rotY :   0.0000 deg
view   0 | SOD= 573.479 mm | SDD= 691.050 mm | M= 1.205 | incident=3.1588°
[[  27.171001   -572.4809      -20.12589   ]
 [   3.489474    117.2757       14.874109  ]
 [   0.14936502    0.0083815     0.        ]
 [   0.            0.            0.1496    ]]
Residual vector length: 60, Jacobian shape: (60, 6)
view   0 | SOD= 571.593 mm | SDD= 691.050 mm | M= 1.209 | incident=3.1588°
[[  26.359484   -570.6322      -20.071844  ]
 [   3.411924    119.1492       14.928156  ]
 [   0.14937386    0.00822255    0.        ]
 [   0.            0.            0.1496    ]]

iter 12 cost=117.627814 -> 43.829467 |dtheta|=1.958293e+00  lambda=3.215e+00

============================================================
Iteration 13
============================================================
Theta offsets (Unity frame):
  Source   : dSx=   0.000, dSy=   0.000, dSz=   0.000  (mm)
  Object   : dOx=  -6.947, dOy=  -2.072, dOz=  -4.859  (mm)
  Object offset: offset_x=  -0.009, offset_z=   0.078  (mm)
  Detector : dDx=   0.000, dDy=   0.000, dDz=   0.000  (mm)
  Obj Stage rotY :    3.151 deg
============================================================

Unity geometry (world coordinates):
  Source   : x=  -5.000, y=  38.000, z=   0.000
  Object   : x=   0.053, y=  17.928, z= 571.141
  Detector : x=  10.000, y=   3.000, z= 690.000
  Obj rotY :   0.0000 deg
view   0 | SOD= 571.593 mm | SDD= 691.050 mm | M= 1.209 | incident=3.1588°
[[  26.359484   -570.6322      -20.071844  ]
 [   3.411924    119.1492       14.928156  ]
 [   0.14937386    0.00822255    0.        ]
 [   0.            0.            0.1496    ]]
Residual vector length: 60, Jacobian shape: (60, 6)
view   0 | SOD= 570.243 mm | SDD= 691.050 mm | M= 1.212 | incident=3.1588°
[[  25.916485   -569.3015      -20.035988  ]
 [   3.4402478   120.49543      14.964012  ]
 [   0.14937945    0.00812049    0.        ]
 [   0.            0.            0.1496    ]]

iter 13 cost=43.829467 -> 16.302400 |dtheta|=1.383874e+00  lambda=1.072e+00

============================================================
Iteration 14
============================================================
Theta offsets (Unity frame):
  Source   : dSx=   0.000, dSy=   0.000, dSz=   0.000  (mm)
  Object   : dOx=  -7.002, dOy=  -2.036, dOz=  -6.240  (mm)
  Object offset: offset_x=   0.026, offset_z=   0.109  (mm)
  Detector : dDx=   0.000, dDy=   0.000, dDz=   0.000  (mm)
  Obj Stage rotY :    3.112 deg
============================================================

Unity geometry (world coordinates):
  Source   : x=  -5.000, y=  38.000, z=   0.000
  Object   : x=  -0.002, y=  17.964, z= 569.760
  Detector : x=  10.000, y=   3.000, z= 690.000
  Obj rotY :   0.0000 deg
view   0 | SOD= 570.243 mm | SDD= 691.050 mm | M= 1.212 | incident=3.1588°
[[  25.916485   -569.3015      -20.035988  ]
 [   3.4402478   120.49543      14.964012  ]
 [   0.14937945    0.00812049    0.        ]
 [   0.            0.            0.1496    ]]
Residual vector length: 60, Jacobian shape: (60, 6)
view   0 | SOD= 569.754 mm | SDD= 691.050 mm | M= 1.213 | incident=3.1588°
[[  25.616806   -568.8248      -20.053673  ]
 [   3.4054232   120.980675     14.946327  ]
 [   0.14938255    0.00806313    0.        ]
 [   0.            0.            0.1496    ]]

iter 14 cost=16.302400 -> 8.690119 |dtheta|=4.202456e-01  lambda=3.572e-01

============================================================
Iteration 15
============================================================
Theta offsets (Unity frame):
  Source   : dSx=   0.000, dSy=   0.000, dSz=   0.000  (mm)
  Object   : dOx=  -6.988, dOy=  -2.054, dOz=  -6.650  (mm)
  Object offset: offset_x=   0.067, offset_z=   0.028  (mm)
  Detector : dDx=   0.000, dDy=   0.000, dDz=   0.000  (mm)
  Obj Stage rotY :    3.090 deg
============================================================

Unity geometry (world coordinates):
  Source   : x=  -5.000, y=  38.000, z=   0.000
  Object   : x=   0.012, y=  17.946, z= 569.350
  Detector : x=  10.000, y=   3.000, z= 690.000
  Obj rotY :   0.0000 deg
view   0 | SOD= 569.754 mm | SDD= 691.050 mm | M= 1.213 | incident=3.1588°
[[  25.616806   -568.8248      -20.053673  ]
 [   3.4054232   120.980675     14.946327  ]
 [   0.14938255    0.00806313    0.        ]
 [   0.            0.            0.1496    ]]
Residual vector length: 60, Jacobian shape: (60, 6)
view   0 | SOD= 569.438 mm | SDD= 691.050 mm | M= 1.214 | incident=3.1588°
[[  25.535028   -568.5121      -20.026245  ]
 [   3.431898    121.29691      14.973755  ]
 [   0.14938381    0.00803969    0.        ]
 [   0.            0.            0.1496    ]]

iter 15 cost=8.690119 -> 4.915881 |dtheta|=3.110525e-01  lambda=1.191e-01

============================================================
Iteration 16
============================================================
Theta offsets (Unity frame):
  Source   : dSx=   0.000, dSy=   0.000, dSz=   0.000  (mm)
  Object   : dOx=  -6.994, dOy=  -2.026, dOz=  -6.959  (mm)
  Object offset: offset_x=   0.048, offset_z=   0.021  (mm)
  Detector : dDx=   0.000, dDy=   0.000, dDz=   0.000  (mm)
  Obj Stage rotY :    3.081 deg
============================================================

Unity geometry (world coordinates):
  Source   : x=  -5.000, y=  38.000, z=   0.000
  Object   : x=   0.006, y=  17.974, z= 569.042
  Detector : x=  10.000, y=   3.000, z= 690.000
  Obj rotY :   0.0000 deg
view   0 | SOD= 569.438 mm | SDD= 691.050 mm | M= 1.214 | incident=3.1588°
[[  25.535028   -568.5121      -20.026245  ]
 [   3.431898    121.29691      14.973755  ]
 [   0.14938381    0.00803969    0.        ]
 [   0.            0.            0.1496    ]]
Residual vector length: 60, Jacobian shape: (60, 6)
view   0 | SOD= 569.183 mm | SDD= 691.050 mm | M= 1.214 | incident=3.1588°
[[  25.25317    -568.2711      -20.001719  ]
 [   3.5249732   121.54977      14.9982815 ]
 [   0.14938816    0.00795849    0.        ]
 [   0.            0.            0.1496    ]]

iter 16 cost=4.915881 -> 3.215228 |dtheta|=2.840451e-01  lambda=3.969e-02

============================================================
Iteration 17
============================================================
Theta offsets (Unity frame):
  Source   : dSx=   0.000, dSy=   0.000, dSz=   0.000  (mm)
  Object   : dOx=  -7.005, dOy=  -2.002, dOz=  -7.237  (mm)
  Object offset: offset_x=   0.019, offset_z=   0.047  (mm)
  Detector : dDx=   0.000, dDy=   0.000, dDz=   0.000  (mm)
  Obj Stage rotY :    3.049 deg
============================================================

Unity geometry (world coordinates):
  Source   : x=  -5.000, y=  38.000, z=   0.000
  Object   : x=  -0.005, y=  17.998, z= 568.763
  Detector : x=  10.000, y=   3.000, z= 690.000
  Obj rotY :   0.0000 deg
view   0 | SOD= 569.183 mm | SDD= 691.050 mm | M= 1.214 | incident=3.1588°
[[  25.25317    -568.2711      -20.001719  ]
 [   3.5249732   121.54977      14.9982815 ]
 [   0.14938816    0.00795849    0.        ]
 [   0.            0.            0.1496    ]]
Residual vector length: 60, Jacobian shape: (60, 6)
view   0 | SOD= 569.172 mm | SDD= 691.050 mm | M= 1.214 | incident=3.1588°
[[  24.870691   -568.2756      -20.037207  ]
 [   3.5925019   121.55935      14.962793  ]
 [   0.14939332    0.00786104    0.        ]
 [   0.            0.            0.1496    ]]

iter 17 cost=3.215228 -> 2.933656 |dtheta|=7.985286e-02  lambda=1.323e-02

============================================================
Iteration 18
============================================================
Theta offsets (Unity frame):
  Source   : dSx=   0.000, dSy=   0.000, dSz=   0.000  (mm)
  Object   : dOx=  -6.985, dOy=  -2.037, dOz=  -7.203  (mm)
  Object offset: offset_x=   0.010, offset_z=   0.001  (mm)
  Detector : dDx=   0.000, dDy=   0.000, dDz=   0.000  (mm)
  Obj Stage rotY :    3.012 deg
============================================================

Unity geometry (world coordinates):
  Source   : x=  -5.000, y=  38.000, z=   0.000
  Object   : x=   0.015, y=  17.963, z= 568.797
  Detector : x=  10.000, y=   3.000, z= 690.000
  Obj rotY :   0.0000 deg
view   0 | SOD= 569.172 mm | SDD= 691.050 mm | M= 1.214 | incident=3.1588°
[[  24.870691   -568.2756      -20.037207  ]
 [   3.5925019   121.55935      14.962793  ]
 [   0.14939332    0.00786104    0.        ]
 [   0.            0.            0.1496    ]]
Residual vector length: 60, Jacobian shape: (60, 6)
view   0 | SOD= 569.038 mm | SDD= 691.050 mm | M= 1.214 | incident=3.1588°
[[  25.237429   -568.1258      -20.023031  ]
 [   3.5068643   121.69504      14.976969  ]
 [   0.14938813    0.00795901    0.        ]
 [   0.            0.            0.1496    ]]

iter 18 cost=2.933656 -> 2.344184 |dtheta|=1.252752e-01  lambda=4.410e-03

============================================================
Iteration 19
============================================================
Theta offsets (Unity frame):
  Source   : dSx=   0.000, dSy=   0.000, dSz=   0.000  (mm)
  Object   : dOx=  -6.970, dOy=  -2.023, dOz=  -7.318  (mm)
  Object offset: offset_x=  -0.007, offset_z=  -0.018  (mm)
  Detector : dDx=   0.000, dDy=   0.000, dDz=   0.000  (mm)
  Obj Stage rotY :    3.050 deg
============================================================

Unity geometry (world coordinates):
  Source   : x=  -5.000, y=  38.000, z=   0.000
  Object   : x=   0.030, y=  17.977, z= 568.682
  Detector : x=  10.000, y=   3.000, z= 690.000
  Obj rotY :   0.0000 deg
view   0 | SOD= 569.038 mm | SDD= 691.050 mm | M= 1.214 | incident=3.1588°
[[  25.237429   -568.1258      -20.023031  ]
 [   3.5068643   121.69504      14.976969  ]
 [   0.14938813    0.00795901    0.        ]
 [   0.            0.            0.1496    ]]
Residual vector length: 60, Jacobian shape: (60, 6)
view   0 | SOD= 568.824 mm | SDD= 691.050 mm | M= 1.215 | incident=3.1588°
[[  25.468256   -567.90106     -20.014116  ]
 [   3.469834    121.9113       14.985884  ]
 [   0.14938504    0.00801701    0.        ]
 [   0.            0.            0.1496    ]]

iter 19 cost=2.344184 -> 1.069728 |dtheta|=2.327441e-01  lambda=1.470e-03

============================================================
Iteration 20
============================================================
Theta offsets (Unity frame):
  Source   : dSx=   0.000, dSy=   0.000, dSz=   0.000  (mm)
  Object   : dOx=  -6.994, dOy=  -2.014, dOz=  -7.548  (mm)
  Object offset: offset_x=  -0.004, offset_z=  -0.002  (mm)
  Detector : dDx=   0.000, dDy=   0.000, dDz=   0.000  (mm)
  Obj Stage rotY :    3.072 deg
============================================================

Unity geometry (world coordinates):
  Source   : x=  -5.000, y=  38.000, z=   0.000
  Object   : x=   0.006, y=  17.986, z= 568.452
  Detector : x=  10.000, y=   3.000, z= 690.000
  Obj rotY :   0.0000 deg
view   0 | SOD= 568.824 mm | SDD= 691.050 mm | M= 1.215 | incident=3.1588°
[[  25.468256   -567.90106     -20.014116  ]
 [   3.469834    121.9113       14.985884  ]
 [   0.14938504    0.00801701    0.        ]
 [   0.            0.            0.1496    ]]
Residual vector length: 60, Jacobian shape: (60, 6)
view   0 | SOD= 568.796 mm | SDD= 691.050 mm | M= 1.215 | incident=3.1588°
[[  25.020678   -567.8931      -20.01455   ]
 [   3.5708895   121.93647      14.985451  ]
 [   0.14939135    0.0078982     0.        ]
 [   0.            0.            0.1496    ]]

iter 20 cost=1.069728 -> 0.810320 |dtheta|=5.556857e-02  lambda=4.900e-04

============================================================
Iteration 21
============================================================
Theta offsets (Unity frame):
  Source   : dSx=   0.000, dSy=   0.000, dSz=   0.000  (mm)
  Object   : dOx=  -6.999, dOy=  -2.015, dOz=  -7.579  (mm)
  Object offset: offset_x=  -0.005, offset_z=   0.001  (mm)
  Detector : dDx=   0.000, dDy=   0.000, dDz=   0.000  (mm)
  Obj Stage rotY :    3.026 deg
============================================================

Unity geometry (world coordinates):
  Source   : x=  -5.000, y=  38.000, z=   0.000
  Object   : x=   0.001, y=  17.985, z= 568.421
  Detector : x=  10.000, y=   3.000, z= 690.000
  Obj rotY :   0.0000 deg
view   0 | SOD= 568.796 mm | SDD= 691.050 mm | M= 1.215 | incident=3.1588°
[[  25.020678   -567.8931      -20.01455   ]
 [   3.5708895   121.93647      14.985451  ]
 [   0.14939135    0.0078982     0.        ]
 [   0.            0.            0.1496    ]]
Residual vector length: 60, Jacobian shape: (60, 6)
view   0 | SOD= 568.657 mm | SDD= 691.050 mm | M= 1.215 | incident=3.1588°
[[  25.021883   -567.75366     -20.010384  ]
 [   3.5614974   122.0756       14.989616  ]
 [   0.14939123    0.0079005     0.        ]
 [   0.            0.            0.1496    ]]

iter 21 cost=0.810320 -> 0.352544 |dtheta|=1.484758e-01  lambda=1.633e-04

============================================================
Iteration 22
============================================================
Theta offsets (Unity frame):
  Source   : dSx=   0.000, dSy=   0.000, dSz=   0.000  (mm)
  Object   : dOx=  -7.002, dOy=  -2.010, dOz=  -7.727  (mm)
  Object offset: offset_x=  -0.002, offset_z=   0.010  (mm)
  Detector : dDx=   0.000, dDy=   0.000, dDz=   0.000  (mm)
  Obj Stage rotY :    3.027 deg
============================================================

Unity geometry (world coordinates):
  Source   : x=  -5.000, y=  38.000, z=   0.000
  Object   : x=  -0.002, y=  17.990, z= 568.273
  Detector : x=  10.000, y=   3.000, z= 690.000
  Obj rotY :   0.0000 deg
view   0 | SOD= 568.657 mm | SDD= 691.050 mm | M= 1.215 | incident=3.1588°
[[  25.021883   -567.75366     -20.010384  ]
 [   3.5614974   122.0756       14.989616  ]
 [   0.14939123    0.0079005     0.        ]
 [   0.            0.            0.1496    ]]
Residual vector length: 60, Jacobian shape: (60, 6)
view   0 | SOD= 568.589 mm | SDD= 691.050 mm | M= 1.215 | incident=3.1588°
[[  24.793922   -567.6954      -20.004807  ]
 [   3.6119084   122.14255      14.9951935 ]
 [   0.14939441    0.00784021    0.        ]
 [   0.            0.            0.1496    ]]

iter 22 cost=0.352544 -> 0.208982 |dtheta|=7.121747e-02  lambda=5.445e-05

============================================================
Iteration 23
============================================================
Theta offsets (Unity frame):
  Source   : dSx=   0.000, dSy=   0.000, dSz=   0.000  (mm)
  Object   : dOx=  -6.998, dOy=  -2.005, dOz=  -7.794  (mm)
  Object offset: offset_x=  -0.010, offset_z=   0.008  (mm)
  Detector : dDx=   0.000, dDy=   0.000, dDz=   0.000  (mm)
  Obj Stage rotY :    3.004 deg
============================================================

Unity geometry (world coordinates):
  Source   : x=  -5.000, y=  38.000, z=   0.000
  Object   : x=   0.002, y=  17.995, z= 568.206
  Detector : x=  10.000, y=   3.000, z= 690.000
  Obj rotY :   0.0000 deg
view   0 | SOD= 568.589 mm | SDD= 691.050 mm | M= 1.215 | incident=3.1588°
[[  24.793922   -567.6954      -20.004807  ]
 [   3.6119084   122.14255      14.9951935 ]
 [   0.14939441    0.00784021    0.        ]
 [   0.            0.            0.1496    ]]
Residual vector length: 60, Jacobian shape: (60, 6)
view   0 | SOD= 568.519 mm | SDD= 691.050 mm | M= 1.216 | incident=3.1588°
[[  24.809586   -567.6246      -20.00335   ]
 [   3.599526    122.21247      14.996651  ]
 [   0.1493941     0.00784628    0.        ]
 [   0.            0.            0.1496    ]]

iter 23 cost=0.208982 -> 0.169076 |dtheta|=7.034928e-02  lambda=1.815e-05

============================================================
Iteration 24
============================================================
Theta offsets (Unity frame):
  Source   : dSx=   0.000, dSy=   0.000, dSz=   0.000  (mm)
  Object   : dOx=  -7.000, dOy=  -2.003, dOz=  -7.864  (mm)
  Object offset: offset_x=  -0.004, offset_z=   0.008  (mm)
  Detector : dDx=   0.000, dDy=   0.000, dDz=   0.000  (mm)
  Obj Stage rotY :    3.006 deg
============================================================

Unity geometry (world coordinates):
  Source   : x=  -5.000, y=  38.000, z=   0.000
  Object   : x=  -0.000, y=  17.997, z= 568.136
  Detector : x=  10.000, y=   3.000, z= 690.000
  Obj rotY :   0.0000 deg
view   0 | SOD= 568.519 mm | SDD= 691.050 mm | M= 1.216 | incident=3.1588°
[[  24.809586   -567.6246      -20.00335   ]
 [   3.599526    122.21247      14.996651  ]
 [   0.1493941     0.00784628    0.        ]
 [   0.            0.            0.1496    ]]
Residual vector length: 60, Jacobian shape: (60, 6)
view   0 | SOD= 568.526 mm | SDD= 691.050 mm | M= 1.216 | incident=3.1588°
[[  24.903046   -567.6283      -20.003098  ]
 [   3.5842888   122.20536      14.996902  ]
 [   0.14939286    0.00786982    0.        ]
 [   0.            0.            0.1496    ]]

iter 24 cost=0.169076 -> 0.179002 |dtheta|=1.557608e-02  lambda=6.050e-06

============================================================
Iteration 25
============================================================
Theta offsets (Unity frame):
  Source   : dSx=   0.000, dSy=   0.000, dSz=   0.000  (mm)
  Object   : dOx=  -7.000, dOy=  -2.003, dOz=  -7.864  (mm)
  Object offset: offset_x=  -0.004, offset_z=   0.008  (mm)
  Detector : dDx=   0.000, dDy=   0.000, dDz=   0.000  (mm)
  Obj Stage rotY :    3.006 deg
============================================================

Unity geometry (world coordinates):
  Source   : x=  -5.000, y=  38.000, z=   0.000
  Object   : x=  -0.000, y=  17.997, z= 568.136
  Detector : x=  10.000, y=   3.000, z= 690.000
  Obj rotY :   0.0000 deg
view   0 | SOD= 568.519 mm | SDD= 691.050 mm | M= 1.216 | incident=3.1588°
[[  24.809586   -567.6246      -20.00335   ]
 [   3.599526    122.21247      14.996651  ]
 [   0.1493941     0.00784628    0.        ]
 [   0.            0.            0.1496    ]]
Residual vector length: 60, Jacobian shape: (60, 6)
view   0 | SOD= 568.526 mm | SDD= 691.050 mm | M= 1.216 | incident=3.1588°
[[  24.903046   -567.6283      -20.003098  ]
 [   3.5842888   122.20536      14.996902  ]
 [   0.14939286    0.00786982    0.        ]
 [   0.            0.            0.1496    ]]

iter 25 cost=0.169076 -> 0.179002 |dtheta|=1.557608e-02  lambda=3.025e-05

============================================================
Iteration 26
============================================================
Theta offsets (Unity frame):
  Source   : dSx=   0.000, dSy=   0.000, dSz=   0.000  (mm)
  Object   : dOx=  -7.000, dOy=  -2.003, dOz=  -7.864  (mm)
  Object offset: offset_x=  -0.004, offset_z=   0.008  (mm)
  Detector : dDx=   0.000, dDy=   0.000, dDz=   0.000  (mm)
  Obj Stage rotY :    3.006 deg
============================================================

Unity geometry (world coordinates):
  Source   : x=  -5.000, y=  38.000, z=   0.000
  Object   : x=  -0.000, y=  17.997, z= 568.136
  Detector : x=  10.000, y=   3.000, z= 690.000
  Obj rotY :   0.0000 deg
view   0 | SOD= 568.519 mm | SDD= 691.050 mm | M= 1.216 | incident=3.1588°
[[  24.809586   -567.6246      -20.00335   ]
 [   3.599526    122.21247      14.996651  ]
 [   0.1493941     0.00784628    0.        ]
 [   0.            0.            0.1496    ]]
Residual vector length: 60, Jacobian shape: (60, 6)
view   0 | SOD= 568.526 mm | SDD= 691.050 mm | M= 1.216 | incident=3.1588°
[[  24.903046   -567.6283      -20.003098  ]
 [   3.5842888   122.20536      14.996902  ]
 [   0.14939286    0.00786982    0.        ]
 [   0.            0.            0.1496    ]]

iter 26 cost=0.169076 -> 0.179002 |dtheta|=1.557606e-02  lambda=1.512e-04

============================================================
Iteration 27
============================================================
Theta offsets (Unity frame):
  Source   : dSx=   0.000, dSy=   0.000, dSz=   0.000  (mm)
  Object   : dOx=  -7.000, dOy=  -2.003, dOz=  -7.864  (mm)
  Object offset: offset_x=  -0.004, offset_z=   0.008  (mm)
  Detector : dDx=   0.000, dDy=   0.000, dDz=   0.000  (mm)
  Obj Stage rotY :    3.006 deg
============================================================

Unity geometry (world coordinates):
  Source   : x=  -5.000, y=  38.000, z=   0.000
  Object   : x=  -0.000, y=  17.997, z= 568.136
  Detector : x=  10.000, y=   3.000, z= 690.000
  Obj rotY :   0.0000 deg
view   0 | SOD= 568.519 mm | SDD= 691.050 mm | M= 1.216 | incident=3.1588°
[[  24.809586   -567.6246      -20.00335   ]
 [   3.599526    122.21247      14.996651  ]
 [   0.1493941     0.00784628    0.        ]
 [   0.            0.            0.1496    ]]
Residual vector length: 60, Jacobian shape: (60, 6)
view   0 | SOD= 568.526 mm | SDD= 691.050 mm | M= 1.216 | incident=3.1588°
[[  24.903046   -567.6283      -20.003098  ]
 [   3.5842888   122.20536      14.996902  ]
 [   0.14939286    0.00786982    0.        ]
 [   0.            0.            0.1496    ]]

iter 27 cost=0.169076 -> 0.179002 |dtheta|=1.557595e-02  lambda=7.562e-04

============================================================
Iteration 28
============================================================
Theta offsets (Unity frame):
  Source   : dSx=   0.000, dSy=   0.000, dSz=   0.000  (mm)
  Object   : dOx=  -7.000, dOy=  -2.003, dOz=  -7.864  (mm)
  Object offset: offset_x=  -0.004, offset_z=   0.008  (mm)
  Detector : dDx=   0.000, dDy=   0.000, dDz=   0.000  (mm)
  Obj Stage rotY :    3.006 deg
============================================================

Unity geometry (world coordinates):
  Source   : x=  -5.000, y=  38.000, z=   0.000
  Object   : x=  -0.000, y=  17.997, z= 568.136
  Detector : x=  10.000, y=   3.000, z= 690.000
  Obj rotY :   0.0000 deg
view   0 | SOD= 568.519 mm | SDD= 691.050 mm | M= 1.216 | incident=3.1588°
[[  24.809586   -567.6246      -20.00335   ]
 [   3.599526    122.21247      14.996651  ]
 [   0.1493941     0.00784628    0.        ]
 [   0.            0.            0.1496    ]]
Residual vector length: 60, Jacobian shape: (60, 6)
view   0 | SOD= 568.526 mm | SDD= 691.050 mm | M= 1.216 | incident=3.1588°
[[  24.903044   -567.6283      -20.003098  ]
 [   3.5842888   122.20536      14.996902  ]
 [   0.14939286    0.00786982    0.        ]
 [   0.            0.            0.1496    ]]

iter 28 cost=0.169076 -> 0.179002 |dtheta|=1.557539e-02  lambda=3.781e-03

============================================================
Iteration 29
============================================================
Theta offsets (Unity frame):
  Source   : dSx=   0.000, dSy=   0.000, dSz=   0.000  (mm)
  Object   : dOx=  -7.000, dOy=  -2.003, dOz=  -7.864  (mm)
  Object offset: offset_x=  -0.004, offset_z=   0.008  (mm)
  Detector : dDx=   0.000, dDy=   0.000, dDz=   0.000  (mm)
  Obj Stage rotY :    3.006 deg
============================================================

Unity geometry (world coordinates):
  Source   : x=  -5.000, y=  38.000, z=   0.000
  Object   : x=  -0.000, y=  17.997, z= 568.136
  Detector : x=  10.000, y=   3.000, z= 690.000
  Obj rotY :   0.0000 deg
view   0 | SOD= 568.519 mm | SDD= 691.050 mm | M= 1.216 | incident=3.1588°
[[  24.809586   -567.6246      -20.00335   ]
 [   3.599526    122.21247      14.996651  ]
 [   0.1493941     0.00784628    0.        ]
 [   0.            0.            0.1496    ]]
Residual vector length: 60, Jacobian shape: (60, 6)
view   0 | SOD= 568.526 mm | SDD= 691.050 mm | M= 1.216 | incident=3.1588°
[[  24.903042   -567.6283      -20.003098  ]
 [   3.5842903   122.20536      14.996902  ]
 [   0.14939286    0.00786982    0.        ]
 [   0.            0.            0.1496    ]]

iter 29 cost=0.169076 -> 0.179002 |dtheta|=1.557263e-02  lambda=1.891e-02

============================================================
Iteration 30
============================================================
Theta offsets (Unity frame):
  Source   : dSx=   0.000, dSy=   0.000, dSz=   0.000  (mm)
  Object   : dOx=  -7.000, dOy=  -2.003, dOz=  -7.864  (mm)
  Object offset: offset_x=  -0.004, offset_z=   0.008  (mm)
  Detector : dDx=   0.000, dDy=   0.000, dDz=   0.000  (mm)
  Obj Stage rotY :    3.006 deg
============================================================

Unity geometry (world coordinates):
  Source   : x=  -5.000, y=  38.000, z=   0.000
  Object   : x=  -0.000, y=  17.997, z= 568.136
  Detector : x=  10.000, y=   3.000, z= 690.000
  Obj rotY :   0.0000 deg
view   0 | SOD= 568.519 mm | SDD= 691.050 mm | M= 1.216 | incident=3.1588°
[[  24.809586   -567.6246      -20.00335   ]
 [   3.599526    122.21247      14.996651  ]
 [   0.1493941     0.00784628    0.        ]
 [   0.            0.            0.1496    ]]
Residual vector length: 60, Jacobian shape: (60, 6)
view   0 | SOD= 568.526 mm | SDD= 691.050 mm | M= 1.216 | incident=3.1588°
[[  24.90303    -567.6283      -20.003096  ]
 [   3.5842917   122.20536      14.996904  ]
 [   0.14939286    0.00786982    0.        ]
 [   0.            0.            0.1496    ]]

iter 30 cost=0.169076 -> 0.179002 |dtheta|=1.555886e-02  lambda=9.453e-02

============================================================
Iteration 31
============================================================
Theta offsets (Unity frame):
  Source   : dSx=   0.000, dSy=   0.000, dSz=   0.000  (mm)
  Object   : dOx=  -7.000, dOy=  -2.003, dOz=  -7.864  (mm)
  Object offset: offset_x=  -0.004, offset_z=   0.008  (mm)
  Detector : dDx=   0.000, dDy=   0.000, dDz=   0.000  (mm)
  Obj Stage rotY :    3.006 deg
============================================================

Unity geometry (world coordinates):
  Source   : x=  -5.000, y=  38.000, z=   0.000
  Object   : x=  -0.000, y=  17.997, z= 568.136
  Detector : x=  10.000, y=   3.000, z= 690.000
  Obj rotY :   0.0000 deg
view   0 | SOD= 568.519 mm | SDD= 691.050 mm | M= 1.216 | incident=3.1588°
[[  24.809586   -567.6246      -20.00335   ]
 [   3.599526    122.21247      14.996651  ]
 [   0.1493941     0.00784628    0.        ]
 [   0.            0.            0.1496    ]]
Residual vector length: 60, Jacobian shape: (60, 6)
view   0 | SOD= 568.526 mm | SDD= 691.050 mm | M= 1.216 | incident=3.1588°
[[  24.90297    -567.6282      -20.003092  ]
 [   3.5842993   122.20548      14.996908  ]
 [   0.14939286    0.00786981    0.        ]
 [   0.            0.            0.1496    ]]

iter 31 cost=0.169076 -> 0.179002 |dtheta|=1.549079e-02  lambda=4.726e-01

============================================================
Iteration 32
============================================================
Theta offsets (Unity frame):
  Source   : dSx=   0.000, dSy=   0.000, dSz=   0.000  (mm)
  Object   : dOx=  -7.000, dOy=  -2.003, dOz=  -7.864  (mm)
  Object offset: offset_x=  -0.004, offset_z=   0.008  (mm)
  Detector : dDx=   0.000, dDy=   0.000, dDz=   0.000  (mm)
  Obj Stage rotY :    3.006 deg
============================================================

Unity geometry (world coordinates):
  Source   : x=  -5.000, y=  38.000, z=   0.000
  Object   : x=  -0.000, y=  17.997, z= 568.136
  Detector : x=  10.000, y=   3.000, z= 690.000
  Obj rotY :   0.0000 deg
view   0 | SOD= 568.519 mm | SDD= 691.050 mm | M= 1.216 | incident=3.1588°
[[  24.809586   -567.6246      -20.00335   ]
 [   3.599526    122.21247      14.996651  ]
 [   0.1493941     0.00784628    0.        ]
 [   0.            0.            0.1496    ]]
Residual vector length: 60, Jacobian shape: (60, 6)
view   0 | SOD= 568.526 mm | SDD= 691.050 mm | M= 1.216 | incident=3.1588°
[[  24.902636   -567.62787     -20.003077  ]
 [   3.5843558   122.20585      14.996923  ]
 [   0.14939286    0.00786972    0.        ]
 [   0.            0.            0.1496    ]]

iter 32 cost=0.169076 -> 0.179002 |dtheta|=1.516913e-02  lambda=2.363e+00

============================================================
Iteration 33
============================================================
Theta offsets (Unity frame):
  Source   : dSx=   0.000, dSy=   0.000, dSz=   0.000  (mm)
  Object   : dOx=  -7.000, dOy=  -2.003, dOz=  -7.864  (mm)
  Object offset: offset_x=  -0.004, offset_z=   0.008  (mm)
  Detector : dDx=   0.000, dDy=   0.000, dDz=   0.000  (mm)
  Obj Stage rotY :    3.006 deg
============================================================

Unity geometry (world coordinates):
  Source   : x=  -5.000, y=  38.000, z=   0.000
  Object   : x=  -0.000, y=  17.997, z= 568.136
  Detector : x=  10.000, y=   3.000, z= 690.000
  Obj rotY :   0.0000 deg
view   0 | SOD= 568.519 mm | SDD= 691.050 mm | M= 1.216 | incident=3.1588°
[[  24.809586   -567.6246      -20.00335   ]
 [   3.599526    122.21247      14.996651  ]
 [   0.1493941     0.00784628    0.        ]
 [   0.            0.            0.1496    ]]
Residual vector length: 60, Jacobian shape: (60, 6)
view   0 | SOD= 568.524 mm | SDD= 691.050 mm | M= 1.216 | incident=3.1588°
[[  24.90032    -567.62646     -20.003014  ]
 [   3.5847874   122.2073       14.996986  ]
 [   0.14939289    0.00786913    0.        ]
 [   0.            0.            0.1496    ]]

iter 33 cost=0.169076 -> 0.164962 |dtheta|=1.390488e-02  lambda=1.182e+01

============================================================
Iteration 34
============================================================
Theta offsets (Unity frame):
  Source   : dSx=   0.000, dSy=   0.000, dSz=   0.000  (mm)
  Object   : dOx=  -6.999, dOy=  -2.003, dOz=  -7.855  (mm)
  Object offset: offset_x=  -0.009, offset_z=   0.005  (mm)
  Detector : dDx=   0.000, dDy=   0.000, dDz=   0.000  (mm)
  Obj Stage rotY :    3.015 deg
============================================================

Unity geometry (world coordinates):
  Source   : x=  -5.000, y=  38.000, z=   0.000
  Object   : x=   0.001, y=  17.997, z= 568.145
  Detector : x=  10.000, y=   3.000, z= 690.000
  Obj rotY :   0.0000 deg
view   0 | SOD= 568.524 mm | SDD= 691.050 mm | M= 1.216 | incident=3.1588°
[[  24.90032    -567.62646     -20.003014  ]
 [   3.5847874   122.2073       14.996986  ]
 [   0.14939289    0.00786913    0.        ]
 [   0.            0.            0.1496    ]]
Residual vector length: 60, Jacobian shape: (60, 6)
view   0 | SOD= 568.514 mm | SDD= 691.050 mm | M= 1.216 | incident=3.1588°
[[  24.807337   -567.62024     -20.00167   ]
 [   3.6015959   122.21691      14.998329  ]
 [   0.14939414    0.00784535    0.        ]
 [   0.            0.            0.1496    ]]

iter 34 cost=0.164962 -> 0.181970 |dtheta|=1.215007e-02  lambda=3.939e+00

============================================================
Iteration 35
============================================================
Theta offsets (Unity frame):
  Source   : dSx=   0.000, dSy=   0.000, dSz=   0.000  (mm)
  Object   : dOx=  -6.999, dOy=  -2.003, dOz=  -7.855  (mm)
  Object offset: offset_x=  -0.009, offset_z=   0.005  (mm)
  Detector : dDx=   0.000, dDy=   0.000, dDz=   0.000  (mm)
  Obj Stage rotY :    3.015 deg
============================================================

Unity geometry (world coordinates):
  Source   : x=  -5.000, y=  38.000, z=   0.000
  Object   : x=   0.001, y=  17.997, z= 568.145
  Detector : x=  10.000, y=   3.000, z= 690.000
  Obj rotY :   0.0000 deg
view   0 | SOD= 568.524 mm | SDD= 691.050 mm | M= 1.216 | incident=3.1588°
[[  24.90032    -567.62646     -20.003014  ]
 [   3.5847874   122.2073       14.996986  ]
 [   0.14939289    0.00786913    0.        ]
 [   0.            0.            0.1496    ]]
Residual vector length: 60, Jacobian shape: (60, 6)
view   0 | SOD= 568.516 mm | SDD= 691.050 mm | M= 1.216 | incident=3.1588°
[[  24.808949   -567.62213     -20.001766  ]
 [   3.6013048   122.21497      14.998234  ]
 [   0.14939412    0.00784576    0.        ]
 [   0.            0.            0.1496    ]]

iter 35 cost=0.164962 -> 0.184377 |dtheta|=1.103458e-02  lambda=1.969e+01

============================================================
Iteration 36
============================================================
Theta offsets (Unity frame):
  Source   : dSx=   0.000, dSy=   0.000, dSz=   0.000  (mm)
  Object   : dOx=  -6.999, dOy=  -2.003, dOz=  -7.855  (mm)
  Object offset: offset_x=  -0.009, offset_z=   0.005  (mm)
  Detector : dDx=   0.000, dDy=   0.000, dDz=   0.000  (mm)
  Obj Stage rotY :    3.015 deg
============================================================

Unity geometry (world coordinates):
  Source   : x=  -5.000, y=  38.000, z=   0.000
  Object   : x=   0.001, y=  17.997, z= 568.145
  Detector : x=  10.000, y=   3.000, z= 690.000
  Obj rotY :   0.0000 deg
view   0 | SOD= 568.524 mm | SDD= 691.050 mm | M= 1.216 | incident=3.1588°
[[  24.90032    -567.62646     -20.003014  ]
 [   3.5847874   122.2073       14.996986  ]
 [   0.14939289    0.00786913    0.        ]
 [   0.            0.            0.1496    ]]
Residual vector length: 60, Jacobian shape: (60, 6)
view   0 | SOD= 568.519 mm | SDD= 691.050 mm | M= 1.216 | incident=3.1588°
[[  24.826517   -567.62396     -20.001894  ]
 [   3.5977433   122.212524     14.998106  ]
 [   0.14939389    0.00785034    0.        ]
 [   0.            0.            0.1496    ]]

iter 36 cost=0.164962 -> 0.175093 |dtheta|=8.605945e-03  lambda=9.846e+01

============================================================
Iteration 37
============================================================
Theta offsets (Unity frame):
  Source   : dSx=   0.000, dSy=   0.000, dSz=   0.000  (mm)
  Object   : dOx=  -6.999, dOy=  -2.003, dOz=  -7.855  (mm)
  Object offset: offset_x=  -0.009, offset_z=   0.005  (mm)
  Detector : dDx=   0.000, dDy=   0.000, dDz=   0.000  (mm)
  Obj Stage rotY :    3.015 deg
============================================================

Unity geometry (world coordinates):
  Source   : x=  -5.000, y=  38.000, z=   0.000
  Object   : x=   0.001, y=  17.997, z= 568.145
  Detector : x=  10.000, y=   3.000, z= 690.000
  Obj rotY :   0.0000 deg
view   0 | SOD= 568.524 mm | SDD= 691.050 mm | M= 1.216 | incident=3.1588°
[[  24.90032    -567.62646     -20.003014  ]
 [   3.5847874   122.2073       14.996986  ]
 [   0.14939289    0.00786913    0.        ]
 [   0.            0.            0.1496    ]]
Residual vector length: 60, Jacobian shape: (60, 6)
view   0 | SOD= 568.521 mm | SDD= 691.050 mm | M= 1.216 | incident=3.1588°
[[  24.864014   -567.625       -20.002127  ]
 [   3.5904112   122.2101       14.997873  ]
 [   0.14939336    0.00786005    0.        ]
 [   0.            0.            0.1496    ]]

iter 37 cost=0.164962 -> 0.166393 |dtheta|=4.558826e-03  lambda=4.923e+02

============================================================
Iteration 38
============================================================
Theta offsets (Unity frame):
  Source   : dSx=   0.000, dSy=   0.000, dSz=   0.000  (mm)
  Object   : dOx=  -6.999, dOy=  -2.003, dOz=  -7.855  (mm)
  Object offset: offset_x=  -0.009, offset_z=   0.005  (mm)
  Detector : dDx=   0.000, dDy=   0.000, dDz=   0.000  (mm)
  Obj Stage rotY :    3.015 deg
============================================================

Unity geometry (world coordinates):
  Source   : x=  -5.000, y=  38.000, z=   0.000
  Object   : x=   0.001, y=  17.997, z= 568.145
  Detector : x=  10.000, y=   3.000, z= 690.000
  Obj rotY :   0.0000 deg
view   0 | SOD= 568.524 mm | SDD= 691.050 mm | M= 1.216 | incident=3.1588°
[[  24.90032    -567.62646     -20.003014  ]
 [   3.5847874   122.2073       14.996986  ]
 [   0.14939289    0.00786913    0.        ]
 [   0.            0.            0.1496    ]]
Residual vector length: 60, Jacobian shape: (60, 6)
view   0 | SOD= 568.523 mm | SDD= 691.050 mm | M= 1.216 | incident=3.1588°
[[  24.88971    -567.626       -20.002562  ]
 [   3.58608     122.20817      14.997438  ]
 [   0.14939302    0.00786655    0.        ]
 [   0.            0.            0.1496    ]]

iter 38 cost=0.164962 -> 0.159060 |dtheta|=1.506942e-03  lambda=2.462e+03

============================================================
Iteration 39
============================================================
Theta offsets (Unity frame):
  Source   : dSx=   0.000, dSy=   0.000, dSz=   0.000  (mm)
  Object   : dOx=  -6.999, dOy=  -2.003, dOz=  -7.855  (mm)
  Object offset: offset_x=  -0.009, offset_z=   0.005  (mm)
  Detector : dDx=   0.000, dDy=   0.000, dDz=   0.000  (mm)
  Obj Stage rotY :    3.014 deg
============================================================

Unity geometry (world coordinates):
  Source   : x=  -5.000, y=  38.000, z=   0.000
  Object   : x=   0.001, y=  17.997, z= 568.145
  Detector : x=  10.000, y=   3.000, z= 690.000
  Obj rotY :   0.0000 deg
view   0 | SOD= 568.523 mm | SDD= 691.050 mm | M= 1.216 | incident=3.1588°
[[  24.88971    -567.626       -20.002562  ]
 [   3.58608     122.20817      14.997438  ]
 [   0.14939302    0.00786655    0.        ]
 [   0.            0.            0.1496    ]]
Residual vector length: 60, Jacobian shape: (60, 6)
view   0 | SOD= 568.521 mm | SDD= 691.050 mm | M= 1.216 | incident=3.1588°
[[  24.870756   -567.6249      -20.002499  ]
 [   3.5901415   122.21001      14.997501  ]
 [   0.14939329    0.00786156    0.        ]
 [   0.            0.            0.1496    ]]

iter 39 cost=0.159060 -> 0.157517 |dtheta|=2.624909e-03  lambda=8.205e+02

============================================================
Iteration 40
============================================================
Theta offsets (Unity frame):
  Source   : dSx=   0.000, dSy=   0.000, dSz=   0.000  (mm)
  Object   : dOx=  -6.999, dOy=  -2.002, dOz=  -7.857  (mm)
  Object offset: offset_x=  -0.008, offset_z=   0.004  (mm)
  Detector : dDx=   0.000, dDy=   0.000, dDz=   0.000  (mm)
  Obj Stage rotY :    3.012 deg
============================================================

Unity geometry (world coordinates):
  Source   : x=  -5.000, y=  38.000, z=   0.000
  Object   : x=   0.001, y=  17.998, z= 568.143
  Detector : x=  10.000, y=   3.000, z= 690.000
  Obj rotY :   0.0000 deg
view   0 | SOD= 568.521 mm | SDD= 691.050 mm | M= 1.216 | incident=3.1588°
[[  24.870756   -567.6249      -20.002499  ]
 [   3.5901415   122.21001      14.997501  ]
 [   0.14939329    0.00786156    0.        ]
 [   0.            0.            0.1496    ]]
Residual vector length: 60, Jacobian shape: (60, 6)
view   0 | SOD= 568.519 mm | SDD= 691.050 mm | M= 1.216 | incident=3.1588°
[[  24.844362   -567.6232      -20.002754  ]
 [   3.5971823   122.21264      14.997246  ]
 [   0.14939368    0.00785432    0.        ]
 [   0.            0.            0.1496    ]]

iter 40 cost=0.157517 -> 0.147417 |dtheta|=3.531279e-03  lambda=2.735e+02

============================================================
Iteration 41
============================================================
Theta offsets (Unity frame):
  Source   : dSx=   0.000, dSy=   0.000, dSz=   0.000  (mm)
  Object   : dOx=  -7.000, dOy=  -2.003, dOz=  -7.858  (mm)
  Object offset: offset_x=  -0.009, offset_z=   0.003  (mm)
  Detector : dDx=   0.000, dDy=   0.000, dDz=   0.000  (mm)
  Obj Stage rotY :    3.010 deg
============================================================

Unity geometry (world coordinates):
  Source   : x=  -5.000, y=  38.000, z=   0.000
  Object   : x=   0.000, y=  17.997, z= 568.142
  Detector : x=  10.000, y=   3.000, z= 690.000
  Obj rotY :   0.0000 deg
view   0 | SOD= 568.519 mm | SDD= 691.050 mm | M= 1.216 | incident=3.1588°
[[  24.844362   -567.6232      -20.002754  ]
 [   3.5971823   122.21264      14.997246  ]
 [   0.14939368    0.00785432    0.        ]
 [   0.            0.            0.1496    ]]
Residual vector length: 60, Jacobian shape: (60, 6)
view   0 | SOD= 568.520 mm | SDD= 691.050 mm | M= 1.216 | incident=3.1588°
[[  24.827063   -567.6252      -20.001446  ]
 [   3.600594    122.21136      14.998554  ]
 [   0.1493939     0.00784984    0.        ]
 [   0.            0.            0.1496    ]]

iter 41 cost=0.147417 -> 0.171001 |dtheta|=2.539894e-03  lambda=9.117e+01

============================================================
Iteration 42
============================================================
Theta offsets (Unity frame):
  Source   : dSx=   0.000, dSy=   0.000, dSz=   0.000  (mm)
  Object   : dOx=  -7.000, dOy=  -2.003, dOz=  -7.858  (mm)
  Object offset: offset_x=  -0.009, offset_z=   0.003  (mm)
  Detector : dDx=   0.000, dDy=   0.000, dDz=   0.000  (mm)
  Obj Stage rotY :    3.010 deg
============================================================

Unity geometry (world coordinates):
  Source   : x=  -5.000, y=  38.000, z=   0.000
  Object   : x=   0.000, y=  17.997, z= 568.142
  Detector : x=  10.000, y=   3.000, z= 690.000
  Obj rotY :   0.0000 deg
view   0 | SOD= 568.519 mm | SDD= 691.050 mm | M= 1.216 | incident=3.1588°
[[  24.844362   -567.6232      -20.002754  ]
 [   3.5971823   122.21264      14.997246  ]
 [   0.14939368    0.00785432    0.        ]
 [   0.            0.            0.1496    ]]
Residual vector length: 60, Jacobian shape: (60, 6)
view   0 | SOD= 568.519 mm | SDD= 691.050 mm | M= 1.216 | incident=3.1588°
[[  24.835894   -567.62384     -20.001644  ]
 [   3.5987086   122.212326     14.998356  ]
 [   0.14939378    0.00785216    0.        ]
 [   0.            0.            0.1496    ]]

iter 42 cost=0.147417 -> 0.159204 |dtheta|=1.451517e-03  lambda=4.559e+02

============================================================
Iteration 43
============================================================
Theta offsets (Unity frame):
  Source   : dSx=   0.000, dSy=   0.000, dSz=   0.000  (mm)
  Object   : dOx=  -7.000, dOy=  -2.003, dOz=  -7.858  (mm)
  Object offset: offset_x=  -0.009, offset_z=   0.003  (mm)
  Detector : dDx=   0.000, dDy=   0.000, dDz=   0.000  (mm)
  Obj Stage rotY :    3.010 deg
============================================================

Unity geometry (world coordinates):
  Source   : x=  -5.000, y=  38.000, z=   0.000
  Object   : x=   0.000, y=  17.997, z= 568.142
  Detector : x=  10.000, y=   3.000, z= 690.000
  Obj rotY :   0.0000 deg
view   0 | SOD= 568.519 mm | SDD= 691.050 mm | M= 1.216 | incident=3.1588°
[[  24.844362   -567.6232      -20.002754  ]
 [   3.5971823   122.21264      14.997246  ]
 [   0.14939368    0.00785432    0.        ]
 [   0.            0.            0.1496    ]]
Residual vector length: 60, Jacobian shape: (60, 6)
view   0 | SOD= 568.519 mm | SDD= 691.050 mm | M= 1.216 | incident=3.1588°
[[  24.841864   -567.6234      -20.002167  ]
 [   3.5975506   122.212555     14.997833  ]
 [   0.14939371    0.0078537     0.        ]
 [   0.            0.            0.1496    ]]

iter 43 cost=0.147417 -> 0.148532 |dtheta|=6.533009e-04  lambda=2.279e+03

============================================================
Iteration 44
============================================================
Theta offsets (Unity frame):
  Source   : dSx=   0.000, dSy=   0.000, dSz=   0.000  (mm)
  Object   : dOx=  -7.000, dOy=  -2.003, dOz=  -7.858  (mm)
  Object offset: offset_x=  -0.009, offset_z=   0.003  (mm)
  Detector : dDx=   0.000, dDy=   0.000, dDz=   0.000  (mm)
  Obj Stage rotY :    3.010 deg
============================================================

Unity geometry (world coordinates):
  Source   : x=  -5.000, y=  38.000, z=   0.000
  Object   : x=   0.000, y=  17.997, z= 568.142
  Detector : x=  10.000, y=   3.000, z= 690.000
  Obj rotY :   0.0000 deg
view   0 | SOD= 568.519 mm | SDD= 691.050 mm | M= 1.216 | incident=3.1588°
[[  24.844362   -567.6232      -20.002754  ]
 [   3.5971823   122.21264      14.997246  ]
 [   0.14939368    0.00785432    0.        ]
 [   0.            0.            0.1496    ]]
Residual vector length: 60, Jacobian shape: (60, 6)
view   0 | SOD= 568.519 mm | SDD= 691.050 mm | M= 1.216 | incident=3.1588°
[[  24.843801   -567.6233      -20.00258   ]
 [   3.5972497   122.21263      14.997419  ]
 [   0.14939368    0.00785419    0.        ]
 [   0.            0.            0.1496    ]]

iter 44 cost=0.147417 -> 0.143690 |dtheta|=1.869071e-04  lambda=1.140e+04

============================================================
Iteration 45
============================================================
Theta offsets (Unity frame):
  Source   : dSx=   0.000, dSy=   0.000, dSz=   0.000  (mm)
  Object   : dOx=  -7.000, dOy=  -2.003, dOz=  -7.858  (mm)
  Object offset: offset_x=  -0.009, offset_z=   0.003  (mm)
  Detector : dDx=   0.000, dDy=   0.000, dDz=   0.000  (mm)
  Obj Stage rotY :    3.009 deg
============================================================

Unity geometry (world coordinates):
  Source   : x=  -5.000, y=  38.000, z=   0.000
  Object   : x=   0.000, y=  17.997, z= 568.142
  Detector : x=  10.000, y=   3.000, z= 690.000
  Obj rotY :   0.0000 deg
view   0 | SOD= 568.519 mm | SDD= 691.050 mm | M= 1.216 | incident=3.1588°
[[  24.843801   -567.6233      -20.00258   ]
 [   3.5972497   122.21263      14.997419  ]
 [   0.14939368    0.00785419    0.        ]
 [   0.            0.            0.1496    ]]
Residual vector length: 60, Jacobian shape: (60, 6)
view   0 | SOD= 568.519 mm | SDD= 691.050 mm | M= 1.216 | incident=3.1588°
[[  24.843412   -567.6233      -20.00224   ]
 [   3.597228    122.21262      14.997761  ]
 [   0.14939368    0.00785411    0.        ]
 [   0.            0.            0.1496    ]]

iter 45 cost=0.143690 -> 0.148532 |dtheta|=3.536192e-04  lambda=3.799e+03

============================================================
Iteration 46
============================================================
Theta offsets (Unity frame):
  Source   : dSx=   0.000, dSy=   0.000, dSz=   0.000  (mm)
  Object   : dOx=  -7.000, dOy=  -2.003, dOz=  -7.858  (mm)
  Object offset: offset_x=  -0.009, offset_z=   0.003  (mm)
  Detector : dDx=   0.000, dDy=   0.000, dDz=   0.000  (mm)
  Obj Stage rotY :    3.009 deg
============================================================

Unity geometry (world coordinates):
  Source   : x=  -5.000, y=  38.000, z=   0.000
  Object   : x=   0.000, y=  17.997, z= 568.142
  Detector : x=  10.000, y=   3.000, z= 690.000
  Obj rotY :   0.0000 deg
view   0 | SOD= 568.519 mm | SDD= 691.050 mm | M= 1.216 | incident=3.1588°
[[  24.843801   -567.6233      -20.00258   ]
 [   3.5972497   122.21263      14.997419  ]
 [   0.14939368    0.00785419    0.        ]
 [   0.            0.            0.1496    ]]
Residual vector length: 60, Jacobian shape: (60, 6)
view   0 | SOD= 568.519 mm | SDD= 691.050 mm | M= 1.216 | incident=3.1588°
[[  24.843718   -567.6233      -20.002491  ]
 [   3.5972424   122.21263      14.997509  ]
 [   0.14939368    0.00785417    0.        ]
 [   0.            0.            0.1496    ]]

iter 46 cost=0.143690 -> 0.149809 |dtheta|=9.173190e-05  lambda=1.899e+04

============================================================
Iteration 47
============================================================
Theta offsets (Unity frame):
  Source   : dSx=   0.000, dSy=   0.000, dSz=   0.000  (mm)
  Object   : dOx=  -7.000, dOy=  -2.003, dOz=  -7.858  (mm)
  Object offset: offset_x=  -0.009, offset_z=   0.003  (mm)
  Detector : dDx=   0.000, dDy=   0.000, dDz=   0.000  (mm)
  Obj Stage rotY :    3.009 deg
============================================================

Unity geometry (world coordinates):
  Source   : x=  -5.000, y=  38.000, z=   0.000
  Object   : x=   0.000, y=  17.997, z= 568.142
  Detector : x=  10.000, y=   3.000, z= 690.000
  Obj rotY :   0.0000 deg
view   0 | SOD= 568.519 mm | SDD= 691.050 mm | M= 1.216 | incident=3.1588°
[[  24.843801   -567.6233      -20.00258   ]
 [   3.5972497   122.21263      14.997419  ]
 [   0.14939368    0.00785419    0.        ]
 [   0.            0.            0.1496    ]]
Residual vector length: 60, Jacobian shape: (60, 6)
view   0 | SOD= 568.519 mm | SDD= 691.050 mm | M= 1.216 | incident=3.1588°
[[  24.843784   -567.6233      -20.002562  ]
 [   3.5972476   122.21263      14.997438  ]
 [   0.14939368    0.00785418    0.        ]
 [   0.            0.            0.1496    ]]

iter 47 cost=0.143690 -> 0.149809 |dtheta|=1.950920e-05  lambda=9.497e+04

============================================================
Iteration 48
============================================================
Theta offsets (Unity frame):
  Source   : dSx=   0.000, dSy=   0.000, dSz=   0.000  (mm)
  Object   : dOx=  -7.000, dOy=  -2.003, dOz=  -7.858  (mm)
  Object offset: offset_x=  -0.009, offset_z=   0.003  (mm)
  Detector : dDx=   0.000, dDy=   0.000, dDz=   0.000  (mm)
  Obj Stage rotY :    3.009 deg
============================================================

Unity geometry (world coordinates):
  Source   : x=  -5.000, y=  38.000, z=   0.000
  Object   : x=   0.000, y=  17.997, z= 568.142
  Detector : x=  10.000, y=   3.000, z= 690.000
  Obj rotY :   0.0000 deg
view   0 | SOD= 568.519 mm | SDD= 691.050 mm | M= 1.216 | incident=3.1588°
[[  24.843801   -567.6233      -20.00258   ]
 [   3.5972497   122.21263      14.997419  ]
 [   0.14939368    0.00785419    0.        ]
 [   0.            0.            0.1496    ]]
Residual vector length: 60, Jacobian shape: (60, 6)
view   0 | SOD= 568.519 mm | SDD= 691.050 mm | M= 1.216 | incident=3.1588°
[[  24.8438     -567.6233      -20.002577  ]
 [   3.5972502   122.21263      14.997423  ]
 [   0.14939368    0.00785419    0.        ]
 [   0.            0.            0.1496    ]]

iter 48 cost=0.143690 -> 0.143690 |dtheta|=3.951973e-06  lambda=4.748e+05

============================================================
Iteration 49
============================================================
Theta offsets (Unity frame):
  Source   : dSx=   0.000, dSy=   0.000, dSz=   0.000  (mm)
  Object   : dOx=  -7.000, dOy=  -2.003, dOz=  -7.858  (mm)
  Object offset: offset_x=  -0.009, offset_z=   0.003  (mm)
  Detector : dDx=   0.000, dDy=   0.000, dDz=   0.000  (mm)
  Obj Stage rotY :    3.009 deg
============================================================

Unity geometry (world coordinates):
  Source   : x=  -5.000, y=  38.000, z=   0.000
  Object   : x=   0.000, y=  17.997, z= 568.142
  Detector : x=  10.000, y=   3.000, z= 690.000
  Obj rotY :   0.0000 deg
view   0 | SOD= 568.519 mm | SDD= 691.050 mm | M= 1.216 | incident=3.1588°
[[  24.843801   -567.6233      -20.00258   ]
 [   3.5972497   122.21263      14.997419  ]
 [   0.14939368    0.00785419    0.        ]
 [   0.            0.            0.1496    ]]
Residual vector length: 60, Jacobian shape: (60, 6)
view   0 | SOD= 568.519 mm | SDD= 691.050 mm | M= 1.216 | incident=3.1588°
[[  24.843801   -567.6233      -20.002579  ]
 [   3.59725     122.21263      14.997421  ]
 [   0.14939368    0.00785419    0.        ]
 [   0.            0.            0.1496    ]]

iter 49 cost=0.143690 -> 0.143690 |dtheta|=1.879749e-06  lambda=1.000e+06

============================================================
Iteration 50
============================================================
Theta offsets (Unity frame):
  Source   : dSx=   0.000, dSy=   0.000, dSz=   0.000  (mm)
  Object   : dOx=  -7.000, dOy=  -2.003, dOz=  -7.858  (mm)
  Object offset: offset_x=  -0.009, offset_z=   0.003  (mm)
  Detector : dDx=   0.000, dDy=   0.000, dDz=   0.000  (mm)
  Obj Stage rotY :    3.009 deg
============================================================

Unity geometry (world coordinates):
  Source   : x=  -5.000, y=  38.000, z=   0.000
  Object   : x=   0.000, y=  17.997, z= 568.142
  Detector : x=  10.000, y=   3.000, z= 690.000
  Obj rotY :   0.0000 deg
view   0 | SOD= 568.519 mm | SDD= 691.050 mm | M= 1.216 | incident=3.1588°
[[  24.843801   -567.6233      -20.00258   ]
 [   3.5972497   122.21263      14.997419  ]
 [   0.14939368    0.00785419    0.        ]
 [   0.            0.            0.1496    ]]
Residual vector length: 60, Jacobian shape: (60, 6)
view   0 | SOD= 568.519 mm | SDD= 691.050 mm | M= 1.216 | incident=3.1588°
[[  24.843801   -567.6233      -20.002579  ]
 [   3.59725     122.21263      14.997421  ]
 [   0.14939368    0.00785419    0.        ]
 [   0.            0.            0.1496    ]]

iter 50 cost=0.143690 -> 0.143690 |dtheta|=1.879749e-06  lambda=1.000e+06

============================================================
Iteration 51
============================================================
Theta offsets (Unity frame):
  Source   : dSx=   0.000, dSy=   0.000, dSz=   0.000  (mm)
  Object   : dOx=  -7.000, dOy=  -2.003, dOz=  -7.858  (mm)
  Object offset: offset_x=  -0.009, offset_z=   0.003  (mm)
  Detector : dDx=   0.000, dDy=   0.000, dDz=   0.000  (mm)
  Obj Stage rotY :    3.009 deg
============================================================

Unity geometry (world coordinates):
  Source   : x=  -5.000, y=  38.000, z=   0.000
  Object   : x=   0.000, y=  17.997, z= 568.142
  Detector : x=  10.000, y=   3.000, z= 690.000
  Obj rotY :   0.0000 deg
view   0 | SOD= 568.519 mm | SDD= 691.050 mm | M= 1.216 | incident=3.1588°
[[  24.843801   -567.6233      -20.00258   ]
 [   3.5972497   122.21263      14.997419  ]
 [   0.14939368    0.00785419    0.        ]
 [   0.            0.            0.1496    ]]
Residual vector length: 60, Jacobian shape: (60, 6)
view   0 | SOD= 568.519 mm | SDD= 691.050 mm | M= 1.216 | incident=3.1588°
[[  24.843801   -567.6233      -20.002579  ]
 [   3.59725     122.21263      14.997421  ]
 [   0.14939368    0.00785419    0.        ]
 [   0.            0.            0.1496    ]]

iter 51 cost=0.143690 -> 0.143690 |dtheta|=1.879749e-06  lambda=1.000e+06

============================================================
Iteration 52
============================================================
Theta offsets (Unity frame):
  Source   : dSx=   0.000, dSy=   0.000, dSz=   0.000  (mm)
  Object   : dOx=  -7.000, dOy=  -2.003, dOz=  -7.858  (mm)
  Object offset: offset_x=  -0.009, offset_z=   0.003  (mm)
  Detector : dDx=   0.000, dDy=   0.000, dDz=   0.000  (mm)
  Obj Stage rotY :    3.009 deg
============================================================

Unity geometry (world coordinates):
  Source   : x=  -5.000, y=  38.000, z=   0.000
  Object   : x=   0.000, y=  17.997, z= 568.142
  Detector : x=  10.000, y=   3.000, z= 690.000
  Obj rotY :   0.0000 deg
view   0 | SOD= 568.519 mm | SDD= 691.050 mm | M= 1.216 | incident=3.1588°
[[  24.843801   -567.6233      -20.00258   ]
 [   3.5972497   122.21263      14.997419  ]
 [   0.14939368    0.00785419    0.        ]
 [   0.            0.            0.1496    ]]
Residual vector length: 60, Jacobian shape: (60, 6)
view   0 | SOD= 568.519 mm | SDD= 691.050 mm | M= 1.216 | incident=3.1588°
[[  24.843801   -567.6233      -20.002579  ]
 [   3.59725     122.21263      14.997421  ]
 [   0.14939368    0.00785419    0.        ]
 [   0.            0.            0.1496    ]]

iter 52 cost=0.143690 -> 0.143690 |dtheta|=1.879749e-06  lambda=1.000e+06

============================================================
Iteration 53
============================================================
Theta offsets (Unity frame):
  Source   : dSx=   0.000, dSy=   0.000, dSz=   0.000  (mm)
  Object   : dOx=  -7.000, dOy=  -2.003, dOz=  -7.858  (mm)
  Object offset: offset_x=  -0.009, offset_z=   0.003  (mm)
  Detector : dDx=   0.000, dDy=   0.000, dDz=   0.000  (mm)
  Obj Stage rotY :    3.009 deg
============================================================

Unity geometry (world coordinates):
  Source   : x=  -5.000, y=  38.000, z=   0.000
  Object   : x=   0.000, y=  17.997, z= 568.142
  Detector : x=  10.000, y=   3.000, z= 690.000
  Obj rotY :   0.0000 deg
view   0 | SOD= 568.519 mm | SDD= 691.050 mm | M= 1.216 | incident=3.1588°
[[  24.843801   -567.6233      -20.00258   ]
 [   3.5972497   122.21263      14.997419  ]
 [   0.14939368    0.00785419    0.        ]
 [   0.            0.            0.1496    ]]
Residual vector length: 60, Jacobian shape: (60, 6)
view   0 | SOD= 568.519 mm | SDD= 691.050 mm | M= 1.216 | incident=3.1588°
[[  24.843801   -567.6233      -20.002579  ]
 [   3.59725     122.21263      14.997421  ]
 [   0.14939368    0.00785419    0.        ]
 [   0.            0.            0.1496    ]]

iter 53 cost=0.143690 -> 0.143690 |dtheta|=1.879749e-06  lambda=1.000e+06

============================================================
Iteration 54
============================================================
Theta offsets (Unity frame):
  Source   : dSx=   0.000, dSy=   0.000, dSz=   0.000  (mm)
  Object   : dOx=  -7.000, dOy=  -2.003, dOz=  -7.858  (mm)
  Object offset: offset_x=  -0.009, offset_z=   0.003  (mm)
  Detector : dDx=   0.000, dDy=   0.000, dDz=   0.000  (mm)
  Obj Stage rotY :    3.009 deg
============================================================

Unity geometry (world coordinates):
  Source   : x=  -5.000, y=  38.000, z=   0.000
  Object   : x=   0.000, y=  17.997, z= 568.142
  Detector : x=  10.000, y=   3.000, z= 690.000
  Obj rotY :   0.0000 deg
view   0 | SOD= 568.519 mm | SDD= 691.050 mm | M= 1.216 | incident=3.1588°
[[  24.843801   -567.6233      -20.00258   ]
 [   3.5972497   122.21263      14.997419  ]
 [   0.14939368    0.00785419    0.        ]
 [   0.            0.            0.1496    ]]
Residual vector length: 60, Jacobian shape: (60, 6)
view   0 | SOD= 568.519 mm | SDD= 691.050 mm | M= 1.216 | incident=3.1588°
[[  24.843801   -567.6233      -20.002579  ]
 [   3.59725     122.21263      14.997421  ]
 [   0.14939368    0.00785419    0.        ]
 [   0.            0.            0.1496    ]]

iter 54 cost=0.143690 -> 0.143690 |dtheta|=1.879749e-06  lambda=1.000e+06

============================================================
Iteration 55
============================================================
Theta offsets (Unity frame):
  Source   : dSx=   0.000, dSy=   0.000, dSz=   0.000  (mm)
  Object   : dOx=  -7.000, dOy=  -2.003, dOz=  -7.858  (mm)
  Object offset: offset_x=  -0.009, offset_z=   0.003  (mm)
  Detector : dDx=   0.000, dDy=   0.000, dDz=   0.000  (mm)
  Obj Stage rotY :    3.009 deg
============================================================

Unity geometry (world coordinates):
  Source   : x=  -5.000, y=  38.000, z=   0.000
  Object   : x=   0.000, y=  17.997, z= 568.142
  Detector : x=  10.000, y=   3.000, z= 690.000
  Obj rotY :   0.0000 deg
view   0 | SOD= 568.519 mm | SDD= 691.050 mm | M= 1.216 | incident=3.1588°
[[  24.843801   -567.6233      -20.00258   ]
 [   3.5972497   122.21263      14.997419  ]
 [   0.14939368    0.00785419    0.        ]
 [   0.            0.            0.1496    ]]
Residual vector length: 60, Jacobian shape: (60, 6)
view   0 | SOD= 568.519 mm | SDD= 691.050 mm | M= 1.216 | incident=3.1588°
[[  24.843801   -567.6233      -20.002579  ]
 [   3.59725     122.21263      14.997421  ]
 [   0.14939368    0.00785419    0.        ]
 [   0.            0.            0.1496    ]]

iter 55 cost=0.143690 -> 0.143690 |dtheta|=1.879749e-06  lambda=1.000e+06
Stalled.

Estimated theta:
  dSx: +0.000000
  dSy: +0.000000
  dOx: -6.999851
  dOy: -2.002581
  dOz: -7.858330
  dDx: +0.000000
  dDy: +0.000000
  dDz: +0.000000
alpha: +3.009484e+00 deg)
offset_x: -0.008754
offset_z: +0.003105

Final cost table:
Fake theta: [ 0.  0. -7. -2. -8.  0.  0.  0.  3.  0.  0.]
Final estimated theta: [ 0.          0.         -6.9998513  -2.00258082 -7.85832967  0.
  0.          0.          3.00948389 -0.00875406  0.00310505]
Diff from Expected: [ 0.          0.          0.0001487  -0.00258082  0.14167033  0.
  0.          0.          0.00948389 -0.00875406  0.00310505]
################################################################################

