Phantom already exists, skipping: cuboid_phantom_4_normal.npy

################################################################################
Running cuboid=normal scenario=G1 N_ANGLES=5, K=4
view   0 | SOD= 565.750 mm | SDD= 721.227 mm | M= 1.275 | incident=3.3432°
[[  57.21255    -562.1528      -28.        ]
 [ -18.490114    153.9744       12.        ]
 [   0.14903073    0.0130385     0.        ]
 [   0.            0.            0.1496    ]]
          image          x1          y1  area1          x2          y2  area2          x3          y3  area3          x4          y4  area4
0  proj_000.png  542.362374  120.873737    792  437.981183  273.536290    744  566.587482  419.483642    703  542.366197  595.462228    781
1  proj_001.png  364.886452  120.819355    775  492.097796  271.988981    726  634.536842  429.164474    760  364.866496  589.578947    779
2  proj_002.png  374.437845  120.469613    724  551.806494  273.140260    770  509.273159  436.712589    842  374.383657  571.653740    722
3  proj_003.png  546.722598  120.411367    739  535.368944  275.527950    805  365.133929  431.088010    784  546.749330  566.632708    746
4  proj_004.png  652.807087  120.713911    762  464.105263  275.781955    798  405.290107  420.656417    748  652.827273  580.840260    770

============================================================
Iteration 0
============================================================
Theta offsets (Unity frame):
  Source   : dSx=   0.000, dSy=   0.000, dSz=   0.000  (mm)
  Object   : dOx=   0.000, dOy=   0.000, dOz=   0.000  (mm)
  Object offset: offset_x=   0.000, offset_z=   0.000  (mm)
  Detector : dDx=   0.000, dDy=   0.000, dDz=   0.000  (mm)
  Obj Stage rotY :    0.000 deg
============================================================

Unity geometry (world coordinates):
  Source   : x=   8.000, y=  50.000, z=   0.000
  Object   : x=   6.000, y=  28.000, z= 577.000
  Detector : x=  -5.000, y=  10.000, z= 720.000
  Obj rotY :   0.0000 deg
view   0 | SOD= 577.423 mm | SDD= 721.227 mm | M= 1.249 | incident=3.3432°
[[   2.     -577.      -22.    ]
 [ -11.      143.       18.    ]
 [   0.1496    0.        0.    ]
 [   0.        0.        0.1496]]
Residual vector length: 70, Jacobian shape: (70, 6)
view   0 | SOD= 579.620 mm | SDD= 721.227 mm | M= 1.244 | incident=3.3432°
[[ -14.156955   -578.8151      -27.049927  ]
 [   0.11556949  141.16077      12.950073  ]
 [   0.14949271   -0.00566469    0.        ]
 [   0.            0.            0.1496    ]]

iter 00 cost=59166.041733 -> 5604.684020 |dtheta|=7.822362e+00  lambda=1.000e-02

============================================================
Iteration 1
============================================================
Theta offsets (Unity frame):
  Source   : dSx=   0.000, dSy=   0.000, dSz=   0.000  (mm)
  Object   : dOx=  -5.360, dOy=  -5.050, dOz=   1.291  (mm)
  Object offset: offset_x=  -0.411, offset_z=   0.645  (mm)
  Detector : dDx=   0.000, dDy=   0.000, dDz=   0.000  (mm)
  Obj Stage rotY :   -2.170 deg
============================================================

Unity geometry (world coordinates):
  Source   : x=   8.000, y=  50.000, z=   0.000
  Object   : x=   0.640, y=  22.950, z= 578.291
  Detector : x=  -5.000, y=  10.000, z= 720.000
  Obj rotY :   0.0000 deg
view   0 | SOD= 579.620 mm | SDD= 721.227 mm | M= 1.244 | incident=3.3432°
[[ -14.156955   -578.8151      -27.049927  ]
 [   0.11556949  141.16077      12.950073  ]
 [   0.14949271   -0.00566469    0.        ]
 [   0.            0.            0.1496    ]]
Residual vector length: 70, Jacobian shape: (70, 6)
view   0 | SOD= 573.218 mm | SDD= 721.227 mm | M= 1.258 | incident=3.3432°
[[  34.96646    -571.45844     -28.129395  ]
 [ -12.066117    147.12135      11.870605  ]
 [   0.14943264    0.00707424    0.        ]
 [   0.            0.            0.1496    ]]

iter 01 cost=5604.684020 -> 689.946128 |dtheta|=7.914548e+00  lambda=3.333e-03

============================================================
Iteration 2
============================================================
Theta offsets (Unity frame):
  Source   : dSx=   0.000, dSy=   0.000, dSz=   0.000  (mm)
  Object   : dOx=  -5.689, dOy=  -6.129, dOz=  -4.824  (mm)
  Object offset: offset_x=  -0.216, offset_z=   0.297  (mm)
  Detector : dDx=   0.000, dDy=   0.000, dDz=   0.000  (mm)
  Obj Stage rotY :    2.710 deg
============================================================

Unity geometry (world coordinates):
  Source   : x=   8.000, y=  50.000, z=   0.000
  Object   : x=   0.311, y=  21.871, z= 572.176
  Detector : x=  -5.000, y=  10.000, z= 720.000
  Obj rotY :   0.0000 deg
view   0 | SOD= 573.218 mm | SDD= 721.227 mm | M= 1.258 | incident=3.3432°
[[  34.96646    -571.45844     -28.129395  ]
 [ -12.066117    147.12135      11.870605  ]
 [   0.14943264    0.00707424    0.        ]
 [   0.            0.            0.1496    ]]
Residual vector length: 70, Jacobian shape: (70, 6)
view   0 | SOD= 572.477 mm | SDD= 721.227 mm | M= 1.260 | incident=3.3432°
[[  49.187862   -569.65625     -28.325888  ]
 [ -15.475426    147.55197      11.674112  ]
 [   0.14921388    0.01074146    0.        ]
 [   0.            0.            0.1496    ]]

iter 02 cost=689.946128 -> 292.184216 |dtheta|=1.584504e+00  lambda=1.111e-03

============================================================
Iteration 3
============================================================
Theta offsets (Unity frame):
  Source   : dSx=   0.000, dSy=   0.000, dSz=   0.000  (mm)
  Object   : dOx=  -5.993, dOy=  -6.326, dOz=  -5.438  (mm)
  Object offset: offset_x=  -0.166, offset_z=   0.156  (mm)
  Detector : dDx=   0.000, dDy=   0.000, dDz=   0.000  (mm)
  Obj Stage rotY :    4.117 deg
============================================================

Unity geometry (world coordinates):
  Source   : x=   8.000, y=  50.000, z=   0.000
  Object   : x=   0.007, y=  21.674, z= 571.562
  Detector : x=  -5.000, y=  10.000, z= 720.000
  Obj rotY :   0.0000 deg
view   0 | SOD= 572.477 mm | SDD= 721.227 mm | M= 1.260 | incident=3.3432°
[[  49.187862   -569.65625     -28.325888  ]
 [ -15.475426    147.55197      11.674112  ]
 [   0.14921388    0.01074146    0.        ]
 [   0.            0.            0.1496    ]]
Residual vector length: 70, Jacobian shape: (70, 6)
view   0 | SOD= 570.579 mm | SDD= 721.227 mm | M= 1.264 | incident=3.3432°
[[  51.467003   -567.5482      -28.303986  ]
 [ -16.25491     149.37766      11.696014  ]
 [   0.1491667     0.01137782    0.        ]
 [   0.            0.            0.1496    ]]

iter 03 cost=292.184216 -> 151.779454 |dtheta|=1.796873e+00  lambda=3.704e-04

============================================================
Iteration 4
============================================================
Theta offsets (Unity frame):
  Source   : dSx=   0.000, dSy=   0.000, dSz=   0.000  (mm)
  Object   : dOx=  -6.106, dOy=  -6.304, dOz=  -7.206  (mm)
  Object offset: offset_x=  -0.047, offset_z=   0.025  (mm)
  Detector : dDx=   0.000, dDy=   0.000, dDz=   0.000  (mm)
  Obj Stage rotY :    4.362 deg
============================================================

Unity geometry (world coordinates):
  Source   : x=   8.000, y=  50.000, z=   0.000
  Object   : x=  -0.106, y=  21.696, z= 569.794
  Detector : x=  -5.000, y=  10.000, z= 720.000
  Obj rotY :   0.0000 deg
view   0 | SOD= 570.579 mm | SDD= 721.227 mm | M= 1.264 | incident=3.3432°
[[  51.467003   -567.5482      -28.303986  ]
 [ -16.25491     149.37766      11.696014  ]
 [   0.1491667     0.01137782    0.        ]
 [   0.            0.            0.1496    ]]
Residual vector length: 70, Jacobian shape: (70, 6)
view   0 | SOD= 569.308 mm | SDD= 721.227 mm | M= 1.267 | incident=3.3432°
[[  54.635452   -565.9831      -28.107552  ]
 [ -17.392828    150.52298      11.892448  ]
 [   0.14909564    0.01227387    0.        ]
 [   0.            0.            0.1496    ]]

iter 04 cost=151.779454 -> 79.290417 |dtheta|=1.378164e+00  lambda=1.235e-04

============================================================
Iteration 5
============================================================
Theta offsets (Unity frame):
  Source   : dSx=   0.000, dSy=   0.000, dSz=   0.000  (mm)
  Object   : dOx=  -5.976, dOy=  -6.108, dOz=  -8.519  (mm)
  Object offset: offset_x=  -0.039, offset_z=   0.076  (mm)
  Detector : dDx=   0.000, dDy=   0.000, dDz=   0.000  (mm)
  Obj Stage rotY :    4.706 deg
============================================================

Unity geometry (world coordinates):
  Source   : x=   8.000, y=  50.000, z=   0.000
  Object   : x=   0.024, y=  21.892, z= 568.482
  Detector : x=  -5.000, y=  10.000, z= 720.000
  Obj rotY :   0.0000 deg
view   0 | SOD= 569.308 mm | SDD= 721.227 mm | M= 1.267 | incident=3.3432°
[[  54.635452   -565.9831      -28.107552  ]
 [ -17.392828    150.52298      11.892448  ]
 [   0.14909564    0.01227387    0.        ]
 [   0.            0.            0.1496    ]]
Residual vector length: 70, Jacobian shape: (70, 6)
view   0 | SOD= 568.906 mm | SDD= 721.227 mm | M= 1.268 | incident=3.3432°
[[  54.193886   -565.6181      -28.160503  ]
 [ -17.264526    150.945        11.839497  ]
 [   0.14910536    0.01215529    0.        ]
 [   0.            0.            0.1496    ]]

iter 05 cost=79.290417 -> 57.831255 |dtheta|=4.018171e-01  lambda=4.115e-05

============================================================
Iteration 6
============================================================
Theta offsets (Unity frame):
  Source   : dSx=   0.000, dSy=   0.000, dSz=   0.000  (mm)
  Object   : dOx=  -6.046, dOy=  -6.161, dOz=  -8.906  (mm)
  Object offset: offset_x=  -0.011, offset_z=   0.058  (mm)
  Detector : dDx=   0.000, dDy=   0.000, dDz=   0.000  (mm)
  Obj Stage rotY :    4.661 deg
============================================================

Unity geometry (world coordinates):
  Source   : x=   8.000, y=  50.000, z=   0.000
  Object   : x=  -0.046, y=  21.839, z= 568.094
  Detector : x=  -5.000, y=  10.000, z= 720.000
  Obj rotY :   0.0000 deg
view   0 | SOD= 568.906 mm | SDD= 721.227 mm | M= 1.268 | incident=3.3432°
[[  54.193886   -565.6181      -28.160503  ]
 [ -17.264526    150.945        11.839497  ]
 [   0.14910536    0.01215529    0.        ]
 [   0.            0.            0.1496    ]]
Residual vector length: 70, Jacobian shape: (70, 6)
view   0 | SOD= 568.180 mm | SDD= 721.227 mm | M= 1.269 | incident=3.3432°
[[  54.915604   -564.82135     -28.090736  ]
 [ -17.47221     151.64847      11.909264  ]
 [   0.14908947    0.01234869    0.        ]
 [   0.            0.            0.1496    ]]

iter 06 cost=57.831255 -> 38.109146 |dtheta|=6.628477e-01  lambda=1.372e-05

============================================================
Iteration 7
============================================================
Theta offsets (Unity frame):
  Source   : dSx=   0.000, dSy=   0.000, dSz=   0.000  (mm)
  Object   : dOx=  -6.062, dOy=  -6.091, dOz=  -9.556  (mm)
  Object offset: offset_x=  -0.043, offset_z=  -0.017  (mm)
  Detector : dDx=   0.000, dDy=   0.000, dDz=   0.000  (mm)
  Obj Stage rotY :    4.735 deg
============================================================

Unity geometry (world coordinates):
  Source   : x=   8.000, y=  50.000, z=   0.000
  Object   : x=  -0.062, y=  21.909, z= 567.444
  Detector : x=  -5.000, y=  10.000, z= 720.000
  Obj rotY :   0.0000 deg
view   0 | SOD= 568.180 mm | SDD= 721.227 mm | M= 1.269 | incident=3.3432°
[[  54.915604   -564.82135     -28.090736  ]
 [ -17.47221     151.64847      11.909264  ]
 [   0.14908947    0.01234869    0.        ]
 [   0.            0.            0.1496    ]]
Residual vector length: 70, Jacobian shape: (70, 6)
view   0 | SOD= 568.149 mm | SDD= 721.227 mm | M= 1.269 | incident=3.3432°
[[  56.069767   -564.6779      -28.083273  ]
 [ -17.917826    151.62845      11.916727  ]
 [   0.14906152    0.01268159    0.        ]
 [   0.            0.            0.1496    ]]

iter 07 cost=38.109146 -> 34.608105 |dtheta|=1.651200e-01  lambda=4.572e-06

============================================================
Iteration 8
============================================================
Theta offsets (Unity frame):
  Source   : dSx=   0.000, dSy=   0.000, dSz=   0.000  (mm)
  Object   : dOx=  -6.040, dOy=  -6.083, dOz=  -9.610  (mm)
  Object offset: offset_x=   0.040, offset_z=   0.008  (mm)
  Detector : dDx=   0.000, dDy=   0.000, dDz=   0.000  (mm)
  Obj Stage rotY :    4.863 deg
============================================================

Unity geometry (world coordinates):
  Source   : x=   8.000, y=  50.000, z=   0.000
  Object   : x=  -0.040, y=  21.917, z= 567.390
  Detector : x=  -5.000, y=  10.000, z= 720.000
  Obj rotY :   0.0000 deg
view   0 | SOD= 568.149 mm | SDD= 721.227 mm | M= 1.269 | incident=3.3432°
[[  56.069767   -564.6779      -28.083273  ]
 [ -17.917826    151.62845      11.916727  ]
 [   0.14906152    0.01268159    0.        ]
 [   0.            0.            0.1496    ]]
Residual vector length: 70, Jacobian shape: (70, 6)
view   0 | SOD= 567.942 mm | SDD= 721.227 mm | M= 1.270 | incident=3.3432°
[[  57.560802   -564.3183      -28.098707  ]
 [ -18.27772     151.79446      11.901293  ]
 [   0.14902826    0.01306677    0.        ]
 [   0.            0.            0.1496    ]]

iter 08 cost=34.608105 -> 26.857970 |dtheta|=2.737534e-01  lambda=1.524e-06

============================================================
Iteration 9
============================================================
Theta offsets (Unity frame):
  Source   : dSx=   0.000, dSy=   0.000, dSz=   0.000  (mm)
  Object   : dOx=  -6.024, dOy=  -6.099, dOz=  -9.829  (mm)
  Object offset: offset_x=  -0.027, offset_z=   0.018  (mm)
  Detector : dDx=   0.000, dDy=   0.000, dDz=   0.000  (mm)
  Obj Stage rotY :    5.011 deg
============================================================

Unity geometry (world coordinates):
  Source   : x=   8.000, y=  50.000, z=   0.000
  Object   : x=  -0.024, y=  21.901, z= 567.171
  Detector : x=  -5.000, y=  10.000, z= 720.000
  Obj rotY :   0.0000 deg
view   0 | SOD= 567.942 mm | SDD= 721.227 mm | M= 1.270 | incident=3.3432°
[[  57.560802   -564.3183      -28.098707  ]
 [ -18.27772     151.79446      11.901293  ]
 [   0.14902826    0.01306677    0.        ]
 [   0.            0.            0.1496    ]]
Residual vector length: 70, Jacobian shape: (70, 6)
view   0 | SOD= 567.255 mm | SDD= 721.227 mm | M= 1.271 | incident=3.3432°
[[  56.64169    -563.72217     -28.062365  ]
 [ -18.118032    152.50403      11.937635  ]
 [   0.14904776    0.01284227    0.        ]
 [   0.            0.            0.1496    ]]

iter 09 cost=26.857970 -> 12.431723 |dtheta|=7.232068e-01  lambda=1.000e-06

============================================================
Iteration 10
============================================================
Theta offsets (Unity frame):
  Source   : dSx=   0.000, dSy=   0.000, dSz=   0.000  (mm)
  Object   : dOx=  -6.017, dOy=  -6.062, dOz= -10.545  (mm)
  Object offset: offset_x=  -0.023, offset_z=   0.049  (mm)
  Detector : dDx=   0.000, dDy=   0.000, dDz=   0.000  (mm)
  Obj Stage rotY :    4.925 deg
============================================================

Unity geometry (world coordinates):
  Source   : x=   8.000, y=  50.000, z=   0.000
  Object   : x=  -0.017, y=  21.938, z= 566.455
  Detector : x=  -5.000, y=  10.000, z= 720.000
  Obj rotY :   0.0000 deg
view   0 | SOD= 567.255 mm | SDD= 721.227 mm | M= 1.271 | incident=3.3432°
[[  56.64169    -563.72217     -28.062365  ]
 [ -18.118032    152.50403      11.937635  ]
 [   0.14904776    0.01284227    0.        ]
 [   0.            0.            0.1496    ]]
Residual vector length: 70, Jacobian shape: (70, 6)
view   0 | SOD= 566.842 mm | SDD= 721.227 mm | M= 1.272 | incident=3.3432°
[[  57.369366   -563.2325      -28.064552  ]
 [ -18.360296    152.89182      11.935448  ]
 [   0.14903024    0.01304412    0.        ]
 [   0.            0.            0.1496    ]]

iter 10 cost=12.431723 -> 6.996113 |dtheta|=3.931122e-01  lambda=1.000e-06

============================================================
Iteration 11
============================================================
Theta offsets (Unity frame):
  Source   : dSx=   0.000, dSy=   0.000, dSz=   0.000  (mm)
  Object   : dOx=  -6.004, dOy=  -6.065, dOz= -10.929  (mm)
  Object offset: offset_x=  -0.037, offset_z=   0.019  (mm)
  Detector : dDx=   0.000, dDy=   0.000, dDz=   0.000  (mm)
  Obj Stage rotY :    5.002 deg
============================================================

Unity geometry (world coordinates):
  Source   : x=   8.000, y=  50.000, z=   0.000
  Object   : x=  -0.004, y=  21.935, z= 566.071
  Detector : x=  -5.000, y=  10.000, z= 720.000
  Obj rotY :   0.0000 deg
view   0 | SOD= 566.842 mm | SDD= 721.227 mm | M= 1.272 | incident=3.3432°
[[  57.369366   -563.2325      -28.064552  ]
 [ -18.360296    152.89182      11.935448  ]
 [   0.14903024    0.01304412    0.        ]
 [   0.            0.            0.1496    ]]
Residual vector length: 70, Jacobian shape: (70, 6)
view   0 | SOD= 566.712 mm | SDD= 721.227 mm | M= 1.273 | incident=3.3432°
[[  57.431057   -563.0965      -28.047768  ]
 [ -18.43043     153.01384      11.952232  ]
 [   0.14902782    0.01307155    0.        ]
 [   0.            0.            0.1496    ]]

iter 11 cost=6.996113 -> 5.423987 |dtheta|=1.170219e-01  lambda=1.000e-06

============================================================
Iteration 12
============================================================
Theta offsets (Unity frame):
  Source   : dSx=   0.000, dSy=   0.000, dSz=   0.000  (mm)
  Object   : dOx=  -6.004, dOy=  -6.048, dOz= -11.038  (mm)
  Object offset: offset_x=  -0.005, offset_z=  -0.001  (mm)
  Detector : dDx=   0.000, dDy=   0.000, dDz=   0.000  (mm)
  Obj Stage rotY :    5.013 deg
============================================================

Unity geometry (world coordinates):
  Source   : x=   8.000, y=  50.000, z=   0.000
  Object   : x=  -0.004, y=  21.952, z= 565.962
  Detector : x=  -5.000, y=  10.000, z= 720.000
  Obj rotY :   0.0000 deg
view   0 | SOD= 566.712 mm | SDD= 721.227 mm | M= 1.273 | incident=3.3432°
[[  57.431057   -563.0965      -28.047768  ]
 [ -18.43043     153.01384      11.952232  ]
 [   0.14902782    0.01307155    0.        ]
 [   0.            0.            0.1496    ]]
Residual vector length: 70, Jacobian shape: (70, 6)
view   0 | SOD= 566.467 mm | SDD= 721.227 mm | M= 1.273 | incident=3.3432°
[[  57.326176   -562.86194     -28.026228  ]
 [ -18.427588    153.2598       11.973772  ]
 [   0.14902979    0.01304913    0.        ]
 [   0.            0.            0.1496    ]]

iter 12 cost=5.423987 -> 2.720231 |dtheta|=2.696377e-01  lambda=1.000e-06

============================================================
Iteration 13
============================================================
Theta offsets (Unity frame):
  Source   : dSx=   0.000, dSy=   0.000, dSz=   0.000  (mm)
  Object   : dOx=  -6.009, dOy=  -6.026, dOz= -11.306  (mm)
  Object offset: offset_x=  -0.002, offset_z=   0.023  (mm)
  Detector : dDx=   0.000, dDy=   0.000, dDz=   0.000  (mm)
  Obj Stage rotY :    5.004 deg
============================================================

Unity geometry (world coordinates):
  Source   : x=   8.000, y=  50.000, z=   0.000
  Object   : x=  -0.009, y=  21.974, z= 565.694
  Detector : x=  -5.000, y=  10.000, z= 720.000
  Obj rotY :   0.0000 deg
view   0 | SOD= 566.467 mm | SDD= 721.227 mm | M= 1.273 | incident=3.3432°
[[  57.326176   -562.86194     -28.026228  ]
 [ -18.427588    153.2598       11.973772  ]
 [   0.14902979    0.01304913    0.        ]
 [   0.            0.            0.1496    ]]
Residual vector length: 70, Jacobian shape: (70, 6)
view   0 | SOD= 566.327 mm | SDD= 721.227 mm | M= 1.274 | incident=3.3432°
[[  56.94142    -562.75964     -28.022966  ]
 [ -18.343355    153.41158      11.977034  ]
 [   0.14903831    0.01295153    0.        ]
 [   0.            0.            0.1496    ]]

iter 13 cost=2.720231 -> 1.870966 |dtheta|=1.225016e-01  lambda=1.000e-06

============================================================
Iteration 14
============================================================
Theta offsets (Unity frame):
  Source   : dSx=   0.000, dSy=   0.000, dSz=   0.000  (mm)
  Object   : dOx=  -6.008, dOy=  -6.023, dOz= -11.419  (mm)
  Object offset: offset_x=   0.001, offset_z=  -0.005  (mm)
  Detector : dDx=   0.000, dDy=   0.000, dDz=   0.000  (mm)
  Obj Stage rotY :    4.967 deg
============================================================

Unity geometry (world coordinates):
  Source   : x=   8.000, y=  50.000, z=   0.000
  Object   : x=  -0.008, y=  21.977, z= 565.581
  Detector : x=  -5.000, y=  10.000, z= 720.000
  Obj rotY :   0.0000 deg
view   0 | SOD= 566.327 mm | SDD= 721.227 mm | M= 1.274 | incident=3.3432°
[[  56.94142    -562.75964     -28.022966  ]
 [ -18.343355    153.41158      11.977034  ]
 [   0.14903831    0.01295153    0.        ]
 [   0.            0.            0.1496    ]]
Residual vector length: 70, Jacobian shape: (70, 6)
view   0 | SOD= 566.242 mm | SDD= 721.227 mm | M= 1.274 | incident=3.3432°
[[  57.206516   -562.6472      -28.017376  ]
 [ -18.403606    153.48972      11.982624  ]
 [   0.14903241    0.01301924    0.        ]
 [   0.            0.            0.1496    ]]

iter 14 cost=1.870966 -> 1.246289 |dtheta|=9.238058e-02  lambda=1.000e-06

============================================================
Iteration 15
============================================================
Theta offsets (Unity frame):
  Source   : dSx=   0.000, dSy=   0.000, dSz=   0.000  (mm)
  Object   : dOx=  -6.018, dOy=  -6.017, dOz= -11.506  (mm)
  Object offset: offset_x=  -0.006, offset_z=  -0.002  (mm)
  Detector : dDx=   0.000, dDy=   0.000, dDz=   0.000  (mm)
  Obj Stage rotY :    4.993 deg
============================================================

Unity geometry (world coordinates):
  Source   : x=   8.000, y=  50.000, z=   0.000
  Object   : x=  -0.018, y=  21.983, z= 565.494
  Detector : x=  -5.000, y=  10.000, z= 720.000
  Obj rotY :   0.0000 deg
view   0 | SOD= 566.242 mm | SDD= 721.227 mm | M= 1.274 | incident=3.3432°
[[  57.206516   -562.6472      -28.017376  ]
 [ -18.403606    153.48972      11.982624  ]
 [   0.14903241    0.01301924    0.        ]
 [   0.            0.            0.1496    ]]
Residual vector length: 70, Jacobian shape: (70, 6)
view   0 | SOD= 566.123 mm | SDD= 721.227 mm | M= 1.274 | incident=3.3432°
[[  57.25117    -562.52325     -28.021965  ]
 [ -18.452515    153.60382      11.978035  ]
 [   0.1490307     0.01303871    0.        ]
 [   0.            0.            0.1496    ]]

iter 15 cost=1.246289 -> 0.709642 |dtheta|=1.251276e-01  lambda=1.000e-06

============================================================
Iteration 16
============================================================
Theta offsets (Unity frame):
  Source   : dSx=   0.000, dSy=   0.000, dSz=   0.000  (mm)
  Object   : dOx=  -6.007, dOy=  -6.022, dOz= -11.630  (mm)
  Object offset: offset_x=   0.001, offset_z=   0.003  (mm)
  Detector : dDx=   0.000, dDy=   0.000, dDz=   0.000  (mm)
  Obj Stage rotY :    5.000 deg
============================================================

Unity geometry (world coordinates):
  Source   : x=   8.000, y=  50.000, z=   0.000
  Object   : x=  -0.007, y=  21.978, z= 565.370
  Detector : x=  -5.000, y=  10.000, z= 720.000
  Obj rotY :   0.0000 deg
view   0 | SOD= 566.123 mm | SDD= 721.227 mm | M= 1.274 | incident=3.3432°
[[  57.25117    -562.52325     -28.021965  ]
 [ -18.452515    153.60382      11.978035  ]
 [   0.1490307     0.01303871    0.        ]
 [   0.            0.            0.1496    ]]
Residual vector length: 70, Jacobian shape: (70, 6)
view   0 | SOD= 566.065 mm | SDD= 721.227 mm | M= 1.274 | incident=3.3432°
[[  57.170128   -562.4737      -28.013481  ]
 [ -18.433752    153.66388      11.986519  ]
 [   0.14903252    0.01301794    0.        ]
 [   0.            0.            0.1496    ]]

iter 16 cost=0.709642 -> 0.488323 |dtheta|=5.350894e-02  lambda=1.000e-06

============================================================
Iteration 17
============================================================
Theta offsets (Unity frame):
  Source   : dSx=   0.000, dSy=   0.000, dSz=   0.000  (mm)
  Object   : dOx=  -6.003, dOy=  -6.013, dOz= -11.682  (mm)
  Object offset: offset_x=  -0.005, offset_z=  -0.003  (mm)
  Detector : dDx=   0.000, dDy=   0.000, dDz=   0.000  (mm)
  Obj Stage rotY :    4.992 deg
============================================================

Unity geometry (world coordinates):
  Source   : x=   8.000, y=  50.000, z=   0.000
  Object   : x=  -0.003, y=  21.987, z= 565.318
  Detector : x=  -5.000, y=  10.000, z= 720.000
  Obj rotY :   0.0000 deg
view   0 | SOD= 566.065 mm | SDD= 721.227 mm | M= 1.274 | incident=3.3432°
[[  57.170128   -562.4737      -28.013481  ]
 [ -18.433752    153.66388      11.986519  ]
 [   0.14903252    0.01301794    0.        ]
 [   0.            0.            0.1496    ]]
Residual vector length: 70, Jacobian shape: (70, 6)
view   0 | SOD= 566.005 mm | SDD= 721.227 mm | M= 1.274 | incident=3.3432°
[[  57.203445   -562.41003     -28.011395  ]
 [ -18.4494      153.7224       11.9886055 ]
 [   0.14903164    0.01302813    0.        ]
 [   0.            0.            0.1496    ]]

iter 17 cost=0.488323 -> 0.363527 |dtheta|=5.668875e-02  lambda=1.000e-06

============================================================
Iteration 18
============================================================
Theta offsets (Unity frame):
  Source   : dSx=   0.000, dSy=   0.000, dSz=   0.000  (mm)
  Object   : dOx=  -6.002, dOy=  -6.011, dOz= -11.738  (mm)
  Object offset: offset_x=  -0.006, offset_z=  -0.007  (mm)
  Detector : dDx=   0.000, dDy=   0.000, dDz=   0.000  (mm)
  Obj Stage rotY :    4.996 deg
============================================================

Unity geometry (world coordinates):
  Source   : x=   8.000, y=  50.000, z=   0.000
  Object   : x=  -0.002, y=  21.989, z= 565.262
  Detector : x=  -5.000, y=  10.000, z= 720.000
  Obj rotY :   0.0000 deg
view   0 | SOD= 566.005 mm | SDD= 721.227 mm | M= 1.274 | incident=3.3432°
[[  57.203445   -562.41003     -28.011395  ]
 [ -18.4494      153.7224       11.9886055 ]
 [   0.14903164    0.01302813    0.        ]
 [   0.            0.            0.1496    ]]
Residual vector length: 70, Jacobian shape: (70, 6)
view   0 | SOD= 565.964 mm | SDD= 721.227 mm | M= 1.274 | incident=3.3432°
[[  57.102768   -562.3783      -28.011328  ]
 [ -18.432688    153.76653      11.988672  ]
 [   0.14903377    0.0130037     0.        ]
 [   0.            0.            0.1496    ]]

iter 18 cost=0.363527 -> 0.262112 |dtheta|=4.187036e-02  lambda=1.000e-06

============================================================
Iteration 19
============================================================
Theta offsets (Unity frame):
  Source   : dSx=   0.000, dSy=   0.000, dSz=   0.000  (mm)
  Object   : dOx=  -6.001, dOy=  -6.011, dOz= -11.779  (mm)
  Object offset: offset_x=  -0.002, offset_z=  -0.008  (mm)
  Detector : dDx=   0.000, dDy=   0.000, dDz=   0.000  (mm)
  Obj Stage rotY :    4.987 deg
============================================================

Unity geometry (world coordinates):
  Source   : x=   8.000, y=  50.000, z=   0.000
  Object   : x=  -0.001, y=  21.989, z= 565.221
  Detector : x=  -5.000, y=  10.000, z= 720.000
  Obj rotY :   0.0000 deg
view   0 | SOD= 565.964 mm | SDD= 721.227 mm | M= 1.274 | incident=3.3432°
[[  57.102768   -562.3783      -28.011328  ]
 [ -18.432688    153.76653      11.988672  ]
 [   0.14903377    0.0130037     0.        ]
 [   0.            0.            0.1496    ]]
Residual vector length: 70, Jacobian shape: (70, 6)
view   0 | SOD= 565.932 mm | SDD= 721.227 mm | M= 1.274 | incident=3.3432°
[[  57.194324   -562.3376      -28.007978  ]
 [ -18.461187    153.79456      11.992022  ]
 [   0.14903158    0.01302869    0.        ]
 [   0.            0.            0.1496    ]]

iter 19 cost=0.262112 -> 0.259014 |dtheta|=3.411852e-02  lambda=1.000e-06

============================================================
Iteration 20
============================================================
Theta offsets (Unity frame):
  Source   : dSx=   0.000, dSy=   0.000, dSz=   0.000  (mm)
  Object   : dOx=  -6.000, dOy=  -6.008, dOz= -11.811  (mm)
  Object offset: offset_x=  -0.003, offset_z=  -0.007  (mm)
  Detector : dDx=   0.000, dDy=   0.000, dDz=   0.000  (mm)
  Obj Stage rotY :    4.996 deg
============================================================

Unity geometry (world coordinates):
  Source   : x=   8.000, y=  50.000, z=   0.000
  Object   : x=   0.000, y=  21.992, z= 565.189
  Detector : x=  -5.000, y=  10.000, z= 720.000
  Obj rotY :   0.0000 deg
view   0 | SOD= 565.932 mm | SDD= 721.227 mm | M= 1.274 | incident=3.3432°
[[  57.194324   -562.3376      -28.007978  ]
 [ -18.461187    153.79456      11.992022  ]
 [   0.14903158    0.01302869    0.        ]
 [   0.            0.            0.1496    ]]
Residual vector length: 70, Jacobian shape: (70, 6)
view   0 | SOD= 565.924 mm | SDD= 721.227 mm | M= 1.274 | incident=3.3432°
[[  57.058353   -562.3431      -28.00961   ]
 [ -18.42689     153.80702      11.990391  ]
 [   0.14903468    0.01299325    0.        ]
 [   0.            0.            0.1496    ]]

iter 20 cost=0.259014 -> 0.200135 |dtheta|=1.695459e-02  lambda=1.000e-06

============================================================
Iteration 21
============================================================
Theta offsets (Unity frame):
  Source   : dSx=   0.000, dSy=   0.000, dSz=   0.000  (mm)
  Object   : dOx=  -5.999, dOy=  -6.010, dOz= -11.821  (mm)
  Object offset: offset_x=  -0.002, offset_z=  -0.005  (mm)
  Detector : dDx=   0.000, dDy=   0.000, dDz=   0.000  (mm)
  Obj Stage rotY :    4.983 deg
============================================================

Unity geometry (world coordinates):
  Source   : x=   8.000, y=  50.000, z=   0.000
  Object   : x=   0.001, y=  21.990, z= 565.179
  Detector : x=  -5.000, y=  10.000, z= 720.000
  Obj rotY :   0.0000 deg
view   0 | SOD= 565.924 mm | SDD= 721.227 mm | M= 1.274 | incident=3.3432°
[[  57.058353   -562.3431      -28.00961   ]
 [ -18.42689     153.80702      11.990391  ]
 [   0.14903468    0.01299325    0.        ]
 [   0.            0.            0.1496    ]]
Residual vector length: 70, Jacobian shape: (70, 6)
view   0 | SOD= 565.921 mm | SDD= 721.227 mm | M= 1.274 | incident=3.3432°
[[  56.999714   -562.3463      -28.00865   ]
 [ -18.40985     153.81178      11.99135   ]
 [   0.14903605    0.0129775     0.        ]
 [   0.            0.            0.1496    ]]

iter 21 cost=0.200135 -> 0.215863 |dtheta|=7.524067e-03  lambda=1.000e-06

============================================================
Iteration 22
============================================================
Theta offsets (Unity frame):
  Source   : dSx=   0.000, dSy=   0.000, dSz=   0.000  (mm)
  Object   : dOx=  -5.999, dOy=  -6.010, dOz= -11.821  (mm)
  Object offset: offset_x=  -0.002, offset_z=  -0.005  (mm)
  Detector : dDx=   0.000, dDy=   0.000, dDz=   0.000  (mm)
  Obj Stage rotY :    4.983 deg
============================================================

Unity geometry (world coordinates):
  Source   : x=   8.000, y=  50.000, z=   0.000
  Object   : x=   0.001, y=  21.990, z= 565.179
  Detector : x=  -5.000, y=  10.000, z= 720.000
  Obj rotY :   0.0000 deg
view   0 | SOD= 565.924 mm | SDD= 721.227 mm | M= 1.274 | incident=3.3432°
[[  57.058353   -562.3431      -28.00961   ]
 [ -18.42689     153.80702      11.990391  ]
 [   0.14903468    0.01299325    0.        ]
 [   0.            0.            0.1496    ]]
Residual vector length: 70, Jacobian shape: (70, 6)
view   0 | SOD= 565.921 mm | SDD= 721.227 mm | M= 1.274 | incident=3.3432°
[[  56.999714   -562.3463      -28.00865   ]
 [ -18.40985     153.81178      11.99135   ]
 [   0.14903605    0.0129775     0.        ]
 [   0.            0.            0.1496    ]]

iter 22 cost=0.200135 -> 0.215863 |dtheta|=7.524067e-03  lambda=5.000e-06

============================================================
Iteration 23
============================================================
Theta offsets (Unity frame):
  Source   : dSx=   0.000, dSy=   0.000, dSz=   0.000  (mm)
  Object   : dOx=  -5.999, dOy=  -6.010, dOz= -11.821  (mm)
  Object offset: offset_x=  -0.002, offset_z=  -0.005  (mm)
  Detector : dDx=   0.000, dDy=   0.000, dDz=   0.000  (mm)
  Obj Stage rotY :    4.983 deg
============================================================

Unity geometry (world coordinates):
  Source   : x=   8.000, y=  50.000, z=   0.000
  Object   : x=   0.001, y=  21.990, z= 565.179
  Detector : x=  -5.000, y=  10.000, z= 720.000
  Obj rotY :   0.0000 deg
view   0 | SOD= 565.924 mm | SDD= 721.227 mm | M= 1.274 | incident=3.3432°
[[  57.058353   -562.3431      -28.00961   ]
 [ -18.42689     153.80702      11.990391  ]
 [   0.14903468    0.01299325    0.        ]
 [   0.            0.            0.1496    ]]
Residual vector length: 70, Jacobian shape: (70, 6)
view   0 | SOD= 565.921 mm | SDD= 721.227 mm | M= 1.274 | incident=3.3432°
[[  56.999714   -562.3463      -28.00865   ]
 [ -18.40985     153.81178      11.99135   ]
 [   0.14903605    0.0129775     0.        ]
 [   0.            0.            0.1496    ]]

iter 23 cost=0.200135 -> 0.215863 |dtheta|=7.524065e-03  lambda=2.500e-05

============================================================
Iteration 24
============================================================
Theta offsets (Unity frame):
  Source   : dSx=   0.000, dSy=   0.000, dSz=   0.000  (mm)
  Object   : dOx=  -5.999, dOy=  -6.010, dOz= -11.821  (mm)
  Object offset: offset_x=  -0.002, offset_z=  -0.005  (mm)
  Detector : dDx=   0.000, dDy=   0.000, dDz=   0.000  (mm)
  Obj Stage rotY :    4.983 deg
============================================================

Unity geometry (world coordinates):
  Source   : x=   8.000, y=  50.000, z=   0.000
  Object   : x=   0.001, y=  21.990, z= 565.179
  Detector : x=  -5.000, y=  10.000, z= 720.000
  Obj rotY :   0.0000 deg
view   0 | SOD= 565.924 mm | SDD= 721.227 mm | M= 1.274 | incident=3.3432°
[[  57.058353   -562.3431      -28.00961   ]
 [ -18.42689     153.80702      11.990391  ]
 [   0.14903468    0.01299325    0.        ]
 [   0.            0.            0.1496    ]]
Residual vector length: 70, Jacobian shape: (70, 6)
view   0 | SOD= 565.921 mm | SDD= 721.227 mm | M= 1.274 | incident=3.3432°
[[  56.999714   -562.3463      -28.00865   ]
 [ -18.40985     153.81178      11.99135   ]
 [   0.14903605    0.0129775     0.        ]
 [   0.            0.            0.1496    ]]

iter 24 cost=0.200135 -> 0.215863 |dtheta|=7.524057e-03  lambda=1.250e-04

============================================================
Iteration 25
============================================================
Theta offsets (Unity frame):
  Source   : dSx=   0.000, dSy=   0.000, dSz=   0.000  (mm)
  Object   : dOx=  -5.999, dOy=  -6.010, dOz= -11.821  (mm)
  Object offset: offset_x=  -0.002, offset_z=  -0.005  (mm)
  Detector : dDx=   0.000, dDy=   0.000, dDz=   0.000  (mm)
  Obj Stage rotY :    4.983 deg
============================================================

Unity geometry (world coordinates):
  Source   : x=   8.000, y=  50.000, z=   0.000
  Object   : x=   0.001, y=  21.990, z= 565.179
  Detector : x=  -5.000, y=  10.000, z= 720.000
  Obj rotY :   0.0000 deg
view   0 | SOD= 565.924 mm | SDD= 721.227 mm | M= 1.274 | incident=3.3432°
[[  57.058353   -562.3431      -28.00961   ]
 [ -18.42689     153.80702      11.990391  ]
 [   0.14903468    0.01299325    0.        ]
 [   0.            0.            0.1496    ]]
Residual vector length: 70, Jacobian shape: (70, 6)
view   0 | SOD= 565.921 mm | SDD= 721.227 mm | M= 1.274 | incident=3.3432°
[[  56.999714   -562.3463      -28.00865   ]
 [ -18.40985     153.81178      11.99135   ]
 [   0.14903605    0.0129775     0.        ]
 [   0.            0.            0.1496    ]]

iter 25 cost=0.200135 -> 0.215863 |dtheta|=7.524014e-03  lambda=6.250e-04

============================================================
Iteration 26
============================================================
Theta offsets (Unity frame):
  Source   : dSx=   0.000, dSy=   0.000, dSz=   0.000  (mm)
  Object   : dOx=  -5.999, dOy=  -6.010, dOz= -11.821  (mm)
  Object offset: offset_x=  -0.002, offset_z=  -0.005  (mm)
  Detector : dDx=   0.000, dDy=   0.000, dDz=   0.000  (mm)
  Obj Stage rotY :    4.983 deg
============================================================

Unity geometry (world coordinates):
  Source   : x=   8.000, y=  50.000, z=   0.000
  Object   : x=   0.001, y=  21.990, z= 565.179
  Detector : x=  -5.000, y=  10.000, z= 720.000
  Obj rotY :   0.0000 deg
view   0 | SOD= 565.924 mm | SDD= 721.227 mm | M= 1.274 | incident=3.3432°
[[  57.058353   -562.3431      -28.00961   ]
 [ -18.42689     153.80702      11.990391  ]
 [   0.14903468    0.01299325    0.        ]
 [   0.            0.            0.1496    ]]
Residual vector length: 70, Jacobian shape: (70, 6)
view   0 | SOD= 565.921 mm | SDD= 721.227 mm | M= 1.274 | incident=3.3432°
[[  56.999714   -562.3463      -28.00865   ]
 [ -18.40985     153.81178      11.99135   ]
 [   0.14903605    0.0129775     0.        ]
 [   0.            0.            0.1496    ]]

iter 26 cost=0.200135 -> 0.215863 |dtheta|=7.523802e-03  lambda=3.125e-03

============================================================
Iteration 27
============================================================
Theta offsets (Unity frame):
  Source   : dSx=   0.000, dSy=   0.000, dSz=   0.000  (mm)
  Object   : dOx=  -5.999, dOy=  -6.010, dOz= -11.821  (mm)
  Object offset: offset_x=  -0.002, offset_z=  -0.005  (mm)
  Detector : dDx=   0.000, dDy=   0.000, dDz=   0.000  (mm)
  Obj Stage rotY :    4.983 deg
============================================================

Unity geometry (world coordinates):
  Source   : x=   8.000, y=  50.000, z=   0.000
  Object   : x=   0.001, y=  21.990, z= 565.179
  Detector : x=  -5.000, y=  10.000, z= 720.000
  Obj rotY :   0.0000 deg
view   0 | SOD= 565.924 mm | SDD= 721.227 mm | M= 1.274 | incident=3.3432°
[[  57.058353   -562.3431      -28.00961   ]
 [ -18.42689     153.80702      11.990391  ]
 [   0.14903468    0.01299325    0.        ]
 [   0.            0.            0.1496    ]]
Residual vector length: 70, Jacobian shape: (70, 6)
view   0 | SOD= 565.921 mm | SDD= 721.227 mm | M= 1.274 | incident=3.3432°
[[  56.999718   -562.3463      -28.00865   ]
 [ -18.40985     153.81178      11.99135   ]
 [   0.14903605    0.0129775     0.        ]
 [   0.            0.            0.1496    ]]

iter 27 cost=0.200135 -> 0.215863 |dtheta|=7.522743e-03  lambda=1.562e-02

============================================================
Iteration 28
============================================================
Theta offsets (Unity frame):
  Source   : dSx=   0.000, dSy=   0.000, dSz=   0.000  (mm)
  Object   : dOx=  -5.999, dOy=  -6.010, dOz= -11.821  (mm)
  Object offset: offset_x=  -0.002, offset_z=  -0.005  (mm)
  Detector : dDx=   0.000, dDy=   0.000, dDz=   0.000  (mm)
  Obj Stage rotY :    4.983 deg
============================================================

Unity geometry (world coordinates):
  Source   : x=   8.000, y=  50.000, z=   0.000
  Object   : x=   0.001, y=  21.990, z= 565.179
  Detector : x=  -5.000, y=  10.000, z= 720.000
  Obj rotY :   0.0000 deg
view   0 | SOD= 565.924 mm | SDD= 721.227 mm | M= 1.274 | incident=3.3432°
[[  57.058353   -562.3431      -28.00961   ]
 [ -18.42689     153.80702      11.990391  ]
 [   0.14903468    0.01299325    0.        ]
 [   0.            0.            0.1496    ]]
Residual vector length: 70, Jacobian shape: (70, 6)
view   0 | SOD= 565.921 mm | SDD= 721.227 mm | M= 1.274 | incident=3.3432°
[[  56.999737   -562.3463      -28.00865   ]
 [ -18.409855    153.81178      11.99135   ]
 [   0.14903605    0.01297751    0.        ]
 [   0.            0.            0.1496    ]]

iter 28 cost=0.200135 -> 0.215863 |dtheta|=7.517457e-03  lambda=7.812e-02

============================================================
Iteration 29
============================================================
Theta offsets (Unity frame):
  Source   : dSx=   0.000, dSy=   0.000, dSz=   0.000  (mm)
  Object   : dOx=  -5.999, dOy=  -6.010, dOz= -11.821  (mm)
  Object offset: offset_x=  -0.002, offset_z=  -0.005  (mm)
  Detector : dDx=   0.000, dDy=   0.000, dDz=   0.000  (mm)
  Obj Stage rotY :    4.983 deg
============================================================

Unity geometry (world coordinates):
  Source   : x=   8.000, y=  50.000, z=   0.000
  Object   : x=   0.001, y=  21.990, z= 565.179
  Detector : x=  -5.000, y=  10.000, z= 720.000
  Obj rotY :   0.0000 deg
view   0 | SOD= 565.924 mm | SDD= 721.227 mm | M= 1.274 | incident=3.3432°
[[  57.058353   -562.3431      -28.00961   ]
 [ -18.42689     153.80702      11.990391  ]
 [   0.14903468    0.01299325    0.        ]
 [   0.            0.            0.1496    ]]
Residual vector length: 70, Jacobian shape: (70, 6)
view   0 | SOD= 565.921 mm | SDD= 721.227 mm | M= 1.274 | incident=3.3432°
[[  56.999825   -562.34625     -28.008652  ]
 [ -18.40988     153.81178      11.991348  ]
 [   0.14903605    0.01297753    0.        ]
 [   0.            0.            0.1496    ]]

iter 29 cost=0.200135 -> 0.214992 |dtheta|=7.491286e-03  lambda=3.906e-01

============================================================
Iteration 30
============================================================
Theta offsets (Unity frame):
  Source   : dSx=   0.000, dSy=   0.000, dSz=   0.000  (mm)
  Object   : dOx=  -5.999, dOy=  -6.010, dOz= -11.821  (mm)
  Object offset: offset_x=  -0.002, offset_z=  -0.005  (mm)
  Detector : dDx=   0.000, dDy=   0.000, dDz=   0.000  (mm)
  Obj Stage rotY :    4.983 deg
============================================================

Unity geometry (world coordinates):
  Source   : x=   8.000, y=  50.000, z=   0.000
  Object   : x=   0.001, y=  21.990, z= 565.179
  Detector : x=  -5.000, y=  10.000, z= 720.000
  Obj rotY :   0.0000 deg
view   0 | SOD= 565.924 mm | SDD= 721.227 mm | M= 1.274 | incident=3.3432°
[[  57.058353   -562.3431      -28.00961   ]
 [ -18.42689     153.80702      11.990391  ]
 [   0.14903468    0.01299325    0.        ]
 [   0.            0.            0.1496    ]]
Residual vector length: 70, Jacobian shape: (70, 6)
view   0 | SOD= 565.921 mm | SDD= 721.227 mm | M= 1.274 | incident=3.3432°
[[  57.000286   -562.34644     -28.00866   ]
 [ -18.40999     153.81158      11.991341  ]
 [   0.14903603    0.01297765    0.        ]
 [   0.            0.            0.1496    ]]

iter 30 cost=0.200135 -> 0.214992 |dtheta|=7.366577e-03  lambda=1.953e+00

============================================================
Iteration 31
============================================================
Theta offsets (Unity frame):
  Source   : dSx=   0.000, dSy=   0.000, dSz=   0.000  (mm)
  Object   : dOx=  -5.999, dOy=  -6.010, dOz= -11.821  (mm)
  Object offset: offset_x=  -0.002, offset_z=  -0.005  (mm)
  Detector : dDx=   0.000, dDy=   0.000, dDz=   0.000  (mm)
  Obj Stage rotY :    4.983 deg
============================================================

Unity geometry (world coordinates):
  Source   : x=   8.000, y=  50.000, z=   0.000
  Object   : x=   0.001, y=  21.990, z= 565.179
  Detector : x=  -5.000, y=  10.000, z= 720.000
  Obj rotY :   0.0000 deg
view   0 | SOD= 565.924 mm | SDD= 721.227 mm | M= 1.274 | incident=3.3432°
[[  57.058353   -562.3431      -28.00961   ]
 [ -18.42689     153.80702      11.990391  ]
 [   0.14903468    0.01299325    0.        ]
 [   0.            0.            0.1496    ]]
Residual vector length: 70, Jacobian shape: (70, 6)
view   0 | SOD= 565.922 mm | SDD= 721.227 mm | M= 1.274 | incident=3.3432°
[[  57.002457   -562.34686     -28.008698  ]
 [ -18.410528    153.81085      11.9913025 ]
 [   0.14903599    0.01297821    0.        ]
 [   0.            0.            0.1496    ]]

iter 31 cost=0.200135 -> 0.221842 |dtheta|=6.860505e-03  lambda=9.766e+00

============================================================
Iteration 32
============================================================
Theta offsets (Unity frame):
  Source   : dSx=   0.000, dSy=   0.000, dSz=   0.000  (mm)
  Object   : dOx=  -5.999, dOy=  -6.010, dOz= -11.821  (mm)
  Object offset: offset_x=  -0.002, offset_z=  -0.005  (mm)
  Detector : dDx=   0.000, dDy=   0.000, dDz=   0.000  (mm)
  Obj Stage rotY :    4.983 deg
============================================================

Unity geometry (world coordinates):
  Source   : x=   8.000, y=  50.000, z=   0.000
  Object   : x=   0.001, y=  21.990, z= 565.179
  Detector : x=  -5.000, y=  10.000, z= 720.000
  Obj rotY :   0.0000 deg
view   0 | SOD= 565.924 mm | SDD= 721.227 mm | M= 1.274 | incident=3.3432°
[[  57.058353   -562.3431      -28.00961   ]
 [ -18.42689     153.80702      11.990391  ]
 [   0.14903468    0.01299325    0.        ]
 [   0.            0.            0.1496    ]]
Residual vector length: 70, Jacobian shape: (70, 6)
view   0 | SOD= 565.923 mm | SDD= 721.227 mm | M= 1.274 | incident=3.3432°
[[  57.011036   -562.34735     -28.008802  ]
 [ -18.412815    153.80922      11.991198  ]
 [   0.1490358     0.01298048    0.        ]
 [   0.            0.            0.1496    ]]

iter 32 cost=0.200135 -> 0.216811 |dtheta|=5.504459e-03  lambda=4.883e+01

============================================================
Iteration 33
============================================================
Theta offsets (Unity frame):
  Source   : dSx=   0.000, dSy=   0.000, dSz=   0.000  (mm)
  Object   : dOx=  -5.999, dOy=  -6.010, dOz= -11.821  (mm)
  Object offset: offset_x=  -0.002, offset_z=  -0.005  (mm)
  Detector : dDx=   0.000, dDy=   0.000, dDz=   0.000  (mm)
  Obj Stage rotY :    4.983 deg
============================================================

Unity geometry (world coordinates):
  Source   : x=   8.000, y=  50.000, z=   0.000
  Object   : x=   0.001, y=  21.990, z= 565.179
  Detector : x=  -5.000, y=  10.000, z= 720.000
  Obj rotY :   0.0000 deg
view   0 | SOD= 565.924 mm | SDD= 721.227 mm | M= 1.274 | incident=3.3432°
[[  57.058353   -562.3431      -28.00961   ]
 [ -18.42689     153.80702      11.990391  ]
 [   0.14903468    0.01299325    0.        ]
 [   0.            0.            0.1496    ]]
Residual vector length: 70, Jacobian shape: (70, 6)
view   0 | SOD= 565.924 mm | SDD= 721.227 mm | M= 1.274 | incident=3.3432°
[[  57.031563   -562.34607     -28.008995  ]
 [ -18.418577    153.80774      11.991005  ]
 [   0.14903532    0.01298595    0.        ]
 [   0.            0.            0.1496    ]]

iter 33 cost=0.200135 -> 0.212014 |dtheta|=3.208832e-03  lambda=2.441e+02

============================================================
Iteration 34
============================================================
Theta offsets (Unity frame):
  Source   : dSx=   0.000, dSy=   0.000, dSz=   0.000  (mm)
  Object   : dOx=  -5.999, dOy=  -6.010, dOz= -11.821  (mm)
  Object offset: offset_x=  -0.002, offset_z=  -0.005  (mm)
  Detector : dDx=   0.000, dDy=   0.000, dDz=   0.000  (mm)
  Obj Stage rotY :    4.983 deg
============================================================

Unity geometry (world coordinates):
  Source   : x=   8.000, y=  50.000, z=   0.000
  Object   : x=   0.001, y=  21.990, z= 565.179
  Detector : x=  -5.000, y=  10.000, z= 720.000
  Obj rotY :   0.0000 deg
view   0 | SOD= 565.924 mm | SDD= 721.227 mm | M= 1.274 | incident=3.3432°
[[  57.058353   -562.3431      -28.00961   ]
 [ -18.42689     153.80702      11.990391  ]
 [   0.14903468    0.01299325    0.        ]
 [   0.            0.            0.1496    ]]
Residual vector length: 70, Jacobian shape: (70, 6)
view   0 | SOD= 565.924 mm | SDD= 721.227 mm | M= 1.274 | incident=3.3432°
[[  57.050373   -562.3442      -28.009247  ]
 [ -18.424023    153.8071       11.990753  ]
 [   0.14903487    0.012991      0.        ]
 [   0.            0.            0.1496    ]]

iter 34 cost=0.200135 -> 0.200428 |dtheta|=1.244477e-03  lambda=1.221e+03

============================================================
Iteration 35
============================================================
Theta offsets (Unity frame):
  Source   : dSx=   0.000, dSy=   0.000, dSz=   0.000  (mm)
  Object   : dOx=  -5.999, dOy=  -6.010, dOz= -11.821  (mm)
  Object offset: offset_x=  -0.002, offset_z=  -0.005  (mm)
  Detector : dDx=   0.000, dDy=   0.000, dDz=   0.000  (mm)
  Obj Stage rotY :    4.983 deg
============================================================

Unity geometry (world coordinates):
  Source   : x=   8.000, y=  50.000, z=   0.000
  Object   : x=   0.001, y=  21.990, z= 565.179
  Detector : x=  -5.000, y=  10.000, z= 720.000
  Obj rotY :   0.0000 deg
view   0 | SOD= 565.924 mm | SDD= 721.227 mm | M= 1.274 | incident=3.3432°
[[  57.058353   -562.3431      -28.00961   ]
 [ -18.42689     153.80702      11.990391  ]
 [   0.14903468    0.01299325    0.        ]
 [   0.            0.            0.1496    ]]
Residual vector length: 70, Jacobian shape: (70, 6)
view   0 | SOD= 565.924 mm | SDD= 721.227 mm | M= 1.274 | incident=3.3432°
[[  57.0568     -562.3434      -28.009474  ]
 [ -18.426151    153.80698      11.990526  ]
 [   0.14903472    0.01299278    0.        ]
 [   0.            0.            0.1496    ]]

iter 35 cost=0.200135 -> 0.201405 |dtheta|=3.832739e-04  lambda=6.104e+03

============================================================
Iteration 36
============================================================
Theta offsets (Unity frame):
  Source   : dSx=   0.000, dSy=   0.000, dSz=   0.000  (mm)
  Object   : dOx=  -5.999, dOy=  -6.010, dOz= -11.821  (mm)
  Object offset: offset_x=  -0.002, offset_z=  -0.005  (mm)
  Detector : dDx=   0.000, dDy=   0.000, dDz=   0.000  (mm)
  Obj Stage rotY :    4.983 deg
============================================================

Unity geometry (world coordinates):
  Source   : x=   8.000, y=  50.000, z=   0.000
  Object   : x=   0.001, y=  21.990, z= 565.179
  Detector : x=  -5.000, y=  10.000, z= 720.000
  Obj rotY :   0.0000 deg
view   0 | SOD= 565.924 mm | SDD= 721.227 mm | M= 1.274 | incident=3.3432°
[[  57.058353   -562.3431      -28.00961   ]
 [ -18.42689     153.80702      11.990391  ]
 [   0.14903468    0.01299325    0.        ]
 [   0.            0.            0.1496    ]]
Residual vector length: 70, Jacobian shape: (70, 6)
view   0 | SOD= 565.924 mm | SDD= 721.227 mm | M= 1.274 | incident=3.3432°
[[  57.058067   -562.3432      -28.009575  ]
 [ -18.426723    153.80698      11.990425  ]
 [   0.14903468    0.01299316    0.        ]
 [   0.            0.            0.1496    ]]

iter 36 cost=0.200135 -> 0.198921 |dtheta|=9.139198e-05  lambda=3.052e+04

============================================================
Iteration 37
============================================================
Theta offsets (Unity frame):
  Source   : dSx=   0.000, dSy=   0.000, dSz=   0.000  (mm)
  Object   : dOx=  -6.000, dOy=  -6.010, dOz= -11.821  (mm)
  Object offset: offset_x=  -0.002, offset_z=  -0.005  (mm)
  Detector : dDx=   0.000, dDy=   0.000, dDz=   0.000  (mm)
  Obj Stage rotY :    4.983 deg
============================================================

Unity geometry (world coordinates):
  Source   : x=   8.000, y=  50.000, z=   0.000
  Object   : x=   0.000, y=  21.990, z= 565.179
  Detector : x=  -5.000, y=  10.000, z= 720.000
  Obj rotY :   0.0000 deg
view   0 | SOD= 565.924 mm | SDD= 721.227 mm | M= 1.274 | incident=3.3432°
[[  57.058067   -562.3432      -28.009575  ]
 [ -18.426723    153.80698      11.990425  ]
 [   0.14903468    0.01299316    0.        ]
 [   0.            0.            0.1496    ]]
Residual vector length: 70, Jacobian shape: (70, 6)
view   0 | SOD= 565.924 mm | SDD= 721.227 mm | M= 1.274 | incident=3.3432°
[[  57.05734    -562.3433      -28.009472  ]
 [ -18.426315    153.80696      11.990528  ]
 [   0.14903471    0.01299292    0.        ]
 [   0.            0.            0.1496    ]]

iter 37 cost=0.198921 -> 0.201405 |dtheta|=2.338835e-04  lambda=1.017e+04

============================================================
Iteration 38
============================================================
Theta offsets (Unity frame):
  Source   : dSx=   0.000, dSy=   0.000, dSz=   0.000  (mm)
  Object   : dOx=  -6.000, dOy=  -6.010, dOz= -11.821  (mm)
  Object offset: offset_x=  -0.002, offset_z=  -0.005  (mm)
  Detector : dDx=   0.000, dDy=   0.000, dDz=   0.000  (mm)
  Obj Stage rotY :    4.983 deg
============================================================

Unity geometry (world coordinates):
  Source   : x=   8.000, y=  50.000, z=   0.000
  Object   : x=   0.000, y=  21.990, z= 565.179
  Detector : x=  -5.000, y=  10.000, z= 720.000
  Obj rotY :   0.0000 deg
view   0 | SOD= 565.924 mm | SDD= 721.227 mm | M= 1.274 | incident=3.3432°
[[  57.058067   -562.3432      -28.009575  ]
 [ -18.426723    153.80698      11.990425  ]
 [   0.14903468    0.01299316    0.        ]
 [   0.            0.            0.1496    ]]
Residual vector length: 70, Jacobian shape: (70, 6)
view   0 | SOD= 565.924 mm | SDD= 721.227 mm | M= 1.274 | incident=3.3432°
[[  57.05793    -562.3432      -28.009552  ]
 [ -18.426638    153.80698      11.990448  ]
 [   0.1490347     0.01299311    0.        ]
 [   0.            0.            0.1496    ]]

iter 38 cost=0.198921 -> 0.201405 |dtheta|=5.309175e-05  lambda=5.086e+04

============================================================
Iteration 39
============================================================
Theta offsets (Unity frame):
  Source   : dSx=   0.000, dSy=   0.000, dSz=   0.000  (mm)
  Object   : dOx=  -6.000, dOy=  -6.010, dOz= -11.821  (mm)
  Object offset: offset_x=  -0.002, offset_z=  -0.005  (mm)
  Detector : dDx=   0.000, dDy=   0.000, dDz=   0.000  (mm)
  Obj Stage rotY :    4.983 deg
============================================================

Unity geometry (world coordinates):
  Source   : x=   8.000, y=  50.000, z=   0.000
  Object   : x=   0.000, y=  21.990, z= 565.179
  Detector : x=  -5.000, y=  10.000, z= 720.000
  Obj rotY :   0.0000 deg
view   0 | SOD= 565.924 mm | SDD= 721.227 mm | M= 1.274 | incident=3.3432°
[[  57.058067   -562.3432      -28.009575  ]
 [ -18.426723    153.80698      11.990425  ]
 [   0.14903468    0.01299316    0.        ]
 [   0.            0.            0.1496    ]]
Residual vector length: 70, Jacobian shape: (70, 6)
view   0 | SOD= 565.924 mm | SDD= 721.227 mm | M= 1.274 | incident=3.3432°
[[  57.05804    -562.3432      -28.009571  ]
 [ -18.426706    153.80698      11.990429  ]
 [   0.1490347     0.01299315    0.        ]
 [   0.            0.            0.1496    ]]

iter 39 cost=0.198921 -> 0.198921 |dtheta|=1.093102e-05  lambda=2.543e+05

============================================================
Iteration 40
============================================================
Theta offsets (Unity frame):
  Source   : dSx=   0.000, dSy=   0.000, dSz=   0.000  (mm)
  Object   : dOx=  -6.000, dOy=  -6.010, dOz= -11.821  (mm)
  Object offset: offset_x=  -0.002, offset_z=  -0.005  (mm)
  Detector : dDx=   0.000, dDy=   0.000, dDz=   0.000  (mm)
  Obj Stage rotY :    4.983 deg
============================================================

Unity geometry (world coordinates):
  Source   : x=   8.000, y=  50.000, z=   0.000
  Object   : x=   0.000, y=  21.990, z= 565.179
  Detector : x=  -5.000, y=  10.000, z= 720.000
  Obj rotY :   0.0000 deg
view   0 | SOD= 565.924 mm | SDD= 721.227 mm | M= 1.274 | incident=3.3432°
[[  57.058067   -562.3432      -28.009575  ]
 [ -18.426723    153.80698      11.990425  ]
 [   0.14903468    0.01299316    0.        ]
 [   0.            0.            0.1496    ]]
Residual vector length: 70, Jacobian shape: (70, 6)
view   0 | SOD= 565.924 mm | SDD= 721.227 mm | M= 1.274 | incident=3.3432°
[[  57.05806    -562.3432      -28.009575  ]
 [ -18.42672     153.80698      11.990425  ]
 [   0.14903468    0.01299316    0.        ]
 [   0.            0.            0.1496    ]]

iter 40 cost=0.198921 -> 0.198921 |dtheta|=2.795429e-06  lambda=1.000e+06

============================================================
Iteration 41
============================================================
Theta offsets (Unity frame):
  Source   : dSx=   0.000, dSy=   0.000, dSz=   0.000  (mm)
  Object   : dOx=  -6.000, dOy=  -6.010, dOz= -11.821  (mm)
  Object offset: offset_x=  -0.002, offset_z=  -0.005  (mm)
  Detector : dDx=   0.000, dDy=   0.000, dDz=   0.000  (mm)
  Obj Stage rotY :    4.983 deg
============================================================

Unity geometry (world coordinates):
  Source   : x=   8.000, y=  50.000, z=   0.000
  Object   : x=   0.000, y=  21.990, z= 565.179
  Detector : x=  -5.000, y=  10.000, z= 720.000
  Obj rotY :   0.0000 deg
view   0 | SOD= 565.924 mm | SDD= 721.227 mm | M= 1.274 | incident=3.3432°
[[  57.058067   -562.3432      -28.009575  ]
 [ -18.426723    153.80698      11.990425  ]
 [   0.14903468    0.01299316    0.        ]
 [   0.            0.            0.1496    ]]
Residual vector length: 70, Jacobian shape: (70, 6)
view   0 | SOD= 565.924 mm | SDD= 721.227 mm | M= 1.274 | incident=3.3432°
[[  57.05806    -562.3432      -28.009575  ]
 [ -18.42672     153.80698      11.990425  ]
 [   0.14903468    0.01299316    0.        ]
 [   0.            0.            0.1496    ]]

iter 41 cost=0.198921 -> 0.198921 |dtheta|=2.795429e-06  lambda=1.000e+06

============================================================
Iteration 42
============================================================
Theta offsets (Unity frame):
  Source   : dSx=   0.000, dSy=   0.000, dSz=   0.000  (mm)
  Object   : dOx=  -6.000, dOy=  -6.010, dOz= -11.821  (mm)
  Object offset: offset_x=  -0.002, offset_z=  -0.005  (mm)
  Detector : dDx=   0.000, dDy=   0.000, dDz=   0.000  (mm)
  Obj Stage rotY :    4.983 deg
============================================================

Unity geometry (world coordinates):
  Source   : x=   8.000, y=  50.000, z=   0.000
  Object   : x=   0.000, y=  21.990, z= 565.179
  Detector : x=  -5.000, y=  10.000, z= 720.000
  Obj rotY :   0.0000 deg
view   0 | SOD= 565.924 mm | SDD= 721.227 mm | M= 1.274 | incident=3.3432°
[[  57.058067   -562.3432      -28.009575  ]
 [ -18.426723    153.80698      11.990425  ]
 [   0.14903468    0.01299316    0.        ]
 [   0.            0.            0.1496    ]]
Residual vector length: 70, Jacobian shape: (70, 6)
view   0 | SOD= 565.924 mm | SDD= 721.227 mm | M= 1.274 | incident=3.3432°
[[  57.05806    -562.3432      -28.009575  ]
 [ -18.42672     153.80698      11.990425  ]
 [   0.14903468    0.01299316    0.        ]
 [   0.            0.            0.1496    ]]

iter 42 cost=0.198921 -> 0.198921 |dtheta|=2.795429e-06  lambda=1.000e+06

============================================================
Iteration 43
============================================================
Theta offsets (Unity frame):
  Source   : dSx=   0.000, dSy=   0.000, dSz=   0.000  (mm)
  Object   : dOx=  -6.000, dOy=  -6.010, dOz= -11.821  (mm)
  Object offset: offset_x=  -0.002, offset_z=  -0.005  (mm)
  Detector : dDx=   0.000, dDy=   0.000, dDz=   0.000  (mm)
  Obj Stage rotY :    4.983 deg
============================================================

Unity geometry (world coordinates):
  Source   : x=   8.000, y=  50.000, z=   0.000
  Object   : x=   0.000, y=  21.990, z= 565.179
  Detector : x=  -5.000, y=  10.000, z= 720.000
  Obj rotY :   0.0000 deg
view   0 | SOD= 565.924 mm | SDD= 721.227 mm | M= 1.274 | incident=3.3432°
[[  57.058067   -562.3432      -28.009575  ]
 [ -18.426723    153.80698      11.990425  ]
 [   0.14903468    0.01299316    0.        ]
 [   0.            0.            0.1496    ]]
Residual vector length: 70, Jacobian shape: (70, 6)
view   0 | SOD= 565.924 mm | SDD= 721.227 mm | M= 1.274 | incident=3.3432°
[[  57.05806    -562.3432      -28.009575  ]
 [ -18.42672     153.80698      11.990425  ]
 [   0.14903468    0.01299316    0.        ]
 [   0.            0.            0.1496    ]]

iter 43 cost=0.198921 -> 0.198921 |dtheta|=2.795429e-06  lambda=1.000e+06

============================================================
Iteration 44
============================================================
Theta offsets (Unity frame):
  Source   : dSx=   0.000, dSy=   0.000, dSz=   0.000  (mm)
  Object   : dOx=  -6.000, dOy=  -6.010, dOz= -11.821  (mm)
  Object offset: offset_x=  -0.002, offset_z=  -0.005  (mm)
  Detector : dDx=   0.000, dDy=   0.000, dDz=   0.000  (mm)
  Obj Stage rotY :    4.983 deg
============================================================

Unity geometry (world coordinates):
  Source   : x=   8.000, y=  50.000, z=   0.000
  Object   : x=   0.000, y=  21.990, z= 565.179
  Detector : x=  -5.000, y=  10.000, z= 720.000
  Obj rotY :   0.0000 deg
view   0 | SOD= 565.924 mm | SDD= 721.227 mm | M= 1.274 | incident=3.3432°
[[  57.058067   -562.3432      -28.009575  ]
 [ -18.426723    153.80698      11.990425  ]
 [   0.14903468    0.01299316    0.        ]
 [   0.            0.            0.1496    ]]
Residual vector length: 70, Jacobian shape: (70, 6)
view   0 | SOD= 565.924 mm | SDD= 721.227 mm | M= 1.274 | incident=3.3432°
[[  57.05806    -562.3432      -28.009575  ]
 [ -18.42672     153.80698      11.990425  ]
 [   0.14903468    0.01299316    0.        ]
 [   0.            0.            0.1496    ]]

iter 44 cost=0.198921 -> 0.198921 |dtheta|=2.795429e-06  lambda=1.000e+06

============================================================
Iteration 45
============================================================
Theta offsets (Unity frame):
  Source   : dSx=   0.000, dSy=   0.000, dSz=   0.000  (mm)
  Object   : dOx=  -6.000, dOy=  -6.010, dOz= -11.821  (mm)
  Object offset: offset_x=  -0.002, offset_z=  -0.005  (mm)
  Detector : dDx=   0.000, dDy=   0.000, dDz=   0.000  (mm)
  Obj Stage rotY :    4.983 deg
============================================================

Unity geometry (world coordinates):
  Source   : x=   8.000, y=  50.000, z=   0.000
  Object   : x=   0.000, y=  21.990, z= 565.179
  Detector : x=  -5.000, y=  10.000, z= 720.000
  Obj rotY :   0.0000 deg
view   0 | SOD= 565.924 mm | SDD= 721.227 mm | M= 1.274 | incident=3.3432°
[[  57.058067   -562.3432      -28.009575  ]
 [ -18.426723    153.80698      11.990425  ]
 [   0.14903468    0.01299316    0.        ]
 [   0.            0.            0.1496    ]]
Residual vector length: 70, Jacobian shape: (70, 6)
view   0 | SOD= 565.924 mm | SDD= 721.227 mm | M= 1.274 | incident=3.3432°
[[  57.05806    -562.3432      -28.009575  ]
 [ -18.42672     153.80698      11.990425  ]
 [   0.14903468    0.01299316    0.        ]
 [   0.            0.            0.1496    ]]

iter 45 cost=0.198921 -> 0.198921 |dtheta|=2.795429e-06  lambda=1.000e+06

============================================================
Iteration 46
============================================================
Theta offsets (Unity frame):
  Source   : dSx=   0.000, dSy=   0.000, dSz=   0.000  (mm)
  Object   : dOx=  -6.000, dOy=  -6.010, dOz= -11.821  (mm)
  Object offset: offset_x=  -0.002, offset_z=  -0.005  (mm)
  Detector : dDx=   0.000, dDy=   0.000, dDz=   0.000  (mm)
  Obj Stage rotY :    4.983 deg
============================================================

Unity geometry (world coordinates):
  Source   : x=   8.000, y=  50.000, z=   0.000
  Object   : x=   0.000, y=  21.990, z= 565.179
  Detector : x=  -5.000, y=  10.000, z= 720.000
  Obj rotY :   0.0000 deg
view   0 | SOD= 565.924 mm | SDD= 721.227 mm | M= 1.274 | incident=3.3432°
[[  57.058067   -562.3432      -28.009575  ]
 [ -18.426723    153.80698      11.990425  ]
 [   0.14903468    0.01299316    0.        ]
 [   0.            0.            0.1496    ]]
Residual vector length: 70, Jacobian shape: (70, 6)
view   0 | SOD= 565.924 mm | SDD= 721.227 mm | M= 1.274 | incident=3.3432°
[[  57.05806    -562.3432      -28.009575  ]
 [ -18.42672     153.80698      11.990425  ]
 [   0.14903468    0.01299316    0.        ]
 [   0.            0.            0.1496    ]]

iter 46 cost=0.198921 -> 0.198921 |dtheta|=2.795429e-06  lambda=1.000e+06
Stalled.

Estimated theta:
  dSx: +0.000000
  dSy: +0.000000
  dOx: -5.999510
  dOy: -6.009575
  dOz: -11.820970
  dDx: +0.000000
  dDy: +0.000000
  dDz: +0.000000
alpha: +4.982569e+00 deg)
offset_x: -0.001942
offset_z: -0.005200

Final cost table:
Fake theta: [  0.   0.  -6.  -6. -12.   0.   0.   0.   5.   0.   0.]
Final estimated theta: [  0.           0.          -5.99951001  -6.00957547 -11.82097042
   0.           0.           0.           4.98256861  -0.00194201
  -0.00519979]
Diff from Expected: [ 0.          0.          0.00048999 -0.00957547  0.17902958  0.
  0.          0.         -0.01743139 -0.00194201 -0.00519979]
################################################################################

