Phantom already exists, skipping: cuboid_phantom_5_normal.npy

################################################################################
Running cuboid=normal scenario=G1 N_ANGLES=5, K=5
view   0 | SOD= 565.750 mm | SDD= 721.227 mm | M= 1.275 | incident=3.3432°
[[  57.21255    -562.1528      -28.        ]
 [ -18.490114    153.9744       12.        ]
 [   0.14903073    0.0130385     0.        ]
 [   0.            0.            0.1496    ]]
          image          x1          y1  area1          x2          y2  area2          x3          y3  area3          x4          y4  area4          x5          y5  area5
0  proj_000.png  542.320138  120.934596    581  430.432188  237.018083    553  452.947977  343.475915    519  560.715631  461.649718    531  542.311388  595.234875    562
1  proj_001.png  364.743816  120.803887    566  426.016886  234.482176    533  622.827255  346.297505    521  567.842676  468.972875    553  364.802469  589.594356    567
2  proj_002.png  374.520325  120.455285    492  517.324955  233.578097    557  623.000000  355.371747    538  474.456053  471.734660    603  374.425963  571.720081    493
3  proj_003.png  546.650943  120.388679    530  580.408503  235.487985    541  442.484087  358.169179    597  412.007286  466.076503    549  546.702448  566.655367    531
4  proj_004.png  652.647495  120.614100    539  527.155979  237.722704    577  339.834897  350.570356    533  466.330882  460.009191    544  652.672222  580.722222    540

============================================================
Iteration 0
============================================================
Theta offsets (Unity frame):
  Source   : dSx=   0.000, dSy=   0.000, dSz=   0.000  (mm)
  Object   : dOx=   0.000, dOy=   0.000, dOz=   0.000  (mm)
  Object offset: offset_x=   0.000, offset_z=   0.000  (mm)
  Detector : dDx=   0.000, dDy=   0.000, dDz=   0.000  (mm)
  Obj Stage rotY :    0.000 deg
============================================================

Unity geometry (world coordinates):
  Source   : x=   8.000, y=  50.000, z=   0.000
  Object   : x=   6.000, y=  28.000, z= 577.000
  Detector : x=  -5.000, y=  10.000, z= 720.000
  Obj rotY :   0.0000 deg
view   0 | SOD= 577.423 mm | SDD= 721.227 mm | M= 1.249 | incident=3.3432°
[[   2.     -577.      -22.    ]
 [ -11.      143.       18.    ]
 [   0.1496    0.        0.    ]
 [   0.        0.        0.1496]]
Residual vector length: 100, Jacobian shape: (100, 6)
view   0 | SOD= 570.439 mm | SDD= 721.227 mm | M= 1.264 | incident=3.3432°
[[  23.342232   -569.3379      -26.638325  ]
 [ -11.45322     149.93832      13.361675  ]
 [   0.14953141    0.00452985    0.        ]
 [   0.            0.            0.1496    ]]

iter 00 cost=74376.766222 -> 6064.321599 |dtheta|=1.041170e+01  lambda=1.000e-02

============================================================
Iteration 1
============================================================
Theta offsets (Unity frame):
  Source   : dSx=   0.000, dSy=   0.000, dSz=   0.000  (mm)
  Object   : dOx=  -4.344, dOy=  -4.638, dOz=  -8.019  (mm)
  Object offset: offset_x=   0.252, offset_z=   0.802  (mm)
  Detector : dDx=   0.000, dDy=   0.000, dDz=   0.000  (mm)
  Obj Stage rotY :    1.735 deg
============================================================

Unity geometry (world coordinates):
  Source   : x=   8.000, y=  50.000, z=   0.000
  Object   : x=   1.656, y=  23.362, z= 568.981
  Detector : x=  -5.000, y=  10.000, z= 720.000
  Obj rotY :   0.0000 deg
view   0 | SOD= 570.439 mm | SDD= 721.227 mm | M= 1.264 | incident=3.3432°
[[  23.342232   -569.3379      -26.638325  ]
 [ -11.45322     149.93832      13.361675  ]
 [   0.14953141    0.00452985    0.        ]
 [   0.            0.            0.1496    ]]
Residual vector length: 100, Jacobian shape: (100, 6)
view   0 | SOD= 568.489 mm | SDD= 721.227 mm | M= 1.269 | incident=3.3432°
[[  29.796162   -567.0331      -27.666368  ]
 [ -11.226731    151.91484      12.3336315 ]
 [   0.14948657    0.00582458    0.        ]
 [   0.            0.            0.1496    ]]

iter 01 cost=6064.321599 -> 1082.172333 |dtheta|=2.569194e+00  lambda=3.333e-03

============================================================
Iteration 2
============================================================
Theta offsets (Unity frame):
  Source   : dSx=   0.000, dSy=   0.000, dSz=   0.000  (mm)
  Object   : dOx=  -5.607, dOy=  -5.666, dOz=  -9.908  (mm)
  Object offset: offset_x=  -0.089, offset_z=   0.671  (mm)
  Detector : dDx=   0.000, dDy=   0.000, dDz=   0.000  (mm)
  Obj Stage rotY :    2.231 deg
============================================================

Unity geometry (world coordinates):
  Source   : x=   8.000, y=  50.000, z=   0.000
  Object   : x=   0.393, y=  22.334, z= 567.092
  Detector : x=  -5.000, y=  10.000, z= 720.000
  Obj rotY :   0.0000 deg
view   0 | SOD= 568.489 mm | SDD= 721.227 mm | M= 1.269 | incident=3.3432°
[[  29.796162   -567.0331      -27.666368  ]
 [ -11.226731    151.91484      12.3336315 ]
 [   0.14948657    0.00582458    0.        ]
 [   0.            0.            0.1496    ]]
Residual vector length: 100, Jacobian shape: (100, 6)
view   0 | SOD= 566.371 mm | SDD= 721.227 mm | M= 1.273 | incident=3.3432°
[[  45.567333   -563.84503     -27.90161   ]
 [ -15.165383    153.70676      12.098391  ]
 [   0.14927049    0.00992375    0.        ]
 [   0.            0.            0.1496    ]]

iter 02 cost=1082.172333 -> 182.202355 |dtheta|=2.449202e+00  lambda=1.111e-03

============================================================
Iteration 3
============================================================
Theta offsets (Unity frame):
  Source   : dSx=   0.000, dSy=   0.000, dSz=   0.000  (mm)
  Object   : dOx=  -5.877, dOy=  -5.902, dOz= -11.720  (mm)
  Object offset: offset_x=  -0.187, offset_z=   0.346  (mm)
  Detector : dDx=   0.000, dDy=   0.000, dDz=   0.000  (mm)
  Obj Stage rotY :    3.804 deg
============================================================

Unity geometry (world coordinates):
  Source   : x=   8.000, y=  50.000, z=   0.000
  Object   : x=   0.123, y=  22.098, z= 565.280
  Detector : x=  -5.000, y=  10.000, z= 720.000
  Obj rotY :   0.0000 deg
view   0 | SOD= 566.371 mm | SDD= 721.227 mm | M= 1.273 | incident=3.3432°
[[  45.567333   -563.84503     -27.90161   ]
 [ -15.165383    153.70676      12.098391  ]
 [   0.14927049    0.00992375    0.        ]
 [   0.            0.            0.1496    ]]
Residual vector length: 100, Jacobian shape: (100, 6)
view   0 | SOD= 566.376 mm | SDD= 721.227 mm | M= 1.273 | incident=3.3432°
[[  51.72675    -563.3135      -28.001587  ]
 [ -16.858425    153.53035      11.998413  ]
 [   0.14915289    0.01155744    0.        ]
 [   0.            0.            0.1496    ]]

iter 03 cost=182.202355 -> 31.207286 |dtheta|=7.358769e-01  lambda=3.704e-04

============================================================
Iteration 4
============================================================
Theta offsets (Unity frame):
  Source   : dSx=   0.000, dSy=   0.000, dSz=   0.000  (mm)
  Object   : dOx=  -5.982, dOy=  -6.002, dOz= -11.482  (mm)
  Object offset: offset_x=  -0.071, offset_z=   0.108  (mm)
  Detector : dDx=   0.000, dDy=   0.000, dDz=   0.000  (mm)
  Obj Stage rotY :    4.431 deg
============================================================

Unity geometry (world coordinates):
  Source   : x=   8.000, y=  50.000, z=   0.000
  Object   : x=   0.018, y=  21.998, z= 565.518
  Detector : x=  -5.000, y=  10.000, z= 720.000
  Obj rotY :   0.0000 deg
view   0 | SOD= 566.376 mm | SDD= 721.227 mm | M= 1.273 | incident=3.3432°
[[  51.72675    -563.3135      -28.001587  ]
 [ -16.858425    153.53035      11.998413  ]
 [   0.14915289    0.01155744    0.        ]
 [   0.            0.            0.1496    ]]
Residual vector length: 100, Jacobian shape: (100, 6)
view   0 | SOD= 566.308 mm | SDD= 721.227 mm | M= 1.274 | incident=3.3432°
[[  55.223698   -562.9111      -28.033148  ]
 [ -17.792128    153.49501      11.966852  ]
 [   0.1490786     0.01247937    0.        ]
 [   0.            0.            0.1496    ]]

iter 04 cost=31.207286 -> 7.250540 |dtheta|=3.619220e-01  lambda=1.235e-04

============================================================
Iteration 5
============================================================
Theta offsets (Unity frame):
  Source   : dSx=   0.000, dSy=   0.000, dSz=   0.000  (mm)
  Object   : dOx=  -6.013, dOy=  -6.033, dOz= -11.494  (mm)
  Object offset: offset_x=  -0.061, offset_z=   0.050  (mm)
  Detector : dDx=   0.000, dDy=   0.000, dDz=   0.000  (mm)
  Obj Stage rotY :    4.785 deg
============================================================

Unity geometry (world coordinates):
  Source   : x=   8.000, y=  50.000, z=   0.000
  Object   : x=  -0.013, y=  21.967, z= 565.506
  Detector : x=  -5.000, y=  10.000, z= 720.000
  Obj rotY :   0.0000 deg
view   0 | SOD= 566.308 mm | SDD= 721.227 mm | M= 1.274 | incident=3.3432°
[[  55.223698   -562.9111      -28.033148  ]
 [ -17.792128    153.49501      11.966852  ]
 [   0.1490786     0.01247937    0.        ]
 [   0.            0.            0.1496    ]]
Residual vector length: 100, Jacobian shape: (100, 6)
view   0 | SOD= 566.254 mm | SDD= 721.227 mm | M= 1.274 | incident=3.3432°
[[  56.422924   -562.7385      -28.014944  ]
 [ -18.175995    153.50447      11.985056  ]
 [   0.14905064    0.01280881    0.        ]
 [   0.            0.            0.1496    ]]

iter 05 cost=7.250540 -> 2.961925 |dtheta|=1.413604e-01  lambda=4.115e-05

============================================================
Iteration 6
============================================================
Theta offsets (Unity frame):
  Source   : dSx=   0.000, dSy=   0.000, dSz=   0.000  (mm)
  Object   : dOx=  -6.014, dOy=  -6.015, dOz= -11.504  (mm)
  Object offset: offset_x=  -0.020, offset_z=   0.007  (mm)
  Detector : dDx=   0.000, dDy=   0.000, dDz=   0.000  (mm)
  Obj Stage rotY :    4.912 deg
============================================================

Unity geometry (world coordinates):
  Source   : x=   8.000, y=  50.000, z=   0.000
  Object   : x=  -0.014, y=  21.985, z= 565.496
  Detector : x=  -5.000, y=  10.000, z= 720.000
  Obj rotY :   0.0000 deg
view   0 | SOD= 566.254 mm | SDD= 721.227 mm | M= 1.274 | incident=3.3432°
[[  56.422924   -562.7385      -28.014944  ]
 [ -18.175995    153.50447      11.985056  ]
 [   0.14905064    0.01280881    0.        ]
 [   0.            0.            0.1496    ]]
Residual vector length: 100, Jacobian shape: (100, 6)
view   0 | SOD= 566.144 mm | SDD= 721.227 mm | M= 1.274 | incident=3.3432°
[[  56.526066   -562.61743     -28.02086   ]
 [ -18.240444    153.60808      11.979139  ]
 [   0.14904764    0.01284368    0.        ]
 [   0.            0.            0.1496    ]]

iter 06 cost=2.961925 -> 1.557336 |dtheta|=1.016444e-01  lambda=1.372e-05

============================================================
Iteration 7
============================================================
Theta offsets (Unity frame):
  Source   : dSx=   0.000, dSy=   0.000, dSz=   0.000  (mm)
  Object   : dOx=  -6.010, dOy=  -6.021, dOz= -11.603  (mm)
  Object offset: offset_x=  -0.004, offset_z=  -0.004  (mm)
  Detector : dDx=   0.000, dDy=   0.000, dDz=   0.000  (mm)
  Obj Stage rotY :    4.925 deg
============================================================

Unity geometry (world coordinates):
  Source   : x=   8.000, y=  50.000, z=   0.000
  Object   : x=  -0.010, y=  21.979, z= 565.397
  Detector : x=  -5.000, y=  10.000, z= 720.000
  Obj rotY :   0.0000 deg
view   0 | SOD= 566.144 mm | SDD= 721.227 mm | M= 1.274 | incident=3.3432°
[[  56.526066   -562.61743     -28.02086   ]
 [ -18.240444    153.60808      11.979139  ]
 [   0.14904764    0.01284368    0.        ]
 [   0.            0.            0.1496    ]]
Residual vector length: 100, Jacobian shape: (100, 6)
view   0 | SOD= 566.107 mm | SDD= 721.227 mm | M= 1.274 | incident=3.3432°
[[  56.838127   -562.54877     -28.020748  ]
 [ -18.33883     153.63377      11.979252  ]
 [   0.14904025    0.0129291     0.        ]
 [   0.            0.            0.1496    ]]

iter 07 cost=1.557336 -> 1.123218 |dtheta|=5.208164e-02  lambda=4.572e-06

============================================================
Iteration 8
============================================================
Theta offsets (Unity frame):
  Source   : dSx=   0.000, dSy=   0.000, dSz=   0.000  (mm)
  Object   : dOx=  -6.006, dOy=  -6.021, dOz= -11.643  (mm)
  Object offset: offset_x=  -0.001, offset_z=  -0.001  (mm)
  Detector : dDx=   0.000, dDy=   0.000, dDz=   0.000  (mm)
  Obj Stage rotY :    4.958 deg
============================================================

Unity geometry (world coordinates):
  Source   : x=   8.000, y=  50.000, z=   0.000
  Object   : x=  -0.006, y=  21.979, z= 565.357
  Detector : x=  -5.000, y=  10.000, z= 720.000
  Obj rotY :   0.0000 deg
view   0 | SOD= 566.107 mm | SDD= 721.227 mm | M= 1.274 | incident=3.3432°
[[  56.838127   -562.54877     -28.020748  ]
 [ -18.33883     153.63377      11.979252  ]
 [   0.14904025    0.0129291     0.        ]
 [   0.            0.            0.1496    ]]
Residual vector length: 100, Jacobian shape: (100, 6)
view   0 | SOD= 566.029 mm | SDD= 721.227 mm | M= 1.274 | incident=3.3432°
[[  56.928955   -562.4615      -28.0171    ]
 [ -18.370789    153.70813      11.982901  ]
 [   0.14903803    0.01295465    0.        ]
 [   0.            0.            0.1496    ]]

iter 08 cost=1.123218 -> 0.731109 |dtheta|=8.221794e-02  lambda=1.524e-06

============================================================
Iteration 9
============================================================
Theta offsets (Unity frame):
  Source   : dSx=   0.000, dSy=   0.000, dSz=   0.000  (mm)
  Object   : dOx=  -6.009, dOy=  -6.017, dOz= -11.724  (mm)
  Object offset: offset_x=   0.000, offset_z=   0.002  (mm)
  Detector : dDx=   0.000, dDy=   0.000, dDz=   0.000  (mm)
  Obj Stage rotY :    4.968 deg
============================================================

Unity geometry (world coordinates):
  Source   : x=   8.000, y=  50.000, z=   0.000
  Object   : x=  -0.009, y=  21.983, z= 565.276
  Detector : x=  -5.000, y=  10.000, z= 720.000
  Obj rotY :   0.0000 deg
view   0 | SOD= 566.029 mm | SDD= 721.227 mm | M= 1.274 | incident=3.3432°
[[  56.928955   -562.4615      -28.0171    ]
 [ -18.370789    153.70813      11.982901  ]
 [   0.14903803    0.01295465    0.        ]
 [   0.            0.            0.1496    ]]
Residual vector length: 100, Jacobian shape: (100, 6)
view   0 | SOD= 565.990 mm | SDD= 721.227 mm | M= 1.274 | incident=3.3432°
[[  57.214146   -562.3936      -28.01326   ]
 [ -18.453829    153.73721      11.98674   ]
 [   0.14903136    0.01303128    0.        ]
 [   0.            0.            0.1496    ]]

iter 09 cost=0.731109 -> 0.518235 |dtheta|=4.781845e-02  lambda=1.000e-06

============================================================
Iteration 10
============================================================
Theta offsets (Unity frame):
  Source   : dSx=   0.000, dSy=   0.000, dSz=   0.000  (mm)
  Object   : dOx=  -6.010, dOy=  -6.013, dOz= -11.761  (mm)
  Object offset: offset_x=   0.002, offset_z=   0.001  (mm)
  Detector : dDx=   0.000, dDy=   0.000, dDz=   0.000  (mm)
  Obj Stage rotY :    4.997 deg
============================================================

Unity geometry (world coordinates):
  Source   : x=   8.000, y=  50.000, z=   0.000
  Object   : x=  -0.010, y=  21.987, z= 565.239
  Detector : x=  -5.000, y=  10.000, z= 720.000
  Obj rotY :   0.0000 deg
view   0 | SOD= 565.990 mm | SDD= 721.227 mm | M= 1.274 | incident=3.3432°
[[  57.214146   -562.3936      -28.01326   ]
 [ -18.453829    153.73721      11.98674   ]
 [   0.14903136    0.01303128    0.        ]
 [   0.            0.            0.1496    ]]
Residual vector length: 100, Jacobian shape: (100, 6)
view   0 | SOD= 565.973 mm | SDD= 721.227 mm | M= 1.274 | incident=3.3432°
[[  57.17194    -562.38074     -28.0124    ]
 [ -18.44395     153.7556       11.9876    ]
 [   0.14903231    0.01302044    0.        ]
 [   0.            0.            0.1496    ]]

iter 10 cost=0.518235 -> 0.529096 |dtheta|=1.555259e-02  lambda=1.000e-06

============================================================
Iteration 11
============================================================
Theta offsets (Unity frame):
  Source   : dSx=   0.000, dSy=   0.000, dSz=   0.000  (mm)
  Object   : dOx=  -6.010, dOy=  -6.013, dOz= -11.761  (mm)
  Object offset: offset_x=   0.002, offset_z=   0.001  (mm)
  Detector : dDx=   0.000, dDy=   0.000, dDz=   0.000  (mm)
  Obj Stage rotY :    4.997 deg
============================================================

Unity geometry (world coordinates):
  Source   : x=   8.000, y=  50.000, z=   0.000
  Object   : x=  -0.010, y=  21.987, z= 565.239
  Detector : x=  -5.000, y=  10.000, z= 720.000
  Obj rotY :   0.0000 deg
view   0 | SOD= 565.990 mm | SDD= 721.227 mm | M= 1.274 | incident=3.3432°
[[  57.214146   -562.3936      -28.01326   ]
 [ -18.453829    153.73721      11.98674   ]
 [   0.14903136    0.01303128    0.        ]
 [   0.            0.            0.1496    ]]
Residual vector length: 100, Jacobian shape: (100, 6)
view   0 | SOD= 565.973 mm | SDD= 721.227 mm | M= 1.274 | incident=3.3432°
[[  57.17194    -562.38074     -28.0124    ]
 [ -18.44395     153.7556       11.9876    ]
 [   0.14903231    0.01302044    0.        ]
 [   0.            0.            0.1496    ]]

iter 11 cost=0.518235 -> 0.529096 |dtheta|=1.555259e-02  lambda=5.000e-06

============================================================
Iteration 12
============================================================
Theta offsets (Unity frame):
  Source   : dSx=   0.000, dSy=   0.000, dSz=   0.000  (mm)
  Object   : dOx=  -6.010, dOy=  -6.013, dOz= -11.761  (mm)
  Object offset: offset_x=   0.002, offset_z=   0.001  (mm)
  Detector : dDx=   0.000, dDy=   0.000, dDz=   0.000  (mm)
  Obj Stage rotY :    4.997 deg
============================================================

Unity geometry (world coordinates):
  Source   : x=   8.000, y=  50.000, z=   0.000
  Object   : x=  -0.010, y=  21.987, z= 565.239
  Detector : x=  -5.000, y=  10.000, z= 720.000
  Obj rotY :   0.0000 deg
view   0 | SOD= 565.990 mm | SDD= 721.227 mm | M= 1.274 | incident=3.3432°
[[  57.214146   -562.3936      -28.01326   ]
 [ -18.453829    153.73721      11.98674   ]
 [   0.14903136    0.01303128    0.        ]
 [   0.            0.            0.1496    ]]
Residual vector length: 100, Jacobian shape: (100, 6)
view   0 | SOD= 565.973 mm | SDD= 721.227 mm | M= 1.274 | incident=3.3432°
[[  57.17194    -562.38074     -28.0124    ]
 [ -18.44395     153.7556       11.9876    ]
 [   0.14903231    0.01302044    0.        ]
 [   0.            0.            0.1496    ]]

iter 12 cost=0.518235 -> 0.529096 |dtheta|=1.555258e-02  lambda=2.500e-05

============================================================
Iteration 13
============================================================
Theta offsets (Unity frame):
  Source   : dSx=   0.000, dSy=   0.000, dSz=   0.000  (mm)
  Object   : dOx=  -6.010, dOy=  -6.013, dOz= -11.761  (mm)
  Object offset: offset_x=   0.002, offset_z=   0.001  (mm)
  Detector : dDx=   0.000, dDy=   0.000, dDz=   0.000  (mm)
  Obj Stage rotY :    4.997 deg
============================================================

Unity geometry (world coordinates):
  Source   : x=   8.000, y=  50.000, z=   0.000
  Object   : x=  -0.010, y=  21.987, z= 565.239
  Detector : x=  -5.000, y=  10.000, z= 720.000
  Obj rotY :   0.0000 deg
view   0 | SOD= 565.990 mm | SDD= 721.227 mm | M= 1.274 | incident=3.3432°
[[  57.214146   -562.3936      -28.01326   ]
 [ -18.453829    153.73721      11.98674   ]
 [   0.14903136    0.01303128    0.        ]
 [   0.            0.            0.1496    ]]
Residual vector length: 100, Jacobian shape: (100, 6)
view   0 | SOD= 565.973 mm | SDD= 721.227 mm | M= 1.274 | incident=3.3432°
[[  57.17194    -562.38074     -28.0124    ]
 [ -18.44395     153.7556       11.9876    ]
 [   0.14903231    0.01302044    0.        ]
 [   0.            0.            0.1496    ]]

iter 13 cost=0.518235 -> 0.529096 |dtheta|=1.555256e-02  lambda=1.250e-04

============================================================
Iteration 14
============================================================
Theta offsets (Unity frame):
  Source   : dSx=   0.000, dSy=   0.000, dSz=   0.000  (mm)
  Object   : dOx=  -6.010, dOy=  -6.013, dOz= -11.761  (mm)
  Object offset: offset_x=   0.002, offset_z=   0.001  (mm)
  Detector : dDx=   0.000, dDy=   0.000, dDz=   0.000  (mm)
  Obj Stage rotY :    4.997 deg
============================================================

Unity geometry (world coordinates):
  Source   : x=   8.000, y=  50.000, z=   0.000
  Object   : x=  -0.010, y=  21.987, z= 565.239
  Detector : x=  -5.000, y=  10.000, z= 720.000
  Obj rotY :   0.0000 deg
view   0 | SOD= 565.990 mm | SDD= 721.227 mm | M= 1.274 | incident=3.3432°
[[  57.214146   -562.3936      -28.01326   ]
 [ -18.453829    153.73721      11.98674   ]
 [   0.14903136    0.01303128    0.        ]
 [   0.            0.            0.1496    ]]
Residual vector length: 100, Jacobian shape: (100, 6)
view   0 | SOD= 565.973 mm | SDD= 721.227 mm | M= 1.274 | incident=3.3432°
[[  57.17194    -562.38074     -28.0124    ]
 [ -18.44395     153.7556       11.9876    ]
 [   0.14903231    0.01302044    0.        ]
 [   0.            0.            0.1496    ]]

iter 14 cost=0.518235 -> 0.529096 |dtheta|=1.555247e-02  lambda=6.250e-04

============================================================
Iteration 15
============================================================
Theta offsets (Unity frame):
  Source   : dSx=   0.000, dSy=   0.000, dSz=   0.000  (mm)
  Object   : dOx=  -6.010, dOy=  -6.013, dOz= -11.761  (mm)
  Object offset: offset_x=   0.002, offset_z=   0.001  (mm)
  Detector : dDx=   0.000, dDy=   0.000, dDz=   0.000  (mm)
  Obj Stage rotY :    4.997 deg
============================================================

Unity geometry (world coordinates):
  Source   : x=   8.000, y=  50.000, z=   0.000
  Object   : x=  -0.010, y=  21.987, z= 565.239
  Detector : x=  -5.000, y=  10.000, z= 720.000
  Obj rotY :   0.0000 deg
view   0 | SOD= 565.990 mm | SDD= 721.227 mm | M= 1.274 | incident=3.3432°
[[  57.214146   -562.3936      -28.01326   ]
 [ -18.453829    153.73721      11.98674   ]
 [   0.14903136    0.01303128    0.        ]
 [   0.            0.            0.1496    ]]
Residual vector length: 100, Jacobian shape: (100, 6)
view   0 | SOD= 565.973 mm | SDD= 721.227 mm | M= 1.274 | incident=3.3432°
[[  57.171944   -562.38074     -28.0124    ]
 [ -18.44395     153.7556       11.9876    ]
 [   0.14903231    0.01302044    0.        ]
 [   0.            0.            0.1496    ]]

iter 15 cost=0.518235 -> 0.529096 |dtheta|=1.555199e-02  lambda=3.125e-03

============================================================
Iteration 16
============================================================
Theta offsets (Unity frame):
  Source   : dSx=   0.000, dSy=   0.000, dSz=   0.000  (mm)
  Object   : dOx=  -6.010, dOy=  -6.013, dOz= -11.761  (mm)
  Object offset: offset_x=   0.002, offset_z=   0.001  (mm)
  Detector : dDx=   0.000, dDy=   0.000, dDz=   0.000  (mm)
  Obj Stage rotY :    4.997 deg
============================================================

Unity geometry (world coordinates):
  Source   : x=   8.000, y=  50.000, z=   0.000
  Object   : x=  -0.010, y=  21.987, z= 565.239
  Detector : x=  -5.000, y=  10.000, z= 720.000
  Obj rotY :   0.0000 deg
view   0 | SOD= 565.990 mm | SDD= 721.227 mm | M= 1.274 | incident=3.3432°
[[  57.214146   -562.3936      -28.01326   ]
 [ -18.453829    153.73721      11.98674   ]
 [   0.14903136    0.01303128    0.        ]
 [   0.            0.            0.1496    ]]
Residual vector length: 100, Jacobian shape: (100, 6)
view   0 | SOD= 565.973 mm | SDD= 721.227 mm | M= 1.274 | incident=3.3432°
[[  57.171944   -562.38074     -28.0124    ]
 [ -18.44395     153.7556       11.9876    ]
 [   0.14903231    0.01302044    0.        ]
 [   0.            0.            0.1496    ]]

iter 16 cost=0.518235 -> 0.529096 |dtheta|=1.554962e-02  lambda=1.562e-02

============================================================
Iteration 17
============================================================
Theta offsets (Unity frame):
  Source   : dSx=   0.000, dSy=   0.000, dSz=   0.000  (mm)
  Object   : dOx=  -6.010, dOy=  -6.013, dOz= -11.761  (mm)
  Object offset: offset_x=   0.002, offset_z=   0.001  (mm)
  Detector : dDx=   0.000, dDy=   0.000, dDz=   0.000  (mm)
  Obj Stage rotY :    4.997 deg
============================================================

Unity geometry (world coordinates):
  Source   : x=   8.000, y=  50.000, z=   0.000
  Object   : x=  -0.010, y=  21.987, z= 565.239
  Detector : x=  -5.000, y=  10.000, z= 720.000
  Obj rotY :   0.0000 deg
view   0 | SOD= 565.990 mm | SDD= 721.227 mm | M= 1.274 | incident=3.3432°
[[  57.214146   -562.3936      -28.01326   ]
 [ -18.453829    153.73721      11.98674   ]
 [   0.14903136    0.01303128    0.        ]
 [   0.            0.            0.1496    ]]
Residual vector length: 100, Jacobian shape: (100, 6)
view   0 | SOD= 565.973 mm | SDD= 721.227 mm | M= 1.274 | incident=3.3432°
[[  57.171955   -562.38074     -28.012402  ]
 [ -18.443954    153.7556       11.987598  ]
 [   0.14903231    0.01302044    0.        ]
 [   0.            0.            0.1496    ]]

iter 17 cost=0.518235 -> 0.529096 |dtheta|=1.553775e-02  lambda=7.812e-02

============================================================
Iteration 18
============================================================
Theta offsets (Unity frame):
  Source   : dSx=   0.000, dSy=   0.000, dSz=   0.000  (mm)
  Object   : dOx=  -6.010, dOy=  -6.013, dOz= -11.761  (mm)
  Object offset: offset_x=   0.002, offset_z=   0.001  (mm)
  Detector : dDx=   0.000, dDy=   0.000, dDz=   0.000  (mm)
  Obj Stage rotY :    4.997 deg
============================================================

Unity geometry (world coordinates):
  Source   : x=   8.000, y=  50.000, z=   0.000
  Object   : x=  -0.010, y=  21.987, z= 565.239
  Detector : x=  -5.000, y=  10.000, z= 720.000
  Obj rotY :   0.0000 deg
view   0 | SOD= 565.990 mm | SDD= 721.227 mm | M= 1.274 | incident=3.3432°
[[  57.214146   -562.3936      -28.01326   ]
 [ -18.453829    153.73721      11.98674   ]
 [   0.14903136    0.01303128    0.        ]
 [   0.            0.            0.1496    ]]
Residual vector length: 100, Jacobian shape: (100, 6)
view   0 | SOD= 565.973 mm | SDD= 721.227 mm | M= 1.274 | incident=3.3432°
[[  57.172024   -562.3808      -28.012405  ]
 [ -18.443964    153.75554      11.987595  ]
 [   0.14903231    0.01302046    0.        ]
 [   0.            0.            0.1496    ]]

iter 18 cost=0.518235 -> 0.529096 |dtheta|=1.547870e-02  lambda=3.906e-01

============================================================
Iteration 19
============================================================
Theta offsets (Unity frame):
  Source   : dSx=   0.000, dSy=   0.000, dSz=   0.000  (mm)
  Object   : dOx=  -6.010, dOy=  -6.013, dOz= -11.761  (mm)
  Object offset: offset_x=   0.002, offset_z=   0.001  (mm)
  Detector : dDx=   0.000, dDy=   0.000, dDz=   0.000  (mm)
  Obj Stage rotY :    4.997 deg
============================================================

Unity geometry (world coordinates):
  Source   : x=   8.000, y=  50.000, z=   0.000
  Object   : x=  -0.010, y=  21.987, z= 565.239
  Detector : x=  -5.000, y=  10.000, z= 720.000
  Obj rotY :   0.0000 deg
view   0 | SOD= 565.990 mm | SDD= 721.227 mm | M= 1.274 | incident=3.3432°
[[  57.214146   -562.3936      -28.01326   ]
 [ -18.453829    153.73721      11.98674   ]
 [   0.14903136    0.01303128    0.        ]
 [   0.            0.            0.1496    ]]
Residual vector length: 100, Jacobian shape: (100, 6)
view   0 | SOD= 565.973 mm | SDD= 721.227 mm | M= 1.274 | incident=3.3432°
[[  57.172356   -562.381       -28.012426  ]
 [ -18.444017    153.75528      11.987574  ]
 [   0.1490323     0.01302054    0.        ]
 [   0.            0.            0.1496    ]]

iter 19 cost=0.518235 -> 0.529096 |dtheta|=1.519070e-02  lambda=1.953e+00

============================================================
Iteration 20
============================================================
Theta offsets (Unity frame):
  Source   : dSx=   0.000, dSy=   0.000, dSz=   0.000  (mm)
  Object   : dOx=  -6.010, dOy=  -6.013, dOz= -11.761  (mm)
  Object offset: offset_x=   0.002, offset_z=   0.001  (mm)
  Detector : dDx=   0.000, dDy=   0.000, dDz=   0.000  (mm)
  Obj Stage rotY :    4.997 deg
============================================================

Unity geometry (world coordinates):
  Source   : x=   8.000, y=  50.000, z=   0.000
  Object   : x=  -0.010, y=  21.987, z= 565.239
  Detector : x=  -5.000, y=  10.000, z= 720.000
  Obj rotY :   0.0000 deg
view   0 | SOD= 565.990 mm | SDD= 721.227 mm | M= 1.274 | incident=3.3432°
[[  57.214146   -562.3936      -28.01326   ]
 [ -18.453829    153.73721      11.98674   ]
 [   0.14903136    0.01303128    0.        ]
 [   0.            0.            0.1496    ]]
Residual vector length: 100, Jacobian shape: (100, 6)
view   0 | SOD= 565.975 mm | SDD= 721.227 mm | M= 1.274 | incident=3.3432°
[[  57.173893   -562.38214     -28.012518  ]
 [ -18.44425     153.75397      11.987482  ]
 [   0.14903226    0.01302091    0.        ]
 [   0.            0.            0.1496    ]]

iter 20 cost=0.518235 -> 0.522445 |dtheta|=1.391104e-02  lambda=9.766e+00

============================================================
Iteration 21
============================================================
Theta offsets (Unity frame):
  Source   : dSx=   0.000, dSy=   0.000, dSz=   0.000  (mm)
  Object   : dOx=  -6.010, dOy=  -6.013, dOz= -11.761  (mm)
  Object offset: offset_x=   0.002, offset_z=   0.001  (mm)
  Detector : dDx=   0.000, dDy=   0.000, dDz=   0.000  (mm)
  Obj Stage rotY :    4.997 deg
============================================================

Unity geometry (world coordinates):
  Source   : x=   8.000, y=  50.000, z=   0.000
  Object   : x=  -0.010, y=  21.987, z= 565.239
  Detector : x=  -5.000, y=  10.000, z= 720.000
  Obj rotY :   0.0000 deg
view   0 | SOD= 565.990 mm | SDD= 721.227 mm | M= 1.274 | incident=3.3432°
[[  57.214146   -562.3936      -28.01326   ]
 [ -18.453829    153.73721      11.98674   ]
 [   0.14903136    0.01303128    0.        ]
 [   0.            0.            0.1496    ]]
Residual vector length: 100, Jacobian shape: (100, 6)
view   0 | SOD= 565.979 mm | SDD= 721.227 mm | M= 1.274 | incident=3.3432°
[[  57.17948    -562.38574     -28.0128    ]
 [ -18.4452      153.74966      11.9872    ]
 [   0.14903215    0.01302227    0.        ]
 [   0.            0.            0.1496    ]]

iter 21 cost=0.518235 -> 0.527760 |dtheta|=9.955829e-03  lambda=4.883e+01

============================================================
Iteration 22
============================================================
Theta offsets (Unity frame):
  Source   : dSx=   0.000, dSy=   0.000, dSz=   0.000  (mm)
  Object   : dOx=  -6.010, dOy=  -6.013, dOz= -11.761  (mm)
  Object offset: offset_x=   0.002, offset_z=   0.001  (mm)
  Detector : dDx=   0.000, dDy=   0.000, dDz=   0.000  (mm)
  Obj Stage rotY :    4.997 deg
============================================================

Unity geometry (world coordinates):
  Source   : x=   8.000, y=  50.000, z=   0.000
  Object   : x=  -0.010, y=  21.987, z= 565.239
  Detector : x=  -5.000, y=  10.000, z= 720.000
  Obj rotY :   0.0000 deg
view   0 | SOD= 565.990 mm | SDD= 721.227 mm | M= 1.274 | incident=3.3432°
[[  57.214146   -562.3936      -28.01326   ]
 [ -18.453829    153.73721      11.98674   ]
 [   0.14903136    0.01303128    0.        ]
 [   0.            0.            0.1496    ]]
Residual vector length: 100, Jacobian shape: (100, 6)
view   0 | SOD= 565.984 mm | SDD= 721.227 mm | M= 1.274 | incident=3.3432°
[[  57.19163    -562.3902      -28.013144  ]
 [ -18.447886    153.74364      11.986856  ]
 [   0.14903188    0.01302536    0.        ]
 [   0.            0.            0.1496    ]]

iter 22 cost=0.518235 -> 0.535315 |dtheta|=4.771687e-03  lambda=2.441e+02

============================================================
Iteration 23
============================================================
Theta offsets (Unity frame):
  Source   : dSx=   0.000, dSy=   0.000, dSz=   0.000  (mm)
  Object   : dOx=  -6.010, dOy=  -6.013, dOz= -11.761  (mm)
  Object offset: offset_x=   0.002, offset_z=   0.001  (mm)
  Detector : dDx=   0.000, dDy=   0.000, dDz=   0.000  (mm)
  Obj Stage rotY :    4.997 deg
============================================================

Unity geometry (world coordinates):
  Source   : x=   8.000, y=  50.000, z=   0.000
  Object   : x=  -0.010, y=  21.987, z= 565.239
  Detector : x=  -5.000, y=  10.000, z= 720.000
  Obj rotY :   0.0000 deg
view   0 | SOD= 565.990 mm | SDD= 721.227 mm | M= 1.274 | incident=3.3432°
[[  57.214146   -562.3936      -28.01326   ]
 [ -18.453829    153.73721      11.98674   ]
 [   0.14903136    0.01303128    0.        ]
 [   0.            0.            0.1496    ]]
Residual vector length: 100, Jacobian shape: (100, 6)
view   0 | SOD= 565.988 mm | SDD= 721.227 mm | M= 1.274 | incident=3.3432°
[[  57.20507    -562.3924      -28.013256  ]
 [ -18.451443    153.73965      11.986744  ]
 [   0.14903156    0.01302889    0.        ]
 [   0.            0.            0.1496    ]]

iter 23 cost=0.518235 -> 0.530576 |dtheta|=1.871207e-03  lambda=1.221e+03

============================================================
Iteration 24
============================================================
Theta offsets (Unity frame):
  Source   : dSx=   0.000, dSy=   0.000, dSz=   0.000  (mm)
  Object   : dOx=  -6.010, dOy=  -6.013, dOz= -11.761  (mm)
  Object offset: offset_x=   0.002, offset_z=   0.001  (mm)
  Detector : dDx=   0.000, dDy=   0.000, dDz=   0.000  (mm)
  Obj Stage rotY :    4.997 deg
============================================================

Unity geometry (world coordinates):
  Source   : x=   8.000, y=  50.000, z=   0.000
  Object   : x=  -0.010, y=  21.987, z= 565.239
  Detector : x=  -5.000, y=  10.000, z= 720.000
  Obj rotY :   0.0000 deg
view   0 | SOD= 565.990 mm | SDD= 721.227 mm | M= 1.274 | incident=3.3432°
[[  57.214146   -562.3936      -28.01326   ]
 [ -18.453829    153.73721      11.98674   ]
 [   0.14903136    0.01303128    0.        ]
 [   0.            0.            0.1496    ]]
Residual vector length: 100, Jacobian shape: (100, 6)
view   0 | SOD= 565.989 mm | SDD= 721.227 mm | M= 1.274 | incident=3.3432°
[[  57.211758   -562.39325     -28.013262  ]
 [ -18.453241    153.7379       11.986738  ]
 [   0.14903142    0.01303066    0.        ]
 [   0.            0.            0.1496    ]]

iter 24 cost=0.518235 -> 0.510904 |dtheta|=5.401724e-04  lambda=6.104e+03

============================================================
Iteration 25
============================================================
Theta offsets (Unity frame):
  Source   : dSx=   0.000, dSy=   0.000, dSz=   0.000  (mm)
  Object   : dOx=  -6.010, dOy=  -6.013, dOz= -11.762  (mm)
  Object offset: offset_x=   0.002, offset_z=   0.001  (mm)
  Detector : dDx=   0.000, dDy=   0.000, dDz=   0.000  (mm)
  Obj Stage rotY :    4.997 deg
============================================================

Unity geometry (world coordinates):
  Source   : x=   8.000, y=  50.000, z=   0.000
  Object   : x=  -0.010, y=  21.987, z= 565.238
  Detector : x=  -5.000, y=  10.000, z= 720.000
  Obj rotY :   0.0000 deg
view   0 | SOD= 565.989 mm | SDD= 721.227 mm | M= 1.274 | incident=3.3432°
[[  57.211758   -562.39325     -28.013262  ]
 [ -18.453241    153.7379       11.986738  ]
 [   0.14903142    0.01303066    0.        ]
 [   0.            0.            0.1496    ]]
Residual vector length: 100, Jacobian shape: (100, 6)
view   0 | SOD= 565.989 mm | SDD= 721.227 mm | M= 1.274 | incident=3.3432°
[[  57.210922   -562.39294     -28.013393  ]
 [ -18.453285    153.73827      11.986607  ]
 [   0.14903143    0.0130305     0.        ]
 [   0.            0.            0.1496    ]]

iter 25 cost=0.510904 -> 0.520366 |dtheta|=4.729979e-04  lambda=2.035e+03

============================================================
Iteration 26
============================================================
Theta offsets (Unity frame):
  Source   : dSx=   0.000, dSy=   0.000, dSz=   0.000  (mm)
  Object   : dOx=  -6.010, dOy=  -6.013, dOz= -11.762  (mm)
  Object offset: offset_x=   0.002, offset_z=   0.001  (mm)
  Detector : dDx=   0.000, dDy=   0.000, dDz=   0.000  (mm)
  Obj Stage rotY :    4.997 deg
============================================================

Unity geometry (world coordinates):
  Source   : x=   8.000, y=  50.000, z=   0.000
  Object   : x=  -0.010, y=  21.987, z= 565.238
  Detector : x=  -5.000, y=  10.000, z= 720.000
  Obj rotY :   0.0000 deg
view   0 | SOD= 565.989 mm | SDD= 721.227 mm | M= 1.274 | incident=3.3432°
[[  57.211758   -562.39325     -28.013262  ]
 [ -18.453241    153.7379       11.986738  ]
 [   0.14903142    0.01303066    0.        ]
 [   0.            0.            0.1496    ]]
Residual vector length: 100, Jacobian shape: (100, 6)
view   0 | SOD= 565.989 mm | SDD= 721.227 mm | M= 1.274 | incident=3.3432°
[[  57.211517   -562.3932      -28.013306  ]
 [ -18.453255    153.73796      11.986694  ]
 [   0.14903142    0.01303061    0.        ]
 [   0.            0.            0.1496    ]]

iter 26 cost=0.510904 -> 0.506218 |dtheta|=1.333108e-04  lambda=1.017e+04

============================================================
Iteration 27
============================================================
Theta offsets (Unity frame):
  Source   : dSx=   0.000, dSy=   0.000, dSz=   0.000  (mm)
  Object   : dOx=  -6.010, dOy=  -6.013, dOz= -11.762  (mm)
  Object offset: offset_x=   0.002, offset_z=   0.001  (mm)
  Detector : dDx=   0.000, dDy=   0.000, dDz=   0.000  (mm)
  Obj Stage rotY :    4.997 deg
============================================================

Unity geometry (world coordinates):
  Source   : x=   8.000, y=  50.000, z=   0.000
  Object   : x=  -0.010, y=  21.987, z= 565.238
  Detector : x=  -5.000, y=  10.000, z= 720.000
  Obj rotY :   0.0000 deg
view   0 | SOD= 565.989 mm | SDD= 721.227 mm | M= 1.274 | incident=3.3432°
[[  57.211517   -562.3932      -28.013306  ]
 [ -18.453255    153.73796      11.986694  ]
 [   0.14903142    0.01303061    0.        ]
 [   0.            0.            0.1496    ]]
Residual vector length: 100, Jacobian shape: (100, 6)
view   0 | SOD= 565.989 mm | SDD= 721.227 mm | M= 1.274 | incident=3.3432°
[[  57.21189    -562.39294     -28.01347   ]
 [ -18.453928    153.73808      11.98653   ]
 [   0.1490314     0.01303083    0.        ]
 [   0.            0.            0.1496    ]]

iter 27 cost=0.506218 -> 0.512191 |dtheta|=3.833229e-04  lambda=3.391e+03

============================================================
Iteration 28
============================================================
Theta offsets (Unity frame):
  Source   : dSx=   0.000, dSy=   0.000, dSz=   0.000  (mm)
  Object   : dOx=  -6.010, dOy=  -6.013, dOz= -11.762  (mm)
  Object offset: offset_x=   0.002, offset_z=   0.001  (mm)
  Detector : dDx=   0.000, dDy=   0.000, dDz=   0.000  (mm)
  Obj Stage rotY :    4.997 deg
============================================================

Unity geometry (world coordinates):
  Source   : x=   8.000, y=  50.000, z=   0.000
  Object   : x=  -0.010, y=  21.987, z= 565.238
  Detector : x=  -5.000, y=  10.000, z= 720.000
  Obj rotY :   0.0000 deg
view   0 | SOD= 565.989 mm | SDD= 721.227 mm | M= 1.274 | incident=3.3432°
[[  57.211517   -562.3932      -28.013306  ]
 [ -18.453255    153.73796      11.986694  ]
 [   0.14903142    0.01303061    0.        ]
 [   0.            0.            0.1496    ]]
Residual vector length: 100, Jacobian shape: (100, 6)
view   0 | SOD= 565.989 mm | SDD= 721.227 mm | M= 1.274 | incident=3.3432°
[[  57.211563   -562.3931      -28.013353  ]
 [ -18.453419    153.738        11.986647  ]
 [   0.14903142    0.01303066    0.        ]
 [   0.            0.            0.1496    ]]

iter 28 cost=0.506218 -> 0.509778 |dtheta|=1.012456e-04  lambda=1.695e+04

============================================================
Iteration 29
============================================================
Theta offsets (Unity frame):
  Source   : dSx=   0.000, dSy=   0.000, dSz=   0.000  (mm)
  Object   : dOx=  -6.010, dOy=  -6.013, dOz= -11.762  (mm)
  Object offset: offset_x=   0.002, offset_z=   0.001  (mm)
  Detector : dDx=   0.000, dDy=   0.000, dDz=   0.000  (mm)
  Obj Stage rotY :    4.997 deg
============================================================

Unity geometry (world coordinates):
  Source   : x=   8.000, y=  50.000, z=   0.000
  Object   : x=  -0.010, y=  21.987, z= 565.238
  Detector : x=  -5.000, y=  10.000, z= 720.000
  Obj rotY :   0.0000 deg
view   0 | SOD= 565.989 mm | SDD= 721.227 mm | M= 1.274 | incident=3.3432°
[[  57.211517   -562.3932      -28.013306  ]
 [ -18.453255    153.73796      11.986694  ]
 [   0.14903142    0.01303061    0.        ]
 [   0.            0.            0.1496    ]]
Residual vector length: 100, Jacobian shape: (100, 6)
view   0 | SOD= 565.989 mm | SDD= 721.227 mm | M= 1.274 | incident=3.3432°
[[  57.211525   -562.3932      -28.013317  ]
 [ -18.453289    153.73796      11.986683  ]
 [   0.14903142    0.01303062    0.        ]
 [   0.            0.            0.1496    ]]

iter 29 cost=0.506218 -> 0.506218 |dtheta|=2.171580e-05  lambda=8.477e+04

============================================================
Iteration 30
============================================================
Theta offsets (Unity frame):
  Source   : dSx=   0.000, dSy=   0.000, dSz=   0.000  (mm)
  Object   : dOx=  -6.010, dOy=  -6.013, dOz= -11.762  (mm)
  Object offset: offset_x=   0.002, offset_z=   0.001  (mm)
  Detector : dDx=   0.000, dDy=   0.000, dDz=   0.000  (mm)
  Obj Stage rotY :    4.997 deg
============================================================

Unity geometry (world coordinates):
  Source   : x=   8.000, y=  50.000, z=   0.000
  Object   : x=  -0.010, y=  21.987, z= 565.238
  Detector : x=  -5.000, y=  10.000, z= 720.000
  Obj rotY :   0.0000 deg
view   0 | SOD= 565.989 mm | SDD= 721.227 mm | M= 1.274 | incident=3.3432°
[[  57.211517   -562.3932      -28.013306  ]
 [ -18.453255    153.73796      11.986694  ]
 [   0.14903142    0.01303061    0.        ]
 [   0.            0.            0.1496    ]]
Residual vector length: 100, Jacobian shape: (100, 6)
view   0 | SOD= 565.989 mm | SDD= 721.227 mm | M= 1.274 | incident=3.3432°
[[  57.211517   -562.3932      -28.01331   ]
 [ -18.453262    153.73796      11.9866905 ]
 [   0.14903142    0.01303061    0.        ]
 [   0.            0.            0.1496    ]]

iter 30 cost=0.506218 -> 0.506218 |dtheta|=4.407848e-06  lambda=4.239e+05

============================================================
Iteration 31
============================================================
Theta offsets (Unity frame):
  Source   : dSx=   0.000, dSy=   0.000, dSz=   0.000  (mm)
  Object   : dOx=  -6.010, dOy=  -6.013, dOz= -11.762  (mm)
  Object offset: offset_x=   0.002, offset_z=   0.001  (mm)
  Detector : dDx=   0.000, dDy=   0.000, dDz=   0.000  (mm)
  Obj Stage rotY :    4.997 deg
============================================================

Unity geometry (world coordinates):
  Source   : x=   8.000, y=  50.000, z=   0.000
  Object   : x=  -0.010, y=  21.987, z= 565.238
  Detector : x=  -5.000, y=  10.000, z= 720.000
  Obj rotY :   0.0000 deg
view   0 | SOD= 565.989 mm | SDD= 721.227 mm | M= 1.274 | incident=3.3432°
[[  57.211517   -562.3932      -28.013306  ]
 [ -18.453255    153.73796      11.986694  ]
 [   0.14903142    0.01303061    0.        ]
 [   0.            0.            0.1496    ]]
Residual vector length: 100, Jacobian shape: (100, 6)
view   0 | SOD= 565.989 mm | SDD= 721.227 mm | M= 1.274 | incident=3.3432°
[[  57.211517   -562.3932      -28.013308  ]
 [ -18.453259    153.73796      11.986692  ]
 [   0.14903142    0.01303061    0.        ]
 [   0.            0.            0.1496    ]]

iter 31 cost=0.506218 -> 0.506218 |dtheta|=1.872317e-06  lambda=1.000e+06

============================================================
Iteration 32
============================================================
Theta offsets (Unity frame):
  Source   : dSx=   0.000, dSy=   0.000, dSz=   0.000  (mm)
  Object   : dOx=  -6.010, dOy=  -6.013, dOz= -11.762  (mm)
  Object offset: offset_x=   0.002, offset_z=   0.001  (mm)
  Detector : dDx=   0.000, dDy=   0.000, dDz=   0.000  (mm)
  Obj Stage rotY :    4.997 deg
============================================================

Unity geometry (world coordinates):
  Source   : x=   8.000, y=  50.000, z=   0.000
  Object   : x=  -0.010, y=  21.987, z= 565.238
  Detector : x=  -5.000, y=  10.000, z= 720.000
  Obj rotY :   0.0000 deg
view   0 | SOD= 565.989 mm | SDD= 721.227 mm | M= 1.274 | incident=3.3432°
[[  57.211517   -562.3932      -28.013306  ]
 [ -18.453255    153.73796      11.986694  ]
 [   0.14903142    0.01303061    0.        ]
 [   0.            0.            0.1496    ]]
Residual vector length: 100, Jacobian shape: (100, 6)
view   0 | SOD= 565.989 mm | SDD= 721.227 mm | M= 1.274 | incident=3.3432°
[[  57.211517   -562.3932      -28.013308  ]
 [ -18.453259    153.73796      11.986692  ]
 [   0.14903142    0.01303061    0.        ]
 [   0.            0.            0.1496    ]]

iter 32 cost=0.506218 -> 0.506218 |dtheta|=1.872317e-06  lambda=1.000e+06

============================================================
Iteration 33
============================================================
Theta offsets (Unity frame):
  Source   : dSx=   0.000, dSy=   0.000, dSz=   0.000  (mm)
  Object   : dOx=  -6.010, dOy=  -6.013, dOz= -11.762  (mm)
  Object offset: offset_x=   0.002, offset_z=   0.001  (mm)
  Detector : dDx=   0.000, dDy=   0.000, dDz=   0.000  (mm)
  Obj Stage rotY :    4.997 deg
============================================================

Unity geometry (world coordinates):
  Source   : x=   8.000, y=  50.000, z=   0.000
  Object   : x=  -0.010, y=  21.987, z= 565.238
  Detector : x=  -5.000, y=  10.000, z= 720.000
  Obj rotY :   0.0000 deg
view   0 | SOD= 565.989 mm | SDD= 721.227 mm | M= 1.274 | incident=3.3432°
[[  57.211517   -562.3932      -28.013306  ]
 [ -18.453255    153.73796      11.986694  ]
 [   0.14903142    0.01303061    0.        ]
 [   0.            0.            0.1496    ]]
Residual vector length: 100, Jacobian shape: (100, 6)
view   0 | SOD= 565.989 mm | SDD= 721.227 mm | M= 1.274 | incident=3.3432°
[[  57.211517   -562.3932      -28.013308  ]
 [ -18.453259    153.73796      11.986692  ]
 [   0.14903142    0.01303061    0.        ]
 [   0.            0.            0.1496    ]]

iter 33 cost=0.506218 -> 0.506218 |dtheta|=1.872317e-06  lambda=1.000e+06

============================================================
Iteration 34
============================================================
Theta offsets (Unity frame):
  Source   : dSx=   0.000, dSy=   0.000, dSz=   0.000  (mm)
  Object   : dOx=  -6.010, dOy=  -6.013, dOz= -11.762  (mm)
  Object offset: offset_x=   0.002, offset_z=   0.001  (mm)
  Detector : dDx=   0.000, dDy=   0.000, dDz=   0.000  (mm)
  Obj Stage rotY :    4.997 deg
============================================================

Unity geometry (world coordinates):
  Source   : x=   8.000, y=  50.000, z=   0.000
  Object   : x=  -0.010, y=  21.987, z= 565.238
  Detector : x=  -5.000, y=  10.000, z= 720.000
  Obj rotY :   0.0000 deg
view   0 | SOD= 565.989 mm | SDD= 721.227 mm | M= 1.274 | incident=3.3432°
[[  57.211517   -562.3932      -28.013306  ]
 [ -18.453255    153.73796      11.986694  ]
 [   0.14903142    0.01303061    0.        ]
 [   0.            0.            0.1496    ]]
Residual vector length: 100, Jacobian shape: (100, 6)
view   0 | SOD= 565.989 mm | SDD= 721.227 mm | M= 1.274 | incident=3.3432°
[[  57.211517   -562.3932      -28.013308  ]
 [ -18.453259    153.73796      11.986692  ]
 [   0.14903142    0.01303061    0.        ]
 [   0.            0.            0.1496    ]]

iter 34 cost=0.506218 -> 0.506218 |dtheta|=1.872317e-06  lambda=1.000e+06

============================================================
Iteration 35
============================================================
Theta offsets (Unity frame):
  Source   : dSx=   0.000, dSy=   0.000, dSz=   0.000  (mm)
  Object   : dOx=  -6.010, dOy=  -6.013, dOz= -11.762  (mm)
  Object offset: offset_x=   0.002, offset_z=   0.001  (mm)
  Detector : dDx=   0.000, dDy=   0.000, dDz=   0.000  (mm)
  Obj Stage rotY :    4.997 deg
============================================================

Unity geometry (world coordinates):
  Source   : x=   8.000, y=  50.000, z=   0.000
  Object   : x=  -0.010, y=  21.987, z= 565.238
  Detector : x=  -5.000, y=  10.000, z= 720.000
  Obj rotY :   0.0000 deg
view   0 | SOD= 565.989 mm | SDD= 721.227 mm | M= 1.274 | incident=3.3432°
[[  57.211517   -562.3932      -28.013306  ]
 [ -18.453255    153.73796      11.986694  ]
 [   0.14903142    0.01303061    0.        ]
 [   0.            0.            0.1496    ]]
Residual vector length: 100, Jacobian shape: (100, 6)
view   0 | SOD= 565.989 mm | SDD= 721.227 mm | M= 1.274 | incident=3.3432°
[[  57.211517   -562.3932      -28.013308  ]
 [ -18.453259    153.73796      11.986692  ]
 [   0.14903142    0.01303061    0.        ]
 [   0.            0.            0.1496    ]]

iter 35 cost=0.506218 -> 0.506218 |dtheta|=1.872317e-06  lambda=1.000e+06

============================================================
Iteration 36
============================================================
Theta offsets (Unity frame):
  Source   : dSx=   0.000, dSy=   0.000, dSz=   0.000  (mm)
  Object   : dOx=  -6.010, dOy=  -6.013, dOz= -11.762  (mm)
  Object offset: offset_x=   0.002, offset_z=   0.001  (mm)
  Detector : dDx=   0.000, dDy=   0.000, dDz=   0.000  (mm)
  Obj Stage rotY :    4.997 deg
============================================================

Unity geometry (world coordinates):
  Source   : x=   8.000, y=  50.000, z=   0.000
  Object   : x=  -0.010, y=  21.987, z= 565.238
  Detector : x=  -5.000, y=  10.000, z= 720.000
  Obj rotY :   0.0000 deg
view   0 | SOD= 565.989 mm | SDD= 721.227 mm | M= 1.274 | incident=3.3432°
[[  57.211517   -562.3932      -28.013306  ]
 [ -18.453255    153.73796      11.986694  ]
 [   0.14903142    0.01303061    0.        ]
 [   0.            0.            0.1496    ]]
Residual vector length: 100, Jacobian shape: (100, 6)
view   0 | SOD= 565.989 mm | SDD= 721.227 mm | M= 1.274 | incident=3.3432°
[[  57.211517   -562.3932      -28.013308  ]
 [ -18.453259    153.73796      11.986692  ]
 [   0.14903142    0.01303061    0.        ]
 [   0.            0.            0.1496    ]]

iter 36 cost=0.506218 -> 0.506218 |dtheta|=1.872317e-06  lambda=1.000e+06

============================================================
Iteration 37
============================================================
Theta offsets (Unity frame):
  Source   : dSx=   0.000, dSy=   0.000, dSz=   0.000  (mm)
  Object   : dOx=  -6.010, dOy=  -6.013, dOz= -11.762  (mm)
  Object offset: offset_x=   0.002, offset_z=   0.001  (mm)
  Detector : dDx=   0.000, dDy=   0.000, dDz=   0.000  (mm)
  Obj Stage rotY :    4.997 deg
============================================================

Unity geometry (world coordinates):
  Source   : x=   8.000, y=  50.000, z=   0.000
  Object   : x=  -0.010, y=  21.987, z= 565.238
  Detector : x=  -5.000, y=  10.000, z= 720.000
  Obj rotY :   0.0000 deg
view   0 | SOD= 565.989 mm | SDD= 721.227 mm | M= 1.274 | incident=3.3432°
[[  57.211517   -562.3932      -28.013306  ]
 [ -18.453255    153.73796      11.986694  ]
 [   0.14903142    0.01303061    0.        ]
 [   0.            0.            0.1496    ]]
Residual vector length: 100, Jacobian shape: (100, 6)
view   0 | SOD= 565.989 mm | SDD= 721.227 mm | M= 1.274 | incident=3.3432°
[[  57.211517   -562.3932      -28.013308  ]
 [ -18.453259    153.73796      11.986692  ]
 [   0.14903142    0.01303061    0.        ]
 [   0.            0.            0.1496    ]]

iter 37 cost=0.506218 -> 0.506218 |dtheta|=1.872317e-06  lambda=1.000e+06
Stalled.

Estimated theta:
  dSx: +0.000000
  dSy: +0.000000
  dOx: -6.009884
  dOy: -6.013306
  dOz: -11.761574
  dDx: +0.000000
  dDy: +0.000000
  dDz: +0.000000
alpha: +4.996968e+00 deg)
offset_x: +0.001962
offset_z: +0.000588

Final cost table:
Fake theta: [  0.   0.  -6.  -6. -12.   0.   0.   0.   5.   0.   0.]
Final estimated theta: [  0.           0.          -6.00988358  -6.01330621 -11.76157445
   0.           0.           0.           4.99696819   0.00196182
   0.00058797]
Diff from Expected: [ 0.          0.         -0.00988358 -0.01330621  0.23842555  0.
  0.          0.         -0.00303181  0.00196182  0.00058797]
################################################################################

