Phantom already exists, skipping: cuboid_phantom_4_normal.npy

################################################################################
Running cuboid=normal scenario=G4 N_ANGLES=90, K=4
view   0 | SOD= 568.374 mm | SDD= 691.050 mm | M= 1.216 | incident=3.1588°
[[  24.733675   -567.4833      -20.        ]
 [   3.6013086   122.35616      15.        ]
 [   0.14939497    0.00782946    0.        ]
 [   0.            0.            0.1496    ]]
           image          x1         y1  area1          x2          y2  area2          x3          y3  area3          x4          y4  area4
0   proj_000.png  470.178893  86.945946    777  361.537190  234.592287    726  478.393678  375.066092    696  470.210390  539.076623    770
1   proj_001.png  460.000000  86.856960    783  362.500000  234.574176    728  486.235890  375.361795    691  459.998710  539.327742    775
2   proj_002.png  449.622423  86.885309    776  363.669903  234.509015    721  493.983918  375.567251    684  449.564103  539.552564    780
3   proj_003.png  439.000000  86.856960    783  365.208044  234.442441    721  501.442167  375.897511    683  438.966408  539.742894    774
4   proj_004.png  428.354592  86.848214    784  366.875872  234.404463    717  508.458150  376.129222    681  428.307593  539.833977    777
5   proj_005.png  417.511421  86.785533    788  368.726891  234.301120    714  515.000000  376.500000    682  417.594629  539.795396    782
6   proj_006.png  406.804847  86.844388    784  371.001397  234.250000    716  521.149852  376.906528    674  406.781210  539.806950    777
7   proj_007.png  396.079284  86.886189    782  373.406425  234.293296    716  526.789165  377.219619    683  396.033592  539.713178    774
8   proj_008.png  385.500000  86.851282    780  375.932867  234.145455    715  531.982583  377.671988    689  385.503193  539.544061    783
9   proj_009.png  375.069320  86.852375    779  378.752420  234.081604    723  536.635447  378.038905    694  375.059355  539.313548    775
10  proj_010.png  364.916452  86.890746    778  381.724897  234.000000    727  540.665242  378.464387    702  364.857875  539.040973    781
11  proj_011.png  355.000000  86.924968    773  384.955923  233.979339    726  544.129078  378.873759    705  354.958710  538.731613    775
12  proj_012.png  345.347938  87.000000    776  388.311544  233.849791    719  547.018440  379.448227    705  345.392535  538.266409    777
13  proj_013.png  336.232558  87.083979    774  391.688982  233.808926    717  549.324022  379.815642    716  336.211340  537.911082    776
14  proj_014.png  327.470361  87.114691    776  395.391911  233.722455    717  550.901389  380.305556    720  327.520513  537.258974    780
15  proj_015.png  319.183938  87.218912    772  399.019364  233.782849    723  551.983562  380.752055    730  319.187339  536.863049    774
16  proj_016.png  311.463918  87.332474    776  402.731198  233.795265    718  552.274216  381.321965    733  311.447471  536.119326    771
17  proj_017.png  304.219895  87.361257    764  406.572626  233.713687    716  551.958051  381.757781    739  304.198960  535.527958    769
18  proj_018.png  297.666667  87.590850    765  410.539216  233.724090    714  551.091275  382.212081    745  297.628088  534.920676    769
19  proj_019.png  291.661376  87.763228    756  414.479606  233.772152    711  549.432796  382.705645    744  291.629921  534.094488    762
20  proj_020.png  286.297082  87.820955    754  418.431564  233.722067    716  547.213904  383.141711    748  286.257596  533.297226    757
21  proj_021.png  281.622340  87.925532    752  422.431564  233.722067    716  544.258713  383.627346    746  281.712951  532.580774    749
22  proj_022.png  277.647530  88.038718    749  426.359551  233.721910    712  540.712766  384.045213    752  277.663539  531.760054    746
23  proj_023.png  274.385235  88.120805    745  430.317483  233.682517    715  536.653743  384.569519    748  274.389558  530.914324    747
24  proj_024.png  271.873144  88.215924    741  434.046025  233.785216    717  531.801316  384.952632    760  271.867114  530.034899    745
25  proj_025.png  270.029891  88.395380    736  437.867318  233.840782    716  526.409211  385.207895    760  270.027137  529.223881    737
26  proj_026.png  268.929059  88.548431    733  441.493706  233.802797    715  520.460938  385.819010    768  268.947083  528.359566    737
27  proj_027.png  268.586445  88.609959    723  445.044383  233.855756    721  514.105744  386.090078    766  268.575172  527.474483    725
28  proj_028.png  268.962707  88.772099    724  448.465374  233.896122    722  507.093506  386.372727    770  268.887052  526.625344    726
29  proj_029.png  270.000000  88.844228    719  451.812155  233.979282    724  499.686375  386.822622    778  269.983333  525.741667    720
30  proj_030.png  271.777933  89.065642    716  454.887208  234.071527    727  491.885309  386.965206    776  271.712291  524.917598    716
31  proj_031.png  274.331445  89.161473    706  457.770083  234.070637    722  483.749676  387.168612    771  274.308782  524.135977    706
32  proj_032.png  277.444602  89.237216    704  460.547850  234.195562    721  475.010270  387.482670    779  277.423513  523.259207    706
33  proj_033.png  281.195122  89.414634    697  463.140496  234.230028    726  466.175192  387.673913    782  281.270000  522.500000    700
34  proj_034.png  285.752161  89.500000    694  465.468793  234.302358    721  457.081186  387.835052    776  285.780488  521.738881    697
35  proj_035.png  290.916788  89.667153    685  467.529086  234.376731    722  447.783784  387.962677    777  290.832117  520.994161    685
36  proj_036.png  296.478770  89.787701    683  469.431129  234.431129    726  438.167949  388.019231    780  296.469477  520.250000    688
37  proj_037.png  302.736377  89.854197    679  471.015257  234.453537    721  428.636364  388.074264    781  302.784141  519.690162    681
38  proj_038.png  309.525148  89.906805    676  472.374131  234.542420    719  418.983418  388.082908    784  309.552437  519.002954    677
39  proj_039.png  316.901639  90.038748    671  473.520111  234.617198    721  409.405612  388.010204    784  316.805926  518.423704    675
40  proj_040.png  324.506647  90.059084    677  474.354659  234.649513    719  399.718310  388.044814    781  324.553756  517.852725    679
41  proj_041.png  332.680000  90.158519    675  474.902204  234.746556    726  390.250000  387.933333    780  332.655325  517.375740    676
42  proj_042.png  341.213018  90.190828    676  475.107629  234.878747    734  380.843590  387.828205    780  341.185567  516.944035    679
43  proj_043.png  350.070175  90.293860    684  475.224044  234.941257    732  371.729032  387.757419    775  350.071118  516.552975    689
44  proj_044.png  359.037681  90.363768    690  474.945726  235.000000    737  362.848052  387.459740    770  359.123367  516.175617    689
45  proj_045.png  368.542446  90.397122    695  474.395918  235.072109    735  354.134289  387.219035    767  368.539017  515.966763    692
46  proj_046.png  378.137283  90.403179    692  473.529172  235.143826    737  345.937913  386.939234    757  378.125360  515.629683    694
47  proj_047.png  388.026087  90.426087    690  472.422920  235.218281    733  337.981132  386.778976    742  388.028902  515.427746    692
48  proj_048.png  398.000000  90.500000    690  470.984993  235.351978    733  330.398915  386.484396    737  398.011561  515.349711    692
49  proj_049.png  408.008683  90.438495    691  469.422497  235.412894    729  323.369919  386.039295    738  408.048991  515.282421    694
50  proj_050.png  418.085260  90.472543    692  467.506156  235.480164    731  316.894952  385.701228    733  418.164993  515.239598    697
51  proj_051.png  428.145533  90.472622    694  465.460274  235.500000    730  310.707819  385.358025    729  428.149059  515.273517    691
52  proj_052.png  438.203730  90.492109    697  463.000000  235.573171    738  305.286301  384.934247    730  438.189655  515.362069    696
53  proj_053.png  448.089595  90.468208    692  460.437838  235.632432    740  300.435440  384.471154    728  448.080808  515.487734    693
54  proj_054.png  458.000000  90.382948    692  457.587919  235.706040    745  296.013624  384.085831    734  458.001445  515.723988    692
55  proj_055.png  467.672938  90.419682    691  454.645806  235.769640    751  292.352941  383.575923    731  467.658960  515.997110    692
56  proj_056.png  477.080460  90.362069    696  451.429708  235.791777    754  289.246594  383.133515    734  477.050360  516.353957    695
57  proj_057.png  486.200288  90.260807    694  448.050398  235.855438    754  286.783265  382.676269    729  486.220947  516.657102    697
58  proj_058.png  495.069565  90.252174    690  444.516600  235.916335    753  285.038462  382.248626    728  495.121387  517.154624    692
59  proj_059.png  503.565903  90.087393    698  440.898417  235.920844    758  283.907104  381.734973    732  503.599150  517.519830    706
60  proj_060.png  511.664275  90.043042    697  437.098143  235.946950    754  283.492435  381.389271    727  511.654286  518.078571    700
61  proj_061.png  519.500000  90.000000    698  433.228232  235.944591    758  283.666667  380.736626    729  519.384181  518.610169    708
62  proj_062.png  526.565527  89.868946    702  429.260292  236.000000    753  284.462707  380.407459    724  526.631876  519.279267    709
63  proj_063.png  533.431206  89.765957    705  425.282869  235.984064    753  285.997249  379.819807    727  533.408192  519.762712    708
64  proj_064.png  539.646393  89.690240    707  421.267023  236.000000    749  288.079277  379.353268    719  539.597183  520.500000    710
65  proj_065.png  545.259831  89.602528    712  417.177719  235.962865    754  290.742739  378.910097    723  545.298172  521.285513    711
66  proj_066.png  550.324476  89.482517    715  413.132802  235.970784    753  294.250700  378.464986    714  550.359046  521.978962    713
67  proj_067.png  554.730715  89.378682    713  409.131126  235.973510    755  298.042076  378.042076    713  554.682517  522.682517    715
68  proj_068.png  558.538997  89.307799    718  405.082228  235.984085    754  302.566248  377.633194    717  558.534626  523.574792    722
69  proj_069.png  561.616992  89.210306    718  401.212000  235.926667    750  307.594937  377.232068    711  561.626039  524.373961    722
70  proj_070.png  564.000000  89.000000    725  397.318242  235.930759    751  313.148096  376.833568    709  564.015152  525.224518    726
71  proj_071.png  565.823448  88.871724    725  393.643236  235.877984    754  319.197740  376.481638    708  565.824658  526.030137    730
72  proj_072.png  566.905089  88.709766    727  390.041114  235.883289    754  325.496474  376.210155    709  566.868493  526.867123    730
73  proj_073.png  567.109890  88.611264    728  386.536939  235.874670    758  332.489331  375.899004    703  567.158038  527.730245    734
74  proj_074.png  566.783562  88.479452    730  383.219868  235.793377    755  339.765537  375.600282    708  566.795362  528.582538    733
75  proj_075.png  565.576923  88.440934    728  380.091633  235.673307    753  347.361582  375.361582    708  565.563187  529.468407    728
76  proj_076.png  563.717421  88.278464    729  377.146471  235.659121    751  355.390870  375.141227    701  563.656164  530.390411    730
77  proj_077.png  561.159184  88.108844    735  374.410256  235.615385    741  363.545064  374.922747    699  561.150815  531.220109    736
78  proj_078.png  557.817439  87.982289    734  371.868633  235.500000    746  372.068966  374.650862    696  557.830853  532.037889    739
79  proj_079.png  553.784741  87.929155    734  369.578019  235.451832    737  380.766714  374.654339    703  553.778378  532.886486    740
80  proj_080.png  549.088195  87.712347    737  367.528533  235.432065    736  389.566952  374.521368    702  549.082993  533.606803    735
81  proj_081.png  543.649864  87.614441    734  365.668027  235.390476    735  398.598011  374.424716    704  543.644809  534.346995    732
82  proj_082.png  537.559508  87.507524    731  364.165986  235.270748    735  407.671875  374.379261    704  537.617886  535.042005    738
83  proj_083.png  531.009498  87.408412    737  362.912329  235.194521    730  416.723647  374.408832    702  530.981055  535.718539    739
84  proj_084.png  523.821622  87.355405    740  361.892224  235.053206    733  425.770000  374.415714    700  523.805405  536.471622    740
85  proj_085.png  515.931359  87.216689    743  361.115804  235.047684    734  434.912607  374.411175    698  515.930574  536.959947    749
86  proj_086.png  507.675567  87.180240    749  360.725275  234.945055    728  443.912732  374.497854    699  507.693548  537.572581    744
87  proj_087.png  498.806109  87.091633    753  360.504801  234.828532    729  452.827834  374.608321    697  498.791777  538.005305    754
88  proj_088.png  489.551905  87.017083    761  360.500000  234.766484    728  461.550933  374.744620    697  489.664021  538.343915    756
89  proj_089.png  480.082581  86.971613    775  360.841816  234.723521    727  470.100145  374.899855    689  480.082031  538.769531    768

============================================================
Iteration 0
============================================================
Theta offsets (Unity frame):
  Source   : dSx=   0.000, dSy=   0.000, dSz=   0.000  (mm)
  Object   : dOx=   0.000, dOy=   0.000, dOz=   0.000  (mm)
  Object offset: offset_x=   0.000, offset_z=   0.000  (mm)
  Detector : dDx=   0.000, dDy=   0.000, dDz=   0.000  (mm)
  Obj Stage rotY :    0.000 deg
============================================================

Unity geometry (world coordinates):
  Source   : x=  -5.000, y=  38.000, z=   0.000
  Object   : x=   7.000, y=  20.000, z= 576.000
  Detector : x=  10.000, y=   3.000, z= 690.000
  Obj rotY :   0.0000 deg
view   0 | SOD= 576.406 mm | SDD= 691.050 mm | M= 1.199 | incident=3.1588°
[[ -12.     -576.      -18.    ]
 [   3.      114.       17.    ]
 [   0.1496    0.        0.    ]
 [   0.        0.        0.1496]]
Residual vector length: 1260, Jacobian shape: (1260, 6)
view   0 | SOD= 574.062 mm | SDD= 691.050 mm | M= 1.204 | incident=3.1588°
[[   4.208312   -573.71533     -19.50174   ]
 [   5.8766294   116.44567      15.4982605 ]
 [   0.14957209    0.00288986    0.        ]
 [   0.            0.            0.1496    ]]

iter 00 cost=631514.253858 -> 52384.465571 |dtheta|=5.869576e+00  lambda=1.000e-02

============================================================
Iteration 1
============================================================
Theta offsets (Unity frame):
  Source   : dSx=   0.000, dSy=   0.000, dSz=   0.000  (mm)
  Object   : dOx=  -5.096, dOy=  -1.502, dOz=  -2.235  (mm)
  Object offset: offset_x=  -0.029, offset_z=  -0.076  (mm)
  Detector : dDx=   0.000, dDy=   0.000, dDz=   0.000  (mm)
  Obj Stage rotY :    1.107 deg
============================================================

Unity geometry (world coordinates):
  Source   : x=  -5.000, y=  38.000, z=   0.000
  Object   : x=   1.904, y=  18.498, z= 573.765
  Detector : x=  10.000, y=   3.000, z= 690.000
  Obj rotY :   0.0000 deg
view   0 | SOD= 574.062 mm | SDD= 691.050 mm | M= 1.204 | incident=3.1588°
[[   4.208312   -573.71533     -19.50174   ]
 [   5.8766294   116.44567      15.4982605 ]
 [   0.14957209    0.00288986    0.        ]
 [   0.            0.            0.1496    ]]
Residual vector length: 1260, Jacobian shape: (1260, 6)
view   0 | SOD= 572.503 mm | SDD= 691.050 mm | M= 1.207 | incident=3.1588°
[[  16.514502   -571.91754     -19.921944  ]
 [   5.0190544   118.149765     15.078056  ]
 [   0.14948976    0.00574212    0.        ]
 [   0.            0.            0.1496    ]]

iter 01 cost=52384.465571 -> 4980.396439 |dtheta|=2.493970e+00  lambda=3.333e-03

============================================================
Iteration 2
============================================================
Theta offsets (Unity frame):
  Source   : dSx=   0.000, dSy=   0.000, dSz=   0.000  (mm)
  Object   : dOx=  -6.519, dOy=  -1.922, dOz=  -3.912  (mm)
  Object offset: offset_x=  -0.032, offset_z=   0.041  (mm)
  Detector : dDx=   0.000, dDy=   0.000, dDz=   0.000  (mm)
  Obj Stage rotY :    2.200 deg
============================================================

Unity geometry (world coordinates):
  Source   : x=  -5.000, y=  38.000, z=   0.000
  Object   : x=   0.481, y=  18.078, z= 572.088
  Detector : x=  10.000, y=   3.000, z= 690.000
  Obj rotY :   0.0000 deg
view   0 | SOD= 572.503 mm | SDD= 691.050 mm | M= 1.207 | incident=3.1588°
[[  16.514502   -571.91754     -19.921944  ]
 [   5.0190544   118.149765     15.078056  ]
 [   0.14948976    0.00574212    0.        ]
 [   0.            0.            0.1496    ]]
Residual vector length: 1260, Jacobian shape: (1260, 6)
view   0 | SOD= 571.227 mm | SDD= 691.050 mm | M= 1.210 | incident=3.1588°
[[  21.104895   -570.48566     -20.030594  ]
 [   4.4318905   119.47594      14.969406  ]
 [   0.14944246    0.00686365    0.        ]
 [   0.            0.            0.1496    ]]

iter 02 cost=4980.396439 -> 1019.187768 |dtheta|=1.384018e+00  lambda=1.111e-03

============================================================
Iteration 3
============================================================
Theta offsets (Unity frame):
  Source   : dSx=   0.000, dSy=   0.000, dSz=   0.000  (mm)
  Object   : dOx=  -6.882, dOy=  -2.031, dOz=  -5.171  (mm)
  Object offset: offset_x=  -0.027, offset_z=   0.024  (mm)
  Detector : dDx=   0.000, dDy=   0.000, dDz=   0.000  (mm)
  Obj Stage rotY :    2.630 deg
============================================================

Unity geometry (world coordinates):
  Source   : x=  -5.000, y=  38.000, z=   0.000
  Object   : x=   0.118, y=  17.969, z= 570.829
  Detector : x=  10.000, y=   3.000, z= 690.000
  Obj rotY :   0.0000 deg
view   0 | SOD= 571.227 mm | SDD= 691.050 mm | M= 1.210 | incident=3.1588°
[[  21.104895   -570.48566     -20.030594  ]
 [   4.4318905   119.47594      14.969406  ]
 [   0.14944246    0.00686365    0.        ]
 [   0.            0.            0.1496    ]]
Residual vector length: 1260, Jacobian shape: (1260, 6)
view   0 | SOD= 570.323 mm | SDD= 691.050 mm | M= 1.212 | incident=3.1588°
[[  23.154066   -569.5001      -20.048397  ]
 [   4.0323405   120.39796      14.951603  ]
 [   0.14941716    0.00739401    0.        ]
 [   0.            0.            0.1496    ]]

iter 03 cost=1019.187768 -> 385.959099 |dtheta|=9.189022e-01  lambda=3.704e-04

============================================================
Iteration 4
============================================================
Theta offsets (Unity frame):
  Source   : dSx=   0.000, dSy=   0.000, dSz=   0.000  (mm)
  Object   : dOx=  -6.960, dOy=  -2.048, dOz=  -6.064  (mm)
  Object offset: offset_x=  -0.018, offset_z=   0.012  (mm)
  Detector : dDx=   0.000, dDy=   0.000, dDz=   0.000  (mm)
  Obj Stage rotY :    2.833 deg
============================================================

Unity geometry (world coordinates):
  Source   : x=  -5.000, y=  38.000, z=   0.000
  Object   : x=   0.040, y=  17.952, z= 569.936
  Detector : x=  10.000, y=   3.000, z= 690.000
  Obj rotY :   0.0000 deg
view   0 | SOD= 570.323 mm | SDD= 691.050 mm | M= 1.212 | incident=3.1588°
[[  23.154066   -569.5001      -20.048397  ]
 [   4.0323405   120.39796      14.951603  ]
 [   0.14941716    0.00739401    0.        ]
 [   0.            0.            0.1496    ]]
Residual vector length: 1260, Jacobian shape: (1260, 6)
view   0 | SOD= 569.763 mm | SDD= 691.050 mm | M= 1.213 | incident=3.1588°
[[  24.204683   -568.89594     -20.042343  ]
 [   3.793732    120.9652       14.957657  ]
 [   0.14940308    0.00767322    0.        ]
 [   0.            0.            0.1496    ]]

iter 04 cost=385.959099 -> 182.574594 |dtheta|=5.689967e-01  lambda=1.235e-04

============================================================
Iteration 5
============================================================
Theta offsets (Unity frame):
  Source   : dSx=   0.000, dSy=   0.000, dSz=   0.000  (mm)
  Object   : dOx=  -6.985, dOy=  -2.042, dOz=  -6.622  (mm)
  Object offset: offset_x=  -0.009, offset_z=   0.010  (mm)
  Detector : dDx=   0.000, dDy=   0.000, dDz=   0.000  (mm)
  Obj Stage rotY :    2.940 deg
============================================================

Unity geometry (world coordinates):
  Source   : x=  -5.000, y=  38.000, z=   0.000
  Object   : x=   0.015, y=  17.958, z= 569.378
  Detector : x=  10.000, y=   3.000, z= 690.000
  Obj rotY :   0.0000 deg
view   0 | SOD= 569.763 mm | SDD= 691.050 mm | M= 1.213 | incident=3.1588°
[[  24.204683   -568.89594     -20.042343  ]
 [   3.793732    120.9652       14.957657  ]
 [   0.14940308    0.00767322    0.        ]
 [   0.            0.            0.1496    ]]
Residual vector length: 1260, Jacobian shape: (1260, 6)
view   0 | SOD= 569.378 mm | SDD= 691.050 mm | M= 1.214 | incident=3.1588°
[[  24.508177   -568.49725     -20.034918  ]
 [   3.711179    121.35236      14.965082  ]
 [   0.14939876    0.00775683    0.        ]
 [   0.            0.            0.1496    ]]

iter 05 cost=182.574594 -> 97.529642 |dtheta|=3.826577e-01  lambda=4.115e-05

============================================================
Iteration 6
============================================================
Theta offsets (Unity frame):
  Source   : dSx=   0.000, dSy=   0.000, dSz=   0.000  (mm)
  Object   : dOx=  -6.992, dOy=  -2.035, dOz=  -7.003  (mm)
  Object offset: offset_x=  -0.007, offset_z=   0.006  (mm)
  Detector : dDx=   0.000, dDy=   0.000, dDz=   0.000  (mm)
  Obj Stage rotY :    2.972 deg
============================================================

Unity geometry (world coordinates):
  Source   : x=  -5.000, y=  38.000, z=   0.000
  Object   : x=   0.008, y=  17.965, z= 568.997
  Detector : x=  10.000, y=   3.000, z= 690.000
  Obj rotY :   0.0000 deg
view   0 | SOD= 569.378 mm | SDD= 691.050 mm | M= 1.214 | incident=3.1588°
[[  24.508177   -568.49725     -20.034918  ]
 [   3.711179    121.35236      14.965082  ]
 [   0.14939876    0.00775683    0.        ]
 [   0.            0.            0.1496    ]]
Residual vector length: 1260, Jacobian shape: (1260, 6)
view   0 | SOD= 569.122 mm | SDD= 691.050 mm | M= 1.214 | incident=3.1588°
[[  24.579372   -568.2377      -20.027212  ]
 [   3.680655    121.60889      14.972788  ]
 [   0.14939763    0.00777886    0.        ]
 [   0.            0.            0.1496    ]]

iter 06 cost=97.529642 -> 56.081720 |dtheta|=2.576785e-01  lambda=1.372e-05

============================================================
Iteration 7
============================================================
Theta offsets (Unity frame):
  Source   : dSx=   0.000, dSy=   0.000, dSz=   0.000  (mm)
  Object   : dOx=  -6.996, dOy=  -2.027, dOz=  -7.260  (mm)
  Object offset: offset_x=  -0.003, offset_z=   0.007  (mm)
  Detector : dDx=   0.000, dDy=   0.000, dDz=   0.000  (mm)
  Obj Stage rotY :    2.981 deg
============================================================

Unity geometry (world coordinates):
  Source   : x=  -5.000, y=  38.000, z=   0.000
  Object   : x=   0.004, y=  17.973, z= 568.740
  Detector : x=  10.000, y=   3.000, z= 690.000
  Obj rotY :   0.0000 deg
view   0 | SOD= 569.122 mm | SDD= 691.050 mm | M= 1.214 | incident=3.1588°
[[  24.579372   -568.2377      -20.027212  ]
 [   3.680655    121.60889      14.972788  ]
 [   0.14939763    0.00777886    0.        ]
 [   0.            0.            0.1496    ]]
Residual vector length: 1260, Jacobian shape: (1260, 6)
view   0 | SOD= 568.906 mm | SDD= 691.050 mm | M= 1.215 | incident=3.1588°
[[  24.673273   -568.01807     -20.022093  ]
 [   3.6464853   121.82459      14.977907  ]
 [   0.14939618    0.00780659    0.        ]
 [   0.            0.            0.1496    ]]

iter 07 cost=56.081720 -> 29.825787 |dtheta|=2.165250e-01  lambda=4.572e-06

============================================================
Iteration 8
============================================================
Theta offsets (Unity frame):
  Source   : dSx=   0.000, dSy=   0.000, dSz=   0.000  (mm)
  Object   : dOx=  -6.995, dOy=  -2.022, dOz=  -7.476  (mm)
  Object offset: offset_x=  -0.003, offset_z=   0.008  (mm)
  Detector : dDx=   0.000, dDy=   0.000, dDz=   0.000  (mm)
  Obj Stage rotY :    2.991 deg
============================================================

Unity geometry (world coordinates):
  Source   : x=  -5.000, y=  38.000, z=   0.000
  Object   : x=   0.005, y=  17.978, z= 568.524
  Detector : x=  10.000, y=   3.000, z= 690.000
  Obj rotY :   0.0000 deg
view   0 | SOD= 568.906 mm | SDD= 691.050 mm | M= 1.215 | incident=3.1588°
[[  24.673273   -568.01807     -20.022093  ]
 [   3.6464853   121.82459      14.977907  ]
 [   0.14939618    0.00780659    0.        ]
 [   0.            0.            0.1496    ]]
Residual vector length: 1260, Jacobian shape: (1260, 6)
view   0 | SOD= 568.763 mm | SDD= 691.050 mm | M= 1.215 | incident=3.1588°
[[  24.711271   -567.8732      -20.015179  ]
 [   3.6268265   121.96766      14.984821  ]
 [   0.14939553    0.00781908    0.        ]
 [   0.            0.            0.1496    ]]

iter 08 cost=29.825787 -> 18.259796 |dtheta|=1.410124e-01  lambda=1.524e-06

============================================================
Iteration 9
============================================================
Theta offsets (Unity frame):
  Source   : dSx=   0.000, dSy=   0.000, dSz=   0.000  (mm)
  Object   : dOx=  -6.997, dOy=  -2.015, dOz=  -7.617  (mm)
  Object offset: offset_x=   0.000, offset_z=   0.006  (mm)
  Detector : dDx=   0.000, dDy=   0.000, dDz=   0.000  (mm)
  Obj Stage rotY :    2.996 deg
============================================================

Unity geometry (world coordinates):
  Source   : x=  -5.000, y=  38.000, z=   0.000
  Object   : x=   0.003, y=  17.985, z= 568.383
  Detector : x=  10.000, y=   3.000, z= 690.000
  Obj rotY :   0.0000 deg
view   0 | SOD= 568.763 mm | SDD= 691.050 mm | M= 1.215 | incident=3.1588°
[[  24.711271   -567.8732      -20.015179  ]
 [   3.6268265   121.96766      14.984821  ]
 [   0.14939553    0.00781908    0.        ]
 [   0.            0.            0.1496    ]]
Residual vector length: 1260, Jacobian shape: (1260, 6)
view   0 | SOD= 568.655 mm | SDD= 691.050 mm | M= 1.215 | incident=3.1588°
[[  24.757858   -567.7629      -20.011143  ]
 [   3.6124048   122.07616      14.988857  ]
 [   0.14939483    0.00783229    0.        ]
 [   0.            0.            0.1496    ]]

iter 09 cost=18.259796 -> 11.473948 |dtheta|=1.067543e-01  lambda=1.000e-06

============================================================
Iteration 10
============================================================
Theta offsets (Unity frame):
  Source   : dSx=   0.000, dSy=   0.000, dSz=   0.000  (mm)
  Object   : dOx=  -6.999, dOy=  -2.011, dOz=  -7.724  (mm)
  Object offset: offset_x=   0.000, offset_z=   0.004  (mm)
  Detector : dDx=   0.000, dDy=   0.000, dDz=   0.000  (mm)
  Obj Stage rotY :    3.001 deg
============================================================

Unity geometry (world coordinates):
  Source   : x=  -5.000, y=  38.000, z=   0.000
  Object   : x=   0.001, y=  17.989, z= 568.276
  Detector : x=  10.000, y=   3.000, z= 690.000
  Obj rotY :   0.0000 deg
view   0 | SOD= 568.655 mm | SDD= 691.050 mm | M= 1.215 | incident=3.1588°
[[  24.757858   -567.7629      -20.011143  ]
 [   3.6124048   122.07616      14.988857  ]
 [   0.14939483    0.00783229    0.        ]
 [   0.            0.            0.1496    ]]
Residual vector length: 1260, Jacobian shape: (1260, 6)
view   0 | SOD= 568.576 mm | SDD= 691.050 mm | M= 1.215 | incident=3.1588°
[[  24.784515   -567.68317     -20.007874  ]
 [   3.601998    122.154686     14.992126  ]
 [   0.14939441    0.00784032    0.        ]
 [   0.            0.            0.1496    ]]

iter 10 cost=11.473948 -> 8.069901 |dtheta|=7.629720e-02  lambda=1.000e-06

============================================================
Iteration 11
============================================================
Theta offsets (Unity frame):
  Source   : dSx=   0.000, dSy=   0.000, dSz=   0.000  (mm)
  Object   : dOx=  -7.000, dOy=  -2.008, dOz=  -7.800  (mm)
  Object offset: offset_x=   0.001, offset_z=   0.002  (mm)
  Detector : dDx=   0.000, dDy=   0.000, dDz=   0.000  (mm)
  Obj Stage rotY :    3.004 deg
============================================================

Unity geometry (world coordinates):
  Source   : x=  -5.000, y=  38.000, z=   0.000
  Object   : x=   0.000, y=  17.992, z= 568.200
  Detector : x=  10.000, y=   3.000, z= 690.000
  Obj rotY :   0.0000 deg
view   0 | SOD= 568.576 mm | SDD= 691.050 mm | M= 1.215 | incident=3.1588°
[[  24.784515   -567.68317     -20.007874  ]
 [   3.601998    122.154686     14.992126  ]
 [   0.14939441    0.00784032    0.        ]
 [   0.            0.            0.1496    ]]
Residual vector length: 1260, Jacobian shape: (1260, 6)
view   0 | SOD= 568.516 mm | SDD= 691.050 mm | M= 1.216 | incident=3.1588°
[[  24.783234   -567.62317     -20.006233  ]
 [   3.599315    122.214645     14.993767  ]
 [   0.1493944     0.00784062    0.        ]
 [   0.            0.            0.1496    ]]

iter 11 cost=8.069901 -> 6.139487 |dtheta|=5.863042e-02  lambda=1.000e-06

============================================================
Iteration 12
============================================================
Theta offsets (Unity frame):
  Source   : dSx=   0.000, dSy=   0.000, dSz=   0.000  (mm)
  Object   : dOx=  -7.000, dOy=  -2.006, dOz=  -7.858  (mm)
  Object offset: offset_x=   0.000, offset_z=   0.000  (mm)
  Detector : dDx=   0.000, dDy=   0.000, dDz=   0.000  (mm)
  Obj Stage rotY :    3.004 deg
============================================================

Unity geometry (world coordinates):
  Source   : x=  -5.000, y=  38.000, z=   0.000
  Object   : x=   0.000, y=  17.994, z= 568.142
  Detector : x=  10.000, y=   3.000, z= 690.000
  Obj rotY :   0.0000 deg
view   0 | SOD= 568.516 mm | SDD= 691.050 mm | M= 1.216 | incident=3.1588°
[[  24.783234   -567.62317     -20.006233  ]
 [   3.599315    122.214645     14.993767  ]
 [   0.1493944     0.00784062    0.        ]
 [   0.            0.            0.1496    ]]
Residual vector length: 1260, Jacobian shape: (1260, 6)
view   0 | SOD= 568.470 mm | SDD= 691.050 mm | M= 1.216 | incident=3.1588°
[[  24.786566   -567.5771      -20.004269  ]
 [   3.5951538   122.2605       14.995731  ]
 [   0.1493943     0.00784225    0.        ]
 [   0.            0.            0.1496    ]]

iter 12 cost=6.139487 -> 4.963252 |dtheta|=4.482532e-02  lambda=1.000e-06

============================================================
Iteration 13
============================================================
Theta offsets (Unity frame):
  Source   : dSx=   0.000, dSy=   0.000, dSz=   0.000  (mm)
  Object   : dOx=  -7.000, dOy=  -2.004, dOz=  -7.903  (mm)
  Object offset: offset_x=   0.000, offset_z=  -0.001  (mm)
  Detector : dDx=   0.000, dDy=   0.000, dDz=   0.000  (mm)
  Obj Stage rotY :    3.005 deg
============================================================

Unity geometry (world coordinates):
  Source   : x=  -5.000, y=  38.000, z=   0.000
  Object   : x=   0.000, y=  17.996, z= 568.097
  Detector : x=  10.000, y=   3.000, z= 690.000
  Obj rotY :   0.0000 deg
view   0 | SOD= 568.470 mm | SDD= 691.050 mm | M= 1.216 | incident=3.1588°
[[  24.786566   -567.5771      -20.004269  ]
 [   3.5951538   122.2605       14.995731  ]
 [   0.1493943     0.00784225    0.        ]
 [   0.            0.            0.1496    ]]
Residual vector length: 1260, Jacobian shape: (1260, 6)
view   0 | SOD= 568.434 mm | SDD= 691.050 mm | M= 1.216 | incident=3.1588°
[[  24.78608    -567.54144     -20.002878  ]
 [   3.593279    122.29611      14.997122  ]
 [   0.14939429    0.00784255    0.        ]
 [   0.            0.            0.1496    ]]

iter 13 cost=4.963252 -> 4.414701 |dtheta|=3.516478e-02  lambda=1.000e-06

============================================================
Iteration 14
============================================================
Theta offsets (Unity frame):
  Source   : dSx=   0.000, dSy=   0.000, dSz=   0.000  (mm)
  Object   : dOx=  -7.000, dOy=  -2.003, dOz=  -7.938  (mm)
  Object offset: offset_x=   0.000, offset_z=  -0.001  (mm)
  Detector : dDx=   0.000, dDy=   0.000, dDz=   0.000  (mm)
  Obj Stage rotY :    3.005 deg
============================================================

Unity geometry (world coordinates):
  Source   : x=  -5.000, y=  38.000, z=   0.000
  Object   : x=   0.000, y=  17.997, z= 568.062
  Detector : x=  10.000, y=   3.000, z= 690.000
  Obj rotY :   0.0000 deg
view   0 | SOD= 568.434 mm | SDD= 691.050 mm | M= 1.216 | incident=3.1588°
[[  24.78608    -567.54144     -20.002878  ]
 [   3.593279    122.29611      14.997122  ]
 [   0.14939429    0.00784255    0.        ]
 [   0.            0.            0.1496    ]]
Residual vector length: 1260, Jacobian shape: (1260, 6)
view   0 | SOD= 568.415 mm | SDD= 691.050 mm | M= 1.216 | incident=3.1588°
[[  24.794828   -567.5217      -20.002234  ]
 [   3.590444    122.315506     14.9977665 ]
 [   0.14939415    0.00784506    0.        ]
 [   0.            0.            0.1496    ]]

iter 14 cost=4.414701 -> 4.171059 |dtheta|=1.861242e-02  lambda=1.000e-06

============================================================
Iteration 15
============================================================
Theta offsets (Unity frame):
  Source   : dSx=   0.000, dSy=   0.000, dSz=   0.000  (mm)
  Object   : dOx=  -7.000, dOy=  -2.002, dOz=  -7.957  (mm)
  Object offset: offset_x=   0.000, offset_z=  -0.002  (mm)
  Detector : dDx=   0.000, dDy=   0.000, dDz=   0.000  (mm)
  Obj Stage rotY :    3.006 deg
============================================================

Unity geometry (world coordinates):
  Source   : x=  -5.000, y=  38.000, z=   0.000
  Object   : x=  -0.000, y=  17.998, z= 568.043
  Detector : x=  10.000, y=   3.000, z= 690.000
  Obj rotY :   0.0000 deg
view   0 | SOD= 568.415 mm | SDD= 691.050 mm | M= 1.216 | incident=3.1588°
[[  24.794828   -567.5217      -20.002234  ]
 [   3.590444    122.315506     14.9977665 ]
 [   0.14939415    0.00784506    0.        ]
 [   0.            0.            0.1496    ]]
Residual vector length: 1260, Jacobian shape: (1260, 6)
view   0 | SOD= 568.399 mm | SDD= 691.050 mm | M= 1.216 | incident=3.1588°
[[  24.786554   -567.5057      -20.001657  ]
 [   3.5914629   122.3318       14.9983425 ]
 [   0.14939426    0.00784304    0.        ]
 [   0.            0.            0.1496    ]]

iter 15 cost=4.171059 -> 4.100067 |dtheta|=1.641431e-02  lambda=1.000e-06

============================================================
Iteration 16
============================================================
Theta offsets (Unity frame):
  Source   : dSx=   0.000, dSy=   0.000, dSz=   0.000  (mm)
  Object   : dOx=  -7.000, dOy=  -2.002, dOz=  -7.973  (mm)
  Object offset: offset_x=   0.000, offset_z=  -0.002  (mm)
  Detector : dDx=   0.000, dDy=   0.000, dDz=   0.000  (mm)
  Obj Stage rotY :    3.005 deg
============================================================

Unity geometry (world coordinates):
  Source   : x=  -5.000, y=  38.000, z=   0.000
  Object   : x=  -0.000, y=  17.998, z= 568.027
  Detector : x=  10.000, y=   3.000, z= 690.000
  Obj rotY :   0.0000 deg
view   0 | SOD= 568.399 mm | SDD= 691.050 mm | M= 1.216 | incident=3.1588°
[[  24.786554   -567.5057      -20.001657  ]
 [   3.5914629   122.3318       14.9983425 ]
 [   0.14939426    0.00784304    0.        ]
 [   0.            0.            0.1496    ]]
Residual vector length: 1260, Jacobian shape: (1260, 6)
view   0 | SOD= 568.400 mm | SDD= 691.050 mm | M= 1.216 | incident=3.1588°
[[  24.7779     -567.50757     -20.001577  ]
 [   3.5937533   122.33024      14.998423  ]
 [   0.1493944     0.00784067    0.        ]
 [   0.            0.            0.1496    ]]

iter 16 cost=4.100067 -> 4.091144 |dtheta|=1.509006e-03  lambda=1.000e-06

============================================================
Iteration 17
============================================================
Theta offsets (Unity frame):
  Source   : dSx=   0.000, dSy=   0.000, dSz=   0.000  (mm)
  Object   : dOx=  -7.000, dOy=  -2.002, dOz=  -7.972  (mm)
  Object offset: offset_x=   0.000, offset_z=  -0.002  (mm)
  Detector : dDx=   0.000, dDy=   0.000, dDz=   0.000  (mm)
  Obj Stage rotY :    3.004 deg
============================================================

Unity geometry (world coordinates):
  Source   : x=  -5.000, y=  38.000, z=   0.000
  Object   : x=  -0.000, y=  17.998, z= 568.028
  Detector : x=  10.000, y=   3.000, z= 690.000
  Obj rotY :   0.0000 deg
view   0 | SOD= 568.400 mm | SDD= 691.050 mm | M= 1.216 | incident=3.1588°
[[  24.7779     -567.50757     -20.001577  ]
 [   3.5937533   122.33024      14.998423  ]
 [   0.1493944     0.00784067    0.        ]
 [   0.            0.            0.1496    ]]
Residual vector length: 1260, Jacobian shape: (1260, 6)
view   0 | SOD= 568.392 mm | SDD= 691.050 mm | M= 1.216 | incident=3.1588°
[[  24.77558    -567.4992      -20.001354  ]
 [   3.5937107   122.3387       14.998646  ]
 [   0.14939442    0.00784018    0.        ]
 [   0.            0.            0.1496    ]]

iter 17 cost=4.091144 -> 4.013703 |dtheta|=8.581564e-03  lambda=1.000e-06

============================================================
Iteration 18
============================================================
Theta offsets (Unity frame):
  Source   : dSx=   0.000, dSy=   0.000, dSz=   0.000  (mm)
  Object   : dOx=  -7.001, dOy=  -2.001, dOz=  -7.981  (mm)
  Object offset: offset_x=   0.000, offset_z=  -0.002  (mm)
  Detector : dDx=   0.000, dDy=   0.000, dDz=   0.000  (mm)
  Obj Stage rotY :    3.004 deg
============================================================

Unity geometry (world coordinates):
  Source   : x=  -5.000, y=  38.000, z=   0.000
  Object   : x=  -0.001, y=  17.999, z= 568.019
  Detector : x=  10.000, y=   3.000, z= 690.000
  Obj rotY :   0.0000 deg
view   0 | SOD= 568.392 mm | SDD= 691.050 mm | M= 1.216 | incident=3.1588°
[[  24.77558    -567.4992      -20.001354  ]
 [   3.5937107   122.3387       14.998646  ]
 [   0.14939442    0.00784018    0.        ]
 [   0.            0.            0.1496    ]]
Residual vector length: 1260, Jacobian shape: (1260, 6)
view   0 | SOD= 568.385 mm | SDD= 691.050 mm | M= 1.216 | incident=3.1588°
[[  24.782074   -567.49194     -20.001291  ]
 [   3.5917597   122.34569      14.998709  ]
 [   0.14939432    0.00784201    0.        ]
 [   0.            0.            0.1496    ]]

iter 18 cost=4.013703 -> 4.042710 |dtheta|=6.738885e-03  lambda=1.000e-06

============================================================
Iteration 19
============================================================
Theta offsets (Unity frame):
  Source   : dSx=   0.000, dSy=   0.000, dSz=   0.000  (mm)
  Object   : dOx=  -7.001, dOy=  -2.001, dOz=  -7.981  (mm)
  Object offset: offset_x=   0.000, offset_z=  -0.002  (mm)
  Detector : dDx=   0.000, dDy=   0.000, dDz=   0.000  (mm)
  Obj Stage rotY :    3.004 deg
============================================================

Unity geometry (world coordinates):
  Source   : x=  -5.000, y=  38.000, z=   0.000
  Object   : x=  -0.001, y=  17.999, z= 568.019
  Detector : x=  10.000, y=   3.000, z= 690.000
  Obj rotY :   0.0000 deg
view   0 | SOD= 568.392 mm | SDD= 691.050 mm | M= 1.216 | incident=3.1588°
[[  24.77558    -567.4992      -20.001354  ]
 [   3.5937107   122.3387       14.998646  ]
 [   0.14939442    0.00784018    0.        ]
 [   0.            0.            0.1496    ]]
Residual vector length: 1260, Jacobian shape: (1260, 6)
view   0 | SOD= 568.385 mm | SDD= 691.050 mm | M= 1.216 | incident=3.1588°
[[  24.782074   -567.49194     -20.001291  ]
 [   3.5917597   122.34569      14.998709  ]
 [   0.14939432    0.00784201    0.        ]
 [   0.            0.            0.1496    ]]

iter 19 cost=4.013703 -> 4.042710 |dtheta|=6.738885e-03  lambda=5.000e-06

============================================================
Iteration 20
============================================================
Theta offsets (Unity frame):
  Source   : dSx=   0.000, dSy=   0.000, dSz=   0.000  (mm)
  Object   : dOx=  -7.001, dOy=  -2.001, dOz=  -7.981  (mm)
  Object offset: offset_x=   0.000, offset_z=  -0.002  (mm)
  Detector : dDx=   0.000, dDy=   0.000, dDz=   0.000  (mm)
  Obj Stage rotY :    3.004 deg
============================================================

Unity geometry (world coordinates):
  Source   : x=  -5.000, y=  38.000, z=   0.000
  Object   : x=  -0.001, y=  17.999, z= 568.019
  Detector : x=  10.000, y=   3.000, z= 690.000
  Obj rotY :   0.0000 deg
view   0 | SOD= 568.392 mm | SDD= 691.050 mm | M= 1.216 | incident=3.1588°
[[  24.77558    -567.4992      -20.001354  ]
 [   3.5937107   122.3387       14.998646  ]
 [   0.14939442    0.00784018    0.        ]
 [   0.            0.            0.1496    ]]
Residual vector length: 1260, Jacobian shape: (1260, 6)
view   0 | SOD= 568.385 mm | SDD= 691.050 mm | M= 1.216 | incident=3.1588°
[[  24.782074   -567.49194     -20.001291  ]
 [   3.5917597   122.34569      14.998709  ]
 [   0.14939432    0.00784201    0.        ]
 [   0.            0.            0.1496    ]]

iter 20 cost=4.013703 -> 4.042710 |dtheta|=6.738885e-03  lambda=2.500e-05

============================================================
Iteration 21
============================================================
Theta offsets (Unity frame):
  Source   : dSx=   0.000, dSy=   0.000, dSz=   0.000  (mm)
  Object   : dOx=  -7.001, dOy=  -2.001, dOz=  -7.981  (mm)
  Object offset: offset_x=   0.000, offset_z=  -0.002  (mm)
  Detector : dDx=   0.000, dDy=   0.000, dDz=   0.000  (mm)
  Obj Stage rotY :    3.004 deg
============================================================

Unity geometry (world coordinates):
  Source   : x=  -5.000, y=  38.000, z=   0.000
  Object   : x=  -0.001, y=  17.999, z= 568.019
  Detector : x=  10.000, y=   3.000, z= 690.000
  Obj rotY :   0.0000 deg
view   0 | SOD= 568.392 mm | SDD= 691.050 mm | M= 1.216 | incident=3.1588°
[[  24.77558    -567.4992      -20.001354  ]
 [   3.5937107   122.3387       14.998646  ]
 [   0.14939442    0.00784018    0.        ]
 [   0.            0.            0.1496    ]]
Residual vector length: 1260, Jacobian shape: (1260, 6)
view   0 | SOD= 568.385 mm | SDD= 691.050 mm | M= 1.216 | incident=3.1588°
[[  24.782074   -567.49194     -20.001291  ]
 [   3.5917597   122.34569      14.998709  ]
 [   0.14939432    0.00784201    0.        ]
 [   0.            0.            0.1496    ]]

iter 21 cost=4.013703 -> 4.042710 |dtheta|=6.738884e-03  lambda=1.250e-04

============================================================
Iteration 22
============================================================
Theta offsets (Unity frame):
  Source   : dSx=   0.000, dSy=   0.000, dSz=   0.000  (mm)
  Object   : dOx=  -7.001, dOy=  -2.001, dOz=  -7.981  (mm)
  Object offset: offset_x=   0.000, offset_z=  -0.002  (mm)
  Detector : dDx=   0.000, dDy=   0.000, dDz=   0.000  (mm)
  Obj Stage rotY :    3.004 deg
============================================================

Unity geometry (world coordinates):
  Source   : x=  -5.000, y=  38.000, z=   0.000
  Object   : x=  -0.001, y=  17.999, z= 568.019
  Detector : x=  10.000, y=   3.000, z= 690.000
  Obj rotY :   0.0000 deg
view   0 | SOD= 568.392 mm | SDD= 691.050 mm | M= 1.216 | incident=3.1588°
[[  24.77558    -567.4992      -20.001354  ]
 [   3.5937107   122.3387       14.998646  ]
 [   0.14939442    0.00784018    0.        ]
 [   0.            0.            0.1496    ]]
Residual vector length: 1260, Jacobian shape: (1260, 6)
view   0 | SOD= 568.385 mm | SDD= 691.050 mm | M= 1.216 | incident=3.1588°
[[  24.782074   -567.49194     -20.001291  ]
 [   3.5917597   122.34569      14.998709  ]
 [   0.14939432    0.00784201    0.        ]
 [   0.            0.            0.1496    ]]

iter 22 cost=4.013703 -> 4.042710 |dtheta|=6.738878e-03  lambda=6.250e-04

============================================================
Iteration 23
============================================================
Theta offsets (Unity frame):
  Source   : dSx=   0.000, dSy=   0.000, dSz=   0.000  (mm)
  Object   : dOx=  -7.001, dOy=  -2.001, dOz=  -7.981  (mm)
  Object offset: offset_x=   0.000, offset_z=  -0.002  (mm)
  Detector : dDx=   0.000, dDy=   0.000, dDz=   0.000  (mm)
  Obj Stage rotY :    3.004 deg
============================================================

Unity geometry (world coordinates):
  Source   : x=  -5.000, y=  38.000, z=   0.000
  Object   : x=  -0.001, y=  17.999, z= 568.019
  Detector : x=  10.000, y=   3.000, z= 690.000
  Obj rotY :   0.0000 deg
view   0 | SOD= 568.392 mm | SDD= 691.050 mm | M= 1.216 | incident=3.1588°
[[  24.77558    -567.4992      -20.001354  ]
 [   3.5937107   122.3387       14.998646  ]
 [   0.14939442    0.00784018    0.        ]
 [   0.            0.            0.1496    ]]
Residual vector length: 1260, Jacobian shape: (1260, 6)
view   0 | SOD= 568.385 mm | SDD= 691.050 mm | M= 1.216 | incident=3.1588°
[[  24.782074   -567.49194     -20.001291  ]
 [   3.5917597   122.34569      14.998709  ]
 [   0.14939432    0.00784201    0.        ]
 [   0.            0.            0.1496    ]]

iter 23 cost=4.013703 -> 4.042710 |dtheta|=6.738852e-03  lambda=3.125e-03

============================================================
Iteration 24
============================================================
Theta offsets (Unity frame):
  Source   : dSx=   0.000, dSy=   0.000, dSz=   0.000  (mm)
  Object   : dOx=  -7.001, dOy=  -2.001, dOz=  -7.981  (mm)
  Object offset: offset_x=   0.000, offset_z=  -0.002  (mm)
  Detector : dDx=   0.000, dDy=   0.000, dDz=   0.000  (mm)
  Obj Stage rotY :    3.004 deg
============================================================

Unity geometry (world coordinates):
  Source   : x=  -5.000, y=  38.000, z=   0.000
  Object   : x=  -0.001, y=  17.999, z= 568.019
  Detector : x=  10.000, y=   3.000, z= 690.000
  Obj rotY :   0.0000 deg
view   0 | SOD= 568.392 mm | SDD= 691.050 mm | M= 1.216 | incident=3.1588°
[[  24.77558    -567.4992      -20.001354  ]
 [   3.5937107   122.3387       14.998646  ]
 [   0.14939442    0.00784018    0.        ]
 [   0.            0.            0.1496    ]]
Residual vector length: 1260, Jacobian shape: (1260, 6)
view   0 | SOD= 568.385 mm | SDD= 691.050 mm | M= 1.216 | incident=3.1588°
[[  24.782074   -567.49194     -20.001291  ]
 [   3.5917597   122.34569      14.998709  ]
 [   0.14939432    0.00784201    0.        ]
 [   0.            0.            0.1496    ]]

iter 24 cost=4.013703 -> 4.042710 |dtheta|=6.738718e-03  lambda=1.562e-02

============================================================
Iteration 25
============================================================
Theta offsets (Unity frame):
  Source   : dSx=   0.000, dSy=   0.000, dSz=   0.000  (mm)
  Object   : dOx=  -7.001, dOy=  -2.001, dOz=  -7.981  (mm)
  Object offset: offset_x=   0.000, offset_z=  -0.002  (mm)
  Detector : dDx=   0.000, dDy=   0.000, dDz=   0.000  (mm)
  Obj Stage rotY :    3.004 deg
============================================================

Unity geometry (world coordinates):
  Source   : x=  -5.000, y=  38.000, z=   0.000
  Object   : x=  -0.001, y=  17.999, z= 568.019
  Detector : x=  10.000, y=   3.000, z= 690.000
  Obj rotY :   0.0000 deg
view   0 | SOD= 568.392 mm | SDD= 691.050 mm | M= 1.216 | incident=3.1588°
[[  24.77558    -567.4992      -20.001354  ]
 [   3.5937107   122.3387       14.998646  ]
 [   0.14939442    0.00784018    0.        ]
 [   0.            0.            0.1496    ]]
Residual vector length: 1260, Jacobian shape: (1260, 6)
view   0 | SOD= 568.385 mm | SDD= 691.050 mm | M= 1.216 | incident=3.1588°
[[  24.782074   -567.49194     -20.001291  ]
 [   3.59176     122.34569      14.998709  ]
 [   0.14939432    0.00784201    0.        ]
 [   0.            0.            0.1496    ]]

iter 25 cost=4.013703 -> 4.042710 |dtheta|=6.738052e-03  lambda=7.812e-02

============================================================
Iteration 26
============================================================
Theta offsets (Unity frame):
  Source   : dSx=   0.000, dSy=   0.000, dSz=   0.000  (mm)
  Object   : dOx=  -7.001, dOy=  -2.001, dOz=  -7.981  (mm)
  Object offset: offset_x=   0.000, offset_z=  -0.002  (mm)
  Detector : dDx=   0.000, dDy=   0.000, dDz=   0.000  (mm)
  Obj Stage rotY :    3.004 deg
============================================================

Unity geometry (world coordinates):
  Source   : x=  -5.000, y=  38.000, z=   0.000
  Object   : x=  -0.001, y=  17.999, z= 568.019
  Detector : x=  10.000, y=   3.000, z= 690.000
  Obj rotY :   0.0000 deg
view   0 | SOD= 568.392 mm | SDD= 691.050 mm | M= 1.216 | incident=3.1588°
[[  24.77558    -567.4992      -20.001354  ]
 [   3.5937107   122.3387       14.998646  ]
 [   0.14939442    0.00784018    0.        ]
 [   0.            0.            0.1496    ]]
Residual vector length: 1260, Jacobian shape: (1260, 6)
view   0 | SOD= 568.385 mm | SDD= 691.050 mm | M= 1.216 | incident=3.1588°
[[  24.782072   -567.49194     -20.001291  ]
 [   3.5917602   122.34569      14.998709  ]
 [   0.14939432    0.00784201    0.        ]
 [   0.            0.            0.1496    ]]

iter 26 cost=4.013703 -> 4.044662 |dtheta|=6.734721e-03  lambda=3.906e-01

============================================================
Iteration 27
============================================================
Theta offsets (Unity frame):
  Source   : dSx=   0.000, dSy=   0.000, dSz=   0.000  (mm)
  Object   : dOx=  -7.001, dOy=  -2.001, dOz=  -7.981  (mm)
  Object offset: offset_x=   0.000, offset_z=  -0.002  (mm)
  Detector : dDx=   0.000, dDy=   0.000, dDz=   0.000  (mm)
  Obj Stage rotY :    3.004 deg
============================================================

Unity geometry (world coordinates):
  Source   : x=  -5.000, y=  38.000, z=   0.000
  Object   : x=  -0.001, y=  17.999, z= 568.019
  Detector : x=  10.000, y=   3.000, z= 690.000
  Obj rotY :   0.0000 deg
view   0 | SOD= 568.392 mm | SDD= 691.050 mm | M= 1.216 | incident=3.1588°
[[  24.77558    -567.4992      -20.001354  ]
 [   3.5937107   122.3387       14.998646  ]
 [   0.14939442    0.00784018    0.        ]
 [   0.            0.            0.1496    ]]
Residual vector length: 1260, Jacobian shape: (1260, 6)
view   0 | SOD= 568.385 mm | SDD= 691.050 mm | M= 1.216 | incident=3.1588°
[[  24.782068   -567.492       -20.001293  ]
 [   3.5917652   122.34563      14.998707  ]
 [   0.14939432    0.00784201    0.        ]
 [   0.            0.            0.1496    ]]

iter 27 cost=4.013703 -> 4.045667 |dtheta|=6.718118e-03  lambda=1.953e+00

============================================================
Iteration 28
============================================================
Theta offsets (Unity frame):
  Source   : dSx=   0.000, dSy=   0.000, dSz=   0.000  (mm)
  Object   : dOx=  -7.001, dOy=  -2.001, dOz=  -7.981  (mm)
  Object offset: offset_x=   0.000, offset_z=  -0.002  (mm)
  Detector : dDx=   0.000, dDy=   0.000, dDz=   0.000  (mm)
  Obj Stage rotY :    3.004 deg
============================================================

Unity geometry (world coordinates):
  Source   : x=  -5.000, y=  38.000, z=   0.000
  Object   : x=  -0.001, y=  17.999, z= 568.019
  Detector : x=  10.000, y=   3.000, z= 690.000
  Obj rotY :   0.0000 deg
view   0 | SOD= 568.392 mm | SDD= 691.050 mm | M= 1.216 | incident=3.1588°
[[  24.77558    -567.4992      -20.001354  ]
 [   3.5937107   122.3387       14.998646  ]
 [   0.14939442    0.00784018    0.        ]
 [   0.            0.            0.1496    ]]
Residual vector length: 1260, Jacobian shape: (1260, 6)
view   0 | SOD= 568.385 mm | SDD= 691.050 mm | M= 1.216 | incident=3.1588°
[[  24.782032   -567.49207     -20.001295  ]
 [   3.5917766   122.345566     14.998705  ]
 [   0.14939432    0.007842      0.        ]
 [   0.            0.            0.1496    ]]

iter 28 cost=4.013703 -> 4.026511 |dtheta|=6.636320e-03  lambda=9.766e+00

============================================================
Iteration 29
============================================================
Theta offsets (Unity frame):
  Source   : dSx=   0.000, dSy=   0.000, dSz=   0.000  (mm)
  Object   : dOx=  -7.001, dOy=  -2.001, dOz=  -7.981  (mm)
  Object offset: offset_x=   0.000, offset_z=  -0.002  (mm)
  Detector : dDx=   0.000, dDy=   0.000, dDz=   0.000  (mm)
  Obj Stage rotY :    3.004 deg
============================================================

Unity geometry (world coordinates):
  Source   : x=  -5.000, y=  38.000, z=   0.000
  Object   : x=  -0.001, y=  17.999, z= 568.019
  Detector : x=  10.000, y=   3.000, z= 690.000
  Obj rotY :   0.0000 deg
view   0 | SOD= 568.392 mm | SDD= 691.050 mm | M= 1.216 | incident=3.1588°
[[  24.77558    -567.4992      -20.001354  ]
 [   3.5937107   122.3387       14.998646  ]
 [   0.14939442    0.00784018    0.        ]
 [   0.            0.            0.1496    ]]
Residual vector length: 1260, Jacobian shape: (1260, 6)
view   0 | SOD= 568.385 mm | SDD= 691.050 mm | M= 1.216 | incident=3.1588°
[[  24.78187    -567.4925      -20.001307  ]
 [   3.5918365   122.34514      14.998693  ]
 [   0.14939432    0.00784195    0.        ]
 [   0.            0.            0.1496    ]]

iter 29 cost=4.013703 -> 4.043041 |dtheta|=6.255669e-03  lambda=4.883e+01

============================================================
Iteration 30
============================================================
Theta offsets (Unity frame):
  Source   : dSx=   0.000, dSy=   0.000, dSz=   0.000  (mm)
  Object   : dOx=  -7.001, dOy=  -2.001, dOz=  -7.981  (mm)
  Object offset: offset_x=   0.000, offset_z=  -0.002  (mm)
  Detector : dDx=   0.000, dDy=   0.000, dDz=   0.000  (mm)
  Obj Stage rotY :    3.004 deg
============================================================

Unity geometry (world coordinates):
  Source   : x=  -5.000, y=  38.000, z=   0.000
  Object   : x=  -0.001, y=  17.999, z= 568.019
  Detector : x=  10.000, y=   3.000, z= 690.000
  Obj rotY :   0.0000 deg
view   0 | SOD= 568.392 mm | SDD= 691.050 mm | M= 1.216 | incident=3.1588°
[[  24.77558    -567.4992      -20.001354  ]
 [   3.5937107   122.3387       14.998646  ]
 [   0.14939442    0.00784018    0.        ]
 [   0.            0.            0.1496    ]]
Residual vector length: 1260, Jacobian shape: (1260, 6)
view   0 | SOD= 568.387 mm | SDD= 691.050 mm | M= 1.216 | incident=3.1588°
[[  24.781202   -567.49396     -20.001347  ]
 [   3.5920618   122.34373      14.998653  ]
 [   0.14939433    0.00784175    0.        ]
 [   0.            0.            0.1496    ]]

iter 30 cost=4.013703 -> 4.036601 |dtheta|=4.864100e-03  lambda=2.441e+02

============================================================
Iteration 31
============================================================
Theta offsets (Unity frame):
  Source   : dSx=   0.000, dSy=   0.000, dSz=   0.000  (mm)
  Object   : dOx=  -7.001, dOy=  -2.001, dOz=  -7.981  (mm)
  Object offset: offset_x=   0.000, offset_z=  -0.002  (mm)
  Detector : dDx=   0.000, dDy=   0.000, dDz=   0.000  (mm)
  Obj Stage rotY :    3.004 deg
============================================================

Unity geometry (world coordinates):
  Source   : x=  -5.000, y=  38.000, z=   0.000
  Object   : x=  -0.001, y=  17.999, z= 568.019
  Detector : x=  10.000, y=   3.000, z= 690.000
  Obj rotY :   0.0000 deg
view   0 | SOD= 568.392 mm | SDD= 691.050 mm | M= 1.216 | incident=3.1588°
[[  24.77558    -567.4992      -20.001354  ]
 [   3.5937107   122.3387       14.998646  ]
 [   0.14939442    0.00784018    0.        ]
 [   0.            0.            0.1496    ]]
Residual vector length: 1260, Jacobian shape: (1260, 6)
view   0 | SOD= 568.389 mm | SDD= 691.050 mm | M= 1.216 | incident=3.1588°
[[  24.779444   -567.49664     -20.001417  ]
 [   3.5926049   122.341095     14.998583  ]
 [   0.14939436    0.00784126    0.        ]
 [   0.            0.            0.1496    ]]

iter 31 cost=4.013703 -> 4.045734 |dtheta|=2.317674e-03  lambda=1.221e+03

============================================================
Iteration 32
============================================================
Theta offsets (Unity frame):
  Source   : dSx=   0.000, dSy=   0.000, dSz=   0.000  (mm)
  Object   : dOx=  -7.001, dOy=  -2.001, dOz=  -7.981  (mm)
  Object offset: offset_x=   0.000, offset_z=  -0.002  (mm)
  Detector : dDx=   0.000, dDy=   0.000, dDz=   0.000  (mm)
  Obj Stage rotY :    3.004 deg
============================================================

Unity geometry (world coordinates):
  Source   : x=  -5.000, y=  38.000, z=   0.000
  Object   : x=  -0.001, y=  17.999, z= 568.019
  Detector : x=  10.000, y=   3.000, z= 690.000
  Obj rotY :   0.0000 deg
view   0 | SOD= 568.392 mm | SDD= 691.050 mm | M= 1.216 | incident=3.1588°
[[  24.77558    -567.4992      -20.001354  ]
 [   3.5937107   122.3387       14.998646  ]
 [   0.14939442    0.00784018    0.        ]
 [   0.            0.            0.1496    ]]
Residual vector length: 1260, Jacobian shape: (1260, 6)
view   0 | SOD= 568.391 mm | SDD= 691.050 mm | M= 1.216 | incident=3.1588°
[[  24.777143   -567.4985      -20.001451  ]
 [   3.5932384   122.33937      14.9985485 ]
 [   0.1493944     0.00784062    0.        ]
 [   0.            0.            0.1496    ]]

iter 32 cost=4.013703 -> 4.064848 |dtheta|=6.644957e-04  lambda=6.104e+03

============================================================
Iteration 33
============================================================
Theta offsets (Unity frame):
  Source   : dSx=   0.000, dSy=   0.000, dSz=   0.000  (mm)
  Object   : dOx=  -7.001, dOy=  -2.001, dOz=  -7.981  (mm)
  Object offset: offset_x=   0.000, offset_z=  -0.002  (mm)
  Detector : dDx=   0.000, dDy=   0.000, dDz=   0.000  (mm)
  Obj Stage rotY :    3.004 deg
============================================================

Unity geometry (world coordinates):
  Source   : x=  -5.000, y=  38.000, z=   0.000
  Object   : x=  -0.001, y=  17.999, z= 568.019
  Detector : x=  10.000, y=   3.000, z= 690.000
  Obj rotY :   0.0000 deg
view   0 | SOD= 568.392 mm | SDD= 691.050 mm | M= 1.216 | incident=3.1588°
[[  24.77558    -567.4992      -20.001354  ]
 [   3.5937107   122.3387       14.998646  ]
 [   0.14939442    0.00784018    0.        ]
 [   0.            0.            0.1496    ]]
Residual vector length: 1260, Jacobian shape: (1260, 6)
view   0 | SOD= 568.392 mm | SDD= 691.050 mm | M= 1.216 | incident=3.1588°
[[  24.77595    -567.4991      -20.001423  ]
 [   3.5935779   122.33882      14.998577  ]
 [   0.14939441    0.00784029    0.        ]
 [   0.            0.            0.1496    ]]

iter 33 cost=4.013703 -> 4.042403 |dtheta|=1.663995e-04  lambda=3.052e+04

============================================================
Iteration 34
============================================================
Theta offsets (Unity frame):
  Source   : dSx=   0.000, dSy=   0.000, dSz=   0.000  (mm)
  Object   : dOx=  -7.001, dOy=  -2.001, dOz=  -7.981  (mm)
  Object offset: offset_x=   0.000, offset_z=  -0.002  (mm)
  Detector : dDx=   0.000, dDy=   0.000, dDz=   0.000  (mm)
  Obj Stage rotY :    3.004 deg
============================================================

Unity geometry (world coordinates):
  Source   : x=  -5.000, y=  38.000, z=   0.000
  Object   : x=  -0.001, y=  17.999, z= 568.019
  Detector : x=  10.000, y=   3.000, z= 690.000
  Obj rotY :   0.0000 deg
view   0 | SOD= 568.392 mm | SDD= 691.050 mm | M= 1.216 | incident=3.1588°
[[  24.77558    -567.4992      -20.001354  ]
 [   3.5937107   122.3387       14.998646  ]
 [   0.14939442    0.00784018    0.        ]
 [   0.            0.            0.1496    ]]
Residual vector length: 1260, Jacobian shape: (1260, 6)
view   0 | SOD= 568.392 mm | SDD= 691.050 mm | M= 1.216 | incident=3.1588°
[[  24.775654   -567.4992      -20.001379  ]
 [   3.5936809   122.3387       14.998621  ]
 [   0.14939441    0.0078402     0.        ]
 [   0.            0.            0.1496    ]]

iter 34 cost=4.013703 -> 4.029275 |dtheta|=4.095306e-05  lambda=1.526e+05

============================================================
Iteration 35
============================================================
Theta offsets (Unity frame):
  Source   : dSx=   0.000, dSy=   0.000, dSz=   0.000  (mm)
  Object   : dOx=  -7.001, dOy=  -2.001, dOz=  -7.981  (mm)
  Object offset: offset_x=   0.000, offset_z=  -0.002  (mm)
  Detector : dDx=   0.000, dDy=   0.000, dDz=   0.000  (mm)
  Obj Stage rotY :    3.004 deg
============================================================

Unity geometry (world coordinates):
  Source   : x=  -5.000, y=  38.000, z=   0.000
  Object   : x=  -0.001, y=  17.999, z= 568.019
  Detector : x=  10.000, y=   3.000, z= 690.000
  Obj rotY :   0.0000 deg
view   0 | SOD= 568.392 mm | SDD= 691.050 mm | M= 1.216 | incident=3.1588°
[[  24.77558    -567.4992      -20.001354  ]
 [   3.5937107   122.3387       14.998646  ]
 [   0.14939442    0.00784018    0.        ]
 [   0.            0.            0.1496    ]]
Residual vector length: 1260, Jacobian shape: (1260, 6)
view   0 | SOD= 568.392 mm | SDD= 691.050 mm | M= 1.216 | incident=3.1588°
[[  24.775595   -567.4992      -20.00136   ]
 [   3.5937042   122.3387       14.99864   ]
 [   0.14939441    0.00784018    0.        ]
 [   0.            0.            0.1496    ]]

iter 35 cost=4.013703 -> 4.025900 |dtheta|=8.891746e-06  lambda=7.629e+05

============================================================
Iteration 36
============================================================
Theta offsets (Unity frame):
  Source   : dSx=   0.000, dSy=   0.000, dSz=   0.000  (mm)
  Object   : dOx=  -7.001, dOy=  -2.001, dOz=  -7.981  (mm)
  Object offset: offset_x=   0.000, offset_z=  -0.002  (mm)
  Detector : dDx=   0.000, dDy=   0.000, dDz=   0.000  (mm)
  Obj Stage rotY :    3.004 deg
============================================================

Unity geometry (world coordinates):
  Source   : x=  -5.000, y=  38.000, z=   0.000
  Object   : x=  -0.001, y=  17.999, z= 568.019
  Detector : x=  10.000, y=   3.000, z= 690.000
  Obj rotY :   0.0000 deg
view   0 | SOD= 568.392 mm | SDD= 691.050 mm | M= 1.216 | incident=3.1588°
[[  24.77558    -567.4992      -20.001354  ]
 [   3.5937107   122.3387       14.998646  ]
 [   0.14939442    0.00784018    0.        ]
 [   0.            0.            0.1496    ]]
Residual vector length: 1260, Jacobian shape: (1260, 6)
view   0 | SOD= 568.392 mm | SDD= 691.050 mm | M= 1.216 | incident=3.1588°
[[  24.77559    -567.4992      -20.001358  ]
 [   3.5937061   122.3387       14.998642  ]
 [   0.14939441    0.00784018    0.        ]
 [   0.            0.            0.1496    ]]

iter 36 cost=4.013703 -> 4.020704 |dtheta|=6.822564e-06  lambda=1.000e+06

============================================================
Iteration 37
============================================================
Theta offsets (Unity frame):
  Source   : dSx=   0.000, dSy=   0.000, dSz=   0.000  (mm)
  Object   : dOx=  -7.001, dOy=  -2.001, dOz=  -7.981  (mm)
  Object offset: offset_x=   0.000, offset_z=  -0.002  (mm)
  Detector : dDx=   0.000, dDy=   0.000, dDz=   0.000  (mm)
  Obj Stage rotY :    3.004 deg
============================================================

Unity geometry (world coordinates):
  Source   : x=  -5.000, y=  38.000, z=   0.000
  Object   : x=  -0.001, y=  17.999, z= 568.019
  Detector : x=  10.000, y=   3.000, z= 690.000
  Obj rotY :   0.0000 deg
view   0 | SOD= 568.392 mm | SDD= 691.050 mm | M= 1.216 | incident=3.1588°
[[  24.77558    -567.4992      -20.001354  ]
 [   3.5937107   122.3387       14.998646  ]
 [   0.14939442    0.00784018    0.        ]
 [   0.            0.            0.1496    ]]
Residual vector length: 1260, Jacobian shape: (1260, 6)
view   0 | SOD= 568.392 mm | SDD= 691.050 mm | M= 1.216 | incident=3.1588°
[[  24.77559    -567.4992      -20.001358  ]
 [   3.5937061   122.3387       14.998642  ]
 [   0.14939441    0.00784018    0.        ]
 [   0.            0.            0.1496    ]]

iter 37 cost=4.013703 -> 4.020704 |dtheta|=6.822564e-06  lambda=1.000e+06

============================================================
Iteration 38
============================================================
Theta offsets (Unity frame):
  Source   : dSx=   0.000, dSy=   0.000, dSz=   0.000  (mm)
  Object   : dOx=  -7.001, dOy=  -2.001, dOz=  -7.981  (mm)
  Object offset: offset_x=   0.000, offset_z=  -0.002  (mm)
  Detector : dDx=   0.000, dDy=   0.000, dDz=   0.000  (mm)
  Obj Stage rotY :    3.004 deg
============================================================

Unity geometry (world coordinates):
  Source   : x=  -5.000, y=  38.000, z=   0.000
  Object   : x=  -0.001, y=  17.999, z= 568.019
  Detector : x=  10.000, y=   3.000, z= 690.000
  Obj rotY :   0.0000 deg
view   0 | SOD= 568.392 mm | SDD= 691.050 mm | M= 1.216 | incident=3.1588°
[[  24.77558    -567.4992      -20.001354  ]
 [   3.5937107   122.3387       14.998646  ]
 [   0.14939442    0.00784018    0.        ]
 [   0.            0.            0.1496    ]]
Residual vector length: 1260, Jacobian shape: (1260, 6)
view   0 | SOD= 568.392 mm | SDD= 691.050 mm | M= 1.216 | incident=3.1588°
[[  24.77559    -567.4992      -20.001358  ]
 [   3.5937061   122.3387       14.998642  ]
 [   0.14939441    0.00784018    0.        ]
 [   0.            0.            0.1496    ]]

iter 38 cost=4.013703 -> 4.020704 |dtheta|=6.822564e-06  lambda=1.000e+06

============================================================
Iteration 39
============================================================
Theta offsets (Unity frame):
  Source   : dSx=   0.000, dSy=   0.000, dSz=   0.000  (mm)
  Object   : dOx=  -7.001, dOy=  -2.001, dOz=  -7.981  (mm)
  Object offset: offset_x=   0.000, offset_z=  -0.002  (mm)
  Detector : dDx=   0.000, dDy=   0.000, dDz=   0.000  (mm)
  Obj Stage rotY :    3.004 deg
============================================================

Unity geometry (world coordinates):
  Source   : x=  -5.000, y=  38.000, z=   0.000
  Object   : x=  -0.001, y=  17.999, z= 568.019
  Detector : x=  10.000, y=   3.000, z= 690.000
  Obj rotY :   0.0000 deg
view   0 | SOD= 568.392 mm | SDD= 691.050 mm | M= 1.216 | incident=3.1588°
[[  24.77558    -567.4992      -20.001354  ]
 [   3.5937107   122.3387       14.998646  ]
 [   0.14939442    0.00784018    0.        ]
 [   0.            0.            0.1496    ]]
Residual vector length: 1260, Jacobian shape: (1260, 6)
view   0 | SOD= 568.392 mm | SDD= 691.050 mm | M= 1.216 | incident=3.1588°
[[  24.77559    -567.4992      -20.001358  ]
 [   3.5937061   122.3387       14.998642  ]
 [   0.14939441    0.00784018    0.        ]
 [   0.            0.            0.1496    ]]

iter 39 cost=4.013703 -> 4.020704 |dtheta|=6.822564e-06  lambda=1.000e+06

============================================================
Iteration 40
============================================================
Theta offsets (Unity frame):
  Source   : dSx=   0.000, dSy=   0.000, dSz=   0.000  (mm)
  Object   : dOx=  -7.001, dOy=  -2.001, dOz=  -7.981  (mm)
  Object offset: offset_x=   0.000, offset_z=  -0.002  (mm)
  Detector : dDx=   0.000, dDy=   0.000, dDz=   0.000  (mm)
  Obj Stage rotY :    3.004 deg
============================================================

Unity geometry (world coordinates):
  Source   : x=  -5.000, y=  38.000, z=   0.000
  Object   : x=  -0.001, y=  17.999, z= 568.019
  Detector : x=  10.000, y=   3.000, z= 690.000
  Obj rotY :   0.0000 deg
view   0 | SOD= 568.392 mm | SDD= 691.050 mm | M= 1.216 | incident=3.1588°
[[  24.77558    -567.4992      -20.001354  ]
 [   3.5937107   122.3387       14.998646  ]
 [   0.14939442    0.00784018    0.        ]
 [   0.            0.            0.1496    ]]
Residual vector length: 1260, Jacobian shape: (1260, 6)
view   0 | SOD= 568.392 mm | SDD= 691.050 mm | M= 1.216 | incident=3.1588°
[[  24.77559    -567.4992      -20.001358  ]
 [   3.5937061   122.3387       14.998642  ]
 [   0.14939441    0.00784018    0.        ]
 [   0.            0.            0.1496    ]]

iter 40 cost=4.013703 -> 4.020704 |dtheta|=6.822564e-06  lambda=1.000e+06

============================================================
Iteration 41
============================================================
Theta offsets (Unity frame):
  Source   : dSx=   0.000, dSy=   0.000, dSz=   0.000  (mm)
  Object   : dOx=  -7.001, dOy=  -2.001, dOz=  -7.981  (mm)
  Object offset: offset_x=   0.000, offset_z=  -0.002  (mm)
  Detector : dDx=   0.000, dDy=   0.000, dDz=   0.000  (mm)
  Obj Stage rotY :    3.004 deg
============================================================

Unity geometry (world coordinates):
  Source   : x=  -5.000, y=  38.000, z=   0.000
  Object   : x=  -0.001, y=  17.999, z= 568.019
  Detector : x=  10.000, y=   3.000, z= 690.000
  Obj rotY :   0.0000 deg
view   0 | SOD= 568.392 mm | SDD= 691.050 mm | M= 1.216 | incident=3.1588°
[[  24.77558    -567.4992      -20.001354  ]
 [   3.5937107   122.3387       14.998646  ]
 [   0.14939442    0.00784018    0.        ]
 [   0.            0.            0.1496    ]]
Residual vector length: 1260, Jacobian shape: (1260, 6)
view   0 | SOD= 568.392 mm | SDD= 691.050 mm | M= 1.216 | incident=3.1588°
[[  24.77559    -567.4992      -20.001358  ]
 [   3.5937061   122.3387       14.998642  ]
 [   0.14939441    0.00784018    0.        ]
 [   0.            0.            0.1496    ]]

iter 41 cost=4.013703 -> 4.020704 |dtheta|=6.822564e-06  lambda=1.000e+06

============================================================
Iteration 42
============================================================
Theta offsets (Unity frame):
  Source   : dSx=   0.000, dSy=   0.000, dSz=   0.000  (mm)
  Object   : dOx=  -7.001, dOy=  -2.001, dOz=  -7.981  (mm)
  Object offset: offset_x=   0.000, offset_z=  -0.002  (mm)
  Detector : dDx=   0.000, dDy=   0.000, dDz=   0.000  (mm)
  Obj Stage rotY :    3.004 deg
============================================================

Unity geometry (world coordinates):
  Source   : x=  -5.000, y=  38.000, z=   0.000
  Object   : x=  -0.001, y=  17.999, z= 568.019
  Detector : x=  10.000, y=   3.000, z= 690.000
  Obj rotY :   0.0000 deg
view   0 | SOD= 568.392 mm | SDD= 691.050 mm | M= 1.216 | incident=3.1588°
[[  24.77558    -567.4992      -20.001354  ]
 [   3.5937107   122.3387       14.998646  ]
 [   0.14939442    0.00784018    0.        ]
 [   0.            0.            0.1496    ]]
Residual vector length: 1260, Jacobian shape: (1260, 6)
view   0 | SOD= 568.392 mm | SDD= 691.050 mm | M= 1.216 | incident=3.1588°
[[  24.77559    -567.4992      -20.001358  ]
 [   3.5937061   122.3387       14.998642  ]
 [   0.14939441    0.00784018    0.        ]
 [   0.            0.            0.1496    ]]

iter 42 cost=4.013703 -> 4.020704 |dtheta|=6.822564e-06  lambda=1.000e+06
Stalled.

Estimated theta:
  dSx: +0.000000
  dSy: +0.000000
  dOx: -7.000511
  dOy: -2.001353
  dOz: -7.980645
  dDx: +0.000000
  dDy: +0.000000
  dDz: +0.000000
alpha: +3.004111e+00 deg)
offset_x: +0.000260
offset_z: -0.001563

Final cost table:
Fake theta: [ 0.  0. -7. -2. -8.  0.  0.  0.  3.  0.  0.]
Final estimated theta: [ 0.          0.         -7.00051128 -2.00135328 -7.98064495  0.
  0.          0.          3.00411149  0.00025982 -0.00156326]
Diff from Expected: [ 0.          0.         -0.00051128 -0.00135328  0.01935505  0.
  0.          0.          0.00411149  0.00025982 -0.00156326]
################################################################################

