Phantom already exists, skipping: cuboid_phantom_4_normal.npy

################################################################################
Running cuboid=normal scenario=G4 N_ANGLES=36, K=4
view   0 | SOD= 568.374 mm | SDD= 691.050 mm | M= 1.216 | incident=3.1588°
[[  24.733675   -567.4833      -20.        ]
 [   3.6013086   122.35616      15.        ]
 [   0.14939497    0.00782946    0.        ]
 [   0.            0.            0.1496    ]]
           image          x1         y1  area1          x2          y2  area2          x3          y3  area3          x4          y4  area4
0   proj_000.png  470.178893  86.945946    777  361.537190  234.592287    726  478.393678  375.066092    696  470.210390  539.076623    770
1   proj_001.png  444.316667  86.865385    780  364.408022  234.482711    723  497.751105  375.789396    679  444.347044  539.690231    778
2   proj_002.png  417.511421  86.785533    788  368.726891  234.301120    714  515.000000  376.500000    682  417.594629  539.795396    782
3   proj_003.png  390.886189  86.888747    782  374.593007  234.232168    715  529.471098  377.498555    692  390.827763  539.674807    778
4   proj_004.png  364.916452  86.890746    778  381.724897  234.000000    727  540.665242  378.464387    702  364.857875  539.040973    781
5   proj_005.png  340.774485  87.019330    776  389.959666  233.898470    719  548.262272  379.624123    713  340.814194  538.055484    775
6   proj_006.png  319.183938  87.218912    772  399.019364  233.782849    723  551.983562  380.752055    730  319.187339  536.863049    774
7   proj_007.png  300.867801  87.497382    764  408.572626  233.713687    716  551.587280  381.962111    739  300.884115  535.171875    768
8   proj_008.png  286.297082  87.820955    754  418.431564  233.722067    716  547.213904  383.141711    748  286.257596  533.297226    757
9   proj_009.png  275.924000  88.064000    750  428.359551  233.721910    712  538.768824  384.260238    757  275.899866  531.319092    749
10  proj_010.png  270.029891  88.395380    736  437.867318  233.840782    716  526.409211  385.207895    760  270.027137  529.223881    737
11  proj_011.png  268.605263  88.619114    722  446.740638  233.876560    721  510.612694  386.208549    772  268.673051  527.054720    731
12  proj_012.png  271.777933  89.065642    716  454.887208  234.071527    727  491.885309  386.965206    776  271.712291  524.917598    716
13  proj_013.png  279.191702  89.329041    699  461.846897  234.246897    725  470.662821  387.571795    780  279.303290  522.915594    699
14  proj_014.png  290.916788  89.667153    685  467.529086  234.376731    722  447.783784  387.962677    777  290.832117  520.994161    685
15  proj_015.png  306.104322  89.898659    671  471.691238  234.520167    719  423.830573  388.105732    785  306.132047  519.293769    674
16  proj_016.png  324.506647  90.059084    677  474.354659  234.649513    719  399.718310  388.044814    781  324.553756  517.852725    679
17  proj_017.png  345.670606  90.186115    677  475.194823  234.920981    734  376.141753  387.797680    776  345.693548  516.816716    682
18  proj_018.png  368.542446  90.397122    695  474.395918  235.072109    735  354.134289  387.219035    767  368.539017  515.966763    692
19  proj_019.png  393.000000  90.458092    692  471.746939  235.278912    735  334.148248  386.536388    742  393.008671  515.390173    692
20  proj_020.png  418.085260  90.472543    692  467.506156  235.480164    731  316.894952  385.701228    733  418.164993  515.239598    697
21  proj_021.png  443.189928  90.480576    695  461.725437  235.573351    743  302.717808  384.742466    730  443.164993  515.493544    697
22  proj_022.png  467.672938  90.419682    691  454.645806  235.769640    751  292.352941  383.575923    731  467.658960  515.997110    692
23  proj_023.png  490.671920  90.204871    698  446.285714  235.885180    749  285.742424  382.436639    726  490.689655  516.859195    696
24  proj_024.png  511.664275  90.043042    697  437.098143  235.946950    754  283.492435  381.389271    727  511.654286  518.078571    700
25  proj_025.png  530.099010  89.776521    707  427.284197  235.988048    753  285.148907  380.061475    732  530.161245  519.537482    707
26  proj_026.png  545.259831  89.602528    712  417.177719  235.962865    754  290.742739  378.910097    723  545.298172  521.285513    711
27  proj_027.png  556.701262  89.354839    713  407.099602  235.973440    753  300.314085  377.774648    710  556.669456  523.248257    717
28  proj_028.png  564.000000  89.000000    725  397.318242  235.930759    751  313.148096  376.833568    709  564.015152  525.224518    726
29  proj_029.png  567.075239  88.666211    731  388.257937  235.832011    756  328.978903  376.023910    711  567.053352  527.320109    731
30  proj_030.png  565.576923  88.440934    728  380.091633  235.673307    753  347.361582  375.361582    708  565.563187  529.468407    728
31  proj_031.png  559.571819  88.053352    731  373.033422  235.557487    748  367.772206  374.816619    698  559.550546  531.560109    732
32  proj_032.png  549.088195  87.712347    737  367.528533  235.432065    736  389.566952  374.521368    702  549.082993  533.606803    735
33  proj_033.png  534.460274  87.500000    730  363.519284  235.374656    726  412.162625  374.402282    701  534.428181  535.445964    731
34  proj_034.png  515.931359  87.216689    743  361.115804  235.047684    734  434.912607  374.411175    698  515.930574  536.959947    749
35  proj_035.png  494.182895  87.043421    760  360.484268  234.822161    731  457.134670  374.650430    698  494.194993  538.185771    759

============================================================
Iteration 0
============================================================
Theta offsets (Unity frame):
  Source   : dSx=   0.000, dSy=   0.000, dSz=   0.000  (mm)
  Object   : dOx=   0.000, dOy=   0.000, dOz=   0.000  (mm)
  Object offset: offset_x=   0.000, offset_z=   0.000  (mm)
  Detector : dDx=   0.000, dDy=   0.000, dDz=   0.000  (mm)
  Obj Stage rotY :    0.000 deg
============================================================

Unity geometry (world coordinates):
  Source   : x=  -5.000, y=  38.000, z=   0.000
  Object   : x=   7.000, y=  20.000, z= 576.000
  Detector : x=  10.000, y=   3.000, z= 690.000
  Obj rotY :   0.0000 deg
view   0 | SOD= 576.406 mm | SDD= 691.050 mm | M= 1.199 | incident=3.1588°
[[ -12.     -576.      -18.    ]
 [   3.      114.       17.    ]
 [   0.1496    0.        0.    ]
 [   0.        0.        0.1496]]
Residual vector length: 504, Jacobian shape: (504, 6)
view   0 | SOD= 577.449 mm | SDD= 691.050 mm | M= 1.197 | incident=3.1588°
[[   7.2616043  -577.07        -19.610567  ]
 [   5.0772767   113.08958      15.389433  ]
 [   0.14955363    0.00372475    0.        ]
 [   0.            0.            0.1496    ]]

iter 00 cost=252611.897838 -> 29378.128903 |dtheta|=5.371332e+00  lambda=1.000e-02

============================================================
Iteration 1
============================================================
Theta offsets (Unity frame):
  Source   : dSx=   0.000, dSy=   0.000, dSz=   0.000  (mm)
  Object   : dOx=  -4.716, dOy=  -1.611, dOz=   1.365  (mm)
  Object offset: offset_x=  -0.175, offset_z=  -0.293  (mm)
  Detector : dDx=   0.000, dDy=   0.000, dDz=   0.000  (mm)
  Obj Stage rotY :    1.427 deg
============================================================

Unity geometry (world coordinates):
  Source   : x=  -5.000, y=  38.000, z=   0.000
  Object   : x=   2.284, y=  18.389, z= 577.365
  Detector : x=  10.000, y=   3.000, z= 690.000
  Obj rotY :   0.0000 deg
view   0 | SOD= 577.449 mm | SDD= 691.050 mm | M= 1.197 | incident=3.1588°
[[   7.2616043  -577.07        -19.610567  ]
 [   5.0772767   113.08958      15.389433  ]
 [   0.14955363    0.00372475    0.        ]
 [   0.            0.            0.1496    ]]
Residual vector length: 504, Jacobian shape: (504, 6)
view   0 | SOD= 574.794 mm | SDD= 691.050 mm | M= 1.202 | incident=3.1588°
[[  17.648851   -574.17346     -20.035635  ]
 [   4.8304615   115.870514     14.964365  ]
 [   0.14947848    0.00602871    0.        ]
 [   0.            0.            0.1496    ]]

iter 01 cost=29378.128903 -> 3659.639735 |dtheta|=3.314013e+00  lambda=3.333e-03

============================================================
Iteration 2
============================================================
Theta offsets (Unity frame):
  Source   : dSx=   0.000, dSy=   0.000, dSz=   0.000  (mm)
  Object   : dOx=  -6.406, dOy=  -2.036, dOz=  -1.311  (mm)
  Object offset: offset_x=  -0.090, offset_z=  -0.271  (mm)
  Detector : dDx=   0.000, dDy=   0.000, dDz=   0.000  (mm)
  Obj Stage rotY :    2.310 deg
============================================================

Unity geometry (world coordinates):
  Source   : x=  -5.000, y=  38.000, z=   0.000
  Object   : x=   0.594, y=  17.964, z= 574.689
  Detector : x=  10.000, y=   3.000, z= 690.000
  Obj rotY :   0.0000 deg
view   0 | SOD= 574.794 mm | SDD= 691.050 mm | M= 1.202 | incident=3.1588°
[[  17.648851   -574.17346     -20.035635  ]
 [   4.8304615   115.870514     14.964365  ]
 [   0.14947848    0.00602871    0.        ]
 [   0.            0.            0.1496    ]]
Residual vector length: 504, Jacobian shape: (504, 6)
view   0 | SOD= 572.859 mm | SDD= 691.050 mm | M= 1.206 | incident=3.1588°
[[  22.970655   -572.0465      -20.073982  ]
 [   4.0651097   117.85756      14.926018  ]
 [   0.14941947    0.00734719    0.        ]
 [   0.            0.            0.1496    ]]

iter 02 cost=3659.639735 -> 934.371398 |dtheta|=2.233696e+00  lambda=1.111e-03

============================================================
Iteration 3
============================================================
Theta offsets (Unity frame):
  Source   : dSx=   0.000, dSy=   0.000, dSz=   0.000  (mm)
  Object   : dOx=  -6.844, dOy=  -2.074, dOz=  -3.432  (mm)
  Object offset: offset_x=  -0.005, offset_z=  -0.084  (mm)
  Detector : dDx=   0.000, dDy=   0.000, dDz=   0.000  (mm)
  Obj Stage rotY :    2.815 deg
============================================================

Unity geometry (world coordinates):
  Source   : x=  -5.000, y=  38.000, z=   0.000
  Object   : x=   0.156, y=  17.926, z= 572.568
  Detector : x=  10.000, y=   3.000, z= 690.000
  Obj rotY :   0.0000 deg
view   0 | SOD= 572.859 mm | SDD= 691.050 mm | M= 1.206 | incident=3.1588°
[[  22.970655   -572.0465      -20.073982  ]
 [   4.0651097   117.85756      14.926018  ]
 [   0.14941947    0.00734719    0.        ]
 [   0.            0.            0.1496    ]]
Residual vector length: 504, Jacobian shape: (504, 6)
view   0 | SOD= 571.655 mm | SDD= 691.050 mm | M= 1.209 | incident=3.1588°
[[  24.81426    -570.7627      -20.082571  ]
 [   3.7286043   119.07818      14.917429  ]
 [   0.14939551    0.00781934    0.        ]
 [   0.            0.            0.1496    ]]

iter 03 cost=934.371398 -> 433.251696 |dtheta|=1.265936e+00  lambda=3.704e-04

============================================================
Iteration 4
============================================================
Theta offsets (Unity frame):
  Source   : dSx=   0.000, dSy=   0.000, dSz=   0.000  (mm)
  Object   : dOx=  -6.939, dOy=  -2.083, dOz=  -4.680  (mm)
  Object offset: offset_x=  -0.008, offset_z=  -0.040  (mm)
  Detector : dDx=   0.000, dDy=   0.000, dDz=   0.000  (mm)
  Obj Stage rotY :    2.996 deg
============================================================

Unity geometry (world coordinates):
  Source   : x=  -5.000, y=  38.000, z=   0.000
  Object   : x=   0.061, y=  17.917, z= 571.320
  Detector : x=  10.000, y=   3.000, z= 690.000
  Obj rotY :   0.0000 deg
view   0 | SOD= 571.655 mm | SDD= 691.050 mm | M= 1.209 | incident=3.1588°
[[  24.81426    -570.7627      -20.082571  ]
 [   3.7286043   119.07818      14.917429  ]
 [   0.14939551    0.00781934    0.        ]
 [   0.            0.            0.1496    ]]
Residual vector length: 504, Jacobian shape: (504, 6)
view   0 | SOD= 570.710 mm | SDD= 691.050 mm | M= 1.211 | incident=3.1588°
[[  24.935886   -569.81146     -20.08065   ]
 [   3.641276    120.02298      14.91935   ]
 [   0.14939313    0.0078646     0.        ]
 [   0.            0.            0.1496    ]]

iter 04 cost=433.251696 -> 206.625955 |dtheta|=9.867604e-01  lambda=1.235e-04

============================================================
Iteration 5
============================================================
Theta offsets (Unity frame):
  Source   : dSx=   0.000, dSy=   0.000, dSz=   0.000  (mm)
  Object   : dOx=  -6.970, dOy=  -2.081, dOz=  -5.665  (mm)
  Object offset: offset_x=   0.024, offset_z=  -0.000  (mm)
  Detector : dDx=   0.000, dDy=   0.000, dDz=   0.000  (mm)
  Obj Stage rotY :    3.013 deg
============================================================

Unity geometry (world coordinates):
  Source   : x=  -5.000, y=  38.000, z=   0.000
  Object   : x=   0.030, y=  17.919, z= 570.335
  Detector : x=  10.000, y=   3.000, z= 690.000
  Obj rotY :   0.0000 deg
view   0 | SOD= 570.710 mm | SDD= 691.050 mm | M= 1.211 | incident=3.1588°
[[  24.935886   -569.81146     -20.08065   ]
 [   3.641276    120.02298      14.91935   ]
 [   0.14939313    0.0078646     0.        ]
 [   0.            0.            0.1496    ]]
Residual vector length: 504, Jacobian shape: (504, 6)
view   0 | SOD= 570.061 mm | SDD= 691.050 mm | M= 1.212 | incident=3.1588°
[[  24.784607   -569.16846     -20.063547  ]
 [   3.6718168   120.67153      14.936453  ]
 [   0.1493952     0.00782522    0.        ]
 [   0.            0.            0.1496    ]]

iter 05 cost=206.625955 -> 104.245880 |dtheta|=6.610498e-01  lambda=4.115e-05

============================================================
Iteration 6
============================================================
Theta offsets (Unity frame):
  Source   : dSx=   0.000, dSy=   0.000, dSz=   0.000  (mm)
  Object   : dOx=  -6.992, dOy=  -2.064, dOz=  -6.325  (mm)
  Object offset: offset_x=   0.014, offset_z=   0.011  (mm)
  Detector : dDx=   0.000, dDy=   0.000, dDz=   0.000  (mm)
  Obj Stage rotY :    2.998 deg
============================================================

Unity geometry (world coordinates):
  Source   : x=  -5.000, y=  38.000, z=   0.000
  Object   : x=   0.008, y=  17.936, z= 569.675
  Detector : x=  10.000, y=   3.000, z= 690.000
  Obj rotY :   0.0000 deg
view   0 | SOD= 570.061 mm | SDD= 691.050 mm | M= 1.212 | incident=3.1588°
[[  24.784607   -569.16846     -20.063547  ]
 [   3.6718168   120.67153      14.936453  ]
 [   0.1493952     0.00782522    0.        ]
 [   0.            0.            0.1496    ]]
Residual vector length: 504, Jacobian shape: (504, 6)
view   0 | SOD= 569.569 mm | SDD= 691.050 mm | M= 1.213 | incident=3.1588°
[[  25.215645   -568.65717     -20.042744  ]
 [   3.5506325   121.1657       14.957256  ]
 [   0.1493889     0.00794481    0.        ]
 [   0.            0.            0.1496    ]]

iter 06 cost=104.245880 -> 55.085819 |dtheta|=4.819861e-01  lambda=1.372e-05

============================================================
Iteration 7
============================================================
Theta offsets (Unity frame):
  Source   : dSx=   0.000, dSy=   0.000, dSz=   0.000  (mm)
  Object   : dOx=  -6.991, dOy=  -2.043, dOz=  -6.805  (mm)
  Object offset: offset_x=   0.010, offset_z=  -0.002  (mm)
  Detector : dDx=   0.000, dDy=   0.000, dDz=   0.000  (mm)
  Obj Stage rotY :    3.044 deg
============================================================

Unity geometry (world coordinates):
  Source   : x=  -5.000, y=  38.000, z=   0.000
  Object   : x=   0.009, y=  17.957, z= 569.195
  Detector : x=  10.000, y=   3.000, z= 690.000
  Obj rotY :   0.0000 deg
view   0 | SOD= 569.569 mm | SDD= 691.050 mm | M= 1.213 | incident=3.1588°
[[  25.215645   -568.65717     -20.042744  ]
 [   3.5506325   121.1657       14.957256  ]
 [   0.1493889     0.00794481    0.        ]
 [   0.            0.            0.1496    ]]
Residual vector length: 504, Jacobian shape: (504, 6)
view   0 | SOD= 569.213 mm | SDD= 691.050 mm | M= 1.214 | incident=3.1588°
[[  24.815939   -568.3186      -20.033669  ]
 [   3.6229784   121.51895      14.9663315 ]
 [   0.14939429    0.00784258    0.        ]
 [   0.            0.            0.1496    ]]

iter 07 cost=55.085819 -> 28.538406 |dtheta|=3.628035e-01  lambda=4.572e-06

============================================================
Iteration 8
============================================================
Theta offsets (Unity frame):
  Source   : dSx=   0.000, dSy=   0.000, dSz=   0.000  (mm)
  Object   : dOx=  -6.992, dOy=  -2.034, dOz=  -7.165  (mm)
  Object offset: offset_x=   0.004, offset_z=   0.003  (mm)
  Detector : dDx=   0.000, dDy=   0.000, dDz=   0.000  (mm)
  Obj Stage rotY :    3.005 deg
============================================================

Unity geometry (world coordinates):
  Source   : x=  -5.000, y=  38.000, z=   0.000
  Object   : x=   0.008, y=  17.966, z= 568.835
  Detector : x=  10.000, y=   3.000, z= 690.000
  Obj rotY :   0.0000 deg
view   0 | SOD= 569.213 mm | SDD= 691.050 mm | M= 1.214 | incident=3.1588°
[[  24.815939   -568.3186      -20.033669  ]
 [   3.6229784   121.51895      14.9663315 ]
 [   0.14939429    0.00784258    0.        ]
 [   0.            0.            0.1496    ]]
Residual vector length: 504, Jacobian shape: (504, 6)
view   0 | SOD= 568.917 mm | SDD= 691.050 mm | M= 1.215 | incident=3.1588°
[[  24.689121   -568.0278      -20.024765  ]
 [   3.6376328   121.814095     14.975235  ]
 [   0.1493959     0.00781194    0.        ]
 [   0.            0.            0.1496    ]]

iter 08 cost=28.538406 -> 13.356463 |dtheta|=2.970740e-01  lambda=1.524e-06

============================================================
Iteration 9
============================================================
Theta offsets (Unity frame):
  Source   : dSx=   0.000, dSy=   0.000, dSz=   0.000  (mm)
  Object   : dOx=  -6.995, dOy=  -2.025, dOz=  -7.462  (mm)
  Object offset: offset_x=   0.001, offset_z=   0.004  (mm)
  Detector : dDx=   0.000, dDy=   0.000, dDz=   0.000  (mm)
  Obj Stage rotY :    2.993 deg
============================================================

Unity geometry (world coordinates):
  Source   : x=  -5.000, y=  38.000, z=   0.000
  Object   : x=   0.005, y=  17.975, z= 568.538
  Detector : x=  10.000, y=   3.000, z= 690.000
  Obj rotY :   0.0000 deg
view   0 | SOD= 568.917 mm | SDD= 691.050 mm | M= 1.215 | incident=3.1588°
[[  24.689121   -568.0278      -20.024765  ]
 [   3.6376328   121.814095     14.975235  ]
 [   0.1493959     0.00781194    0.        ]
 [   0.            0.            0.1496    ]]
Residual vector length: 504, Jacobian shape: (504, 6)
view   0 | SOD= 568.755 mm | SDD= 691.050 mm | M= 1.215 | incident=3.1588°
[[  24.612234   -567.8693      -20.016844  ]
 [   3.6490412   121.97525      14.983156  ]
 [   0.1493969     0.00779282    0.        ]
 [   0.            0.            0.1496    ]]

iter 09 cost=13.356463 -> 8.322486 |dtheta|=1.559566e-01  lambda=1.000e-06

============================================================
Iteration 10
============================================================
Theta offsets (Unity frame):
  Source   : dSx=   0.000, dSy=   0.000, dSz=   0.000  (mm)
  Object   : dOx=  -6.995, dOy=  -2.017, dOz=  -7.617  (mm)
  Object offset: offset_x=  -0.003, offset_z=  -0.002  (mm)
  Detector : dDx=   0.000, dDy=   0.000, dDz=   0.000  (mm)
  Obj Stage rotY :    2.986 deg
============================================================

Unity geometry (world coordinates):
  Source   : x=  -5.000, y=  38.000, z=   0.000
  Object   : x=   0.005, y=  17.983, z= 568.383
  Detector : x=  10.000, y=   3.000, z= 690.000
  Obj rotY :   0.0000 deg
view   0 | SOD= 568.755 mm | SDD= 691.050 mm | M= 1.215 | incident=3.1588°
[[  24.612234   -567.8693      -20.016844  ]
 [   3.6490412   121.97525      14.983156  ]
 [   0.1493969     0.00779282    0.        ]
 [   0.            0.            0.1496    ]]
Residual vector length: 504, Jacobian shape: (504, 6)
view   0 | SOD= 568.630 mm | SDD= 691.050 mm | M= 1.215 | incident=3.1588°
[[  24.625591   -567.74396     -20.009916  ]
 [   3.6371746   122.09986      14.990084  ]
 [   0.14939661    0.00779828    0.        ]
 [   0.            0.            0.1496    ]]

iter 10 cost=8.322486 -> 4.563690 |dtheta|=1.270625e-01  lambda=1.000e-06

============================================================
Iteration 11
============================================================
Theta offsets (Unity frame):
  Source   : dSx=   0.000, dSy=   0.000, dSz=   0.000  (mm)
  Object   : dOx=  -6.996, dOy=  -2.010, dOz=  -7.744  (mm)
  Object offset: offset_x=  -0.001, offset_z=  -0.000  (mm)
  Detector : dDx=   0.000, dDy=   0.000, dDz=   0.000  (mm)
  Obj Stage rotY :    2.988 deg
============================================================

Unity geometry (world coordinates):
  Source   : x=  -5.000, y=  38.000, z=   0.000
  Object   : x=   0.004, y=  17.990, z= 568.256
  Detector : x=  10.000, y=   3.000, z= 690.000
  Obj rotY :   0.0000 deg
view   0 | SOD= 568.630 mm | SDD= 691.050 mm | M= 1.215 | incident=3.1588°
[[  24.625591   -567.74396     -20.009916  ]
 [   3.6371746   122.09986      14.990084  ]
 [   0.14939661    0.00779828    0.        ]
 [   0.            0.            0.1496    ]]
Residual vector length: 504, Jacobian shape: (504, 6)
view   0 | SOD= 568.534 mm | SDD= 691.050 mm | M= 1.215 | incident=3.1588°
[[  24.655172   -567.64655     -20.006826  ]
 [   3.6285026   122.196106     14.993174  ]
 [   0.14939618    0.00780657    0.        ]
 [   0.            0.            0.1496    ]]

iter 11 cost=4.563690 -> 2.864268 |dtheta|=9.491474e-02  lambda=1.000e-06

============================================================
Iteration 12
============================================================
Theta offsets (Unity frame):
  Source   : dSx=   0.000, dSy=   0.000, dSz=   0.000  (mm)
  Object   : dOx=  -6.998, dOy=  -2.007, dOz=  -7.839  (mm)
  Object offset: offset_x=  -0.002, offset_z=  -0.002  (mm)
  Detector : dDx=   0.000, dDy=   0.000, dDz=   0.000  (mm)
  Obj Stage rotY :    2.991 deg
============================================================

Unity geometry (world coordinates):
  Source   : x=  -5.000, y=  38.000, z=   0.000
  Object   : x=   0.002, y=  17.993, z= 568.161
  Detector : x=  10.000, y=   3.000, z= 690.000
  Obj rotY :   0.0000 deg
view   0 | SOD= 568.534 mm | SDD= 691.050 mm | M= 1.215 | incident=3.1588°
[[  24.655172   -567.64655     -20.006826  ]
 [   3.6285026   122.196106     14.993174  ]
 [   0.14939618    0.00780657    0.        ]
 [   0.            0.            0.1496    ]]
Residual vector length: 504, Jacobian shape: (504, 6)
view   0 | SOD= 568.490 mm | SDD= 691.050 mm | M= 1.216 | incident=3.1588°
[[  24.681467   -567.6013      -20.004398  ]
 [   3.6202137   122.2403       14.995602  ]
 [   0.14939578    0.00781406    0.        ]
 [   0.            0.            0.1496    ]]

iter 12 cost=2.864268 -> 2.419282 |dtheta|=4.391361e-02  lambda=1.000e-06

============================================================
Iteration 13
============================================================
Theta offsets (Unity frame):
  Source   : dSx=   0.000, dSy=   0.000, dSz=   0.000  (mm)
  Object   : dOx=  -6.998, dOy=  -2.004, dOz=  -7.882  (mm)
  Object offset: offset_x=  -0.002, offset_z=  -0.002  (mm)
  Detector : dDx=   0.000, dDy=   0.000, dDz=   0.000  (mm)
  Obj Stage rotY :    2.994 deg
============================================================

Unity geometry (world coordinates):
  Source   : x=  -5.000, y=  38.000, z=   0.000
  Object   : x=   0.002, y=  17.996, z= 568.118
  Detector : x=  10.000, y=   3.000, z= 690.000
  Obj rotY :   0.0000 deg
view   0 | SOD= 568.490 mm | SDD= 691.050 mm | M= 1.216 | incident=3.1588°
[[  24.681467   -567.6013      -20.004398  ]
 [   3.6202137   122.2403       14.995602  ]
 [   0.14939578    0.00781406    0.        ]
 [   0.            0.            0.1496    ]]
Residual vector length: 504, Jacobian shape: (504, 6)
view   0 | SOD= 568.461 mm | SDD= 691.050 mm | M= 1.216 | incident=3.1588°
[[  24.70039    -567.57214     -20.0041    ]
 [   3.6146843   122.26872      14.995899  ]
 [   0.14939551    0.00781935    0.        ]
 [   0.            0.            0.1496    ]]

iter 13 cost=2.419282 -> 2.167513 |dtheta|=2.844644e-02  lambda=1.000e-06

============================================================
Iteration 14
============================================================
Theta offsets (Unity frame):
  Source   : dSx=   0.000, dSy=   0.000, dSz=   0.000  (mm)
  Object   : dOx=  -6.999, dOy=  -2.004, dOz=  -7.911  (mm)
  Object offset: offset_x=  -0.002, offset_z=  -0.002  (mm)
  Detector : dDx=   0.000, dDy=   0.000, dDz=   0.000  (mm)
  Obj Stage rotY :    2.996 deg
============================================================

Unity geometry (world coordinates):
  Source   : x=  -5.000, y=  38.000, z=   0.000
  Object   : x=   0.001, y=  17.996, z= 568.089
  Detector : x=  10.000, y=   3.000, z= 690.000
  Obj rotY :   0.0000 deg
view   0 | SOD= 568.461 mm | SDD= 691.050 mm | M= 1.216 | incident=3.1588°
[[  24.70039    -567.57214     -20.0041    ]
 [   3.6146843   122.26872      14.995899  ]
 [   0.14939551    0.00781935    0.        ]
 [   0.            0.            0.1496    ]]
Residual vector length: 504, Jacobian shape: (504, 6)
view   0 | SOD= 568.440 mm | SDD= 691.050 mm | M= 1.216 | incident=3.1588°
[[  24.76772    -567.5474      -20.00311   ]
 [   3.5976944   122.29082      14.996889  ]
 [   0.14939456    0.00783761    0.        ]
 [   0.            0.            0.1496    ]]

iter 14 cost=2.167513 -> 1.948481 |dtheta|=2.408060e-02  lambda=1.000e-06

============================================================
Iteration 15
============================================================
Theta offsets (Unity frame):
  Source   : dSx=   0.000, dSy=   0.000, dSz=   0.000  (mm)
  Object   : dOx=  -6.999, dOy=  -2.003, dOz=  -7.934  (mm)
  Object offset: offset_x=  -0.001, offset_z=  -0.001  (mm)
  Detector : dDx=   0.000, dDy=   0.000, dDz=   0.000  (mm)
  Obj Stage rotY :    3.003 deg
============================================================

Unity geometry (world coordinates):
  Source   : x=  -5.000, y=  38.000, z=   0.000
  Object   : x=   0.001, y=  17.997, z= 568.066
  Detector : x=  10.000, y=   3.000, z= 690.000
  Obj rotY :   0.0000 deg
view   0 | SOD= 568.440 mm | SDD= 691.050 mm | M= 1.216 | incident=3.1588°
[[  24.76772    -567.5474      -20.00311   ]
 [   3.5976944   122.29082      14.996889  ]
 [   0.14939456    0.00783761    0.        ]
 [   0.            0.            0.1496    ]]
Residual vector length: 504, Jacobian shape: (504, 6)
view   0 | SOD= 568.422 mm | SDD= 691.050 mm | M= 1.216 | incident=3.1588°
[[  24.820114   -567.52783     -20.002644  ]
 [   3.5854275   122.30847      14.997356  ]
 [   0.14939381    0.00785162    0.        ]
 [   0.            0.            0.1496    ]]

iter 15 cost=1.948481 -> 1.934359 |dtheta|=1.875798e-02  lambda=1.000e-06

============================================================
Iteration 16
============================================================
Theta offsets (Unity frame):
  Source   : dSx=   0.000, dSy=   0.000, dSz=   0.000  (mm)
  Object   : dOx=  -6.999, dOy=  -2.003, dOz=  -7.952  (mm)
  Object offset: offset_x=  -0.001, offset_z=  -0.000  (mm)
  Detector : dDx=   0.000, dDy=   0.000, dDz=   0.000  (mm)
  Obj Stage rotY :    3.008 deg
============================================================

Unity geometry (world coordinates):
  Source   : x=  -5.000, y=  38.000, z=   0.000
  Object   : x=   0.001, y=  17.997, z= 568.048
  Detector : x=  10.000, y=   3.000, z= 690.000
  Obj rotY :   0.0000 deg
view   0 | SOD= 568.422 mm | SDD= 691.050 mm | M= 1.216 | incident=3.1588°
[[  24.820114   -567.52783     -20.002644  ]
 [   3.5854275   122.30847      14.997356  ]
 [   0.14939381    0.00785162    0.        ]
 [   0.            0.            0.1496    ]]
Residual vector length: 504, Jacobian shape: (504, 6)
view   0 | SOD= 568.412 mm | SDD= 691.050 mm | M= 1.216 | incident=3.1588°
[[  24.831066   -567.5165      -20.002705  ]
 [   3.5820274   122.31938      14.997295  ]
 [   0.14939365    0.00785473    0.        ]
 [   0.            0.            0.1496    ]]

iter 16 cost=1.934359 -> 1.903741 |dtheta|=1.044320e-02  lambda=1.000e-06

============================================================
Iteration 17
============================================================
Theta offsets (Unity frame):
  Source   : dSx=   0.000, dSy=   0.000, dSz=   0.000  (mm)
  Object   : dOx=  -6.999, dOy=  -2.003, dOz=  -7.962  (mm)
  Object offset: offset_x=  -0.000, offset_z=  -0.001  (mm)
  Detector : dDx=   0.000, dDy=   0.000, dDz=   0.000  (mm)
  Obj Stage rotY :    3.010 deg
============================================================

Unity geometry (world coordinates):
  Source   : x=  -5.000, y=  38.000, z=   0.000
  Object   : x=   0.001, y=  17.997, z= 568.038
  Detector : x=  10.000, y=   3.000, z= 690.000
  Obj rotY :   0.0000 deg
view   0 | SOD= 568.412 mm | SDD= 691.050 mm | M= 1.216 | incident=3.1588°
[[  24.831066   -567.5165      -20.002705  ]
 [   3.5820274   122.31938      14.997295  ]
 [   0.14939365    0.00785473    0.        ]
 [   0.            0.            0.1496    ]]
Residual vector length: 504, Jacobian shape: (504, 6)
view   0 | SOD= 568.401 mm | SDD= 691.050 mm | M= 1.216 | incident=3.1588°
[[  24.82145    -567.506       -20.002712  ]
 [   3.5840406   122.33019      14.997288  ]
 [   0.14939378    0.00785221    0.        ]
 [   0.            0.            0.1496    ]]

iter 17 cost=1.903741 -> 1.883136 |dtheta|=1.106439e-02  lambda=1.000e-06

============================================================
Iteration 18
============================================================
Theta offsets (Unity frame):
  Source   : dSx=   0.000, dSy=   0.000, dSz=   0.000  (mm)
  Object   : dOx=  -6.999, dOy=  -2.003, dOz=  -7.973  (mm)
  Object offset: offset_x=  -0.001, offset_z=  -0.000  (mm)
  Detector : dDx=   0.000, dDy=   0.000, dDz=   0.000  (mm)
  Obj Stage rotY :    3.009 deg
============================================================

Unity geometry (world coordinates):
  Source   : x=  -5.000, y=  38.000, z=   0.000
  Object   : x=   0.001, y=  17.997, z= 568.027
  Detector : x=  10.000, y=   3.000, z= 690.000
  Obj rotY :   0.0000 deg
view   0 | SOD= 568.401 mm | SDD= 691.050 mm | M= 1.216 | incident=3.1588°
[[  24.82145    -567.506       -20.002712  ]
 [   3.5840406   122.33019      14.997288  ]
 [   0.14939378    0.00785221    0.        ]
 [   0.            0.            0.1496    ]]
Residual vector length: 504, Jacobian shape: (504, 6)
view   0 | SOD= 568.392 mm | SDD= 691.050 mm | M= 1.216 | incident=3.1588°
[[  24.844534   -567.4964      -20.002218  ]
 [   3.5780807   122.33892      14.997782  ]
 [   0.14939345    0.0078585     0.        ]
 [   0.            0.            0.1496    ]]

iter 18 cost=1.883136 -> 1.827001 |dtheta|=8.324193e-03  lambda=1.000e-06

============================================================
Iteration 19
============================================================
Theta offsets (Unity frame):
  Source   : dSx=   0.000, dSy=   0.000, dSz=   0.000  (mm)
  Object   : dOx=  -6.999, dOy=  -2.002, dOz=  -7.981  (mm)
  Object offset: offset_x=  -0.000, offset_z=  -0.001  (mm)
  Detector : dDx=   0.000, dDy=   0.000, dDz=   0.000  (mm)
  Obj Stage rotY :    3.011 deg
============================================================

Unity geometry (world coordinates):
  Source   : x=  -5.000, y=  38.000, z=   0.000
  Object   : x=   0.001, y=  17.998, z= 568.019
  Detector : x=  10.000, y=   3.000, z= 690.000
  Obj rotY :   0.0000 deg
view   0 | SOD= 568.392 mm | SDD= 691.050 mm | M= 1.216 | incident=3.1588°
[[  24.844534   -567.4964      -20.002218  ]
 [   3.5780807   122.33892      14.997782  ]
 [   0.14939345    0.0078585     0.        ]
 [   0.            0.            0.1496    ]]
Residual vector length: 504, Jacobian shape: (504, 6)
view   0 | SOD= 568.386 mm | SDD= 691.050 mm | M= 1.216 | incident=3.1588°
[[  24.834824   -567.4904      -20.001896  ]
 [   3.579713    122.34526      14.998104  ]
 [   0.14939359    0.00785604    0.        ]
 [   0.            0.            0.1496    ]]

iter 19 cost=1.827001 -> 1.810736 |dtheta|=6.346620e-03  lambda=1.000e-06

============================================================
Iteration 20
============================================================
Theta offsets (Unity frame):
  Source   : dSx=   0.000, dSy=   0.000, dSz=   0.000  (mm)
  Object   : dOx=  -7.000, dOy=  -2.002, dOz=  -7.987  (mm)
  Object offset: offset_x=  -0.000, offset_z=  -0.001  (mm)
  Detector : dDx=   0.000, dDy=   0.000, dDz=   0.000  (mm)
  Obj Stage rotY :    3.010 deg
============================================================

Unity geometry (world coordinates):
  Source   : x=  -5.000, y=  38.000, z=   0.000
  Object   : x=   0.000, y=  17.998, z= 568.013
  Detector : x=  10.000, y=   3.000, z= 690.000
  Obj rotY :   0.0000 deg
view   0 | SOD= 568.386 mm | SDD= 691.050 mm | M= 1.216 | incident=3.1588°
[[  24.834824   -567.4904      -20.001896  ]
 [   3.579713    122.34526      14.998104  ]
 [   0.14939359    0.00785604    0.        ]
 [   0.            0.            0.1496    ]]
Residual vector length: 504, Jacobian shape: (504, 6)
view   0 | SOD= 568.378 mm | SDD= 691.050 mm | M= 1.216 | incident=3.1588°
[[  24.833029   -567.4832      -20.001394  ]
 [   3.580389    122.35253      14.998606  ]
 [   0.1493936     0.00785551    0.        ]
 [   0.            0.            0.1496    ]]

iter 20 cost=1.810736 -> 1.878160 |dtheta|=8.268757e-03  lambda=1.000e-06

============================================================
Iteration 21
============================================================
Theta offsets (Unity frame):
  Source   : dSx=   0.000, dSy=   0.000, dSz=   0.000  (mm)
  Object   : dOx=  -7.000, dOy=  -2.002, dOz=  -7.987  (mm)
  Object offset: offset_x=  -0.000, offset_z=  -0.001  (mm)
  Detector : dDx=   0.000, dDy=   0.000, dDz=   0.000  (mm)
  Obj Stage rotY :    3.010 deg
============================================================

Unity geometry (world coordinates):
  Source   : x=  -5.000, y=  38.000, z=   0.000
  Object   : x=   0.000, y=  17.998, z= 568.013
  Detector : x=  10.000, y=   3.000, z= 690.000
  Obj rotY :   0.0000 deg
view   0 | SOD= 568.386 mm | SDD= 691.050 mm | M= 1.216 | incident=3.1588°
[[  24.834824   -567.4904      -20.001896  ]
 [   3.579713    122.34526      14.998104  ]
 [   0.14939359    0.00785604    0.        ]
 [   0.            0.            0.1496    ]]
Residual vector length: 504, Jacobian shape: (504, 6)
view   0 | SOD= 568.378 mm | SDD= 691.050 mm | M= 1.216 | incident=3.1588°
[[  24.833029   -567.4832      -20.001394  ]
 [   3.580389    122.35253      14.998606  ]
 [   0.1493936     0.00785551    0.        ]
 [   0.            0.            0.1496    ]]

iter 21 cost=1.810736 -> 1.878160 |dtheta|=8.268757e-03  lambda=5.000e-06

============================================================
Iteration 22
============================================================
Theta offsets (Unity frame):
  Source   : dSx=   0.000, dSy=   0.000, dSz=   0.000  (mm)
  Object   : dOx=  -7.000, dOy=  -2.002, dOz=  -7.987  (mm)
  Object offset: offset_x=  -0.000, offset_z=  -0.001  (mm)
  Detector : dDx=   0.000, dDy=   0.000, dDz=   0.000  (mm)
  Obj Stage rotY :    3.010 deg
============================================================

Unity geometry (world coordinates):
  Source   : x=  -5.000, y=  38.000, z=   0.000
  Object   : x=   0.000, y=  17.998, z= 568.013
  Detector : x=  10.000, y=   3.000, z= 690.000
  Obj rotY :   0.0000 deg
view   0 | SOD= 568.386 mm | SDD= 691.050 mm | M= 1.216 | incident=3.1588°
[[  24.834824   -567.4904      -20.001896  ]
 [   3.579713    122.34526      14.998104  ]
 [   0.14939359    0.00785604    0.        ]
 [   0.            0.            0.1496    ]]
Residual vector length: 504, Jacobian shape: (504, 6)
view   0 | SOD= 568.378 mm | SDD= 691.050 mm | M= 1.216 | incident=3.1588°
[[  24.833029   -567.4832      -20.001394  ]
 [   3.580389    122.35253      14.998606  ]
 [   0.1493936     0.00785551    0.        ]
 [   0.            0.            0.1496    ]]

iter 22 cost=1.810736 -> 1.878160 |dtheta|=8.268757e-03  lambda=2.500e-05

============================================================
Iteration 23
============================================================
Theta offsets (Unity frame):
  Source   : dSx=   0.000, dSy=   0.000, dSz=   0.000  (mm)
  Object   : dOx=  -7.000, dOy=  -2.002, dOz=  -7.987  (mm)
  Object offset: offset_x=  -0.000, offset_z=  -0.001  (mm)
  Detector : dDx=   0.000, dDy=   0.000, dDz=   0.000  (mm)
  Obj Stage rotY :    3.010 deg
============================================================

Unity geometry (world coordinates):
  Source   : x=  -5.000, y=  38.000, z=   0.000
  Object   : x=   0.000, y=  17.998, z= 568.013
  Detector : x=  10.000, y=   3.000, z= 690.000
  Obj rotY :   0.0000 deg
view   0 | SOD= 568.386 mm | SDD= 691.050 mm | M= 1.216 | incident=3.1588°
[[  24.834824   -567.4904      -20.001896  ]
 [   3.579713    122.34526      14.998104  ]
 [   0.14939359    0.00785604    0.        ]
 [   0.            0.            0.1496    ]]
Residual vector length: 504, Jacobian shape: (504, 6)
view   0 | SOD= 568.378 mm | SDD= 691.050 mm | M= 1.216 | incident=3.1588°
[[  24.833029   -567.4832      -20.001394  ]
 [   3.580389    122.35253      14.998606  ]
 [   0.1493936     0.00785551    0.        ]
 [   0.            0.            0.1496    ]]

iter 23 cost=1.810736 -> 1.878160 |dtheta|=8.268755e-03  lambda=1.250e-04

============================================================
Iteration 24
============================================================
Theta offsets (Unity frame):
  Source   : dSx=   0.000, dSy=   0.000, dSz=   0.000  (mm)
  Object   : dOx=  -7.000, dOy=  -2.002, dOz=  -7.987  (mm)
  Object offset: offset_x=  -0.000, offset_z=  -0.001  (mm)
  Detector : dDx=   0.000, dDy=   0.000, dDz=   0.000  (mm)
  Obj Stage rotY :    3.010 deg
============================================================

Unity geometry (world coordinates):
  Source   : x=  -5.000, y=  38.000, z=   0.000
  Object   : x=   0.000, y=  17.998, z= 568.013
  Detector : x=  10.000, y=   3.000, z= 690.000
  Obj rotY :   0.0000 deg
view   0 | SOD= 568.386 mm | SDD= 691.050 mm | M= 1.216 | incident=3.1588°
[[  24.834824   -567.4904      -20.001896  ]
 [   3.579713    122.34526      14.998104  ]
 [   0.14939359    0.00785604    0.        ]
 [   0.            0.            0.1496    ]]
Residual vector length: 504, Jacobian shape: (504, 6)
view   0 | SOD= 568.378 mm | SDD= 691.050 mm | M= 1.216 | incident=3.1588°
[[  24.833029   -567.4832      -20.001394  ]
 [   3.580389    122.35253      14.998606  ]
 [   0.1493936     0.00785551    0.        ]
 [   0.            0.            0.1496    ]]

iter 24 cost=1.810736 -> 1.878160 |dtheta|=8.268744e-03  lambda=6.250e-04

============================================================
Iteration 25
============================================================
Theta offsets (Unity frame):
  Source   : dSx=   0.000, dSy=   0.000, dSz=   0.000  (mm)
  Object   : dOx=  -7.000, dOy=  -2.002, dOz=  -7.987  (mm)
  Object offset: offset_x=  -0.000, offset_z=  -0.001  (mm)
  Detector : dDx=   0.000, dDy=   0.000, dDz=   0.000  (mm)
  Obj Stage rotY :    3.010 deg
============================================================

Unity geometry (world coordinates):
  Source   : x=  -5.000, y=  38.000, z=   0.000
  Object   : x=   0.000, y=  17.998, z= 568.013
  Detector : x=  10.000, y=   3.000, z= 690.000
  Obj rotY :   0.0000 deg
view   0 | SOD= 568.386 mm | SDD= 691.050 mm | M= 1.216 | incident=3.1588°
[[  24.834824   -567.4904      -20.001896  ]
 [   3.579713    122.34526      14.998104  ]
 [   0.14939359    0.00785604    0.        ]
 [   0.            0.            0.1496    ]]
Residual vector length: 504, Jacobian shape: (504, 6)
view   0 | SOD= 568.378 mm | SDD= 691.050 mm | M= 1.216 | incident=3.1588°
[[  24.833029   -567.4832      -20.001394  ]
 [   3.580389    122.35253      14.998606  ]
 [   0.1493936     0.00785551    0.        ]
 [   0.            0.            0.1496    ]]

iter 25 cost=1.810736 -> 1.878160 |dtheta|=8.268694e-03  lambda=3.125e-03

============================================================
Iteration 26
============================================================
Theta offsets (Unity frame):
  Source   : dSx=   0.000, dSy=   0.000, dSz=   0.000  (mm)
  Object   : dOx=  -7.000, dOy=  -2.002, dOz=  -7.987  (mm)
  Object offset: offset_x=  -0.000, offset_z=  -0.001  (mm)
  Detector : dDx=   0.000, dDy=   0.000, dDz=   0.000  (mm)
  Obj Stage rotY :    3.010 deg
============================================================

Unity geometry (world coordinates):
  Source   : x=  -5.000, y=  38.000, z=   0.000
  Object   : x=   0.000, y=  17.998, z= 568.013
  Detector : x=  10.000, y=   3.000, z= 690.000
  Obj rotY :   0.0000 deg
view   0 | SOD= 568.386 mm | SDD= 691.050 mm | M= 1.216 | incident=3.1588°
[[  24.834824   -567.4904      -20.001896  ]
 [   3.579713    122.34526      14.998104  ]
 [   0.14939359    0.00785604    0.        ]
 [   0.            0.            0.1496    ]]
Residual vector length: 504, Jacobian shape: (504, 6)
view   0 | SOD= 568.378 mm | SDD= 691.050 mm | M= 1.216 | incident=3.1588°
[[  24.833029   -567.4832      -20.001394  ]
 [   3.580389    122.35253      14.998606  ]
 [   0.1493936     0.00785551    0.        ]
 [   0.            0.            0.1496    ]]

iter 26 cost=1.810736 -> 1.878160 |dtheta|=8.268443e-03  lambda=1.562e-02

============================================================
Iteration 27
============================================================
Theta offsets (Unity frame):
  Source   : dSx=   0.000, dSy=   0.000, dSz=   0.000  (mm)
  Object   : dOx=  -7.000, dOy=  -2.002, dOz=  -7.987  (mm)
  Object offset: offset_x=  -0.000, offset_z=  -0.001  (mm)
  Detector : dDx=   0.000, dDy=   0.000, dDz=   0.000  (mm)
  Obj Stage rotY :    3.010 deg
============================================================

Unity geometry (world coordinates):
  Source   : x=  -5.000, y=  38.000, z=   0.000
  Object   : x=   0.000, y=  17.998, z= 568.013
  Detector : x=  10.000, y=   3.000, z= 690.000
  Obj rotY :   0.0000 deg
view   0 | SOD= 568.386 mm | SDD= 691.050 mm | M= 1.216 | incident=3.1588°
[[  24.834824   -567.4904      -20.001896  ]
 [   3.579713    122.34526      14.998104  ]
 [   0.14939359    0.00785604    0.        ]
 [   0.            0.            0.1496    ]]
Residual vector length: 504, Jacobian shape: (504, 6)
view   0 | SOD= 568.378 mm | SDD= 691.050 mm | M= 1.216 | incident=3.1588°
[[  24.833027   -567.4832      -20.001394  ]
 [   3.580389    122.35253      14.998606  ]
 [   0.1493936     0.00785551    0.        ]
 [   0.            0.            0.1496    ]]

iter 27 cost=1.810736 -> 1.878160 |dtheta|=8.267185e-03  lambda=7.812e-02

============================================================
Iteration 28
============================================================
Theta offsets (Unity frame):
  Source   : dSx=   0.000, dSy=   0.000, dSz=   0.000  (mm)
  Object   : dOx=  -7.000, dOy=  -2.002, dOz=  -7.987  (mm)
  Object offset: offset_x=  -0.000, offset_z=  -0.001  (mm)
  Detector : dDx=   0.000, dDy=   0.000, dDz=   0.000  (mm)
  Obj Stage rotY :    3.010 deg
============================================================

Unity geometry (world coordinates):
  Source   : x=  -5.000, y=  38.000, z=   0.000
  Object   : x=   0.000, y=  17.998, z= 568.013
  Detector : x=  10.000, y=   3.000, z= 690.000
  Obj rotY :   0.0000 deg
view   0 | SOD= 568.386 mm | SDD= 691.050 mm | M= 1.216 | incident=3.1588°
[[  24.834824   -567.4904      -20.001896  ]
 [   3.579713    122.34526      14.998104  ]
 [   0.14939359    0.00785604    0.        ]
 [   0.            0.            0.1496    ]]
Residual vector length: 504, Jacobian shape: (504, 6)
view   0 | SOD= 568.378 mm | SDD= 691.050 mm | M= 1.216 | incident=3.1588°
[[  24.833027   -567.4832      -20.001394  ]
 [   3.5803893   122.35253      14.998606  ]
 [   0.1493936     0.00785551    0.        ]
 [   0.            0.            0.1496    ]]

iter 28 cost=1.810736 -> 1.878160 |dtheta|=8.260904e-03  lambda=3.906e-01

============================================================
Iteration 29
============================================================
Theta offsets (Unity frame):
  Source   : dSx=   0.000, dSy=   0.000, dSz=   0.000  (mm)
  Object   : dOx=  -7.000, dOy=  -2.002, dOz=  -7.987  (mm)
  Object offset: offset_x=  -0.000, offset_z=  -0.001  (mm)
  Detector : dDx=   0.000, dDy=   0.000, dDz=   0.000  (mm)
  Obj Stage rotY :    3.010 deg
============================================================

Unity geometry (world coordinates):
  Source   : x=  -5.000, y=  38.000, z=   0.000
  Object   : x=   0.000, y=  17.998, z= 568.013
  Detector : x=  10.000, y=   3.000, z= 690.000
  Obj rotY :   0.0000 deg
view   0 | SOD= 568.386 mm | SDD= 691.050 mm | M= 1.216 | incident=3.1588°
[[  24.834824   -567.4904      -20.001896  ]
 [   3.579713    122.34526      14.998104  ]
 [   0.14939359    0.00785604    0.        ]
 [   0.            0.            0.1496    ]]
Residual vector length: 504, Jacobian shape: (504, 6)
view   0 | SOD= 568.378 mm | SDD= 691.050 mm | M= 1.216 | incident=3.1588°
[[  24.83302   -567.4832     -20.001396 ]
 [   3.5803895  122.35253     14.998604 ]
 [   0.1493936    0.0078555    0.       ]
 [   0.           0.           0.1496   ]]

iter 29 cost=1.810736 -> 1.878160 |dtheta|=8.229645e-03  lambda=1.953e+00

============================================================
Iteration 30
============================================================
Theta offsets (Unity frame):
  Source   : dSx=   0.000, dSy=   0.000, dSz=   0.000  (mm)
  Object   : dOx=  -7.000, dOy=  -2.002, dOz=  -7.987  (mm)
  Object offset: offset_x=  -0.000, offset_z=  -0.001  (mm)
  Detector : dDx=   0.000, dDy=   0.000, dDz=   0.000  (mm)
  Obj Stage rotY :    3.010 deg
============================================================

Unity geometry (world coordinates):
  Source   : x=  -5.000, y=  38.000, z=   0.000
  Object   : x=   0.000, y=  17.998, z= 568.013
  Detector : x=  10.000, y=   3.000, z= 690.000
  Obj rotY :   0.0000 deg
view   0 | SOD= 568.386 mm | SDD= 691.050 mm | M= 1.216 | incident=3.1588°
[[  24.834824   -567.4904      -20.001896  ]
 [   3.579713    122.34526      14.998104  ]
 [   0.14939359    0.00785604    0.        ]
 [   0.            0.            0.1496    ]]
Residual vector length: 504, Jacobian shape: (504, 6)
view   0 | SOD= 568.379 mm | SDD= 691.050 mm | M= 1.216 | incident=3.1588°
[[  24.832998   -567.4834      -20.001402  ]
 [   3.5804033   122.35235      14.998598  ]
 [   0.14939362    0.0078555     0.        ]
 [   0.            0.            0.1496    ]]

iter 30 cost=1.810736 -> 1.870938 |dtheta|=8.076916e-03  lambda=9.766e+00

============================================================
Iteration 31
============================================================
Theta offsets (Unity frame):
  Source   : dSx=   0.000, dSy=   0.000, dSz=   0.000  (mm)
  Object   : dOx=  -7.000, dOy=  -2.002, dOz=  -7.987  (mm)
  Object offset: offset_x=  -0.000, offset_z=  -0.001  (mm)
  Detector : dDx=   0.000, dDy=   0.000, dDz=   0.000  (mm)
  Obj Stage rotY :    3.010 deg
============================================================

Unity geometry (world coordinates):
  Source   : x=  -5.000, y=  38.000, z=   0.000
  Object   : x=   0.000, y=  17.998, z= 568.013
  Detector : x=  10.000, y=   3.000, z= 690.000
  Obj rotY :   0.0000 deg
view   0 | SOD= 568.386 mm | SDD= 691.050 mm | M= 1.216 | incident=3.1588°
[[  24.834824   -567.4904      -20.001896  ]
 [   3.579713    122.34526      14.998104  ]
 [   0.14939359    0.00785604    0.        ]
 [   0.            0.            0.1496    ]]
Residual vector length: 504, Jacobian shape: (504, 6)
view   0 | SOD= 568.379 mm | SDD= 691.050 mm | M= 1.216 | incident=3.1588°
[[  24.83291    -567.4841      -20.001429  ]
 [   3.5804513   122.35168      14.998571  ]
 [   0.14939362    0.00785547    0.        ]
 [   0.            0.            0.1496    ]]

iter 31 cost=1.810736 -> 1.883325 |dtheta|=7.392914e-03  lambda=4.883e+01

============================================================
Iteration 32
============================================================
Theta offsets (Unity frame):
  Source   : dSx=   0.000, dSy=   0.000, dSz=   0.000  (mm)
  Object   : dOx=  -7.000, dOy=  -2.002, dOz=  -7.987  (mm)
  Object offset: offset_x=  -0.000, offset_z=  -0.001  (mm)
  Detector : dDx=   0.000, dDy=   0.000, dDz=   0.000  (mm)
  Obj Stage rotY :    3.010 deg
============================================================

Unity geometry (world coordinates):
  Source   : x=  -5.000, y=  38.000, z=   0.000
  Object   : x=   0.000, y=  17.998, z= 568.013
  Detector : x=  10.000, y=   3.000, z= 690.000
  Obj rotY :   0.0000 deg
view   0 | SOD= 568.386 mm | SDD= 691.050 mm | M= 1.216 | incident=3.1588°
[[  24.834824   -567.4904      -20.001896  ]
 [   3.579713    122.34526      14.998104  ]
 [   0.14939359    0.00785604    0.        ]
 [   0.            0.            0.1496    ]]
Residual vector length: 504, Jacobian shape: (504, 6)
view   0 | SOD= 568.381 mm | SDD= 691.050 mm | M= 1.216 | incident=3.1588°
[[  24.83282    -567.4862      -20.001514  ]
 [   3.580554    122.34954      14.998486  ]
 [   0.14939362    0.00785542    0.        ]
 [   0.            0.            0.1496    ]]

iter 32 cost=1.810736 -> 1.884824 |dtheta|=5.218215e-03  lambda=2.441e+02

============================================================
Iteration 33
============================================================
Theta offsets (Unity frame):
  Source   : dSx=   0.000, dSy=   0.000, dSz=   0.000  (mm)
  Object   : dOx=  -7.000, dOy=  -2.002, dOz=  -7.987  (mm)
  Object offset: offset_x=  -0.000, offset_z=  -0.001  (mm)
  Detector : dDx=   0.000, dDy=   0.000, dDz=   0.000  (mm)
  Obj Stage rotY :    3.010 deg
============================================================

Unity geometry (world coordinates):
  Source   : x=  -5.000, y=  38.000, z=   0.000
  Object   : x=   0.000, y=  17.998, z= 568.013
  Detector : x=  10.000, y=   3.000, z= 690.000
  Obj rotY :   0.0000 deg
view   0 | SOD= 568.386 mm | SDD= 691.050 mm | M= 1.216 | incident=3.1588°
[[  24.834824   -567.4904      -20.001896  ]
 [   3.579713    122.34526      14.998104  ]
 [   0.14939359    0.00785604    0.        ]
 [   0.            0.            0.1496    ]]
Residual vector length: 504, Jacobian shape: (504, 6)
view   0 | SOD= 568.384 mm | SDD= 691.050 mm | M= 1.216 | incident=3.1588°
[[  24.833618   -567.4891      -20.001644  ]
 [   3.580438    122.34661      14.998356  ]
 [   0.1493936     0.00785562    0.        ]
 [   0.            0.            0.1496    ]]

iter 33 cost=1.810736 -> 1.847126 |dtheta|=2.234693e-03  lambda=1.221e+03

============================================================
Iteration 34
============================================================
Theta offsets (Unity frame):
  Source   : dSx=   0.000, dSy=   0.000, dSz=   0.000  (mm)
  Object   : dOx=  -7.000, dOy=  -2.002, dOz=  -7.987  (mm)
  Object offset: offset_x=  -0.000, offset_z=  -0.001  (mm)
  Detector : dDx=   0.000, dDy=   0.000, dDz=   0.000  (mm)
  Obj Stage rotY :    3.010 deg
============================================================

Unity geometry (world coordinates):
  Source   : x=  -5.000, y=  38.000, z=   0.000
  Object   : x=   0.000, y=  17.998, z= 568.013
  Detector : x=  10.000, y=   3.000, z= 690.000
  Obj rotY :   0.0000 deg
view   0 | SOD= 568.386 mm | SDD= 691.050 mm | M= 1.216 | incident=3.1588°
[[  24.834824   -567.4904      -20.001896  ]
 [   3.579713    122.34526      14.998104  ]
 [   0.14939359    0.00785604    0.        ]
 [   0.            0.            0.1496    ]]
Residual vector length: 504, Jacobian shape: (504, 6)
view   0 | SOD= 568.386 mm | SDD= 691.050 mm | M= 1.216 | incident=3.1588°
[[  24.834772   -567.49036     -20.001743  ]
 [   3.580041    122.34533      14.998257  ]
 [   0.14939359    0.00785596    0.        ]
 [   0.            0.            0.1496    ]]

iter 34 cost=1.810736 -> 1.814351 |dtheta|=7.645322e-04  lambda=6.104e+03

============================================================
Iteration 35
============================================================
Theta offsets (Unity frame):
  Source   : dSx=   0.000, dSy=   0.000, dSz=   0.000  (mm)
  Object   : dOx=  -7.000, dOy=  -2.002, dOz=  -7.987  (mm)
  Object offset: offset_x=  -0.000, offset_z=  -0.001  (mm)
  Detector : dDx=   0.000, dDy=   0.000, dDz=   0.000  (mm)
  Obj Stage rotY :    3.010 deg
============================================================

Unity geometry (world coordinates):
  Source   : x=  -5.000, y=  38.000, z=   0.000
  Object   : x=   0.000, y=  17.998, z= 568.013
  Detector : x=  10.000, y=   3.000, z= 690.000
  Obj rotY :   0.0000 deg
view   0 | SOD= 568.386 mm | SDD= 691.050 mm | M= 1.216 | incident=3.1588°
[[  24.834824   -567.4904      -20.001896  ]
 [   3.579713    122.34526      14.998104  ]
 [   0.14939359    0.00785604    0.        ]
 [   0.            0.            0.1496    ]]
Residual vector length: 504, Jacobian shape: (504, 6)
view   0 | SOD= 568.386 mm | SDD= 691.050 mm | M= 1.216 | incident=3.1588°
[[  24.834923   -567.4904      -20.00183   ]
 [   3.5798032   122.3452       14.998171  ]
 [   0.14939359    0.00785604    0.        ]
 [   0.            0.            0.1496    ]]

iter 35 cost=1.810736 -> 1.778291 |dtheta|=2.330700e-04  lambda=3.052e+04

============================================================
Iteration 36
============================================================
Theta offsets (Unity frame):
  Source   : dSx=   0.000, dSy=   0.000, dSz=   0.000  (mm)
  Object   : dOx=  -6.999, dOy=  -2.002, dOz=  -7.987  (mm)
  Object offset: offset_x=  -0.000, offset_z=  -0.001  (mm)
  Detector : dDx=   0.000, dDy=   0.000, dDz=   0.000  (mm)
  Obj Stage rotY :    3.010 deg
============================================================

Unity geometry (world coordinates):
  Source   : x=  -5.000, y=  38.000, z=   0.000
  Object   : x=   0.001, y=  17.998, z= 568.013
  Detector : x=  10.000, y=   3.000, z= 690.000
  Obj rotY :   0.0000 deg
view   0 | SOD= 568.386 mm | SDD= 691.050 mm | M= 1.216 | incident=3.1588°
[[  24.834923   -567.4904      -20.00183   ]
 [   3.5798032   122.3452       14.998171  ]
 [   0.14939359    0.00785604    0.        ]
 [   0.            0.            0.1496    ]]
Residual vector length: 504, Jacobian shape: (504, 6)
view   0 | SOD= 568.386 mm | SDD= 691.050 mm | M= 1.216 | incident=3.1588°
[[  24.833906   -567.4904      -20.001825  ]
 [   3.5801687   122.34526      14.998175  ]
 [   0.1493936     0.00785574    0.        ]
 [   0.            0.            0.1496    ]]

iter 36 cost=1.778291 -> 1.792187 |dtheta|=2.416286e-04  lambda=1.017e+04

============================================================
Iteration 37
============================================================
Theta offsets (Unity frame):
  Source   : dSx=   0.000, dSy=   0.000, dSz=   0.000  (mm)
  Object   : dOx=  -6.999, dOy=  -2.002, dOz=  -7.987  (mm)
  Object offset: offset_x=  -0.000, offset_z=  -0.001  (mm)
  Detector : dDx=   0.000, dDy=   0.000, dDz=   0.000  (mm)
  Obj Stage rotY :    3.010 deg
============================================================

Unity geometry (world coordinates):
  Source   : x=  -5.000, y=  38.000, z=   0.000
  Object   : x=   0.001, y=  17.998, z= 568.013
  Detector : x=  10.000, y=   3.000, z= 690.000
  Obj rotY :   0.0000 deg
view   0 | SOD= 568.386 mm | SDD= 691.050 mm | M= 1.216 | incident=3.1588°
[[  24.834923   -567.4904      -20.00183   ]
 [   3.5798032   122.3452       14.998171  ]
 [   0.14939359    0.00785604    0.        ]
 [   0.            0.            0.1496    ]]
Residual vector length: 504, Jacobian shape: (504, 6)
view   0 | SOD= 568.386 mm | SDD= 691.050 mm | M= 1.216 | incident=3.1588°
[[  24.834723   -567.49054     -20.00183   ]
 [   3.5798895   122.34514      14.998171  ]
 [   0.14939359    0.00785598    0.        ]
 [   0.            0.            0.1496    ]]

iter 37 cost=1.778291 -> 1.787038 |dtheta|=6.268065e-05  lambda=5.086e+04

============================================================
Iteration 38
============================================================
Theta offsets (Unity frame):
  Source   : dSx=   0.000, dSy=   0.000, dSz=   0.000  (mm)
  Object   : dOx=  -6.999, dOy=  -2.002, dOz=  -7.987  (mm)
  Object offset: offset_x=  -0.000, offset_z=  -0.001  (mm)
  Detector : dDx=   0.000, dDy=   0.000, dDz=   0.000  (mm)
  Obj Stage rotY :    3.010 deg
============================================================

Unity geometry (world coordinates):
  Source   : x=  -5.000, y=  38.000, z=   0.000
  Object   : x=   0.001, y=  17.998, z= 568.013
  Detector : x=  10.000, y=   3.000, z= 690.000
  Obj rotY :   0.0000 deg
view   0 | SOD= 568.386 mm | SDD= 691.050 mm | M= 1.216 | incident=3.1588°
[[  24.834923   -567.4904      -20.00183   ]
 [   3.5798032   122.3452       14.998171  ]
 [   0.14939359    0.00785604    0.        ]
 [   0.            0.            0.1496    ]]
Residual vector length: 504, Jacobian shape: (504, 6)
view   0 | SOD= 568.386 mm | SDD= 691.050 mm | M= 1.216 | incident=3.1588°
[[  24.83488    -567.4904      -20.00183   ]
 [   3.579821    122.3452       14.998171  ]
 [   0.14939359    0.00785603    0.        ]
 [   0.            0.            0.1496    ]]

iter 38 cost=1.778291 -> 1.778684 |dtheta|=1.354115e-05  lambda=2.543e+05

============================================================
Iteration 39
============================================================
Theta offsets (Unity frame):
  Source   : dSx=   0.000, dSy=   0.000, dSz=   0.000  (mm)
  Object   : dOx=  -6.999, dOy=  -2.002, dOz=  -7.987  (mm)
  Object offset: offset_x=  -0.000, offset_z=  -0.001  (mm)
  Detector : dDx=   0.000, dDy=   0.000, dDz=   0.000  (mm)
  Obj Stage rotY :    3.010 deg
============================================================

Unity geometry (world coordinates):
  Source   : x=  -5.000, y=  38.000, z=   0.000
  Object   : x=   0.001, y=  17.998, z= 568.013
  Detector : x=  10.000, y=   3.000, z= 690.000
  Obj rotY :   0.0000 deg
view   0 | SOD= 568.386 mm | SDD= 691.050 mm | M= 1.216 | incident=3.1588°
[[  24.834923   -567.4904      -20.00183   ]
 [   3.5798032   122.3452       14.998171  ]
 [   0.14939359    0.00785604    0.        ]
 [   0.            0.            0.1496    ]]
Residual vector length: 504, Jacobian shape: (504, 6)
view   0 | SOD= 568.386 mm | SDD= 691.050 mm | M= 1.216 | incident=3.1588°
[[  24.834911   -567.4904      -20.00183   ]
 [   3.5798078   122.3452       14.998171  ]
 [   0.14939359    0.00785604    0.        ]
 [   0.            0.            0.1496    ]]

iter 39 cost=1.778291 -> 1.778684 |dtheta|=3.498856e-06  lambda=1.000e+06

============================================================
Iteration 40
============================================================
Theta offsets (Unity frame):
  Source   : dSx=   0.000, dSy=   0.000, dSz=   0.000  (mm)
  Object   : dOx=  -6.999, dOy=  -2.002, dOz=  -7.987  (mm)
  Object offset: offset_x=  -0.000, offset_z=  -0.001  (mm)
  Detector : dDx=   0.000, dDy=   0.000, dDz=   0.000  (mm)
  Obj Stage rotY :    3.010 deg
============================================================

Unity geometry (world coordinates):
  Source   : x=  -5.000, y=  38.000, z=   0.000
  Object   : x=   0.001, y=  17.998, z= 568.013
  Detector : x=  10.000, y=   3.000, z= 690.000
  Obj rotY :   0.0000 deg
view   0 | SOD= 568.386 mm | SDD= 691.050 mm | M= 1.216 | incident=3.1588°
[[  24.834923   -567.4904      -20.00183   ]
 [   3.5798032   122.3452       14.998171  ]
 [   0.14939359    0.00785604    0.        ]
 [   0.            0.            0.1496    ]]
Residual vector length: 504, Jacobian shape: (504, 6)
view   0 | SOD= 568.386 mm | SDD= 691.050 mm | M= 1.216 | incident=3.1588°
[[  24.834911   -567.4904      -20.00183   ]
 [   3.5798078   122.3452       14.998171  ]
 [   0.14939359    0.00785604    0.        ]
 [   0.            0.            0.1496    ]]

iter 40 cost=1.778291 -> 1.778684 |dtheta|=3.498856e-06  lambda=1.000e+06

============================================================
Iteration 41
============================================================
Theta offsets (Unity frame):
  Source   : dSx=   0.000, dSy=   0.000, dSz=   0.000  (mm)
  Object   : dOx=  -6.999, dOy=  -2.002, dOz=  -7.987  (mm)
  Object offset: offset_x=  -0.000, offset_z=  -0.001  (mm)
  Detector : dDx=   0.000, dDy=   0.000, dDz=   0.000  (mm)
  Obj Stage rotY :    3.010 deg
============================================================

Unity geometry (world coordinates):
  Source   : x=  -5.000, y=  38.000, z=   0.000
  Object   : x=   0.001, y=  17.998, z= 568.013
  Detector : x=  10.000, y=   3.000, z= 690.000
  Obj rotY :   0.0000 deg
view   0 | SOD= 568.386 mm | SDD= 691.050 mm | M= 1.216 | incident=3.1588°
[[  24.834923   -567.4904      -20.00183   ]
 [   3.5798032   122.3452       14.998171  ]
 [   0.14939359    0.00785604    0.        ]
 [   0.            0.            0.1496    ]]
Residual vector length: 504, Jacobian shape: (504, 6)
view   0 | SOD= 568.386 mm | SDD= 691.050 mm | M= 1.216 | incident=3.1588°
[[  24.834911   -567.4904      -20.00183   ]
 [   3.5798078   122.3452       14.998171  ]
 [   0.14939359    0.00785604    0.        ]
 [   0.            0.            0.1496    ]]

iter 41 cost=1.778291 -> 1.778684 |dtheta|=3.498856e-06  lambda=1.000e+06

============================================================
Iteration 42
============================================================
Theta offsets (Unity frame):
  Source   : dSx=   0.000, dSy=   0.000, dSz=   0.000  (mm)
  Object   : dOx=  -6.999, dOy=  -2.002, dOz=  -7.987  (mm)
  Object offset: offset_x=  -0.000, offset_z=  -0.001  (mm)
  Detector : dDx=   0.000, dDy=   0.000, dDz=   0.000  (mm)
  Obj Stage rotY :    3.010 deg
============================================================

Unity geometry (world coordinates):
  Source   : x=  -5.000, y=  38.000, z=   0.000
  Object   : x=   0.001, y=  17.998, z= 568.013
  Detector : x=  10.000, y=   3.000, z= 690.000
  Obj rotY :   0.0000 deg
view   0 | SOD= 568.386 mm | SDD= 691.050 mm | M= 1.216 | incident=3.1588°
[[  24.834923   -567.4904      -20.00183   ]
 [   3.5798032   122.3452       14.998171  ]
 [   0.14939359    0.00785604    0.        ]
 [   0.            0.            0.1496    ]]
Residual vector length: 504, Jacobian shape: (504, 6)
view   0 | SOD= 568.386 mm | SDD= 691.050 mm | M= 1.216 | incident=3.1588°
[[  24.834911   -567.4904      -20.00183   ]
 [   3.5798078   122.3452       14.998171  ]
 [   0.14939359    0.00785604    0.        ]
 [   0.            0.            0.1496    ]]

iter 42 cost=1.778291 -> 1.778684 |dtheta|=3.498856e-06  lambda=1.000e+06

============================================================
Iteration 43
============================================================
Theta offsets (Unity frame):
  Source   : dSx=   0.000, dSy=   0.000, dSz=   0.000  (mm)
  Object   : dOx=  -6.999, dOy=  -2.002, dOz=  -7.987  (mm)
  Object offset: offset_x=  -0.000, offset_z=  -0.001  (mm)
  Detector : dDx=   0.000, dDy=   0.000, dDz=   0.000  (mm)
  Obj Stage rotY :    3.010 deg
============================================================

Unity geometry (world coordinates):
  Source   : x=  -5.000, y=  38.000, z=   0.000
  Object   : x=   0.001, y=  17.998, z= 568.013
  Detector : x=  10.000, y=   3.000, z= 690.000
  Obj rotY :   0.0000 deg
view   0 | SOD= 568.386 mm | SDD= 691.050 mm | M= 1.216 | incident=3.1588°
[[  24.834923   -567.4904      -20.00183   ]
 [   3.5798032   122.3452       14.998171  ]
 [   0.14939359    0.00785604    0.        ]
 [   0.            0.            0.1496    ]]
Residual vector length: 504, Jacobian shape: (504, 6)
view   0 | SOD= 568.386 mm | SDD= 691.050 mm | M= 1.216 | incident=3.1588°
[[  24.834911   -567.4904      -20.00183   ]
 [   3.5798078   122.3452       14.998171  ]
 [   0.14939359    0.00785604    0.        ]
 [   0.            0.            0.1496    ]]

iter 43 cost=1.778291 -> 1.778684 |dtheta|=3.498856e-06  lambda=1.000e+06

============================================================
Iteration 44
============================================================
Theta offsets (Unity frame):
  Source   : dSx=   0.000, dSy=   0.000, dSz=   0.000  (mm)
  Object   : dOx=  -6.999, dOy=  -2.002, dOz=  -7.987  (mm)
  Object offset: offset_x=  -0.000, offset_z=  -0.001  (mm)
  Detector : dDx=   0.000, dDy=   0.000, dDz=   0.000  (mm)
  Obj Stage rotY :    3.010 deg
============================================================

Unity geometry (world coordinates):
  Source   : x=  -5.000, y=  38.000, z=   0.000
  Object   : x=   0.001, y=  17.998, z= 568.013
  Detector : x=  10.000, y=   3.000, z= 690.000
  Obj rotY :   0.0000 deg
view   0 | SOD= 568.386 mm | SDD= 691.050 mm | M= 1.216 | incident=3.1588°
[[  24.834923   -567.4904      -20.00183   ]
 [   3.5798032   122.3452       14.998171  ]
 [   0.14939359    0.00785604    0.        ]
 [   0.            0.            0.1496    ]]
Residual vector length: 504, Jacobian shape: (504, 6)
view   0 | SOD= 568.386 mm | SDD= 691.050 mm | M= 1.216 | incident=3.1588°
[[  24.834911   -567.4904      -20.00183   ]
 [   3.5798078   122.3452       14.998171  ]
 [   0.14939359    0.00785604    0.        ]
 [   0.            0.            0.1496    ]]

iter 44 cost=1.778291 -> 1.778684 |dtheta|=3.498856e-06  lambda=1.000e+06

============================================================
Iteration 45
============================================================
Theta offsets (Unity frame):
  Source   : dSx=   0.000, dSy=   0.000, dSz=   0.000  (mm)
  Object   : dOx=  -6.999, dOy=  -2.002, dOz=  -7.987  (mm)
  Object offset: offset_x=  -0.000, offset_z=  -0.001  (mm)
  Detector : dDx=   0.000, dDy=   0.000, dDz=   0.000  (mm)
  Obj Stage rotY :    3.010 deg
============================================================

Unity geometry (world coordinates):
  Source   : x=  -5.000, y=  38.000, z=   0.000
  Object   : x=   0.001, y=  17.998, z= 568.013
  Detector : x=  10.000, y=   3.000, z= 690.000
  Obj rotY :   0.0000 deg
view   0 | SOD= 568.386 mm | SDD= 691.050 mm | M= 1.216 | incident=3.1588°
[[  24.834923   -567.4904      -20.00183   ]
 [   3.5798032   122.3452       14.998171  ]
 [   0.14939359    0.00785604    0.        ]
 [   0.            0.            0.1496    ]]
Residual vector length: 504, Jacobian shape: (504, 6)
view   0 | SOD= 568.386 mm | SDD= 691.050 mm | M= 1.216 | incident=3.1588°
[[  24.834911   -567.4904      -20.00183   ]
 [   3.5798078   122.3452       14.998171  ]
 [   0.14939359    0.00785604    0.        ]
 [   0.            0.            0.1496    ]]

iter 45 cost=1.778291 -> 1.778684 |dtheta|=3.498856e-06  lambda=1.000e+06
Stalled.

Estimated theta:
  dSx: +0.000000
  dSy: +0.000000
  dOx: -6.999498
  dOy: -2.001829
  dOz: -7.987304
  dDx: +0.000000
  dDy: +0.000000
  dDz: +0.000000
alpha: +3.010195e+00 deg)
offset_x: -0.000160
offset_z: -0.001085

Final cost table:
Fake theta: [ 0.  0. -7. -2. -8.  0.  0.  0.  3.  0.  0.]
Final estimated theta: [ 0.          0.         -6.99949817 -2.00182887 -7.98730387  0.
  0.          0.          3.01019536 -0.00015953 -0.00108489]
Diff from Expected: [ 0.          0.          0.00050183 -0.00182887  0.01269613  0.
  0.          0.          0.01019536 -0.00015953 -0.00108489]
################################################################################

