Phantom already exists, skipping: cuboid_phantom_1_normal.npy

################################################################################
Running cuboid=normal scenario=G3 N_ANGLES=12, K=1
view   0 | SOD= 556.844 mm | SDD= 802.742 mm | M= 1.442 | incident=4.7367°
[[ 239.08467    -500.88773     -45.        ]
 [-110.79194     218.66446      20.        ]
 [   0.13558364    0.06322369    0.        ]
 [   0.            0.            0.1496    ]]
           image          x1          y1  area1
0   proj_000.png  506.294964  124.372302   1112
1   proj_001.png  416.681199  123.361490   1101
2   proj_002.png  355.733396  121.078578   1069
3   proj_003.png  339.675413  118.245870   1029
4   proj_004.png  370.557377  115.366803    976
5   proj_005.png  438.570842  113.495893    974
6   proj_006.png  525.551478  112.909276    981
7   proj_007.png  610.341837  113.843878    980
8   proj_008.png  671.894000  115.825000   1000
9   proj_009.png  693.316554  118.660213   1033
10  proj_010.png  667.260038  121.580306   1046
11  proj_011.png  598.517051  123.792627   1085

============================================================
Iteration 0
============================================================
Theta offsets (Unity frame):
  Source   : dSx=   0.000, dSy=   0.000, dSz=   0.000  (mm)
  Object   : dOx=   0.000, dOy=   0.000, dOz=   0.000  (mm)
  Object offset: offset_x=   0.000, offset_z=   0.000  (mm)
  Detector : dDx=   0.000, dDy=   0.000, dDz=   0.000  (mm)
  Obj Stage rotY :    0.000 deg
============================================================

Unity geometry (world coordinates):
  Source   : x=   5.000, y=  60.000, z=   0.000
  Object   : x=  18.000, y=  23.000, z= 580.000
  Detector : x=  -8.000, y=  -5.000, z= 800.000
  Obj rotY :   0.0000 deg
view   0 | SOD= 581.324 mm | SDD= 802.742 mm | M= 1.381 | incident=4.7367°
[[ -13.     -580.      -37.    ]
 [ -26.      220.       28.    ]
 [   0.1496    0.        0.    ]
 [   0.        0.        0.1496]]
Residual vector length: 24, Jacobian shape: (24, 6)
view   0 | SOD= 573.315 mm | SDD= 802.742 mm | M= 1.400 | incident=4.7367°
[[ -56.341      -568.54755     -47.643375  ]
 [  17.383696    228.15419      17.356625  ]
 [   0.14871992   -0.01620322    0.        ]
 [   0.            0.            0.1496    ]]

iter 00 cost=228829.569229 -> 20401.534210 |dtheta|=2.100203e+01  lambda=1.000e-02

============================================================
Iteration 1
============================================================
Theta offsets (Unity frame):
  Source   : dSx=   0.000, dSy=   0.000, dSz=   0.000  (mm)
  Object   : dOx= -13.758, dOy= -10.643, dOz=  -8.758  (mm)
  Object offset: offset_x=  -4.812, offset_z=   0.063  (mm)
  Detector : dDx=   0.000, dDy=   0.000, dDz=   0.000  (mm)
  Obj Stage rotY :   -6.218 deg
============================================================

Unity geometry (world coordinates):
  Source   : x=   5.000, y=  60.000, z=   0.000
  Object   : x=   4.242, y=  12.357, z= 571.242
  Detector : x=  -8.000, y=  -5.000, z= 800.000
  Obj rotY :   0.0000 deg
view   0 | SOD= 573.315 mm | SDD= 802.742 mm | M= 1.400 | incident=4.7367°
[[ -56.341      -568.54755     -47.643375  ]
 [  17.383696    228.15419      17.356625  ]
 [   0.14871992   -0.01620322    0.        ]
 [   0.            0.            0.1496    ]]
Residual vector length: 24, Jacobian shape: (24, 6)
view   0 | SOD= 569.065 mm | SDD= 802.742 mm | M= 1.411 | incident=4.7367°
[[   4.9355884  -567.22736     -45.425644  ]
 [   1.5897139   232.87125      19.574356  ]
 [   0.1495891    -0.00180514    0.        ]
 [   0.            0.            0.1496    ]]

iter 01 cost=20401.534210 -> 437.952820 |dtheta|=9.844714e+00  lambda=3.333e-03

============================================================
Iteration 2
============================================================
Theta offsets (Unity frame):
  Source   : dSx=   0.000, dSy=   0.000, dSz=   0.000  (mm)
  Object   : dOx= -17.190, dOy=  -8.426, dOz= -14.923  (mm)
  Object offset: offset_x=  -7.590, offset_z=   2.050  (mm)
  Detector : dDx=   0.000, dDy=   0.000, dDz=   0.000  (mm)
  Obj Stage rotY :   -0.691 deg
============================================================

Unity geometry (world coordinates):
  Source   : x=   5.000, y=  60.000, z=   0.000
  Object   : x=   0.810, y=  14.574, z= 565.077
  Detector : x=  -8.000, y=  -5.000, z= 800.000
  Obj rotY :   0.0000 deg
view   0 | SOD= 569.065 mm | SDD= 802.742 mm | M= 1.411 | incident=4.7367°
[[   4.9355884  -567.22736     -45.425644  ]
 [   1.5897139   232.87125      19.574356  ]
 [   0.1495891    -0.00180514    0.        ]
 [   0.            0.            0.1496    ]]
Residual vector length: 24, Jacobian shape: (24, 6)
view   0 | SOD= 569.472 mm | SDD= 802.742 mm | M= 1.410 | incident=4.7367°
[[  13.25672    -567.50323     -45.419636  ]
 [  -0.69783825  232.48065      19.580364  ]
 [   0.1495999     0.0001785     0.        ]
 [   0.            0.            0.1496    ]]

iter 02 cost=437.952820 -> 104.015885 |dtheta|=1.573965e+00  lambda=1.111e-03

============================================================
Iteration 3
============================================================
Theta offsets (Unity frame):
  Source   : dSx=   0.000, dSy=   0.000, dSz=   0.000  (mm)
  Object   : dOx= -17.854, dOy=  -8.420, dOz= -13.901  (mm)
  Object offset: offset_x=  -7.726, offset_z=   1.420  (mm)
  Detector : dDx=   0.000, dDy=   0.000, dDz=   0.000  (mm)
  Obj Stage rotY :    0.068 deg
============================================================

Unity geometry (world coordinates):
  Source   : x=   5.000, y=  60.000, z=   0.000
  Object   : x=   0.146, y=  14.580, z= 566.099
  Detector : x=  -8.000, y=  -5.000, z= 800.000
  Obj rotY :   0.0000 deg
view   0 | SOD= 569.472 mm | SDD= 802.742 mm | M= 1.410 | incident=4.7367°
[[  13.25672    -567.50323     -45.419636  ]
 [  -0.69783825  232.48065      19.580364  ]
 [   0.1495999     0.0001785     0.        ]
 [   0.            0.            0.1496    ]]
Residual vector length: 24, Jacobian shape: (24, 6)
view   0 | SOD= 567.664 mm | SDD= 802.742 mm | M= 1.414 | incident=4.7367°
[[  20.31148    -565.4892      -45.30101   ]
 [  -3.6236808   234.2583       19.698988  ]
 [   0.14958602    0.0020451     0.        ]
 [   0.            0.            0.1496    ]]

iter 03 cost=104.015885 -> 92.086794 |dtheta|=1.864686e+00  lambda=3.704e-04

============================================================
Iteration 4
============================================================
Theta offsets (Unity frame):
  Source   : dSx=   0.000, dSy=   0.000, dSz=   0.000  (mm)
  Object   : dOx= -17.873, dOy=  -8.301, dOz= -15.617  (mm)
  Object offset: offset_x=  -7.706, offset_z=   1.331  (mm)
  Detector : dDx=   0.000, dDy=   0.000, dDz=   0.000  (mm)
  Obj Stage rotY :    0.783 deg
============================================================

Unity geometry (world coordinates):
  Source   : x=   5.000, y=  60.000, z=   0.000
  Object   : x=   0.127, y=  14.699, z= 564.383
  Detector : x=  -8.000, y=  -5.000, z= 800.000
  Obj rotY :   0.0000 deg
view   0 | SOD= 567.664 mm | SDD= 802.742 mm | M= 1.414 | incident=4.7367°
[[  20.31148    -565.4892      -45.30101   ]
 [  -3.6236808   234.2583       19.698988  ]
 [   0.14958602    0.0020451     0.        ]
 [   0.            0.            0.1496    ]]
Residual vector length: 24, Jacobian shape: (24, 6)
view   0 | SOD= 567.127 mm | SDD= 802.742 mm | M= 1.415 | incident=4.7367°
[[  28.080784   -564.6187      -45.28352   ]
 [  -7.3882413   234.70032      19.71648   ]
 [   0.14954096    0.00420267    0.        ]
 [   0.            0.            0.1496    ]]

iter 04 cost=92.086794 -> 84.118984 |dtheta|=1.011370e+00  lambda=1.235e-04

============================================================
Iteration 5
============================================================
Theta offsets (Unity frame):
  Source   : dSx=   0.000, dSy=   0.000, dSz=   0.000  (mm)
  Object   : dOx= -17.881, dOy=  -8.284, dOz= -16.049  (mm)
  Object offset: offset_x=  -7.327, offset_z=   1.234  (mm)
  Detector : dDx=   0.000, dDy=   0.000, dDz=   0.000  (mm)
  Obj Stage rotY :    1.610 deg
============================================================

Unity geometry (world coordinates):
  Source   : x=   5.000, y=  60.000, z=   0.000
  Object   : x=   0.119, y=  14.716, z= 563.951
  Detector : x=  -8.000, y=  -5.000, z= 800.000
  Obj rotY :   0.0000 deg
view   0 | SOD= 567.127 mm | SDD= 802.742 mm | M= 1.415 | incident=4.7367°
[[  28.080784   -564.6187      -45.28352   ]
 [  -7.3882413   234.70032      19.71648   ]
 [   0.14954096    0.00420267    0.        ]
 [   0.            0.            0.1496    ]]
Residual vector length: 24, Jacobian shape: (24, 6)
view   0 | SOD= 566.092 mm | SDD= 802.742 mm | M= 1.418 | incident=4.7367°
[[  38.16212    -562.9912      -45.22265   ]
 [ -12.061045    235.5366       19.777351  ]
 [   0.14943784    0.00696337    0.        ]
 [   0.            0.            0.1496    ]]

iter 05 cost=84.118984 -> 77.623839 |dtheta|=1.424644e+00  lambda=4.115e-05

============================================================
Iteration 6
============================================================
Theta offsets (Unity frame):
  Source   : dSx=   0.000, dSy=   0.000, dSz=   0.000  (mm)
  Object   : dOx= -17.880, dOy=  -8.223, dOz= -16.946  (mm)
  Object offset: offset_x=  -7.036, offset_z=   1.103  (mm)
  Detector : dDx=   0.000, dDy=   0.000, dDz=   0.000  (mm)
  Obj Stage rotY :    2.668 deg
============================================================

Unity geometry (world coordinates):
  Source   : x=   5.000, y=  60.000, z=   0.000
  Object   : x=   0.120, y=  14.777, z= 563.054
  Detector : x=  -8.000, y=  -5.000, z= 800.000
  Obj rotY :   0.0000 deg
view   0 | SOD= 566.092 mm | SDD= 802.742 mm | M= 1.418 | incident=4.7367°
[[  38.16212    -562.9912      -45.22265   ]
 [ -12.061045    235.5366       19.777351  ]
 [   0.14943784    0.00696337    0.        ]
 [   0.            0.            0.1496    ]]
Residual vector length: 24, Jacobian shape: (24, 6)
view   0 | SOD= 566.397 mm | SDD= 802.742 mm | M= 1.417 | incident=4.7367°
[[  41.2701     -563.0703      -45.319096  ]
 [ -13.584733    235.15268      19.680904  ]
 [   0.14939494    0.00783019    0.        ]
 [   0.            0.            0.1496    ]]

iter 06 cost=77.623839 -> 76.394979 |dtheta|=4.528312e-01  lambda=1.372e-05

============================================================
Iteration 7
============================================================
Theta offsets (Unity frame):
  Source   : dSx=   0.000, dSy=   0.000, dSz=   0.000  (mm)
  Object   : dOx= -17.860, dOy=  -8.319, dOz= -16.706  (mm)
  Object offset: offset_x=  -6.882, offset_z=   1.164  (mm)
  Detector : dDx=   0.000, dDy=   0.000, dDz=   0.000  (mm)
  Obj Stage rotY :    3.000 deg
============================================================

Unity geometry (world coordinates):
  Source   : x=   5.000, y=  60.000, z=   0.000
  Object   : x=   0.140, y=  14.681, z= 563.294
  Detector : x=  -8.000, y=  -5.000, z= 800.000
  Obj rotY :   0.0000 deg
view   0 | SOD= 566.397 mm | SDD= 802.742 mm | M= 1.417 | incident=4.7367°
[[  41.2701     -563.0703      -45.319096  ]
 [ -13.584733    235.15268      19.680904  ]
 [   0.14939494    0.00783019    0.        ]
 [   0.            0.            0.1496    ]]
Residual vector length: 24, Jacobian shape: (24, 6)
view   0 | SOD= 568.828 mm | SDD= 802.742 mm | M= 1.411 | incident=4.7367°
[[  42.47433    -565.4203      -45.40187   ]
 [ -13.952811    232.69307      19.59813   ]
 [   0.14937922    0.00812446    0.        ]
 [   0.            0.            0.1496    ]]

iter 07 cost=76.394979 -> 76.916056 |dtheta|=2.427717e+00  lambda=4.572e-06

============================================================
Iteration 8
============================================================
Theta offsets (Unity frame):
  Source   : dSx=   0.000, dSy=   0.000, dSz=   0.000  (mm)
  Object   : dOx= -17.860, dOy=  -8.319, dOz= -16.706  (mm)
  Object offset: offset_x=  -6.882, offset_z=   1.164  (mm)
  Detector : dDx=   0.000, dDy=   0.000, dDz=   0.000  (mm)
  Obj Stage rotY :    3.000 deg
============================================================

Unity geometry (world coordinates):
  Source   : x=   5.000, y=  60.000, z=   0.000
  Object   : x=   0.140, y=  14.681, z= 563.294
  Detector : x=  -8.000, y=  -5.000, z= 800.000
  Obj rotY :   0.0000 deg
view   0 | SOD= 566.397 mm | SDD= 802.742 mm | M= 1.417 | incident=4.7367°
[[  41.2701     -563.0703      -45.319096  ]
 [ -13.584733    235.15268      19.680904  ]
 [   0.14939494    0.00783019    0.        ]
 [   0.            0.            0.1496    ]]
Residual vector length: 24, Jacobian shape: (24, 6)
view   0 | SOD= 568.828 mm | SDD= 802.742 mm | M= 1.411 | incident=4.7367°
[[  42.474327   -565.4203      -45.40187   ]
 [ -13.952809    232.69307      19.59813   ]
 [   0.14937922    0.00812446    0.        ]
 [   0.            0.            0.1496    ]]

iter 08 cost=76.394979 -> 76.916056 |dtheta|=2.427705e+00  lambda=2.286e-05

============================================================
Iteration 9
============================================================
Theta offsets (Unity frame):
  Source   : dSx=   0.000, dSy=   0.000, dSz=   0.000  (mm)
  Object   : dOx= -17.860, dOy=  -8.319, dOz= -16.706  (mm)
  Object offset: offset_x=  -6.882, offset_z=   1.164  (mm)
  Detector : dDx=   0.000, dDy=   0.000, dDz=   0.000  (mm)
  Obj Stage rotY :    3.000 deg
============================================================

Unity geometry (world coordinates):
  Source   : x=   5.000, y=  60.000, z=   0.000
  Object   : x=   0.140, y=  14.681, z= 563.294
  Detector : x=  -8.000, y=  -5.000, z= 800.000
  Obj rotY :   0.0000 deg
view   0 | SOD= 566.397 mm | SDD= 802.742 mm | M= 1.417 | incident=4.7367°
[[  41.2701     -563.0703      -45.319096  ]
 [ -13.584733    235.15268      19.680904  ]
 [   0.14939494    0.00783019    0.        ]
 [   0.            0.            0.1496    ]]
Residual vector length: 24, Jacobian shape: (24, 6)
view   0 | SOD= 568.828 mm | SDD= 802.742 mm | M= 1.411 | incident=4.7367°
[[  42.474308   -565.4202      -45.40187   ]
 [ -13.952805    232.69313      19.598131  ]
 [   0.14937922    0.00812446    0.        ]
 [   0.            0.            0.1496    ]]

iter 09 cost=76.394979 -> 76.916056 |dtheta|=2.427648e+00  lambda=1.143e-04

============================================================
Iteration 10
============================================================
Theta offsets (Unity frame):
  Source   : dSx=   0.000, dSy=   0.000, dSz=   0.000  (mm)
  Object   : dOx= -17.860, dOy=  -8.319, dOz= -16.706  (mm)
  Object offset: offset_x=  -6.882, offset_z=   1.164  (mm)
  Detector : dDx=   0.000, dDy=   0.000, dDz=   0.000  (mm)
  Obj Stage rotY :    3.000 deg
============================================================

Unity geometry (world coordinates):
  Source   : x=   5.000, y=  60.000, z=   0.000
  Object   : x=   0.140, y=  14.681, z= 563.294
  Detector : x=  -8.000, y=  -5.000, z= 800.000
  Obj rotY :   0.0000 deg
view   0 | SOD= 566.397 mm | SDD= 802.742 mm | M= 1.417 | incident=4.7367°
[[  41.2701     -563.0703      -45.319096  ]
 [ -13.584733    235.15268      19.680904  ]
 [   0.14939494    0.00783019    0.        ]
 [   0.            0.            0.1496    ]]
Residual vector length: 24, Jacobian shape: (24, 6)
view   0 | SOD= 568.828 mm | SDD= 802.742 mm | M= 1.411 | incident=4.7367°
[[  42.47421    -565.42        -45.40186   ]
 [ -13.952781    232.69344      19.59814   ]
 [   0.14937922    0.00812443    0.        ]
 [   0.            0.            0.1496    ]]

iter 10 cost=76.394979 -> 76.916056 |dtheta|=2.427364e+00  lambda=5.716e-04

============================================================
Iteration 11
============================================================
Theta offsets (Unity frame):
  Source   : dSx=   0.000, dSy=   0.000, dSz=   0.000  (mm)
  Object   : dOx= -17.860, dOy=  -8.319, dOz= -16.706  (mm)
  Object offset: offset_x=  -6.882, offset_z=   1.164  (mm)
  Detector : dDx=   0.000, dDy=   0.000, dDz=   0.000  (mm)
  Obj Stage rotY :    3.000 deg
============================================================

Unity geometry (world coordinates):
  Source   : x=   5.000, y=  60.000, z=   0.000
  Object   : x=   0.140, y=  14.681, z= 563.294
  Detector : x=  -8.000, y=  -5.000, z= 800.000
  Obj rotY :   0.0000 deg
view   0 | SOD= 566.397 mm | SDD= 802.742 mm | M= 1.417 | incident=4.7367°
[[  41.2701     -563.0703      -45.319096  ]
 [ -13.584733    235.15268      19.680904  ]
 [   0.14939494    0.00783019    0.        ]
 [   0.            0.            0.1496    ]]
Residual vector length: 24, Jacobian shape: (24, 6)
view   0 | SOD= 568.826 mm | SDD= 802.742 mm | M= 1.411 | incident=4.7367°
[[  42.473717   -565.4185      -45.40181   ]
 [ -13.95266     232.69492      19.59819   ]
 [   0.14937924    0.00812432    0.        ]
 [   0.            0.            0.1496    ]]

iter 11 cost=76.394979 -> 76.916056 |dtheta|=2.425944e+00  lambda=2.858e-03

============================================================
Iteration 12
============================================================
Theta offsets (Unity frame):
  Source   : dSx=   0.000, dSy=   0.000, dSz=   0.000  (mm)
  Object   : dOx= -17.860, dOy=  -8.319, dOz= -16.706  (mm)
  Object offset: offset_x=  -6.882, offset_z=   1.164  (mm)
  Detector : dDx=   0.000, dDy=   0.000, dDz=   0.000  (mm)
  Obj Stage rotY :    3.000 deg
============================================================

Unity geometry (world coordinates):
  Source   : x=   5.000, y=  60.000, z=   0.000
  Object   : x=   0.140, y=  14.681, z= 563.294
  Detector : x=  -8.000, y=  -5.000, z= 800.000
  Obj rotY :   0.0000 deg
view   0 | SOD= 566.397 mm | SDD= 802.742 mm | M= 1.417 | incident=4.7367°
[[  41.2701     -563.0703      -45.319096  ]
 [ -13.584733    235.15268      19.680904  ]
 [   0.14939494    0.00783019    0.        ]
 [   0.            0.            0.1496    ]]
Residual vector length: 24, Jacobian shape: (24, 6)
view   0 | SOD= 568.819 mm | SDD= 802.742 mm | M= 1.411 | incident=4.7367°
[[  42.471275   -565.4116      -45.401573  ]
 [ -13.952044    232.70204      19.598427  ]
 [   0.14937927    0.00812375    0.        ]
 [   0.            0.            0.1496    ]]

iter 12 cost=76.394979 -> 76.831095 |dtheta|=2.418870e+00  lambda=1.429e-02

============================================================
Iteration 13
============================================================
Theta offsets (Unity frame):
  Source   : dSx=   0.000, dSy=   0.000, dSz=   0.000  (mm)
  Object   : dOx= -17.860, dOy=  -8.319, dOz= -16.706  (mm)
  Object offset: offset_x=  -6.882, offset_z=   1.164  (mm)
  Detector : dDx=   0.000, dDy=   0.000, dDz=   0.000  (mm)
  Obj Stage rotY :    3.000 deg
============================================================

Unity geometry (world coordinates):
  Source   : x=   5.000, y=  60.000, z=   0.000
  Object   : x=   0.140, y=  14.681, z= 563.294
  Detector : x=  -8.000, y=  -5.000, z= 800.000
  Obj rotY :   0.0000 deg
view   0 | SOD= 566.397 mm | SDD= 802.742 mm | M= 1.417 | incident=4.7367°
[[  41.2701     -563.0703      -45.319096  ]
 [ -13.584733    235.15268      19.680904  ]
 [   0.14939494    0.00783019    0.        ]
 [   0.            0.            0.1496    ]]
Residual vector length: 24, Jacobian shape: (24, 6)
view   0 | SOD= 568.784 mm | SDD= 802.742 mm | M= 1.411 | incident=4.7367°
[[  42.459267   -565.3775      -45.4004    ]
 [ -13.949015    232.7372       19.5996    ]
 [   0.14937942    0.00812093    0.        ]
 [   0.            0.            0.1496    ]]

iter 13 cost=76.394979 -> 76.706889 |dtheta|=2.384110e+00  lambda=7.144e-02

============================================================
Iteration 14
============================================================
Theta offsets (Unity frame):
  Source   : dSx=   0.000, dSy=   0.000, dSz=   0.000  (mm)
  Object   : dOx= -17.860, dOy=  -8.319, dOz= -16.706  (mm)
  Object offset: offset_x=  -6.882, offset_z=   1.164  (mm)
  Detector : dDx=   0.000, dDy=   0.000, dDz=   0.000  (mm)
  Obj Stage rotY :    3.000 deg
============================================================

Unity geometry (world coordinates):
  Source   : x=   5.000, y=  60.000, z=   0.000
  Object   : x=   0.140, y=  14.681, z= 563.294
  Detector : x=  -8.000, y=  -5.000, z= 800.000
  Obj rotY :   0.0000 deg
view   0 | SOD= 566.397 mm | SDD= 802.742 mm | M= 1.417 | incident=4.7367°
[[  41.2701     -563.0703      -45.319096  ]
 [ -13.584733    235.15268      19.680904  ]
 [   0.14939494    0.00783019    0.        ]
 [   0.            0.            0.1496    ]]
Residual vector length: 24, Jacobian shape: (24, 6)
view   0 | SOD= 568.624 mm | SDD= 802.742 mm | M= 1.412 | incident=4.7367°
[[  42.40382    -565.2207      -45.395008  ]
 [ -13.934971    232.8989       19.604992  ]
 [   0.14938012    0.00810793    0.        ]
 [   0.            0.            0.1496    ]]

iter 14 cost=76.394979 -> 76.478270 |dtheta|=2.224299e+00  lambda=3.572e-01

============================================================
Iteration 15
============================================================
Theta offsets (Unity frame):
  Source   : dSx=   0.000, dSy=   0.000, dSz=   0.000  (mm)
  Object   : dOx= -17.860, dOy=  -8.319, dOz= -16.706  (mm)
  Object offset: offset_x=  -6.882, offset_z=   1.164  (mm)
  Detector : dDx=   0.000, dDy=   0.000, dDz=   0.000  (mm)
  Obj Stage rotY :    3.000 deg
============================================================

Unity geometry (world coordinates):
  Source   : x=   5.000, y=  60.000, z=   0.000
  Object   : x=   0.140, y=  14.681, z= 563.294
  Detector : x=  -8.000, y=  -5.000, z= 800.000
  Obj rotY :   0.0000 deg
view   0 | SOD= 566.397 mm | SDD= 802.742 mm | M= 1.417 | incident=4.7367°
[[  41.2701     -563.0703      -45.319096  ]
 [ -13.584733    235.15268      19.680904  ]
 [   0.14939494    0.00783019    0.        ]
 [   0.            0.            0.1496    ]]
Residual vector length: 24, Jacobian shape: (24, 6)
view   0 | SOD= 568.064 mm | SDD= 802.742 mm | M= 1.413 | incident=4.7367°
[[  42.20609    -564.6736      -45.376175  ]
 [ -13.883768    233.46356      19.623825  ]
 [   0.14938265    0.00806134    0.        ]
 [   0.            0.            0.1496    ]]

iter 15 cost=76.394979 -> 76.052118 |dtheta|=1.666090e+00  lambda=1.786e+00

============================================================
Iteration 16
============================================================
Theta offsets (Unity frame):
  Source   : dSx=   0.000, dSy=   0.000, dSz=   0.000  (mm)
  Object   : dOx= -17.836, dOy=  -8.376, dOz= -15.043  (mm)
  Object offset: offset_x=  -6.881, offset_z=   1.171  (mm)
  Detector : dDx=   0.000, dDy=   0.000, dDz=   0.000  (mm)
  Obj Stage rotY :    3.089 deg
============================================================

Unity geometry (world coordinates):
  Source   : x=   5.000, y=  60.000, z=   0.000
  Object   : x=   0.164, y=  14.624, z= 564.957
  Detector : x=  -8.000, y=  -5.000, z= 800.000
  Obj rotY :   0.0000 deg
view   0 | SOD= 568.064 mm | SDD= 802.742 mm | M= 1.413 | incident=4.7367°
[[  42.20609    -564.6736      -45.376175  ]
 [ -13.883768    233.46356      19.623825  ]
 [   0.14938265    0.00806134    0.        ]
 [   0.            0.            0.1496    ]]
Residual vector length: 24, Jacobian shape: (24, 6)
view   0 | SOD= 567.650 mm | SDD= 802.742 mm | M= 1.414 | incident=4.7367°
[[  54.722202   -563.1848      -45.326286  ]
 [ -19.478828    233.47272      19.673716  ]
 [   0.14916104    0.01145173    0.        ]
 [   0.            0.            0.1496    ]]

iter 16 cost=76.052118 -> 65.643762 |dtheta|=1.398819e+00  lambda=5.954e-01

============================================================
Iteration 17
============================================================
Theta offsets (Unity frame):
  Source   : dSx=   0.000, dSy=   0.000, dSz=   0.000  (mm)
  Object   : dOx= -17.916, dOy=  -8.326, dOz= -15.408  (mm)
  Object offset: offset_x=  -6.535, offset_z=   1.129  (mm)
  Detector : dDx=   0.000, dDy=   0.000, dDz=   0.000  (mm)
  Obj Stage rotY :    4.390 deg
============================================================

Unity geometry (world coordinates):
  Source   : x=   5.000, y=  60.000, z=   0.000
  Object   : x=   0.084, y=  14.674, z= 564.592
  Detector : x=  -8.000, y=  -5.000, z= 800.000
  Obj rotY :   0.0000 deg
view   0 | SOD= 567.650 mm | SDD= 802.742 mm | M= 1.414 | incident=4.7367°
[[  54.722202   -563.1848      -45.326286  ]
 [ -19.478828    233.47272      19.673716  ]
 [   0.14916104    0.01145173    0.        ]
 [   0.            0.            0.1496    ]]
Residual vector length: 24, Jacobian shape: (24, 6)
view   0 | SOD= 567.583 mm | SDD= 802.742 mm | M= 1.414 | incident=4.7367°
[[  58.702248   -562.71643     -45.324734  ]
 [ -21.312632    233.37817      19.675266  ]
 [   0.14907347    0.01254034    0.        ]
 [   0.            0.            0.1496    ]]

iter 17 cost=65.643762 -> 62.613125 |dtheta|=4.683506e-01  lambda=1.985e-01

============================================================
Iteration 18
============================================================
Theta offsets (Unity frame):
  Source   : dSx=   0.000, dSy=   0.000, dSz=   0.000  (mm)
  Object   : dOx= -17.922, dOy=  -8.325, dOz= -15.328  (mm)
  Object offset: offset_x=  -6.404, offset_z=   0.985  (mm)
  Detector : dDx=   0.000, dDy=   0.000, dDz=   0.000  (mm)
  Obj Stage rotY :    4.809 deg
============================================================

Unity geometry (world coordinates):
  Source   : x=   5.000, y=  60.000, z=   0.000
  Object   : x=   0.078, y=  14.675, z= 564.672
  Detector : x=  -8.000, y=  -5.000, z= 800.000
  Obj rotY :   0.0000 deg
view   0 | SOD= 567.583 mm | SDD= 802.742 mm | M= 1.414 | incident=4.7367°
[[  58.702248   -562.71643     -45.324734  ]
 [ -21.312632    233.37817      19.675266  ]
 [   0.14907347    0.01254034    0.        ]
 [   0.            0.            0.1496    ]]
Residual vector length: 24, Jacobian shape: (24, 6)
view   0 | SOD= 568.741 mm | SDD= 802.742 mm | M= 1.411 | incident=4.7367°
[[  63.465736   -563.3638      -45.388046  ]
 [ -23.305746    232.02277      19.611952  ]
 [   0.14896162    0.01380564    0.        ]
 [   0.            0.            0.1496    ]]

iter 18 cost=62.613125 -> 58.638066 |dtheta|=1.236290e+00  lambda=6.615e-02

============================================================
Iteration 19
============================================================
Theta offsets (Unity frame):
  Source   : dSx=   0.000, dSy=   0.000, dSz=   0.000  (mm)
  Object   : dOx= -17.927, dOy=  -8.388, dOz= -14.201  (mm)
  Object offset: offset_x=  -6.279, offset_z=   1.017  (mm)
  Detector : dDx=   0.000, dDy=   0.000, dDz=   0.000  (mm)
  Obj Stage rotY :    5.295 deg
============================================================

Unity geometry (world coordinates):
  Source   : x=   5.000, y=  60.000, z=   0.000
  Object   : x=   0.073, y=  14.612, z= 565.799
  Detector : x=  -8.000, y=  -5.000, z= 800.000
  Obj rotY :   0.0000 deg
view   0 | SOD= 568.741 mm | SDD= 802.742 mm | M= 1.411 | incident=4.7367°
[[  63.465736   -563.3638      -45.388046  ]
 [ -23.305746    232.02277      19.611952  ]
 [   0.14896162    0.01380564    0.        ]
 [   0.            0.            0.1496    ]]
Residual vector length: 24, Jacobian shape: (24, 6)
view   0 | SOD= 571.272 mm | SDD= 802.742 mm | M= 1.405 | incident=4.7367°
[[  63.02228    -565.9638      -45.44306   ]
 [ -22.81945     229.5236       19.556938  ]
 [   0.14897765    0.01363152    0.        ]
 [   0.            0.            0.1496    ]]

iter 19 cost=58.638066 -> 57.972419 |dtheta|=2.439704e+00  lambda=2.205e-02

============================================================
Iteration 20
============================================================
Theta offsets (Unity frame):
  Source   : dSx=   0.000, dSy=   0.000, dSz=   0.000  (mm)
  Object   : dOx= -17.904, dOy=  -8.443, dOz= -11.765  (mm)
  Object offset: offset_x=  -6.285, offset_z=   1.117  (mm)
  Detector : dDx=   0.000, dDy=   0.000, dDz=   0.000  (mm)
  Obj Stage rotY :    5.228 deg
============================================================

Unity geometry (world coordinates):
  Source   : x=   5.000, y=  60.000, z=   0.000
  Object   : x=   0.096, y=  14.557, z= 568.235
  Detector : x=  -8.000, y=  -5.000, z= 800.000
  Obj rotY :   0.0000 deg
view   0 | SOD= 571.272 mm | SDD= 802.742 mm | M= 1.405 | incident=4.7367°
[[  63.02228    -565.9638      -45.44306   ]
 [ -22.81945     229.5236       19.556938  ]
 [   0.14897765    0.01363152    0.        ]
 [   0.            0.            0.1496    ]]
Residual vector length: 24, Jacobian shape: (24, 6)
view   0 | SOD= 569.383 mm | SDD= 802.742 mm | M= 1.410 | incident=4.7367°
[[  67.142426   -563.5866      -45.376247  ]
 [ -24.92251     231.2046       19.623753  ]
 [   0.1488664     0.01479706    0.        ]
 [   0.            0.            0.1496    ]]

iter 20 cost=57.972419 -> 58.055068 |dtheta|=1.785187e+00  lambda=7.350e-03

============================================================
Iteration 21
============================================================
Theta offsets (Unity frame):
  Source   : dSx=   0.000, dSy=   0.000, dSz=   0.000  (mm)
  Object   : dOx= -17.904, dOy=  -8.443, dOz= -11.765  (mm)
  Object offset: offset_x=  -6.285, offset_z=   1.117  (mm)
  Detector : dDx=   0.000, dDy=   0.000, dDz=   0.000  (mm)
  Obj Stage rotY :    5.228 deg
============================================================

Unity geometry (world coordinates):
  Source   : x=   5.000, y=  60.000, z=   0.000
  Object   : x=   0.096, y=  14.557, z= 568.235
  Detector : x=  -8.000, y=  -5.000, z= 800.000
  Obj rotY :   0.0000 deg
view   0 | SOD= 571.272 mm | SDD= 802.742 mm | M= 1.405 | incident=4.7367°
[[  63.02228    -565.9638      -45.44306   ]
 [ -22.81945     229.5236       19.556938  ]
 [   0.14897765    0.01363152    0.        ]
 [   0.            0.            0.1496    ]]
Residual vector length: 24, Jacobian shape: (24, 6)
view   0 | SOD= 569.391 mm | SDD= 802.742 mm | M= 1.410 | incident=4.7367°
[[  67.12351    -563.59705     -45.376614  ]
 [ -24.912537    231.19751      19.623386  ]
 [   0.14886694    0.01479165    0.        ]
 [   0.            0.            0.1496    ]]

iter 21 cost=57.972419 -> 58.083088 |dtheta|=1.777196e+00  lambda=3.675e-02

============================================================
Iteration 22
============================================================
Theta offsets (Unity frame):
  Source   : dSx=   0.000, dSy=   0.000, dSz=   0.000  (mm)
  Object   : dOx= -17.904, dOy=  -8.443, dOz= -11.765  (mm)
  Object offset: offset_x=  -6.285, offset_z=   1.117  (mm)
  Detector : dDx=   0.000, dDy=   0.000, dDz=   0.000  (mm)
  Obj Stage rotY :    5.228 deg
============================================================

Unity geometry (world coordinates):
  Source   : x=   5.000, y=  60.000, z=   0.000
  Object   : x=   0.096, y=  14.557, z= 568.235
  Detector : x=  -8.000, y=  -5.000, z= 800.000
  Obj rotY :   0.0000 deg
view   0 | SOD= 571.272 mm | SDD= 802.742 mm | M= 1.405 | incident=4.7367°
[[  63.02228    -565.9638      -45.44306   ]
 [ -22.81945     229.5236       19.556938  ]
 [   0.14897765    0.01363152    0.        ]
 [   0.            0.            0.1496    ]]
Residual vector length: 24, Jacobian shape: (24, 6)
view   0 | SOD= 569.430 mm | SDD= 802.742 mm | M= 1.410 | incident=4.7367°
[[  67.03147    -563.6476      -45.378395  ]
 [ -24.864054    231.16322      19.621605  ]
 [   0.14886956    0.01476533    0.        ]
 [   0.            0.            0.1496    ]]

iter 22 cost=57.972419 -> 58.145650 |dtheta|=1.738293e+00  lambda=1.838e-01

============================================================
Iteration 23
============================================================
Theta offsets (Unity frame):
  Source   : dSx=   0.000, dSy=   0.000, dSz=   0.000  (mm)
  Object   : dOx= -17.904, dOy=  -8.443, dOz= -11.765  (mm)
  Object offset: offset_x=  -6.285, offset_z=   1.117  (mm)
  Detector : dDx=   0.000, dDy=   0.000, dDz=   0.000  (mm)
  Obj Stage rotY :    5.228 deg
============================================================

Unity geometry (world coordinates):
  Source   : x=   5.000, y=  60.000, z=   0.000
  Object   : x=   0.096, y=  14.557, z= 568.235
  Detector : x=  -8.000, y=  -5.000, z= 800.000
  Obj rotY :   0.0000 deg
view   0 | SOD= 571.272 mm | SDD= 802.742 mm | M= 1.405 | incident=4.7367°
[[  63.02228    -565.9638      -45.44306   ]
 [ -22.81945     229.5236       19.556938  ]
 [   0.14897765    0.01363152    0.        ]
 [   0.            0.            0.1496    ]]
Residual vector length: 24, Jacobian shape: (24, 6)
view   0 | SOD= 569.604 mm | SDD= 802.742 mm | M= 1.409 | incident=4.7367°
[[  66.627304   -563.8704      -45.38625   ]
 [ -24.651237    231.0115       19.61375   ]
 [   0.14888097    0.01464977    0.        ]
 [   0.            0.            0.1496    ]]

iter 23 cost=57.972419 -> 58.155487 |dtheta|=1.566902e+00  lambda=9.188e-01

============================================================
Iteration 24
============================================================
Theta offsets (Unity frame):
  Source   : dSx=   0.000, dSy=   0.000, dSz=   0.000  (mm)
  Object   : dOx= -17.904, dOy=  -8.443, dOz= -11.765  (mm)
  Object offset: offset_x=  -6.285, offset_z=   1.117  (mm)
  Detector : dDx=   0.000, dDy=   0.000, dDz=   0.000  (mm)
  Obj Stage rotY :    5.228 deg
============================================================

Unity geometry (world coordinates):
  Source   : x=   5.000, y=  60.000, z=   0.000
  Object   : x=   0.096, y=  14.557, z= 568.235
  Detector : x=  -8.000, y=  -5.000, z= 800.000
  Obj rotY :   0.0000 deg
view   0 | SOD= 571.272 mm | SDD= 802.742 mm | M= 1.405 | incident=4.7367°
[[  63.02228    -565.9638      -45.44306   ]
 [ -22.81945     229.5236       19.556938  ]
 [   0.14897765    0.01363152    0.        ]
 [   0.            0.            0.1496    ]]
Residual vector length: 24, Jacobian shape: (24, 6)
view   0 | SOD= 570.129 mm | SDD= 802.742 mm | M= 1.408 | incident=4.7367°
[[  65.424446   -564.53894     -45.409927  ]
 [ -24.019333    230.55147      19.59007   ]
 [   0.14891438    0.01430613    0.        ]
 [   0.            0.            0.1496    ]]

iter 24 cost=57.972419 -> 58.597775 |dtheta|=1.050745e+00  lambda=4.594e+00

============================================================
Iteration 25
============================================================
Theta offsets (Unity frame):
  Source   : dSx=   0.000, dSy=   0.000, dSz=   0.000  (mm)
  Object   : dOx= -17.904, dOy=  -8.443, dOz= -11.765  (mm)
  Object offset: offset_x=  -6.285, offset_z=   1.117  (mm)
  Detector : dDx=   0.000, dDy=   0.000, dDz=   0.000  (mm)
  Obj Stage rotY :    5.228 deg
============================================================

Unity geometry (world coordinates):
  Source   : x=   5.000, y=  60.000, z=   0.000
  Object   : x=   0.096, y=  14.557, z= 568.235
  Detector : x=  -8.000, y=  -5.000, z= 800.000
  Obj rotY :   0.0000 deg
view   0 | SOD= 571.272 mm | SDD= 802.742 mm | M= 1.405 | incident=4.7367°
[[  63.02228    -565.9638      -45.44306   ]
 [ -22.81945     229.5236       19.556938  ]
 [   0.14897765    0.01363152    0.        ]
 [   0.            0.            0.1496    ]]
Residual vector length: 24, Jacobian shape: (24, 6)
view   0 | SOD= 570.794 mm | SDD= 802.742 mm | M= 1.406 | incident=4.7367°
[[  63.952545   -565.37646     -45.439674  ]
 [ -23.24949     229.96298      19.560326  ]
 [   0.14895412    0.01388628    0.        ]
 [   0.            0.            0.1496    ]]

iter 25 cost=57.972419 -> 58.680510 |dtheta|=4.044196e-01  lambda=2.297e+01

============================================================
Iteration 26
============================================================
Theta offsets (Unity frame):
  Source   : dSx=   0.000, dSy=   0.000, dSz=   0.000  (mm)
  Object   : dOx= -17.904, dOy=  -8.443, dOz= -11.765  (mm)
  Object offset: offset_x=  -6.285, offset_z=   1.117  (mm)
  Detector : dDx=   0.000, dDy=   0.000, dDz=   0.000  (mm)
  Obj Stage rotY :    5.228 deg
============================================================

Unity geometry (world coordinates):
  Source   : x=   5.000, y=  60.000, z=   0.000
  Object   : x=   0.096, y=  14.557, z= 568.235
  Detector : x=  -8.000, y=  -5.000, z= 800.000
  Obj rotY :   0.0000 deg
view   0 | SOD= 571.272 mm | SDD= 802.742 mm | M= 1.405 | incident=4.7367°
[[  63.02228    -565.9638      -45.44306   ]
 [ -22.81945     229.5236       19.556938  ]
 [   0.14897765    0.01363152    0.        ]
 [   0.            0.            0.1496    ]]
Residual vector length: 24, Jacobian shape: (24, 6)
view   0 | SOD= 571.110 mm | SDD= 802.742 mm | M= 1.406 | incident=4.7367°
[[  63.28972    -565.7695      -45.452465  ]
 [ -22.911356    229.67905      19.547535  ]
 [   0.14897148    0.01369881    0.        ]
 [   0.            0.            0.1496    ]]

iter 26 cost=57.972419 -> 58.917444 |dtheta|=1.218849e-01  lambda=1.148e+02

============================================================
Iteration 27
============================================================
Theta offsets (Unity frame):
  Source   : dSx=   0.000, dSy=   0.000, dSz=   0.000  (mm)
  Object   : dOx= -17.904, dOy=  -8.443, dOz= -11.765  (mm)
  Object offset: offset_x=  -6.285, offset_z=   1.117  (mm)
  Detector : dDx=   0.000, dDy=   0.000, dDz=   0.000  (mm)
  Obj Stage rotY :    5.228 deg
============================================================

Unity geometry (world coordinates):
  Source   : x=   5.000, y=  60.000, z=   0.000
  Object   : x=   0.096, y=  14.557, z= 568.235
  Detector : x=  -8.000, y=  -5.000, z= 800.000
  Obj rotY :   0.0000 deg
view   0 | SOD= 571.272 mm | SDD= 802.742 mm | M= 1.405 | incident=4.7367°
[[  63.02228    -565.9638      -45.44306   ]
 [ -22.81945     229.5236       19.556938  ]
 [   0.14897765    0.01363152    0.        ]
 [   0.            0.            0.1496    ]]
Residual vector length: 24, Jacobian shape: (24, 6)
view   0 | SOD= 571.216 mm | SDD= 802.742 mm | M= 1.405 | incident=4.7367°
[[  63.094845   -565.8987      -45.45307   ]
 [ -22.830595    229.5797       19.546928  ]
 [   0.14897622    0.01364719    0.        ]
 [   0.            0.            0.1496    ]]

iter 27 cost=57.972419 -> 58.112245 |dtheta|=4.719060e-02  lambda=5.742e+02

============================================================
Iteration 28
============================================================
Theta offsets (Unity frame):
  Source   : dSx=   0.000, dSy=   0.000, dSz=   0.000  (mm)
  Object   : dOx= -17.904, dOy=  -8.443, dOz= -11.765  (mm)
  Object offset: offset_x=  -6.285, offset_z=   1.117  (mm)
  Detector : dDx=   0.000, dDy=   0.000, dDz=   0.000  (mm)
  Obj Stage rotY :    5.228 deg
============================================================

Unity geometry (world coordinates):
  Source   : x=   5.000, y=  60.000, z=   0.000
  Object   : x=   0.096, y=  14.557, z= 568.235
  Detector : x=  -8.000, y=  -5.000, z= 800.000
  Obj rotY :   0.0000 deg
view   0 | SOD= 571.272 mm | SDD= 802.742 mm | M= 1.405 | incident=4.7367°
[[  63.02228    -565.9638      -45.44306   ]
 [ -22.81945     229.5236       19.556938  ]
 [   0.14897765    0.01363152    0.        ]
 [   0.            0.            0.1496    ]]
Residual vector length: 24, Jacobian shape: (24, 6)
view   0 | SOD= 571.257 mm | SDD= 802.742 mm | M= 1.405 | incident=4.7367°
[[  63.038036   -565.9466      -45.44864   ]
 [ -22.819088    229.53917      19.551363  ]
 [   0.14897738    0.0136344     0.        ]
 [   0.            0.            0.1496    ]]

iter 28 cost=57.972419 -> 57.465281 |dtheta|=1.501355e-02  lambda=2.871e+03

============================================================
Iteration 29
============================================================
Theta offsets (Unity frame):
  Source   : dSx=   0.000, dSy=   0.000, dSz=   0.000  (mm)
  Object   : dOx= -17.911, dOy=  -8.449, dOz= -11.768  (mm)
  Object offset: offset_x=  -6.285, offset_z=   1.105  (mm)
  Detector : dDx=   0.000, dDy=   0.000, dDz=   0.000  (mm)
  Obj Stage rotY :    5.229 deg
============================================================

Unity geometry (world coordinates):
  Source   : x=   5.000, y=  60.000, z=   0.000
  Object   : x=   0.089, y=  14.551, z= 568.232
  Detector : x=  -8.000, y=  -5.000, z= 800.000
  Obj rotY :   0.0000 deg
view   0 | SOD= 571.257 mm | SDD= 802.742 mm | M= 1.405 | incident=4.7367°
[[  63.038036   -565.9466      -45.44864   ]
 [ -22.819088    229.53917      19.551363  ]
 [   0.14897738    0.0136344     0.        ]
 [   0.            0.            0.1496    ]]
Residual vector length: 24, Jacobian shape: (24, 6)
view   0 | SOD= 571.276 mm | SDD= 802.742 mm | M= 1.405 | incident=4.7367°
[[  62.88735    -565.98224     -45.442215  ]
 [ -22.75424     229.5267       19.557787  ]
 [   0.14898108    0.01359403    0.        ]
 [   0.            0.            0.1496    ]]

iter 29 cost=57.465281 -> 57.981874 |dtheta|=2.604870e-02  lambda=9.571e+02

============================================================
Iteration 30
============================================================
Theta offsets (Unity frame):
  Source   : dSx=   0.000, dSy=   0.000, dSz=   0.000  (mm)
  Object   : dOx= -17.911, dOy=  -8.449, dOz= -11.768  (mm)
  Object offset: offset_x=  -6.285, offset_z=   1.105  (mm)
  Detector : dDx=   0.000, dDy=   0.000, dDz=   0.000  (mm)
  Obj Stage rotY :    5.229 deg
============================================================

Unity geometry (world coordinates):
  Source   : x=   5.000, y=  60.000, z=   0.000
  Object   : x=   0.089, y=  14.551, z= 568.232
  Detector : x=  -8.000, y=  -5.000, z= 800.000
  Obj rotY :   0.0000 deg
view   0 | SOD= 571.257 mm | SDD= 802.742 mm | M= 1.405 | incident=4.7367°
[[  63.038036   -565.9466      -45.44864   ]
 [ -22.819088    229.53917      19.551363  ]
 [   0.14897738    0.0136344     0.        ]
 [   0.            0.            0.1496    ]]
Residual vector length: 24, Jacobian shape: (24, 6)
view   0 | SOD= 571.262 mm | SDD= 802.742 mm | M= 1.405 | incident=4.7367°
[[  63.008186   -565.955       -45.446205  ]
 [ -22.806087    229.53537      19.553797  ]
 [   0.14897813    0.01362637    0.        ]
 [   0.            0.            0.1496    ]]

iter 30 cost=57.465281 -> 57.479295 |dtheta|=6.571558e-03  lambda=4.785e+03

============================================================
Iteration 31
============================================================
Theta offsets (Unity frame):
  Source   : dSx=   0.000, dSy=   0.000, dSz=   0.000  (mm)
  Object   : dOx= -17.911, dOy=  -8.449, dOz= -11.768  (mm)
  Object offset: offset_x=  -6.285, offset_z=   1.105  (mm)
  Detector : dDx=   0.000, dDy=   0.000, dDz=   0.000  (mm)
  Obj Stage rotY :    5.229 deg
============================================================

Unity geometry (world coordinates):
  Source   : x=   5.000, y=  60.000, z=   0.000
  Object   : x=   0.089, y=  14.551, z= 568.232
  Detector : x=  -8.000, y=  -5.000, z= 800.000
  Obj rotY :   0.0000 deg
view   0 | SOD= 571.257 mm | SDD= 802.742 mm | M= 1.405 | incident=4.7367°
[[  63.038036   -565.9466      -45.44864   ]
 [ -22.819088    229.53917      19.551363  ]
 [   0.14897738    0.0136344     0.        ]
 [   0.            0.            0.1496    ]]
Residual vector length: 24, Jacobian shape: (24, 6)
view   0 | SOD= 571.258 mm | SDD= 802.742 mm | M= 1.405 | incident=4.7367°
[[  63.032127   -565.9483      -45.448036  ]
 [ -22.816498    229.53831      19.551964  ]
 [   0.14897753    0.01363281    0.        ]
 [   0.            0.            0.1496    ]]

iter 31 cost=57.465281 -> 57.397138 |dtheta|=1.416428e-03  lambda=2.393e+04

============================================================
Iteration 32
============================================================
Theta offsets (Unity frame):
  Source   : dSx=   0.000, dSy=   0.000, dSz=   0.000  (mm)
  Object   : dOx= -17.911, dOy=  -8.448, dOz= -11.768  (mm)
  Object offset: offset_x=  -6.285, offset_z=   1.106  (mm)
  Detector : dDx=   0.000, dDy=   0.000, dDz=   0.000  (mm)
  Obj Stage rotY :    5.229 deg
============================================================

Unity geometry (world coordinates):
  Source   : x=   5.000, y=  60.000, z=   0.000
  Object   : x=   0.089, y=  14.552, z= 568.232
  Detector : x=  -8.000, y=  -5.000, z= 800.000
  Obj rotY :   0.0000 deg
view   0 | SOD= 571.258 mm | SDD= 802.742 mm | M= 1.405 | incident=4.7367°
[[  63.032127   -565.9483      -45.448036  ]
 [ -22.816498    229.53831      19.551964  ]
 [   0.14897753    0.01363281    0.        ]
 [   0.            0.            0.1496    ]]
Residual vector length: 24, Jacobian shape: (24, 6)
view   0 | SOD= 571.261 mm | SDD= 802.742 mm | M= 1.405 | incident=4.7367°
[[  63.02491    -565.9513      -45.44866   ]
 [ -22.813618    229.53645      19.551338  ]
 [   0.14897771    0.01363092    0.        ]
 [   0.            0.            0.1496    ]]

iter 32 cost=57.397138 -> 57.282900 |dtheta|=3.316260e-03  lambda=7.976e+03

============================================================
Iteration 33
============================================================
Theta offsets (Unity frame):
  Source   : dSx=   0.000, dSy=   0.000, dSz=   0.000  (mm)
  Object   : dOx= -17.910, dOy=  -8.449, dOz= -11.769  (mm)
  Object offset: offset_x=  -6.286, offset_z=   1.109  (mm)
  Detector : dDx=   0.000, dDy=   0.000, dDz=   0.000  (mm)
  Obj Stage rotY :    5.228 deg
============================================================

Unity geometry (world coordinates):
  Source   : x=   5.000, y=  60.000, z=   0.000
  Object   : x=   0.090, y=  14.551, z= 568.231
  Detector : x=  -8.000, y=  -5.000, z= 800.000
  Obj rotY :   0.0000 deg
view   0 | SOD= 571.261 mm | SDD= 802.742 mm | M= 1.405 | incident=4.7367°
[[  63.02491    -565.9513      -45.44866   ]
 [ -22.813618    229.53645      19.551338  ]
 [   0.14897771    0.01363092    0.        ]
 [   0.            0.            0.1496    ]]
Residual vector length: 24, Jacobian shape: (24, 6)
view   0 | SOD= 571.261 mm | SDD= 802.742 mm | M= 1.405 | incident=4.7367°
[[  63.01658    -565.95294     -45.449993  ]
 [ -22.801544    229.537        19.550007  ]
 [   0.14897805    0.0136271     0.        ]
 [   0.            0.            0.1496    ]]

iter 33 cost=57.282900 -> 57.362490 |dtheta|=8.870021e-03  lambda=2.659e+03

============================================================
Iteration 34
============================================================
Theta offsets (Unity frame):
  Source   : dSx=   0.000, dSy=   0.000, dSz=   0.000  (mm)
  Object   : dOx= -17.910, dOy=  -8.449, dOz= -11.769  (mm)
  Object offset: offset_x=  -6.286, offset_z=   1.109  (mm)
  Detector : dDx=   0.000, dDy=   0.000, dDz=   0.000  (mm)
  Obj Stage rotY :    5.228 deg
============================================================

Unity geometry (world coordinates):
  Source   : x=   5.000, y=  60.000, z=   0.000
  Object   : x=   0.090, y=  14.551, z= 568.231
  Detector : x=  -8.000, y=  -5.000, z= 800.000
  Obj rotY :   0.0000 deg
view   0 | SOD= 571.261 mm | SDD= 802.742 mm | M= 1.405 | incident=4.7367°
[[  63.02491    -565.9513      -45.44866   ]
 [ -22.813618    229.53645      19.551338  ]
 [   0.14897771    0.01363092    0.        ]
 [   0.            0.            0.1496    ]]
Residual vector length: 24, Jacobian shape: (24, 6)
view   0 | SOD= 571.261 mm | SDD= 802.742 mm | M= 1.405 | incident=4.7367°
[[  63.023655   -565.9517      -45.44908   ]
 [ -22.810863    229.53648      19.550917  ]
 [   0.14897777    0.01363017    0.        ]
 [   0.            0.            0.1496    ]]

iter 34 cost=57.282900 -> 57.181862 |dtheta|=2.090907e-03  lambda=1.329e+04

============================================================
Iteration 35
============================================================
Theta offsets (Unity frame):
  Source   : dSx=   0.000, dSy=   0.000, dSz=   0.000  (mm)
  Object   : dOx= -17.911, dOy=  -8.449, dOz= -11.770  (mm)
  Object offset: offset_x=  -6.286, offset_z=   1.110  (mm)
  Detector : dDx=   0.000, dDy=   0.000, dDz=   0.000  (mm)
  Obj Stage rotY :    5.228 deg
============================================================

Unity geometry (world coordinates):
  Source   : x=   5.000, y=  60.000, z=   0.000
  Object   : x=   0.089, y=  14.551, z= 568.230
  Detector : x=  -8.000, y=  -5.000, z= 800.000
  Obj rotY :   0.0000 deg
view   0 | SOD= 571.261 mm | SDD= 802.742 mm | M= 1.405 | incident=4.7367°
[[  63.023655   -565.9517      -45.44908   ]
 [ -22.810863    229.53648      19.550917  ]
 [   0.14897777    0.01363017    0.        ]
 [   0.            0.            0.1496    ]]
Residual vector length: 24, Jacobian shape: (24, 6)
view   0 | SOD= 571.261 mm | SDD= 802.742 mm | M= 1.405 | incident=4.7367°
[[  63.035965   -565.9505      -45.45066   ]
 [ -22.812883    229.53613      19.549341  ]
 [   0.14897753    0.01363285    0.        ]
 [   0.            0.            0.1496    ]]

iter 35 cost=57.181862 -> 56.906158 |dtheta|=5.034683e-03  lambda=4.431e+03

============================================================
Iteration 36
============================================================
Theta offsets (Unity frame):
  Source   : dSx=   0.000, dSy=   0.000, dSz=   0.000  (mm)
  Object   : dOx= -17.914, dOy=  -8.451, dOz= -11.773  (mm)
  Object offset: offset_x=  -6.286, offset_z=   1.113  (mm)
  Detector : dDx=   0.000, dDy=   0.000, dDz=   0.000  (mm)
  Obj Stage rotY :    5.229 deg
============================================================

Unity geometry (world coordinates):
  Source   : x=   5.000, y=  60.000, z=   0.000
  Object   : x=   0.086, y=  14.549, z= 568.227
  Detector : x=  -8.000, y=  -5.000, z= 800.000
  Obj rotY :   0.0000 deg
view   0 | SOD= 571.261 mm | SDD= 802.742 mm | M= 1.405 | incident=4.7367°
[[  63.035965   -565.9505      -45.45066   ]
 [ -22.812883    229.53613      19.549341  ]
 [   0.14897753    0.01363285    0.        ]
 [   0.            0.            0.1496    ]]
Residual vector length: 24, Jacobian shape: (24, 6)
view   0 | SOD= 571.265 mm | SDD= 802.742 mm | M= 1.405 | incident=4.7367°
[[  63.197598   -565.9369      -45.450394  ]
 [ -22.85988     229.52719      19.549606  ]
 [   0.14897396    0.01367192    0.        ]
 [   0.            0.            0.1496    ]]

iter 36 cost=56.906158 -> 56.622816 |dtheta|=1.782415e-02  lambda=1.477e+03

============================================================
Iteration 37
============================================================
Theta offsets (Unity frame):
  Source   : dSx=   0.000, dSy=   0.000, dSz=   0.000  (mm)
  Object   : dOx= -17.920, dOy=  -8.450, dOz= -11.770  (mm)
  Object offset: offset_x=  -6.292, offset_z=   1.115  (mm)
  Detector : dDx=   0.000, dDy=   0.000, dDz=   0.000  (mm)
  Obj Stage rotY :    5.244 deg
============================================================

Unity geometry (world coordinates):
  Source   : x=   5.000, y=  60.000, z=   0.000
  Object   : x=   0.080, y=  14.550, z= 568.230
  Detector : x=  -8.000, y=  -5.000, z= 800.000
  Obj rotY :   0.0000 deg
view   0 | SOD= 571.265 mm | SDD= 802.742 mm | M= 1.405 | incident=4.7367°
[[  63.197598   -565.9369      -45.450394  ]
 [ -22.85988     229.52719      19.549606  ]
 [   0.14897396    0.01367192    0.        ]
 [   0.            0.            0.1496    ]]
Residual vector length: 24, Jacobian shape: (24, 6)
view   0 | SOD= 571.251 mm | SDD= 802.742 mm | M= 1.405 | incident=4.7367°
[[  63.312374   -565.90924     -45.459263  ]
 [ -22.900227    229.53802      19.540737  ]
 [   0.14897129    0.01370097    0.        ]
 [   0.            0.            0.1496    ]]

iter 37 cost=56.622816 -> 57.772473 |dtheta|=2.672803e-02  lambda=4.923e+02

============================================================
Iteration 38
============================================================
Theta offsets (Unity frame):
  Source   : dSx=   0.000, dSy=   0.000, dSz=   0.000  (mm)
  Object   : dOx= -17.920, dOy=  -8.450, dOz= -11.770  (mm)
  Object offset: offset_x=  -6.292, offset_z=   1.115  (mm)
  Detector : dDx=   0.000, dDy=   0.000, dDz=   0.000  (mm)
  Obj Stage rotY :    5.244 deg
============================================================

Unity geometry (world coordinates):
  Source   : x=   5.000, y=  60.000, z=   0.000
  Object   : x=   0.080, y=  14.550, z= 568.230
  Detector : x=  -8.000, y=  -5.000, z= 800.000
  Obj rotY :   0.0000 deg
view   0 | SOD= 571.265 mm | SDD= 802.742 mm | M= 1.405 | incident=4.7367°
[[  63.197598   -565.9369      -45.450394  ]
 [ -22.85988     229.52719      19.549606  ]
 [   0.14897396    0.01367192    0.        ]
 [   0.            0.            0.1496    ]]
Residual vector length: 24, Jacobian shape: (24, 6)
view   0 | SOD= 571.260 mm | SDD= 802.742 mm | M= 1.405 | incident=4.7367°
[[  63.228672   -565.92804     -45.454407  ]
 [ -22.870285    229.53154      19.545593  ]
 [   0.14897324    0.01367969    0.        ]
 [   0.            0.            0.1496    ]]

iter 38 cost=56.622816 -> 57.018292 |dtheta|=9.363673e-03  lambda=2.462e+03

============================================================
Iteration 39
============================================================
Theta offsets (Unity frame):
  Source   : dSx=   0.000, dSy=   0.000, dSz=   0.000  (mm)
  Object   : dOx= -17.920, dOy=  -8.450, dOz= -11.770  (mm)
  Object offset: offset_x=  -6.292, offset_z=   1.115  (mm)
  Detector : dDx=   0.000, dDy=   0.000, dDz=   0.000  (mm)
  Obj Stage rotY :    5.244 deg
============================================================

Unity geometry (world coordinates):
  Source   : x=   5.000, y=  60.000, z=   0.000
  Object   : x=   0.080, y=  14.550, z= 568.230
  Detector : x=  -8.000, y=  -5.000, z= 800.000
  Obj rotY :   0.0000 deg
view   0 | SOD= 571.265 mm | SDD= 802.742 mm | M= 1.405 | incident=4.7367°
[[  63.197598   -565.9369      -45.450394  ]
 [ -22.85988     229.52719      19.549606  ]
 [   0.14897396    0.01367192    0.        ]
 [   0.            0.            0.1496    ]]
Residual vector length: 24, Jacobian shape: (24, 6)
view   0 | SOD= 571.264 mm | SDD= 802.742 mm | M= 1.405 | incident=4.7367°
[[  63.20448    -565.9349      -45.451504  ]
 [ -22.862236    229.52824      19.548496  ]
 [   0.1489738     0.01367365    0.        ]
 [   0.            0.            0.1496    ]]

iter 39 cost=56.622816 -> 56.848972 |dtheta|=2.283862e-03  lambda=1.231e+04

============================================================
Iteration 40
============================================================
Theta offsets (Unity frame):
  Source   : dSx=   0.000, dSy=   0.000, dSz=   0.000  (mm)
  Object   : dOx= -17.920, dOy=  -8.450, dOz= -11.770  (mm)
  Object offset: offset_x=  -6.292, offset_z=   1.115  (mm)
  Detector : dDx=   0.000, dDy=   0.000, dDz=   0.000  (mm)
  Obj Stage rotY :    5.244 deg
============================================================

Unity geometry (world coordinates):
  Source   : x=   5.000, y=  60.000, z=   0.000
  Object   : x=   0.080, y=  14.550, z= 568.230
  Detector : x=  -8.000, y=  -5.000, z= 800.000
  Obj rotY :   0.0000 deg
view   0 | SOD= 571.265 mm | SDD= 802.742 mm | M= 1.405 | incident=4.7367°
[[  63.197598   -565.9369      -45.450394  ]
 [ -22.85988     229.52719      19.549606  ]
 [   0.14897396    0.01367192    0.        ]
 [   0.            0.            0.1496    ]]
Residual vector length: 24, Jacobian shape: (24, 6)
view   0 | SOD= 571.265 mm | SDD= 802.742 mm | M= 1.405 | incident=4.7367°
[[  63.199005   -565.9365      -45.450634  ]
 [ -22.860365    229.52739      19.549366  ]
 [   0.14897391    0.01367228    0.        ]
 [   0.            0.            0.1496    ]]

iter 40 cost=56.622816 -> 56.794225 |dtheta|=4.796302e-04  lambda=6.154e+04

============================================================
Iteration 41
============================================================
Theta offsets (Unity frame):
  Source   : dSx=   0.000, dSy=   0.000, dSz=   0.000  (mm)
  Object   : dOx= -17.920, dOy=  -8.450, dOz= -11.770  (mm)
  Object offset: offset_x=  -6.292, offset_z=   1.115  (mm)
  Detector : dDx=   0.000, dDy=   0.000, dDz=   0.000  (mm)
  Obj Stage rotY :    5.244 deg
============================================================

Unity geometry (world coordinates):
  Source   : x=   5.000, y=  60.000, z=   0.000
  Object   : x=   0.080, y=  14.550, z= 568.230
  Detector : x=  -8.000, y=  -5.000, z= 800.000
  Obj rotY :   0.0000 deg
view   0 | SOD= 571.265 mm | SDD= 802.742 mm | M= 1.405 | incident=4.7367°
[[  63.197598   -565.9369      -45.450394  ]
 [ -22.85988     229.52719      19.549606  ]
 [   0.14897396    0.01367192    0.        ]
 [   0.            0.            0.1496    ]]
Residual vector length: 24, Jacobian shape: (24, 6)
view   0 | SOD= 571.265 mm | SDD= 802.742 mm | M= 1.405 | incident=4.7367°
[[  63.19788    -565.9368      -45.450443  ]
 [ -22.85998     229.52724      19.549557  ]
 [   0.14897394    0.01367199    0.        ]
 [   0.            0.            0.1496    ]]

iter 41 cost=56.622816 -> 56.785993 |dtheta|=9.691859e-05  lambda=3.077e+05

============================================================
Iteration 42
============================================================
Theta offsets (Unity frame):
  Source   : dSx=   0.000, dSy=   0.000, dSz=   0.000  (mm)
  Object   : dOx= -17.920, dOy=  -8.450, dOz= -11.770  (mm)
  Object offset: offset_x=  -6.292, offset_z=   1.115  (mm)
  Detector : dDx=   0.000, dDy=   0.000, dDz=   0.000  (mm)
  Obj Stage rotY :    5.244 deg
============================================================

Unity geometry (world coordinates):
  Source   : x=   5.000, y=  60.000, z=   0.000
  Object   : x=   0.080, y=  14.550, z= 568.230
  Detector : x=  -8.000, y=  -5.000, z= 800.000
  Obj rotY :   0.0000 deg
view   0 | SOD= 571.265 mm | SDD= 802.742 mm | M= 1.405 | incident=4.7367°
[[  63.197598   -565.9369      -45.450394  ]
 [ -22.85988     229.52719      19.549606  ]
 [   0.14897396    0.01367192    0.        ]
 [   0.            0.            0.1496    ]]
Residual vector length: 24, Jacobian shape: (24, 6)
view   0 | SOD= 571.265 mm | SDD= 802.742 mm | M= 1.405 | incident=4.7367°
[[  63.19769    -565.9369      -45.45041   ]
 [ -22.859907    229.52719      19.549591  ]
 [   0.14897396    0.01367194    0.        ]
 [   0.            0.            0.1496    ]]

iter 42 cost=56.622816 -> 56.622816 |dtheta|=2.987562e-05  lambda=1.000e+06

============================================================
Iteration 43
============================================================
Theta offsets (Unity frame):
  Source   : dSx=   0.000, dSy=   0.000, dSz=   0.000  (mm)
  Object   : dOx= -17.920, dOy=  -8.450, dOz= -11.770  (mm)
  Object offset: offset_x=  -6.292, offset_z=   1.115  (mm)
  Detector : dDx=   0.000, dDy=   0.000, dDz=   0.000  (mm)
  Obj Stage rotY :    5.244 deg
============================================================

Unity geometry (world coordinates):
  Source   : x=   5.000, y=  60.000, z=   0.000
  Object   : x=   0.080, y=  14.550, z= 568.230
  Detector : x=  -8.000, y=  -5.000, z= 800.000
  Obj rotY :   0.0000 deg
view   0 | SOD= 571.265 mm | SDD= 802.742 mm | M= 1.405 | incident=4.7367°
[[  63.197598   -565.9369      -45.450394  ]
 [ -22.85988     229.52719      19.549606  ]
 [   0.14897396    0.01367192    0.        ]
 [   0.            0.            0.1496    ]]
Residual vector length: 24, Jacobian shape: (24, 6)
view   0 | SOD= 571.265 mm | SDD= 802.742 mm | M= 1.405 | incident=4.7367°
[[  63.19769    -565.9369      -45.45041   ]
 [ -22.859907    229.52719      19.549591  ]
 [   0.14897396    0.01367194    0.        ]
 [   0.            0.            0.1496    ]]

iter 43 cost=56.622816 -> 56.622816 |dtheta|=2.987562e-05  lambda=1.000e+06

============================================================
Iteration 44
============================================================
Theta offsets (Unity frame):
  Source   : dSx=   0.000, dSy=   0.000, dSz=   0.000  (mm)
  Object   : dOx= -17.920, dOy=  -8.450, dOz= -11.770  (mm)
  Object offset: offset_x=  -6.292, offset_z=   1.115  (mm)
  Detector : dDx=   0.000, dDy=   0.000, dDz=   0.000  (mm)
  Obj Stage rotY :    5.244 deg
============================================================

Unity geometry (world coordinates):
  Source   : x=   5.000, y=  60.000, z=   0.000
  Object   : x=   0.080, y=  14.550, z= 568.230
  Detector : x=  -8.000, y=  -5.000, z= 800.000
  Obj rotY :   0.0000 deg
view   0 | SOD= 571.265 mm | SDD= 802.742 mm | M= 1.405 | incident=4.7367°
[[  63.197598   -565.9369      -45.450394  ]
 [ -22.85988     229.52719      19.549606  ]
 [   0.14897396    0.01367192    0.        ]
 [   0.            0.            0.1496    ]]
Residual vector length: 24, Jacobian shape: (24, 6)
view   0 | SOD= 571.265 mm | SDD= 802.742 mm | M= 1.405 | incident=4.7367°
[[  63.19769    -565.9369      -45.45041   ]
 [ -22.859907    229.52719      19.549591  ]
 [   0.14897396    0.01367194    0.        ]
 [   0.            0.            0.1496    ]]

iter 44 cost=56.622816 -> 56.622816 |dtheta|=2.987562e-05  lambda=1.000e+06

============================================================
Iteration 45
============================================================
Theta offsets (Unity frame):
  Source   : dSx=   0.000, dSy=   0.000, dSz=   0.000  (mm)
  Object   : dOx= -17.920, dOy=  -8.450, dOz= -11.770  (mm)
  Object offset: offset_x=  -6.292, offset_z=   1.115  (mm)
  Detector : dDx=   0.000, dDy=   0.000, dDz=   0.000  (mm)
  Obj Stage rotY :    5.244 deg
============================================================

Unity geometry (world coordinates):
  Source   : x=   5.000, y=  60.000, z=   0.000
  Object   : x=   0.080, y=  14.550, z= 568.230
  Detector : x=  -8.000, y=  -5.000, z= 800.000
  Obj rotY :   0.0000 deg
view   0 | SOD= 571.265 mm | SDD= 802.742 mm | M= 1.405 | incident=4.7367°
[[  63.197598   -565.9369      -45.450394  ]
 [ -22.85988     229.52719      19.549606  ]
 [   0.14897396    0.01367192    0.        ]
 [   0.            0.            0.1496    ]]
Residual vector length: 24, Jacobian shape: (24, 6)
view   0 | SOD= 571.265 mm | SDD= 802.742 mm | M= 1.405 | incident=4.7367°
[[  63.19769    -565.9369      -45.45041   ]
 [ -22.859907    229.52719      19.549591  ]
 [   0.14897396    0.01367194    0.        ]
 [   0.            0.            0.1496    ]]

iter 45 cost=56.622816 -> 56.622816 |dtheta|=2.987562e-05  lambda=1.000e+06

============================================================
Iteration 46
============================================================
Theta offsets (Unity frame):
  Source   : dSx=   0.000, dSy=   0.000, dSz=   0.000  (mm)
  Object   : dOx= -17.920, dOy=  -8.450, dOz= -11.770  (mm)
  Object offset: offset_x=  -6.292, offset_z=   1.115  (mm)
  Detector : dDx=   0.000, dDy=   0.000, dDz=   0.000  (mm)
  Obj Stage rotY :    5.244 deg
============================================================

Unity geometry (world coordinates):
  Source   : x=   5.000, y=  60.000, z=   0.000
  Object   : x=   0.080, y=  14.550, z= 568.230
  Detector : x=  -8.000, y=  -5.000, z= 800.000
  Obj rotY :   0.0000 deg
view   0 | SOD= 571.265 mm | SDD= 802.742 mm | M= 1.405 | incident=4.7367°
[[  63.197598   -565.9369      -45.450394  ]
 [ -22.85988     229.52719      19.549606  ]
 [   0.14897396    0.01367192    0.        ]
 [   0.            0.            0.1496    ]]
Residual vector length: 24, Jacobian shape: (24, 6)
view   0 | SOD= 571.265 mm | SDD= 802.742 mm | M= 1.405 | incident=4.7367°
[[  63.19769    -565.9369      -45.45041   ]
 [ -22.859907    229.52719      19.549591  ]
 [   0.14897396    0.01367194    0.        ]
 [   0.            0.            0.1496    ]]

iter 46 cost=56.622816 -> 56.622816 |dtheta|=2.987562e-05  lambda=1.000e+06

============================================================
Iteration 47
============================================================
Theta offsets (Unity frame):
  Source   : dSx=   0.000, dSy=   0.000, dSz=   0.000  (mm)
  Object   : dOx= -17.920, dOy=  -8.450, dOz= -11.770  (mm)
  Object offset: offset_x=  -6.292, offset_z=   1.115  (mm)
  Detector : dDx=   0.000, dDy=   0.000, dDz=   0.000  (mm)
  Obj Stage rotY :    5.244 deg
============================================================

Unity geometry (world coordinates):
  Source   : x=   5.000, y=  60.000, z=   0.000
  Object   : x=   0.080, y=  14.550, z= 568.230
  Detector : x=  -8.000, y=  -5.000, z= 800.000
  Obj rotY :   0.0000 deg
view   0 | SOD= 571.265 mm | SDD= 802.742 mm | M= 1.405 | incident=4.7367°
[[  63.197598   -565.9369      -45.450394  ]
 [ -22.85988     229.52719      19.549606  ]
 [   0.14897396    0.01367192    0.        ]
 [   0.            0.            0.1496    ]]
Residual vector length: 24, Jacobian shape: (24, 6)
view   0 | SOD= 571.265 mm | SDD= 802.742 mm | M= 1.405 | incident=4.7367°
[[  63.19769    -565.9369      -45.45041   ]
 [ -22.859907    229.52719      19.549591  ]
 [   0.14897396    0.01367194    0.        ]
 [   0.            0.            0.1496    ]]

iter 47 cost=56.622816 -> 56.622816 |dtheta|=2.987562e-05  lambda=1.000e+06

============================================================
Iteration 48
============================================================
Theta offsets (Unity frame):
  Source   : dSx=   0.000, dSy=   0.000, dSz=   0.000  (mm)
  Object   : dOx= -17.920, dOy=  -8.450, dOz= -11.770  (mm)
  Object offset: offset_x=  -6.292, offset_z=   1.115  (mm)
  Detector : dDx=   0.000, dDy=   0.000, dDz=   0.000  (mm)
  Obj Stage rotY :    5.244 deg
============================================================

Unity geometry (world coordinates):
  Source   : x=   5.000, y=  60.000, z=   0.000
  Object   : x=   0.080, y=  14.550, z= 568.230
  Detector : x=  -8.000, y=  -5.000, z= 800.000
  Obj rotY :   0.0000 deg
view   0 | SOD= 571.265 mm | SDD= 802.742 mm | M= 1.405 | incident=4.7367°
[[  63.197598   -565.9369      -45.450394  ]
 [ -22.85988     229.52719      19.549606  ]
 [   0.14897396    0.01367192    0.        ]
 [   0.            0.            0.1496    ]]
Residual vector length: 24, Jacobian shape: (24, 6)
view   0 | SOD= 571.265 mm | SDD= 802.742 mm | M= 1.405 | incident=4.7367°
[[  63.19769    -565.9369      -45.45041   ]
 [ -22.859907    229.52719      19.549591  ]
 [   0.14897396    0.01367194    0.        ]
 [   0.            0.            0.1496    ]]

iter 48 cost=56.622816 -> 56.622816 |dtheta|=2.987562e-05  lambda=1.000e+06
Stalled.

Estimated theta:
  dSx: +0.000000
  dSy: +0.000000
  dOx: -17.920199
  dOy: -8.450394
  dOz: -11.770436
  dDx: +0.000000
  dDy: +0.000000
  dDz: +0.000000
alpha: +5.243569e+00 deg)
offset_x: -6.292041
offset_z: +1.114619

Final cost table:
Fake theta: [  0.   0. -18.  -8. -25.   0.   0.   0.  25.   0.   0.]
Final estimated theta: [  0.           0.         -17.92019938  -8.45039385 -11.77043609
   0.           0.           0.           5.2435692   -6.29204076
   1.114619  ]
Diff from Expected: [  0.           0.           0.07980062  -0.45039385  13.22956391
   0.           0.           0.         -19.7564308   -6.29204076
   1.114619  ]
################################################################################

