Phantom already exists, skipping: cuboid_phantom_5_normal.npy

################################################################################
Running cuboid=normal scenario=G1 N_ANGLES=6, K=5
view   0 | SOD= 565.750 mm | SDD= 721.227 mm | M= 1.275 | incident=3.3432°
[[  57.21255    -562.1528      -28.        ]
 [ -18.490114    153.9744       12.        ]
 [   0.14903073    0.0130385     0.        ]
 [   0.            0.            0.1496    ]]
          image          x1          y1  area1          x2          y2  area2          x3          y3  area3          x4          y4  area4          x5          y5  area5
0  proj_000.png  542.320138  120.934596    581  430.432188  237.018083    553  452.947977  343.475915    519  560.715631  461.649718    531  542.311388  595.234875    562
1  proj_001.png  385.956294  120.861888    572  417.856333  234.858223    529  601.326848  345.048638    514  575.519196  467.687386    547  385.980634  592.095070    568
2  proj_002.png  345.046332  120.548263    518  482.956443  233.553539    551  649.542593  352.312963    540  509.969125  471.862779    583  345.025000  577.300000    520
3  proj_003.png  452.884250  120.390892    527  560.730129  234.256932    541  542.402337  358.310518    599  430.364452  469.725314    557  452.903042  566.494297    526
4  proj_004.png  601.440299  120.457090    536  575.522604  236.468354    553  385.998273  356.476684    579  417.757353  463.500000    544  601.425612  569.732580    531
5  proj_005.png  649.519553  120.698324    537  509.994854  237.828473    583  345.094961  348.926357    516  483.047882  459.677716    543  649.602996  584.014981    534

============================================================
Iteration 0
============================================================
Theta offsets (Unity frame):
  Source   : dSx=   0.000, dSy=   0.000, dSz=   0.000  (mm)
  Object   : dOx=   0.000, dOy=   0.000, dOz=   0.000  (mm)
  Object offset: offset_x=   0.000, offset_z=   0.000  (mm)
  Detector : dDx=   0.000, dDy=   0.000, dDz=   0.000  (mm)
  Obj Stage rotY :    0.000 deg
============================================================

Unity geometry (world coordinates):
  Source   : x=   8.000, y=  50.000, z=   0.000
  Object   : x=   6.000, y=  28.000, z= 577.000
  Detector : x=  -5.000, y=  10.000, z= 720.000
  Obj rotY :   0.0000 deg
view   0 | SOD= 577.423 mm | SDD= 721.227 mm | M= 1.249 | incident=3.3432°
[[   2.     -577.      -22.    ]
 [ -11.      143.       18.    ]
 [   0.1496    0.        0.    ]
 [   0.        0.        0.1496]]
Residual vector length: 120, Jacobian shape: (120, 6)
view   0 | SOD= 574.232 mm | SDD= 721.227 mm | M= 1.256 | incident=3.3432°
[[  47.186523   -571.709       -25.779312  ]
 [ -15.864715    145.64279      14.220688  ]
 [   0.14923765    0.01040608    0.        ]
 [   0.            0.            0.1496    ]]

iter 00 cost=89131.537267 -> 9791.016319 |dtheta|=8.216602e+00  lambda=1.000e-02

============================================================
Iteration 1
============================================================
Theta offsets (Unity frame):
  Source   : dSx=   0.000, dSy=   0.000, dSz=   0.000  (mm)
  Object   : dOx=  -4.895, dOy=  -3.779, dOz=  -3.625  (mm)
  Object offset: offset_x=  -0.410, offset_z=   0.231  (mm)
  Detector : dDx=   0.000, dDy=   0.000, dDz=   0.000  (mm)
  Obj Stage rotY :    3.989 deg
============================================================

Unity geometry (world coordinates):
  Source   : x=   8.000, y=  50.000, z=   0.000
  Object   : x=   1.105, y=  24.221, z= 573.375
  Detector : x=  -5.000, y=  10.000, z= 720.000
  Obj rotY :   0.0000 deg
view   0 | SOD= 574.232 mm | SDD= 721.227 mm | M= 1.256 | incident=3.3432°
[[  47.186523   -571.709       -25.779312  ]
 [ -15.864715    145.64279      14.220688  ]
 [   0.14923765    0.01040608    0.        ]
 [   0.            0.            0.1496    ]]
Residual vector length: 120, Jacobian shape: (120, 6)
view   0 | SOD= 573.019 mm | SDD= 721.227 mm | M= 1.259 | incident=3.3432°
[[  51.19153   -570.06177    -27.55865  ]
 [ -16.029934   146.91122     12.441351 ]
 [   0.1491746    0.0112737    0.       ]
 [   0.           0.           0.1496   ]]

iter 01 cost=9791.016319 -> 1372.781648 |dtheta|=2.337626e+00  lambda=3.333e-03

============================================================
Iteration 2
============================================================
Theta offsets (Unity frame):
  Source   : dSx=   0.000, dSy=   0.000, dSz=   0.000  (mm)
  Object   : dOx=  -5.765, dOy=  -5.559, dOz=  -4.811  (mm)
  Object offset: offset_x=  -0.322, offset_z=   0.110  (mm)
  Detector : dDx=   0.000, dDy=   0.000, dDz=   0.000  (mm)
  Obj Stage rotY :    4.322 deg
============================================================

Unity geometry (world coordinates):
  Source   : x=   8.000, y=  50.000, z=   0.000
  Object   : x=   0.235, y=  22.441, z= 572.189
  Detector : x=  -5.000, y=  10.000, z= 720.000
  Obj rotY :   0.0000 deg
view   0 | SOD= 573.019 mm | SDD= 721.227 mm | M= 1.259 | incident=3.3432°
[[  51.19153   -570.06177    -27.55865  ]
 [ -16.029934   146.91122     12.441351 ]
 [   0.1491746    0.0112737    0.       ]
 [   0.           0.           0.1496   ]]
Residual vector length: 120, Jacobian shape: (120, 6)
view   0 | SOD= 570.399 mm | SDD= 721.227 mm | M= 1.264 | incident=3.3432°
[[  51.84278    -567.3462      -28.030045  ]
 [ -16.264008    149.54327      11.969955  ]
 [   0.14916058    0.0114579     0.        ]
 [   0.            0.            0.1496    ]]

iter 02 cost=1372.781648 -> 282.736312 |dtheta|=2.641486e+00  lambda=1.111e-03

============================================================
Iteration 3
============================================================
Theta offsets (Unity frame):
  Source   : dSx=   0.000, dSy=   0.000, dSz=   0.000  (mm)
  Object   : dOx=  -6.059, dOy=  -6.030, dOz=  -7.388  (mm)
  Object offset: offset_x=  -0.178, offset_z=   0.038  (mm)
  Detector : dDx=   0.000, dDy=   0.000, dDz=   0.000  (mm)
  Obj Stage rotY :    4.393 deg
============================================================

Unity geometry (world coordinates):
  Source   : x=   8.000, y=  50.000, z=   0.000
  Object   : x=  -0.059, y=  21.970, z= 569.612
  Detector : x=  -5.000, y=  10.000, z= 720.000
  Obj rotY :   0.0000 deg
view   0 | SOD= 570.399 mm | SDD= 721.227 mm | M= 1.264 | incident=3.3432°
[[  51.84278    -567.3462      -28.030045  ]
 [ -16.264008    149.54327      11.969955  ]
 [   0.14916058    0.0114579     0.        ]
 [   0.            0.            0.1496    ]]
Residual vector length: 120, Jacobian shape: (120, 6)
view   0 | SOD= 569.819 mm | SDD= 721.227 mm | M= 1.266 | incident=3.3432°
[[  54.313824   -566.52734     -28.12332   ]
 [ -17.134274    150.03682      11.87668   ]
 [   0.14910553    0.01215314    0.        ]
 [   0.            0.            0.1496    ]]

iter 03 cost=282.736312 -> 175.869829 |dtheta|=6.735141e-01  lambda=3.704e-04

============================================================
Iteration 4
============================================================
Theta offsets (Unity frame):
  Source   : dSx=   0.000, dSy=   0.000, dSz=   0.000  (mm)
  Object   : dOx=  -5.999, dOy=  -6.123, dOz=  -7.992  (mm)
  Object offset: offset_x=  -0.112, offset_z=   0.059  (mm)
  Detector : dDx=   0.000, dDy=   0.000, dDz=   0.000  (mm)
  Obj Stage rotY :    4.660 deg
============================================================

Unity geometry (world coordinates):
  Source   : x=   8.000, y=  50.000, z=   0.000
  Object   : x=   0.001, y=  21.877, z= 569.008
  Detector : x=  -5.000, y=  10.000, z= 720.000
  Obj rotY :   0.0000 deg
view   0 | SOD= 569.819 mm | SDD= 721.227 mm | M= 1.266 | incident=3.3432°
[[  54.313824   -566.52734     -28.12332   ]
 [ -17.134274    150.03682      11.87668   ]
 [   0.14910553    0.01215314    0.        ]
 [   0.            0.            0.1496    ]]
Residual vector length: 120, Jacobian shape: (120, 6)
view   0 | SOD= 568.730 mm | SDD= 721.227 mm | M= 1.268 | incident=3.3432°
[[  55.10593    -565.3522      -28.173615  ]
 [ -17.600307    151.08539      11.8263855 ]
 [   0.14908397    0.01241495    0.        ]
 [   0.            0.            0.1496    ]]

iter 04 cost=175.869829 -> 91.900527 |dtheta|=1.036982e+00  lambda=1.235e-04

============================================================
Iteration 5
============================================================
Theta offsets (Unity frame):
  Source   : dSx=   0.000, dSy=   0.000, dSz=   0.000  (mm)
  Object   : dOx=  -5.990, dOy=  -6.174, dOz=  -9.015  (mm)
  Object offset: offset_x=  -0.008, offset_z=  -0.010  (mm)
  Detector : dDx=   0.000, dDy=   0.000, dDz=   0.000  (mm)
  Obj Stage rotY :    4.760 deg
============================================================

Unity geometry (world coordinates):
  Source   : x=   8.000, y=  50.000, z=   0.000
  Object   : x=   0.010, y=  21.826, z= 567.985
  Detector : x=  -5.000, y=  10.000, z= 720.000
  Obj rotY :   0.0000 deg
view   0 | SOD= 568.730 mm | SDD= 721.227 mm | M= 1.268 | incident=3.3432°
[[  55.10593    -565.3522      -28.173615  ]
 [ -17.600307    151.08539      11.8263855 ]
 [   0.14908397    0.01241495    0.        ]
 [   0.            0.            0.1496    ]]
Residual vector length: 120, Jacobian shape: (120, 6)
view   0 | SOD= 568.122 mm | SDD= 721.227 mm | M= 1.269 | incident=3.3432°
[[  55.363888   -564.71906     -28.108955  ]
 [ -17.637152    151.6885       11.891045  ]
 [   0.14907885    0.01247629    0.        ]
 [   0.            0.            0.1496    ]]

iter 05 cost=91.900527 -> 60.664121 |dtheta|=5.838348e-01  lambda=4.115e-05

============================================================
Iteration 6
============================================================
Theta offsets (Unity frame):
  Source   : dSx=   0.000, dSy=   0.000, dSz=   0.000  (mm)
  Object   : dOx=  -6.032, dOy=  -6.109, dOz=  -9.592  (mm)
  Object offset: offset_x=  -0.042, offset_z=  -0.039  (mm)
  Detector : dDx=   0.000, dDy=   0.000, dDz=   0.000  (mm)
  Obj Stage rotY :    4.784 deg
============================================================

Unity geometry (world coordinates):
  Source   : x=   8.000, y=  50.000, z=   0.000
  Object   : x=  -0.032, y=  21.891, z= 567.408
  Detector : x=  -5.000, y=  10.000, z= 720.000
  Obj rotY :   0.0000 deg
view   0 | SOD= 568.122 mm | SDD= 721.227 mm | M= 1.269 | incident=3.3432°
[[  55.363888   -564.71906     -28.108955  ]
 [ -17.637152    151.6885       11.891045  ]
 [   0.14907885    0.01247629    0.        ]
 [   0.            0.            0.1496    ]]
Residual vector length: 120, Jacobian shape: (120, 6)
view   0 | SOD= 567.774 mm | SDD= 721.227 mm | M= 1.270 | incident=3.3432°
[[  56.209263   -564.28534     -28.10761   ]
 [ -17.914288    152.00697      11.892389  ]
 [   0.14905912    0.01270988    0.        ]
 [   0.            0.            0.1496    ]]

iter 06 cost=60.664121 -> 38.170183 |dtheta|=4.251821e-01  lambda=1.372e-05

============================================================
Iteration 7
============================================================
Theta offsets (Unity frame):
  Source   : dSx=   0.000, dSy=   0.000, dSz=   0.000  (mm)
  Object   : dOx=  -6.046, dOy=  -6.108, dOz= -10.002  (mm)
  Object offset: offset_x=  -0.018, offset_z=   0.022  (mm)
  Detector : dDx=   0.000, dDy=   0.000, dDz=   0.000  (mm)
  Obj Stage rotY :    4.874 deg
============================================================

Unity geometry (world coordinates):
  Source   : x=   8.000, y=  50.000, z=   0.000
  Object   : x=  -0.046, y=  21.892, z= 566.998
  Detector : x=  -5.000, y=  10.000, z= 720.000
  Obj rotY :   0.0000 deg
view   0 | SOD= 567.774 mm | SDD= 721.227 mm | M= 1.270 | incident=3.3432°
[[  56.209263   -564.28534     -28.10761   ]
 [ -17.914288    152.00697      11.892389  ]
 [   0.14905912    0.01270988    0.        ]
 [   0.            0.            0.1496    ]]
Residual vector length: 120, Jacobian shape: (120, 6)
view   0 | SOD= 567.555 mm | SDD= 721.227 mm | M= 1.271 | incident=3.3432°
[[  58.06624    -563.87897     -28.068325  ]
 [ -18.454712    152.16124      11.931675  ]
 [   0.14901572    0.01320879    0.        ]
 [   0.            0.            0.1496    ]]

iter 07 cost=38.170183 -> 30.989668 |dtheta|=2.858176e-01  lambda=4.572e-06

============================================================
Iteration 8
============================================================
Theta offsets (Unity frame):
  Source   : dSx=   0.000, dSy=   0.000, dSz=   0.000  (mm)
  Object   : dOx=  -6.036, dOy=  -6.068, dOz= -10.209  (mm)
  Object offset: offset_x=  -0.016, offset_z=   0.013  (mm)
  Detector : dDx=   0.000, dDy=   0.000, dDz=   0.000  (mm)
  Obj Stage rotY :    5.065 deg
============================================================

Unity geometry (world coordinates):
  Source   : x=   8.000, y=  50.000, z=   0.000
  Object   : x=  -0.036, y=  21.932, z= 566.791
  Detector : x=  -5.000, y=  10.000, z= 720.000
  Obj rotY :   0.0000 deg
view   0 | SOD= 567.555 mm | SDD= 721.227 mm | M= 1.271 | incident=3.3432°
[[  58.06624    -563.87897     -28.068325  ]
 [ -18.454712    152.16124      11.931675  ]
 [   0.14901572    0.01320879    0.        ]
 [   0.            0.            0.1496    ]]
Residual vector length: 120, Jacobian shape: (120, 6)
view   0 | SOD= 567.320 mm | SDD= 721.227 mm | M= 1.271 | incident=3.3432°
[[  57.913464   -563.6574      -28.078678  ]
 [ -18.465664    152.3979       11.921322  ]
 [   0.14901835    0.01317928    0.        ]
 [   0.            0.            0.1496    ]]

iter 08 cost=30.989668 -> 21.974880 |dtheta|=2.537754e-01  lambda=1.524e-06

============================================================
Iteration 9
============================================================
Theta offsets (Unity frame):
  Source   : dSx=   0.000, dSy=   0.000, dSz=   0.000  (mm)
  Object   : dOx=  -6.022, dOy=  -6.079, dOz= -10.462  (mm)
  Object offset: offset_x=  -0.010, offset_z=   0.030  (mm)
  Detector : dDx=   0.000, dDy=   0.000, dDz=   0.000  (mm)
  Obj Stage rotY :    5.054 deg
============================================================

Unity geometry (world coordinates):
  Source   : x=   8.000, y=  50.000, z=   0.000
  Object   : x=  -0.022, y=  21.921, z= 566.538
  Detector : x=  -5.000, y=  10.000, z= 720.000
  Obj rotY :   0.0000 deg
view   0 | SOD= 567.320 mm | SDD= 721.227 mm | M= 1.271 | incident=3.3432°
[[  57.913464   -563.6574      -28.078678  ]
 [ -18.465664    152.3979       11.921322  ]
 [   0.14901835    0.01317928    0.        ]
 [   0.            0.            0.1496    ]]
Residual vector length: 120, Jacobian shape: (120, 6)
view   0 | SOD= 566.920 mm | SDD= 721.227 mm | M= 1.272 | incident=3.3432°
[[  57.32806    -563.31616     -28.048058  ]
 [ -18.358715    152.81265      11.951942  ]
 [   0.14903101    0.01303519    0.        ]
 [   0.            0.            0.1496    ]]

iter 09 cost=21.974880 -> 12.598930 |dtheta|=3.758778e-01  lambda=1.000e-06

============================================================
Iteration 10
============================================================
Theta offsets (Unity frame):
  Source   : dSx=   0.000, dSy=   0.000, dSz=   0.000  (mm)
  Object   : dOx=  -6.027, dOy=  -6.048, dOz= -10.831  (mm)
  Object offset: offset_x=   0.001, offset_z=  -0.000  (mm)
  Detector : dDx=   0.000, dDy=   0.000, dDz=   0.000  (mm)
  Obj Stage rotY :    4.999 deg
============================================================

Unity geometry (world coordinates):
  Source   : x=   8.000, y=  50.000, z=   0.000
  Object   : x=  -0.027, y=  21.952, z= 566.169
  Detector : x=  -5.000, y=  10.000, z= 720.000
  Obj rotY :   0.0000 deg
view   0 | SOD= 566.920 mm | SDD= 721.227 mm | M= 1.272 | incident=3.3432°
[[  57.32806    -563.31616     -28.048058  ]
 [ -18.358715    152.81265      11.951942  ]
 [   0.14903101    0.01303519    0.        ]
 [   0.            0.            0.1496    ]]
Residual vector length: 120, Jacobian shape: (120, 6)
view   0 | SOD= 566.679 mm | SDD= 721.227 mm | M= 1.273 | incident=3.3432°
[[  57.478275   -563.0594      -28.03592   ]
 [ -18.446812    153.04425      11.964081  ]
 [   0.14902666    0.01308479    0.        ]
 [   0.            0.            0.1496    ]]

iter 10 cost=12.598930 -> 7.772809 |dtheta|=2.341634e-01  lambda=1.000e-06

============================================================
Iteration 11
============================================================
Theta offsets (Unity frame):
  Source   : dSx=   0.000, dSy=   0.000, dSz=   0.000  (mm)
  Object   : dOx=  -6.007, dOy=  -6.036, dOz= -11.063  (mm)
  Object offset: offset_x=  -0.003, offset_z=  -0.008  (mm)
  Detector : dDx=   0.000, dDy=   0.000, dDz=   0.000  (mm)
  Obj Stage rotY :    5.018 deg
============================================================

Unity geometry (world coordinates):
  Source   : x=   8.000, y=  50.000, z=   0.000
  Object   : x=  -0.007, y=  21.964, z= 565.937
  Detector : x=  -5.000, y=  10.000, z= 720.000
  Obj rotY :   0.0000 deg
view   0 | SOD= 566.679 mm | SDD= 721.227 mm | M= 1.273 | incident=3.3432°
[[  57.478275   -563.0594      -28.03592   ]
 [ -18.446812    153.04425      11.964081  ]
 [   0.14902666    0.01308479    0.        ]
 [   0.            0.            0.1496    ]]
Residual vector length: 120, Jacobian shape: (120, 6)
view   0 | SOD= 566.653 mm | SDD= 721.227 mm | M= 1.273 | incident=3.3432°
[[  57.46561    -563.0334      -28.04294   ]
 [ -18.429506    153.07343      11.95706   ]
 [   0.14902721    0.01307855    0.        ]
 [   0.            0.            0.1496    ]]

iter 11 cost=7.772809 -> 8.260924 |dtheta|=3.121059e-02  lambda=1.000e-06

============================================================
Iteration 12
============================================================
Theta offsets (Unity frame):
  Source   : dSx=   0.000, dSy=   0.000, dSz=   0.000  (mm)
  Object   : dOx=  -6.007, dOy=  -6.036, dOz= -11.063  (mm)
  Object offset: offset_x=  -0.003, offset_z=  -0.008  (mm)
  Detector : dDx=   0.000, dDy=   0.000, dDz=   0.000  (mm)
  Obj Stage rotY :    5.018 deg
============================================================

Unity geometry (world coordinates):
  Source   : x=   8.000, y=  50.000, z=   0.000
  Object   : x=  -0.007, y=  21.964, z= 565.937
  Detector : x=  -5.000, y=  10.000, z= 720.000
  Obj rotY :   0.0000 deg
view   0 | SOD= 566.679 mm | SDD= 721.227 mm | M= 1.273 | incident=3.3432°
[[  57.478275   -563.0594      -28.03592   ]
 [ -18.446812    153.04425      11.964081  ]
 [   0.14902666    0.01308479    0.        ]
 [   0.            0.            0.1496    ]]
Residual vector length: 120, Jacobian shape: (120, 6)
view   0 | SOD= 566.653 mm | SDD= 721.227 mm | M= 1.273 | incident=3.3432°
[[  57.46561    -563.0334      -28.04294   ]
 [ -18.429506    153.07343      11.95706   ]
 [   0.14902721    0.01307855    0.        ]
 [   0.            0.            0.1496    ]]

iter 12 cost=7.772809 -> 8.260924 |dtheta|=3.121059e-02  lambda=5.000e-06

============================================================
Iteration 13
============================================================
Theta offsets (Unity frame):
  Source   : dSx=   0.000, dSy=   0.000, dSz=   0.000  (mm)
  Object   : dOx=  -6.007, dOy=  -6.036, dOz= -11.063  (mm)
  Object offset: offset_x=  -0.003, offset_z=  -0.008  (mm)
  Detector : dDx=   0.000, dDy=   0.000, dDz=   0.000  (mm)
  Obj Stage rotY :    5.018 deg
============================================================

Unity geometry (world coordinates):
  Source   : x=   8.000, y=  50.000, z=   0.000
  Object   : x=  -0.007, y=  21.964, z= 565.937
  Detector : x=  -5.000, y=  10.000, z= 720.000
  Obj rotY :   0.0000 deg
view   0 | SOD= 566.679 mm | SDD= 721.227 mm | M= 1.273 | incident=3.3432°
[[  57.478275   -563.0594      -28.03592   ]
 [ -18.446812    153.04425      11.964081  ]
 [   0.14902666    0.01308479    0.        ]
 [   0.            0.            0.1496    ]]
Residual vector length: 120, Jacobian shape: (120, 6)
view   0 | SOD= 566.653 mm | SDD= 721.227 mm | M= 1.273 | incident=3.3432°
[[  57.46561    -563.0334      -28.04294   ]
 [ -18.429506    153.07343      11.95706   ]
 [   0.14902721    0.01307855    0.        ]
 [   0.            0.            0.1496    ]]

iter 13 cost=7.772809 -> 8.260924 |dtheta|=3.121058e-02  lambda=2.500e-05

============================================================
Iteration 14
============================================================
Theta offsets (Unity frame):
  Source   : dSx=   0.000, dSy=   0.000, dSz=   0.000  (mm)
  Object   : dOx=  -6.007, dOy=  -6.036, dOz= -11.063  (mm)
  Object offset: offset_x=  -0.003, offset_z=  -0.008  (mm)
  Detector : dDx=   0.000, dDy=   0.000, dDz=   0.000  (mm)
  Obj Stage rotY :    5.018 deg
============================================================

Unity geometry (world coordinates):
  Source   : x=   8.000, y=  50.000, z=   0.000
  Object   : x=  -0.007, y=  21.964, z= 565.937
  Detector : x=  -5.000, y=  10.000, z= 720.000
  Obj rotY :   0.0000 deg
view   0 | SOD= 566.679 mm | SDD= 721.227 mm | M= 1.273 | incident=3.3432°
[[  57.478275   -563.0594      -28.03592   ]
 [ -18.446812    153.04425      11.964081  ]
 [   0.14902666    0.01308479    0.        ]
 [   0.            0.            0.1496    ]]
Residual vector length: 120, Jacobian shape: (120, 6)
view   0 | SOD= 566.653 mm | SDD= 721.227 mm | M= 1.273 | incident=3.3432°
[[  57.46561    -563.0334      -28.04294   ]
 [ -18.429506    153.07343      11.95706   ]
 [   0.14902721    0.01307855    0.        ]
 [   0.            0.            0.1496    ]]

iter 14 cost=7.772809 -> 8.260924 |dtheta|=3.121057e-02  lambda=1.250e-04

============================================================
Iteration 15
============================================================
Theta offsets (Unity frame):
  Source   : dSx=   0.000, dSy=   0.000, dSz=   0.000  (mm)
  Object   : dOx=  -6.007, dOy=  -6.036, dOz= -11.063  (mm)
  Object offset: offset_x=  -0.003, offset_z=  -0.008  (mm)
  Detector : dDx=   0.000, dDy=   0.000, dDz=   0.000  (mm)
  Obj Stage rotY :    5.018 deg
============================================================

Unity geometry (world coordinates):
  Source   : x=   8.000, y=  50.000, z=   0.000
  Object   : x=  -0.007, y=  21.964, z= 565.937
  Detector : x=  -5.000, y=  10.000, z= 720.000
  Obj rotY :   0.0000 deg
view   0 | SOD= 566.679 mm | SDD= 721.227 mm | M= 1.273 | incident=3.3432°
[[  57.478275   -563.0594      -28.03592   ]
 [ -18.446812    153.04425      11.964081  ]
 [   0.14902666    0.01308479    0.        ]
 [   0.            0.            0.1496    ]]
Residual vector length: 120, Jacobian shape: (120, 6)
view   0 | SOD= 566.653 mm | SDD= 721.227 mm | M= 1.273 | incident=3.3432°
[[  57.46561    -563.0334      -28.04294   ]
 [ -18.429506    153.07343      11.95706   ]
 [   0.14902721    0.01307855    0.        ]
 [   0.            0.            0.1496    ]]

iter 15 cost=7.772809 -> 8.260924 |dtheta|=3.121051e-02  lambda=6.250e-04

============================================================
Iteration 16
============================================================
Theta offsets (Unity frame):
  Source   : dSx=   0.000, dSy=   0.000, dSz=   0.000  (mm)
  Object   : dOx=  -6.007, dOy=  -6.036, dOz= -11.063  (mm)
  Object offset: offset_x=  -0.003, offset_z=  -0.008  (mm)
  Detector : dDx=   0.000, dDy=   0.000, dDz=   0.000  (mm)
  Obj Stage rotY :    5.018 deg
============================================================

Unity geometry (world coordinates):
  Source   : x=   8.000, y=  50.000, z=   0.000
  Object   : x=  -0.007, y=  21.964, z= 565.937
  Detector : x=  -5.000, y=  10.000, z= 720.000
  Obj rotY :   0.0000 deg
view   0 | SOD= 566.679 mm | SDD= 721.227 mm | M= 1.273 | incident=3.3432°
[[  57.478275   -563.0594      -28.03592   ]
 [ -18.446812    153.04425      11.964081  ]
 [   0.14902666    0.01308479    0.        ]
 [   0.            0.            0.1496    ]]
Residual vector length: 120, Jacobian shape: (120, 6)
view   0 | SOD= 566.653 mm | SDD= 721.227 mm | M= 1.273 | incident=3.3432°
[[  57.46561    -563.0334      -28.04294   ]
 [ -18.429506    153.07343      11.95706   ]
 [   0.14902721    0.01307855    0.        ]
 [   0.            0.            0.1496    ]]

iter 16 cost=7.772809 -> 8.260924 |dtheta|=3.121023e-02  lambda=3.125e-03

============================================================
Iteration 17
============================================================
Theta offsets (Unity frame):
  Source   : dSx=   0.000, dSy=   0.000, dSz=   0.000  (mm)
  Object   : dOx=  -6.007, dOy=  -6.036, dOz= -11.063  (mm)
  Object offset: offset_x=  -0.003, offset_z=  -0.008  (mm)
  Detector : dDx=   0.000, dDy=   0.000, dDz=   0.000  (mm)
  Obj Stage rotY :    5.018 deg
============================================================

Unity geometry (world coordinates):
  Source   : x=   8.000, y=  50.000, z=   0.000
  Object   : x=  -0.007, y=  21.964, z= 565.937
  Detector : x=  -5.000, y=  10.000, z= 720.000
  Obj rotY :   0.0000 deg
view   0 | SOD= 566.679 mm | SDD= 721.227 mm | M= 1.273 | incident=3.3432°
[[  57.478275   -563.0594      -28.03592   ]
 [ -18.446812    153.04425      11.964081  ]
 [   0.14902666    0.01308479    0.        ]
 [   0.            0.            0.1496    ]]
Residual vector length: 120, Jacobian shape: (120, 6)
view   0 | SOD= 566.653 mm | SDD= 721.227 mm | M= 1.273 | incident=3.3432°
[[  57.465607   -563.0334      -28.04294   ]
 [ -18.429504    153.07343      11.95706   ]
 [   0.14902721    0.01307855    0.        ]
 [   0.            0.            0.1496    ]]

iter 17 cost=7.772809 -> 8.260924 |dtheta|=3.120879e-02  lambda=1.562e-02

============================================================
Iteration 18
============================================================
Theta offsets (Unity frame):
  Source   : dSx=   0.000, dSy=   0.000, dSz=   0.000  (mm)
  Object   : dOx=  -6.007, dOy=  -6.036, dOz= -11.063  (mm)
  Object offset: offset_x=  -0.003, offset_z=  -0.008  (mm)
  Detector : dDx=   0.000, dDy=   0.000, dDz=   0.000  (mm)
  Obj Stage rotY :    5.018 deg
============================================================

Unity geometry (world coordinates):
  Source   : x=   8.000, y=  50.000, z=   0.000
  Object   : x=  -0.007, y=  21.964, z= 565.937
  Detector : x=  -5.000, y=  10.000, z= 720.000
  Obj rotY :   0.0000 deg
view   0 | SOD= 566.679 mm | SDD= 721.227 mm | M= 1.273 | incident=3.3432°
[[  57.478275   -563.0594      -28.03592   ]
 [ -18.446812    153.04425      11.964081  ]
 [   0.14902666    0.01308479    0.        ]
 [   0.            0.            0.1496    ]]
Residual vector length: 120, Jacobian shape: (120, 6)
view   0 | SOD= 566.653 mm | SDD= 721.227 mm | M= 1.273 | incident=3.3432°
[[  57.465595   -563.0334      -28.04294   ]
 [ -18.4295      153.07343      11.95706   ]
 [   0.14902721    0.01307855    0.        ]
 [   0.            0.            0.1496    ]]

iter 18 cost=7.772809 -> 8.260924 |dtheta|=3.120160e-02  lambda=7.812e-02

============================================================
Iteration 19
============================================================
Theta offsets (Unity frame):
  Source   : dSx=   0.000, dSy=   0.000, dSz=   0.000  (mm)
  Object   : dOx=  -6.007, dOy=  -6.036, dOz= -11.063  (mm)
  Object offset: offset_x=  -0.003, offset_z=  -0.008  (mm)
  Detector : dDx=   0.000, dDy=   0.000, dDz=   0.000  (mm)
  Obj Stage rotY :    5.018 deg
============================================================

Unity geometry (world coordinates):
  Source   : x=   8.000, y=  50.000, z=   0.000
  Object   : x=  -0.007, y=  21.964, z= 565.937
  Detector : x=  -5.000, y=  10.000, z= 720.000
  Obj rotY :   0.0000 deg
view   0 | SOD= 566.679 mm | SDD= 721.227 mm | M= 1.273 | incident=3.3432°
[[  57.478275   -563.0594      -28.03592   ]
 [ -18.446812    153.04425      11.964081  ]
 [   0.14902666    0.01308479    0.        ]
 [   0.            0.            0.1496    ]]
Residual vector length: 120, Jacobian shape: (120, 6)
view   0 | SOD= 566.653 mm | SDD= 721.227 mm | M= 1.273 | incident=3.3432°
[[  57.46553    -563.03345     -28.042942  ]
 [ -18.429478    153.07336      11.957058  ]
 [   0.14902721    0.01307853    0.        ]
 [   0.            0.            0.1496    ]]

iter 19 cost=7.772809 -> 8.260924 |dtheta|=3.116578e-02  lambda=3.906e-01

============================================================
Iteration 20
============================================================
Theta offsets (Unity frame):
  Source   : dSx=   0.000, dSy=   0.000, dSz=   0.000  (mm)
  Object   : dOx=  -6.007, dOy=  -6.036, dOz= -11.063  (mm)
  Object offset: offset_x=  -0.003, offset_z=  -0.008  (mm)
  Detector : dDx=   0.000, dDy=   0.000, dDz=   0.000  (mm)
  Obj Stage rotY :    5.018 deg
============================================================

Unity geometry (world coordinates):
  Source   : x=   8.000, y=  50.000, z=   0.000
  Object   : x=  -0.007, y=  21.964, z= 565.937
  Detector : x=  -5.000, y=  10.000, z= 720.000
  Obj rotY :   0.0000 deg
view   0 | SOD= 566.679 mm | SDD= 721.227 mm | M= 1.273 | incident=3.3432°
[[  57.478275   -563.0594      -28.03592   ]
 [ -18.446812    153.04425      11.964081  ]
 [   0.14902666    0.01308479    0.        ]
 [   0.            0.            0.1496    ]]
Residual vector length: 120, Jacobian shape: (120, 6)
view   0 | SOD= 566.653 mm | SDD= 721.227 mm | M= 1.273 | incident=3.3432°
[[  57.465214   -563.0337      -28.042955  ]
 [ -18.429373    153.07314      11.957045  ]
 [   0.14902723    0.01307844    0.        ]
 [   0.            0.            0.1496    ]]

iter 20 cost=7.772809 -> 8.277723 |dtheta|=3.098952e-02  lambda=1.953e+00

============================================================
Iteration 21
============================================================
Theta offsets (Unity frame):
  Source   : dSx=   0.000, dSy=   0.000, dSz=   0.000  (mm)
  Object   : dOx=  -6.007, dOy=  -6.036, dOz= -11.063  (mm)
  Object offset: offset_x=  -0.003, offset_z=  -0.008  (mm)
  Detector : dDx=   0.000, dDy=   0.000, dDz=   0.000  (mm)
  Obj Stage rotY :    5.018 deg
============================================================

Unity geometry (world coordinates):
  Source   : x=   8.000, y=  50.000, z=   0.000
  Object   : x=  -0.007, y=  21.964, z= 565.937
  Detector : x=  -5.000, y=  10.000, z= 720.000
  Obj rotY :   0.0000 deg
view   0 | SOD= 566.679 mm | SDD= 721.227 mm | M= 1.273 | incident=3.3432°
[[  57.478275   -563.0594      -28.03592   ]
 [ -18.446812    153.04425      11.964081  ]
 [   0.14902666    0.01308479    0.        ]
 [   0.            0.            0.1496    ]]
Residual vector length: 120, Jacobian shape: (120, 6)
view   0 | SOD= 566.654 mm | SDD= 721.227 mm | M= 1.273 | incident=3.3432°
[[  57.463776   -563.035       -28.04301   ]
 [ -18.428894    153.07208      11.956989  ]
 [   0.14902726    0.01307804    0.        ]
 [   0.            0.            0.1496    ]]

iter 21 cost=7.772809 -> 8.256407 |dtheta|=3.017404e-02  lambda=9.766e+00

============================================================
Iteration 22
============================================================
Theta offsets (Unity frame):
  Source   : dSx=   0.000, dSy=   0.000, dSz=   0.000  (mm)
  Object   : dOx=  -6.007, dOy=  -6.036, dOz= -11.063  (mm)
  Object offset: offset_x=  -0.003, offset_z=  -0.008  (mm)
  Detector : dDx=   0.000, dDy=   0.000, dDz=   0.000  (mm)
  Obj Stage rotY :    5.018 deg
============================================================

Unity geometry (world coordinates):
  Source   : x=   8.000, y=  50.000, z=   0.000
  Object   : x=  -0.007, y=  21.964, z= 565.937
  Detector : x=  -5.000, y=  10.000, z= 720.000
  Obj rotY :   0.0000 deg
view   0 | SOD= 566.679 mm | SDD= 721.227 mm | M= 1.273 | incident=3.3432°
[[  57.478275   -563.0594      -28.03592   ]
 [ -18.446812    153.04425      11.964081  ]
 [   0.14902666    0.01308479    0.        ]
 [   0.            0.            0.1496    ]]
Residual vector length: 120, Jacobian shape: (120, 6)
view   0 | SOD= 566.658 mm | SDD= 721.227 mm | M= 1.273 | incident=3.3432°
[[  57.459137   -563.0398      -28.0432    ]
 [ -18.427341    153.06792      11.9568    ]
 [   0.14902738    0.01307675    0.        ]
 [   0.            0.            0.1496    ]]

iter 22 cost=7.772809 -> 8.422739 |dtheta|=2.725800e-02  lambda=4.883e+01

============================================================
Iteration 23
============================================================
Theta offsets (Unity frame):
  Source   : dSx=   0.000, dSy=   0.000, dSz=   0.000  (mm)
  Object   : dOx=  -6.007, dOy=  -6.036, dOz= -11.063  (mm)
  Object offset: offset_x=  -0.003, offset_z=  -0.008  (mm)
  Detector : dDx=   0.000, dDy=   0.000, dDz=   0.000  (mm)
  Obj Stage rotY :    5.018 deg
============================================================

Unity geometry (world coordinates):
  Source   : x=   8.000, y=  50.000, z=   0.000
  Object   : x=  -0.007, y=  21.964, z= 565.937
  Detector : x=  -5.000, y=  10.000, z= 720.000
  Obj rotY :   0.0000 deg
view   0 | SOD= 566.679 mm | SDD= 721.227 mm | M= 1.273 | incident=3.3432°
[[  57.478275   -563.0594      -28.03592   ]
 [ -18.446812    153.04425      11.964081  ]
 [   0.14902666    0.01308479    0.        ]
 [   0.            0.            0.1496    ]]
Residual vector length: 120, Jacobian shape: (120, 6)
view   0 | SOD= 566.667 mm | SDD= 721.227 mm | M= 1.273 | incident=3.3432°
[[  57.456028   -563.0487      -28.043295  ]
 [ -18.426561    153.05943      11.956705  ]
 [   0.14902745    0.01307594    0.        ]
 [   0.            0.            0.1496    ]]

iter 23 cost=7.772809 -> 8.482655 |dtheta|=2.181504e-02  lambda=2.441e+02

============================================================
Iteration 24
============================================================
Theta offsets (Unity frame):
  Source   : dSx=   0.000, dSy=   0.000, dSz=   0.000  (mm)
  Object   : dOx=  -6.007, dOy=  -6.036, dOz= -11.063  (mm)
  Object offset: offset_x=  -0.003, offset_z=  -0.008  (mm)
  Detector : dDx=   0.000, dDy=   0.000, dDz=   0.000  (mm)
  Obj Stage rotY :    5.018 deg
============================================================

Unity geometry (world coordinates):
  Source   : x=   8.000, y=  50.000, z=   0.000
  Object   : x=  -0.007, y=  21.964, z= 565.937
  Detector : x=  -5.000, y=  10.000, z= 720.000
  Obj rotY :   0.0000 deg
view   0 | SOD= 566.679 mm | SDD= 721.227 mm | M= 1.273 | incident=3.3432°
[[  57.478275   -563.0594      -28.03592   ]
 [ -18.446812    153.04425      11.964081  ]
 [   0.14902666    0.01308479    0.        ]
 [   0.            0.            0.1496    ]]
Residual vector length: 120, Jacobian shape: (120, 6)
view   0 | SOD= 566.675 mm | SDD= 721.227 mm | M= 1.273 | incident=3.3432°
[[  57.466473   -563.05536     -28.042004  ]
 [ -18.432524    153.05101      11.957996  ]
 [   0.14902714    0.01307936    0.        ]
 [   0.            0.            0.1496    ]]

iter 24 cost=7.772809 -> 8.084948 |dtheta|=1.466583e-02  lambda=1.221e+03

============================================================
Iteration 25
============================================================
Theta offsets (Unity frame):
  Source   : dSx=   0.000, dSy=   0.000, dSz=   0.000  (mm)
  Object   : dOx=  -6.007, dOy=  -6.036, dOz= -11.063  (mm)
  Object offset: offset_x=  -0.003, offset_z=  -0.008  (mm)
  Detector : dDx=   0.000, dDy=   0.000, dDz=   0.000  (mm)
  Obj Stage rotY :    5.018 deg
============================================================

Unity geometry (world coordinates):
  Source   : x=   8.000, y=  50.000, z=   0.000
  Object   : x=  -0.007, y=  21.964, z= 565.937
  Detector : x=  -5.000, y=  10.000, z= 720.000
  Obj rotY :   0.0000 deg
view   0 | SOD= 566.679 mm | SDD= 721.227 mm | M= 1.273 | incident=3.3432°
[[  57.478275   -563.0594      -28.03592   ]
 [ -18.446812    153.04425      11.964081  ]
 [   0.14902666    0.01308479    0.        ]
 [   0.            0.            0.1496    ]]
Residual vector length: 120, Jacobian shape: (120, 6)
view   0 | SOD= 566.678 mm | SDD= 721.227 mm | M= 1.273 | incident=3.3432°
[[  57.475506   -563.0583      -28.038906  ]
 [ -18.441185    153.0462       11.961094  ]
 [   0.14902683    0.01308304    0.        ]
 [   0.            0.            0.1496    ]]

iter 25 cost=7.772809 -> 7.716290 |dtheta|=6.140639e-03  lambda=6.104e+03

============================================================
Iteration 26
============================================================
Theta offsets (Unity frame):
  Source   : dSx=   0.000, dSy=   0.000, dSz=   0.000  (mm)
  Object   : dOx=  -6.012, dOy=  -6.039, dOz= -11.064  (mm)
  Object offset: offset_x=  -0.002, offset_z=  -0.009  (mm)
  Detector : dDx=   0.000, dDy=   0.000, dDz=   0.000  (mm)
  Obj Stage rotY :    5.017 deg
============================================================

Unity geometry (world coordinates):
  Source   : x=   8.000, y=  50.000, z=   0.000
  Object   : x=  -0.012, y=  21.961, z= 565.936
  Detector : x=  -5.000, y=  10.000, z= 720.000
  Obj rotY :   0.0000 deg
view   0 | SOD= 566.678 mm | SDD= 721.227 mm | M= 1.273 | incident=3.3432°
[[  57.475506   -563.0583      -28.038906  ]
 [ -18.441185    153.0462       11.961094  ]
 [   0.14902683    0.01308304    0.        ]
 [   0.            0.            0.1496    ]]
Residual vector length: 120, Jacobian shape: (120, 6)
view   0 | SOD= 566.671 mm | SDD= 721.227 mm | M= 1.273 | incident=3.3432°
[[  57.51695    -563.0472      -28.035353  ]
 [ -18.45829     153.0511       11.964647  ]
 [   0.14902575    0.01309522    0.        ]
 [   0.            0.            0.1496    ]]

iter 26 cost=7.716290 -> 7.686685 |dtheta|=1.145699e-02  lambda=2.035e+03

============================================================
Iteration 27
============================================================
Theta offsets (Unity frame):
  Source   : dSx=   0.000, dSy=   0.000, dSz=   0.000  (mm)
  Object   : dOx=  -6.006, dOy=  -6.035, dOz= -11.071  (mm)
  Object offset: offset_x=  -0.004, offset_z=  -0.009  (mm)
  Detector : dDx=   0.000, dDy=   0.000, dDz=   0.000  (mm)
  Obj Stage rotY :    5.022 deg
============================================================

Unity geometry (world coordinates):
  Source   : x=   8.000, y=  50.000, z=   0.000
  Object   : x=  -0.006, y=  21.965, z= 565.929
  Detector : x=  -5.000, y=  10.000, z= 720.000
  Obj rotY :   0.0000 deg
view   0 | SOD= 566.671 mm | SDD= 721.227 mm | M= 1.273 | incident=3.3432°
[[  57.51695    -563.0472      -28.035353  ]
 [ -18.45829     153.0511       11.964647  ]
 [   0.14902575    0.01309522    0.        ]
 [   0.            0.            0.1496    ]]
Residual vector length: 120, Jacobian shape: (120, 6)
view   0 | SOD= 566.659 mm | SDD= 721.227 mm | M= 1.273 | incident=3.3432°
[[  57.540184   -563.0316      -28.042986  ]
 [ -18.44472     153.06564      11.957014  ]
 [   0.14902557    0.01309724    0.        ]
 [   0.            0.            0.1496    ]]

iter 27 cost=7.686685 -> 8.512797 |dtheta|=2.565219e-02  lambda=6.782e+02

============================================================
Iteration 28
============================================================
Theta offsets (Unity frame):
  Source   : dSx=   0.000, dSy=   0.000, dSz=   0.000  (mm)
  Object   : dOx=  -6.006, dOy=  -6.035, dOz= -11.071  (mm)
  Object offset: offset_x=  -0.004, offset_z=  -0.009  (mm)
  Detector : dDx=   0.000, dDy=   0.000, dDz=   0.000  (mm)
  Obj Stage rotY :    5.022 deg
============================================================

Unity geometry (world coordinates):
  Source   : x=   8.000, y=  50.000, z=   0.000
  Object   : x=  -0.006, y=  21.965, z= 565.929
  Detector : x=  -5.000, y=  10.000, z= 720.000
  Obj rotY :   0.0000 deg
view   0 | SOD= 566.671 mm | SDD= 721.227 mm | M= 1.273 | incident=3.3432°
[[  57.51695    -563.0472      -28.035353  ]
 [ -18.45829     153.0511       11.964647  ]
 [   0.14902575    0.01309522    0.        ]
 [   0.            0.            0.1496    ]]
Residual vector length: 120, Jacobian shape: (120, 6)
view   0 | SOD= 566.669 mm | SDD= 721.227 mm | M= 1.273 | incident=3.3432°
[[  57.53074    -563.0431      -28.040207  ]
 [ -18.450476    153.05457      11.959793  ]
 [   0.14902565    0.01309647    0.        ]
 [   0.            0.            0.1496    ]]

iter 28 cost=7.686685 -> 7.758796 |dtheta|=1.256115e-02  lambda=3.391e+03

============================================================
Iteration 29
============================================================
Theta offsets (Unity frame):
  Source   : dSx=   0.000, dSy=   0.000, dSz=   0.000  (mm)
  Object   : dOx=  -6.006, dOy=  -6.035, dOz= -11.071  (mm)
  Object offset: offset_x=  -0.004, offset_z=  -0.009  (mm)
  Detector : dDx=   0.000, dDy=   0.000, dDz=   0.000  (mm)
  Obj Stage rotY :    5.022 deg
============================================================

Unity geometry (world coordinates):
  Source   : x=   8.000, y=  50.000, z=   0.000
  Object   : x=  -0.006, y=  21.965, z= 565.929
  Detector : x=  -5.000, y=  10.000, z= 720.000
  Obj rotY :   0.0000 deg
view   0 | SOD= 566.671 mm | SDD= 721.227 mm | M= 1.273 | incident=3.3432°
[[  57.51695    -563.0472      -28.035353  ]
 [ -18.45829     153.0511       11.964647  ]
 [   0.14902575    0.01309522    0.        ]
 [   0.            0.            0.1496    ]]
Residual vector length: 120, Jacobian shape: (120, 6)
view   0 | SOD= 566.671 mm | SDD= 721.227 mm | M= 1.273 | incident=3.3432°
[[  57.521206   -563.0464      -28.037003  ]
 [ -18.455822    153.05173      11.962997  ]
 [   0.14902572    0.0130956     0.        ]
 [   0.            0.            0.1496    ]]

iter 29 cost=7.686685 -> 7.497705 |dtheta|=3.777579e-03  lambda=1.695e+04

============================================================
Iteration 30
============================================================
Theta offsets (Unity frame):
  Source   : dSx=   0.000, dSy=   0.000, dSz=   0.000  (mm)
  Object   : dOx=  -6.009, dOy=  -6.037, dOz= -11.071  (mm)
  Object offset: offset_x=  -0.004, offset_z=  -0.009  (mm)
  Detector : dDx=   0.000, dDy=   0.000, dDz=   0.000  (mm)
  Obj Stage rotY :    5.022 deg
============================================================

Unity geometry (world coordinates):
  Source   : x=   8.000, y=  50.000, z=   0.000
  Object   : x=  -0.009, y=  21.963, z= 565.929
  Detector : x=  -5.000, y=  10.000, z= 720.000
  Obj rotY :   0.0000 deg
view   0 | SOD= 566.671 mm | SDD= 721.227 mm | M= 1.273 | incident=3.3432°
[[  57.521206   -563.0464      -28.037003  ]
 [ -18.455822    153.05173      11.962997  ]
 [   0.14902572    0.0130956     0.        ]
 [   0.            0.            0.1496    ]]
Residual vector length: 120, Jacobian shape: (120, 6)
view   0 | SOD= 566.665 mm | SDD= 721.227 mm | M= 1.273 | incident=3.3432°
[[  57.527317   -563.0401      -28.03839   ]
 [ -18.457464    153.05716      11.961611  ]
 [   0.14902557    0.01309721    0.        ]
 [   0.            0.            0.1496    ]]

iter 30 cost=7.497705 -> 7.391000 |dtheta|=5.369393e-03  lambda=5.651e+03

============================================================
Iteration 31
============================================================
Theta offsets (Unity frame):
  Source   : dSx=   0.000, dSy=   0.000, dSz=   0.000  (mm)
  Object   : dOx=  -6.011, dOy=  -6.038, dOz= -11.076  (mm)
  Object offset: offset_x=  -0.002, offset_z=  -0.010  (mm)
  Detector : dDx=   0.000, dDy=   0.000, dDz=   0.000  (mm)
  Obj Stage rotY :    5.023 deg
============================================================

Unity geometry (world coordinates):
  Source   : x=   8.000, y=  50.000, z=   0.000
  Object   : x=  -0.011, y=  21.962, z= 565.924
  Detector : x=  -5.000, y=  10.000, z= 720.000
  Obj rotY :   0.0000 deg
view   0 | SOD= 566.665 mm | SDD= 721.227 mm | M= 1.273 | incident=3.3432°
[[  57.527317   -563.0401      -28.03839   ]
 [ -18.457464    153.05716      11.961611  ]
 [   0.14902557    0.01309721    0.        ]
 [   0.            0.            0.1496    ]]
Residual vector length: 120, Jacobian shape: (120, 6)
view   0 | SOD= 566.662 mm | SDD= 721.227 mm | M= 1.273 | incident=3.3432°
[[  57.537228   -563.03546     -28.034924  ]
 [ -18.465193    153.05992      11.965076  ]
 [   0.14902526    0.01310088    0.        ]
 [   0.            0.            0.1496    ]]

iter 31 cost=7.391000 -> 7.561885 |dtheta|=8.161387e-03  lambda=1.884e+03

============================================================
Iteration 32
============================================================
Theta offsets (Unity frame):
  Source   : dSx=   0.000, dSy=   0.000, dSz=   0.000  (mm)
  Object   : dOx=  -6.011, dOy=  -6.038, dOz= -11.076  (mm)
  Object offset: offset_x=  -0.002, offset_z=  -0.010  (mm)
  Detector : dDx=   0.000, dDy=   0.000, dDz=   0.000  (mm)
  Obj Stage rotY :    5.023 deg
============================================================

Unity geometry (world coordinates):
  Source   : x=   8.000, y=  50.000, z=   0.000
  Object   : x=  -0.011, y=  21.962, z= 565.924
  Detector : x=  -5.000, y=  10.000, z= 720.000
  Obj rotY :   0.0000 deg
view   0 | SOD= 566.665 mm | SDD= 721.227 mm | M= 1.273 | incident=3.3432°
[[  57.527317   -563.0401      -28.03839   ]
 [ -18.457464    153.05716      11.961611  ]
 [   0.14902557    0.01309721    0.        ]
 [   0.            0.            0.1496    ]]
Residual vector length: 120, Jacobian shape: (120, 6)
view   0 | SOD= 566.665 mm | SDD= 721.227 mm | M= 1.273 | incident=3.3432°
[[  57.52912    -563.03925     -28.037075  ]
 [ -18.45988     153.0576       11.962925  ]
 [   0.1490255     0.01309809    0.        ]
 [   0.            0.            0.1496    ]]

iter 32 cost=7.391000 -> 7.569849 |dtheta|=2.767901e-03  lambda=9.419e+03

============================================================
Iteration 33
============================================================
Theta offsets (Unity frame):
  Source   : dSx=   0.000, dSy=   0.000, dSz=   0.000  (mm)
  Object   : dOx=  -6.011, dOy=  -6.038, dOz= -11.076  (mm)
  Object offset: offset_x=  -0.002, offset_z=  -0.010  (mm)
  Detector : dDx=   0.000, dDy=   0.000, dDz=   0.000  (mm)
  Obj Stage rotY :    5.023 deg
============================================================

Unity geometry (world coordinates):
  Source   : x=   8.000, y=  50.000, z=   0.000
  Object   : x=  -0.011, y=  21.962, z= 565.924
  Detector : x=  -5.000, y=  10.000, z= 720.000
  Obj rotY :   0.0000 deg
view   0 | SOD= 566.665 mm | SDD= 721.227 mm | M= 1.273 | incident=3.3432°
[[  57.527317   -563.0401      -28.03839   ]
 [ -18.457464    153.05716      11.961611  ]
 [   0.14902557    0.01309721    0.        ]
 [   0.            0.            0.1496    ]]
Residual vector length: 120, Jacobian shape: (120, 6)
view   0 | SOD= 566.665 mm | SDD= 721.227 mm | M= 1.273 | incident=3.3432°
[[  57.52765    -563.04        -28.038067  ]
 [ -18.45803     153.05724      11.961933  ]
 [   0.14902556    0.0130974     0.        ]
 [   0.            0.            0.1496    ]]

iter 33 cost=7.391000 -> 7.429429 |dtheta|=6.705419e-04  lambda=4.710e+04

============================================================
Iteration 34
============================================================
Theta offsets (Unity frame):
  Source   : dSx=   0.000, dSy=   0.000, dSz=   0.000  (mm)
  Object   : dOx=  -6.011, dOy=  -6.038, dOz= -11.076  (mm)
  Object offset: offset_x=  -0.002, offset_z=  -0.010  (mm)
  Detector : dDx=   0.000, dDy=   0.000, dDz=   0.000  (mm)
  Obj Stage rotY :    5.023 deg
============================================================

Unity geometry (world coordinates):
  Source   : x=   8.000, y=  50.000, z=   0.000
  Object   : x=  -0.011, y=  21.962, z= 565.924
  Detector : x=  -5.000, y=  10.000, z= 720.000
  Obj rotY :   0.0000 deg
view   0 | SOD= 566.665 mm | SDD= 721.227 mm | M= 1.273 | incident=3.3432°
[[  57.527317   -563.0401      -28.03839   ]
 [ -18.457464    153.05716      11.961611  ]
 [   0.14902557    0.01309721    0.        ]
 [   0.            0.            0.1496    ]]
Residual vector length: 120, Jacobian shape: (120, 6)
view   0 | SOD= 566.665 mm | SDD= 721.227 mm | M= 1.273 | incident=3.3432°
[[  57.527378   -563.04004     -28.038322  ]
 [ -18.457584    153.05722      11.961678  ]
 [   0.14902557    0.01309725    0.        ]
 [   0.            0.            0.1496    ]]

iter 34 cost=7.391000 -> 7.368869 |dtheta|=1.402713e-04  lambda=2.355e+05

============================================================
Iteration 35
============================================================
Theta offsets (Unity frame):
  Source   : dSx=   0.000, dSy=   0.000, dSz=   0.000  (mm)
  Object   : dOx=  -6.011, dOy=  -6.038, dOz= -11.076  (mm)
  Object offset: offset_x=  -0.002, offset_z=  -0.010  (mm)
  Detector : dDx=   0.000, dDy=   0.000, dDz=   0.000  (mm)
  Obj Stage rotY :    5.023 deg
============================================================

Unity geometry (world coordinates):
  Source   : x=   8.000, y=  50.000, z=   0.000
  Object   : x=  -0.011, y=  21.962, z= 565.924
  Detector : x=  -5.000, y=  10.000, z= 720.000
  Obj rotY :   0.0000 deg
view   0 | SOD= 566.665 mm | SDD= 721.227 mm | M= 1.273 | incident=3.3432°
[[  57.527378   -563.04004     -28.038322  ]
 [ -18.457584    153.05722      11.961678  ]
 [   0.14902557    0.01309725    0.        ]
 [   0.            0.            0.1496    ]]
Residual vector length: 120, Jacobian shape: (120, 6)
view   0 | SOD= 566.665 mm | SDD= 721.227 mm | M= 1.273 | incident=3.3432°
[[  57.52754    -563.04        -28.03811   ]
 [ -18.457758    153.05727      11.961889  ]
 [   0.14902557    0.01309732    0.        ]
 [   0.            0.            0.1496    ]]

iter 35 cost=7.368869 -> 7.402873 |dtheta|=3.822120e-04  lambda=7.849e+04

============================================================
Iteration 36
============================================================
Theta offsets (Unity frame):
  Source   : dSx=   0.000, dSy=   0.000, dSz=   0.000  (mm)
  Object   : dOx=  -6.011, dOy=  -6.038, dOz= -11.076  (mm)
  Object offset: offset_x=  -0.002, offset_z=  -0.010  (mm)
  Detector : dDx=   0.000, dDy=   0.000, dDz=   0.000  (mm)
  Obj Stage rotY :    5.023 deg
============================================================

Unity geometry (world coordinates):
  Source   : x=   8.000, y=  50.000, z=   0.000
  Object   : x=  -0.011, y=  21.962, z= 565.924
  Detector : x=  -5.000, y=  10.000, z= 720.000
  Obj rotY :   0.0000 deg
view   0 | SOD= 566.665 mm | SDD= 721.227 mm | M= 1.273 | incident=3.3432°
[[  57.527378   -563.04004     -28.038322  ]
 [ -18.457584    153.05722      11.961678  ]
 [   0.14902557    0.01309725    0.        ]
 [   0.            0.            0.1496    ]]
Residual vector length: 120, Jacobian shape: (120, 6)
view   0 | SOD= 566.665 mm | SDD= 721.227 mm | M= 1.273 | incident=3.3432°
[[  57.527412   -563.04004     -28.038277  ]
 [ -18.45762     153.0572       11.961723  ]
 [   0.14902557    0.01309726    0.        ]
 [   0.            0.            0.1496    ]]

iter 36 cost=7.368869 -> 7.351623 |dtheta|=7.863907e-05  lambda=3.925e+05

============================================================
Iteration 37
============================================================
Theta offsets (Unity frame):
  Source   : dSx=   0.000, dSy=   0.000, dSz=   0.000  (mm)
  Object   : dOx=  -6.011, dOy=  -6.038, dOz= -11.076  (mm)
  Object offset: offset_x=  -0.002, offset_z=  -0.010  (mm)
  Detector : dDx=   0.000, dDy=   0.000, dDz=   0.000  (mm)
  Obj Stage rotY :    5.023 deg
============================================================

Unity geometry (world coordinates):
  Source   : x=   8.000, y=  50.000, z=   0.000
  Object   : x=  -0.011, y=  21.962, z= 565.924
  Detector : x=  -5.000, y=  10.000, z= 720.000
  Obj rotY :   0.0000 deg
view   0 | SOD= 566.665 mm | SDD= 721.227 mm | M= 1.273 | incident=3.3432°
[[  57.527412   -563.04004     -28.038277  ]
 [ -18.45762     153.0572       11.961723  ]
 [   0.14902557    0.01309726    0.        ]
 [   0.            0.            0.1496    ]]
Residual vector length: 120, Jacobian shape: (120, 6)
view   0 | SOD= 566.665 mm | SDD= 721.227 mm | M= 1.273 | incident=3.3432°
[[  57.52736    -563.0399      -28.038109  ]
 [ -18.457752    153.05733      11.961891  ]
 [   0.14902557    0.01309728    0.        ]
 [   0.            0.            0.1496    ]]

iter 37 cost=7.351623 -> 7.393238 |dtheta|=2.320638e-04  lambda=1.308e+05

============================================================
Iteration 38
============================================================
Theta offsets (Unity frame):
  Source   : dSx=   0.000, dSy=   0.000, dSz=   0.000  (mm)
  Object   : dOx=  -6.011, dOy=  -6.038, dOz= -11.076  (mm)
  Object offset: offset_x=  -0.002, offset_z=  -0.010  (mm)
  Detector : dDx=   0.000, dDy=   0.000, dDz=   0.000  (mm)
  Obj Stage rotY :    5.023 deg
============================================================

Unity geometry (world coordinates):
  Source   : x=   8.000, y=  50.000, z=   0.000
  Object   : x=  -0.011, y=  21.962, z= 565.924
  Detector : x=  -5.000, y=  10.000, z= 720.000
  Obj rotY :   0.0000 deg
view   0 | SOD= 566.665 mm | SDD= 721.227 mm | M= 1.273 | incident=3.3432°
[[  57.527412   -563.04004     -28.038277  ]
 [ -18.45762     153.0572       11.961723  ]
 [   0.14902557    0.01309726    0.        ]
 [   0.            0.            0.1496    ]]
Residual vector length: 120, Jacobian shape: (120, 6)
view   0 | SOD= 566.665 mm | SDD= 721.227 mm | M= 1.273 | incident=3.3432°
[[  57.527397   -563.04        -28.038242  ]
 [ -18.457651    153.05727      11.961758  ]
 [   0.14902557    0.01309726    0.        ]
 [   0.            0.            0.1496    ]]

iter 38 cost=7.351623 -> 7.351623 |dtheta|=4.715486e-05  lambda=6.541e+05

============================================================
Iteration 39
============================================================
Theta offsets (Unity frame):
  Source   : dSx=   0.000, dSy=   0.000, dSz=   0.000  (mm)
  Object   : dOx=  -6.011, dOy=  -6.038, dOz= -11.076  (mm)
  Object offset: offset_x=  -0.002, offset_z=  -0.010  (mm)
  Detector : dDx=   0.000, dDy=   0.000, dDz=   0.000  (mm)
  Obj Stage rotY :    5.023 deg
============================================================

Unity geometry (world coordinates):
  Source   : x=   8.000, y=  50.000, z=   0.000
  Object   : x=  -0.011, y=  21.962, z= 565.924
  Detector : x=  -5.000, y=  10.000, z= 720.000
  Obj rotY :   0.0000 deg
view   0 | SOD= 566.665 mm | SDD= 721.227 mm | M= 1.273 | incident=3.3432°
[[  57.527412   -563.04004     -28.038277  ]
 [ -18.45762     153.0572       11.961723  ]
 [   0.14902557    0.01309726    0.        ]
 [   0.            0.            0.1496    ]]
Residual vector length: 120, Jacobian shape: (120, 6)
view   0 | SOD= 566.665 mm | SDD= 721.227 mm | M= 1.273 | incident=3.3432°
[[  57.527405   -563.04004     -28.038256  ]
 [ -18.457636    153.0572       11.961744  ]
 [   0.14902557    0.01309726    0.        ]
 [   0.            0.            0.1496    ]]

iter 39 cost=7.351623 -> 7.351623 |dtheta|=3.088678e-05  lambda=1.000e+06

============================================================
Iteration 40
============================================================
Theta offsets (Unity frame):
  Source   : dSx=   0.000, dSy=   0.000, dSz=   0.000  (mm)
  Object   : dOx=  -6.011, dOy=  -6.038, dOz= -11.076  (mm)
  Object offset: offset_x=  -0.002, offset_z=  -0.010  (mm)
  Detector : dDx=   0.000, dDy=   0.000, dDz=   0.000  (mm)
  Obj Stage rotY :    5.023 deg
============================================================

Unity geometry (world coordinates):
  Source   : x=   8.000, y=  50.000, z=   0.000
  Object   : x=  -0.011, y=  21.962, z= 565.924
  Detector : x=  -5.000, y=  10.000, z= 720.000
  Obj rotY :   0.0000 deg
view   0 | SOD= 566.665 mm | SDD= 721.227 mm | M= 1.273 | incident=3.3432°
[[  57.527412   -563.04004     -28.038277  ]
 [ -18.45762     153.0572       11.961723  ]
 [   0.14902557    0.01309726    0.        ]
 [   0.            0.            0.1496    ]]
Residual vector length: 120, Jacobian shape: (120, 6)
view   0 | SOD= 566.665 mm | SDD= 721.227 mm | M= 1.273 | incident=3.3432°
[[  57.527405   -563.04004     -28.038256  ]
 [ -18.457636    153.0572       11.961744  ]
 [   0.14902557    0.01309726    0.        ]
 [   0.            0.            0.1496    ]]

iter 40 cost=7.351623 -> 7.351623 |dtheta|=3.088678e-05  lambda=1.000e+06

============================================================
Iteration 41
============================================================
Theta offsets (Unity frame):
  Source   : dSx=   0.000, dSy=   0.000, dSz=   0.000  (mm)
  Object   : dOx=  -6.011, dOy=  -6.038, dOz= -11.076  (mm)
  Object offset: offset_x=  -0.002, offset_z=  -0.010  (mm)
  Detector : dDx=   0.000, dDy=   0.000, dDz=   0.000  (mm)
  Obj Stage rotY :    5.023 deg
============================================================

Unity geometry (world coordinates):
  Source   : x=   8.000, y=  50.000, z=   0.000
  Object   : x=  -0.011, y=  21.962, z= 565.924
  Detector : x=  -5.000, y=  10.000, z= 720.000
  Obj rotY :   0.0000 deg
view   0 | SOD= 566.665 mm | SDD= 721.227 mm | M= 1.273 | incident=3.3432°
[[  57.527412   -563.04004     -28.038277  ]
 [ -18.45762     153.0572       11.961723  ]
 [   0.14902557    0.01309726    0.        ]
 [   0.            0.            0.1496    ]]
Residual vector length: 120, Jacobian shape: (120, 6)
view   0 | SOD= 566.665 mm | SDD= 721.227 mm | M= 1.273 | incident=3.3432°
[[  57.527405   -563.04004     -28.038256  ]
 [ -18.457636    153.0572       11.961744  ]
 [   0.14902557    0.01309726    0.        ]
 [   0.            0.            0.1496    ]]

iter 41 cost=7.351623 -> 7.351623 |dtheta|=3.088678e-05  lambda=1.000e+06

============================================================
Iteration 42
============================================================
Theta offsets (Unity frame):
  Source   : dSx=   0.000, dSy=   0.000, dSz=   0.000  (mm)
  Object   : dOx=  -6.011, dOy=  -6.038, dOz= -11.076  (mm)
  Object offset: offset_x=  -0.002, offset_z=  -0.010  (mm)
  Detector : dDx=   0.000, dDy=   0.000, dDz=   0.000  (mm)
  Obj Stage rotY :    5.023 deg
============================================================

Unity geometry (world coordinates):
  Source   : x=   8.000, y=  50.000, z=   0.000
  Object   : x=  -0.011, y=  21.962, z= 565.924
  Detector : x=  -5.000, y=  10.000, z= 720.000
  Obj rotY :   0.0000 deg
view   0 | SOD= 566.665 mm | SDD= 721.227 mm | M= 1.273 | incident=3.3432°
[[  57.527412   -563.04004     -28.038277  ]
 [ -18.45762     153.0572       11.961723  ]
 [   0.14902557    0.01309726    0.        ]
 [   0.            0.            0.1496    ]]
Residual vector length: 120, Jacobian shape: (120, 6)
view   0 | SOD= 566.665 mm | SDD= 721.227 mm | M= 1.273 | incident=3.3432°
[[  57.527405   -563.04004     -28.038256  ]
 [ -18.457636    153.0572       11.961744  ]
 [   0.14902557    0.01309726    0.        ]
 [   0.            0.            0.1496    ]]

iter 42 cost=7.351623 -> 7.351623 |dtheta|=3.088678e-05  lambda=1.000e+06

============================================================
Iteration 43
============================================================
Theta offsets (Unity frame):
  Source   : dSx=   0.000, dSy=   0.000, dSz=   0.000  (mm)
  Object   : dOx=  -6.011, dOy=  -6.038, dOz= -11.076  (mm)
  Object offset: offset_x=  -0.002, offset_z=  -0.010  (mm)
  Detector : dDx=   0.000, dDy=   0.000, dDz=   0.000  (mm)
  Obj Stage rotY :    5.023 deg
============================================================

Unity geometry (world coordinates):
  Source   : x=   8.000, y=  50.000, z=   0.000
  Object   : x=  -0.011, y=  21.962, z= 565.924
  Detector : x=  -5.000, y=  10.000, z= 720.000
  Obj rotY :   0.0000 deg
view   0 | SOD= 566.665 mm | SDD= 721.227 mm | M= 1.273 | incident=3.3432°
[[  57.527412   -563.04004     -28.038277  ]
 [ -18.45762     153.0572       11.961723  ]
 [   0.14902557    0.01309726    0.        ]
 [   0.            0.            0.1496    ]]
Residual vector length: 120, Jacobian shape: (120, 6)
view   0 | SOD= 566.665 mm | SDD= 721.227 mm | M= 1.273 | incident=3.3432°
[[  57.527405   -563.04004     -28.038256  ]
 [ -18.457636    153.0572       11.961744  ]
 [   0.14902557    0.01309726    0.        ]
 [   0.            0.            0.1496    ]]

iter 43 cost=7.351623 -> 7.351623 |dtheta|=3.088678e-05  lambda=1.000e+06

============================================================
Iteration 44
============================================================
Theta offsets (Unity frame):
  Source   : dSx=   0.000, dSy=   0.000, dSz=   0.000  (mm)
  Object   : dOx=  -6.011, dOy=  -6.038, dOz= -11.076  (mm)
  Object offset: offset_x=  -0.002, offset_z=  -0.010  (mm)
  Detector : dDx=   0.000, dDy=   0.000, dDz=   0.000  (mm)
  Obj Stage rotY :    5.023 deg
============================================================

Unity geometry (world coordinates):
  Source   : x=   8.000, y=  50.000, z=   0.000
  Object   : x=  -0.011, y=  21.962, z= 565.924
  Detector : x=  -5.000, y=  10.000, z= 720.000
  Obj rotY :   0.0000 deg
view   0 | SOD= 566.665 mm | SDD= 721.227 mm | M= 1.273 | incident=3.3432°
[[  57.527412   -563.04004     -28.038277  ]
 [ -18.45762     153.0572       11.961723  ]
 [   0.14902557    0.01309726    0.        ]
 [   0.            0.            0.1496    ]]
Residual vector length: 120, Jacobian shape: (120, 6)
view   0 | SOD= 566.665 mm | SDD= 721.227 mm | M= 1.273 | incident=3.3432°
[[  57.527405   -563.04004     -28.038256  ]
 [ -18.457636    153.0572       11.961744  ]
 [   0.14902557    0.01309726    0.        ]
 [   0.            0.            0.1496    ]]

iter 44 cost=7.351623 -> 7.351623 |dtheta|=3.088678e-05  lambda=1.000e+06

============================================================
Iteration 45
============================================================
Theta offsets (Unity frame):
  Source   : dSx=   0.000, dSy=   0.000, dSz=   0.000  (mm)
  Object   : dOx=  -6.011, dOy=  -6.038, dOz= -11.076  (mm)
  Object offset: offset_x=  -0.002, offset_z=  -0.010  (mm)
  Detector : dDx=   0.000, dDy=   0.000, dDz=   0.000  (mm)
  Obj Stage rotY :    5.023 deg
============================================================

Unity geometry (world coordinates):
  Source   : x=   8.000, y=  50.000, z=   0.000
  Object   : x=  -0.011, y=  21.962, z= 565.924
  Detector : x=  -5.000, y=  10.000, z= 720.000
  Obj rotY :   0.0000 deg
view   0 | SOD= 566.665 mm | SDD= 721.227 mm | M= 1.273 | incident=3.3432°
[[  57.527412   -563.04004     -28.038277  ]
 [ -18.45762     153.0572       11.961723  ]
 [   0.14902557    0.01309726    0.        ]
 [   0.            0.            0.1496    ]]
Residual vector length: 120, Jacobian shape: (120, 6)
view   0 | SOD= 566.665 mm | SDD= 721.227 mm | M= 1.273 | incident=3.3432°
[[  57.527405   -563.04004     -28.038256  ]
 [ -18.457636    153.0572       11.961744  ]
 [   0.14902557    0.01309726    0.        ]
 [   0.            0.            0.1496    ]]

iter 45 cost=7.351623 -> 7.351623 |dtheta|=3.088678e-05  lambda=1.000e+06
Stalled.

Estimated theta:
  dSx: +0.000000
  dSy: +0.000000
  dOx: -6.010848
  dOy: -6.038278
  dOz: -11.075824
  dDx: +0.000000
  dDy: +0.000000
  dDz: +0.000000
alpha: +5.022592e+00 deg)
offset_x: -0.002340
offset_z: -0.009650

Final cost table:
Fake theta: [  0.   0.  -6.  -6. -12.   0.   0.   0.   5.   0.   0.]
Final estimated theta: [  0.           0.          -6.01084809  -6.03827771 -11.07582401
   0.           0.           0.           5.02259193  -0.00233987
  -0.00965032]
Diff from Expected: [ 0.          0.         -0.01084809 -0.03827771  0.92417599  0.
  0.          0.          0.02259193 -0.00233987 -0.00965032]
################################################################################

