Phantom already exists, skipping: cuboid_phantom_5_normal.npy

################################################################################
Running cuboid=normal scenario=G4 N_ANGLES=90, K=5
view   0 | SOD= 568.374 mm | SDD= 691.050 mm | M= 1.216 | incident=3.1588°
[[  24.733675   -567.4833      -20.        ]
 [   3.6013086   122.35616      15.        ]
 [   0.14939497    0.00782946    0.        ]
 [   0.            0.            0.1496    ]]
           image          x1         y1  area1          x2          y2  area2          x3          y3  area3          x4          y4  area4          x5          y5  area5
0   proj_000.png  470.116041  86.912969    586  357.884007  198.917399    569  368.522073  303.092131    521  476.411439  414.444649    542  470.175652  538.907826    575
1   proj_001.png  460.053422  86.886477    599  354.428064  198.960924    563  378.231939  303.013308    526  479.963031  414.663586    541  459.963855  539.201377    581
2   proj_002.png  449.636516  86.889447    597  351.143636  198.776364    550  388.017241  302.954023    522  483.232775  414.932961    537  449.603041  539.493243    592
3   proj_003.png  438.970346  86.851730    607  348.125926  198.683333    540  398.009328  302.852612    536  486.340866  415.210923    531  438.998314  539.568297    593
4   proj_004.png  428.278878  86.792079    606  345.484171  198.692737    537  408.070076  302.801136    528  489.109405  415.495202    521  428.262712  539.727119    590
5   proj_005.png  417.540765  86.798669    601  343.185741  198.607880    533  418.062857  302.800000    525  491.481836  415.875717    523  417.567797  539.666102    590
6   proj_006.png  406.825658  86.845395    608  341.231776  198.641121    535  428.156716  302.884328    536  493.611429  416.049524    525  406.740304  539.634064    593
7   proj_007.png  396.109797  86.827703    592  339.634831  198.541199    534  438.349146  302.948767    527  495.253333  416.417143    525  396.091993  539.640545    587
8   proj_008.png  385.536545  86.827243    602  338.583643  198.500000    538  448.267686  302.998088    523  496.521576  416.761726    533  385.491611  539.439597    596
9   proj_009.png  375.082770  86.945946    592  337.754613  198.424354    542  457.984762  303.045714    525  497.457249  417.154275    538  375.074703  539.169779    589
10  proj_010.png  364.956303  87.000000    595  337.522936  198.363303    545  467.553875  303.168242    529  498.063291  417.386980    553  364.989899  539.020202    594
11  proj_011.png  355.000000  87.000000    593  337.620000  198.361818    550  477.126177  303.316384    531  498.183784  417.668468    555  354.979695  538.796954    591
12  proj_012.png  345.335616  87.034247    584  338.014467  198.278481    553  486.162524  303.539197    523  497.922523  418.090090    555  345.414966  538.204082    588
13  proj_013.png  336.161512  87.097938    582  338.768248  198.213504    548  495.050096  303.647399    519  497.350272  418.357532    551  336.253012  537.938038    581
14  proj_014.png  327.500000  87.172881    590  340.023551  198.099638    552  503.539924  303.922053    526  496.328571  418.698214    560  327.521368  537.275214    585
15  proj_015.png  319.317324  87.236707    583  341.555354  198.016334    551  511.664783  304.107345    531  494.962366  419.055556    558  319.233677  536.817869    582
16  proj_016.png  311.470280  87.295455    572  343.492701  197.961679    548  519.398866  304.308129    529  493.151079  419.395683    556  311.452007  536.085515    573
17  proj_017.png  304.157986  87.470486    576  345.790826  197.928440    545  526.592871  304.523452    533  490.975439  419.687719    570  304.120069  535.487136    583
18  proj_018.png  297.577123  87.544194    577  348.486388  197.813067    551  533.364991  304.783985    537  488.355009  419.973638    569  297.577778  534.900855    585
19  proj_019.png  291.609756  87.689895    574  351.480663  197.727440    543  539.561567  305.164179    536  485.564602  420.185841    565  291.688042  534.031196    577
20  proj_020.png  286.337349  87.831325    581  354.765996  197.755027    547  545.309259  305.438889    540  482.237258  420.513181    569  286.284247  533.296233    584
21  proj_021.png  281.687500  87.871528    576  358.301645  197.661792    547  550.266910  305.685558    547  478.775087  420.840830    578  281.648789  532.558824    578
22  proj_022.png  277.724077  88.035149    569  362.220588  197.580882    544  554.645338  306.036563    547  474.977431  420.994792    576  277.699473  531.755712    569
23  proj_023.png  274.455497  88.115183    573  366.263254  197.623400    547  558.560579  306.417722    553  470.793460  421.206540    581  274.382867  530.989510    572
24  proj_024.png  271.929701  88.284710    569  370.644161  197.523723    548  561.689408  306.700180    557  466.335628  421.421687    581  271.887719  530.107018    570
25  proj_025.png  270.123656  88.437276    558  375.304189  197.530055    549  564.021739  307.050725    552  461.702055  421.714041    584  270.133215  529.243339    563
26  proj_026.png  269.000000  88.500000    560  380.046763  197.500000    556  565.751351  307.475676    555  456.839590  421.921502    586  268.998214  528.416071    560
27  proj_027.png  268.558984  88.584392    551  385.042279  197.476103    544  566.707804  307.740472    551  451.880546  421.974403    586  268.602190  527.489051    548
28  proj_028.png  268.969259  88.831826    553  390.082437  197.500000    558  567.188172  308.195341    558  446.469697  422.109428    594  268.985586  526.650450    555
29  proj_029.png  270.023636  88.900000    550  395.320721  197.445045    555  566.727110  308.554758    557  441.064189  422.202703    592  270.036232  525.817029    552
30  proj_030.png  271.777164  89.034991    543  400.683544  197.453888    553  565.655971  308.887701    561  435.564784  422.209302    602  271.828154  524.901280    547
31  proj_031.png  274.344444  89.174074    540  406.019504  197.413121    564  563.802139  309.292335    561  429.907285  422.281457    604  274.267399  524.137363    546
32  proj_032.png  277.475926  89.355556    540  411.579137  197.420863    556  561.097691  309.644760    563  424.301483  422.352554    607  277.464945  523.333948    542
33  proj_033.png  281.419593  89.371534    541  417.062167  197.495560    563  557.805310  309.998230    565  418.509031  422.438424    609  281.453875  522.594096    542
34  proj_034.png  285.664804  89.491620    537  422.697880  197.438163    566  553.856890  310.429329    566  412.773096  422.419773    617  285.750000  521.632463    536
35  proj_035.png  290.707317  89.628518    533  428.054101  197.415358    573  549.003515  310.648506    569  407.254457  422.350081    617  290.832090  521.048507    536
36  proj_036.png  296.523810  89.910476    525  433.603175  197.398589    567  543.737213  311.005291    567  401.581848  422.304700    617  296.469697  520.357955    528
37  proj_037.png  302.750000  89.744275    524  438.916084  197.500000    572  537.633452  311.354093    562  396.047386  422.155229    612  302.753321  519.648956    527
38  proj_038.png  309.548450  90.000000    516  444.096491  197.456140    570  530.964912  311.564912    570  390.632520  422.157724    615  309.546154  519.007692    520
39  proj_039.png  316.914563  90.017476    515  449.305800  197.476274    569  523.712544  311.940767    574  385.380098  422.008157    613  316.898077  518.461538    520
40  proj_040.png  324.627907  90.085271    516  454.184348  197.570435    575  515.878893  312.124567    578  380.232406  421.783961    611  324.554913  517.917148    519
41  proj_041.png  332.730402  90.170172    523  459.106457  197.602094    573  507.561313  312.245250    579  375.346906  421.596091    614  332.737643  517.368821    526
42  proj_042.png  341.284630  90.237192    527  463.857895  197.647368    570  498.744828  312.620690    580  370.522241  421.495881    607  341.360377  516.890566    530
43  proj_043.png  350.164486  90.355140    535  468.284192  197.577265    563  489.451342  312.733221    596  366.051926  421.241206    597  350.181481  516.533333    540
44  proj_044.png  359.209259  90.433333    540  472.500000  197.595668    554  480.091060  312.908940    604  361.843537  421.022109    588  359.162963  516.155556    540
45  proj_045.png  368.546816  90.342697    534  476.429348  197.639493    552  470.273333  313.026667    600  357.939655  420.877586    580  368.528864  515.864060    537
46  proj_046.png  378.239051  90.405109    548  479.955752  197.782301    565  460.037097  313.212903    620  354.373514  420.553480    589  378.238182  515.616364    550
47  proj_047.png  388.022222  90.457407    540  483.216117  197.813187    546  449.536585  313.344715    615  351.071804  420.238179    571  388.047706  515.455046    545
48  proj_048.png  397.978378  90.445045    555  486.399635  197.813869    548  439.011129  313.376789    629  348.127434  420.021239    565  397.949367  515.314647    553
49  proj_049.png  408.096189  90.486388    551  489.167279  197.878676    544  428.375399  313.402556    626  345.500000  419.645985    548  408.036430  515.256831    549
50  proj_050.png  418.091075  90.477231    549  491.518587  197.923792    538  417.501608  313.352090    622  343.168784  419.348457    551  418.094203  515.297101    552
51  proj_051.png  428.127737  90.467153    548  493.604478  198.080224    536  406.794212  313.360129    622  341.142857  418.980108    553  428.108893  515.239564    551
52  proj_052.png  438.236697  90.445872    545  495.195971  198.139194    546  396.283871  313.279032    620  339.782143  418.650000    560  438.256781  515.417722    553
53  proj_053.png  448.247253  90.417582    546  496.552727  198.229091    550  385.511290  313.270968    620  338.639785  418.405018    558  448.260474  515.531876    549
54  proj_054.png  457.996350  90.437956    548  497.500000  198.299639    554  375.243506  313.173701    616  337.847100  418.070299    569  457.972727  515.685455    550
55  proj_055.png  467.582255  90.399261    541  498.030357  198.355357    560  364.941957  312.980100    603  337.504456  417.734403    561  467.625461  515.987085    542
56  proj_056.png  477.159633  90.357798    545  498.096831  198.367958    568  355.041322  312.900826    605  337.570922  417.439716    564  477.077206  516.261029    544
57  proj_057.png  486.257827  90.337017    543  497.984183  198.437610    569  345.415157  312.701812    607  338.068301  417.063047    571  486.329020  516.606285    541
58  proj_058.png  495.058288  90.196721    549  497.163194  198.500000    576  336.363487  312.539474    608  338.874126  416.798951    572  495.021898  516.990876    548
59  proj_059.png  503.611524  90.163569    538  496.196552  198.558621    580  327.484245  312.268657    603  339.984211  416.421053    570  503.541284  517.555963    545
60  proj_060.png  511.840659  90.038462    546  494.996546  198.569948    579  319.251656  312.014901    604  341.635088  416.054386    570  511.799636  518.067395    549
61  proj_061.png  519.416974  89.933579    542  493.158537  198.710801    574  311.448567  311.789207    593  343.525090  415.810036    558  519.434381  518.554529    541
62  proj_062.png  526.629358  89.860550    545  491.000000  198.722704    577  304.185185  311.500000    594  345.732852  415.494585    554  526.638532  519.267890    545
63  proj_063.png  533.458867  89.720293    547  488.418966  198.872414    580  297.588136  311.179661    590  348.419929  415.188612    562  533.427007  519.777372    548
64  proj_064.png  539.581353  89.634369    547  485.566494  198.884283    579  291.645051  310.911263    586  351.467023  414.957219    561  539.607664  520.510949    548
65  proj_065.png  545.312727  89.538182    550  482.323630  198.892123    584  286.313233  310.549414    597  354.754011  414.679144    561  545.252236  521.205725    559
66  proj_066.png  550.301989  89.479204    553  478.775652  198.932174    575  281.692042  310.216263    578  358.335155  414.449909    549  550.315789  521.894737    551
67  proj_067.png  554.717153  89.401460    548  474.955095  199.000000    579  277.710572  309.868284    577  362.273224  414.231330    549  554.703636  522.774545    550
68  proj_068.png  558.566787  89.337545    554  470.871795  199.042735    585  274.395509  309.597582    579  366.307002  414.077199    557  558.552962  523.570916    557
69  proj_069.png  561.643369  89.100358    558  466.374784  199.051813    579  271.921053  309.212281    570  370.662455  413.687726    554  561.644404  524.415162    554
70  proj_070.png  563.994585  88.976534    554  461.700000  199.098276    580  270.147950  308.811052    561  375.245009  413.604356    551  564.023297  525.152330    558
71  proj_071.png  565.756757  88.841441    555  456.841297  199.126280    586  268.989286  308.473214    560  380.088129  413.491007    556  565.793907  526.039427    558
72  proj_072.png  566.687840  88.709619    551  451.824232  199.175768    586  268.559783  308.119565    552  385.157509  413.382784    546  566.759928  526.920578    554
73  proj_073.png  567.247740  88.594937    553  446.478849  199.140440    591  269.007273  307.749091    550  390.070144  413.219424    556  567.155797  527.793478    552
74  proj_074.png  566.691892  88.522523    555  441.077703  199.197635    592  270.036166  307.256781    553  395.313620  413.109319    558  566.749553  528.586762    559
75  proj_075.png  565.667266  88.464029    556  435.514190  199.245409    599  271.782689  306.948435    543  400.698752  413.073084    561  565.571942  529.512590    556
76  proj_076.png  563.738182  88.301818    550  429.923599  199.215620    589  274.401119  306.557836    536  406.096948  412.940754    557  563.664855  530.349638    552
77  proj_077.png  561.069767  88.119857    559  424.317195  199.180301    599  277.443203  306.327747    537  411.590018  412.901961    561  561.134650  531.213645    557
78  proj_078.png  557.867857  87.980357    560  418.504160  199.236273    601  281.313688  305.956274    526  417.126560  412.935829    561  557.757576  531.976827    561
79  proj_079.png  553.855335  87.788427    553  412.831366  199.207420    593  285.859345  305.558767    519  422.612903  412.924731    558  553.777978  532.792419    554
80  proj_080.png  549.023339  87.703770    557  407.186356  199.219634    601  290.912791  305.335271    516  428.209507  412.977113    568  549.054054  533.545946    555
81  proj_081.png  543.619565  87.581522    552  401.522241  199.281713    607  296.500000  305.000000    520  433.580986  412.989437    568  543.646739  534.378623    552
82  proj_082.png  537.624088  87.520073    548  396.021849  199.157983    595  302.715415  304.752964    506  438.935714  413.133929    560  537.599278  535.128159    554
83  proj_083.png  530.941068  87.462247    543  390.612795  199.146465    594  309.583166  304.454910    499  444.093023  413.194991    559  530.965827  535.796763    556
84  proj_084.png  523.584392  87.353902    551  385.269815  199.150084    593  316.873016  304.176587    504  449.295170  413.277281    559  523.601449  536.425725    552
85  proj_085.png  515.933333  87.272072    555  380.154762  199.083333    588  324.572854  304.015968    501  454.350272  413.479129    551  515.928187  537.010772    557
86  proj_086.png  507.556940  87.145907    562  375.287162  199.106419    592  332.814596  303.810651    507  459.075134  413.563506    559  507.516995  537.516995    559
87  proj_087.png  498.716312  87.106383    564  370.500000  199.040956    586  341.335283  303.606238    513  463.772152  413.784810    553  498.729682  538.030035    566
88  proj_088.png  489.455017  87.012111    578  366.029260  199.015491    581  350.158700  303.407266    523  468.229803  413.924596    557  489.491319  538.272569    576
89  proj_089.png  480.114334  86.938567    586  361.838879  198.970228    571  359.100193  303.273603    519  472.457565  414.247232    542  480.089317  538.705779    571

============================================================
Iteration 0
============================================================
Theta offsets (Unity frame):
  Source   : dSx=   0.000, dSy=   0.000, dSz=   0.000  (mm)
  Object   : dOx=   0.000, dOy=   0.000, dOz=   0.000  (mm)
  Object offset: offset_x=   0.000, offset_z=   0.000  (mm)
  Detector : dDx=   0.000, dDy=   0.000, dDz=   0.000  (mm)
  Obj Stage rotY :    0.000 deg
============================================================

Unity geometry (world coordinates):
  Source   : x=  -5.000, y=  38.000, z=   0.000
  Object   : x=   7.000, y=  20.000, z= 576.000
  Detector : x=  10.000, y=   3.000, z= 690.000
  Obj rotY :   0.0000 deg
view   0 | SOD= 576.406 mm | SDD= 691.050 mm | M= 1.199 | incident=3.1588°
[[ -12.     -576.      -18.    ]
 [   3.      114.       17.    ]
 [   0.1496    0.        0.    ]
 [   0.        0.        0.1496]]
Residual vector length: 1800, Jacobian shape: (1800, 6)
view   0 | SOD= 574.582 mm | SDD= 691.050 mm | M= 1.203 | incident=3.1588°
[[   8.872313   -574.1824      -19.497713  ]
 [   4.7808046   115.968544     15.502287  ]
 [   0.14954276    0.00413802    0.        ]
 [   0.            0.            0.1496    ]]

iter 00 cost=792176.845953 -> 64978.896700 |dtheta|=5.889092e+00  lambda=1.000e-02

============================================================
Iteration 1
============================================================
Theta offsets (Unity frame):
  Source   : dSx=   0.000, dSy=   0.000, dSz=   0.000  (mm)
  Object   : dOx=  -5.098, dOy=  -1.498, dOz=  -1.972  (mm)
  Object offset: offset_x=   0.112, offset_z=   0.180  (mm)
  Detector : dDx=   0.000, dDy=   0.000, dDz=   0.000  (mm)
  Obj Stage rotY :    1.585 deg
============================================================

Unity geometry (world coordinates):
  Source   : x=  -5.000, y=  38.000, z=   0.000
  Object   : x=   1.902, y=  18.502, z= 574.028
  Detector : x=  10.000, y=   3.000, z= 690.000
  Obj rotY :   0.0000 deg
view   0 | SOD= 574.582 mm | SDD= 691.050 mm | M= 1.203 | incident=3.1588°
[[   8.872313   -574.1824      -19.497713  ]
 [   4.7808046   115.968544     15.502287  ]
 [   0.14954276    0.00413802    0.        ]
 [   0.            0.            0.1496    ]]
Residual vector length: 1800, Jacobian shape: (1800, 6)
view   0 | SOD= 573.399 mm | SDD= 691.050 mm | M= 1.205 | incident=3.1588°
[[  16.647272   -572.8112      -19.927326  ]
 [   4.895437    117.25174      15.072674  ]
 [   0.14948761    0.00579766    0.        ]
 [   0.            0.            0.1496    ]]

iter 01 cost=64978.896700 -> 8292.656008 |dtheta|=1.894425e+00  lambda=3.333e-03

============================================================
Iteration 2
============================================================
Theta offsets (Unity frame):
  Source   : dSx=   0.000, dSy=   0.000, dSz=   0.000  (mm)
  Object   : dOx=  -6.476, dOy=  -1.927, dOz=  -3.009  (mm)
  Object offset: offset_x=   0.040, offset_z=   0.035  (mm)
  Detector : dDx=   0.000, dDy=   0.000, dDz=   0.000  (mm)
  Obj Stage rotY :    2.221 deg
============================================================

Unity geometry (world coordinates):
  Source   : x=  -5.000, y=  38.000, z=   0.000
  Object   : x=   0.524, y=  18.073, z= 572.991
  Detector : x=  10.000, y=   3.000, z= 690.000
  Obj rotY :   0.0000 deg
view   0 | SOD= 573.399 mm | SDD= 691.050 mm | M= 1.205 | incident=3.1588°
[[  16.647272   -572.8112      -19.927326  ]
 [   4.895437    117.25174      15.072674  ]
 [   0.14948761    0.00579766    0.        ]
 [   0.            0.            0.1496    ]]
Residual vector length: 1800, Jacobian shape: (1800, 6)
view   0 | SOD= 572.339 mm | SDD= 691.050 mm | M= 1.207 | incident=3.1588°
[[  19.905985   -571.6392      -20.096098  ]
 [   4.6436296   118.355        14.903902  ]
 [   0.14945619    0.0065581     0.        ]
 [   0.            0.            0.1496    ]]

iter 02 cost=8292.656008 -> 2517.038009 |dtheta|=1.184017e+00  lambda=1.111e-03

============================================================
Iteration 3
============================================================
Theta offsets (Unity frame):
  Source   : dSx=   0.000, dSy=   0.000, dSz=   0.000  (mm)
  Object   : dOx=  -6.839, dOy=  -2.096, dOz=  -4.084  (mm)
  Object offset: offset_x=   0.012, offset_z=   0.046  (mm)
  Detector : dDx=   0.000, dDy=   0.000, dDz=   0.000  (mm)
  Obj Stage rotY :    2.513 deg
============================================================

Unity geometry (world coordinates):
  Source   : x=  -5.000, y=  38.000, z=   0.000
  Object   : x=   0.161, y=  17.904, z= 571.916
  Detector : x=  10.000, y=   3.000, z= 690.000
  Obj rotY :   0.0000 deg
view   0 | SOD= 572.339 mm | SDD= 691.050 mm | M= 1.207 | incident=3.1588°
[[  19.905985   -571.6392      -20.096098  ]
 [   4.6436296   118.355        14.903902  ]
 [   0.14945619    0.0065581     0.        ]
 [   0.            0.            0.1496    ]]
Residual vector length: 1800, Jacobian shape: (1800, 6)
view   0 | SOD= 571.664 mm | SDD= 691.050 mm | M= 1.209 | incident=3.1588°
[[  22.402542   -570.8713      -20.104239  ]
 [   4.200358    119.05169      14.8957615 ]
 [   0.14942688    0.00719486    0.        ]
 [   0.            0.            0.1496    ]]

iter 03 cost=2517.038009 -> 1445.230175 |dtheta|=7.146661e-01  lambda=3.704e-04

============================================================
Iteration 4
============================================================
Theta offsets (Unity frame):
  Source   : dSx=   0.000, dSy=   0.000, dSz=   0.000  (mm)
  Object   : dOx=  -6.933, dOy=  -2.104, dOz=  -4.749  (mm)
  Object offset: offset_x=   0.012, offset_z=   0.037  (mm)
  Detector : dDx=   0.000, dDy=   0.000, dDz=   0.000  (mm)
  Obj Stage rotY :    2.757 deg
============================================================

Unity geometry (world coordinates):
  Source   : x=  -5.000, y=  38.000, z=   0.000
  Object   : x=   0.067, y=  17.896, z= 571.251
  Detector : x=  10.000, y=   3.000, z= 690.000
  Obj rotY :   0.0000 deg
view   0 | SOD= 571.664 mm | SDD= 691.050 mm | M= 1.209 | incident=3.1588°
[[  22.402542   -570.8713      -20.104239  ]
 [   4.200358    119.05169      14.8957615 ]
 [   0.14942688    0.00719486    0.        ]
 [   0.            0.            0.1496    ]]
Residual vector length: 1800, Jacobian shape: (1800, 6)
view   0 | SOD= 571.001 mm | SDD= 691.050 mm | M= 1.210 | incident=3.1588°
[[  23.381964   -570.1683      -20.086237  ]
 [   4.01451     119.72298      14.913763  ]
 [   0.14941452    0.00744723    0.        ]
 [   0.            0.            0.1496    ]]

iter 04 cost=1445.230175 -> 893.107449 |dtheta|=6.559993e-01  lambda=1.235e-04

============================================================
Iteration 5
============================================================
Theta offsets (Unity frame):
  Source   : dSx=   0.000, dSy=   0.000, dSz=   0.000  (mm)
  Object   : dOx=  -6.966, dOy=  -2.086, dOz=  -5.396  (mm)
  Object offset: offset_x=  -0.004, offset_z=   0.021  (mm)
  Detector : dDx=   0.000, dDy=   0.000, dDz=   0.000  (mm)
  Obj Stage rotY :    2.853 deg
============================================================

Unity geometry (world coordinates):
  Source   : x=  -5.000, y=  38.000, z=   0.000
  Object   : x=   0.034, y=  17.914, z= 570.604
  Detector : x=  10.000, y=   3.000, z= 690.000
  Obj rotY :   0.0000 deg
view   0 | SOD= 571.001 mm | SDD= 691.050 mm | M= 1.210 | incident=3.1588°
[[  23.381964   -570.1683      -20.086237  ]
 [   4.01451     119.72298      14.913763  ]
 [   0.14941452    0.00744723    0.        ]
 [   0.            0.            0.1496    ]]
Residual vector length: 1800, Jacobian shape: (1800, 6)
view   0 | SOD= 570.459 mm | SDD= 691.050 mm | M= 1.211 | incident=3.1588°
[[  24.230457   -569.59076     -20.077557  ]
 [   3.80992     120.27013      14.922443  ]
 [   0.14940298    0.0076753     0.        ]
 [   0.            0.            0.1496    ]]

iter 05 cost=893.107449 -> 558.883170 |dtheta|=5.325267e-01  lambda=4.115e-05

============================================================
Iteration 6
============================================================
Theta offsets (Unity frame):
  Source   : dSx=   0.000, dSy=   0.000, dSz=   0.000  (mm)
  Object   : dOx=  -6.977, dOy=  -2.078, dOz=  -5.921  (mm)
  Object offset: offset_x=   0.002, offset_z=   0.005  (mm)
  Detector : dDx=   0.000, dDy=   0.000, dDz=   0.000  (mm)
  Obj Stage rotY :    2.941 deg
============================================================

Unity geometry (world coordinates):
  Source   : x=  -5.000, y=  38.000, z=   0.000
  Object   : x=   0.023, y=  17.922, z= 570.079
  Detector : x=  10.000, y=   3.000, z= 690.000
  Obj rotY :   0.0000 deg
view   0 | SOD= 570.459 mm | SDD= 691.050 mm | M= 1.211 | incident=3.1588°
[[  24.230457   -569.59076     -20.077557  ]
 [   3.80992     120.27013      14.922443  ]
 [   0.14940298    0.0076753     0.        ]
 [   0.            0.            0.1496    ]]
Residual vector length: 1800, Jacobian shape: (1800, 6)
view   0 | SOD= 570.003 mm | SDD= 691.050 mm | M= 1.212 | incident=3.1588°
[[  24.782001   -569.11096     -20.059862  ]
 [   3.6715014   120.72912      14.940138  ]
 [   0.14939523    0.00782472    0.        ]
 [   0.            0.            0.1496    ]]

iter 06 cost=558.883170 -> 331.269935 |dtheta|=4.665091e-01  lambda=1.372e-05

============================================================
Iteration 7
============================================================
Theta offsets (Unity frame):
  Source   : dSx=   0.000, dSy=   0.000, dSz=   0.000  (mm)
  Object   : dOx=  -6.988, dOy=  -2.060, dOz=  -6.383  (mm)
  Object offset: offset_x=   0.007, offset_z=   0.011  (mm)
  Detector : dDx=   0.000, dDy=   0.000, dDz=   0.000  (mm)
  Obj Stage rotY :    2.998 deg
============================================================

Unity geometry (world coordinates):
  Source   : x=  -5.000, y=  38.000, z=   0.000
  Object   : x=   0.012, y=  17.940, z= 569.617
  Detector : x=  10.000, y=   3.000, z= 690.000
  Obj rotY :   0.0000 deg
view   0 | SOD= 570.003 mm | SDD= 691.050 mm | M= 1.212 | incident=3.1588°
[[  24.782001   -569.11096     -20.059862  ]
 [   3.6715014   120.72912      14.940138  ]
 [   0.14939523    0.00782472    0.        ]
 [   0.            0.            0.1496    ]]
Residual vector length: 1800, Jacobian shape: (1800, 6)
view   0 | SOD= 569.642 mm | SDD= 691.050 mm | M= 1.213 | incident=3.1588°
[[  24.929642   -568.7428      -20.04601   ]
 [   3.6259627   121.091354     14.953991  ]
 [   0.14939302    0.00786656    0.        ]
 [   0.            0.            0.1496    ]]

iter 07 cost=331.269935 -> 200.715708 |dtheta|=3.575981e-01  lambda=4.572e-06

============================================================
Iteration 8
============================================================
Theta offsets (Unity frame):
  Source   : dSx=   0.000, dSy=   0.000, dSz=   0.000  (mm)
  Object   : dOx=  -6.989, dOy=  -2.046, dOz=  -6.740  (mm)
  Object offset: offset_x=   0.001, offset_z=   0.007  (mm)
  Detector : dDx=   0.000, dDy=   0.000, dDz=   0.000  (mm)
  Obj Stage rotY :    3.014 deg
============================================================

Unity geometry (world coordinates):
  Source   : x=  -5.000, y=  38.000, z=   0.000
  Object   : x=   0.011, y=  17.954, z= 569.260
  Detector : x=  10.000, y=   3.000, z= 690.000
  Obj rotY :   0.0000 deg
view   0 | SOD= 569.642 mm | SDD= 691.050 mm | M= 1.213 | incident=3.1588°
[[  24.929642   -568.7428      -20.04601   ]
 [   3.6259627   121.091354     14.953991  ]
 [   0.14939302    0.00786656    0.        ]
 [   0.            0.            0.1496    ]]
Residual vector length: 1800, Jacobian shape: (1800, 6)
view   0 | SOD= 569.372 mm | SDD= 691.050 mm | M= 1.214 | incident=3.1588°
[[  24.934647   -568.4731      -20.033525  ]
 [   3.6175804   121.36064      14.966475  ]
 [   0.14939287    0.00786946    0.        ]
 [   0.            0.            0.1496    ]]

iter 08 cost=200.715708 -> 124.003563 |dtheta|=2.660659e-01  lambda=1.524e-06

============================================================
Iteration 9
============================================================
Theta offsets (Unity frame):
  Source   : dSx=   0.000, dSy=   0.000, dSz=   0.000  (mm)
  Object   : dOx=  -6.993, dOy=  -2.034, dOz=  -7.006  (mm)
  Object offset: offset_x=  -0.003, offset_z=   0.004  (mm)
  Detector : dDx=   0.000, dDy=   0.000, dDz=   0.000  (mm)
  Obj Stage rotY :    3.015 deg
============================================================

Unity geometry (world coordinates):
  Source   : x=  -5.000, y=  38.000, z=   0.000
  Object   : x=   0.007, y=  17.966, z= 568.994
  Detector : x=  10.000, y=   3.000, z= 690.000
  Obj rotY :   0.0000 deg
view   0 | SOD= 569.372 mm | SDD= 691.050 mm | M= 1.214 | incident=3.1588°
[[  24.934647   -568.4731      -20.033525  ]
 [   3.6175804   121.36064      14.966475  ]
 [   0.14939287    0.00786946    0.        ]
 [   0.            0.            0.1496    ]]
Residual vector length: 1800, Jacobian shape: (1800, 6)
view   0 | SOD= 569.184 mm | SDD= 691.050 mm | M= 1.214 | incident=3.1588°
[[  24.867044   -568.2876      -20.02509   ]
 [   3.619261    121.54828      14.974911  ]
 [   0.14939366    0.00785445    0.        ]
 [   0.            0.            0.1496    ]]

iter 09 cost=124.003563 -> 80.792617 |dtheta|=1.885489e-01  lambda=1.000e-06

============================================================
Iteration 10
============================================================
Theta offsets (Unity frame):
  Source   : dSx=   0.000, dSy=   0.000, dSz=   0.000  (mm)
  Object   : dOx=  -6.993, dOy=  -2.025, dOz=  -7.194  (mm)
  Object offset: offset_x=  -0.002, offset_z=   0.003  (mm)
  Detector : dDx=   0.000, dDy=   0.000, dDz=   0.000  (mm)
  Obj Stage rotY :    3.010 deg
============================================================

Unity geometry (world coordinates):
  Source   : x=  -5.000, y=  38.000, z=   0.000
  Object   : x=   0.007, y=  17.975, z= 568.806
  Detector : x=  10.000, y=   3.000, z= 690.000
  Obj rotY :   0.0000 deg
view   0 | SOD= 569.184 mm | SDD= 691.050 mm | M= 1.214 | incident=3.1588°
[[  24.867044   -568.2876      -20.02509   ]
 [   3.619261    121.54828      14.974911  ]
 [   0.14939366    0.00785445    0.        ]
 [   0.            0.            0.1496    ]]
Residual vector length: 1800, Jacobian shape: (1800, 6)
view   0 | SOD= 569.027 mm | SDD= 691.050 mm | M= 1.214 | incident=3.1588°
[[  24.859411   -568.131       -20.021284  ]
 [   3.6145613   121.705        14.978716  ]
 [   0.1493937     0.00785382    0.        ]
 [   0.            0.            0.1496    ]]

iter 10 cost=80.792617 -> 54.832605 |dtheta|=1.527995e-01  lambda=1.000e-06

============================================================
Iteration 11
============================================================
Theta offsets (Unity frame):
  Source   : dSx=   0.000, dSy=   0.000, dSz=   0.000  (mm)
  Object   : dOx=  -6.998, dOy=  -2.021, dOz=  -7.347  (mm)
  Object offset: offset_x=  -0.001, offset_z=  -0.001  (mm)
  Detector : dDx=   0.000, dDy=   0.000, dDz=   0.000  (mm)
  Obj Stage rotY :    3.009 deg
============================================================

Unity geometry (world coordinates):
  Source   : x=  -5.000, y=  38.000, z=   0.000
  Object   : x=   0.002, y=  17.979, z= 568.653
  Detector : x=  10.000, y=   3.000, z= 690.000
  Obj rotY :   0.0000 deg
view   0 | SOD= 569.027 mm | SDD= 691.050 mm | M= 1.214 | incident=3.1588°
[[  24.859411   -568.131       -20.021284  ]
 [   3.6145613   121.705        14.978716  ]
 [   0.1493937     0.00785382    0.        ]
 [   0.            0.            0.1496    ]]
Residual vector length: 1800, Jacobian shape: (1800, 6)
view   0 | SOD= 568.887 mm | SDD= 691.050 mm | M= 1.215 | incident=3.1588°
[[  24.784262   -567.994       -20.017553  ]
 [   3.6194098   121.84443      14.982447  ]
 [   0.1493946     0.00783649    0.        ]
 [   0.            0.            0.1496    ]]

iter 11 cost=54.832605 -> 33.971724 |dtheta|=1.422106e-01  lambda=1.000e-06

============================================================
Iteration 12
============================================================
Theta offsets (Unity frame):
  Source   : dSx=   0.000, dSy=   0.000, dSz=   0.000  (mm)
  Object   : dOx=  -6.997, dOy=  -2.018, dOz=  -7.489  (mm)
  Object offset: offset_x=   0.000, offset_z=   0.001  (mm)
  Detector : dDx=   0.000, dDy=   0.000, dDz=   0.000  (mm)
  Obj Stage rotY :    3.003 deg
============================================================

Unity geometry (world coordinates):
  Source   : x=  -5.000, y=  38.000, z=   0.000
  Object   : x=   0.003, y=  17.982, z= 568.511
  Detector : x=  10.000, y=   3.000, z= 690.000
  Obj rotY :   0.0000 deg
view   0 | SOD= 568.887 mm | SDD= 691.050 mm | M= 1.215 | incident=3.1588°
[[  24.784262   -567.994       -20.017553  ]
 [   3.6194098   121.84443      14.982447  ]
 [   0.1493946     0.00783649    0.        ]
 [   0.            0.            0.1496    ]]
Residual vector length: 1800, Jacobian shape: (1800, 6)
view   0 | SOD= 568.779 mm | SDD= 691.050 mm | M= 1.215 | incident=3.1588°
[[  24.726278   -567.88885     -20.01482   ]
 [   3.6285014   121.95162      14.98518   ]
 [   0.14939538    0.00782197    0.        ]
 [   0.            0.            0.1496    ]]

iter 12 cost=33.971724 -> 22.454159 |dtheta|=1.077688e-01  lambda=1.000e-06

============================================================
Iteration 13
============================================================
Theta offsets (Unity frame):
  Source   : dSx=   0.000, dSy=   0.000, dSz=   0.000  (mm)
  Object   : dOx=  -6.999, dOy=  -2.015, dOz=  -7.596  (mm)
  Object offset: offset_x=  -0.001, offset_z=   0.001  (mm)
  Detector : dDx=   0.000, dDy=   0.000, dDz=   0.000  (mm)
  Obj Stage rotY :    2.997 deg
============================================================

Unity geometry (world coordinates):
  Source   : x=  -5.000, y=  38.000, z=   0.000
  Object   : x=   0.001, y=  17.985, z= 568.404
  Detector : x=  10.000, y=   3.000, z= 690.000
  Obj rotY :   0.0000 deg
view   0 | SOD= 568.779 mm | SDD= 691.050 mm | M= 1.215 | incident=3.1588°
[[  24.726278   -567.88885     -20.01482   ]
 [   3.6285014   121.95162      14.98518   ]
 [   0.14939538    0.00782197    0.        ]
 [   0.            0.            0.1496    ]]
Residual vector length: 1800, Jacobian shape: (1800, 6)
view   0 | SOD= 568.684 mm | SDD= 691.050 mm | M= 1.215 | incident=3.1588°
[[  24.743288   -567.7925      -20.011433  ]
 [   3.6138973   122.04703      14.988567  ]
 [   0.149395      0.00782881    0.        ]
 [   0.            0.            0.1496    ]]

iter 13 cost=22.454159 -> 14.483537 |dtheta|=9.495676e-02  lambda=1.000e-06

============================================================
Iteration 14
============================================================
Theta offsets (Unity frame):
  Source   : dSx=   0.000, dSy=   0.000, dSz=   0.000  (mm)
  Object   : dOx=  -6.999, dOy=  -2.011, dOz=  -7.691  (mm)
  Object offset: offset_x=   0.003, offset_z=   0.000  (mm)
  Detector : dDx=   0.000, dDy=   0.000, dDz=   0.000  (mm)
  Obj Stage rotY :    3.000 deg
============================================================

Unity geometry (world coordinates):
  Source   : x=  -5.000, y=  38.000, z=   0.000
  Object   : x=   0.001, y=  17.989, z= 568.309
  Detector : x=  10.000, y=   3.000, z= 690.000
  Obj rotY :   0.0000 deg
view   0 | SOD= 568.684 mm | SDD= 691.050 mm | M= 1.215 | incident=3.1588°
[[  24.743288   -567.7925      -20.011433  ]
 [   3.6138973   122.04703      14.988567  ]
 [   0.149395      0.00782881    0.        ]
 [   0.            0.            0.1496    ]]
Residual vector length: 1800, Jacobian shape: (1800, 6)
view   0 | SOD= 568.637 mm | SDD= 691.050 mm | M= 1.215 | incident=3.1588°
[[  24.729383   -567.7464      -20.010683  ]
 [   3.6161246   122.093605     14.989317  ]
 [   0.1493952     0.00782532    0.        ]
 [   0.            0.            0.1496    ]]

iter 14 cost=14.483537 -> 11.804387 |dtheta|=4.620565e-02  lambda=1.000e-06

============================================================
Iteration 15
============================================================
Theta offsets (Unity frame):
  Source   : dSx=   0.000, dSy=   0.000, dSz=   0.000  (mm)
  Object   : dOx=  -6.999, dOy=  -2.011, dOz=  -7.737  (mm)
  Object offset: offset_x=   0.001, offset_z=  -0.000  (mm)
  Detector : dDx=   0.000, dDy=   0.000, dDz=   0.000  (mm)
  Obj Stage rotY :    2.998 deg
============================================================

Unity geometry (world coordinates):
  Source   : x=  -5.000, y=  38.000, z=   0.000
  Object   : x=   0.001, y=  17.989, z= 568.263
  Detector : x=  10.000, y=   3.000, z= 690.000
  Obj rotY :   0.0000 deg
view   0 | SOD= 568.637 mm | SDD= 691.050 mm | M= 1.215 | incident=3.1588°
[[  24.729383   -567.7464      -20.010683  ]
 [   3.6161246   122.093605     14.989317  ]
 [   0.1493952     0.00782532    0.        ]
 [   0.            0.            0.1496    ]]
Residual vector length: 1800, Jacobian shape: (1800, 6)
view   0 | SOD= 568.601 mm | SDD= 691.050 mm | M= 1.215 | incident=3.1588°
[[  24.77693    -567.7086      -20.008877  ]
 [   3.6035762   122.12952      14.991123  ]
 [   0.14939451    0.00783834    0.        ]
 [   0.            0.            0.1496    ]]

iter 15 cost=11.804387 -> 10.012106 |dtheta|=3.727043e-02  lambda=1.000e-06

============================================================
Iteration 16
============================================================
Theta offsets (Unity frame):
  Source   : dSx=   0.000, dSy=   0.000, dSz=   0.000  (mm)
  Object   : dOx=  -6.999, dOy=  -2.009, dOz=  -7.774  (mm)
  Object offset: offset_x=   0.001, offset_z=   0.001  (mm)
  Detector : dDx=   0.000, dDy=   0.000, dDz=   0.000  (mm)
  Obj Stage rotY :    3.003 deg
============================================================

Unity geometry (world coordinates):
  Source   : x=  -5.000, y=  38.000, z=   0.000
  Object   : x=   0.001, y=  17.991, z= 568.226
  Detector : x=  10.000, y=   3.000, z= 690.000
  Obj rotY :   0.0000 deg
view   0 | SOD= 568.601 mm | SDD= 691.050 mm | M= 1.215 | incident=3.1588°
[[  24.77693    -567.7086      -20.008877  ]
 [   3.6035762   122.12952      14.991123  ]
 [   0.14939451    0.00783834    0.        ]
 [   0.            0.            0.1496    ]]
Residual vector length: 1800, Jacobian shape: (1800, 6)
view   0 | SOD= 568.558 mm | SDD= 691.050 mm | M= 1.215 | incident=3.1588°
[[  24.793999   -567.66473     -20.007462  ]
 [   3.5975983   122.172745     14.992538  ]
 [   0.14939424    0.00784333    0.        ]
 [   0.            0.            0.1496    ]]

iter 16 cost=10.012106 -> 8.435536 |dtheta|=4.281428e-02  lambda=1.000e-06

============================================================
Iteration 17
============================================================
Theta offsets (Unity frame):
  Source   : dSx=   0.000, dSy=   0.000, dSz=   0.000  (mm)
  Object   : dOx=  -6.999, dOy=  -2.007, dOz=  -7.817  (mm)
  Object offset: offset_x=   0.001, offset_z=   0.001  (mm)
  Detector : dDx=   0.000, dDy=   0.000, dDz=   0.000  (mm)
  Obj Stage rotY :    3.005 deg
============================================================

Unity geometry (world coordinates):
  Source   : x=  -5.000, y=  38.000, z=   0.000
  Object   : x=   0.001, y=  17.993, z= 568.183
  Detector : x=  10.000, y=   3.000, z= 690.000
  Obj rotY :   0.0000 deg
view   0 | SOD= 568.558 mm | SDD= 691.050 mm | M= 1.215 | incident=3.1588°
[[  24.793999   -567.66473     -20.007462  ]
 [   3.5975983   122.172745     14.992538  ]
 [   0.14939424    0.00784333    0.        ]
 [   0.            0.            0.1496    ]]
Residual vector length: 1800, Jacobian shape: (1800, 6)
view   0 | SOD= 568.539 mm | SDD= 691.050 mm | M= 1.215 | incident=3.1588°
[[  24.824747  -567.6441     -20.006649 ]
 [   3.5887764  122.19211     14.993351 ]
 [   0.1493938    0.0078519    0.       ]
 [   0.           0.           0.1496   ]]

iter 17 cost=8.435536 -> 7.732339 |dtheta|=1.981588e-02  lambda=1.000e-06

============================================================
Iteration 18
============================================================
Theta offsets (Unity frame):
  Source   : dSx=   0.000, dSy=   0.000, dSz=   0.000  (mm)
  Object   : dOx=  -6.998, dOy=  -2.007, dOz=  -7.836  (mm)
  Object offset: offset_x=   0.001, offset_z=   0.001  (mm)
  Detector : dDx=   0.000, dDy=   0.000, dDz=   0.000  (mm)
  Obj Stage rotY :    3.009 deg
============================================================

Unity geometry (world coordinates):
  Source   : x=  -5.000, y=  38.000, z=   0.000
  Object   : x=   0.002, y=  17.993, z= 568.164
  Detector : x=  10.000, y=   3.000, z= 690.000
  Obj rotY :   0.0000 deg
view   0 | SOD= 568.539 mm | SDD= 691.050 mm | M= 1.215 | incident=3.1588°
[[  24.824747  -567.6441     -20.006649 ]
 [   3.5887764  122.19211     14.993351 ]
 [   0.1493938    0.0078519    0.       ]
 [   0.           0.           0.1496   ]]
Residual vector length: 1800, Jacobian shape: (1800, 6)
view   0 | SOD= 568.521 mm | SDD= 691.050 mm | M= 1.216 | incident=3.1588°
[[  24.832623   -567.62604     -20.005886  ]
 [   3.5860932   122.20985      14.994114  ]
 [   0.14939368    0.00785418    0.        ]
 [   0.            0.            0.1496    ]]

iter 18 cost=7.732339 -> 7.246512 |dtheta|=1.744236e-02  lambda=1.000e-06

============================================================
Iteration 19
============================================================
Theta offsets (Unity frame):
  Source   : dSx=   0.000, dSy=   0.000, dSz=   0.000  (mm)
  Object   : dOx=  -6.998, dOy=  -2.006, dOz=  -7.854  (mm)
  Object offset: offset_x=   0.001, offset_z=   0.001  (mm)
  Detector : dDx=   0.000, dDy=   0.000, dDz=   0.000  (mm)
  Obj Stage rotY :    3.009 deg
============================================================

Unity geometry (world coordinates):
  Source   : x=  -5.000, y=  38.000, z=   0.000
  Object   : x=   0.002, y=  17.994, z= 568.146
  Detector : x=  10.000, y=   3.000, z= 690.000
  Obj rotY :   0.0000 deg
view   0 | SOD= 568.521 mm | SDD= 691.050 mm | M= 1.216 | incident=3.1588°
[[  24.832623   -567.62604     -20.005886  ]
 [   3.5860932   122.20985      14.994114  ]
 [   0.14939368    0.00785418    0.        ]
 [   0.            0.            0.1496    ]]
Residual vector length: 1800, Jacobian shape: (1800, 6)
view   0 | SOD= 568.498 mm | SDD= 691.050 mm | M= 1.216 | incident=3.1588°
[[  24.80944    -567.60376     -20.00516   ]
 [   3.5894136   122.23299      14.994841  ]
 [   0.14939398    0.00784844    0.        ]
 [   0.            0.            0.1496    ]]

iter 19 cost=7.246512 -> 6.660518 |dtheta|=2.325517e-02  lambda=1.000e-06

============================================================
Iteration 20
============================================================
Theta offsets (Unity frame):
  Source   : dSx=   0.000, dSy=   0.000, dSz=   0.000  (mm)
  Object   : dOx=  -6.998, dOy=  -2.005, dOz=  -7.877  (mm)
  Object offset: offset_x=   0.001, offset_z=   0.000  (mm)
  Detector : dDx=   0.000, dDy=   0.000, dDz=   0.000  (mm)
  Obj Stage rotY :    3.007 deg
============================================================

Unity geometry (world coordinates):
  Source   : x=  -5.000, y=  38.000, z=   0.000
  Object   : x=   0.002, y=  17.995, z= 568.123
  Detector : x=  10.000, y=   3.000, z= 690.000
  Obj rotY :   0.0000 deg
view   0 | SOD= 568.498 mm | SDD= 691.050 mm | M= 1.216 | incident=3.1588°
[[  24.80944    -567.60376     -20.00516   ]
 [   3.5894136   122.23299      14.994841  ]
 [   0.14939398    0.00784844    0.        ]
 [   0.            0.            0.1496    ]]
Residual vector length: 1800, Jacobian shape: (1800, 6)
view   0 | SOD= 568.483 mm | SDD= 691.050 mm | M= 1.216 | incident=3.1588°
[[  24.795616   -567.5895      -20.004074  ]
 [   3.5923438   122.24775      14.995926  ]
 [   0.14939417    0.00784481    0.        ]
 [   0.            0.            0.1496    ]]

iter 20 cost=6.660518 -> 6.316204 |dtheta|=1.462459e-02  lambda=1.000e-06

============================================================
Iteration 21
============================================================
Theta offsets (Unity frame):
  Source   : dSx=   0.000, dSy=   0.000, dSz=   0.000  (mm)
  Object   : dOx=  -6.998, dOy=  -2.004, dOz=  -7.891  (mm)
  Object offset: offset_x=   0.001, offset_z=   0.000  (mm)
  Detector : dDx=   0.000, dDy=   0.000, dDz=   0.000  (mm)
  Obj Stage rotY :    3.006 deg
============================================================

Unity geometry (world coordinates):
  Source   : x=  -5.000, y=  38.000, z=   0.000
  Object   : x=   0.002, y=  17.996, z= 568.109
  Detector : x=  10.000, y=   3.000, z= 690.000
  Obj rotY :   0.0000 deg
view   0 | SOD= 568.483 mm | SDD= 691.050 mm | M= 1.216 | incident=3.1588°
[[  24.795616   -567.5895      -20.004074  ]
 [   3.5923438   122.24775      14.995926  ]
 [   0.14939417    0.00784481    0.        ]
 [   0.            0.            0.1496    ]]
Residual vector length: 1800, Jacobian shape: (1800, 6)
view   0 | SOD= 568.472 mm | SDD= 691.050 mm | M= 1.216 | incident=3.1588°
[[  24.765274   -567.5802      -20.003653  ]
 [   3.598926    122.258194     14.996347  ]
 [   0.14939459    0.00783682    0.        ]
 [   0.            0.            0.1496    ]]

iter 21 cost=6.316204 -> 6.188505 |dtheta|=1.073645e-02  lambda=1.000e-06

============================================================
Iteration 22
============================================================
Theta offsets (Unity frame):
  Source   : dSx=   0.000, dSy=   0.000, dSz=   0.000  (mm)
  Object   : dOx=  -6.999, dOy=  -2.004, dOz=  -7.902  (mm)
  Object offset: offset_x=   0.000, offset_z=  -0.000  (mm)
  Detector : dDx=   0.000, dDy=   0.000, dDz=   0.000  (mm)
  Obj Stage rotY :    3.003 deg
============================================================

Unity geometry (world coordinates):
  Source   : x=  -5.000, y=  38.000, z=   0.000
  Object   : x=   0.001, y=  17.996, z= 568.098
  Detector : x=  10.000, y=   3.000, z= 690.000
  Obj rotY :   0.0000 deg
view   0 | SOD= 568.472 mm | SDD= 691.050 mm | M= 1.216 | incident=3.1588°
[[  24.765274   -567.5802      -20.003653  ]
 [   3.598926    122.258194     14.996347  ]
 [   0.14939459    0.00783682    0.        ]
 [   0.            0.            0.1496    ]]
Residual vector length: 1800, Jacobian shape: (1800, 6)
view   0 | SOD= 568.466 mm | SDD= 691.050 mm | M= 1.216 | incident=3.1588°
[[  24.766426   -567.5742      -20.003311  ]
 [   3.598355    122.264114     14.996689  ]
 [   0.14939457    0.00783719    0.        ]
 [   0.            0.            0.1496    ]]

iter 22 cost=6.188505 -> 6.040621 |dtheta|=5.280329e-03  lambda=1.000e-06

============================================================
Iteration 23
============================================================
Theta offsets (Unity frame):
  Source   : dSx=   0.000, dSy=   0.000, dSz=   0.000  (mm)
  Object   : dOx=  -6.999, dOy=  -2.003, dOz=  -7.907  (mm)
  Object offset: offset_x=   0.000, offset_z=  -0.001  (mm)
  Detector : dDx=   0.000, dDy=   0.000, dDz=   0.000  (mm)
  Obj Stage rotY :    3.003 deg
============================================================

Unity geometry (world coordinates):
  Source   : x=  -5.000, y=  38.000, z=   0.000
  Object   : x=   0.001, y=  17.997, z= 568.093
  Detector : x=  10.000, y=   3.000, z= 690.000
  Obj rotY :   0.0000 deg
view   0 | SOD= 568.466 mm | SDD= 691.050 mm | M= 1.216 | incident=3.1588°
[[  24.766426   -567.5742      -20.003311  ]
 [   3.598355    122.264114     14.996689  ]
 [   0.14939457    0.00783719    0.        ]
 [   0.            0.            0.1496    ]]
Residual vector length: 1800, Jacobian shape: (1800, 6)
view   0 | SOD= 568.461 mm | SDD= 691.050 mm | M= 1.216 | incident=3.1588°
[[  24.766409   -567.56866     -20.003017  ]
 [   3.5981557   122.26967      14.996983  ]
 [   0.14939457    0.00783723    0.        ]
 [   0.            0.            0.1496    ]]

iter 23 cost=6.040621 -> 6.014550 |dtheta|=5.532150e-03  lambda=1.000e-06

============================================================
Iteration 24
============================================================
Theta offsets (Unity frame):
  Source   : dSx=   0.000, dSy=   0.000, dSz=   0.000  (mm)
  Object   : dOx=  -6.999, dOy=  -2.003, dOz=  -7.912  (mm)
  Object offset: offset_x=   0.000, offset_z=  -0.001  (mm)
  Detector : dDx=   0.000, dDy=   0.000, dDz=   0.000  (mm)
  Obj Stage rotY :    3.003 deg
============================================================

Unity geometry (world coordinates):
  Source   : x=  -5.000, y=  38.000, z=   0.000
  Object   : x=   0.001, y=  17.997, z= 568.088
  Detector : x=  10.000, y=   3.000, z= 690.000
  Obj rotY :   0.0000 deg
view   0 | SOD= 568.461 mm | SDD= 691.050 mm | M= 1.216 | incident=3.1588°
[[  24.766409   -567.56866     -20.003017  ]
 [   3.5981557   122.26967      14.996983  ]
 [   0.14939457    0.00783723    0.        ]
 [   0.            0.            0.1496    ]]
Residual vector length: 1800, Jacobian shape: (1800, 6)
view   0 | SOD= 568.455 mm | SDD= 691.050 mm | M= 1.216 | incident=3.1588°
[[  24.75185    -567.5632      -20.002798  ]
 [   3.6010935   122.27568      14.997202  ]
 [   0.14939477    0.00783344    0.        ]
 [   0.            0.            0.1496    ]]

iter 24 cost=6.014550 -> 5.925135 |dtheta|=6.145161e-03  lambda=1.000e-06

============================================================
Iteration 25
============================================================
Theta offsets (Unity frame):
  Source   : dSx=   0.000, dSy=   0.000, dSz=   0.000  (mm)
  Object   : dOx=  -6.999, dOy=  -2.003, dOz=  -7.918  (mm)
  Object offset: offset_x=   0.000, offset_z=  -0.001  (mm)
  Detector : dDx=   0.000, dDy=   0.000, dDz=   0.000  (mm)
  Obj Stage rotY :    3.002 deg
============================================================

Unity geometry (world coordinates):
  Source   : x=  -5.000, y=  38.000, z=   0.000
  Object   : x=   0.001, y=  17.997, z= 568.082
  Detector : x=  10.000, y=   3.000, z= 690.000
  Obj rotY :   0.0000 deg
view   0 | SOD= 568.455 mm | SDD= 691.050 mm | M= 1.216 | incident=3.1588°
[[  24.75185    -567.5632      -20.002798  ]
 [   3.6010935   122.27568      14.997202  ]
 [   0.14939477    0.00783344    0.        ]
 [   0.            0.            0.1496    ]]
Residual vector length: 1800, Jacobian shape: (1800, 6)
view   0 | SOD= 568.446 mm | SDD= 691.050 mm | M= 1.216 | incident=3.1588°
[[  24.760305   -567.5546      -20.002369  ]
 [   3.5985568   122.2839       14.997631  ]
 [   0.14939465    0.00783582    0.        ]
 [   0.            0.            0.1496    ]]

iter 25 cost=5.925135 -> 5.883812 |dtheta|=8.704175e-03  lambda=1.000e-06

============================================================
Iteration 26
============================================================
Theta offsets (Unity frame):
  Source   : dSx=   0.000, dSy=   0.000, dSz=   0.000  (mm)
  Object   : dOx=  -6.999, dOy=  -2.002, dOz=  -7.927  (mm)
  Object offset: offset_x=   0.000, offset_z=  -0.001  (mm)
  Detector : dDx=   0.000, dDy=   0.000, dDz=   0.000  (mm)
  Obj Stage rotY :    3.002 deg
============================================================

Unity geometry (world coordinates):
  Source   : x=  -5.000, y=  38.000, z=   0.000
  Object   : x=   0.001, y=  17.998, z= 568.073
  Detector : x=  10.000, y=   3.000, z= 690.000
  Obj rotY :   0.0000 deg
view   0 | SOD= 568.446 mm | SDD= 691.050 mm | M= 1.216 | incident=3.1588°
[[  24.760305   -567.5546      -20.002369  ]
 [   3.5985568   122.2839       14.997631  ]
 [   0.14939465    0.00783582    0.        ]
 [   0.            0.            0.1496    ]]
Residual vector length: 1800, Jacobian shape: (1800, 6)
view   0 | SOD= 568.442 mm | SDD= 691.050 mm | M= 1.216 | incident=3.1588°
[[  24.75993    -567.5499      -20.002113  ]
 [   3.59865     122.288605     14.997887  ]
 [   0.14939465    0.00783572    0.        ]
 [   0.            0.            0.1496    ]]

iter 26 cost=5.883812 -> 5.846822 |dtheta|=4.679339e-03  lambda=1.000e-06

============================================================
Iteration 27
============================================================
Theta offsets (Unity frame):
  Source   : dSx=   0.000, dSy=   0.000, dSz=   0.000  (mm)
  Object   : dOx=  -6.999, dOy=  -2.002, dOz=  -7.932  (mm)
  Object offset: offset_x=   0.000, offset_z=  -0.001  (mm)
  Detector : dDx=   0.000, dDy=   0.000, dDz=   0.000  (mm)
  Obj Stage rotY :    3.002 deg
============================================================

Unity geometry (world coordinates):
  Source   : x=  -5.000, y=  38.000, z=   0.000
  Object   : x=   0.001, y=  17.998, z= 568.068
  Detector : x=  10.000, y=   3.000, z= 690.000
  Obj rotY :   0.0000 deg
view   0 | SOD= 568.442 mm | SDD= 691.050 mm | M= 1.216 | incident=3.1588°
[[  24.75993    -567.5499      -20.002113  ]
 [   3.59865     122.288605     14.997887  ]
 [   0.14939465    0.00783572    0.        ]
 [   0.            0.            0.1496    ]]
Residual vector length: 1800, Jacobian shape: (1800, 6)
view   0 | SOD= 568.438 mm | SDD= 691.050 mm | M= 1.216 | incident=3.1588°
[[  24.759624   -567.5462      -20.002201  ]
 [   3.598454    122.29232      14.997799  ]
 [   0.14939465    0.0078357     0.        ]
 [   0.            0.            0.1496    ]]

iter 27 cost=5.846822 -> 5.755365 |dtheta|=4.084895e-03  lambda=1.000e-06

============================================================
Iteration 28
============================================================
Theta offsets (Unity frame):
  Source   : dSx=   0.000, dSy=   0.000, dSz=   0.000  (mm)
  Object   : dOx=  -6.999, dOy=  -2.002, dOz=  -7.936  (mm)
  Object offset: offset_x=   0.000, offset_z=  -0.000  (mm)
  Detector : dDx=   0.000, dDy=   0.000, dDz=   0.000  (mm)
  Obj Stage rotY :    3.002 deg
============================================================

Unity geometry (world coordinates):
  Source   : x=  -5.000, y=  38.000, z=   0.000
  Object   : x=   0.001, y=  17.998, z= 568.064
  Detector : x=  10.000, y=   3.000, z= 690.000
  Obj rotY :   0.0000 deg
view   0 | SOD= 568.438 mm | SDD= 691.050 mm | M= 1.216 | incident=3.1588°
[[  24.759624   -567.5462      -20.002201  ]
 [   3.598454    122.29232      14.997799  ]
 [   0.14939465    0.0078357     0.        ]
 [   0.            0.            0.1496    ]]
Residual vector length: 1800, Jacobian shape: (1800, 6)
view   0 | SOD= 568.435 mm | SDD= 691.050 mm | M= 1.216 | incident=3.1588°
[[  24.748856   -567.5434      -20.002018  ]
 [   3.6003256   122.29553      14.997982  ]
 [   0.1493948     0.00783296    0.        ]
 [   0.            0.            0.1496    ]]

iter 28 cost=5.755365 -> 5.808120 |dtheta|=3.707381e-03  lambda=1.000e-06

============================================================
Iteration 29
============================================================
Theta offsets (Unity frame):
  Source   : dSx=   0.000, dSy=   0.000, dSz=   0.000  (mm)
  Object   : dOx=  -6.999, dOy=  -2.002, dOz=  -7.936  (mm)
  Object offset: offset_x=   0.000, offset_z=  -0.000  (mm)
  Detector : dDx=   0.000, dDy=   0.000, dDz=   0.000  (mm)
  Obj Stage rotY :    3.002 deg
============================================================

Unity geometry (world coordinates):
  Source   : x=  -5.000, y=  38.000, z=   0.000
  Object   : x=   0.001, y=  17.998, z= 568.064
  Detector : x=  10.000, y=   3.000, z= 690.000
  Obj rotY :   0.0000 deg
view   0 | SOD= 568.438 mm | SDD= 691.050 mm | M= 1.216 | incident=3.1588°
[[  24.759624   -567.5462      -20.002201  ]
 [   3.598454    122.29232      14.997799  ]
 [   0.14939465    0.0078357     0.        ]
 [   0.            0.            0.1496    ]]
Residual vector length: 1800, Jacobian shape: (1800, 6)
view   0 | SOD= 568.435 mm | SDD= 691.050 mm | M= 1.216 | incident=3.1588°
[[  24.748856   -567.5434      -20.002018  ]
 [   3.6003256   122.29553      14.997982  ]
 [   0.1493948     0.00783296    0.        ]
 [   0.            0.            0.1496    ]]

iter 29 cost=5.755365 -> 5.808120 |dtheta|=3.707381e-03  lambda=5.000e-06

============================================================
Iteration 30
============================================================
Theta offsets (Unity frame):
  Source   : dSx=   0.000, dSy=   0.000, dSz=   0.000  (mm)
  Object   : dOx=  -6.999, dOy=  -2.002, dOz=  -7.936  (mm)
  Object offset: offset_x=   0.000, offset_z=  -0.000  (mm)
  Detector : dDx=   0.000, dDy=   0.000, dDz=   0.000  (mm)
  Obj Stage rotY :    3.002 deg
============================================================

Unity geometry (world coordinates):
  Source   : x=  -5.000, y=  38.000, z=   0.000
  Object   : x=   0.001, y=  17.998, z= 568.064
  Detector : x=  10.000, y=   3.000, z= 690.000
  Obj rotY :   0.0000 deg
view   0 | SOD= 568.438 mm | SDD= 691.050 mm | M= 1.216 | incident=3.1588°
[[  24.759624   -567.5462      -20.002201  ]
 [   3.598454    122.29232      14.997799  ]
 [   0.14939465    0.0078357     0.        ]
 [   0.            0.            0.1496    ]]
Residual vector length: 1800, Jacobian shape: (1800, 6)
view   0 | SOD= 568.435 mm | SDD= 691.050 mm | M= 1.216 | incident=3.1588°
[[  24.748856   -567.5434      -20.002018  ]
 [   3.6003256   122.29553      14.997982  ]
 [   0.1493948     0.00783296    0.        ]
 [   0.            0.            0.1496    ]]

iter 30 cost=5.755365 -> 5.808120 |dtheta|=3.707381e-03  lambda=2.500e-05

============================================================
Iteration 31
============================================================
Theta offsets (Unity frame):
  Source   : dSx=   0.000, dSy=   0.000, dSz=   0.000  (mm)
  Object   : dOx=  -6.999, dOy=  -2.002, dOz=  -7.936  (mm)
  Object offset: offset_x=   0.000, offset_z=  -0.000  (mm)
  Detector : dDx=   0.000, dDy=   0.000, dDz=   0.000  (mm)
  Obj Stage rotY :    3.002 deg
============================================================

Unity geometry (world coordinates):
  Source   : x=  -5.000, y=  38.000, z=   0.000
  Object   : x=   0.001, y=  17.998, z= 568.064
  Detector : x=  10.000, y=   3.000, z= 690.000
  Obj rotY :   0.0000 deg
view   0 | SOD= 568.438 mm | SDD= 691.050 mm | M= 1.216 | incident=3.1588°
[[  24.759624   -567.5462      -20.002201  ]
 [   3.598454    122.29232      14.997799  ]
 [   0.14939465    0.0078357     0.        ]
 [   0.            0.            0.1496    ]]
Residual vector length: 1800, Jacobian shape: (1800, 6)
view   0 | SOD= 568.435 mm | SDD= 691.050 mm | M= 1.216 | incident=3.1588°
[[  24.748856   -567.5434      -20.002018  ]
 [   3.6003256   122.29553      14.997982  ]
 [   0.1493948     0.00783296    0.        ]
 [   0.            0.            0.1496    ]]

iter 31 cost=5.755365 -> 5.808120 |dtheta|=3.707381e-03  lambda=1.250e-04

============================================================
Iteration 32
============================================================
Theta offsets (Unity frame):
  Source   : dSx=   0.000, dSy=   0.000, dSz=   0.000  (mm)
  Object   : dOx=  -6.999, dOy=  -2.002, dOz=  -7.936  (mm)
  Object offset: offset_x=   0.000, offset_z=  -0.000  (mm)
  Detector : dDx=   0.000, dDy=   0.000, dDz=   0.000  (mm)
  Obj Stage rotY :    3.002 deg
============================================================

Unity geometry (world coordinates):
  Source   : x=  -5.000, y=  38.000, z=   0.000
  Object   : x=   0.001, y=  17.998, z= 568.064
  Detector : x=  10.000, y=   3.000, z= 690.000
  Obj rotY :   0.0000 deg
view   0 | SOD= 568.438 mm | SDD= 691.050 mm | M= 1.216 | incident=3.1588°
[[  24.759624   -567.5462      -20.002201  ]
 [   3.598454    122.29232      14.997799  ]
 [   0.14939465    0.0078357     0.        ]
 [   0.            0.            0.1496    ]]
Residual vector length: 1800, Jacobian shape: (1800, 6)
view   0 | SOD= 568.435 mm | SDD= 691.050 mm | M= 1.216 | incident=3.1588°
[[  24.748856   -567.5434      -20.002018  ]
 [   3.6003256   122.29553      14.997982  ]
 [   0.1493948     0.00783296    0.        ]
 [   0.            0.            0.1496    ]]

iter 32 cost=5.755365 -> 5.808120 |dtheta|=3.707380e-03  lambda=6.250e-04

============================================================
Iteration 33
============================================================
Theta offsets (Unity frame):
  Source   : dSx=   0.000, dSy=   0.000, dSz=   0.000  (mm)
  Object   : dOx=  -6.999, dOy=  -2.002, dOz=  -7.936  (mm)
  Object offset: offset_x=   0.000, offset_z=  -0.000  (mm)
  Detector : dDx=   0.000, dDy=   0.000, dDz=   0.000  (mm)
  Obj Stage rotY :    3.002 deg
============================================================

Unity geometry (world coordinates):
  Source   : x=  -5.000, y=  38.000, z=   0.000
  Object   : x=   0.001, y=  17.998, z= 568.064
  Detector : x=  10.000, y=   3.000, z= 690.000
  Obj rotY :   0.0000 deg
view   0 | SOD= 568.438 mm | SDD= 691.050 mm | M= 1.216 | incident=3.1588°
[[  24.759624   -567.5462      -20.002201  ]
 [   3.598454    122.29232      14.997799  ]
 [   0.14939465    0.0078357     0.        ]
 [   0.            0.            0.1496    ]]
Residual vector length: 1800, Jacobian shape: (1800, 6)
view   0 | SOD= 568.435 mm | SDD= 691.050 mm | M= 1.216 | incident=3.1588°
[[  24.748856   -567.5434      -20.002018  ]
 [   3.6003256   122.29553      14.997982  ]
 [   0.1493948     0.00783296    0.        ]
 [   0.            0.            0.1496    ]]

iter 33 cost=5.755365 -> 5.808120 |dtheta|=3.707374e-03  lambda=3.125e-03

============================================================
Iteration 34
============================================================
Theta offsets (Unity frame):
  Source   : dSx=   0.000, dSy=   0.000, dSz=   0.000  (mm)
  Object   : dOx=  -6.999, dOy=  -2.002, dOz=  -7.936  (mm)
  Object offset: offset_x=   0.000, offset_z=  -0.000  (mm)
  Detector : dDx=   0.000, dDy=   0.000, dDz=   0.000  (mm)
  Obj Stage rotY :    3.002 deg
============================================================

Unity geometry (world coordinates):
  Source   : x=  -5.000, y=  38.000, z=   0.000
  Object   : x=   0.001, y=  17.998, z= 568.064
  Detector : x=  10.000, y=   3.000, z= 690.000
  Obj rotY :   0.0000 deg
view   0 | SOD= 568.438 mm | SDD= 691.050 mm | M= 1.216 | incident=3.1588°
[[  24.759624   -567.5462      -20.002201  ]
 [   3.598454    122.29232      14.997799  ]
 [   0.14939465    0.0078357     0.        ]
 [   0.            0.            0.1496    ]]
Residual vector length: 1800, Jacobian shape: (1800, 6)
view   0 | SOD= 568.435 mm | SDD= 691.050 mm | M= 1.216 | incident=3.1588°
[[  24.748856   -567.5434      -20.002018  ]
 [   3.6003256   122.29553      14.997982  ]
 [   0.1493948     0.00783296    0.        ]
 [   0.            0.            0.1496    ]]

iter 34 cost=5.755365 -> 5.808120 |dtheta|=3.707345e-03  lambda=1.562e-02

============================================================
Iteration 35
============================================================
Theta offsets (Unity frame):
  Source   : dSx=   0.000, dSy=   0.000, dSz=   0.000  (mm)
  Object   : dOx=  -6.999, dOy=  -2.002, dOz=  -7.936  (mm)
  Object offset: offset_x=   0.000, offset_z=  -0.000  (mm)
  Detector : dDx=   0.000, dDy=   0.000, dDz=   0.000  (mm)
  Obj Stage rotY :    3.002 deg
============================================================

Unity geometry (world coordinates):
  Source   : x=  -5.000, y=  38.000, z=   0.000
  Object   : x=   0.001, y=  17.998, z= 568.064
  Detector : x=  10.000, y=   3.000, z= 690.000
  Obj rotY :   0.0000 deg
view   0 | SOD= 568.438 mm | SDD= 691.050 mm | M= 1.216 | incident=3.1588°
[[  24.759624   -567.5462      -20.002201  ]
 [   3.598454    122.29232      14.997799  ]
 [   0.14939465    0.0078357     0.        ]
 [   0.            0.            0.1496    ]]
Residual vector length: 1800, Jacobian shape: (1800, 6)
view   0 | SOD= 568.435 mm | SDD= 691.050 mm | M= 1.216 | incident=3.1588°
[[  24.748856   -567.5434      -20.002018  ]
 [   3.6003253   122.29553      14.997982  ]
 [   0.1493948     0.00783296    0.        ]
 [   0.            0.            0.1496    ]]

iter 35 cost=5.755365 -> 5.808120 |dtheta|=3.707202e-03  lambda=7.812e-02

============================================================
Iteration 36
============================================================
Theta offsets (Unity frame):
  Source   : dSx=   0.000, dSy=   0.000, dSz=   0.000  (mm)
  Object   : dOx=  -6.999, dOy=  -2.002, dOz=  -7.936  (mm)
  Object offset: offset_x=   0.000, offset_z=  -0.000  (mm)
  Detector : dDx=   0.000, dDy=   0.000, dDz=   0.000  (mm)
  Obj Stage rotY :    3.002 deg
============================================================

Unity geometry (world coordinates):
  Source   : x=  -5.000, y=  38.000, z=   0.000
  Object   : x=   0.001, y=  17.998, z= 568.064
  Detector : x=  10.000, y=   3.000, z= 690.000
  Obj rotY :   0.0000 deg
view   0 | SOD= 568.438 mm | SDD= 691.050 mm | M= 1.216 | incident=3.1588°
[[  24.759624   -567.5462      -20.002201  ]
 [   3.598454    122.29232      14.997799  ]
 [   0.14939465    0.0078357     0.        ]
 [   0.            0.            0.1496    ]]
Residual vector length: 1800, Jacobian shape: (1800, 6)
view   0 | SOD= 568.435 mm | SDD= 691.050 mm | M= 1.216 | incident=3.1588°
[[  24.748856   -567.5434      -20.002018  ]
 [   3.6003253   122.29553      14.997982  ]
 [   0.1493948     0.00783296    0.        ]
 [   0.            0.            0.1496    ]]

iter 36 cost=5.755365 -> 5.808120 |dtheta|=3.706485e-03  lambda=3.906e-01

============================================================
Iteration 37
============================================================
Theta offsets (Unity frame):
  Source   : dSx=   0.000, dSy=   0.000, dSz=   0.000  (mm)
  Object   : dOx=  -6.999, dOy=  -2.002, dOz=  -7.936  (mm)
  Object offset: offset_x=   0.000, offset_z=  -0.000  (mm)
  Detector : dDx=   0.000, dDy=   0.000, dDz=   0.000  (mm)
  Obj Stage rotY :    3.002 deg
============================================================

Unity geometry (world coordinates):
  Source   : x=  -5.000, y=  38.000, z=   0.000
  Object   : x=   0.001, y=  17.998, z= 568.064
  Detector : x=  10.000, y=   3.000, z= 690.000
  Obj rotY :   0.0000 deg
view   0 | SOD= 568.438 mm | SDD= 691.050 mm | M= 1.216 | incident=3.1588°
[[  24.759624   -567.5462      -20.002201  ]
 [   3.598454    122.29232      14.997799  ]
 [   0.14939465    0.0078357     0.        ]
 [   0.            0.            0.1496    ]]
Residual vector length: 1800, Jacobian shape: (1800, 6)
view   0 | SOD= 568.435 mm | SDD= 691.050 mm | M= 1.216 | incident=3.1588°
[[  24.74886    -567.5434      -20.002018  ]
 [   3.6003244   122.29553      14.997982  ]
 [   0.1493948     0.00783296    0.        ]
 [   0.            0.            0.1496    ]]

iter 37 cost=5.755365 -> 5.808120 |dtheta|=3.702902e-03  lambda=1.953e+00

============================================================
Iteration 38
============================================================
Theta offsets (Unity frame):
  Source   : dSx=   0.000, dSy=   0.000, dSz=   0.000  (mm)
  Object   : dOx=  -6.999, dOy=  -2.002, dOz=  -7.936  (mm)
  Object offset: offset_x=   0.000, offset_z=  -0.000  (mm)
  Detector : dDx=   0.000, dDy=   0.000, dDz=   0.000  (mm)
  Obj Stage rotY :    3.002 deg
============================================================

Unity geometry (world coordinates):
  Source   : x=  -5.000, y=  38.000, z=   0.000
  Object   : x=   0.001, y=  17.998, z= 568.064
  Detector : x=  10.000, y=   3.000, z= 690.000
  Obj rotY :   0.0000 deg
view   0 | SOD= 568.438 mm | SDD= 691.050 mm | M= 1.216 | incident=3.1588°
[[  24.759624   -567.5462      -20.002201  ]
 [   3.598454    122.29232      14.997799  ]
 [   0.14939465    0.0078357     0.        ]
 [   0.            0.            0.1496    ]]
Residual vector length: 1800, Jacobian shape: (1800, 6)
view   0 | SOD= 568.435 mm | SDD= 691.050 mm | M= 1.216 | incident=3.1588°
[[  24.74888    -567.5434      -20.002018  ]
 [   3.600319    122.29553      14.997982  ]
 [   0.1493948     0.00783297    0.        ]
 [   0.            0.            0.1496    ]]

iter 38 cost=5.755365 -> 5.814108 |dtheta|=3.685101e-03  lambda=9.766e+00

============================================================
Iteration 39
============================================================
Theta offsets (Unity frame):
  Source   : dSx=   0.000, dSy=   0.000, dSz=   0.000  (mm)
  Object   : dOx=  -6.999, dOy=  -2.002, dOz=  -7.936  (mm)
  Object offset: offset_x=   0.000, offset_z=  -0.000  (mm)
  Detector : dDx=   0.000, dDy=   0.000, dDz=   0.000  (mm)
  Obj Stage rotY :    3.002 deg
============================================================

Unity geometry (world coordinates):
  Source   : x=  -5.000, y=  38.000, z=   0.000
  Object   : x=   0.001, y=  17.998, z= 568.064
  Detector : x=  10.000, y=   3.000, z= 690.000
  Obj rotY :   0.0000 deg
view   0 | SOD= 568.438 mm | SDD= 691.050 mm | M= 1.216 | incident=3.1588°
[[  24.759624   -567.5462      -20.002201  ]
 [   3.598454    122.29232      14.997799  ]
 [   0.14939465    0.0078357     0.        ]
 [   0.            0.            0.1496    ]]
Residual vector length: 1800, Jacobian shape: (1800, 6)
view   0 | SOD= 568.435 mm | SDD= 691.050 mm | M= 1.216 | incident=3.1588°
[[  24.748985   -567.5435      -20.002022  ]
 [   3.6003017   122.29541      14.997978  ]
 [   0.1493948     0.00783299    0.        ]
 [   0.            0.            0.1496    ]]

iter 39 cost=5.755365 -> 5.809534 |dtheta|=3.598739e-03  lambda=4.883e+01

============================================================
Iteration 40
============================================================
Theta offsets (Unity frame):
  Source   : dSx=   0.000, dSy=   0.000, dSz=   0.000  (mm)
  Object   : dOx=  -6.999, dOy=  -2.002, dOz=  -7.936  (mm)
  Object offset: offset_x=   0.000, offset_z=  -0.000  (mm)
  Detector : dDx=   0.000, dDy=   0.000, dDz=   0.000  (mm)
  Obj Stage rotY :    3.002 deg
============================================================

Unity geometry (world coordinates):
  Source   : x=  -5.000, y=  38.000, z=   0.000
  Object   : x=   0.001, y=  17.998, z= 568.064
  Detector : x=  10.000, y=   3.000, z= 690.000
  Obj rotY :   0.0000 deg
view   0 | SOD= 568.438 mm | SDD= 691.050 mm | M= 1.216 | incident=3.1588°
[[  24.759624   -567.5462      -20.002201  ]
 [   3.598454    122.29232      14.997799  ]
 [   0.14939465    0.0078357     0.        ]
 [   0.            0.            0.1496    ]]
Residual vector length: 1800, Jacobian shape: (1800, 6)
view   0 | SOD= 568.435 mm | SDD= 691.050 mm | M= 1.216 | incident=3.1588°
[[  24.749468   -567.5438      -20.002039  ]
 [   3.6002095   122.29505      14.997961  ]
 [   0.14939478    0.00783312    0.        ]
 [   0.            0.            0.1496    ]]

iter 40 cost=5.755365 -> 5.803735 |dtheta|=3.224030e-03  lambda=2.441e+02

============================================================
Iteration 41
============================================================
Theta offsets (Unity frame):
  Source   : dSx=   0.000, dSy=   0.000, dSz=   0.000  (mm)
  Object   : dOx=  -6.999, dOy=  -2.002, dOz=  -7.936  (mm)
  Object offset: offset_x=   0.000, offset_z=  -0.000  (mm)
  Detector : dDx=   0.000, dDy=   0.000, dDz=   0.000  (mm)
  Obj Stage rotY :    3.002 deg
============================================================

Unity geometry (world coordinates):
  Source   : x=  -5.000, y=  38.000, z=   0.000
  Object   : x=   0.001, y=  17.998, z= 568.064
  Detector : x=  10.000, y=   3.000, z= 690.000
  Obj rotY :   0.0000 deg
view   0 | SOD= 568.438 mm | SDD= 691.050 mm | M= 1.216 | incident=3.1588°
[[  24.759624   -567.5462      -20.002201  ]
 [   3.598454    122.29232      14.997799  ]
 [   0.14939465    0.0078357     0.        ]
 [   0.            0.            0.1496    ]]
Residual vector length: 1800, Jacobian shape: (1800, 6)
view   0 | SOD= 568.436 mm | SDD= 691.050 mm | M= 1.216 | incident=3.1588°
[[  24.751266   -567.54486     -20.002087  ]
 [   3.599861    122.29396      14.997913  ]
 [   0.14939477    0.00783358    0.        ]
 [   0.            0.            0.1496    ]]

iter 41 cost=5.755365 -> 5.790441 |dtheta|=2.147480e-03  lambda=1.221e+03

============================================================
Iteration 42
============================================================
Theta offsets (Unity frame):
  Source   : dSx=   0.000, dSy=   0.000, dSz=   0.000  (mm)
  Object   : dOx=  -6.999, dOy=  -2.002, dOz=  -7.936  (mm)
  Object offset: offset_x=   0.000, offset_z=  -0.000  (mm)
  Detector : dDx=   0.000, dDy=   0.000, dDz=   0.000  (mm)
  Obj Stage rotY :    3.002 deg
============================================================

Unity geometry (world coordinates):
  Source   : x=  -5.000, y=  38.000, z=   0.000
  Object   : x=   0.001, y=  17.998, z= 568.064
  Detector : x=  10.000, y=   3.000, z= 690.000
  Obj rotY :   0.0000 deg
view   0 | SOD= 568.438 mm | SDD= 691.050 mm | M= 1.216 | incident=3.1588°
[[  24.759624   -567.5462      -20.002201  ]
 [   3.598454    122.29232      14.997799  ]
 [   0.14939465    0.0078357     0.        ]
 [   0.            0.            0.1496    ]]
Residual vector length: 1800, Jacobian shape: (1800, 6)
view   0 | SOD= 568.438 mm | SDD= 691.050 mm | M= 1.216 | incident=3.1588°
[[  24.755013   -567.5459      -20.002144  ]
 [   3.5991156   122.29282      14.997856  ]
 [   0.1493947     0.00783455    0.        ]
 [   0.            0.            0.1496    ]]

iter 42 cost=5.755365 -> 5.793905 |dtheta|=8.712124e-04  lambda=6.104e+03

============================================================
Iteration 43
============================================================
Theta offsets (Unity frame):
  Source   : dSx=   0.000, dSy=   0.000, dSz=   0.000  (mm)
  Object   : dOx=  -6.999, dOy=  -2.002, dOz=  -7.936  (mm)
  Object offset: offset_x=   0.000, offset_z=  -0.000  (mm)
  Detector : dDx=   0.000, dDy=   0.000, dDz=   0.000  (mm)
  Obj Stage rotY :    3.002 deg
============================================================

Unity geometry (world coordinates):
  Source   : x=  -5.000, y=  38.000, z=   0.000
  Object   : x=   0.001, y=  17.998, z= 568.064
  Detector : x=  10.000, y=   3.000, z= 690.000
  Obj rotY :   0.0000 deg
view   0 | SOD= 568.438 mm | SDD= 691.050 mm | M= 1.216 | incident=3.1588°
[[  24.759624   -567.5462      -20.002201  ]
 [   3.598454    122.29232      14.997799  ]
 [   0.14939465    0.0078357     0.        ]
 [   0.            0.            0.1496    ]]
Residual vector length: 1800, Jacobian shape: (1800, 6)
view   0 | SOD= 568.438 mm | SDD= 691.050 mm | M= 1.216 | incident=3.1588°
[[  24.758112   -567.54614     -20.002172  ]
 [   3.5985756   122.29242      14.997828  ]
 [   0.14939468    0.00783534    0.        ]
 [   0.            0.            0.1496    ]]

iter 43 cost=5.755365 -> 5.755162 |dtheta|=2.653791e-04  lambda=3.052e+04

============================================================
Iteration 44
============================================================
Theta offsets (Unity frame):
  Source   : dSx=   0.000, dSy=   0.000, dSz=   0.000  (mm)
  Object   : dOx=  -6.999, dOy=  -2.002, dOz=  -7.936  (mm)
  Object offset: offset_x=   0.000, offset_z=  -0.000  (mm)
  Detector : dDx=   0.000, dDy=   0.000, dDz=   0.000  (mm)
  Obj Stage rotY :    3.002 deg
============================================================

Unity geometry (world coordinates):
  Source   : x=  -5.000, y=  38.000, z=   0.000
  Object   : x=   0.001, y=  17.998, z= 568.064
  Detector : x=  10.000, y=   3.000, z= 690.000
  Obj rotY :   0.0000 deg
view   0 | SOD= 568.438 mm | SDD= 691.050 mm | M= 1.216 | incident=3.1588°
[[  24.758112   -567.54614     -20.002172  ]
 [   3.5985756   122.29242      14.997828  ]
 [   0.14939468    0.00783534    0.        ]
 [   0.            0.            0.1496    ]]
Residual vector length: 1800, Jacobian shape: (1800, 6)
view   0 | SOD= 568.438 mm | SDD= 691.050 mm | M= 1.216 | incident=3.1588°
[[  24.754112   -567.5461      -20.002092  ]
 [   3.5996802   122.29265      14.997908  ]
 [   0.14939472    0.00783424    0.        ]
 [   0.            0.            0.1496    ]]

iter 44 cost=5.755162 -> 5.828351 |dtheta|=6.301083e-04  lambda=1.017e+04

============================================================
Iteration 45
============================================================
Theta offsets (Unity frame):
  Source   : dSx=   0.000, dSy=   0.000, dSz=   0.000  (mm)
  Object   : dOx=  -6.999, dOy=  -2.002, dOz=  -7.936  (mm)
  Object offset: offset_x=   0.000, offset_z=  -0.000  (mm)
  Detector : dDx=   0.000, dDy=   0.000, dDz=   0.000  (mm)
  Obj Stage rotY :    3.002 deg
============================================================

Unity geometry (world coordinates):
  Source   : x=  -5.000, y=  38.000, z=   0.000
  Object   : x=   0.001, y=  17.998, z= 568.064
  Detector : x=  10.000, y=   3.000, z= 690.000
  Obj rotY :   0.0000 deg
view   0 | SOD= 568.438 mm | SDD= 691.050 mm | M= 1.216 | incident=3.1588°
[[  24.758112   -567.54614     -20.002172  ]
 [   3.5985756   122.29242      14.997828  ]
 [   0.14939468    0.00783534    0.        ]
 [   0.            0.            0.1496    ]]
Residual vector length: 1800, Jacobian shape: (1800, 6)
view   0 | SOD= 568.438 mm | SDD= 691.050 mm | M= 1.216 | incident=3.1588°
[[  24.75709    -567.5462      -20.002132  ]
 [   3.5989082   122.29242      14.997868  ]
 [   0.14939469    0.00783505    0.        ]
 [   0.            0.            0.1496    ]]

iter 45 cost=5.755162 -> 5.772473 |dtheta|=1.748830e-04  lambda=5.086e+04

============================================================
Iteration 46
============================================================
Theta offsets (Unity frame):
  Source   : dSx=   0.000, dSy=   0.000, dSz=   0.000  (mm)
  Object   : dOx=  -6.999, dOy=  -2.002, dOz=  -7.936  (mm)
  Object offset: offset_x=   0.000, offset_z=  -0.000  (mm)
  Detector : dDx=   0.000, dDy=   0.000, dDz=   0.000  (mm)
  Obj Stage rotY :    3.002 deg
============================================================

Unity geometry (world coordinates):
  Source   : x=  -5.000, y=  38.000, z=   0.000
  Object   : x=   0.001, y=  17.998, z= 568.064
  Detector : x=  10.000, y=   3.000, z= 690.000
  Obj rotY :   0.0000 deg
view   0 | SOD= 568.438 mm | SDD= 691.050 mm | M= 1.216 | incident=3.1588°
[[  24.758112   -567.54614     -20.002172  ]
 [   3.5985756   122.29242      14.997828  ]
 [   0.14939468    0.00783534    0.        ]
 [   0.            0.            0.1496    ]]
Residual vector length: 1800, Jacobian shape: (1800, 6)
view   0 | SOD= 568.438 mm | SDD= 691.050 mm | M= 1.216 | incident=3.1588°
[[  24.757904   -567.5462      -20.002161  ]
 [   3.5986557   122.29236      14.997839  ]
 [   0.14939468    0.00783528    0.        ]
 [   0.            0.            0.1496    ]]

iter 46 cost=5.755162 -> 5.747694 |dtheta|=4.048811e-05  lambda=2.543e+05

============================================================
Iteration 47
============================================================
Theta offsets (Unity frame):
  Source   : dSx=   0.000, dSy=   0.000, dSz=   0.000  (mm)
  Object   : dOx=  -6.999, dOy=  -2.002, dOz=  -7.936  (mm)
  Object offset: offset_x=   0.000, offset_z=  -0.000  (mm)
  Detector : dDx=   0.000, dDy=   0.000, dDz=   0.000  (mm)
  Obj Stage rotY :    3.002 deg
============================================================

Unity geometry (world coordinates):
  Source   : x=  -5.000, y=  38.000, z=   0.000
  Object   : x=   0.001, y=  17.998, z= 568.064
  Detector : x=  10.000, y=   3.000, z= 690.000
  Obj rotY :   0.0000 deg
view   0 | SOD= 568.438 mm | SDD= 691.050 mm | M= 1.216 | incident=3.1588°
[[  24.757904   -567.5462      -20.002161  ]
 [   3.5986557   122.29236      14.997839  ]
 [   0.14939468    0.00783528    0.        ]
 [   0.            0.            0.1496    ]]
Residual vector length: 1800, Jacobian shape: (1800, 6)
view   0 | SOD= 568.438 mm | SDD= 691.050 mm | M= 1.216 | incident=3.1588°
[[  24.757439   -567.5462      -20.002127  ]
 [   3.5987952   122.29242      14.997873  ]
 [   0.14939468    0.00783515    0.        ]
 [   0.            0.            0.1496    ]]

iter 47 cost=5.747694 -> 5.778687 |dtheta|=8.016955e-05  lambda=8.477e+04

============================================================
Iteration 48
============================================================
Theta offsets (Unity frame):
  Source   : dSx=   0.000, dSy=   0.000, dSz=   0.000  (mm)
  Object   : dOx=  -6.999, dOy=  -2.002, dOz=  -7.936  (mm)
  Object offset: offset_x=   0.000, offset_z=  -0.000  (mm)
  Detector : dDx=   0.000, dDy=   0.000, dDz=   0.000  (mm)
  Obj Stage rotY :    3.002 deg
============================================================

Unity geometry (world coordinates):
  Source   : x=  -5.000, y=  38.000, z=   0.000
  Object   : x=   0.001, y=  17.998, z= 568.064
  Detector : x=  10.000, y=   3.000, z= 690.000
  Obj rotY :   0.0000 deg
view   0 | SOD= 568.438 mm | SDD= 691.050 mm | M= 1.216 | incident=3.1588°
[[  24.757904   -567.5462      -20.002161  ]
 [   3.5986557   122.29236      14.997839  ]
 [   0.14939468    0.00783528    0.        ]
 [   0.            0.            0.1496    ]]
Residual vector length: 1800, Jacobian shape: (1800, 6)
view   0 | SOD= 568.438 mm | SDD= 691.050 mm | M= 1.216 | incident=3.1588°
[[  24.757809   -567.54626     -20.002151  ]
 [   3.5986865   122.29236      14.9978485 ]
 [   0.14939468    0.00783525    0.        ]
 [   0.            0.            0.1496    ]]

iter 48 cost=5.747694 -> 5.749388 |dtheta|=1.785338e-05  lambda=4.239e+05

============================================================
Iteration 49
============================================================
Theta offsets (Unity frame):
  Source   : dSx=   0.000, dSy=   0.000, dSz=   0.000  (mm)
  Object   : dOx=  -6.999, dOy=  -2.002, dOz=  -7.936  (mm)
  Object offset: offset_x=   0.000, offset_z=  -0.000  (mm)
  Detector : dDx=   0.000, dDy=   0.000, dDz=   0.000  (mm)
  Obj Stage rotY :    3.002 deg
============================================================

Unity geometry (world coordinates):
  Source   : x=  -5.000, y=  38.000, z=   0.000
  Object   : x=   0.001, y=  17.998, z= 568.064
  Detector : x=  10.000, y=   3.000, z= 690.000
  Obj rotY :   0.0000 deg
view   0 | SOD= 568.438 mm | SDD= 691.050 mm | M= 1.216 | incident=3.1588°
[[  24.757904   -567.5462      -20.002161  ]
 [   3.5986557   122.29236      14.997839  ]
 [   0.14939468    0.00783528    0.        ]
 [   0.            0.            0.1496    ]]
Residual vector length: 1800, Jacobian shape: (1800, 6)
view   0 | SOD= 568.438 mm | SDD= 691.050 mm | M= 1.216 | incident=3.1588°
[[  24.757864   -567.54626     -20.002157  ]
 [   3.598669    122.29236      14.997843  ]
 [   0.14939468    0.00783527    0.        ]
 [   0.            0.            0.1496    ]]

iter 49 cost=5.747694 -> 5.728301 |dtheta|=7.729026e-06  lambda=1.000e+06

============================================================
Iteration 50
============================================================
Theta offsets (Unity frame):
  Source   : dSx=   0.000, dSy=   0.000, dSz=   0.000  (mm)
  Object   : dOx=  -6.999, dOy=  -2.002, dOz=  -7.936  (mm)
  Object offset: offset_x=   0.000, offset_z=  -0.000  (mm)
  Detector : dDx=   0.000, dDy=   0.000, dDz=   0.000  (mm)
  Obj Stage rotY :    3.002 deg
============================================================

Unity geometry (world coordinates):
  Source   : x=  -5.000, y=  38.000, z=   0.000
  Object   : x=   0.001, y=  17.998, z= 568.064
  Detector : x=  10.000, y=   3.000, z= 690.000
  Obj rotY :   0.0000 deg
view   0 | SOD= 568.438 mm | SDD= 691.050 mm | M= 1.216 | incident=3.1588°
[[  24.757864   -567.54626     -20.002157  ]
 [   3.598669    122.29236      14.997843  ]
 [   0.14939468    0.00783527    0.        ]
 [   0.            0.            0.1496    ]]
Residual vector length: 1800, Jacobian shape: (1800, 6)
view   0 | SOD= 568.438 mm | SDD= 691.050 mm | M= 1.216 | incident=3.1588°
[[  24.757729   -567.54626     -20.002144  ]
 [   3.598706    122.29236      14.997856  ]
 [   0.14939468    0.00783523    0.        ]
 [   0.            0.            0.1496    ]]

iter 50 cost=5.728301 -> 5.775385 |dtheta|=2.444865e-05  lambda=3.333e+05

============================================================
Iteration 51
============================================================
Theta offsets (Unity frame):
  Source   : dSx=   0.000, dSy=   0.000, dSz=   0.000  (mm)
  Object   : dOx=  -6.999, dOy=  -2.002, dOz=  -7.936  (mm)
  Object offset: offset_x=   0.000, offset_z=  -0.000  (mm)
  Detector : dDx=   0.000, dDy=   0.000, dDz=   0.000  (mm)
  Obj Stage rotY :    3.002 deg
============================================================

Unity geometry (world coordinates):
  Source   : x=  -5.000, y=  38.000, z=   0.000
  Object   : x=   0.001, y=  17.998, z= 568.064
  Detector : x=  10.000, y=   3.000, z= 690.000
  Obj rotY :   0.0000 deg
view   0 | SOD= 568.438 mm | SDD= 691.050 mm | M= 1.216 | incident=3.1588°
[[  24.757864   -567.54626     -20.002157  ]
 [   3.598669    122.29236      14.997843  ]
 [   0.14939468    0.00783527    0.        ]
 [   0.            0.            0.1496    ]]
Residual vector length: 1800, Jacobian shape: (1800, 6)
view   0 | SOD= 568.438 mm | SDD= 691.050 mm | M= 1.216 | incident=3.1588°
[[  24.757818   -567.54626     -20.002151  ]
 [   3.5986812   122.29236      14.9978485 ]
 [   0.14939468    0.00783526    0.        ]
 [   0.            0.            0.1496    ]]

iter 51 cost=5.728301 -> 5.744757 |dtheta|=8.465706e-06  lambda=1.000e+06

============================================================
Iteration 52
============================================================
Theta offsets (Unity frame):
  Source   : dSx=   0.000, dSy=   0.000, dSz=   0.000  (mm)
  Object   : dOx=  -6.999, dOy=  -2.002, dOz=  -7.936  (mm)
  Object offset: offset_x=   0.000, offset_z=  -0.000  (mm)
  Detector : dDx=   0.000, dDy=   0.000, dDz=   0.000  (mm)
  Obj Stage rotY :    3.002 deg
============================================================

Unity geometry (world coordinates):
  Source   : x=  -5.000, y=  38.000, z=   0.000
  Object   : x=   0.001, y=  17.998, z= 568.064
  Detector : x=  10.000, y=   3.000, z= 690.000
  Obj rotY :   0.0000 deg
view   0 | SOD= 568.438 mm | SDD= 691.050 mm | M= 1.216 | incident=3.1588°
[[  24.757864   -567.54626     -20.002157  ]
 [   3.598669    122.29236      14.997843  ]
 [   0.14939468    0.00783527    0.        ]
 [   0.            0.            0.1496    ]]
Residual vector length: 1800, Jacobian shape: (1800, 6)
view   0 | SOD= 568.438 mm | SDD= 691.050 mm | M= 1.216 | incident=3.1588°
[[  24.757818   -567.54626     -20.002151  ]
 [   3.5986812   122.29236      14.9978485 ]
 [   0.14939468    0.00783526    0.        ]
 [   0.            0.            0.1496    ]]

iter 52 cost=5.728301 -> 5.744757 |dtheta|=8.465706e-06  lambda=1.000e+06

============================================================
Iteration 53
============================================================
Theta offsets (Unity frame):
  Source   : dSx=   0.000, dSy=   0.000, dSz=   0.000  (mm)
  Object   : dOx=  -6.999, dOy=  -2.002, dOz=  -7.936  (mm)
  Object offset: offset_x=   0.000, offset_z=  -0.000  (mm)
  Detector : dDx=   0.000, dDy=   0.000, dDz=   0.000  (mm)
  Obj Stage rotY :    3.002 deg
============================================================

Unity geometry (world coordinates):
  Source   : x=  -5.000, y=  38.000, z=   0.000
  Object   : x=   0.001, y=  17.998, z= 568.064
  Detector : x=  10.000, y=   3.000, z= 690.000
  Obj rotY :   0.0000 deg
view   0 | SOD= 568.438 mm | SDD= 691.050 mm | M= 1.216 | incident=3.1588°
[[  24.757864   -567.54626     -20.002157  ]
 [   3.598669    122.29236      14.997843  ]
 [   0.14939468    0.00783527    0.        ]
 [   0.            0.            0.1496    ]]
Residual vector length: 1800, Jacobian shape: (1800, 6)
view   0 | SOD= 568.438 mm | SDD= 691.050 mm | M= 1.216 | incident=3.1588°
[[  24.757818   -567.54626     -20.002151  ]
 [   3.5986812   122.29236      14.9978485 ]
 [   0.14939468    0.00783526    0.        ]
 [   0.            0.            0.1496    ]]

iter 53 cost=5.728301 -> 5.744757 |dtheta|=8.465706e-06  lambda=1.000e+06

============================================================
Iteration 54
============================================================
Theta offsets (Unity frame):
  Source   : dSx=   0.000, dSy=   0.000, dSz=   0.000  (mm)
  Object   : dOx=  -6.999, dOy=  -2.002, dOz=  -7.936  (mm)
  Object offset: offset_x=   0.000, offset_z=  -0.000  (mm)
  Detector : dDx=   0.000, dDy=   0.000, dDz=   0.000  (mm)
  Obj Stage rotY :    3.002 deg
============================================================

Unity geometry (world coordinates):
  Source   : x=  -5.000, y=  38.000, z=   0.000
  Object   : x=   0.001, y=  17.998, z= 568.064
  Detector : x=  10.000, y=   3.000, z= 690.000
  Obj rotY :   0.0000 deg
view   0 | SOD= 568.438 mm | SDD= 691.050 mm | M= 1.216 | incident=3.1588°
[[  24.757864   -567.54626     -20.002157  ]
 [   3.598669    122.29236      14.997843  ]
 [   0.14939468    0.00783527    0.        ]
 [   0.            0.            0.1496    ]]
Residual vector length: 1800, Jacobian shape: (1800, 6)
view   0 | SOD= 568.438 mm | SDD= 691.050 mm | M= 1.216 | incident=3.1588°
[[  24.757818   -567.54626     -20.002151  ]
 [   3.5986812   122.29236      14.9978485 ]
 [   0.14939468    0.00783526    0.        ]
 [   0.            0.            0.1496    ]]

iter 54 cost=5.728301 -> 5.744757 |dtheta|=8.465706e-06  lambda=1.000e+06

============================================================
Iteration 55
============================================================
Theta offsets (Unity frame):
  Source   : dSx=   0.000, dSy=   0.000, dSz=   0.000  (mm)
  Object   : dOx=  -6.999, dOy=  -2.002, dOz=  -7.936  (mm)
  Object offset: offset_x=   0.000, offset_z=  -0.000  (mm)
  Detector : dDx=   0.000, dDy=   0.000, dDz=   0.000  (mm)
  Obj Stage rotY :    3.002 deg
============================================================

Unity geometry (world coordinates):
  Source   : x=  -5.000, y=  38.000, z=   0.000
  Object   : x=   0.001, y=  17.998, z= 568.064
  Detector : x=  10.000, y=   3.000, z= 690.000
  Obj rotY :   0.0000 deg
view   0 | SOD= 568.438 mm | SDD= 691.050 mm | M= 1.216 | incident=3.1588°
[[  24.757864   -567.54626     -20.002157  ]
 [   3.598669    122.29236      14.997843  ]
 [   0.14939468    0.00783527    0.        ]
 [   0.            0.            0.1496    ]]
Residual vector length: 1800, Jacobian shape: (1800, 6)
view   0 | SOD= 568.438 mm | SDD= 691.050 mm | M= 1.216 | incident=3.1588°
[[  24.757818   -567.54626     -20.002151  ]
 [   3.5986812   122.29236      14.9978485 ]
 [   0.14939468    0.00783526    0.        ]
 [   0.            0.            0.1496    ]]

iter 55 cost=5.728301 -> 5.744757 |dtheta|=8.465706e-06  lambda=1.000e+06

============================================================
Iteration 56
============================================================
Theta offsets (Unity frame):
  Source   : dSx=   0.000, dSy=   0.000, dSz=   0.000  (mm)
  Object   : dOx=  -6.999, dOy=  -2.002, dOz=  -7.936  (mm)
  Object offset: offset_x=   0.000, offset_z=  -0.000  (mm)
  Detector : dDx=   0.000, dDy=   0.000, dDz=   0.000  (mm)
  Obj Stage rotY :    3.002 deg
============================================================

Unity geometry (world coordinates):
  Source   : x=  -5.000, y=  38.000, z=   0.000
  Object   : x=   0.001, y=  17.998, z= 568.064
  Detector : x=  10.000, y=   3.000, z= 690.000
  Obj rotY :   0.0000 deg
view   0 | SOD= 568.438 mm | SDD= 691.050 mm | M= 1.216 | incident=3.1588°
[[  24.757864   -567.54626     -20.002157  ]
 [   3.598669    122.29236      14.997843  ]
 [   0.14939468    0.00783527    0.        ]
 [   0.            0.            0.1496    ]]
Residual vector length: 1800, Jacobian shape: (1800, 6)
view   0 | SOD= 568.438 mm | SDD= 691.050 mm | M= 1.216 | incident=3.1588°
[[  24.757818   -567.54626     -20.002151  ]
 [   3.5986812   122.29236      14.9978485 ]
 [   0.14939468    0.00783526    0.        ]
 [   0.            0.            0.1496    ]]

iter 56 cost=5.728301 -> 5.744757 |dtheta|=8.465706e-06  lambda=1.000e+06

============================================================
Iteration 57
============================================================
Theta offsets (Unity frame):
  Source   : dSx=   0.000, dSy=   0.000, dSz=   0.000  (mm)
  Object   : dOx=  -6.999, dOy=  -2.002, dOz=  -7.936  (mm)
  Object offset: offset_x=   0.000, offset_z=  -0.000  (mm)
  Detector : dDx=   0.000, dDy=   0.000, dDz=   0.000  (mm)
  Obj Stage rotY :    3.002 deg
============================================================

Unity geometry (world coordinates):
  Source   : x=  -5.000, y=  38.000, z=   0.000
  Object   : x=   0.001, y=  17.998, z= 568.064
  Detector : x=  10.000, y=   3.000, z= 690.000
  Obj rotY :   0.0000 deg
view   0 | SOD= 568.438 mm | SDD= 691.050 mm | M= 1.216 | incident=3.1588°
[[  24.757864   -567.54626     -20.002157  ]
 [   3.598669    122.29236      14.997843  ]
 [   0.14939468    0.00783527    0.        ]
 [   0.            0.            0.1496    ]]
Residual vector length: 1800, Jacobian shape: (1800, 6)
view   0 | SOD= 568.438 mm | SDD= 691.050 mm | M= 1.216 | incident=3.1588°
[[  24.757818   -567.54626     -20.002151  ]
 [   3.5986812   122.29236      14.9978485 ]
 [   0.14939468    0.00783526    0.        ]
 [   0.            0.            0.1496    ]]

iter 57 cost=5.728301 -> 5.744757 |dtheta|=8.465706e-06  lambda=1.000e+06
Stalled.

Estimated theta:
  dSx: +0.000000
  dSy: +0.000000
  dOx: -6.998986
  dOy: -2.002157
  dOz: -7.935864
  dDx: +0.000000
  dDy: +0.000000
  dDz: +0.000000
alpha: +3.002228e+00 deg)
offset_x: +0.000219
offset_z: -0.000206

Final cost table:
Fake theta: [ 0.  0. -7. -2. -8.  0.  0.  0.  3.  0.  0.]
Final estimated theta: [ 0.          0.         -6.99898554 -2.0021569  -7.93586395  0.
  0.          0.          3.00222824  0.00021901 -0.00020556]
Diff from Expected: [ 0.          0.          0.00101446 -0.0021569   0.06413605  0.
  0.          0.          0.00222824  0.00021901 -0.00020556]
################################################################################

