Phantom already exists, skipping: cuboid_phantom_5_normal.npy

################################################################################
Running cuboid=normal scenario=G4 N_ANGLES=36, K=5
view   0 | SOD= 568.374 mm | SDD= 691.050 mm | M= 1.216 | incident=3.1588°
[[  24.733675   -567.4833      -20.        ]
 [   3.6013086   122.35616      15.        ]
 [   0.14939497    0.00782946    0.        ]
 [   0.            0.            0.1496    ]]
           image          x1         y1  area1          x2          y2  area2          x3          y3  area3          x4          y4  area4          x5          y5  area5
0   proj_000.png  470.116041  86.912969    586  357.884007  198.917399    569  368.522073  303.092131    521  476.411439  414.444649    542  470.175652  538.907826    575
1   proj_001.png  444.285714  86.885382    602  349.597450  198.666667    549  392.954545  302.888258    528  484.808630  415.090056    533  444.272269  539.487395    595
2   proj_002.png  417.540765  86.798669    601  343.185741  198.607880    533  418.062857  302.800000    525  491.481836  415.875717    523  417.567797  539.666102    590
3   proj_003.png  390.787270  86.860972    597  339.244485  198.522059    544  443.290807  302.909944    533  495.953096  416.590994    533  390.784512  539.673401    594
4   proj_004.png  364.956303  87.000000    595  337.522936  198.363303    545  467.553875  303.168242    529  498.063291  417.386980    553  364.989899  539.020202    594
5   proj_005.png  340.921502  87.042662    586  338.386861  198.239051    548  490.631579  303.515038    532  497.670270  418.309910    555  340.792164  538.042589    587
6   proj_006.png  319.317324  87.236707    583  341.555354  198.016334    551  511.664783  304.107345    531  494.962366  419.055556    558  319.233677  536.817869    582
7   proj_007.png  300.872600  87.478185    573  347.117431  197.845872    545  530.060491  304.744802    529  489.665480  419.820285    562  300.846287  535.157168    579
8   proj_008.png  286.337349  87.831325    581  354.765996  197.755027    547  545.309259  305.438889    540  482.237258  420.513181    569  286.284247  533.296233    584
9   proj_009.png  275.929947  88.082312    571  364.256458  197.583026    542  556.658135  306.277879    547  472.917976  421.099476    573  275.958042  531.321678    572
10  proj_010.png  270.123656  88.437276    558  375.304189  197.530055    549  564.021739  307.050725    552  461.702055  421.714041    584  270.133215  529.243339    563
11  proj_011.png  268.678119  88.614828    553  387.491892  197.477477    555  567.215190  308.005425    553  449.071066  422.049069    591  268.756708  527.110912    559
12  proj_012.png  271.777164  89.034991    543  400.683544  197.453888    553  565.655971  308.887701    561  435.564784  422.209302    602  271.828154  524.901280    547
13  proj_013.png  279.385900  89.358071    539  414.419183  197.445826    563  559.536412  309.834813    563  421.442623  422.422951    610  279.337017  522.858195    543
14  proj_014.png  290.707317  89.628518    533  428.054101  197.415358    573  549.003515  310.648506    569  407.254457  422.350081    617  290.832090  521.048507    536
15  proj_015.png  306.119545  89.810247    527  441.526042  197.460069    576  534.286713  311.384615    572  393.330081  422.160976    615  306.092628  519.304348    529
16  proj_016.png  324.627907  90.085271    516  454.184348  197.570435    575  515.878893  312.124567    578  380.232406  421.783961    611  324.554913  517.917148    519
17  proj_017.png  345.761194  90.272388    536  466.049037  197.611208    571  494.138280  312.669477    593  368.282895  421.360197    608  345.700935  516.689720    535
18  proj_018.png  368.546816  90.342697    534  476.429348  197.639493    552  470.273333  313.026667    600  357.939655  420.877586    580  368.528864  515.864060    537
19  proj_019.png  393.003704  90.429630    540  484.843462  197.780847    543  444.269044  313.307942    617  349.582593  420.156306    563  392.972426  515.329044    544
20  proj_020.png  418.091075  90.477231    549  491.518587  197.923792    538  417.501608  313.352090    622  343.168784  419.348457    551  418.094203  515.297101    552
21  proj_021.png  443.250916  90.463370    546  495.989130  198.126812    552  390.722581  313.303226    620  339.122995  418.579323    561  443.283883  515.496337    546
22  proj_022.png  467.582255  90.399261    541  498.030357  198.355357    560  364.941957  312.980100    603  337.504456  417.734403    561  467.625461  515.987085    542
23  proj_023.png  490.613260  90.344383    543  497.886760  198.426829    574  340.667758  312.615385    611  338.296875  416.967014    576  490.671533  516.735401    548
24  proj_024.png  511.840659  90.038462    546  494.996546  198.569948    579  319.251656  312.014901    604  341.635088  416.054386    570  511.799636  518.067395    549
25  proj_025.png  530.092764  89.846011    539  489.853913  198.798261    575  300.855688  311.344652    589  347.098390  415.400716    559  530.164207  519.487085    542
26  proj_026.png  545.312727  89.538182    550  482.323630  198.892123    584  286.313233  310.549414    597  354.754011  414.679144    561  545.252236  521.205725    559
27  proj_027.png  556.709091  89.325455    550  472.948276  199.022414    580  275.893913  309.746087    575  364.242315  414.146474    553  556.661844  523.173599    553
28  proj_028.png  563.994585  88.976534    554  461.700000  199.098276    580  270.147950  308.811052    561  375.245009  413.604356    551  564.023297  525.152330    558
29  proj_029.png  567.255435  88.634058    552  449.107926  199.166948    593  268.657706  307.870968    558  387.535135  413.250450    555  567.272072  527.398198    555
30  proj_030.png  565.667266  88.464029    556  435.514190  199.245409    599  271.782689  306.948435    543  400.698752  413.073084    561  565.571942  529.512590    556
31  proj_031.png  559.528571  88.032143    560  421.458746  199.186469    606  279.312618  306.139360    531  414.435626  412.945326    567  559.570662  531.627907    559
32  proj_032.png  549.023339  87.703770    557  407.186356  199.219634    601  290.912791  305.335271    516  428.209507  412.977113    568  549.054054  533.545946    555
33  proj_033.png  534.308108  87.493694    555  393.393688  199.207641    602  306.190661  304.618677    514  441.611702  413.143617    564  534.388385  535.415608    551
34  proj_034.png  515.933333  87.272072    555  380.154762  199.083333    588  324.572854  304.015968    501  454.350272  413.479129    551  515.928187  537.010772    557
35  proj_035.png  494.190227  87.024433    573  368.224109  199.047538    589  345.777778  303.500000    522  466.087500  413.880357    560  494.102431  538.190972    576

============================================================
Iteration 0
============================================================
Theta offsets (Unity frame):
  Source   : dSx=   0.000, dSy=   0.000, dSz=   0.000  (mm)
  Object   : dOx=   0.000, dOy=   0.000, dOz=   0.000  (mm)
  Object offset: offset_x=   0.000, offset_z=   0.000  (mm)
  Detector : dDx=   0.000, dDy=   0.000, dDz=   0.000  (mm)
  Obj Stage rotY :    0.000 deg
============================================================

Unity geometry (world coordinates):
  Source   : x=  -5.000, y=  38.000, z=   0.000
  Object   : x=   7.000, y=  20.000, z= 576.000
  Detector : x=  10.000, y=   3.000, z= 690.000
  Obj rotY :   0.0000 deg
view   0 | SOD= 576.406 mm | SDD= 691.050 mm | M= 1.199 | incident=3.1588°
[[ -12.     -576.      -18.    ]
 [   3.      114.       17.    ]
 [   0.1496    0.        0.    ]
 [   0.        0.        0.1496]]
Residual vector length: 720, Jacobian shape: (720, 6)
view   0 | SOD= 575.173 mm | SDD= 691.050 mm | M= 1.201 | incident=3.1588°
[[   7.035127   -574.7928      -19.678864  ]
 [   5.245508    115.36792      15.321136  ]
 [   0.14955573    0.00363922    0.        ]
 [   0.            0.            0.1496    ]]

iter 00 cost=316818.643159 -> 28141.959061 |dtheta|=5.711114e+00  lambda=1.000e-02

============================================================
Iteration 1
============================================================
Theta offsets (Unity frame):
  Source   : dSx=   0.000, dSy=   0.000, dSz=   0.000  (mm)
  Object   : dOx=  -4.976, dOy=  -1.679, dOz=  -1.690  (mm)
  Object offset: offset_x=  -0.074, offset_z=   0.484  (mm)
  Detector : dDx=   0.000, dDy=   0.000, dDz=   0.000  (mm)
  Obj Stage rotY :    1.394 deg
============================================================

Unity geometry (world coordinates):
  Source   : x=  -5.000, y=  38.000, z=   0.000
  Object   : x=   2.024, y=  18.321, z= 574.310
  Detector : x=  10.000, y=   3.000, z= 690.000
  Obj rotY :   0.0000 deg
view   0 | SOD= 575.173 mm | SDD= 691.050 mm | M= 1.201 | incident=3.1588°
[[   7.035127   -574.7928      -19.678864  ]
 [   5.245508    115.36792      15.321136  ]
 [   0.14955573    0.00363922    0.        ]
 [   0.            0.            0.1496    ]]
Residual vector length: 720, Jacobian shape: (720, 6)
view   0 | SOD= 574.485 mm | SDD= 691.050 mm | M= 1.203 | incident=3.1588°
[[  17.948446   -573.8543      -20.040848  ]
 [   4.8387313   116.18421      14.959152  ]
 [   0.14947592    0.00609181    0.        ]
 [   0.            0.            0.1496    ]]

iter 01 cost=28141.959061 -> 3985.135689 |dtheta|=1.820438e+00  lambda=3.333e-03

============================================================
Iteration 2
============================================================
Theta offsets (Unity frame):
  Source   : dSx=   0.000, dSy=   0.000, dSz=   0.000  (mm)
  Object   : dOx=  -6.410, dOy=  -2.041, dOz=  -2.074  (mm)
  Object offset: offset_x=  -0.156, offset_z=   0.183  (mm)
  Detector : dDx=   0.000, dDy=   0.000, dDz=   0.000  (mm)
  Obj Stage rotY :    2.334 deg
============================================================

Unity geometry (world coordinates):
  Source   : x=  -5.000, y=  38.000, z=   0.000
  Object   : x=   0.590, y=  17.959, z= 573.926
  Detector : x=  10.000, y=   3.000, z= 690.000
  Obj rotY :   0.0000 deg
view   0 | SOD= 574.485 mm | SDD= 691.050 mm | M= 1.203 | incident=3.1588°
[[  17.948446   -573.8543      -20.040848  ]
 [   4.8387313   116.18421      14.959152  ]
 [   0.14947592    0.00609181    0.        ]
 [   0.            0.            0.1496    ]]
Residual vector length: 720, Jacobian shape: (720, 6)
view   0 | SOD= 573.095 mm | SDD= 691.050 mm | M= 1.206 | incident=3.1588°
[[  21.464972   -572.34076     -20.083227  ]
 [   4.380928    117.61078      14.916773  ]
 [   0.14943835    0.00695268    0.        ]
 [   0.            0.            0.1496    ]]

iter 02 cost=3985.135689 -> 1373.874194 |dtheta|=1.401624e+00  lambda=1.111e-03

============================================================
Iteration 3
============================================================
Theta offsets (Unity frame):
  Source   : dSx=   0.000, dSy=   0.000, dSz=   0.000  (mm)
  Object   : dOx=  -6.792, dOy=  -2.083, dOz=  -3.373  (mm)
  Object offset: offset_x=  -0.050, offset_z=   0.093  (mm)
  Detector : dDx=   0.000, dDy=   0.000, dDz=   0.000  (mm)
  Obj Stage rotY :    2.664 deg
============================================================

Unity geometry (world coordinates):
  Source   : x=  -5.000, y=  38.000, z=   0.000
  Object   : x=   0.208, y=  17.917, z= 572.627
  Detector : x=  10.000, y=   3.000, z= 690.000
  Obj rotY :   0.0000 deg
view   0 | SOD= 573.095 mm | SDD= 691.050 mm | M= 1.206 | incident=3.1588°
[[  21.464972   -572.34076     -20.083227  ]
 [   4.380928    117.61078      14.916773  ]
 [   0.14943835    0.00695268    0.        ]
 [   0.            0.            0.1496    ]]
Residual vector length: 720, Jacobian shape: (720, 6)
view   0 | SOD= 572.258 mm | SDD= 691.050 mm | M= 1.208 | incident=3.1588°
[[  23.081747   -571.43835     -20.11446   ]
 [   4.1396403   118.46471      14.88554   ]
 [   0.14941908    0.00735511    0.        ]
 [   0.            0.            0.1496    ]]

iter 03 cost=1373.874194 -> 781.576909 |dtheta|=8.120556e-01  lambda=3.704e-04

============================================================
Iteration 4
============================================================
Theta offsets (Unity frame):
  Source   : dSx=   0.000, dSy=   0.000, dSz=   0.000  (mm)
  Object   : dOx=  -6.937, dOy=  -2.114, dOz=  -4.154  (mm)
  Object offset: offset_x=  -0.022, offset_z=   0.036  (mm)
  Detector : dDx=   0.000, dDy=   0.000, dDz=   0.000  (mm)
  Obj Stage rotY :    2.818 deg
============================================================

Unity geometry (world coordinates):
  Source   : x=  -5.000, y=  38.000, z=   0.000
  Object   : x=   0.063, y=  17.886, z= 571.846
  Detector : x=  10.000, y=   3.000, z= 690.000
  Obj rotY :   0.0000 deg
view   0 | SOD= 572.258 mm | SDD= 691.050 mm | M= 1.208 | incident=3.1588°
[[  23.081747   -571.43835     -20.11446   ]
 [   4.1396403   118.46471      14.88554   ]
 [   0.14941908    0.00735511    0.        ]
 [   0.            0.            0.1496    ]]
Residual vector length: 720, Jacobian shape: (720, 6)
view   0 | SOD= 571.359 mm | SDD= 691.050 mm | M= 1.209 | incident=3.1588°
[[  23.581179   -570.5184      -20.097784  ]
 [   3.99605     119.36672      14.902216  ]
 [   0.14941216    0.00749437    0.        ]
 [   0.            0.            0.1496    ]]

iter 04 cost=781.576909 -> 468.090685 |dtheta|=8.777385e-01  lambda=1.235e-04

============================================================
Iteration 5
============================================================
Theta offsets (Unity frame):
  Source   : dSx=   0.000, dSy=   0.000, dSz=   0.000  (mm)
  Object   : dOx=  -6.949, dOy=  -2.098, dOz=  -5.029  (mm)
  Object offset: offset_x=  -0.022, offset_z=   0.013  (mm)
  Detector : dDx=   0.000, dDy=   0.000, dDz=   0.000  (mm)
  Obj Stage rotY :    2.871 deg
============================================================

Unity geometry (world coordinates):
  Source   : x=  -5.000, y=  38.000, z=   0.000
  Object   : x=   0.051, y=  17.902, z= 570.971
  Detector : x=  10.000, y=   3.000, z= 690.000
  Obj rotY :   0.0000 deg
view   0 | SOD= 571.359 mm | SDD= 691.050 mm | M= 1.209 | incident=3.1588°
[[  23.581179   -570.5184      -20.097784  ]
 [   3.99605     119.36672      14.902216  ]
 [   0.14941216    0.00749437    0.        ]
 [   0.            0.            0.1496    ]]
Residual vector length: 720, Jacobian shape: (720, 6)
view   0 | SOD= 570.914 mm | SDD= 691.050 mm | M= 1.210 | incident=3.1588°
[[  24.26056    -570.0438      -20.095901  ]
 [   3.819087    119.816444     14.9040985 ]
 [   0.14940274    0.00767983    0.        ]
 [   0.            0.            0.1496    ]]

iter 05 cost=468.090685 -> 330.662579 |dtheta|=4.557062e-01  lambda=4.115e-05

============================================================
Iteration 6
============================================================
Theta offsets (Unity frame):
  Source   : dSx=   0.000, dSy=   0.000, dSz=   0.000  (mm)
  Object   : dOx=  -6.963, dOy=  -2.096, dOz=  -5.479  (mm)
  Object offset: offset_x=  -0.002, offset_z=   0.016  (mm)
  Detector : dDx=   0.000, dDy=   0.000, dDz=   0.000  (mm)
  Obj Stage rotY :    2.943 deg
============================================================

Unity geometry (world coordinates):
  Source   : x=  -5.000, y=  38.000, z=   0.000
  Object   : x=   0.037, y=  17.904, z= 570.521
  Detector : x=  10.000, y=   3.000, z= 690.000
  Obj rotY :   0.0000 deg
view   0 | SOD= 570.914 mm | SDD= 691.050 mm | M= 1.210 | incident=3.1588°
[[  24.26056    -570.0438      -20.095901  ]
 [   3.819087    119.816444     14.9040985 ]
 [   0.14940274    0.00767983    0.        ]
 [   0.            0.            0.1496    ]]
Residual vector length: 720, Jacobian shape: (720, 6)
view   0 | SOD= 570.496 mm | SDD= 691.050 mm | M= 1.211 | incident=3.1588°
[[  24.565351   -569.6133      -20.077555  ]
 [   3.7615204   120.236145     14.922445  ]
 [   0.14939868    0.00775831    0.        ]
 [   0.            0.            0.1496    ]]

iter 06 cost=330.662579 -> 233.692053 |dtheta|=4.151886e-01  lambda=1.372e-05

============================================================
Iteration 7
============================================================
Theta offsets (Unity frame):
  Source   : dSx=   0.000, dSy=   0.000, dSz=   0.000  (mm)
  Object   : dOx=  -6.985, dOy=  -2.078, dOz=  -5.892  (mm)
  Object offset: offset_x=  -0.007, offset_z=   0.012  (mm)
  Detector : dDx=   0.000, dDy=   0.000, dDz=   0.000  (mm)
  Obj Stage rotY :    2.973 deg
============================================================

Unity geometry (world coordinates):
  Source   : x=  -5.000, y=  38.000, z=   0.000
  Object   : x=   0.015, y=  17.922, z= 570.108
  Detector : x=  10.000, y=   3.000, z= 690.000
  Obj rotY :   0.0000 deg
view   0 | SOD= 570.496 mm | SDD= 691.050 mm | M= 1.211 | incident=3.1588°
[[  24.565351   -569.6133      -20.077555  ]
 [   3.7615204   120.236145     14.922445  ]
 [   0.14939868    0.00775831    0.        ]
 [   0.            0.            0.1496    ]]
Residual vector length: 720, Jacobian shape: (720, 6)
view   0 | SOD= 570.001 mm | SDD= 691.050 mm | M= 1.212 | incident=3.1588°
[[  24.950981   -569.10175     -20.054443  ]
 [   3.6218686   120.73163      14.945557  ]
 [   0.14939274    0.00787207    0.        ]
 [   0.            0.            0.1496    ]]

iter 07 cost=233.692053 -> 138.063961 |dtheta|=5.060360e-01  lambda=4.572e-06

============================================================
Iteration 8
============================================================
Theta offsets (Unity frame):
  Source   : dSx=   0.000, dSy=   0.000, dSz=   0.000  (mm)
  Object   : dOx=  -6.983, dOy=  -2.054, dOz=  -6.395  (mm)
  Object offset: offset_x=   0.013, offset_z=   0.021  (mm)
  Detector : dDx=   0.000, dDy=   0.000, dDz=   0.000  (mm)
  Obj Stage rotY :    3.016 deg
============================================================

Unity geometry (world coordinates):
  Source   : x=  -5.000, y=  38.000, z=   0.000
  Object   : x=   0.017, y=  17.946, z= 569.605
  Detector : x=  10.000, y=   3.000, z= 690.000
  Obj rotY :   0.0000 deg
view   0 | SOD= 570.001 mm | SDD= 691.050 mm | M= 1.212 | incident=3.1588°
[[  24.950981   -569.10175     -20.054443  ]
 [   3.6218686   120.73163      14.945557  ]
 [   0.14939274    0.00787207    0.        ]
 [   0.            0.            0.1496    ]]
Residual vector length: 720, Jacobian shape: (720, 6)
view   0 | SOD= 569.653 mm | SDD= 691.050 mm | M= 1.213 | incident=3.1588°
[[  24.605082   -568.76807     -20.039404  ]
 [   3.6803281   121.077705     14.960596  ]
 [   0.14939733    0.0077845     0.        ]
 [   0.            0.            0.1496    ]]

iter 08 cost=138.063961 -> 83.782469 |dtheta|=3.478258e-01  lambda=1.524e-06

============================================================
Iteration 9
============================================================
Theta offsets (Unity frame):
  Source   : dSx=   0.000, dSy=   0.000, dSz=   0.000  (mm)
  Object   : dOx=  -6.981, dOy=  -2.039, dOz=  -6.741  (mm)
  Object offset: offset_x=   0.005, offset_z=   0.018  (mm)
  Detector : dDx=   0.000, dDy=   0.000, dDz=   0.000  (mm)
  Obj Stage rotY :    2.983 deg
============================================================

Unity geometry (world coordinates):
  Source   : x=  -5.000, y=  38.000, z=   0.000
  Object   : x=   0.019, y=  17.961, z= 569.259
  Detector : x=  10.000, y=   3.000, z= 690.000
  Obj rotY :   0.0000 deg
view   0 | SOD= 569.653 mm | SDD= 691.050 mm | M= 1.213 | incident=3.1588°
[[  24.605082   -568.76807     -20.039404  ]
 [   3.6803281   121.077705     14.960596  ]
 [   0.14939733    0.0077845     0.        ]
 [   0.            0.            0.1496    ]]
Residual vector length: 720, Jacobian shape: (720, 6)
view   0 | SOD= 569.464 mm | SDD= 691.050 mm | M= 1.214 | incident=3.1588°
[[  24.544956   -568.58234     -20.037172  ]
 [   3.6903822   121.26552      14.962828  ]
 [   0.14939812    0.0077693     0.        ]
 [   0.            0.            0.1496    ]]

iter 09 cost=83.782469 -> 60.673970 |dtheta|=1.785085e-01  lambda=1.000e-06

============================================================
Iteration 10
============================================================
Theta offsets (Unity frame):
  Source   : dSx=   0.000, dSy=   0.000, dSz=   0.000  (mm)
  Object   : dOx=  -6.985, dOy=  -2.037, dOz=  -6.919  (mm)
  Object offset: offset_x=   0.001, offset_z=   0.008  (mm)
  Detector : dDx=   0.000, dDy=   0.000, dDz=   0.000  (mm)
  Obj Stage rotY :    2.977 deg
============================================================

Unity geometry (world coordinates):
  Source   : x=  -5.000, y=  38.000, z=   0.000
  Object   : x=   0.015, y=  17.963, z= 569.081
  Detector : x=  10.000, y=   3.000, z= 690.000
  Obj rotY :   0.0000 deg
view   0 | SOD= 569.464 mm | SDD= 691.050 mm | M= 1.214 | incident=3.1588°
[[  24.544956   -568.58234     -20.037172  ]
 [   3.6903822   121.26552      14.962828  ]
 [   0.14939812    0.0077693     0.        ]
 [   0.            0.            0.1496    ]]
Residual vector length: 720, Jacobian shape: (720, 6)
view   0 | SOD= 569.243 mm | SDD= 691.050 mm | M= 1.214 | incident=3.1588°
[[  24.630865   -568.3575      -20.02942   ]
 [   3.6756039   121.487335     14.970579  ]
 [   0.14939699    0.0077911     0.        ]
 [   0.            0.            0.1496    ]]

iter 10 cost=60.673970 -> 39.441830 |dtheta|=2.162798e-01  lambda=1.000e-06

============================================================
Iteration 11
============================================================
Theta offsets (Unity frame):
  Source   : dSx=   0.000, dSy=   0.000, dSz=   0.000  (mm)
  Object   : dOx=  -6.993, dOy=  -2.029, dOz=  -7.134  (mm)
  Object offset: offset_x=  -0.005, offset_z=   0.003  (mm)
  Detector : dDx=   0.000, dDy=   0.000, dDz=   0.000  (mm)
  Obj Stage rotY :    2.985 deg
============================================================

Unity geometry (world coordinates):
  Source   : x=  -5.000, y=  38.000, z=   0.000
  Object   : x=   0.007, y=  17.971, z= 568.866
  Detector : x=  10.000, y=   3.000, z= 690.000
  Obj rotY :   0.0000 deg
view   0 | SOD= 569.243 mm | SDD= 691.050 mm | M= 1.214 | incident=3.1588°
[[  24.630865   -568.3575      -20.02942   ]
 [   3.6756039   121.487335     14.970579  ]
 [   0.14939699    0.0077911     0.        ]
 [   0.            0.            0.1496    ]]
Residual vector length: 720, Jacobian shape: (720, 6)
view   0 | SOD= 569.064 mm | SDD= 691.050 mm | M= 1.214 | incident=3.1588°
[[  24.617764   -568.1789      -20.020279  ]
 [   3.6724432   121.66622      14.979721  ]
 [   0.14939709    0.00778895    0.        ]
 [   0.            0.            0.1496    ]]

iter 11 cost=39.441830 -> 24.716582 |dtheta|=1.815245e-01  lambda=1.000e-06

============================================================
Iteration 12
============================================================
Theta offsets (Unity frame):
  Source   : dSx=   0.000, dSy=   0.000, dSz=   0.000  (mm)
  Object   : dOx=  -6.996, dOy=  -2.020, dOz=  -7.316  (mm)
  Object offset: offset_x=  -0.006, offset_z=   0.006  (mm)
  Detector : dDx=   0.000, dDy=   0.000, dDz=   0.000  (mm)
  Obj Stage rotY :    2.984 deg
============================================================

Unity geometry (world coordinates):
  Source   : x=  -5.000, y=  38.000, z=   0.000
  Object   : x=   0.004, y=  17.980, z= 568.684
  Detector : x=  10.000, y=   3.000, z= 690.000
  Obj rotY :   0.0000 deg
view   0 | SOD= 569.064 mm | SDD= 691.050 mm | M= 1.214 | incident=3.1588°
[[  24.617764   -568.1789      -20.020279  ]
 [   3.6724432   121.66622      14.979721  ]
 [   0.14939709    0.00778895    0.        ]
 [   0.            0.            0.1496    ]]
Residual vector length: 720, Jacobian shape: (720, 6)
view   0 | SOD= 568.910 mm | SDD= 691.050 mm | M= 1.215 | incident=3.1588°
[[  24.651552   -568.02344     -20.015831  ]
 [   3.6522691   121.82003      14.984169  ]
 [   0.14939648    0.00780064    0.        ]
 [   0.            0.            0.1496    ]]

iter 12 cost=24.716582 -> 15.872286 |dtheta|=1.498799e-01  lambda=1.000e-06

============================================================
Iteration 13
============================================================
Theta offsets (Unity frame):
  Source   : dSx=   0.000, dSy=   0.000, dSz=   0.000  (mm)
  Object   : dOx=  -6.996, dOy=  -2.016, dOz=  -7.465  (mm)
  Object offset: offset_x=  -0.004, offset_z=   0.001  (mm)
  Detector : dDx=   0.000, dDy=   0.000, dDz=   0.000  (mm)
  Obj Stage rotY :    2.989 deg
============================================================

Unity geometry (world coordinates):
  Source   : x=  -5.000, y=  38.000, z=   0.000
  Object   : x=   0.004, y=  17.984, z= 568.535
  Detector : x=  10.000, y=   3.000, z= 690.000
  Obj rotY :   0.0000 deg
view   0 | SOD= 568.910 mm | SDD= 691.050 mm | M= 1.215 | incident=3.1588°
[[  24.651552   -568.02344     -20.015831  ]
 [   3.6522691   121.82003      14.984169  ]
 [   0.14939648    0.00780064    0.        ]
 [   0.            0.            0.1496    ]]
Residual vector length: 720, Jacobian shape: (720, 6)
view   0 | SOD= 568.830 mm | SDD= 691.050 mm | M= 1.215 | incident=3.1588°
[[  24.568369   -567.9468      -20.016758  ]
 [   3.6599867   121.89948      14.983242  ]
 [   0.1493975     0.00778095    0.        ]
 [   0.            0.            0.1496    ]]

iter 13 cost=15.872286 -> 11.518923 |dtheta|=8.372025e-02  lambda=1.000e-06

============================================================
Iteration 14
============================================================
Theta offsets (Unity frame):
  Source   : dSx=   0.000, dSy=   0.000, dSz=   0.000  (mm)
  Object   : dOx=  -6.997, dOy=  -2.017, dOz=  -7.548  (mm)
  Object offset: offset_x=   0.002, offset_z=   0.004  (mm)
  Detector : dDx=   0.000, dDy=   0.000, dDz=   0.000  (mm)
  Obj Stage rotY :    2.981 deg
============================================================

Unity geometry (world coordinates):
  Source   : x=  -5.000, y=  38.000, z=   0.000
  Object   : x=   0.003, y=  17.983, z= 568.452
  Detector : x=  10.000, y=   3.000, z= 690.000
  Obj rotY :   0.0000 deg
view   0 | SOD= 568.830 mm | SDD= 691.050 mm | M= 1.215 | incident=3.1588°
[[  24.568369   -567.9468      -20.016758  ]
 [   3.6599867   121.89948      14.983242  ]
 [   0.1493975     0.00778095    0.        ]
 [   0.            0.            0.1496    ]]
Residual vector length: 720, Jacobian shape: (720, 6)
view   0 | SOD= 568.702 mm | SDD= 691.050 mm | M= 1.215 | incident=3.1588°
[[  24.61764    -567.8168      -20.012354  ]
 [   3.636587    122.02724      14.987646  ]
 [   0.14939669    0.00779669    0.        ]
 [   0.            0.            0.1496    ]]

iter 14 cost=11.518923 -> 6.287887 |dtheta|=1.276362e-01  lambda=1.000e-06

============================================================
Iteration 15
============================================================
Theta offsets (Unity frame):
  Source   : dSx=   0.000, dSy=   0.000, dSz=   0.000  (mm)
  Object   : dOx=  -6.995, dOy=  -2.012, dOz=  -7.676  (mm)
  Object offset: offset_x=   0.003, offset_z=   0.004  (mm)
  Detector : dDx=   0.000, dDy=   0.000, dDz=   0.000  (mm)
  Obj Stage rotY :    2.987 deg
============================================================

Unity geometry (world coordinates):
  Source   : x=  -5.000, y=  38.000, z=   0.000
  Object   : x=   0.005, y=  17.988, z= 568.324
  Detector : x=  10.000, y=   3.000, z= 690.000
  Obj rotY :   0.0000 deg
view   0 | SOD= 568.702 mm | SDD= 691.050 mm | M= 1.215 | incident=3.1588°
[[  24.61764    -567.8168      -20.012354  ]
 [   3.636587    122.02724      14.987646  ]
 [   0.14939669    0.00779669    0.        ]
 [   0.            0.            0.1496    ]]
Residual vector length: 720, Jacobian shape: (720, 6)
view   0 | SOD= 568.641 mm | SDD= 691.050 mm | M= 1.215 | incident=3.1588°
[[  24.676775   -567.7529      -20.00924   ]
 [   3.6189518   122.08879      14.990761  ]
 [   0.14939582    0.00781332    0.        ]
 [   0.            0.            0.1496    ]]

iter 15 cost=6.287887 -> 4.805695 |dtheta|=6.104690e-02  lambda=1.000e-06

============================================================
Iteration 16
============================================================
Theta offsets (Unity frame):
  Source   : dSx=   0.000, dSy=   0.000, dSz=   0.000  (mm)
  Object   : dOx=  -6.996, dOy=  -2.009, dOz=  -7.736  (mm)
  Object offset: offset_x=   0.006, offset_z=   0.003  (mm)
  Detector : dDx=   0.000, dDy=   0.000, dDz=   0.000  (mm)
  Obj Stage rotY :    2.994 deg
============================================================

Unity geometry (world coordinates):
  Source   : x=  -5.000, y=  38.000, z=   0.000
  Object   : x=   0.004, y=  17.991, z= 568.264
  Detector : x=  10.000, y=   3.000, z= 690.000
  Obj rotY :   0.0000 deg
view   0 | SOD= 568.641 mm | SDD= 691.050 mm | M= 1.215 | incident=3.1588°
[[  24.676775   -567.7529      -20.00924   ]
 [   3.6189518   122.08879      14.990761  ]
 [   0.14939582    0.00781332    0.        ]
 [   0.            0.            0.1496    ]]
Residual vector length: 720, Jacobian shape: (720, 6)
view   0 | SOD= 568.582 mm | SDD= 691.050 mm | M= 1.215 | incident=3.1588°
[[  24.718082   -567.69183     -20.007847  ]
 [   3.6116788   122.1484       14.992153  ]
 [   0.14939527    0.00782384    0.        ]
 [   0.            0.            0.1496    ]]

iter 16 cost=4.805695 -> 3.839714 |dtheta|=5.826404e-02  lambda=1.000e-06

============================================================
Iteration 17
============================================================
Theta offsets (Unity frame):
  Source   : dSx=   0.000, dSy=   0.000, dSz=   0.000  (mm)
  Object   : dOx=  -6.998, dOy=  -2.008, dOz=  -7.794  (mm)
  Object offset: offset_x=   0.003, offset_z=   0.002  (mm)
  Detector : dDx=   0.000, dDy=   0.000, dDz=   0.000  (mm)
  Obj Stage rotY :    2.998 deg
============================================================

Unity geometry (world coordinates):
  Source   : x=  -5.000, y=  38.000, z=   0.000
  Object   : x=   0.002, y=  17.992, z= 568.206
  Detector : x=  10.000, y=   3.000, z= 690.000
  Obj rotY :   0.0000 deg
view   0 | SOD= 568.582 mm | SDD= 691.050 mm | M= 1.215 | incident=3.1588°
[[  24.718082   -567.69183     -20.007847  ]
 [   3.6116788   122.1484       14.992153  ]
 [   0.14939527    0.00782384    0.        ]
 [   0.            0.            0.1496    ]]
Residual vector length: 720, Jacobian shape: (720, 6)
view   0 | SOD= 568.544 mm | SDD= 691.050 mm | M= 1.215 | incident=3.1588°
[[  24.70363    -567.6544      -20.005808  ]
 [   3.6124358   122.18624      14.994192  ]
 [   0.14939545    0.00782054    0.        ]
 [   0.            0.            0.1496    ]]

iter 17 cost=3.839714 -> 3.204017 |dtheta|=3.629279e-02  lambda=1.000e-06

============================================================
Iteration 18
============================================================
Theta offsets (Unity frame):
  Source   : dSx=   0.000, dSy=   0.000, dSz=   0.000  (mm)
  Object   : dOx=  -6.997, dOy=  -2.006, dOz=  -7.830  (mm)
  Object offset: offset_x=   0.002, offset_z=   0.000  (mm)
  Detector : dDx=   0.000, dDy=   0.000, dDz=   0.000  (mm)
  Obj Stage rotY :    2.997 deg
============================================================

Unity geometry (world coordinates):
  Source   : x=  -5.000, y=  38.000, z=   0.000
  Object   : x=   0.003, y=  17.994, z= 568.169
  Detector : x=  10.000, y=   3.000, z= 690.000
  Obj rotY :   0.0000 deg
view   0 | SOD= 568.544 mm | SDD= 691.050 mm | M= 1.215 | incident=3.1588°
[[  24.70363    -567.6544      -20.005808  ]
 [   3.6124358   122.18624      14.994192  ]
 [   0.14939545    0.00782054    0.        ]
 [   0.            0.            0.1496    ]]
Residual vector length: 720, Jacobian shape: (720, 6)
view   0 | SOD= 568.520 mm | SDD= 691.050 mm | M= 1.216 | incident=3.1588°
[[  24.765993   -567.6282      -20.005554  ]
 [   3.5983992   122.210144     14.994446  ]
 [   0.14939457    0.00783709    0.        ]
 [   0.            0.            0.1496    ]]

iter 18 cost=3.204017 -> 2.837838 |dtheta|=2.428661e-02  lambda=1.000e-06

============================================================
Iteration 19
============================================================
Theta offsets (Unity frame):
  Source   : dSx=   0.000, dSy=   0.000, dSz=   0.000  (mm)
  Object   : dOx=  -6.997, dOy=  -2.006, dOz=  -7.854  (mm)
  Object offset: offset_x=   0.001, offset_z=   0.000  (mm)
  Detector : dDx=   0.000, dDy=   0.000, dDz=   0.000  (mm)
  Obj Stage rotY :    3.003 deg
============================================================

Unity geometry (world coordinates):
  Source   : x=  -5.000, y=  38.000, z=   0.000
  Object   : x=   0.003, y=  17.994, z= 568.146
  Detector : x=  10.000, y=   3.000, z= 690.000
  Obj rotY :   0.0000 deg
view   0 | SOD= 568.520 mm | SDD= 691.050 mm | M= 1.216 | incident=3.1588°
[[  24.765993   -567.6282      -20.005554  ]
 [   3.5983992   122.210144     14.994446  ]
 [   0.14939457    0.00783709    0.        ]
 [   0.            0.            0.1496    ]]
Residual vector length: 720, Jacobian shape: (720, 6)
view   0 | SOD= 568.499 mm | SDD= 691.050 mm | M= 1.216 | incident=3.1588°
[[  24.765575   -567.6064      -20.005428  ]
 [   3.599438    122.231995     14.994572  ]
 [   0.1493946     0.00783677    0.        ]
 [   0.            0.            0.1496    ]]

iter 19 cost=2.837838 -> 2.617119 |dtheta|=2.140584e-02  lambda=1.000e-06

============================================================
Iteration 20
============================================================
Theta offsets (Unity frame):
  Source   : dSx=   0.000, dSy=   0.000, dSz=   0.000  (mm)
  Object   : dOx=  -6.997, dOy=  -2.005, dOz=  -7.875  (mm)
  Object offset: offset_x=  -0.000, offset_z=  -0.000  (mm)
  Detector : dDx=   0.000, dDy=   0.000, dDz=   0.000  (mm)
  Obj Stage rotY :    3.003 deg
============================================================

Unity geometry (world coordinates):
  Source   : x=  -5.000, y=  38.000, z=   0.000
  Object   : x=   0.003, y=  17.995, z= 568.125
  Detector : x=  10.000, y=   3.000, z= 690.000
  Obj rotY :   0.0000 deg
view   0 | SOD= 568.499 mm | SDD= 691.050 mm | M= 1.216 | incident=3.1588°
[[  24.765575   -567.6064      -20.005428  ]
 [   3.599438    122.231995     14.994572  ]
 [   0.1493946     0.00783677    0.        ]
 [   0.            0.            0.1496    ]]
Residual vector length: 720, Jacobian shape: (720, 6)
view   0 | SOD= 568.486 mm | SDD= 691.050 mm | M= 1.216 | incident=3.1588°
[[  24.770966   -567.5936      -20.004805  ]
 [   3.5964873   122.24449      14.995195  ]
 [   0.1493945     0.00783858    0.        ]
 [   0.            0.            0.1496    ]]

iter 20 cost=2.617119 -> 2.522598 |dtheta|=1.348278e-02  lambda=1.000e-06

============================================================
Iteration 21
============================================================
Theta offsets (Unity frame):
  Source   : dSx=   0.000, dSy=   0.000, dSz=   0.000  (mm)
  Object   : dOx=  -6.997, dOy=  -2.005, dOz=  -7.889  (mm)
  Object offset: offset_x=   0.001, offset_z=   0.000  (mm)
  Detector : dDx=   0.000, dDy=   0.000, dDz=   0.000  (mm)
  Obj Stage rotY :    3.003 deg
============================================================

Unity geometry (world coordinates):
  Source   : x=  -5.000, y=  38.000, z=   0.000
  Object   : x=   0.003, y=  17.995, z= 568.111
  Detector : x=  10.000, y=   3.000, z= 690.000
  Obj rotY :   0.0000 deg
view   0 | SOD= 568.486 mm | SDD= 691.050 mm | M= 1.216 | incident=3.1588°
[[  24.770966   -567.5936      -20.004805  ]
 [   3.5964873   122.24449      14.995195  ]
 [   0.1493945     0.00783858    0.        ]
 [   0.            0.            0.1496    ]]
Residual vector length: 720, Jacobian shape: (720, 6)
view   0 | SOD= 568.473 mm | SDD= 691.050 mm | M= 1.216 | incident=3.1588°
[[  24.77854    -567.58057     -20.003841  ]
 [   3.5941927   122.257286     14.996159  ]
 [   0.1493944     0.00784072    0.        ]
 [   0.            0.            0.1496    ]]

iter 21 cost=2.522598 -> 2.439909 |dtheta|=1.230006e-02  lambda=1.000e-06

============================================================
Iteration 22
============================================================
Theta offsets (Unity frame):
  Source   : dSx=   0.000, dSy=   0.000, dSz=   0.000  (mm)
  Object   : dOx=  -6.997, dOy=  -2.004, dOz=  -7.901  (mm)
  Object offset: offset_x=   0.000, offset_z=   0.000  (mm)
  Detector : dDx=   0.000, dDy=   0.000, dDz=   0.000  (mm)
  Obj Stage rotY :    3.004 deg
============================================================

Unity geometry (world coordinates):
  Source   : x=  -5.000, y=  38.000, z=   0.000
  Object   : x=   0.003, y=  17.996, z= 568.099
  Detector : x=  10.000, y=   3.000, z= 690.000
  Obj rotY :   0.0000 deg
view   0 | SOD= 568.473 mm | SDD= 691.050 mm | M= 1.216 | incident=3.1588°
[[  24.77854    -567.58057     -20.003841  ]
 [   3.5941927   122.257286     14.996159  ]
 [   0.1493944     0.00784072    0.        ]
 [   0.            0.            0.1496    ]]
Residual vector length: 720, Jacobian shape: (720, 6)
view   0 | SOD= 568.463 mm | SDD= 691.050 mm | M= 1.216 | incident=3.1588°
[[  24.786207   -567.57043     -20.004194  ]
 [   3.5917845   122.26708      14.995806  ]
 [   0.14939427    0.0078429     0.        ]
 [   0.            0.            0.1496    ]]

iter 22 cost=2.439909 -> 2.420083 |dtheta|=1.032432e-02  lambda=1.000e-06

============================================================
Iteration 23
============================================================
Theta offsets (Unity frame):
  Source   : dSx=   0.000, dSy=   0.000, dSz=   0.000  (mm)
  Object   : dOx=  -6.997, dOy=  -2.004, dOz=  -7.911  (mm)
  Object offset: offset_x=   0.000, offset_z=   0.001  (mm)
  Detector : dDx=   0.000, dDy=   0.000, dDz=   0.000  (mm)
  Obj Stage rotY :    3.005 deg
============================================================

Unity geometry (world coordinates):
  Source   : x=  -5.000, y=  38.000, z=   0.000
  Object   : x=   0.003, y=  17.996, z= 568.089
  Detector : x=  10.000, y=   3.000, z= 690.000
  Obj rotY :   0.0000 deg
view   0 | SOD= 568.463 mm | SDD= 691.050 mm | M= 1.216 | incident=3.1588°
[[  24.786207   -567.57043     -20.004194  ]
 [   3.5917845   122.26708      14.995806  ]
 [   0.14939427    0.0078429     0.        ]
 [   0.            0.            0.1496    ]]
Residual vector length: 720, Jacobian shape: (720, 6)
view   0 | SOD= 568.449 mm | SDD= 691.050 mm | M= 1.216 | incident=3.1588°
[[  24.800318   -567.5549      -20.002941  ]
 [   3.587134    122.28209      14.997059  ]
 [   0.14939407    0.00784696    0.        ]
 [   0.            0.            0.1496    ]]

iter 23 cost=2.420083 -> 2.346275 |dtheta|=1.469432e-02  lambda=1.000e-06

============================================================
Iteration 24
============================================================
Theta offsets (Unity frame):
  Source   : dSx=   0.000, dSy=   0.000, dSz=   0.000  (mm)
  Object   : dOx=  -6.998, dOy=  -2.003, dOz=  -7.926  (mm)
  Object offset: offset_x=   0.001, offset_z=   0.000  (mm)
  Detector : dDx=   0.000, dDy=   0.000, dDz=   0.000  (mm)
  Obj Stage rotY :    3.007 deg
============================================================

Unity geometry (world coordinates):
  Source   : x=  -5.000, y=  38.000, z=   0.000
  Object   : x=   0.002, y=  17.997, z= 568.074
  Detector : x=  10.000, y=   3.000, z= 690.000
  Obj rotY :   0.0000 deg
view   0 | SOD= 568.449 mm | SDD= 691.050 mm | M= 1.216 | incident=3.1588°
[[  24.800318   -567.5549      -20.002941  ]
 [   3.587134    122.28209      14.997059  ]
 [   0.14939407    0.00784696    0.        ]
 [   0.            0.            0.1496    ]]
Residual vector length: 720, Jacobian shape: (720, 6)
view   0 | SOD= 568.436 mm | SDD= 691.050 mm | M= 1.216 | incident=3.1588°
[[  24.7801     -567.5435      -20.002552  ]
 [   3.591921    122.2942       14.997448  ]
 [   0.14939435    0.00784155    0.        ]
 [   0.            0.            0.1496    ]]

iter 24 cost=2.346275 -> 2.351234 |dtheta|=1.265753e-02  lambda=1.000e-06

============================================================
Iteration 25
============================================================
Theta offsets (Unity frame):
  Source   : dSx=   0.000, dSy=   0.000, dSz=   0.000  (mm)
  Object   : dOx=  -6.998, dOy=  -2.003, dOz=  -7.926  (mm)
  Object offset: offset_x=   0.001, offset_z=   0.000  (mm)
  Detector : dDx=   0.000, dDy=   0.000, dDz=   0.000  (mm)
  Obj Stage rotY :    3.007 deg
============================================================

Unity geometry (world coordinates):
  Source   : x=  -5.000, y=  38.000, z=   0.000
  Object   : x=   0.002, y=  17.997, z= 568.074
  Detector : x=  10.000, y=   3.000, z= 690.000
  Obj rotY :   0.0000 deg
view   0 | SOD= 568.449 mm | SDD= 691.050 mm | M= 1.216 | incident=3.1588°
[[  24.800318   -567.5549      -20.002941  ]
 [   3.587134    122.28209      14.997059  ]
 [   0.14939407    0.00784696    0.        ]
 [   0.            0.            0.1496    ]]
Residual vector length: 720, Jacobian shape: (720, 6)
view   0 | SOD= 568.436 mm | SDD= 691.050 mm | M= 1.216 | incident=3.1588°
[[  24.7801     -567.5435      -20.002552  ]
 [   3.591921    122.2942       14.997448  ]
 [   0.14939435    0.00784155    0.        ]
 [   0.            0.            0.1496    ]]

iter 25 cost=2.346275 -> 2.351234 |dtheta|=1.265753e-02  lambda=5.000e-06

============================================================
Iteration 26
============================================================
Theta offsets (Unity frame):
  Source   : dSx=   0.000, dSy=   0.000, dSz=   0.000  (mm)
  Object   : dOx=  -6.998, dOy=  -2.003, dOz=  -7.926  (mm)
  Object offset: offset_x=   0.001, offset_z=   0.000  (mm)
  Detector : dDx=   0.000, dDy=   0.000, dDz=   0.000  (mm)
  Obj Stage rotY :    3.007 deg
============================================================

Unity geometry (world coordinates):
  Source   : x=  -5.000, y=  38.000, z=   0.000
  Object   : x=   0.002, y=  17.997, z= 568.074
  Detector : x=  10.000, y=   3.000, z= 690.000
  Obj rotY :   0.0000 deg
view   0 | SOD= 568.449 mm | SDD= 691.050 mm | M= 1.216 | incident=3.1588°
[[  24.800318   -567.5549      -20.002941  ]
 [   3.587134    122.28209      14.997059  ]
 [   0.14939407    0.00784696    0.        ]
 [   0.            0.            0.1496    ]]
Residual vector length: 720, Jacobian shape: (720, 6)
view   0 | SOD= 568.436 mm | SDD= 691.050 mm | M= 1.216 | incident=3.1588°
[[  24.7801     -567.5435      -20.002552  ]
 [   3.591921    122.2942       14.997448  ]
 [   0.14939435    0.00784155    0.        ]
 [   0.            0.            0.1496    ]]

iter 26 cost=2.346275 -> 2.351234 |dtheta|=1.265753e-02  lambda=2.500e-05

============================================================
Iteration 27
============================================================
Theta offsets (Unity frame):
  Source   : dSx=   0.000, dSy=   0.000, dSz=   0.000  (mm)
  Object   : dOx=  -6.998, dOy=  -2.003, dOz=  -7.926  (mm)
  Object offset: offset_x=   0.001, offset_z=   0.000  (mm)
  Detector : dDx=   0.000, dDy=   0.000, dDz=   0.000  (mm)
  Obj Stage rotY :    3.007 deg
============================================================

Unity geometry (world coordinates):
  Source   : x=  -5.000, y=  38.000, z=   0.000
  Object   : x=   0.002, y=  17.997, z= 568.074
  Detector : x=  10.000, y=   3.000, z= 690.000
  Obj rotY :   0.0000 deg
view   0 | SOD= 568.449 mm | SDD= 691.050 mm | M= 1.216 | incident=3.1588°
[[  24.800318   -567.5549      -20.002941  ]
 [   3.587134    122.28209      14.997059  ]
 [   0.14939407    0.00784696    0.        ]
 [   0.            0.            0.1496    ]]
Residual vector length: 720, Jacobian shape: (720, 6)
view   0 | SOD= 568.436 mm | SDD= 691.050 mm | M= 1.216 | incident=3.1588°
[[  24.7801     -567.5435      -20.002552  ]
 [   3.591921    122.2942       14.997448  ]
 [   0.14939435    0.00784155    0.        ]
 [   0.            0.            0.1496    ]]

iter 27 cost=2.346275 -> 2.351234 |dtheta|=1.265753e-02  lambda=1.250e-04

============================================================
Iteration 28
============================================================
Theta offsets (Unity frame):
  Source   : dSx=   0.000, dSy=   0.000, dSz=   0.000  (mm)
  Object   : dOx=  -6.998, dOy=  -2.003, dOz=  -7.926  (mm)
  Object offset: offset_x=   0.001, offset_z=   0.000  (mm)
  Detector : dDx=   0.000, dDy=   0.000, dDz=   0.000  (mm)
  Obj Stage rotY :    3.007 deg
============================================================

Unity geometry (world coordinates):
  Source   : x=  -5.000, y=  38.000, z=   0.000
  Object   : x=   0.002, y=  17.997, z= 568.074
  Detector : x=  10.000, y=   3.000, z= 690.000
  Obj rotY :   0.0000 deg
view   0 | SOD= 568.449 mm | SDD= 691.050 mm | M= 1.216 | incident=3.1588°
[[  24.800318   -567.5549      -20.002941  ]
 [   3.587134    122.28209      14.997059  ]
 [   0.14939407    0.00784696    0.        ]
 [   0.            0.            0.1496    ]]
Residual vector length: 720, Jacobian shape: (720, 6)
view   0 | SOD= 568.436 mm | SDD= 691.050 mm | M= 1.216 | incident=3.1588°
[[  24.7801     -567.5435      -20.002552  ]
 [   3.591921    122.2942       14.997448  ]
 [   0.14939435    0.00784155    0.        ]
 [   0.            0.            0.1496    ]]

iter 28 cost=2.346275 -> 2.351234 |dtheta|=1.265752e-02  lambda=6.250e-04

============================================================
Iteration 29
============================================================
Theta offsets (Unity frame):
  Source   : dSx=   0.000, dSy=   0.000, dSz=   0.000  (mm)
  Object   : dOx=  -6.998, dOy=  -2.003, dOz=  -7.926  (mm)
  Object offset: offset_x=   0.001, offset_z=   0.000  (mm)
  Detector : dDx=   0.000, dDy=   0.000, dDz=   0.000  (mm)
  Obj Stage rotY :    3.007 deg
============================================================

Unity geometry (world coordinates):
  Source   : x=  -5.000, y=  38.000, z=   0.000
  Object   : x=   0.002, y=  17.997, z= 568.074
  Detector : x=  10.000, y=   3.000, z= 690.000
  Obj rotY :   0.0000 deg
view   0 | SOD= 568.449 mm | SDD= 691.050 mm | M= 1.216 | incident=3.1588°
[[  24.800318   -567.5549      -20.002941  ]
 [   3.587134    122.28209      14.997059  ]
 [   0.14939407    0.00784696    0.        ]
 [   0.            0.            0.1496    ]]
Residual vector length: 720, Jacobian shape: (720, 6)
view   0 | SOD= 568.436 mm | SDD= 691.050 mm | M= 1.216 | incident=3.1588°
[[  24.7801     -567.5435      -20.002552  ]
 [   3.591921    122.2942       14.997448  ]
 [   0.14939435    0.00784155    0.        ]
 [   0.            0.            0.1496    ]]

iter 29 cost=2.346275 -> 2.351234 |dtheta|=1.265748e-02  lambda=3.125e-03

============================================================
Iteration 30
============================================================
Theta offsets (Unity frame):
  Source   : dSx=   0.000, dSy=   0.000, dSz=   0.000  (mm)
  Object   : dOx=  -6.998, dOy=  -2.003, dOz=  -7.926  (mm)
  Object offset: offset_x=   0.001, offset_z=   0.000  (mm)
  Detector : dDx=   0.000, dDy=   0.000, dDz=   0.000  (mm)
  Obj Stage rotY :    3.007 deg
============================================================

Unity geometry (world coordinates):
  Source   : x=  -5.000, y=  38.000, z=   0.000
  Object   : x=   0.002, y=  17.997, z= 568.074
  Detector : x=  10.000, y=   3.000, z= 690.000
  Obj rotY :   0.0000 deg
view   0 | SOD= 568.449 mm | SDD= 691.050 mm | M= 1.216 | incident=3.1588°
[[  24.800318   -567.5549      -20.002941  ]
 [   3.587134    122.28209      14.997059  ]
 [   0.14939407    0.00784696    0.        ]
 [   0.            0.            0.1496    ]]
Residual vector length: 720, Jacobian shape: (720, 6)
view   0 | SOD= 568.436 mm | SDD= 691.050 mm | M= 1.216 | incident=3.1588°
[[  24.7801     -567.5435      -20.002552  ]
 [   3.591921    122.2942       14.997448  ]
 [   0.14939435    0.00784155    0.        ]
 [   0.            0.            0.1496    ]]

iter 30 cost=2.346275 -> 2.351234 |dtheta|=1.265725e-02  lambda=1.562e-02

============================================================
Iteration 31
============================================================
Theta offsets (Unity frame):
  Source   : dSx=   0.000, dSy=   0.000, dSz=   0.000  (mm)
  Object   : dOx=  -6.998, dOy=  -2.003, dOz=  -7.926  (mm)
  Object offset: offset_x=   0.001, offset_z=   0.000  (mm)
  Detector : dDx=   0.000, dDy=   0.000, dDz=   0.000  (mm)
  Obj Stage rotY :    3.007 deg
============================================================

Unity geometry (world coordinates):
  Source   : x=  -5.000, y=  38.000, z=   0.000
  Object   : x=   0.002, y=  17.997, z= 568.074
  Detector : x=  10.000, y=   3.000, z= 690.000
  Obj rotY :   0.0000 deg
view   0 | SOD= 568.449 mm | SDD= 691.050 mm | M= 1.216 | incident=3.1588°
[[  24.800318   -567.5549      -20.002941  ]
 [   3.587134    122.28209      14.997059  ]
 [   0.14939407    0.00784696    0.        ]
 [   0.            0.            0.1496    ]]
Residual vector length: 720, Jacobian shape: (720, 6)
view   0 | SOD= 568.436 mm | SDD= 691.050 mm | M= 1.216 | incident=3.1588°
[[  24.7801     -567.5435      -20.002552  ]
 [   3.5919209   122.2942       14.997448  ]
 [   0.14939435    0.00784155    0.        ]
 [   0.            0.            0.1496    ]]

iter 31 cost=2.346275 -> 2.351234 |dtheta|=1.265612e-02  lambda=7.812e-02

============================================================
Iteration 32
============================================================
Theta offsets (Unity frame):
  Source   : dSx=   0.000, dSy=   0.000, dSz=   0.000  (mm)
  Object   : dOx=  -6.998, dOy=  -2.003, dOz=  -7.926  (mm)
  Object offset: offset_x=   0.001, offset_z=   0.000  (mm)
  Detector : dDx=   0.000, dDy=   0.000, dDz=   0.000  (mm)
  Obj Stage rotY :    3.007 deg
============================================================

Unity geometry (world coordinates):
  Source   : x=  -5.000, y=  38.000, z=   0.000
  Object   : x=   0.002, y=  17.997, z= 568.074
  Detector : x=  10.000, y=   3.000, z= 690.000
  Obj rotY :   0.0000 deg
view   0 | SOD= 568.449 mm | SDD= 691.050 mm | M= 1.216 | incident=3.1588°
[[  24.800318   -567.5549      -20.002941  ]
 [   3.587134    122.28209      14.997059  ]
 [   0.14939407    0.00784696    0.        ]
 [   0.            0.            0.1496    ]]
Residual vector length: 720, Jacobian shape: (720, 6)
view   0 | SOD= 568.436 mm | SDD= 691.050 mm | M= 1.216 | incident=3.1588°
[[  24.780104   -567.5435      -20.002552  ]
 [   3.5919201   122.2942       14.997448  ]
 [   0.14939435    0.00784155    0.        ]
 [   0.            0.            0.1496    ]]

iter 32 cost=2.346275 -> 2.343055 |dtheta|=1.265050e-02  lambda=3.906e-01

============================================================
Iteration 33
============================================================
Theta offsets (Unity frame):
  Source   : dSx=   0.000, dSy=   0.000, dSz=   0.000  (mm)
  Object   : dOx=  -6.998, dOy=  -2.003, dOz=  -7.938  (mm)
  Object offset: offset_x=   0.000, offset_z=   0.000  (mm)
  Detector : dDx=   0.000, dDy=   0.000, dDz=   0.000  (mm)
  Obj Stage rotY :    3.005 deg
============================================================

Unity geometry (world coordinates):
  Source   : x=  -5.000, y=  38.000, z=   0.000
  Object   : x=   0.002, y=  17.997, z= 568.062
  Detector : x=  10.000, y=   3.000, z= 690.000
  Obj rotY :   0.0000 deg
view   0 | SOD= 568.436 mm | SDD= 691.050 mm | M= 1.216 | incident=3.1588°
[[  24.780104   -567.5435      -20.002552  ]
 [   3.5919201   122.2942       14.997448  ]
 [   0.14939435    0.00784155    0.        ]
 [   0.            0.            0.1496    ]]
Residual vector length: 720, Jacobian shape: (720, 6)
view   0 | SOD= 568.431 mm | SDD= 691.050 mm | M= 1.216 | incident=3.1588°
[[  24.768513   -567.5384      -20.002283  ]
 [   3.5938768   122.29973      14.997717  ]
 [   0.1493945     0.00783861    0.        ]
 [   0.            0.            0.1496    ]]

iter 33 cost=2.343055 -> 2.276456 |dtheta|=6.686445e-03  lambda=1.302e-01

============================================================
Iteration 34
============================================================
Theta offsets (Unity frame):
  Source   : dSx=   0.000, dSy=   0.000, dSz=   0.000  (mm)
  Object   : dOx=  -6.998, dOy=  -2.002, dOz=  -7.945  (mm)
  Object offset: offset_x=   0.000, offset_z=   0.001  (mm)
  Detector : dDx=   0.000, dDy=   0.000, dDz=   0.000  (mm)
  Obj Stage rotY :    3.004 deg
============================================================

Unity geometry (world coordinates):
  Source   : x=  -5.000, y=  38.000, z=   0.000
  Object   : x=   0.002, y=  17.998, z= 568.055
  Detector : x=  10.000, y=   3.000, z= 690.000
  Obj rotY :   0.0000 deg
view   0 | SOD= 568.431 mm | SDD= 691.050 mm | M= 1.216 | incident=3.1588°
[[  24.768513   -567.5384      -20.002283  ]
 [   3.5938768   122.29973      14.997717  ]
 [   0.1493945     0.00783861    0.        ]
 [   0.            0.            0.1496    ]]
Residual vector length: 720, Jacobian shape: (720, 6)
view   0 | SOD= 568.426 mm | SDD= 691.050 mm | M= 1.216 | incident=3.1588°
[[  24.770245   -567.5335      -20.002129  ]
 [   3.5938451   122.30458      14.997871  ]
 [   0.14939448    0.007839      0.        ]
 [   0.            0.            0.1496    ]]

iter 34 cost=2.276456 -> 2.242220 |dtheta|=5.177535e-03  lambda=4.340e-02

============================================================
Iteration 35
============================================================
Theta offsets (Unity frame):
  Source   : dSx=   0.000, dSy=   0.000, dSz=   0.000  (mm)
  Object   : dOx=  -6.998, dOy=  -2.002, dOz=  -7.950  (mm)
  Object offset: offset_x=   0.000, offset_z=   0.001  (mm)
  Detector : dDx=   0.000, dDy=   0.000, dDz=   0.000  (mm)
  Obj Stage rotY :    3.004 deg
============================================================

Unity geometry (world coordinates):
  Source   : x=  -5.000, y=  38.000, z=   0.000
  Object   : x=   0.002, y=  17.998, z= 568.050
  Detector : x=  10.000, y=   3.000, z= 690.000
  Obj rotY :   0.0000 deg
view   0 | SOD= 568.426 mm | SDD= 691.050 mm | M= 1.216 | incident=3.1588°
[[  24.770245   -567.5335      -20.002129  ]
 [   3.5938451   122.30458      14.997871  ]
 [   0.14939448    0.007839      0.        ]
 [   0.            0.            0.1496    ]]
Residual vector length: 720, Jacobian shape: (720, 6)
view   0 | SOD= 568.423 mm | SDD= 691.050 mm | M= 1.216 | incident=3.1588°
[[  24.792837   -567.52997     -20.00234   ]
 [   3.5887973   122.30722      14.99766   ]
 [   0.14939417    0.00784498    0.        ]
 [   0.            0.            0.1496    ]]

iter 35 cost=2.242220 -> 2.228700 |dtheta|=3.169479e-03  lambda=1.447e-02

============================================================
Iteration 36
============================================================
Theta offsets (Unity frame):
  Source   : dSx=   0.000, dSy=   0.000, dSz=   0.000  (mm)
  Object   : dOx=  -6.998, dOy=  -2.002, dOz=  -7.952  (mm)
  Object offset: offset_x=   0.000, offset_z=   0.001  (mm)
  Detector : dDx=   0.000, dDy=   0.000, dDz=   0.000  (mm)
  Obj Stage rotY :    3.006 deg
============================================================

Unity geometry (world coordinates):
  Source   : x=  -5.000, y=  38.000, z=   0.000
  Object   : x=   0.002, y=  17.998, z= 568.048
  Detector : x=  10.000, y=   3.000, z= 690.000
  Obj rotY :   0.0000 deg
view   0 | SOD= 568.423 mm | SDD= 691.050 mm | M= 1.216 | incident=3.1588°
[[  24.792837   -567.52997     -20.00234   ]
 [   3.5887973   122.30722      14.99766   ]
 [   0.14939417    0.00784498    0.        ]
 [   0.            0.            0.1496    ]]
Residual vector length: 720, Jacobian shape: (720, 6)
view   0 | SOD= 568.411 mm | SDD= 691.050 mm | M= 1.216 | incident=3.1588°
[[  24.802795   -567.517       -20.002079  ]
 [   3.5862212   122.3198       14.997921  ]
 [   0.14939402    0.0078477     0.        ]
 [   0.            0.            0.1496    ]]

iter 36 cost=2.228700 -> 2.207285 |dtheta|=1.225751e-02  lambda=4.823e-03

============================================================
Iteration 37
============================================================
Theta offsets (Unity frame):
  Source   : dSx=   0.000, dSy=   0.000, dSz=   0.000  (mm)
  Object   : dOx=  -6.998, dOy=  -2.002, dOz=  -7.964  (mm)
  Object offset: offset_x=  -0.000, offset_z=   0.001  (mm)
  Detector : dDx=   0.000, dDy=   0.000, dDz=   0.000  (mm)
  Obj Stage rotY :    3.007 deg
============================================================

Unity geometry (world coordinates):
  Source   : x=  -5.000, y=  38.000, z=   0.000
  Object   : x=   0.002, y=  17.998, z= 568.036
  Detector : x=  10.000, y=   3.000, z= 690.000
  Obj rotY :   0.0000 deg
view   0 | SOD= 568.411 mm | SDD= 691.050 mm | M= 1.216 | incident=3.1588°
[[  24.802795   -567.517       -20.002079  ]
 [   3.5862212   122.3198       14.997921  ]
 [   0.14939402    0.0078477     0.        ]
 [   0.            0.            0.1496    ]]
Residual vector length: 720, Jacobian shape: (720, 6)
view   0 | SOD= 568.408 mm | SDD= 691.050 mm | M= 1.216 | incident=3.1588°
[[  24.819464   -567.5137      -20.001625  ]
 [   3.5814228   122.32249      14.998375  ]
 [   0.14939378    0.00785234    0.        ]
 [   0.            0.            0.1496    ]]

iter 37 cost=2.207285 -> 2.235140 |dtheta|=3.394892e-03  lambda=1.608e-03

============================================================
Iteration 38
============================================================
Theta offsets (Unity frame):
  Source   : dSx=   0.000, dSy=   0.000, dSz=   0.000  (mm)
  Object   : dOx=  -6.998, dOy=  -2.002, dOz=  -7.964  (mm)
  Object offset: offset_x=  -0.000, offset_z=   0.001  (mm)
  Detector : dDx=   0.000, dDy=   0.000, dDz=   0.000  (mm)
  Obj Stage rotY :    3.007 deg
============================================================

Unity geometry (world coordinates):
  Source   : x=  -5.000, y=  38.000, z=   0.000
  Object   : x=   0.002, y=  17.998, z= 568.036
  Detector : x=  10.000, y=   3.000, z= 690.000
  Obj rotY :   0.0000 deg
view   0 | SOD= 568.411 mm | SDD= 691.050 mm | M= 1.216 | incident=3.1588°
[[  24.802795   -567.517       -20.002079  ]
 [   3.5862212   122.3198       14.997921  ]
 [   0.14939402    0.0078477     0.        ]
 [   0.            0.            0.1496    ]]
Residual vector length: 720, Jacobian shape: (720, 6)
view   0 | SOD= 568.408 mm | SDD= 691.050 mm | M= 1.216 | incident=3.1588°
[[  24.819464   -567.5137      -20.001625  ]
 [   3.5814228   122.32249      14.998375  ]
 [   0.14939378    0.00785234    0.        ]
 [   0.            0.            0.1496    ]]

iter 38 cost=2.207285 -> 2.235140 |dtheta|=3.394867e-03  lambda=8.038e-03

============================================================
Iteration 39
============================================================
Theta offsets (Unity frame):
  Source   : dSx=   0.000, dSy=   0.000, dSz=   0.000  (mm)
  Object   : dOx=  -6.998, dOy=  -2.002, dOz=  -7.964  (mm)
  Object offset: offset_x=  -0.000, offset_z=   0.001  (mm)
  Detector : dDx=   0.000, dDy=   0.000, dDz=   0.000  (mm)
  Obj Stage rotY :    3.007 deg
============================================================

Unity geometry (world coordinates):
  Source   : x=  -5.000, y=  38.000, z=   0.000
  Object   : x=   0.002, y=  17.998, z= 568.036
  Detector : x=  10.000, y=   3.000, z= 690.000
  Obj rotY :   0.0000 deg
view   0 | SOD= 568.411 mm | SDD= 691.050 mm | M= 1.216 | incident=3.1588°
[[  24.802795   -567.517       -20.002079  ]
 [   3.5862212   122.3198       14.997921  ]
 [   0.14939402    0.0078477     0.        ]
 [   0.            0.            0.1496    ]]
Residual vector length: 720, Jacobian shape: (720, 6)
view   0 | SOD= 568.408 mm | SDD= 691.050 mm | M= 1.216 | incident=3.1588°
[[  24.819464   -567.5137      -20.001625  ]
 [   3.581423    122.32249      14.998375  ]
 [   0.14939378    0.00785234    0.        ]
 [   0.            0.            0.1496    ]]

iter 39 cost=2.207285 -> 2.235140 |dtheta|=3.394745e-03  lambda=4.019e-02

============================================================
Iteration 40
============================================================
Theta offsets (Unity frame):
  Source   : dSx=   0.000, dSy=   0.000, dSz=   0.000  (mm)
  Object   : dOx=  -6.998, dOy=  -2.002, dOz=  -7.964  (mm)
  Object offset: offset_x=  -0.000, offset_z=   0.001  (mm)
  Detector : dDx=   0.000, dDy=   0.000, dDz=   0.000  (mm)
  Obj Stage rotY :    3.007 deg
============================================================

Unity geometry (world coordinates):
  Source   : x=  -5.000, y=  38.000, z=   0.000
  Object   : x=   0.002, y=  17.998, z= 568.036
  Detector : x=  10.000, y=   3.000, z= 690.000
  Obj rotY :   0.0000 deg
view   0 | SOD= 568.411 mm | SDD= 691.050 mm | M= 1.216 | incident=3.1588°
[[  24.802795   -567.517       -20.002079  ]
 [   3.5862212   122.3198       14.997921  ]
 [   0.14939402    0.0078477     0.        ]
 [   0.            0.            0.1496    ]]
Residual vector length: 720, Jacobian shape: (720, 6)
view   0 | SOD= 568.408 mm | SDD= 691.050 mm | M= 1.216 | incident=3.1588°
[[  24.819462   -567.5137      -20.001625  ]
 [   3.5814233   122.32249      14.998375  ]
 [   0.14939378    0.00785234    0.        ]
 [   0.            0.            0.1496    ]]

iter 40 cost=2.207285 -> 2.235140 |dtheta|=3.394137e-03  lambda=2.009e-01

============================================================
Iteration 41
============================================================
Theta offsets (Unity frame):
  Source   : dSx=   0.000, dSy=   0.000, dSz=   0.000  (mm)
  Object   : dOx=  -6.998, dOy=  -2.002, dOz=  -7.964  (mm)
  Object offset: offset_x=  -0.000, offset_z=   0.001  (mm)
  Detector : dDx=   0.000, dDy=   0.000, dDz=   0.000  (mm)
  Obj Stage rotY :    3.007 deg
============================================================

Unity geometry (world coordinates):
  Source   : x=  -5.000, y=  38.000, z=   0.000
  Object   : x=   0.002, y=  17.998, z= 568.036
  Detector : x=  10.000, y=   3.000, z= 690.000
  Obj rotY :   0.0000 deg
view   0 | SOD= 568.411 mm | SDD= 691.050 mm | M= 1.216 | incident=3.1588°
[[  24.802795   -567.517       -20.002079  ]
 [   3.5862212   122.3198       14.997921  ]
 [   0.14939402    0.0078477     0.        ]
 [   0.            0.            0.1496    ]]
Residual vector length: 720, Jacobian shape: (720, 6)
view   0 | SOD= 568.408 mm | SDD= 691.050 mm | M= 1.216 | incident=3.1588°
[[  24.819454   -567.5137      -20.001625  ]
 [   3.581425    122.32249      14.998375  ]
 [   0.14939378    0.00785234    0.        ]
 [   0.            0.            0.1496    ]]

iter 41 cost=2.207285 -> 2.235140 |dtheta|=3.391097e-03  lambda=1.005e+00

============================================================
Iteration 42
============================================================
Theta offsets (Unity frame):
  Source   : dSx=   0.000, dSy=   0.000, dSz=   0.000  (mm)
  Object   : dOx=  -6.998, dOy=  -2.002, dOz=  -7.964  (mm)
  Object offset: offset_x=  -0.000, offset_z=   0.001  (mm)
  Detector : dDx=   0.000, dDy=   0.000, dDz=   0.000  (mm)
  Obj Stage rotY :    3.007 deg
============================================================

Unity geometry (world coordinates):
  Source   : x=  -5.000, y=  38.000, z=   0.000
  Object   : x=   0.002, y=  17.998, z= 568.036
  Detector : x=  10.000, y=   3.000, z= 690.000
  Obj rotY :   0.0000 deg
view   0 | SOD= 568.411 mm | SDD= 691.050 mm | M= 1.216 | incident=3.1588°
[[  24.802795   -567.517       -20.002079  ]
 [   3.5862212   122.3198       14.997921  ]
 [   0.14939402    0.0078477     0.        ]
 [   0.            0.            0.1496    ]]
Residual vector length: 720, Jacobian shape: (720, 6)
view   0 | SOD= 568.408 mm | SDD= 691.050 mm | M= 1.216 | incident=3.1588°
[[  24.819412   -567.5137      -20.001627  ]
 [   3.581434    122.32249      14.998373  ]
 [   0.14939378    0.00785233    0.        ]
 [   0.            0.            0.1496    ]]

iter 42 cost=2.207285 -> 2.235140 |dtheta|=3.376001e-03  lambda=5.023e+00

============================================================
Iteration 43
============================================================
Theta offsets (Unity frame):
  Source   : dSx=   0.000, dSy=   0.000, dSz=   0.000  (mm)
  Object   : dOx=  -6.998, dOy=  -2.002, dOz=  -7.964  (mm)
  Object offset: offset_x=  -0.000, offset_z=   0.001  (mm)
  Detector : dDx=   0.000, dDy=   0.000, dDz=   0.000  (mm)
  Obj Stage rotY :    3.007 deg
============================================================

Unity geometry (world coordinates):
  Source   : x=  -5.000, y=  38.000, z=   0.000
  Object   : x=   0.002, y=  17.998, z= 568.036
  Detector : x=  10.000, y=   3.000, z= 690.000
  Obj rotY :   0.0000 deg
view   0 | SOD= 568.411 mm | SDD= 691.050 mm | M= 1.216 | incident=3.1588°
[[  24.802795   -567.517       -20.002079  ]
 [   3.5862212   122.3198       14.997921  ]
 [   0.14939402    0.0078477     0.        ]
 [   0.            0.            0.1496    ]]
Residual vector length: 720, Jacobian shape: (720, 6)
view   0 | SOD= 568.408 mm | SDD= 691.050 mm | M= 1.216 | incident=3.1588°
[[  24.819214   -567.51373     -20.00163   ]
 [   3.5814817   122.322426     14.998369  ]
 [   0.14939378    0.00785228    0.        ]
 [   0.            0.            0.1496    ]]

iter 43 cost=2.207285 -> 2.234811 |dtheta|=3.302953e-03  lambda=2.512e+01

============================================================
Iteration 44
============================================================
Theta offsets (Unity frame):
  Source   : dSx=   0.000, dSy=   0.000, dSz=   0.000  (mm)
  Object   : dOx=  -6.998, dOy=  -2.002, dOz=  -7.964  (mm)
  Object offset: offset_x=  -0.000, offset_z=   0.001  (mm)
  Detector : dDx=   0.000, dDy=   0.000, dDz=   0.000  (mm)
  Obj Stage rotY :    3.007 deg
============================================================

Unity geometry (world coordinates):
  Source   : x=  -5.000, y=  38.000, z=   0.000
  Object   : x=   0.002, y=  17.998, z= 568.036
  Detector : x=  10.000, y=   3.000, z= 690.000
  Obj rotY :   0.0000 deg
view   0 | SOD= 568.411 mm | SDD= 691.050 mm | M= 1.216 | incident=3.1588°
[[  24.802795   -567.517       -20.002079  ]
 [   3.5862212   122.3198       14.997921  ]
 [   0.14939402    0.0078477     0.        ]
 [   0.            0.            0.1496    ]]
Residual vector length: 720, Jacobian shape: (720, 6)
view   0 | SOD= 568.409 mm | SDD= 691.050 mm | M= 1.216 | incident=3.1588°
[[  24.818308   -567.51416     -20.001646  ]
 [   3.581705    122.32205      14.998354  ]
 [   0.1493938     0.00785203    0.        ]
 [   0.            0.            0.1496    ]]

iter 44 cost=2.207285 -> 2.235140 |dtheta|=2.989420e-03  lambda=1.256e+02

============================================================
Iteration 45
============================================================
Theta offsets (Unity frame):
  Source   : dSx=   0.000, dSy=   0.000, dSz=   0.000  (mm)
  Object   : dOx=  -6.998, dOy=  -2.002, dOz=  -7.964  (mm)
  Object offset: offset_x=  -0.000, offset_z=   0.001  (mm)
  Detector : dDx=   0.000, dDy=   0.000, dDz=   0.000  (mm)
  Obj Stage rotY :    3.007 deg
============================================================

Unity geometry (world coordinates):
  Source   : x=  -5.000, y=  38.000, z=   0.000
  Object   : x=   0.002, y=  17.998, z= 568.036
  Detector : x=  10.000, y=   3.000, z= 690.000
  Obj rotY :   0.0000 deg
view   0 | SOD= 568.411 mm | SDD= 691.050 mm | M= 1.216 | incident=3.1588°
[[  24.802795   -567.517       -20.002079  ]
 [   3.5862212   122.3198       14.997921  ]
 [   0.14939402    0.0078477     0.        ]
 [   0.            0.            0.1496    ]]
Residual vector length: 720, Jacobian shape: (720, 6)
view   0 | SOD= 568.409 mm | SDD= 691.050 mm | M= 1.216 | incident=3.1588°
[[  24.81504    -567.51514     -20.001694  ]
 [   3.5825067   122.32118      14.998306  ]
 [   0.14939384    0.00785115    0.        ]
 [   0.            0.            0.1496    ]]

iter 45 cost=2.207285 -> 2.246248 |dtheta|=2.109542e-03  lambda=6.279e+02

============================================================
Iteration 46
============================================================
Theta offsets (Unity frame):
  Source   : dSx=   0.000, dSy=   0.000, dSz=   0.000  (mm)
  Object   : dOx=  -6.998, dOy=  -2.002, dOz=  -7.964  (mm)
  Object offset: offset_x=  -0.000, offset_z=   0.001  (mm)
  Detector : dDx=   0.000, dDy=   0.000, dDz=   0.000  (mm)
  Obj Stage rotY :    3.007 deg
============================================================

Unity geometry (world coordinates):
  Source   : x=  -5.000, y=  38.000, z=   0.000
  Object   : x=   0.002, y=  17.998, z= 568.036
  Detector : x=  10.000, y=   3.000, z= 690.000
  Obj rotY :   0.0000 deg
view   0 | SOD= 568.411 mm | SDD= 691.050 mm | M= 1.216 | incident=3.1588°
[[  24.802795   -567.517       -20.002079  ]
 [   3.5862212   122.3198       14.997921  ]
 [   0.14939402    0.0078477     0.        ]
 [   0.            0.            0.1496    ]]
Residual vector length: 720, Jacobian shape: (720, 6)
view   0 | SOD= 568.410 mm | SDD= 691.050 mm | M= 1.216 | incident=3.1588°
[[  24.80879    -567.5164      -20.00177   ]
 [   3.58412     122.320175     14.99823   ]
 [   0.14939393    0.00784945    0.        ]
 [   0.            0.            0.1496    ]]

iter 46 cost=2.207285 -> 2.217028 |dtheta|=1.026895e-03  lambda=3.140e+03

============================================================
Iteration 47
============================================================
Theta offsets (Unity frame):
  Source   : dSx=   0.000, dSy=   0.000, dSz=   0.000  (mm)
  Object   : dOx=  -6.998, dOy=  -2.002, dOz=  -7.964  (mm)
  Object offset: offset_x=  -0.000, offset_z=   0.001  (mm)
  Detector : dDx=   0.000, dDy=   0.000, dDz=   0.000  (mm)
  Obj Stage rotY :    3.007 deg
============================================================

Unity geometry (world coordinates):
  Source   : x=  -5.000, y=  38.000, z=   0.000
  Object   : x=   0.002, y=  17.998, z= 568.036
  Detector : x=  10.000, y=   3.000, z= 690.000
  Obj rotY :   0.0000 deg
view   0 | SOD= 568.411 mm | SDD= 691.050 mm | M= 1.216 | incident=3.1588°
[[  24.802795   -567.517       -20.002079  ]
 [   3.5862212   122.3198       14.997921  ]
 [   0.14939402    0.0078477     0.        ]
 [   0.            0.            0.1496    ]]
Residual vector length: 720, Jacobian shape: (720, 6)
view   0 | SOD= 568.411 mm | SDD= 691.050 mm | M= 1.216 | incident=3.1588°
[[  24.8044     -567.5169      -20.001894  ]
 [   3.5854783   122.319855     14.998106  ]
 [   0.14939399    0.0078482     0.        ]
 [   0.            0.            0.1496    ]]

iter 47 cost=2.207285 -> 2.199231 |dtheta|=3.832782e-04  lambda=1.570e+04

============================================================
Iteration 48
============================================================
Theta offsets (Unity frame):
  Source   : dSx=   0.000, dSy=   0.000, dSz=   0.000  (mm)
  Object   : dOx=  -6.998, dOy=  -2.002, dOz=  -7.964  (mm)
  Object offset: offset_x=   0.000, offset_z=   0.001  (mm)
  Detector : dDx=   0.000, dDy=   0.000, dDz=   0.000  (mm)
  Obj Stage rotY :    3.007 deg
============================================================

Unity geometry (world coordinates):
  Source   : x=  -5.000, y=  38.000, z=   0.000
  Object   : x=   0.002, y=  17.998, z= 568.036
  Detector : x=  10.000, y=   3.000, z= 690.000
  Obj rotY :   0.0000 deg
view   0 | SOD= 568.411 mm | SDD= 691.050 mm | M= 1.216 | incident=3.1588°
[[  24.8044     -567.5169      -20.001894  ]
 [   3.5854783   122.319855     14.998106  ]
 [   0.14939399    0.0078482     0.        ]
 [   0.            0.            0.1496    ]]
Residual vector length: 720, Jacobian shape: (720, 6)
view   0 | SOD= 568.411 mm | SDD= 691.050 mm | M= 1.216 | incident=3.1588°
[[  24.805155   -567.51697     -20.00187   ]
 [   3.585036    122.319725     14.998131  ]
 [   0.14939398    0.00784846    0.        ]
 [   0.            0.            0.1496    ]]

iter 48 cost=2.199231 -> 2.181025 |dtheta|=2.882655e-04  lambda=5.233e+03

============================================================
Iteration 49
============================================================
Theta offsets (Unity frame):
  Source   : dSx=   0.000, dSy=   0.000, dSz=   0.000  (mm)
  Object   : dOx=  -6.998, dOy=  -2.002, dOz=  -7.964  (mm)
  Object offset: offset_x=   0.000, offset_z=   0.001  (mm)
  Detector : dDx=   0.000, dDy=   0.000, dDz=   0.000  (mm)
  Obj Stage rotY :    3.007 deg
============================================================

Unity geometry (world coordinates):
  Source   : x=  -5.000, y=  38.000, z=   0.000
  Object   : x=   0.002, y=  17.998, z= 568.036
  Detector : x=  10.000, y=   3.000, z= 690.000
  Obj rotY :   0.0000 deg
view   0 | SOD= 568.411 mm | SDD= 691.050 mm | M= 1.216 | incident=3.1588°
[[  24.805155   -567.51697     -20.00187   ]
 [   3.585036    122.319725     14.998131  ]
 [   0.14939398    0.00784846    0.        ]
 [   0.            0.            0.1496    ]]
Residual vector length: 720, Jacobian shape: (720, 6)
view   0 | SOD= 568.412 mm | SDD= 691.050 mm | M= 1.216 | incident=3.1588°
[[  24.805086   -567.5177      -20.001951  ]
 [   3.5849016   122.319046     14.998049  ]
 [   0.14939398    0.00784848    0.        ]
 [   0.            0.            0.1496    ]]

iter 49 cost=2.181025 -> 2.203153 |dtheta|=7.156366e-04  lambda=1.744e+03

============================================================
Iteration 50
============================================================
Theta offsets (Unity frame):
  Source   : dSx=   0.000, dSy=   0.000, dSz=   0.000  (mm)
  Object   : dOx=  -6.998, dOy=  -2.002, dOz=  -7.964  (mm)
  Object offset: offset_x=   0.000, offset_z=   0.001  (mm)
  Detector : dDx=   0.000, dDy=   0.000, dDz=   0.000  (mm)
  Obj Stage rotY :    3.007 deg
============================================================

Unity geometry (world coordinates):
  Source   : x=  -5.000, y=  38.000, z=   0.000
  Object   : x=   0.002, y=  17.998, z= 568.036
  Detector : x=  10.000, y=   3.000, z= 690.000
  Obj rotY :   0.0000 deg
view   0 | SOD= 568.411 mm | SDD= 691.050 mm | M= 1.216 | incident=3.1588°
[[  24.805155   -567.51697     -20.00187   ]
 [   3.585036    122.319725     14.998131  ]
 [   0.14939398    0.00784846    0.        ]
 [   0.            0.            0.1496    ]]
Residual vector length: 720, Jacobian shape: (720, 6)
view   0 | SOD= 568.411 mm | SDD= 691.050 mm | M= 1.216 | incident=3.1588°
[[  24.804981   -567.5172      -20.001917  ]
 [   3.5850074   122.31954      14.998083  ]
 [   0.14939398    0.00784843    0.        ]
 [   0.            0.            0.1496    ]]

iter 50 cost=2.181025 -> 2.201339 |dtheta|=2.909147e-04  lambda=8.721e+03

============================================================
Iteration 51
============================================================
Theta offsets (Unity frame):
  Source   : dSx=   0.000, dSy=   0.000, dSz=   0.000  (mm)
  Object   : dOx=  -6.998, dOy=  -2.002, dOz=  -7.964  (mm)
  Object offset: offset_x=   0.000, offset_z=   0.001  (mm)
  Detector : dDx=   0.000, dDy=   0.000, dDz=   0.000  (mm)
  Obj Stage rotY :    3.007 deg
============================================================

Unity geometry (world coordinates):
  Source   : x=  -5.000, y=  38.000, z=   0.000
  Object   : x=   0.002, y=  17.998, z= 568.036
  Detector : x=  10.000, y=   3.000, z= 690.000
  Obj rotY :   0.0000 deg
view   0 | SOD= 568.411 mm | SDD= 691.050 mm | M= 1.216 | incident=3.1588°
[[  24.805155   -567.51697     -20.00187   ]
 [   3.585036    122.319725     14.998131  ]
 [   0.14939398    0.00784846    0.        ]
 [   0.            0.            0.1496    ]]
Residual vector length: 720, Jacobian shape: (720, 6)
view   0 | SOD= 568.411 mm | SDD= 691.050 mm | M= 1.216 | incident=3.1588°
[[  24.805086   -567.517       -20.001888  ]
 [   3.5850403   122.319725     14.998112  ]
 [   0.14939398    0.00784845    0.        ]
 [   0.            0.            0.1496    ]]

iter 51 cost=2.181025 -> 2.192130 |dtheta|=9.603746e-05  lambda=4.361e+04

============================================================
Iteration 52
============================================================
Theta offsets (Unity frame):
  Source   : dSx=   0.000, dSy=   0.000, dSz=   0.000  (mm)
  Object   : dOx=  -6.998, dOy=  -2.002, dOz=  -7.964  (mm)
  Object offset: offset_x=   0.000, offset_z=   0.001  (mm)
  Detector : dDx=   0.000, dDy=   0.000, dDz=   0.000  (mm)
  Obj Stage rotY :    3.007 deg
============================================================

Unity geometry (world coordinates):
  Source   : x=  -5.000, y=  38.000, z=   0.000
  Object   : x=   0.002, y=  17.998, z= 568.036
  Detector : x=  10.000, y=   3.000, z= 690.000
  Obj rotY :   0.0000 deg
view   0 | SOD= 568.411 mm | SDD= 691.050 mm | M= 1.216 | incident=3.1588°
[[  24.805155   -567.51697     -20.00187   ]
 [   3.585036    122.319725     14.998131  ]
 [   0.14939398    0.00784846    0.        ]
 [   0.            0.            0.1496    ]]
Residual vector length: 720, Jacobian shape: (720, 6)
view   0 | SOD= 568.411 mm | SDD= 691.050 mm | M= 1.216 | incident=3.1588°
[[  24.805138   -567.51697     -20.001875  ]
 [   3.5850384   122.319725     14.998125  ]
 [   0.14939398    0.00784846    0.        ]
 [   0.            0.            0.1496    ]]

iter 52 cost=2.181025 -> 2.185737 |dtheta|=2.296195e-05  lambda=2.180e+05

============================================================
Iteration 53
============================================================
Theta offsets (Unity frame):
  Source   : dSx=   0.000, dSy=   0.000, dSz=   0.000  (mm)
  Object   : dOx=  -6.998, dOy=  -2.002, dOz=  -7.964  (mm)
  Object offset: offset_x=   0.000, offset_z=   0.001  (mm)
  Detector : dDx=   0.000, dDy=   0.000, dDz=   0.000  (mm)
  Obj Stage rotY :    3.007 deg
============================================================

Unity geometry (world coordinates):
  Source   : x=  -5.000, y=  38.000, z=   0.000
  Object   : x=   0.002, y=  17.998, z= 568.036
  Detector : x=  10.000, y=   3.000, z= 690.000
  Obj rotY :   0.0000 deg
view   0 | SOD= 568.411 mm | SDD= 691.050 mm | M= 1.216 | incident=3.1588°
[[  24.805155   -567.51697     -20.00187   ]
 [   3.585036    122.319725     14.998131  ]
 [   0.14939398    0.00784846    0.        ]
 [   0.            0.            0.1496    ]]
Residual vector length: 720, Jacobian shape: (720, 6)
view   0 | SOD= 568.411 mm | SDD= 691.050 mm | M= 1.216 | incident=3.1588°
[[  24.805151   -567.51697     -20.001871  ]
 [   3.5850368   122.319725     14.998129  ]
 [   0.14939398    0.00784846    0.        ]
 [   0.            0.            0.1496    ]]

iter 53 cost=2.181025 -> 2.181025 |dtheta|=5.217929e-06  lambda=1.000e+06

============================================================
Iteration 54
============================================================
Theta offsets (Unity frame):
  Source   : dSx=   0.000, dSy=   0.000, dSz=   0.000  (mm)
  Object   : dOx=  -6.998, dOy=  -2.002, dOz=  -7.964  (mm)
  Object offset: offset_x=   0.000, offset_z=   0.001  (mm)
  Detector : dDx=   0.000, dDy=   0.000, dDz=   0.000  (mm)
  Obj Stage rotY :    3.007 deg
============================================================

Unity geometry (world coordinates):
  Source   : x=  -5.000, y=  38.000, z=   0.000
  Object   : x=   0.002, y=  17.998, z= 568.036
  Detector : x=  10.000, y=   3.000, z= 690.000
  Obj rotY :   0.0000 deg
view   0 | SOD= 568.411 mm | SDD= 691.050 mm | M= 1.216 | incident=3.1588°
[[  24.805155   -567.51697     -20.00187   ]
 [   3.585036    122.319725     14.998131  ]
 [   0.14939398    0.00784846    0.        ]
 [   0.            0.            0.1496    ]]
Residual vector length: 720, Jacobian shape: (720, 6)
view   0 | SOD= 568.411 mm | SDD= 691.050 mm | M= 1.216 | incident=3.1588°
[[  24.805151   -567.51697     -20.001871  ]
 [   3.5850368   122.319725     14.998129  ]
 [   0.14939398    0.00784846    0.        ]
 [   0.            0.            0.1496    ]]

iter 54 cost=2.181025 -> 2.181025 |dtheta|=5.217929e-06  lambda=1.000e+06

============================================================
Iteration 55
============================================================
Theta offsets (Unity frame):
  Source   : dSx=   0.000, dSy=   0.000, dSz=   0.000  (mm)
  Object   : dOx=  -6.998, dOy=  -2.002, dOz=  -7.964  (mm)
  Object offset: offset_x=   0.000, offset_z=   0.001  (mm)
  Detector : dDx=   0.000, dDy=   0.000, dDz=   0.000  (mm)
  Obj Stage rotY :    3.007 deg
============================================================

Unity geometry (world coordinates):
  Source   : x=  -5.000, y=  38.000, z=   0.000
  Object   : x=   0.002, y=  17.998, z= 568.036
  Detector : x=  10.000, y=   3.000, z= 690.000
  Obj rotY :   0.0000 deg
view   0 | SOD= 568.411 mm | SDD= 691.050 mm | M= 1.216 | incident=3.1588°
[[  24.805155   -567.51697     -20.00187   ]
 [   3.585036    122.319725     14.998131  ]
 [   0.14939398    0.00784846    0.        ]
 [   0.            0.            0.1496    ]]
Residual vector length: 720, Jacobian shape: (720, 6)
view   0 | SOD= 568.411 mm | SDD= 691.050 mm | M= 1.216 | incident=3.1588°
[[  24.805151   -567.51697     -20.001871  ]
 [   3.5850368   122.319725     14.998129  ]
 [   0.14939398    0.00784846    0.        ]
 [   0.            0.            0.1496    ]]

iter 55 cost=2.181025 -> 2.181025 |dtheta|=5.217929e-06  lambda=1.000e+06

============================================================
Iteration 56
============================================================
Theta offsets (Unity frame):
  Source   : dSx=   0.000, dSy=   0.000, dSz=   0.000  (mm)
  Object   : dOx=  -6.998, dOy=  -2.002, dOz=  -7.964  (mm)
  Object offset: offset_x=   0.000, offset_z=   0.001  (mm)
  Detector : dDx=   0.000, dDy=   0.000, dDz=   0.000  (mm)
  Obj Stage rotY :    3.007 deg
============================================================

Unity geometry (world coordinates):
  Source   : x=  -5.000, y=  38.000, z=   0.000
  Object   : x=   0.002, y=  17.998, z= 568.036
  Detector : x=  10.000, y=   3.000, z= 690.000
  Obj rotY :   0.0000 deg
view   0 | SOD= 568.411 mm | SDD= 691.050 mm | M= 1.216 | incident=3.1588°
[[  24.805155   -567.51697     -20.00187   ]
 [   3.585036    122.319725     14.998131  ]
 [   0.14939398    0.00784846    0.        ]
 [   0.            0.            0.1496    ]]
Residual vector length: 720, Jacobian shape: (720, 6)
view   0 | SOD= 568.411 mm | SDD= 691.050 mm | M= 1.216 | incident=3.1588°
[[  24.805151   -567.51697     -20.001871  ]
 [   3.5850368   122.319725     14.998129  ]
 [   0.14939398    0.00784846    0.        ]
 [   0.            0.            0.1496    ]]

iter 56 cost=2.181025 -> 2.181025 |dtheta|=5.217929e-06  lambda=1.000e+06

============================================================
Iteration 57
============================================================
Theta offsets (Unity frame):
  Source   : dSx=   0.000, dSy=   0.000, dSz=   0.000  (mm)
  Object   : dOx=  -6.998, dOy=  -2.002, dOz=  -7.964  (mm)
  Object offset: offset_x=   0.000, offset_z=   0.001  (mm)
  Detector : dDx=   0.000, dDy=   0.000, dDz=   0.000  (mm)
  Obj Stage rotY :    3.007 deg
============================================================

Unity geometry (world coordinates):
  Source   : x=  -5.000, y=  38.000, z=   0.000
  Object   : x=   0.002, y=  17.998, z= 568.036
  Detector : x=  10.000, y=   3.000, z= 690.000
  Obj rotY :   0.0000 deg
view   0 | SOD= 568.411 mm | SDD= 691.050 mm | M= 1.216 | incident=3.1588°
[[  24.805155   -567.51697     -20.00187   ]
 [   3.585036    122.319725     14.998131  ]
 [   0.14939398    0.00784846    0.        ]
 [   0.            0.            0.1496    ]]
Residual vector length: 720, Jacobian shape: (720, 6)
view   0 | SOD= 568.411 mm | SDD= 691.050 mm | M= 1.216 | incident=3.1588°
[[  24.805151   -567.51697     -20.001871  ]
 [   3.5850368   122.319725     14.998129  ]
 [   0.14939398    0.00784846    0.        ]
 [   0.            0.            0.1496    ]]

iter 57 cost=2.181025 -> 2.181025 |dtheta|=5.217929e-06  lambda=1.000e+06

============================================================
Iteration 58
============================================================
Theta offsets (Unity frame):
  Source   : dSx=   0.000, dSy=   0.000, dSz=   0.000  (mm)
  Object   : dOx=  -6.998, dOy=  -2.002, dOz=  -7.964  (mm)
  Object offset: offset_x=   0.000, offset_z=   0.001  (mm)
  Detector : dDx=   0.000, dDy=   0.000, dDz=   0.000  (mm)
  Obj Stage rotY :    3.007 deg
============================================================

Unity geometry (world coordinates):
  Source   : x=  -5.000, y=  38.000, z=   0.000
  Object   : x=   0.002, y=  17.998, z= 568.036
  Detector : x=  10.000, y=   3.000, z= 690.000
  Obj rotY :   0.0000 deg
view   0 | SOD= 568.411 mm | SDD= 691.050 mm | M= 1.216 | incident=3.1588°
[[  24.805155   -567.51697     -20.00187   ]
 [   3.585036    122.319725     14.998131  ]
 [   0.14939398    0.00784846    0.        ]
 [   0.            0.            0.1496    ]]
Residual vector length: 720, Jacobian shape: (720, 6)
view   0 | SOD= 568.411 mm | SDD= 691.050 mm | M= 1.216 | incident=3.1588°
[[  24.805151   -567.51697     -20.001871  ]
 [   3.5850368   122.319725     14.998129  ]
 [   0.14939398    0.00784846    0.        ]
 [   0.            0.            0.1496    ]]

iter 58 cost=2.181025 -> 2.181025 |dtheta|=5.217929e-06  lambda=1.000e+06

============================================================
Iteration 59
============================================================
Theta offsets (Unity frame):
  Source   : dSx=   0.000, dSy=   0.000, dSz=   0.000  (mm)
  Object   : dOx=  -6.998, dOy=  -2.002, dOz=  -7.964  (mm)
  Object offset: offset_x=   0.000, offset_z=   0.001  (mm)
  Detector : dDx=   0.000, dDy=   0.000, dDz=   0.000  (mm)
  Obj Stage rotY :    3.007 deg
============================================================

Unity geometry (world coordinates):
  Source   : x=  -5.000, y=  38.000, z=   0.000
  Object   : x=   0.002, y=  17.998, z= 568.036
  Detector : x=  10.000, y=   3.000, z= 690.000
  Obj rotY :   0.0000 deg
view   0 | SOD= 568.411 mm | SDD= 691.050 mm | M= 1.216 | incident=3.1588°
[[  24.805155   -567.51697     -20.00187   ]
 [   3.585036    122.319725     14.998131  ]
 [   0.14939398    0.00784846    0.        ]
 [   0.            0.            0.1496    ]]
Residual vector length: 720, Jacobian shape: (720, 6)
view   0 | SOD= 568.411 mm | SDD= 691.050 mm | M= 1.216 | incident=3.1588°
[[  24.805151   -567.51697     -20.001871  ]
 [   3.5850368   122.319725     14.998129  ]
 [   0.14939398    0.00784846    0.        ]
 [   0.            0.            0.1496    ]]

iter 59 cost=2.181025 -> 2.181025 |dtheta|=5.217929e-06  lambda=1.000e+06
Stalled.

Estimated theta:
  dSx: +0.000000
  dSy: +0.000000
  dOx: -6.997519
  dOy: -2.001869
  dOz: -7.964241
  dDx: +0.000000
  dDy: +0.000000
  dDz: +0.000000
alpha: +3.007288e+00 deg)
offset_x: +0.000162
offset_z: +0.001047

Final cost table:
Fake theta: [ 0.  0. -7. -2. -8.  0.  0.  0.  3.  0.  0.]
Final estimated theta: [ 0.          0.         -6.99751925 -2.00186941 -7.96424144  0.
  0.          0.          3.00728837  0.00016186  0.00104652]
Diff from Expected: [ 0.          0.          0.00248075 -0.00186941  0.03575856  0.
  0.          0.          0.00728837  0.00016186  0.00104652]
################################################################################

