Phantom already exists, skipping: cuboid_phantom_6_normal.npy

################################################################################
Running cuboid=normal scenario=G0 N_ANGLES=6, K=6
view   0 | SOD= 570.548 mm | SDD= 675.501 mm | M= 1.184 | incident=3.8197°
[[  98.97946    -561.3404      -25.        ]
 [ -18.05941     102.420006     20.        ]
 [   0.14732724    0.02597777    0.        ]
 [   0.            0.            0.1496    ]]
          image          x1         y1  area1          x2          y2  area2          x3          y3  area3          x4          y4  area4          x5          y5  area5          x6          y6  area6
0  proj_000.png  509.733060  62.332649    487  405.732265  149.508009    437  433.865297  231.340183    438  519.902098  312.200466    429  534.707865  403.719101    445  509.701717  502.733906    466
1  proj_001.png  367.743590  62.500000    468  371.335601  147.979592    441  512.946759  231.164352    432  609.821101  317.573394    436  513.107991  407.630670    463  367.762208  498.789809    471
2  proj_002.png  340.361502  63.000000    426  442.468750  146.703125    448  557.673203  233.509804    459  569.200422  324.597046    474  455.054968  408.306554    473  340.460993  485.782506    423
3  proj_003.png  447.286682  63.372460    443  546.624413  147.000000    426  522.404564  235.921162    482  432.762677  326.081136    493  420.123620  404.843267    453  447.261959  477.107062    439
4  proj_004.png  582.540909  63.175000    440  584.556989  148.520430    465  440.921941  236.156118    474  343.534783  320.460870    460  442.612472  401.033408    449  582.521445  481.015801    443
5  proj_005.png  617.375000  62.754545    440  514.063265  149.928571    490  397.153348  233.676026    463  389.809633  313.736239    436  499.500000  400.500000    458  617.232346  493.799544    439

============================================================
Iteration 0
============================================================
Theta offsets (Unity frame):
  Source   : dSx=   0.000, dSy=   0.000, dSz=   0.000  (mm)
  Object   : dOx=   0.000, dOy=   0.000, dOz=   0.000  (mm)
  Object offset: offset_x=   0.000, offset_z=   0.000  (mm)
  Detector : dDx=   0.000, dDy=   0.000, dDz=   0.000  (mm)
  Obj Stage rotY :    0.000 deg
============================================================

Unity geometry (world coordinates):
  Source   : x=   0.000, y=  45.000, z=   0.000
  Object   : x=  10.000, y=  15.000, z= 589.000
  Detector : x=   0.000, y=   0.000, z= 674.000
  Obj rotY :   0.0000 deg
view   0 | SOD= 589.848 mm | SDD= 675.501 mm | M= 1.145 | incident=3.8197°
[[ -10.     -589.      -30.    ]
 [ -10.       85.       15.    ]
 [   0.1496    0.        0.    ]
 [   0.        0.        0.1496]]
Residual vector length: 162, Jacobian shape: (162, 6)
view   0 | SOD= 587.337 mm | SDD= 675.501 mm | M= 1.150 | incident=3.8197°
[[   1.7622966  -586.7295      -26.648766  ]
 [  -5.474115     87.23166      18.351234  ]
 [   0.14959137    0.00160618    0.        ]
 [   0.            0.            0.1496    ]]

iter 00 cost=136634.608957 -> 26177.227677 |dtheta|=7.795312e+00  lambda=1.000e-02

============================================================
Iteration 1
============================================================
Theta offsets (Unity frame):
  Source   : dSx=   0.000, dSy=   0.000, dSz=   0.000  (mm)
  Object   : dOx=  -6.334, dOy=   3.351, dOz=  -2.827  (mm)
  Object offset: offset_x=   0.871, offset_z=   0.541  (mm)
  Detector : dDx=   0.000, dDy=   0.000, dDz=   0.000  (mm)
  Obj Stage rotY :    0.615 deg
============================================================

Unity geometry (world coordinates):
  Source   : x=   0.000, y=  45.000, z=   0.000
  Object   : x=   3.666, y=  18.351, z= 586.173
  Detector : x=   0.000, y=   0.000, z= 674.000
  Obj rotY :   0.0000 deg
view   0 | SOD= 587.337 mm | SDD= 675.501 mm | M= 1.150 | incident=3.8197°
[[   1.7622966  -586.7295      -26.648766  ]
 [  -5.474115     87.23166      18.351234  ]
 [   0.14959137    0.00160618    0.        ]
 [   0.            0.            0.1496    ]]
Residual vector length: 162, Jacobian shape: (162, 6)
view   0 | SOD= 583.455 mm | SDD= 675.501 mm | M= 1.158 | incident=3.8197°
[[  30.87068    -582.06744     -25.76876   ]
 [  -7.5559707    90.83629      19.23124   ]
 [   0.14935666    0.00852912    0.        ]
 [   0.            0.            0.1496    ]]

iter 01 cost=26177.227677 -> 8934.868293 |dtheta|=5.017702e+00  lambda=3.333e-03

============================================================
Iteration 2
============================================================
Theta offsets (Unity frame):
  Source   : dSx=   0.000, dSy=   0.000, dSz=   0.000  (mm)
  Object   : dOx=  -8.321, dOy=   4.231, dOz=  -6.480  (mm)
  Object offset: offset_x=   0.686, offset_z=   0.361  (mm)
  Detector : dDx=   0.000, dDy=   0.000, dDz=   0.000  (mm)
  Obj Stage rotY :    3.268 deg
============================================================

Unity geometry (world coordinates):
  Source   : x=   0.000, y=  45.000, z=   0.000
  Object   : x=   1.679, y=  19.231, z= 582.520
  Detector : x=   0.000, y=   0.000, z= 674.000
  Obj rotY :   0.0000 deg
view   0 | SOD= 583.455 mm | SDD= 675.501 mm | M= 1.158 | incident=3.8197°
[[  30.87068    -582.06744     -25.76876   ]
 [  -7.5559707    90.83629      19.23124   ]
 [   0.14935666    0.00852912    0.        ]
 [   0.            0.            0.1496    ]]
Residual vector length: 162, Jacobian shape: (162, 6)
view   0 | SOD= 582.342 mm | SDD= 675.501 mm | M= 1.160 | incident=3.8197°
[[  49.299763   -579.6811      -25.716076  ]
 [  -8.287534     91.85423      19.283924  ]
 [   0.14905295    0.01278199    0.        ]
 [   0.            0.            0.1496    ]]

iter 02 cost=8934.868293 -> 3633.610951 |dtheta|=2.395224e+00  lambda=1.111e-03

============================================================
Iteration 3
============================================================
Theta offsets (Unity frame):
  Source   : dSx=   0.000, dSy=   0.000, dSz=   0.000  (mm)
  Object   : dOx=  -9.645, dOy=   4.284, dOz=  -7.423  (mm)
  Object offset: offset_x=   0.054, offset_z=   0.196  (mm)
  Detector : dDx=   0.000, dDy=   0.000, dDz=   0.000  (mm)
  Obj Stage rotY :    4.901 deg
============================================================

Unity geometry (world coordinates):
  Source   : x=   0.000, y=  45.000, z=   0.000
  Object   : x=   0.355, y=  19.284, z= 581.577
  Detector : x=   0.000, y=   0.000, z= 674.000
  Obj rotY :   0.0000 deg
view   0 | SOD= 582.342 mm | SDD= 675.501 mm | M= 1.160 | incident=3.8197°
[[  49.299763   -579.6811      -25.716076  ]
 [  -8.287534     91.85423      19.283924  ]
 [   0.14905295    0.01278199    0.        ]
 [   0.            0.            0.1496    ]]
Residual vector length: 162, Jacobian shape: (162, 6)
view   0 | SOD= 580.151 mm | SDD= 675.501 mm | M= 1.164 | incident=3.8197°
[[  65.98955    -575.8137      -25.671238  ]
 [ -10.928379     93.7829       19.328762  ]
 [   0.14862263    0.01707258    0.        ]
 [   0.            0.            0.1496    ]]

iter 03 cost=3633.610951 -> 1981.933588 |dtheta|=2.718818e+00  lambda=3.704e-04

============================================================
Iteration 4
============================================================
Theta offsets (Unity frame):
  Source   : dSx=   0.000, dSy=   0.000, dSz=   0.000  (mm)
  Object   : dOx=  -9.797, dOy=   4.329, dOz=  -9.574  (mm)
  Object offset: offset_x=  -0.049, offset_z=   0.156  (mm)
  Detector : dDx=   0.000, dDy=   0.000, dDz=   0.000  (mm)
  Obj Stage rotY :    6.553 deg
============================================================

Unity geometry (world coordinates):
  Source   : x=   0.000, y=  45.000, z=   0.000
  Object   : x=   0.203, y=  19.329, z= 579.426
  Detector : x=   0.000, y=   0.000, z= 674.000
  Obj rotY :   0.0000 deg
view   0 | SOD= 580.151 mm | SDD= 675.501 mm | M= 1.164 | incident=3.8197°
[[  65.98955    -575.8137      -25.671238  ]
 [ -10.928379     93.7829       19.328762  ]
 [   0.14862263    0.01707258    0.        ]
 [   0.            0.            0.1496    ]]
Residual vector length: 162, Jacobian shape: (162, 6)
view   0 | SOD= 578.167 mm | SDD= 675.501 mm | M= 1.168 | incident=3.8197°
[[  79.80742    -572.0625      -25.548704  ]
 [ -13.531372     95.44321      19.451296  ]
 [   0.14815854    0.02071733    0.        ]
 [   0.            0.            0.1496    ]]

iter 04 cost=1981.933588 -> 1030.371085 |dtheta|=2.301184e+00  lambda=1.235e-04

============================================================
Iteration 5
============================================================
Theta offsets (Unity frame):
  Source   : dSx=   0.000, dSy=   0.000, dSz=   0.000  (mm)
  Object   : dOx=  -9.801, dOy=   4.451, dOz= -11.382  (mm)
  Object offset: offset_x=  -0.015, offset_z=  -0.016  (mm)
  Detector : dDx=   0.000, dDy=   0.000, dDz=   0.000  (mm)
  Obj Stage rotY :    7.960 deg
============================================================

Unity geometry (world coordinates):
  Source   : x=   0.000, y=  45.000, z=   0.000
  Object   : x=   0.199, y=  19.451, z= 577.618
  Detector : x=   0.000, y=   0.000, z= 674.000
  Obj rotY :   0.0000 deg
view   0 | SOD= 578.167 mm | SDD= 675.501 mm | M= 1.168 | incident=3.8197°
[[  79.80742    -572.0625      -25.548704  ]
 [ -13.531372     95.44321      19.451296  ]
 [   0.14815854    0.02071733    0.        ]
 [   0.            0.            0.1496    ]]
Residual vector length: 162, Jacobian shape: (162, 6)
view   0 | SOD= 575.808 mm | SDD= 675.501 mm | M= 1.173 | incident=3.8197°
[[  88.32986    -568.42883     -25.32791   ]
 [ -15.359573     97.547516     19.67209   ]
 [   0.14781909    0.02301475    0.        ]
 [   0.            0.            0.1496    ]]

iter 05 cost=1030.371085 -> 431.285833 |dtheta|=2.516915e+00  lambda=4.115e-05

============================================================
Iteration 6
============================================================
Theta offsets (Unity frame):
  Source   : dSx=   0.000, dSy=   0.000, dSz=   0.000  (mm)
  Object   : dOx=  -9.908, dOy=   4.672, dOz= -13.722  (mm)
  Object offset: offset_x=   0.078, offset_z=  -0.028  (mm)
  Detector : dDx=   0.000, dDy=   0.000, dDz=   0.000  (mm)
  Obj Stage rotY :    8.850 deg
============================================================

Unity geometry (world coordinates):
  Source   : x=   0.000, y=  45.000, z=   0.000
  Object   : x=   0.092, y=  19.672, z= 575.278
  Detector : x=   0.000, y=   0.000, z= 674.000
  Obj rotY :   0.0000 deg
view   0 | SOD= 575.808 mm | SDD= 675.501 mm | M= 1.173 | incident=3.8197°
[[  88.32986    -568.42883     -25.32791   ]
 [ -15.359573     97.547516     19.67209   ]
 [   0.14781909    0.02301475    0.        ]
 [   0.            0.            0.1496    ]]
Residual vector length: 162, Jacobian shape: (162, 6)
view   0 | SOD= 574.984 mm | SDD= 675.501 mm | M= 1.175 | incident=3.8197°
[[  93.54803    -566.7618      -25.228453  ]
 [ -16.27863      98.23001      19.771547  ]
 [   0.14760056    0.02437695    0.        ]
 [   0.            0.            0.1496    ]]

iter 06 cost=431.285833 -> 237.632290 |dtheta|=1.025964e+00  lambda=1.372e-05

============================================================
Iteration 7
============================================================
Theta offsets (Unity frame):
  Source   : dSx=   0.000, dSy=   0.000, dSz=   0.000  (mm)
  Object   : dOx= -10.021, dOy=   4.772, dOz= -14.587  (mm)
  Object offset: offset_x=   0.075, offset_z=   0.017  (mm)
  Detector : dDx=   0.000, dDy=   0.000, dDz=   0.000  (mm)
  Obj Stage rotY :    9.378 deg
============================================================

Unity geometry (world coordinates):
  Source   : x=   0.000, y=  45.000, z=   0.000
  Object   : x=  -0.021, y=  19.772, z= 574.413
  Detector : x=   0.000, y=   0.000, z= 674.000
  Obj rotY :   0.0000 deg
view   0 | SOD= 574.984 mm | SDD= 675.501 mm | M= 1.175 | incident=3.8197°
[[  93.54803    -566.7618      -25.228453  ]
 [ -16.27863      98.23001      19.771547  ]
 [   0.14760056    0.02437695    0.        ]
 [   0.            0.            0.1496    ]]
Residual vector length: 162, Jacobian shape: (162, 6)
view   0 | SOD= 573.929 mm | SDD= 675.501 mm | M= 1.177 | incident=3.8197°
[[  95.310196   -565.4005      -25.158306  ]
 [ -16.848803     99.2019       19.841694  ]
 [   0.14751412    0.02489464    0.        ]
 [   0.            0.            0.1496    ]]

iter 07 cost=237.632290 -> 142.862908 |dtheta|=1.044942e+00  lambda=4.572e-06

============================================================
Iteration 8
============================================================
Theta offsets (Unity frame):
  Source   : dSx=   0.000, dSy=   0.000, dSz=   0.000  (mm)
  Object   : dOx=  -9.990, dOy=   4.842, dOz= -15.609  (mm)
  Object offset: offset_x=   0.096, offset_z=  -0.014  (mm)
  Detector : dDx=   0.000, dDy=   0.000, dDz=   0.000  (mm)
  Obj Stage rotY :    9.579 deg
============================================================

Unity geometry (world coordinates):
  Source   : x=   0.000, y=  45.000, z=   0.000
  Object   : x=   0.010, y=  19.842, z= 573.391
  Detector : x=   0.000, y=   0.000, z= 674.000
  Obj rotY :   0.0000 deg
view   0 | SOD= 573.929 mm | SDD= 675.501 mm | M= 1.177 | incident=3.8197°
[[  95.310196   -565.4005      -25.158306  ]
 [ -16.848803     99.2019       19.841694  ]
 [   0.14751412    0.02489464    0.        ]
 [   0.            0.            0.1496    ]]
Residual vector length: 162, Jacobian shape: (162, 6)
view   0 | SOD= 573.526 mm | SDD= 675.501 mm | M= 1.178 | incident=3.8197°
[[  97.2344     -564.6648      -25.129608  ]
 [ -17.19806      99.54992      19.870392  ]
 [   0.14742808    0.02539925    0.        ]
 [   0.            0.            0.1496    ]]

iter 08 cost=142.862908 -> 112.612118 |dtheta|=3.948448e-01  lambda=1.524e-06

============================================================
Iteration 9
============================================================
Theta offsets (Unity frame):
  Source   : dSx=   0.000, dSy=   0.000, dSz=   0.000  (mm)
  Object   : dOx= -10.033, dOy=   4.870, dOz= -15.940  (mm)
  Object offset: offset_x=   0.079, offset_z=  -0.085  (mm)
  Detector : dDx=   0.000, dDy=   0.000, dDz=   0.000  (mm)
  Obj Stage rotY :    9.775 deg
============================================================

Unity geometry (world coordinates):
  Source   : x=   0.000, y=  45.000, z=   0.000
  Object   : x=  -0.033, y=  19.870, z= 573.060
  Detector : x=   0.000, y=   0.000, z= 674.000
  Obj rotY :   0.0000 deg
view   0 | SOD= 573.526 mm | SDD= 675.501 mm | M= 1.178 | incident=3.8197°
[[  97.2344     -564.6648      -25.129608  ]
 [ -17.19806      99.54992      19.870392  ]
 [   0.14742808    0.02539925    0.        ]
 [   0.            0.            0.1496    ]]
Residual vector length: 162, Jacobian shape: (162, 6)
view   0 | SOD= 573.126 mm | SDD= 675.501 mm | M= 1.179 | incident=3.8197°
[[  99.70065    -563.8293      -25.095547  ]
 [ -17.599693     99.88498      19.904453  ]
 [   0.14731699    0.0260358     0.        ]
 [   0.            0.            0.1496    ]]

iter 09 cost=112.612118 -> 73.078194 |dtheta|=5.488102e-01  lambda=1.000e-06

============================================================
Iteration 10
============================================================
Theta offsets (Unity frame):
  Source   : dSx=   0.000, dSy=   0.000, dSz=   0.000  (mm)
  Object   : dOx= -10.017, dOy=   4.904, dOz= -16.409  (mm)
  Object offset: offset_x=  -0.035, offset_z=  -0.014  (mm)
  Detector : dDx=   0.000, dDy=   0.000, dDz=   0.000  (mm)
  Obj Stage rotY :   10.023 deg
============================================================

Unity geometry (world coordinates):
  Source   : x=   0.000, y=  45.000, z=   0.000
  Object   : x=  -0.017, y=  19.904, z= 572.591
  Detector : x=   0.000, y=   0.000, z= 674.000
  Obj rotY :   0.0000 deg
view   0 | SOD= 573.126 mm | SDD= 675.501 mm | M= 1.179 | incident=3.8197°
[[  99.70065    -563.8293      -25.095547  ]
 [ -17.599693     99.88498      19.904453  ]
 [   0.14731699    0.0260358     0.        ]
 [   0.            0.            0.1496    ]]
Residual vector length: 162, Jacobian shape: (162, 6)
view   0 | SOD= 572.207 mm | SDD= 675.501 mm | M= 1.181 | incident=3.8197°
[[  99.68006    -562.90063     -25.055862  ]
 [ -17.855366    100.77204      19.944138  ]
 [   0.14730777    0.02608798    0.        ]
 [   0.            0.            0.1496    ]]

iter 10 cost=73.078194 -> 31.883870 |dtheta|=8.984659e-01  lambda=1.000e-06

============================================================
Iteration 11
============================================================
Theta offsets (Unity frame):
  Source   : dSx=   0.000, dSy=   0.000, dSz=   0.000  (mm)
  Object   : dOx=  -9.992, dOy=   4.944, dOz= -17.305  (mm)
  Object offset: offset_x=   0.000, offset_z=  -0.036  (mm)
  Detector : dDx=   0.000, dDy=   0.000, dDz=   0.000  (mm)
  Obj Stage rotY :   10.043 deg
============================================================

Unity geometry (world coordinates):
  Source   : x=   0.000, y=  45.000, z=   0.000
  Object   : x=   0.008, y=  19.944, z= 571.695
  Detector : x=   0.000, y=   0.000, z= 674.000
  Obj rotY :   0.0000 deg
view   0 | SOD= 572.207 mm | SDD= 675.501 mm | M= 1.181 | incident=3.8197°
[[  99.68006    -562.90063     -25.055862  ]
 [ -17.855366    100.77204      19.944138  ]
 [   0.14730777    0.02608798    0.        ]
 [   0.            0.            0.1496    ]]
Residual vector length: 162, Jacobian shape: (162, 6)
view   0 | SOD= 571.790 mm | SDD= 675.501 mm | M= 1.181 | incident=3.8197°
[[  98.50397    -562.68304     -25.073528  ]
 [ -17.756437    101.21415      19.926472  ]
 [   0.1473576     0.02580498    0.        ]
 [   0.            0.            0.1496    ]]

iter 11 cost=31.883870 -> 17.516510 |dtheta|=4.560675e-01  lambda=1.000e-06

============================================================
Iteration 12
============================================================
Theta offsets (Unity frame):
  Source   : dSx=   0.000, dSy=   0.000, dSz=   0.000  (mm)
  Object   : dOx=  -9.994, dOy=   4.926, dOz= -17.746  (mm)
  Object offset: offset_x=   0.025, offset_z=  -0.014  (mm)
  Detector : dDx=   0.000, dDy=   0.000, dDz=   0.000  (mm)
  Obj Stage rotY :    9.933 deg
============================================================

Unity geometry (world coordinates):
  Source   : x=   0.000, y=  45.000, z=   0.000
  Object   : x=   0.006, y=  19.926, z= 571.254
  Detector : x=   0.000, y=   0.000, z= 674.000
  Obj rotY :   0.0000 deg
view   0 | SOD= 571.790 mm | SDD= 675.501 mm | M= 1.181 | incident=3.8197°
[[  98.50397    -562.68304     -25.073528  ]
 [ -17.756437    101.21415      19.926472  ]
 [   0.1473576     0.02580498    0.        ]
 [   0.            0.            0.1496    ]]
Residual vector length: 162, Jacobian shape: (162, 6)
view   0 | SOD= 571.532 mm | SDD= 675.501 mm | M= 1.182 | incident=3.8197°
[[  98.82263    -562.36597     -25.051964  ]
 [ -17.81678     101.46475      19.948036  ]
 [   0.14734285    0.0258891     0.        ]
 [   0.            0.            0.1496    ]]

iter 12 cost=17.516510 -> 10.954634 |dtheta|=2.625088e-01  lambda=1.000e-06

============================================================
Iteration 13
============================================================
Theta offsets (Unity frame):
  Source   : dSx=   0.000, dSy=   0.000, dSz=   0.000  (mm)
  Object   : dOx= -10.010, dOy=   4.948, dOz= -18.004  (mm)
  Object offset: offset_x=  -0.001, offset_z=  -0.013  (mm)
  Detector : dDx=   0.000, dDy=   0.000, dDz=   0.000  (mm)
  Obj Stage rotY :    9.966 deg
============================================================

Unity geometry (world coordinates):
  Source   : x=   0.000, y=  45.000, z=   0.000
  Object   : x=  -0.010, y=  19.948, z= 570.996
  Detector : x=   0.000, y=   0.000, z= 674.000
  Obj rotY :   0.0000 deg
view   0 | SOD= 571.532 mm | SDD= 675.501 mm | M= 1.182 | incident=3.8197°
[[  98.82263    -562.36597     -25.051964  ]
 [ -17.81678     101.46475      19.948036  ]
 [   0.14734285    0.0258891     0.        ]
 [   0.            0.            0.1496    ]]
Residual vector length: 162, Jacobian shape: (162, 6)
view   0 | SOD= 571.343 mm | SDD= 675.501 mm | M= 1.182 | incident=3.8197°
[[  99.18687    -562.1102      -25.040392  ]
 [ -17.920052    101.6382       19.959608  ]
 [   0.14732458    0.02599287    0.        ]
 [   0.            0.            0.1496    ]]

iter 13 cost=10.954634 -> 6.567009 |dtheta|=2.181815e-01  lambda=1.000e-06

============================================================
Iteration 14
============================================================
Theta offsets (Unity frame):
  Source   : dSx=   0.000, dSy=   0.000, dSz=   0.000  (mm)
  Object   : dOx= -10.005, dOy=   4.960, dOz= -18.217  (mm)
  Object offset: offset_x=  -0.008, offset_z=   0.011  (mm)
  Detector : dDx=   0.000, dDy=   0.000, dDz=   0.000  (mm)
  Obj Stage rotY :   10.006 deg
============================================================

Unity geometry (world coordinates):
  Source   : x=   0.000, y=  45.000, z=   0.000
  Object   : x=  -0.005, y=  19.960, z= 570.783
  Detector : x=   0.000, y=   0.000, z= 674.000
  Obj rotY :   0.0000 deg
view   0 | SOD= 571.343 mm | SDD= 675.501 mm | M= 1.182 | incident=3.8197°
[[  99.18687    -562.1102      -25.040392  ]
 [ -17.920052    101.6382       19.959608  ]
 [   0.14732458    0.02599287    0.        ]
 [   0.            0.            0.1496    ]]
Residual vector length: 162, Jacobian shape: (162, 6)
view   0 | SOD= 571.110 mm | SDD= 675.501 mm | M= 1.183 | incident=3.8197°
[[  99.00591    -561.906       -25.030005  ]
 [ -17.932432    101.87215      19.969995  ]
 [   0.14733118    0.02595546    0.        ]
 [   0.            0.            0.1496    ]]

iter 14 cost=6.567009 -> 3.286492 |dtheta|=2.227348e-01  lambda=1.000e-06

============================================================
Iteration 15
============================================================
Theta offsets (Unity frame):
  Source   : dSx=   0.000, dSy=   0.000, dSz=   0.000  (mm)
  Object   : dOx= -10.007, dOy=   4.970, dOz= -18.438  (mm)
  Object offset: offset_x=  -0.008, offset_z=  -0.000  (mm)
  Detector : dDx=   0.000, dDy=   0.000, dDz=   0.000  (mm)
  Obj Stage rotY :    9.991 deg
============================================================

Unity geometry (world coordinates):
  Source   : x=   0.000, y=  45.000, z=   0.000
  Object   : x=  -0.007, y=  19.970, z= 570.562
  Detector : x=   0.000, y=   0.000, z= 674.000
  Obj rotY :   0.0000 deg
view   0 | SOD= 571.110 mm | SDD= 675.501 mm | M= 1.183 | incident=3.8197°
[[  99.00591    -561.906       -25.030005  ]
 [ -17.932432    101.87215      19.969995  ]
 [   0.14733118    0.02595546    0.        ]
 [   0.            0.            0.1496    ]]
Residual vector length: 162, Jacobian shape: (162, 6)
view   0 | SOD= 571.072 mm | SDD= 675.501 mm | M= 1.183 | incident=3.8197°
[[  99.16553    -561.8396      -25.021267  ]
 [ -17.984926    101.90113      19.978733  ]
 [   0.14732286    0.02600253    0.        ]
 [   0.            0.            0.1496    ]]

iter 15 cost=3.286492 -> 3.311435 |dtheta|=4.411500e-02  lambda=1.000e-06

============================================================
Iteration 16
============================================================
Theta offsets (Unity frame):
  Source   : dSx=   0.000, dSy=   0.000, dSz=   0.000  (mm)
  Object   : dOx= -10.007, dOy=   4.970, dOz= -18.438  (mm)
  Object offset: offset_x=  -0.008, offset_z=  -0.000  (mm)
  Detector : dDx=   0.000, dDy=   0.000, dDz=   0.000  (mm)
  Obj Stage rotY :    9.991 deg
============================================================

Unity geometry (world coordinates):
  Source   : x=   0.000, y=  45.000, z=   0.000
  Object   : x=  -0.007, y=  19.970, z= 570.562
  Detector : x=   0.000, y=   0.000, z= 674.000
  Obj rotY :   0.0000 deg
view   0 | SOD= 571.110 mm | SDD= 675.501 mm | M= 1.183 | incident=3.8197°
[[  99.00591    -561.906       -25.030005  ]
 [ -17.932432    101.87215      19.969995  ]
 [   0.14733118    0.02595546    0.        ]
 [   0.            0.            0.1496    ]]
Residual vector length: 162, Jacobian shape: (162, 6)
view   0 | SOD= 571.072 mm | SDD= 675.501 mm | M= 1.183 | incident=3.8197°
[[  99.16553    -561.8396      -25.021267  ]
 [ -17.984926    101.90113      19.978733  ]
 [   0.14732286    0.02600253    0.        ]
 [   0.            0.            0.1496    ]]

iter 16 cost=3.286492 -> 3.311435 |dtheta|=4.411500e-02  lambda=5.000e-06

============================================================
Iteration 17
============================================================
Theta offsets (Unity frame):
  Source   : dSx=   0.000, dSy=   0.000, dSz=   0.000  (mm)
  Object   : dOx= -10.007, dOy=   4.970, dOz= -18.438  (mm)
  Object offset: offset_x=  -0.008, offset_z=  -0.000  (mm)
  Detector : dDx=   0.000, dDy=   0.000, dDz=   0.000  (mm)
  Obj Stage rotY :    9.991 deg
============================================================

Unity geometry (world coordinates):
  Source   : x=   0.000, y=  45.000, z=   0.000
  Object   : x=  -0.007, y=  19.970, z= 570.562
  Detector : x=   0.000, y=   0.000, z= 674.000
  Obj rotY :   0.0000 deg
view   0 | SOD= 571.110 mm | SDD= 675.501 mm | M= 1.183 | incident=3.8197°
[[  99.00591    -561.906       -25.030005  ]
 [ -17.932432    101.87215      19.969995  ]
 [   0.14733118    0.02595546    0.        ]
 [   0.            0.            0.1496    ]]
Residual vector length: 162, Jacobian shape: (162, 6)
view   0 | SOD= 571.072 mm | SDD= 675.501 mm | M= 1.183 | incident=3.8197°
[[  99.16553    -561.8396      -25.021267  ]
 [ -17.984926    101.90113      19.978733  ]
 [   0.14732286    0.02600253    0.        ]
 [   0.            0.            0.1496    ]]

iter 17 cost=3.286492 -> 3.311435 |dtheta|=4.411499e-02  lambda=2.500e-05

============================================================
Iteration 18
============================================================
Theta offsets (Unity frame):
  Source   : dSx=   0.000, dSy=   0.000, dSz=   0.000  (mm)
  Object   : dOx= -10.007, dOy=   4.970, dOz= -18.438  (mm)
  Object offset: offset_x=  -0.008, offset_z=  -0.000  (mm)
  Detector : dDx=   0.000, dDy=   0.000, dDz=   0.000  (mm)
  Obj Stage rotY :    9.991 deg
============================================================

Unity geometry (world coordinates):
  Source   : x=   0.000, y=  45.000, z=   0.000
  Object   : x=  -0.007, y=  19.970, z= 570.562
  Detector : x=   0.000, y=   0.000, z= 674.000
  Obj rotY :   0.0000 deg
view   0 | SOD= 571.110 mm | SDD= 675.501 mm | M= 1.183 | incident=3.8197°
[[  99.00591    -561.906       -25.030005  ]
 [ -17.932432    101.87215      19.969995  ]
 [   0.14733118    0.02595546    0.        ]
 [   0.            0.            0.1496    ]]
Residual vector length: 162, Jacobian shape: (162, 6)
view   0 | SOD= 571.072 mm | SDD= 675.501 mm | M= 1.183 | incident=3.8197°
[[  99.16553    -561.8396      -25.021267  ]
 [ -17.984926    101.90113      19.978733  ]
 [   0.14732286    0.02600253    0.        ]
 [   0.            0.            0.1496    ]]

iter 18 cost=3.286492 -> 3.311435 |dtheta|=4.411497e-02  lambda=1.250e-04

============================================================
Iteration 19
============================================================
Theta offsets (Unity frame):
  Source   : dSx=   0.000, dSy=   0.000, dSz=   0.000  (mm)
  Object   : dOx= -10.007, dOy=   4.970, dOz= -18.438  (mm)
  Object offset: offset_x=  -0.008, offset_z=  -0.000  (mm)
  Detector : dDx=   0.000, dDy=   0.000, dDz=   0.000  (mm)
  Obj Stage rotY :    9.991 deg
============================================================

Unity geometry (world coordinates):
  Source   : x=   0.000, y=  45.000, z=   0.000
  Object   : x=  -0.007, y=  19.970, z= 570.562
  Detector : x=   0.000, y=   0.000, z= 674.000
  Obj rotY :   0.0000 deg
view   0 | SOD= 571.110 mm | SDD= 675.501 mm | M= 1.183 | incident=3.8197°
[[  99.00591    -561.906       -25.030005  ]
 [ -17.932432    101.87215      19.969995  ]
 [   0.14733118    0.02595546    0.        ]
 [   0.            0.            0.1496    ]]
Residual vector length: 162, Jacobian shape: (162, 6)
view   0 | SOD= 571.072 mm | SDD= 675.501 mm | M= 1.183 | incident=3.8197°
[[  99.16553    -561.8396      -25.021267  ]
 [ -17.984926    101.90113      19.978733  ]
 [   0.14732286    0.02600253    0.        ]
 [   0.            0.            0.1496    ]]

iter 19 cost=3.286492 -> 3.311435 |dtheta|=4.411488e-02  lambda=6.250e-04

============================================================
Iteration 20
============================================================
Theta offsets (Unity frame):
  Source   : dSx=   0.000, dSy=   0.000, dSz=   0.000  (mm)
  Object   : dOx= -10.007, dOy=   4.970, dOz= -18.438  (mm)
  Object offset: offset_x=  -0.008, offset_z=  -0.000  (mm)
  Detector : dDx=   0.000, dDy=   0.000, dDz=   0.000  (mm)
  Obj Stage rotY :    9.991 deg
============================================================

Unity geometry (world coordinates):
  Source   : x=   0.000, y=  45.000, z=   0.000
  Object   : x=  -0.007, y=  19.970, z= 570.562
  Detector : x=   0.000, y=   0.000, z= 674.000
  Obj rotY :   0.0000 deg
view   0 | SOD= 571.110 mm | SDD= 675.501 mm | M= 1.183 | incident=3.8197°
[[  99.00591    -561.906       -25.030005  ]
 [ -17.932432    101.87215      19.969995  ]
 [   0.14733118    0.02595546    0.        ]
 [   0.            0.            0.1496    ]]
Residual vector length: 162, Jacobian shape: (162, 6)
view   0 | SOD= 571.072 mm | SDD= 675.501 mm | M= 1.183 | incident=3.8197°
[[  99.16553    -561.8396      -25.021267  ]
 [ -17.984926    101.90113      19.978733  ]
 [   0.14732286    0.02600253    0.        ]
 [   0.            0.            0.1496    ]]

iter 20 cost=3.286492 -> 3.311435 |dtheta|=4.411440e-02  lambda=3.125e-03

============================================================
Iteration 21
============================================================
Theta offsets (Unity frame):
  Source   : dSx=   0.000, dSy=   0.000, dSz=   0.000  (mm)
  Object   : dOx= -10.007, dOy=   4.970, dOz= -18.438  (mm)
  Object offset: offset_x=  -0.008, offset_z=  -0.000  (mm)
  Detector : dDx=   0.000, dDy=   0.000, dDz=   0.000  (mm)
  Obj Stage rotY :    9.991 deg
============================================================

Unity geometry (world coordinates):
  Source   : x=   0.000, y=  45.000, z=   0.000
  Object   : x=  -0.007, y=  19.970, z= 570.562
  Detector : x=   0.000, y=   0.000, z= 674.000
  Obj rotY :   0.0000 deg
view   0 | SOD= 571.110 mm | SDD= 675.501 mm | M= 1.183 | incident=3.8197°
[[  99.00591    -561.906       -25.030005  ]
 [ -17.932432    101.87215      19.969995  ]
 [   0.14733118    0.02595546    0.        ]
 [   0.            0.            0.1496    ]]
Residual vector length: 162, Jacobian shape: (162, 6)
view   0 | SOD= 571.072 mm | SDD= 675.501 mm | M= 1.183 | incident=3.8197°
[[  99.16552    -561.8396      -25.021267  ]
 [ -17.984924    101.90113      19.978733  ]
 [   0.14732286    0.02600253    0.        ]
 [   0.            0.            0.1496    ]]

iter 21 cost=3.286492 -> 3.311435 |dtheta|=4.411199e-02  lambda=1.562e-02

============================================================
Iteration 22
============================================================
Theta offsets (Unity frame):
  Source   : dSx=   0.000, dSy=   0.000, dSz=   0.000  (mm)
  Object   : dOx= -10.007, dOy=   4.970, dOz= -18.438  (mm)
  Object offset: offset_x=  -0.008, offset_z=  -0.000  (mm)
  Detector : dDx=   0.000, dDy=   0.000, dDz=   0.000  (mm)
  Obj Stage rotY :    9.991 deg
============================================================

Unity geometry (world coordinates):
  Source   : x=   0.000, y=  45.000, z=   0.000
  Object   : x=  -0.007, y=  19.970, z= 570.562
  Detector : x=   0.000, y=   0.000, z= 674.000
  Obj rotY :   0.0000 deg
view   0 | SOD= 571.110 mm | SDD= 675.501 mm | M= 1.183 | incident=3.8197°
[[  99.00591    -561.906       -25.030005  ]
 [ -17.932432    101.87215      19.969995  ]
 [   0.14733118    0.02595546    0.        ]
 [   0.            0.            0.1496    ]]
Residual vector length: 162, Jacobian shape: (162, 6)
view   0 | SOD= 571.072 mm | SDD= 675.501 mm | M= 1.183 | incident=3.8197°
[[  99.16548    -561.8396      -25.021267  ]
 [ -17.984919    101.90113      19.978733  ]
 [   0.14732288    0.02600252    0.        ]
 [   0.            0.            0.1496    ]]

iter 22 cost=3.286492 -> 3.311435 |dtheta|=4.409994e-02  lambda=7.812e-02

============================================================
Iteration 23
============================================================
Theta offsets (Unity frame):
  Source   : dSx=   0.000, dSy=   0.000, dSz=   0.000  (mm)
  Object   : dOx= -10.007, dOy=   4.970, dOz= -18.438  (mm)
  Object offset: offset_x=  -0.008, offset_z=  -0.000  (mm)
  Detector : dDx=   0.000, dDy=   0.000, dDz=   0.000  (mm)
  Obj Stage rotY :    9.991 deg
============================================================

Unity geometry (world coordinates):
  Source   : x=   0.000, y=  45.000, z=   0.000
  Object   : x=  -0.007, y=  19.970, z= 570.562
  Detector : x=   0.000, y=   0.000, z= 674.000
  Obj rotY :   0.0000 deg
view   0 | SOD= 571.110 mm | SDD= 675.501 mm | M= 1.183 | incident=3.8197°
[[  99.00591    -561.906       -25.030005  ]
 [ -17.932432    101.87215      19.969995  ]
 [   0.14733118    0.02595546    0.        ]
 [   0.            0.            0.1496    ]]
Residual vector length: 162, Jacobian shape: (162, 6)
view   0 | SOD= 571.072 mm | SDD= 675.501 mm | M= 1.183 | incident=3.8197°
[[  99.165306   -561.8397      -25.02127   ]
 [ -17.984875    101.90108      19.97873   ]
 [   0.14732288    0.02600247    0.        ]
 [   0.            0.            0.1496    ]]

iter 23 cost=3.286492 -> 3.311435 |dtheta|=4.403984e-02  lambda=3.906e-01

============================================================
Iteration 24
============================================================
Theta offsets (Unity frame):
  Source   : dSx=   0.000, dSy=   0.000, dSz=   0.000  (mm)
  Object   : dOx= -10.007, dOy=   4.970, dOz= -18.438  (mm)
  Object offset: offset_x=  -0.008, offset_z=  -0.000  (mm)
  Detector : dDx=   0.000, dDy=   0.000, dDz=   0.000  (mm)
  Obj Stage rotY :    9.991 deg
============================================================

Unity geometry (world coordinates):
  Source   : x=   0.000, y=  45.000, z=   0.000
  Object   : x=  -0.007, y=  19.970, z= 570.562
  Detector : x=   0.000, y=   0.000, z= 674.000
  Obj rotY :   0.0000 deg
view   0 | SOD= 571.110 mm | SDD= 675.501 mm | M= 1.183 | incident=3.8197°
[[  99.00591    -561.906       -25.030005  ]
 [ -17.932432    101.87215      19.969995  ]
 [   0.14733118    0.02595546    0.        ]
 [   0.            0.            0.1496    ]]
Residual vector length: 162, Jacobian shape: (162, 6)
view   0 | SOD= 571.073 mm | SDD= 675.501 mm | M= 1.183 | incident=3.8197°
[[  99.16444    -561.8401      -25.021286  ]
 [ -17.984673    101.90086      19.978714  ]
 [   0.14732292    0.02600223    0.        ]
 [   0.            0.            0.1496    ]]

iter 24 cost=3.286492 -> 3.311435 |dtheta|=4.374216e-02  lambda=1.953e+00

============================================================
Iteration 25
============================================================
Theta offsets (Unity frame):
  Source   : dSx=   0.000, dSy=   0.000, dSz=   0.000  (mm)
  Object   : dOx= -10.007, dOy=   4.970, dOz= -18.438  (mm)
  Object offset: offset_x=  -0.008, offset_z=  -0.000  (mm)
  Detector : dDx=   0.000, dDy=   0.000, dDz=   0.000  (mm)
  Obj Stage rotY :    9.991 deg
============================================================

Unity geometry (world coordinates):
  Source   : x=   0.000, y=  45.000, z=   0.000
  Object   : x=  -0.007, y=  19.970, z= 570.562
  Detector : x=   0.000, y=   0.000, z= 674.000
  Obj rotY :   0.0000 deg
view   0 | SOD= 571.110 mm | SDD= 675.501 mm | M= 1.183 | incident=3.8197°
[[  99.00591    -561.906       -25.030005  ]
 [ -17.932432    101.87215      19.969995  ]
 [   0.14733118    0.02595546    0.        ]
 [   0.            0.            0.1496    ]]
Residual vector length: 162, Jacobian shape: (162, 6)
view   0 | SOD= 571.074 mm | SDD= 675.501 mm | M= 1.183 | incident=3.8197°
[[  99.160225   -561.8422      -25.021364  ]
 [ -17.98366     101.89968      19.978636  ]
 [   0.14732313    0.02600108    0.        ]
 [   0.            0.            0.1496    ]]

iter 25 cost=3.286492 -> 3.378435 |dtheta|=4.232170e-02  lambda=9.766e+00

============================================================
Iteration 26
============================================================
Theta offsets (Unity frame):
  Source   : dSx=   0.000, dSy=   0.000, dSz=   0.000  (mm)
  Object   : dOx= -10.007, dOy=   4.970, dOz= -18.438  (mm)
  Object offset: offset_x=  -0.008, offset_z=  -0.000  (mm)
  Detector : dDx=   0.000, dDy=   0.000, dDz=   0.000  (mm)
  Obj Stage rotY :    9.991 deg
============================================================

Unity geometry (world coordinates):
  Source   : x=   0.000, y=  45.000, z=   0.000
  Object   : x=  -0.007, y=  19.970, z= 570.562
  Detector : x=   0.000, y=   0.000, z= 674.000
  Obj rotY :   0.0000 deg
view   0 | SOD= 571.110 mm | SDD= 675.501 mm | M= 1.183 | incident=3.8197°
[[  99.00591    -561.906       -25.030005  ]
 [ -17.932432    101.87215      19.969995  ]
 [   0.14733118    0.02595546    0.        ]
 [   0.            0.            0.1496    ]]
Residual vector length: 162, Jacobian shape: (162, 6)
view   0 | SOD= 571.079 mm | SDD= 675.501 mm | M= 1.183 | incident=3.8197°
[[  99.14219    -561.85095     -25.021692  ]
 [ -17.979322    101.89487      19.978308  ]
 [   0.14732401    0.02599611    0.        ]
 [   0.            0.            0.1496    ]]

iter 26 cost=3.286492 -> 3.319986 |dtheta|=3.658396e-02  lambda=4.883e+01

============================================================
Iteration 27
============================================================
Theta offsets (Unity frame):
  Source   : dSx=   0.000, dSy=   0.000, dSz=   0.000  (mm)
  Object   : dOx= -10.007, dOy=   4.970, dOz= -18.438  (mm)
  Object offset: offset_x=  -0.008, offset_z=  -0.000  (mm)
  Detector : dDx=   0.000, dDy=   0.000, dDz=   0.000  (mm)
  Obj Stage rotY :    9.991 deg
============================================================

Unity geometry (world coordinates):
  Source   : x=   0.000, y=  45.000, z=   0.000
  Object   : x=  -0.007, y=  19.970, z= 570.562
  Detector : x=   0.000, y=   0.000, z= 674.000
  Obj rotY :   0.0000 deg
view   0 | SOD= 571.110 mm | SDD= 675.501 mm | M= 1.183 | incident=3.8197°
[[  99.00591    -561.906       -25.030005  ]
 [ -17.932432    101.87215      19.969995  ]
 [   0.14733118    0.02595546    0.        ]
 [   0.            0.            0.1496    ]]
Residual vector length: 162, Jacobian shape: (162, 6)
view   0 | SOD= 571.092 mm | SDD= 675.501 mm | M= 1.183 | incident=3.8197°
[[  99.09143    -561.8729      -25.022644  ]
 [ -17.967049    101.88402      19.977356  ]
 [   0.14732647    0.02598212    0.        ]
 [   0.            0.            0.1496    ]]

iter 27 cost=3.286492 -> 3.381488 |dtheta|=2.326695e-02  lambda=2.441e+02

============================================================
Iteration 28
============================================================
Theta offsets (Unity frame):
  Source   : dSx=   0.000, dSy=   0.000, dSz=   0.000  (mm)
  Object   : dOx= -10.007, dOy=   4.970, dOz= -18.438  (mm)
  Object offset: offset_x=  -0.008, offset_z=  -0.000  (mm)
  Detector : dDx=   0.000, dDy=   0.000, dDz=   0.000  (mm)
  Obj Stage rotY :    9.991 deg
============================================================

Unity geometry (world coordinates):
  Source   : x=   0.000, y=  45.000, z=   0.000
  Object   : x=  -0.007, y=  19.970, z= 570.562
  Detector : x=   0.000, y=   0.000, z= 674.000
  Obj rotY :   0.0000 deg
view   0 | SOD= 571.110 mm | SDD= 675.501 mm | M= 1.183 | incident=3.8197°
[[  99.00591    -561.906       -25.030005  ]
 [ -17.932432    101.87215      19.969995  ]
 [   0.14733118    0.02595546    0.        ]
 [   0.            0.            0.1496    ]]
Residual vector length: 162, Jacobian shape: (162, 6)
view   0 | SOD= 571.103 mm | SDD= 675.501 mm | M= 1.183 | incident=3.8197°
[[  99.03324    -561.8945      -25.02456   ]
 [ -17.95074     101.87561      19.97544   ]
 [   0.14732939    0.02596558    0.        ]
 [   0.            0.            0.1496    ]]

iter 28 cost=3.286492 -> 3.384654 |dtheta|=1.155312e-02  lambda=1.221e+03

============================================================
Iteration 29
============================================================
Theta offsets (Unity frame):
  Source   : dSx=   0.000, dSy=   0.000, dSz=   0.000  (mm)
  Object   : dOx= -10.007, dOy=   4.970, dOz= -18.438  (mm)
  Object offset: offset_x=  -0.008, offset_z=  -0.000  (mm)
  Detector : dDx=   0.000, dDy=   0.000, dDz=   0.000  (mm)
  Obj Stage rotY :    9.991 deg
============================================================

Unity geometry (world coordinates):
  Source   : x=   0.000, y=  45.000, z=   0.000
  Object   : x=  -0.007, y=  19.970, z= 570.562
  Detector : x=   0.000, y=   0.000, z= 674.000
  Obj rotY :   0.0000 deg
view   0 | SOD= 571.110 mm | SDD= 675.501 mm | M= 1.183 | incident=3.8197°
[[  99.00591    -561.906       -25.030005  ]
 [ -17.932432    101.87215      19.969995  ]
 [   0.14733118    0.02595546    0.        ]
 [   0.            0.            0.1496    ]]
Residual vector length: 162, Jacobian shape: (162, 6)
view   0 | SOD= 571.108 mm | SDD= 675.501 mm | M= 1.183 | incident=3.8197°
[[  99.01075    -561.9031      -25.02744   ]
 [ -17.939148    101.87301      19.97256   ]
 [   0.14733072    0.02595802    0.        ]
 [   0.            0.            0.1496    ]]

iter 29 cost=3.286492 -> 3.149268 |dtheta|=4.723431e-03  lambda=6.104e+03

============================================================
Iteration 30
============================================================
Theta offsets (Unity frame):
  Source   : dSx=   0.000, dSy=   0.000, dSz=   0.000  (mm)
  Object   : dOx= -10.003, dOy=   4.973, dOz= -18.439  (mm)
  Object offset: offset_x=  -0.006, offset_z=  -0.001  (mm)
  Detector : dDx=   0.000, dDy=   0.000, dDz=   0.000  (mm)
  Obj Stage rotY :    9.992 deg
============================================================

Unity geometry (world coordinates):
  Source   : x=   0.000, y=  45.000, z=   0.000
  Object   : x=  -0.003, y=  19.973, z= 570.561
  Detector : x=   0.000, y=   0.000, z= 674.000
  Obj rotY :   0.0000 deg
view   0 | SOD= 571.108 mm | SDD= 675.501 mm | M= 1.183 | incident=3.8197°
[[  99.01075    -561.9031      -25.02744   ]
 [ -17.939148    101.87301      19.97256   ]
 [   0.14733072    0.02595802    0.        ]
 [   0.            0.            0.1496    ]]
Residual vector length: 162, Jacobian shape: (162, 6)
view   0 | SOD= 571.102 mm | SDD= 675.501 mm | M= 1.183 | incident=3.8197°
[[  99.01533    -561.89624     -25.025846  ]
 [ -17.947405    101.877625     19.974154  ]
 [   0.14733022    0.02596087    0.        ]
 [   0.            0.            0.1496    ]]

iter 30 cost=3.149268 -> 3.115295 |dtheta|=7.183857e-03  lambda=2.035e+03

============================================================
Iteration 31
============================================================
Theta offsets (Unity frame):
  Source   : dSx=   0.000, dSy=   0.000, dSz=   0.000  (mm)
  Object   : dOx= -10.002, dOy=   4.974, dOz= -18.445  (mm)
  Object offset: offset_x=  -0.002, offset_z=  -0.002  (mm)
  Detector : dDx=   0.000, dDy=   0.000, dDz=   0.000  (mm)
  Obj Stage rotY :    9.993 deg
============================================================

Unity geometry (world coordinates):
  Source   : x=   0.000, y=  45.000, z=   0.000
  Object   : x=  -0.002, y=  19.974, z= 570.555
  Detector : x=   0.000, y=   0.000, z= 674.000
  Obj rotY :   0.0000 deg
view   0 | SOD= 571.102 mm | SDD= 675.501 mm | M= 1.183 | incident=3.8197°
[[  99.01533    -561.89624     -25.025846  ]
 [ -17.947405    101.877625     19.974154  ]
 [   0.14733022    0.02596087    0.        ]
 [   0.            0.            0.1496    ]]
Residual vector length: 162, Jacobian shape: (162, 6)
view   0 | SOD= 571.088 mm | SDD= 675.501 mm | M= 1.183 | incident=3.8197°
[[  98.95931    -561.89215     -25.025665  ]
 [ -17.943285    101.892296     19.974335  ]
 [   0.14733256    0.02594752    0.        ]
 [   0.            0.            0.1496    ]]

iter 31 cost=3.115295 -> 3.003101 |dtheta|=1.364448e-02  lambda=6.782e+02

============================================================
Iteration 32
============================================================
Theta offsets (Unity frame):
  Source   : dSx=   0.000, dSy=   0.000, dSz=   0.000  (mm)
  Object   : dOx=  -9.999, dOy=   4.974, dOz= -18.457  (mm)
  Object offset: offset_x=  -0.002, offset_z=  -0.003  (mm)
  Detector : dDx=   0.000, dDy=   0.000, dDz=   0.000  (mm)
  Obj Stage rotY :    9.988 deg
============================================================

Unity geometry (world coordinates):
  Source   : x=   0.000, y=  45.000, z=   0.000
  Object   : x=   0.001, y=  19.974, z= 570.543
  Detector : x=   0.000, y=   0.000, z= 674.000
  Obj rotY :   0.0000 deg
view   0 | SOD= 571.088 mm | SDD= 675.501 mm | M= 1.183 | incident=3.8197°
[[  98.95931    -561.89215     -25.025665  ]
 [ -17.943285    101.892296     19.974335  ]
 [   0.14733256    0.02594752    0.        ]
 [   0.            0.            0.1496    ]]
Residual vector length: 162, Jacobian shape: (162, 6)
view   0 | SOD= 571.039 mm | SDD= 675.501 mm | M= 1.183 | incident=3.8197°
[[  98.90875    -561.8511      -25.02202   ]
 [ -17.943113    101.942276     19.97798   ]
 [   0.14733455    0.02593626    0.        ]
 [   0.            0.            0.1496    ]]

iter 32 cost=3.003101 -> 2.550175 |dtheta|=4.738247e-02  lambda=2.261e+02

============================================================
Iteration 33
============================================================
Theta offsets (Unity frame):
  Source   : dSx=   0.000, dSy=   0.000, dSz=   0.000  (mm)
  Object   : dOx= -10.000, dOy=   4.978, dOz= -18.504  (mm)
  Object offset: offset_x=  -0.002, offset_z=  -0.005  (mm)
  Detector : dDx=   0.000, dDy=   0.000, dDz=   0.000  (mm)
  Obj Stage rotY :    9.984 deg
============================================================

Unity geometry (world coordinates):
  Source   : x=   0.000, y=  45.000, z=   0.000
  Object   : x=  -0.000, y=  19.978, z= 570.496
  Detector : x=   0.000, y=   0.000, z= 674.000
  Obj rotY :   0.0000 deg
view   0 | SOD= 571.039 mm | SDD= 675.501 mm | M= 1.183 | incident=3.8197°
[[  98.90875    -561.8511      -25.02202   ]
 [ -17.943113    101.942276     19.97798   ]
 [   0.14733455    0.02593626    0.        ]
 [   0.            0.            0.1496    ]]
Residual vector length: 162, Jacobian shape: (162, 6)
view   0 | SOD= 570.990 mm | SDD= 675.501 mm | M= 1.183 | incident=3.8197°
[[  98.912704   -561.80096     -25.017252  ]
 [ -17.95658     101.989365     19.982748  ]
 [   0.14733388    0.02594013    0.        ]
 [   0.            0.            0.1496    ]]

iter 33 cost=2.550175 -> 2.074846 |dtheta|=4.934529e-02  lambda=7.535e+01

============================================================
Iteration 34
============================================================
Theta offsets (Unity frame):
  Source   : dSx=   0.000, dSy=   0.000, dSz=   0.000  (mm)
  Object   : dOx= -10.003, dOy=   4.983, dOz= -18.553  (mm)
  Object offset: offset_x=   0.003, offset_z=  -0.005  (mm)
  Detector : dDx=   0.000, dDy=   0.000, dDz=   0.000  (mm)
  Obj Stage rotY :    9.985 deg
============================================================

Unity geometry (world coordinates):
  Source   : x=   0.000, y=  45.000, z=   0.000
  Object   : x=  -0.003, y=  19.983, z= 570.447
  Detector : x=   0.000, y=   0.000, z= 674.000
  Obj rotY :   0.0000 deg
view   0 | SOD= 570.990 mm | SDD= 675.501 mm | M= 1.183 | incident=3.8197°
[[  98.912704   -561.80096     -25.017252  ]
 [ -17.95658     101.989365     19.982748  ]
 [   0.14733388    0.02594013    0.        ]
 [   0.            0.            0.1496    ]]
Residual vector length: 162, Jacobian shape: (162, 6)
view   0 | SOD= 570.886 mm | SDD= 675.501 mm | M= 1.183 | incident=3.8197°
[[  99.1454     -561.6539      -25.01646   ]
 [ -18.025536    102.083244     19.98354   ]
 [   0.14732207    0.02600708    0.        ]
 [   0.            0.            0.1496    ]]

iter 34 cost=2.074846 -> 1.482609 |dtheta|=1.072917e-01  lambda=2.512e+01

============================================================
Iteration 35
============================================================
Theta offsets (Unity frame):
  Source   : dSx=   0.000, dSy=   0.000, dSz=   0.000  (mm)
  Object   : dOx=  -9.999, dOy=   4.984, dOz= -18.657  (mm)
  Object offset: offset_x=   0.004, offset_z=  -0.006  (mm)
  Detector : dDx=   0.000, dDy=   0.000, dDz=   0.000  (mm)
  Obj Stage rotY :   10.011 deg
============================================================

Unity geometry (world coordinates):
  Source   : x=   0.000, y=  45.000, z=   0.000
  Object   : x=   0.001, y=  19.984, z= 570.343
  Detector : x=   0.000, y=   0.000, z= 674.000
  Obj rotY :   0.0000 deg
view   0 | SOD= 570.886 mm | SDD= 675.501 mm | M= 1.183 | incident=3.8197°
[[  99.1454     -561.6539      -25.01646   ]
 [ -18.025536    102.083244     19.98354   ]
 [   0.14732207    0.02600708    0.        ]
 [   0.            0.            0.1496    ]]
Residual vector length: 162, Jacobian shape: (162, 6)
view   0 | SOD= 570.815 mm | SDD= 675.501 mm | M= 1.183 | incident=3.8197°
[[  99.14981    -561.5808      -25.010435  ]
 [ -18.038946    102.153145     19.989565  ]
 [   0.14732137    0.02601103    0.        ]
 [   0.            0.            0.1496    ]]

iter 35 cost=1.482609 -> 1.037593 |dtheta|=7.052440e-02  lambda=8.372e+00

============================================================
Iteration 36
============================================================
Theta offsets (Unity frame):
  Source   : dSx=   0.000, dSy=   0.000, dSz=   0.000  (mm)
  Object   : dOx=  -9.998, dOy=   4.990, dOz= -18.727  (mm)
  Object offset: offset_x=   0.001, offset_z=  -0.007  (mm)
  Detector : dDx=   0.000, dDy=   0.000, dDz=   0.000  (mm)
  Obj Stage rotY :   10.013 deg
============================================================

Unity geometry (world coordinates):
  Source   : x=   0.000, y=  45.000, z=   0.000
  Object   : x=   0.002, y=  19.990, z= 570.273
  Detector : x=   0.000, y=   0.000, z= 674.000
  Obj rotY :   0.0000 deg
view   0 | SOD= 570.815 mm | SDD= 675.501 mm | M= 1.183 | incident=3.8197°
[[  99.14981    -561.5808      -25.010435  ]
 [ -18.038946    102.153145     19.989565  ]
 [   0.14732137    0.02601103    0.        ]
 [   0.            0.            0.1496    ]]
Residual vector length: 162, Jacobian shape: (162, 6)
view   0 | SOD= 570.804 mm | SDD= 675.501 mm | M= 1.183 | incident=3.8197°
[[  99.11118    -561.57697     -25.008474  ]
 [ -18.024536    102.16635      19.991526  ]
 [   0.14732344    0.02599926    0.        ]
 [   0.            0.            0.1496    ]]

iter 36 cost=1.037593 -> 0.964331 |dtheta|=2.193063e-02  lambda=2.791e+00

============================================================
Iteration 37
============================================================
Theta offsets (Unity frame):
  Source   : dSx=   0.000, dSy=   0.000, dSz=   0.000  (mm)
  Object   : dOx=  -9.999, dOy=   4.992, dOz= -18.745  (mm)
  Object offset: offset_x=  -0.007, offset_z=   0.001  (mm)
  Detector : dDx=   0.000, dDy=   0.000, dDz=   0.000  (mm)
  Obj Stage rotY :   10.008 deg
============================================================

Unity geometry (world coordinates):
  Source   : x=   0.000, y=  45.000, z=   0.000
  Object   : x=   0.001, y=  19.992, z= 570.255
  Detector : x=   0.000, y=   0.000, z= 674.000
  Obj rotY :   0.0000 deg
view   0 | SOD= 570.804 mm | SDD= 675.501 mm | M= 1.183 | incident=3.8197°
[[  99.11118    -561.57697     -25.008474  ]
 [ -18.024536    102.16635      19.991526  ]
 [   0.14732344    0.02599926    0.        ]
 [   0.            0.            0.1496    ]]
Residual vector length: 162, Jacobian shape: (162, 6)
view   0 | SOD= 570.792 mm | SDD= 675.501 mm | M= 1.183 | incident=3.8197°
[[  99.03822    -561.5773      -25.009514  ]
 [ -18.016794    102.1803       19.990486  ]
 [   0.1473266     0.02598135    0.        ]
 [   0.            0.            0.1496    ]]

iter 37 cost=0.964331 -> 0.858556 |dtheta|=1.306948e-02  lambda=9.303e-01

============================================================
Iteration 38
============================================================
Theta offsets (Unity frame):
  Source   : dSx=   0.000, dSy=   0.000, dSz=   0.000  (mm)
  Object   : dOx=  -9.999, dOy=   4.990, dOz= -18.756  (mm)
  Object offset: offset_x=  -0.004, offset_z=  -0.001  (mm)
  Detector : dDx=   0.000, dDy=   0.000, dDz=   0.000  (mm)
  Obj Stage rotY :   10.001 deg
============================================================

Unity geometry (world coordinates):
  Source   : x=   0.000, y=  45.000, z=   0.000
  Object   : x=   0.001, y=  19.990, z= 570.244
  Detector : x=   0.000, y=   0.000, z= 674.000
  Obj rotY :   0.0000 deg
view   0 | SOD= 570.792 mm | SDD= 675.501 mm | M= 1.183 | incident=3.8197°
[[  99.03822    -561.5773      -25.009514  ]
 [ -18.016794    102.1803       19.990486  ]
 [   0.1473266     0.02598135    0.        ]
 [   0.            0.            0.1496    ]]
Residual vector length: 162, Jacobian shape: (162, 6)
view   0 | SOD= 570.766 mm | SDD= 675.501 mm | M= 1.183 | incident=3.8197°
[[  99.08294    -561.5433      -25.007841  ]
 [ -18.034061    102.20334      19.992159  ]
 [   0.14732417    0.02599511    0.        ]
 [   0.            0.            0.1496    ]]

iter 38 cost=0.858556 -> 0.746689 |dtheta|=2.525028e-02  lambda=3.101e-01

============================================================
Iteration 39
============================================================
Theta offsets (Unity frame):
  Source   : dSx=   0.000, dSy=   0.000, dSz=   0.000  (mm)
  Object   : dOx=  -9.997, dOy=   4.992, dOz= -18.780  (mm)
  Object offset: offset_x=  -0.003, offset_z=  -0.002  (mm)
  Detector : dDx=   0.000, dDy=   0.000, dDz=   0.000  (mm)
  Obj Stage rotY :   10.007 deg
============================================================

Unity geometry (world coordinates):
  Source   : x=   0.000, y=  45.000, z=   0.000
  Object   : x=   0.003, y=  19.992, z= 570.220
  Detector : x=   0.000, y=   0.000, z= 674.000
  Obj rotY :   0.0000 deg
view   0 | SOD= 570.766 mm | SDD= 675.501 mm | M= 1.183 | incident=3.8197°
[[  99.08294    -561.5433      -25.007841  ]
 [ -18.034061    102.20334      19.992159  ]
 [   0.14732417    0.02599511    0.        ]
 [   0.            0.            0.1496    ]]
Residual vector length: 162, Jacobian shape: (162, 6)
view   0 | SOD= 570.711 mm | SDD= 675.501 mm | M= 1.184 | incident=3.8197°
[[  99.03848    -561.4957      -25.006838  ]
 [ -18.033735    102.258804     19.993162  ]
 [   0.14732593    0.02598517    0.        ]
 [   0.            0.            0.1496    ]]

iter 39 cost=0.746689 -> 0.621253 |dtheta|=5.505008e-02  lambda=1.034e-01

============================================================
Iteration 40
============================================================
Theta offsets (Unity frame):
  Source   : dSx=   0.000, dSy=   0.000, dSz=   0.000  (mm)
  Object   : dOx=  -9.998, dOy=   4.993, dOz= -18.835  (mm)
  Object offset: offset_x=  -0.005, offset_z=  -0.002  (mm)
  Detector : dDx=   0.000, dDy=   0.000, dDz=   0.000  (mm)
  Obj Stage rotY :   10.003 deg
============================================================

Unity geometry (world coordinates):
  Source   : x=   0.000, y=  45.000, z=   0.000
  Object   : x=   0.002, y=  19.993, z= 570.165
  Detector : x=   0.000, y=   0.000, z= 674.000
  Obj rotY :   0.0000 deg
view   0 | SOD= 570.711 mm | SDD= 675.501 mm | M= 1.184 | incident=3.8197°
[[  99.03848    -561.4957      -25.006838  ]
 [ -18.033735    102.258804     19.993162  ]
 [   0.14732593    0.02598517    0.        ]
 [   0.            0.            0.1496    ]]
Residual vector length: 162, Jacobian shape: (162, 6)
view   0 | SOD= 570.724 mm | SDD= 675.501 mm | M= 1.184 | incident=3.8197°
[[  99.0816     -561.5011      -25.006882  ]
 [ -18.039074    102.24491      19.993118  ]
 [   0.14732404    0.02599592    0.        ]
 [   0.            0.            0.1496    ]]

iter 40 cost=0.621253 -> 0.648811 |dtheta|=1.182028e-02  lambda=3.445e-02

============================================================
Iteration 41
============================================================
Theta offsets (Unity frame):
  Source   : dSx=   0.000, dSy=   0.000, dSz=   0.000  (mm)
  Object   : dOx=  -9.998, dOy=   4.993, dOz= -18.835  (mm)
  Object offset: offset_x=  -0.005, offset_z=  -0.002  (mm)
  Detector : dDx=   0.000, dDy=   0.000, dDz=   0.000  (mm)
  Obj Stage rotY :   10.003 deg
============================================================

Unity geometry (world coordinates):
  Source   : x=   0.000, y=  45.000, z=   0.000
  Object   : x=   0.002, y=  19.993, z= 570.165
  Detector : x=   0.000, y=   0.000, z= 674.000
  Obj rotY :   0.0000 deg
view   0 | SOD= 570.711 mm | SDD= 675.501 mm | M= 1.184 | incident=3.8197°
[[  99.03848    -561.4957      -25.006838  ]
 [ -18.033735    102.258804     19.993162  ]
 [   0.14732593    0.02598517    0.        ]
 [   0.            0.            0.1496    ]]
Residual vector length: 162, Jacobian shape: (162, 6)
view   0 | SOD= 570.724 mm | SDD= 675.501 mm | M= 1.184 | incident=3.8197°
[[  99.08155    -561.5011      -25.006882  ]
 [ -18.039066    102.24491      19.993118  ]
 [   0.14732404    0.02599591    0.        ]
 [   0.            0.            0.1496    ]]

iter 41 cost=0.621253 -> 0.648811 |dtheta|=1.180845e-02  lambda=1.723e-01

============================================================
Iteration 42
============================================================
Theta offsets (Unity frame):
  Source   : dSx=   0.000, dSy=   0.000, dSz=   0.000  (mm)
  Object   : dOx=  -9.998, dOy=   4.993, dOz= -18.835  (mm)
  Object offset: offset_x=  -0.005, offset_z=  -0.002  (mm)
  Detector : dDx=   0.000, dDy=   0.000, dDz=   0.000  (mm)
  Obj Stage rotY :   10.003 deg
============================================================

Unity geometry (world coordinates):
  Source   : x=   0.000, y=  45.000, z=   0.000
  Object   : x=   0.002, y=  19.993, z= 570.165
  Detector : x=   0.000, y=   0.000, z= 674.000
  Obj rotY :   0.0000 deg
view   0 | SOD= 570.711 mm | SDD= 675.501 mm | M= 1.184 | incident=3.8197°
[[  99.03848    -561.4957      -25.006838  ]
 [ -18.033735    102.258804     19.993162  ]
 [   0.14732593    0.02598517    0.        ]
 [   0.            0.            0.1496    ]]
Residual vector length: 162, Jacobian shape: (162, 6)
view   0 | SOD= 570.724 mm | SDD= 675.501 mm | M= 1.184 | incident=3.8197°
[[  99.08132    -561.5011      -25.00688   ]
 [ -18.039034    102.24498      19.99312   ]
 [   0.14732406    0.02599585    0.        ]
 [   0.            0.            0.1496    ]]

iter 42 cost=0.621253 -> 0.648811 |dtheta|=1.174964e-02  lambda=8.614e-01

============================================================
Iteration 43
============================================================
Theta offsets (Unity frame):
  Source   : dSx=   0.000, dSy=   0.000, dSz=   0.000  (mm)
  Object   : dOx=  -9.998, dOy=   4.993, dOz= -18.835  (mm)
  Object offset: offset_x=  -0.005, offset_z=  -0.002  (mm)
  Detector : dDx=   0.000, dDy=   0.000, dDz=   0.000  (mm)
  Obj Stage rotY :   10.003 deg
============================================================

Unity geometry (world coordinates):
  Source   : x=   0.000, y=  45.000, z=   0.000
  Object   : x=   0.002, y=  19.993, z= 570.165
  Detector : x=   0.000, y=   0.000, z= 674.000
  Obj rotY :   0.0000 deg
view   0 | SOD= 570.711 mm | SDD= 675.501 mm | M= 1.184 | incident=3.8197°
[[  99.03848    -561.4957      -25.006838  ]
 [ -18.033735    102.258804     19.993162  ]
 [   0.14732593    0.02598517    0.        ]
 [   0.            0.            0.1496    ]]
Residual vector length: 162, Jacobian shape: (162, 6)
view   0 | SOD= 570.724 mm | SDD= 675.501 mm | M= 1.184 | incident=3.8197°
[[  99.0802     -561.501       -25.006874  ]
 [ -18.038883    102.245316     19.993126  ]
 [   0.1473241     0.02599557    0.        ]
 [   0.            0.            0.1496    ]]

iter 43 cost=0.621253 -> 0.648811 |dtheta|=1.146454e-02  lambda=4.307e+00

============================================================
Iteration 44
============================================================
Theta offsets (Unity frame):
  Source   : dSx=   0.000, dSy=   0.000, dSz=   0.000  (mm)
  Object   : dOx=  -9.998, dOy=   4.993, dOz= -18.835  (mm)
  Object offset: offset_x=  -0.005, offset_z=  -0.002  (mm)
  Detector : dDx=   0.000, dDy=   0.000, dDz=   0.000  (mm)
  Obj Stage rotY :   10.003 deg
============================================================

Unity geometry (world coordinates):
  Source   : x=   0.000, y=  45.000, z=   0.000
  Object   : x=   0.002, y=  19.993, z= 570.165
  Detector : x=   0.000, y=   0.000, z= 674.000
  Obj rotY :   0.0000 deg
view   0 | SOD= 570.711 mm | SDD= 675.501 mm | M= 1.184 | incident=3.8197°
[[  99.03848    -561.4957      -25.006838  ]
 [ -18.033735    102.258804     19.993162  ]
 [   0.14732593    0.02598517    0.        ]
 [   0.            0.            0.1496    ]]
Residual vector length: 162, Jacobian shape: (162, 6)
view   0 | SOD= 570.722 mm | SDD= 675.501 mm | M= 1.184 | incident=3.8197°
[[  99.075386   -561.50055     -25.006845  ]
 [ -18.03821     102.24667      19.993155  ]
 [   0.14732431    0.02599435    0.        ]
 [   0.            0.            0.1496    ]]

iter 44 cost=0.621253 -> 0.651098 |dtheta|=1.023140e-02  lambda=2.153e+01

============================================================
Iteration 45
============================================================
Theta offsets (Unity frame):
  Source   : dSx=   0.000, dSy=   0.000, dSz=   0.000  (mm)
  Object   : dOx=  -9.998, dOy=   4.993, dOz= -18.835  (mm)
  Object offset: offset_x=  -0.005, offset_z=  -0.002  (mm)
  Detector : dDx=   0.000, dDy=   0.000, dDz=   0.000  (mm)
  Obj Stage rotY :   10.003 deg
============================================================

Unity geometry (world coordinates):
  Source   : x=   0.000, y=  45.000, z=   0.000
  Object   : x=   0.002, y=  19.993, z= 570.165
  Detector : x=   0.000, y=   0.000, z= 674.000
  Obj rotY :   0.0000 deg
view   0 | SOD= 570.711 mm | SDD= 675.501 mm | M= 1.184 | incident=3.8197°
[[  99.03848    -561.4957      -25.006838  ]
 [ -18.033735    102.258804     19.993162  ]
 [   0.14732593    0.02598517    0.        ]
 [   0.            0.            0.1496    ]]
Residual vector length: 162, Jacobian shape: (162, 6)
view   0 | SOD= 570.719 mm | SDD= 675.501 mm | M= 1.184 | incident=3.8197°
[[  99.061745   -561.4994      -25.006767  ]
 [ -18.036316    102.2506       19.993233  ]
 [   0.14732492    0.02599091    0.        ]
 [   0.            0.            0.1496    ]]

iter 45 cost=0.621253 -> 0.640768 |dtheta|=6.740647e-03  lambda=1.077e+02

============================================================
Iteration 46
============================================================
Theta offsets (Unity frame):
  Source   : dSx=   0.000, dSy=   0.000, dSz=   0.000  (mm)
  Object   : dOx=  -9.998, dOy=   4.993, dOz= -18.835  (mm)
  Object offset: offset_x=  -0.005, offset_z=  -0.002  (mm)
  Detector : dDx=   0.000, dDy=   0.000, dDz=   0.000  (mm)
  Obj Stage rotY :   10.003 deg
============================================================

Unity geometry (world coordinates):
  Source   : x=   0.000, y=  45.000, z=   0.000
  Object   : x=   0.002, y=  19.993, z= 570.165
  Detector : x=   0.000, y=   0.000, z= 674.000
  Obj rotY :   0.0000 deg
view   0 | SOD= 570.711 mm | SDD= 675.501 mm | M= 1.184 | incident=3.8197°
[[  99.03848    -561.4957      -25.006838  ]
 [ -18.033735    102.258804     19.993162  ]
 [   0.14732593    0.02598517    0.        ]
 [   0.            0.            0.1496    ]]
Residual vector length: 162, Jacobian shape: (162, 6)
view   0 | SOD= 570.715 mm | SDD= 675.501 mm | M= 1.184 | incident=3.8197°
[[  99.046486   -561.49774     -25.006702  ]
 [ -18.034233    102.25531      19.993298  ]
 [   0.1473256     0.02598706    0.        ]
 [   0.            0.            0.1496    ]]

iter 46 cost=0.621253 -> 0.619763 |dtheta|=2.861422e-03  lambda=5.384e+02

============================================================
Iteration 47
============================================================
Theta offsets (Unity frame):
  Source   : dSx=   0.000, dSy=   0.000, dSz=   0.000  (mm)
  Object   : dOx=  -9.999, dOy=   4.993, dOz= -18.833  (mm)
  Object offset: offset_x=  -0.004, offset_z=  -0.000  (mm)
  Detector : dDx=   0.000, dDy=   0.000, dDz=   0.000  (mm)
  Obj Stage rotY :   10.004 deg
============================================================

Unity geometry (world coordinates):
  Source   : x=   0.000, y=  45.000, z=   0.000
  Object   : x=   0.001, y=  19.993, z= 570.167
  Detector : x=   0.000, y=   0.000, z= 674.000
  Obj rotY :   0.0000 deg
view   0 | SOD= 570.715 mm | SDD= 675.501 mm | M= 1.184 | incident=3.8197°
[[  99.046486   -561.49774     -25.006702  ]
 [ -18.034233    102.25531      19.993298  ]
 [   0.1473256     0.02598706    0.        ]
 [   0.            0.            0.1496    ]]
Residual vector length: 162, Jacobian shape: (162, 6)
view   0 | SOD= 570.715 mm | SDD= 675.501 mm | M= 1.184 | incident=3.8197°
[[  99.04636    -561.49786     -25.005714  ]
 [ -18.035542    102.25496      19.994286  ]
 [   0.14732556    0.02598732    0.        ]
 [   0.            0.            0.1496    ]]

iter 47 cost=0.619763 -> 0.646218 |dtheta|=2.521642e-03  lambda=1.795e+02

============================================================
Iteration 48
============================================================
Theta offsets (Unity frame):
  Source   : dSx=   0.000, dSy=   0.000, dSz=   0.000  (mm)
  Object   : dOx=  -9.999, dOy=   4.993, dOz= -18.833  (mm)
  Object offset: offset_x=  -0.004, offset_z=  -0.000  (mm)
  Detector : dDx=   0.000, dDy=   0.000, dDz=   0.000  (mm)
  Obj Stage rotY :   10.004 deg
============================================================

Unity geometry (world coordinates):
  Source   : x=   0.000, y=  45.000, z=   0.000
  Object   : x=   0.001, y=  19.993, z= 570.167
  Detector : x=   0.000, y=   0.000, z= 674.000
  Obj rotY :   0.0000 deg
view   0 | SOD= 570.715 mm | SDD= 675.501 mm | M= 1.184 | incident=3.8197°
[[  99.046486   -561.49774     -25.006702  ]
 [ -18.034233    102.25531      19.993298  ]
 [   0.1473256     0.02598706    0.        ]
 [   0.            0.            0.1496    ]]
Residual vector length: 162, Jacobian shape: (162, 6)
view   0 | SOD= 570.715 mm | SDD= 675.501 mm | M= 1.184 | incident=3.8197°
[[  99.04646    -561.4985      -25.005922  ]
 [ -18.03523     102.254395     19.994078  ]
 [   0.14732556    0.02598727    0.        ]
 [   0.            0.            0.1496    ]]

iter 48 cost=0.619763 -> 0.644253 |dtheta|=1.610700e-03  lambda=8.973e+02

============================================================
Iteration 49
============================================================
Theta offsets (Unity frame):
  Source   : dSx=   0.000, dSy=   0.000, dSz=   0.000  (mm)
  Object   : dOx=  -9.999, dOy=   4.993, dOz= -18.833  (mm)
  Object offset: offset_x=  -0.004, offset_z=  -0.000  (mm)
  Detector : dDx=   0.000, dDy=   0.000, dDz=   0.000  (mm)
  Obj Stage rotY :   10.004 deg
============================================================

Unity geometry (world coordinates):
  Source   : x=   0.000, y=  45.000, z=   0.000
  Object   : x=   0.001, y=  19.993, z= 570.167
  Detector : x=   0.000, y=   0.000, z= 674.000
  Obj rotY :   0.0000 deg
view   0 | SOD= 570.715 mm | SDD= 675.501 mm | M= 1.184 | incident=3.8197°
[[  99.046486   -561.49774     -25.006702  ]
 [ -18.034233    102.25531      19.993298  ]
 [   0.1473256     0.02598706    0.        ]
 [   0.            0.            0.1496    ]]
Residual vector length: 162, Jacobian shape: (162, 6)
view   0 | SOD= 570.715 mm | SDD= 675.501 mm | M= 1.184 | incident=3.8197°
[[  99.04628    -561.4982      -25.00629   ]
 [ -18.034712    102.25479      19.99371   ]
 [   0.14732559    0.02598712    0.        ]
 [   0.            0.            0.1496    ]]

iter 49 cost=0.619763 -> 0.681838 |dtheta|=7.234513e-04  lambda=4.486e+03

============================================================
Iteration 50
============================================================
Theta offsets (Unity frame):
  Source   : dSx=   0.000, dSy=   0.000, dSz=   0.000  (mm)
  Object   : dOx=  -9.999, dOy=   4.993, dOz= -18.833  (mm)
  Object offset: offset_x=  -0.004, offset_z=  -0.000  (mm)
  Detector : dDx=   0.000, dDy=   0.000, dDz=   0.000  (mm)
  Obj Stage rotY :   10.004 deg
============================================================

Unity geometry (world coordinates):
  Source   : x=   0.000, y=  45.000, z=   0.000
  Object   : x=   0.001, y=  19.993, z= 570.167
  Detector : x=   0.000, y=   0.000, z= 674.000
  Obj rotY :   0.0000 deg
view   0 | SOD= 570.715 mm | SDD= 675.501 mm | M= 1.184 | incident=3.8197°
[[  99.046486   -561.49774     -25.006702  ]
 [ -18.034233    102.25531      19.993298  ]
 [   0.1473256     0.02598706    0.        ]
 [   0.            0.            0.1496    ]]
Residual vector length: 162, Jacobian shape: (162, 6)
view   0 | SOD= 570.715 mm | SDD= 675.501 mm | M= 1.184 | incident=3.8197°
[[  99.0464     -561.49786     -25.006577  ]
 [ -18.034372    102.255165     19.993423  ]
 [   0.1473256     0.02598707    0.        ]
 [   0.            0.            0.1496    ]]

iter 50 cost=0.619763 -> 0.621298 |dtheta|=2.024900e-04  lambda=2.243e+04

============================================================
Iteration 51
============================================================
Theta offsets (Unity frame):
  Source   : dSx=   0.000, dSy=   0.000, dSz=   0.000  (mm)
  Object   : dOx=  -9.999, dOy=   4.993, dOz= -18.833  (mm)
  Object offset: offset_x=  -0.004, offset_z=  -0.000  (mm)
  Detector : dDx=   0.000, dDy=   0.000, dDz=   0.000  (mm)
  Obj Stage rotY :   10.004 deg
============================================================

Unity geometry (world coordinates):
  Source   : x=   0.000, y=  45.000, z=   0.000
  Object   : x=   0.001, y=  19.993, z= 570.167
  Detector : x=   0.000, y=   0.000, z= 674.000
  Obj rotY :   0.0000 deg
view   0 | SOD= 570.715 mm | SDD= 675.501 mm | M= 1.184 | incident=3.8197°
[[  99.046486   -561.49774     -25.006702  ]
 [ -18.034233    102.25531      19.993298  ]
 [   0.1473256     0.02598706    0.        ]
 [   0.            0.            0.1496    ]]
Residual vector length: 162, Jacobian shape: (162, 6)
view   0 | SOD= 570.715 mm | SDD= 675.501 mm | M= 1.184 | incident=3.8197°
[[  99.04647    -561.4978      -25.006676  ]
 [ -18.034258    102.25524      19.993324  ]
 [   0.1473256     0.02598706    0.        ]
 [   0.            0.            0.1496    ]]

iter 51 cost=0.619763 -> 0.617525 |dtheta|=4.432440e-05  lambda=1.122e+05

============================================================
Iteration 52
============================================================
Theta offsets (Unity frame):
  Source   : dSx=   0.000, dSy=   0.000, dSz=   0.000  (mm)
  Object   : dOx=  -9.999, dOy=   4.993, dOz= -18.833  (mm)
  Object offset: offset_x=  -0.004, offset_z=  -0.000  (mm)
  Detector : dDx=   0.000, dDy=   0.000, dDz=   0.000  (mm)
  Obj Stage rotY :   10.004 deg
============================================================

Unity geometry (world coordinates):
  Source   : x=   0.000, y=  45.000, z=   0.000
  Object   : x=   0.001, y=  19.993, z= 570.167
  Detector : x=   0.000, y=   0.000, z= 674.000
  Obj rotY :   0.0000 deg
view   0 | SOD= 570.715 mm | SDD= 675.501 mm | M= 1.184 | incident=3.8197°
[[  99.04647    -561.4978      -25.006676  ]
 [ -18.034258    102.25524      19.993324  ]
 [   0.1473256     0.02598706    0.        ]
 [   0.            0.            0.1496    ]]
Residual vector length: 162, Jacobian shape: (162, 6)
view   0 | SOD= 570.715 mm | SDD= 675.501 mm | M= 1.184 | incident=3.8197°
[[  99.04648    -561.49786     -25.006603  ]
 [ -18.034357    102.255165     19.993397  ]
 [   0.14732559    0.02598708    0.        ]
 [   0.            0.            0.1496    ]]

iter 52 cost=0.617525 -> 0.613405 |dtheta|=1.322236e-04  lambda=3.739e+04

============================================================
Iteration 53
============================================================
Theta offsets (Unity frame):
  Source   : dSx=   0.000, dSy=   0.000, dSz=   0.000  (mm)
  Object   : dOx=  -9.999, dOy=   4.993, dOz= -18.833  (mm)
  Object offset: offset_x=  -0.004, offset_z=  -0.000  (mm)
  Detector : dDx=   0.000, dDy=   0.000, dDz=   0.000  (mm)
  Obj Stage rotY :   10.004 deg
============================================================

Unity geometry (world coordinates):
  Source   : x=   0.000, y=  45.000, z=   0.000
  Object   : x=   0.001, y=  19.993, z= 570.167
  Detector : x=   0.000, y=   0.000, z= 674.000
  Obj rotY :   0.0000 deg
view   0 | SOD= 570.715 mm | SDD= 675.501 mm | M= 1.184 | incident=3.8197°
[[  99.04648    -561.49786     -25.006603  ]
 [ -18.034357    102.255165     19.993397  ]
 [   0.14732559    0.02598708    0.        ]
 [   0.            0.            0.1496    ]]
Residual vector length: 162, Jacobian shape: (162, 6)
view   0 | SOD= 570.715 mm | SDD= 675.501 mm | M= 1.184 | incident=3.8197°
[[  99.04967    -561.4974      -25.006214  ]
 [ -18.034914    102.255005     19.993786  ]
 [   0.14732546    0.02598791    0.        ]
 [   0.            0.            0.1496    ]]

iter 53 cost=0.613405 -> 0.645015 |dtheta|=5.760686e-04  lambda=1.246e+04

============================================================
Iteration 54
============================================================
Theta offsets (Unity frame):
  Source   : dSx=   0.000, dSy=   0.000, dSz=   0.000  (mm)
  Object   : dOx=  -9.999, dOy=   4.993, dOz= -18.833  (mm)
  Object offset: offset_x=  -0.004, offset_z=  -0.000  (mm)
  Detector : dDx=   0.000, dDy=   0.000, dDz=   0.000  (mm)
  Obj Stage rotY :   10.004 deg
============================================================

Unity geometry (world coordinates):
  Source   : x=   0.000, y=  45.000, z=   0.000
  Object   : x=   0.001, y=  19.993, z= 570.167
  Detector : x=   0.000, y=   0.000, z= 674.000
  Obj rotY :   0.0000 deg
view   0 | SOD= 570.715 mm | SDD= 675.501 mm | M= 1.184 | incident=3.8197°
[[  99.04648    -561.49786     -25.006603  ]
 [ -18.034357    102.255165     19.993397  ]
 [   0.14732559    0.02598708    0.        ]
 [   0.            0.            0.1496    ]]
Residual vector length: 162, Jacobian shape: (162, 6)
view   0 | SOD= 570.715 mm | SDD= 675.501 mm | M= 1.184 | incident=3.8197°
[[  99.04715    -561.4978      -25.00651   ]
 [ -18.03446     102.25509      19.99349   ]
 [   0.14732556    0.02598725    0.        ]
 [   0.            0.            0.1496    ]]

iter 54 cost=0.613405 -> 0.621298 |dtheta|=1.303010e-04  lambda=6.231e+04

============================================================
Iteration 55
============================================================
Theta offsets (Unity frame):
  Source   : dSx=   0.000, dSy=   0.000, dSz=   0.000  (mm)
  Object   : dOx=  -9.999, dOy=   4.993, dOz= -18.833  (mm)
  Object offset: offset_x=  -0.004, offset_z=  -0.000  (mm)
  Detector : dDx=   0.000, dDy=   0.000, dDz=   0.000  (mm)
  Obj Stage rotY :   10.004 deg
============================================================

Unity geometry (world coordinates):
  Source   : x=   0.000, y=  45.000, z=   0.000
  Object   : x=   0.001, y=  19.993, z= 570.167
  Detector : x=   0.000, y=   0.000, z= 674.000
  Obj rotY :   0.0000 deg
view   0 | SOD= 570.715 mm | SDD= 675.501 mm | M= 1.184 | incident=3.8197°
[[  99.04648    -561.49786     -25.006603  ]
 [ -18.034357    102.255165     19.993397  ]
 [   0.14732559    0.02598708    0.        ]
 [   0.            0.            0.1496    ]]
Residual vector length: 162, Jacobian shape: (162, 6)
view   0 | SOD= 570.715 mm | SDD= 675.501 mm | M= 1.184 | incident=3.8197°
[[  99.046616   -561.49786     -25.006584  ]
 [ -18.03438     102.255165     19.993416  ]
 [   0.14732559    0.02598712    0.        ]
 [   0.            0.            0.1496    ]]

iter 55 cost=0.613405 -> 0.621298 |dtheta|=2.681797e-05  lambda=3.115e+05

============================================================
Iteration 56
============================================================
Theta offsets (Unity frame):
  Source   : dSx=   0.000, dSy=   0.000, dSz=   0.000  (mm)
  Object   : dOx=  -9.999, dOy=   4.993, dOz= -18.833  (mm)
  Object offset: offset_x=  -0.004, offset_z=  -0.000  (mm)
  Detector : dDx=   0.000, dDy=   0.000, dDz=   0.000  (mm)
  Obj Stage rotY :   10.004 deg
============================================================

Unity geometry (world coordinates):
  Source   : x=   0.000, y=  45.000, z=   0.000
  Object   : x=   0.001, y=  19.993, z= 570.167
  Detector : x=   0.000, y=   0.000, z= 674.000
  Obj rotY :   0.0000 deg
view   0 | SOD= 570.715 mm | SDD= 675.501 mm | M= 1.184 | incident=3.8197°
[[  99.04648    -561.49786     -25.006603  ]
 [ -18.034357    102.255165     19.993397  ]
 [   0.14732559    0.02598708    0.        ]
 [   0.            0.            0.1496    ]]
Residual vector length: 162, Jacobian shape: (162, 6)
view   0 | SOD= 570.715 mm | SDD= 675.501 mm | M= 1.184 | incident=3.8197°
[[  99.046524   -561.49786     -25.006598  ]
 [ -18.034365    102.255165     19.993402  ]
 [   0.14732559    0.02598709    0.        ]
 [   0.            0.            0.1496    ]]

iter 56 cost=0.613405 -> 0.613405 |dtheta|=8.397747e-06  lambda=1.000e+06

============================================================
Iteration 57
============================================================
Theta offsets (Unity frame):
  Source   : dSx=   0.000, dSy=   0.000, dSz=   0.000  (mm)
  Object   : dOx=  -9.999, dOy=   4.993, dOz= -18.833  (mm)
  Object offset: offset_x=  -0.004, offset_z=  -0.000  (mm)
  Detector : dDx=   0.000, dDy=   0.000, dDz=   0.000  (mm)
  Obj Stage rotY :   10.004 deg
============================================================

Unity geometry (world coordinates):
  Source   : x=   0.000, y=  45.000, z=   0.000
  Object   : x=   0.001, y=  19.993, z= 570.167
  Detector : x=   0.000, y=   0.000, z= 674.000
  Obj rotY :   0.0000 deg
view   0 | SOD= 570.715 mm | SDD= 675.501 mm | M= 1.184 | incident=3.8197°
[[  99.04648    -561.49786     -25.006603  ]
 [ -18.034357    102.255165     19.993397  ]
 [   0.14732559    0.02598708    0.        ]
 [   0.            0.            0.1496    ]]
Residual vector length: 162, Jacobian shape: (162, 6)
view   0 | SOD= 570.715 mm | SDD= 675.501 mm | M= 1.184 | incident=3.8197°
[[  99.046524   -561.49786     -25.006598  ]
 [ -18.034365    102.255165     19.993402  ]
 [   0.14732559    0.02598709    0.        ]
 [   0.            0.            0.1496    ]]

iter 57 cost=0.613405 -> 0.613405 |dtheta|=8.397747e-06  lambda=1.000e+06

============================================================
Iteration 58
============================================================
Theta offsets (Unity frame):
  Source   : dSx=   0.000, dSy=   0.000, dSz=   0.000  (mm)
  Object   : dOx=  -9.999, dOy=   4.993, dOz= -18.833  (mm)
  Object offset: offset_x=  -0.004, offset_z=  -0.000  (mm)
  Detector : dDx=   0.000, dDy=   0.000, dDz=   0.000  (mm)
  Obj Stage rotY :   10.004 deg
============================================================

Unity geometry (world coordinates):
  Source   : x=   0.000, y=  45.000, z=   0.000
  Object   : x=   0.001, y=  19.993, z= 570.167
  Detector : x=   0.000, y=   0.000, z= 674.000
  Obj rotY :   0.0000 deg
view   0 | SOD= 570.715 mm | SDD= 675.501 mm | M= 1.184 | incident=3.8197°
[[  99.04648    -561.49786     -25.006603  ]
 [ -18.034357    102.255165     19.993397  ]
 [   0.14732559    0.02598708    0.        ]
 [   0.            0.            0.1496    ]]
Residual vector length: 162, Jacobian shape: (162, 6)
view   0 | SOD= 570.715 mm | SDD= 675.501 mm | M= 1.184 | incident=3.8197°
[[  99.046524   -561.49786     -25.006598  ]
 [ -18.034365    102.255165     19.993402  ]
 [   0.14732559    0.02598709    0.        ]
 [   0.            0.            0.1496    ]]

iter 58 cost=0.613405 -> 0.613405 |dtheta|=8.397747e-06  lambda=1.000e+06

============================================================
Iteration 59
============================================================
Theta offsets (Unity frame):
  Source   : dSx=   0.000, dSy=   0.000, dSz=   0.000  (mm)
  Object   : dOx=  -9.999, dOy=   4.993, dOz= -18.833  (mm)
  Object offset: offset_x=  -0.004, offset_z=  -0.000  (mm)
  Detector : dDx=   0.000, dDy=   0.000, dDz=   0.000  (mm)
  Obj Stage rotY :   10.004 deg
============================================================

Unity geometry (world coordinates):
  Source   : x=   0.000, y=  45.000, z=   0.000
  Object   : x=   0.001, y=  19.993, z= 570.167
  Detector : x=   0.000, y=   0.000, z= 674.000
  Obj rotY :   0.0000 deg
view   0 | SOD= 570.715 mm | SDD= 675.501 mm | M= 1.184 | incident=3.8197°
[[  99.04648    -561.49786     -25.006603  ]
 [ -18.034357    102.255165     19.993397  ]
 [   0.14732559    0.02598708    0.        ]
 [   0.            0.            0.1496    ]]
Residual vector length: 162, Jacobian shape: (162, 6)
view   0 | SOD= 570.715 mm | SDD= 675.501 mm | M= 1.184 | incident=3.8197°
[[  99.046524   -561.49786     -25.006598  ]
 [ -18.034365    102.255165     19.993402  ]
 [   0.14732559    0.02598709    0.        ]
 [   0.            0.            0.1496    ]]

iter 59 cost=0.613405 -> 0.613405 |dtheta|=8.397747e-06  lambda=1.000e+06

============================================================
Iteration 60
============================================================
Theta offsets (Unity frame):
  Source   : dSx=   0.000, dSy=   0.000, dSz=   0.000  (mm)
  Object   : dOx=  -9.999, dOy=   4.993, dOz= -18.833  (mm)
  Object offset: offset_x=  -0.004, offset_z=  -0.000  (mm)
  Detector : dDx=   0.000, dDy=   0.000, dDz=   0.000  (mm)
  Obj Stage rotY :   10.004 deg
============================================================

Unity geometry (world coordinates):
  Source   : x=   0.000, y=  45.000, z=   0.000
  Object   : x=   0.001, y=  19.993, z= 570.167
  Detector : x=   0.000, y=   0.000, z= 674.000
  Obj rotY :   0.0000 deg
view   0 | SOD= 570.715 mm | SDD= 675.501 mm | M= 1.184 | incident=3.8197°
[[  99.04648    -561.49786     -25.006603  ]
 [ -18.034357    102.255165     19.993397  ]
 [   0.14732559    0.02598708    0.        ]
 [   0.            0.            0.1496    ]]
Residual vector length: 162, Jacobian shape: (162, 6)
view   0 | SOD= 570.715 mm | SDD= 675.501 mm | M= 1.184 | incident=3.8197°
[[  99.046524   -561.49786     -25.006598  ]
 [ -18.034365    102.255165     19.993402  ]
 [   0.14732559    0.02598709    0.        ]
 [   0.            0.            0.1496    ]]

iter 60 cost=0.613405 -> 0.613405 |dtheta|=8.397747e-06  lambda=1.000e+06

============================================================
Iteration 61
============================================================
Theta offsets (Unity frame):
  Source   : dSx=   0.000, dSy=   0.000, dSz=   0.000  (mm)
  Object   : dOx=  -9.999, dOy=   4.993, dOz= -18.833  (mm)
  Object offset: offset_x=  -0.004, offset_z=  -0.000  (mm)
  Detector : dDx=   0.000, dDy=   0.000, dDz=   0.000  (mm)
  Obj Stage rotY :   10.004 deg
============================================================

Unity geometry (world coordinates):
  Source   : x=   0.000, y=  45.000, z=   0.000
  Object   : x=   0.001, y=  19.993, z= 570.167
  Detector : x=   0.000, y=   0.000, z= 674.000
  Obj rotY :   0.0000 deg
view   0 | SOD= 570.715 mm | SDD= 675.501 mm | M= 1.184 | incident=3.8197°
[[  99.04648    -561.49786     -25.006603  ]
 [ -18.034357    102.255165     19.993397  ]
 [   0.14732559    0.02598708    0.        ]
 [   0.            0.            0.1496    ]]
Residual vector length: 162, Jacobian shape: (162, 6)
view   0 | SOD= 570.715 mm | SDD= 675.501 mm | M= 1.184 | incident=3.8197°
[[  99.046524   -561.49786     -25.006598  ]
 [ -18.034365    102.255165     19.993402  ]
 [   0.14732559    0.02598709    0.        ]
 [   0.            0.            0.1496    ]]

iter 61 cost=0.613405 -> 0.613405 |dtheta|=8.397747e-06  lambda=1.000e+06

============================================================
Iteration 62
============================================================
Theta offsets (Unity frame):
  Source   : dSx=   0.000, dSy=   0.000, dSz=   0.000  (mm)
  Object   : dOx=  -9.999, dOy=   4.993, dOz= -18.833  (mm)
  Object offset: offset_x=  -0.004, offset_z=  -0.000  (mm)
  Detector : dDx=   0.000, dDy=   0.000, dDz=   0.000  (mm)
  Obj Stage rotY :   10.004 deg
============================================================

Unity geometry (world coordinates):
  Source   : x=   0.000, y=  45.000, z=   0.000
  Object   : x=   0.001, y=  19.993, z= 570.167
  Detector : x=   0.000, y=   0.000, z= 674.000
  Obj rotY :   0.0000 deg
view   0 | SOD= 570.715 mm | SDD= 675.501 mm | M= 1.184 | incident=3.8197°
[[  99.04648    -561.49786     -25.006603  ]
 [ -18.034357    102.255165     19.993397  ]
 [   0.14732559    0.02598708    0.        ]
 [   0.            0.            0.1496    ]]
Residual vector length: 162, Jacobian shape: (162, 6)
view   0 | SOD= 570.715 mm | SDD= 675.501 mm | M= 1.184 | incident=3.8197°
[[  99.046524   -561.49786     -25.006598  ]
 [ -18.034365    102.255165     19.993402  ]
 [   0.14732559    0.02598709    0.        ]
 [   0.            0.            0.1496    ]]

iter 62 cost=0.613405 -> 0.613405 |dtheta|=8.397747e-06  lambda=1.000e+06
Stalled.

Estimated theta:
  dSx: +0.000000
  dSy: +0.000000
  dOx: -9.998837
  dOy: +4.993397
  dOz: -18.833007
  dDx: +0.000000
  dDy: +0.000000
  dDz: +0.000000
alpha: +1.000362e+01 deg)
offset_x: -0.003775
offset_z: -0.000295

Final cost table:
Fake theta: [  0.   0. -10.   5. -19.   0.   0.   0.  10.   0.   0.]
Final estimated theta: [  0.           0.          -9.99883735   4.9933969  -18.83300741
   0.           0.           0.          10.0036225   -0.00377534
  -0.00029465]
Diff from Expected: [ 0.          0.          0.00116265 -0.0066031   0.16699259  0.
  0.          0.          0.0036225  -0.00377534 -0.00029465]
################################################################################

