Phantom already exists, skipping: cuboid_phantom_5_normal.npy

################################################################################
Running cuboid=normal scenario=G0 N_ANGLES=24, K=5
view   0 | SOD= 570.548 mm | SDD= 675.501 mm | M= 1.184 | incident=3.8197°
[[  98.97946    -561.3404      -25.        ]
 [ -18.05941     102.420006     20.        ]
 [   0.14732724    0.02597777    0.        ]
 [   0.            0.            0.1496    ]]
           image          x1         y1  area1          x2          y2  area2          x3          y3  area3          x4          y4  area4          x5          y5  area5
0   proj_000.png  509.659091  62.378247    616  412.934859  170.510563    568  447.295749  270.299445    541  540.796396  379.996396    555  509.697830  502.904841    599
1   proj_001.png  470.694669  62.374798    619  403.579892  170.078995    557  483.954710  270.045290    552  550.544790  381.283364    547  470.662273  503.121911    607
2   proj_002.png  432.226230  62.416393    610  399.521505  169.686380    558  520.198885  270.444238    538  555.250903  382.559567    554  432.182867  502.657331    607
3   proj_003.png  396.983361  62.439268    601  400.782686  169.286219    566  553.783734  271.086876    541  554.767764  383.987868    577  397.028476  501.073702    597
4   proj_004.png  367.852101  62.522689    595  407.146691  168.926655    559  582.503650  272.184307    548  548.943005  385.176166    579  367.865997  498.917923    597
5   proj_005.png  346.519525  62.740238    589  418.202147  168.563506    559  604.674460  273.397482    556  538.115254  386.477966    590  346.525338  495.883446    592
6   proj_006.png  334.705281  62.821124    587  433.246914  168.255732    567  618.378947  274.977193    570  523.048253  387.417637    601  334.736486  492.594595    592
7   proj_007.png  332.702277  63.000000    571  451.134380  168.162304    573  622.833043  276.666087    575  504.700000  388.055738    610  332.667820  489.086505    578
8   proj_008.png  340.440497  63.037300    563  470.793460  168.079174    581  617.253833  278.156729    587  484.471910  388.362761    623  340.409253  485.765125    562
9   proj_009.png  357.292818  63.232044    543  490.871795  168.058120    585  601.988055  279.902730    586  463.673567  388.382166    628  357.347349  482.595978    547
10  proj_010.png  381.922222  63.218519    540  509.979661  168.083051    590  577.766779  281.100671    596  443.958796  387.847861    631  381.972628  480.160584    548
11  proj_011.png  412.646098  63.324864    551  527.051993  168.318891    577  546.110197  282.184211    608  426.500000  387.101639    610  412.649819  478.270758    554
12  proj_012.png  447.230769  63.402504    559  540.792254  168.735915    568  509.638095  282.700000    630  412.952542  386.042373    590  447.269504  477.184397    564
13  proj_013.png  483.934629  63.333922    566  550.520282  169.012346    567  470.715170  282.925697    646  403.589041  384.902397    584  483.860384  476.902269    573
14  proj_014.png  520.085258  63.429840    563  555.205479  169.390411    584  432.214511  282.563091    634  399.500000  383.500000    596  520.130511  477.500882    567
15  proj_015.png  553.812165  63.329159    559  554.775717  169.880270    593  396.950000  281.769355    620  400.684300  382.071672    586  553.765542  478.845471    563
16  proj_016.png  582.518453  63.189807    569  548.892027  170.295681    602  367.768233  280.700162    617  407.080479  380.840753    584  582.573171  480.966899    574
17  proj_017.png  604.654991  63.045534    571  538.124792  170.638935    601  346.496689  279.312914    604  418.172174  379.707826    575  604.687609  483.799302    573
18  proj_018.png  618.369338  63.000000    574  523.045151  170.928094    598  334.701188  277.765705    589  433.226876  378.815009    573  618.346021  486.939446    578
19  proj_019.png  622.816112  62.880911    571  504.714992  171.082372    607  332.682456  276.012281    570  451.170475  378.093146    569  622.836522  490.267826    575
20  proj_020.png  617.208333  62.776042    576  484.483766  171.246753    616  340.433996  274.405063    553  470.790657  377.842561    578  617.268631  493.830156    577
21  proj_021.png  602.000000  62.655536    569  463.662338  171.209416    616  357.350943  272.888679    530  490.844291  377.859862    578  601.954939  496.982669    577
22  proj_022.png  577.759162  62.490401    573  444.045902  171.073770    610  381.944444  271.689655    522  509.933798  378.273519    574  577.756055  499.837370    578
23  proj_023.png  546.065657  62.429293    594  426.545455  170.796296    594  412.682657  270.795203    542  527.139823  378.955752    565  546.112245  501.719388    588

============================================================
Iteration 0
============================================================
Theta offsets (Unity frame):
  Source   : dSx=   0.000, dSy=   0.000, dSz=   0.000  (mm)
  Object   : dOx=   0.000, dOy=   0.000, dOz=   0.000  (mm)
  Object offset: offset_x=   0.000, offset_z=   0.000  (mm)
  Detector : dDx=   0.000, dDy=   0.000, dDz=   0.000  (mm)
  Obj Stage rotY :    0.000 deg
============================================================

Unity geometry (world coordinates):
  Source   : x=   0.000, y=  45.000, z=   0.000
  Object   : x=  10.000, y=  15.000, z= 589.000
  Detector : x=   0.000, y=   0.000, z= 674.000
  Obj rotY :   0.0000 deg
view   0 | SOD= 589.848 mm | SDD= 675.501 mm | M= 1.145 | incident=3.8197°
[[ -10.     -589.      -30.    ]
 [ -10.       85.       15.    ]
 [   0.1496    0.        0.    ]
 [   0.        0.        0.1496]]
Residual vector length: 480, Jacobian shape: (480, 6)
view   0 | SOD= 587.418 mm | SDD= 675.501 mm | M= 1.150 | incident=3.8197°
[[  32.55197    -585.8796      -27.312265  ]
 [  -8.073862     86.89491      17.687735  ]
 [   0.149328      0.00901725    0.        ]
 [   0.            0.            0.1496    ]]

iter 00 cost=457119.897395 -> 63075.541202 |dtheta|=8.647812e+00  lambda=1.000e-02

============================================================
Iteration 1
============================================================
Theta offsets (Unity frame):
  Source   : dSx=   0.000, dSy=   0.000, dSz=   0.000  (mm)
  Object   : dOx=  -6.961, dOy=   2.688, dOz=  -2.635  (mm)
  Object offset: offset_x=  -0.217, offset_z=   0.411  (mm)
  Detector : dDx=   0.000, dDy=   0.000, dDz=   0.000  (mm)
  Obj Stage rotY :    3.456 deg
============================================================

Unity geometry (world coordinates):
  Source   : x=   0.000, y=  45.000, z=   0.000
  Object   : x=   3.039, y=  17.688, z= 586.365
  Detector : x=   0.000, y=   0.000, z= 674.000
  Obj rotY :   0.0000 deg
view   0 | SOD= 587.418 mm | SDD= 675.501 mm | M= 1.150 | incident=3.8197°
[[  32.55197    -585.8796      -27.312265  ]
 [  -8.073862     86.89491      17.687735  ]
 [   0.149328      0.00901725    0.        ]
 [   0.            0.            0.1496    ]]
Residual vector length: 480, Jacobian shape: (480, 6)
view   0 | SOD= 584.630 mm | SDD= 675.501 mm | M= 1.155 | incident=3.8197°
[[  75.8634     -579.1078      -25.903826  ]
 [ -12.618723     89.05901      19.096174  ]
 [   0.14830528    0.01963936    0.        ]
 [   0.            0.            0.1496    ]]

iter 01 cost=63075.541202 -> 11194.080375 |dtheta|=5.649300e+00  lambda=3.333e-03

============================================================
Iteration 2
============================================================
Theta offsets (Unity frame):
  Source   : dSx=   0.000, dSy=   0.000, dSz=   0.000  (mm)
  Object   : dOx=  -9.099, dOy=   4.096, dOz=  -5.565  (mm)
  Object offset: offset_x=  -0.083, offset_z=   0.620  (mm)
  Detector : dDx=   0.000, dDy=   0.000, dDz=   0.000  (mm)
  Obj Stage rotY :    7.544 deg
============================================================

Unity geometry (world coordinates):
  Source   : x=   0.000, y=  45.000, z=   0.000
  Object   : x=   0.901, y=  19.096, z= 583.435
  Detector : x=   0.000, y=   0.000, z= 674.000
  Obj rotY :   0.0000 deg
view   0 | SOD= 584.630 mm | SDD= 675.501 mm | M= 1.155 | incident=3.8197°
[[  75.8634     -579.1078      -25.903826  ]
 [ -12.618723     89.05901      19.096174  ]
 [   0.14830528    0.01963936    0.        ]
 [   0.            0.            0.1496    ]]
Residual vector length: 480, Jacobian shape: (480, 6)
view   0 | SOD= 581.430 mm | SDD= 675.501 mm | M= 1.162 | incident=3.8197°
[[  88.11919    -574.14453     -25.580017  ]
 [ -14.452851     92.00485      19.419983  ]
 [   0.14785749    0.02276673    0.        ]
 [   0.            0.            0.1496    ]]

iter 02 cost=11194.080375 -> 4428.924403 |dtheta|=3.122585e+00  lambda=1.111e-03

============================================================
Iteration 3
============================================================
Theta offsets (Unity frame):
  Source   : dSx=   0.000, dSy=   0.000, dSz=   0.000  (mm)
  Object   : dOx=  -9.714, dOy=   4.420, dOz=  -8.325  (mm)
  Object offset: offset_x=  -0.004, offset_z=   0.192  (mm)
  Detector : dDx=   0.000, dDy=   0.000, dDz=   0.000  (mm)
  Obj Stage rotY :    8.754 deg
============================================================

Unity geometry (world coordinates):
  Source   : x=   0.000, y=  45.000, z=   0.000
  Object   : x=   0.286, y=  19.420, z= 580.675
  Detector : x=   0.000, y=   0.000, z= 674.000
  Obj rotY :   0.0000 deg
view   0 | SOD= 581.430 mm | SDD= 675.501 mm | M= 1.162 | incident=3.8197°
[[  88.11919    -574.14453     -25.580017  ]
 [ -14.452851     92.00485      19.419983  ]
 [   0.14785749    0.02276673    0.        ]
 [   0.            0.            0.1496    ]]
Residual vector length: 480, Jacobian shape: (480, 6)
view   0 | SOD= 578.839 mm | SDD= 675.501 mm | M= 1.167 | incident=3.8197°
[[  92.70571    -570.80206     -25.409805  ]
 [ -15.5188055    94.45235      19.590195  ]
 [   0.14765884    0.02402135    0.        ]
 [   0.            0.            0.1496    ]]

iter 03 cost=4428.924403 -> 2426.429169 |dtheta|=2.454409e+00  lambda=3.704e-04

============================================================
Iteration 4
============================================================
Theta offsets (Unity frame):
  Source   : dSx=   0.000, dSy=   0.000, dSz=   0.000  (mm)
  Object   : dOx=  -9.895, dOy=   4.590, dOz= -10.708  (mm)
  Object offset: offset_x=   0.046, offset_z=  -0.010  (mm)
  Detector : dDx=   0.000, dDy=   0.000, dDz=   0.000  (mm)
  Obj Stage rotY :    9.240 deg
============================================================

Unity geometry (world coordinates):
  Source   : x=   0.000, y=  45.000, z=   0.000
  Object   : x=   0.105, y=  19.590, z= 578.292
  Detector : x=   0.000, y=   0.000, z= 674.000
  Obj rotY :   0.0000 deg
view   0 | SOD= 578.839 mm | SDD= 675.501 mm | M= 1.167 | incident=3.8197°
[[  92.70571    -570.80206     -25.409805  ]
 [ -15.5188055    94.45235      19.590195  ]
 [   0.14765884    0.02402135    0.        ]
 [   0.            0.            0.1496    ]]
Residual vector length: 480, Jacobian shape: (480, 6)
view   0 | SOD= 577.146 mm | SDD= 675.501 mm | M= 1.170 | incident=3.8197°
[[  95.70687    -568.5912      -25.333279  ]
 [ -16.271564     96.041695     19.666721  ]
 [   0.14752088    0.02485456    0.        ]
 [   0.            0.            0.1496    ]]

iter 04 cost=2426.429169 -> 1447.419617 |dtheta|=1.761619e+00  lambda=1.235e-04

============================================================
Iteration 5
============================================================
Theta offsets (Unity frame):
  Source   : dSx=   0.000, dSy=   0.000, dSz=   0.000  (mm)
  Object   : dOx=  -9.954, dOy=   4.667, dOz= -12.437  (mm)
  Object offset: offset_x=   0.043, offset_z=   0.027  (mm)
  Detector : dDx=   0.000, dDy=   0.000, dDz=   0.000  (mm)
  Obj Stage rotY :    9.563 deg
============================================================

Unity geometry (world coordinates):
  Source   : x=   0.000, y=  45.000, z=   0.000
  Object   : x=   0.046, y=  19.667, z= 576.563
  Detector : x=   0.000, y=   0.000, z= 674.000
  Obj rotY :   0.0000 deg
view   0 | SOD= 577.146 mm | SDD= 675.501 mm | M= 1.170 | incident=3.8197°
[[  95.70687    -568.5912      -25.333279  ]
 [ -16.271564     96.041695     19.666721  ]
 [   0.14752088    0.02485456    0.        ]
 [   0.            0.            0.1496    ]]
Residual vector length: 480, Jacobian shape: (480, 6)
view   0 | SOD= 575.970 mm | SDD= 675.501 mm | M= 1.173 | incident=3.8197°
[[  98.1929     -566.97375     -25.30967   ]
 [ -16.868244     97.13238      19.69033   ]
 [   0.14740397    0.02553879    0.        ]
 [   0.            0.            0.1496    ]]

iter 05 cost=1447.419617 -> 963.017448 |dtheta|=1.225345e+00  lambda=4.115e-05

============================================================
Iteration 6
============================================================
Theta offsets (Unity frame):
  Source   : dSx=   0.000, dSy=   0.000, dSz=   0.000  (mm)
  Object   : dOx= -10.012, dOy=   4.690, dOz= -13.631  (mm)
  Object offset: offset_x=   0.051, offset_z=   0.045  (mm)
  Detector : dDx=   0.000, dDy=   0.000, dDz=   0.000  (mm)
  Obj Stage rotY :    9.829 deg
============================================================

Unity geometry (world coordinates):
  Source   : x=   0.000, y=  45.000, z=   0.000
  Object   : x=  -0.012, y=  19.690, z= 575.369
  Detector : x=   0.000, y=   0.000, z= 674.000
  Obj rotY :   0.0000 deg
view   0 | SOD= 575.970 mm | SDD= 675.501 mm | M= 1.173 | incident=3.8197°
[[  98.1929     -566.97375     -25.30967   ]
 [ -16.868244     97.13238      19.69033   ]
 [   0.14740397    0.02553879    0.        ]
 [   0.            0.            0.1496    ]]
Residual vector length: 480, Jacobian shape: (480, 6)
view   0 | SOD= 574.377 mm | SDD= 675.501 mm | M= 1.176 | incident=3.8197°
[[  99.57133    -565.12006     -25.173002  ]
 [ -17.444656     98.64439      19.826998  ]
 [   0.14732814    0.02597269    0.        ]
 [   0.            0.            0.1496    ]]

iter 06 cost=963.017448 -> 470.638603 |dtheta|=1.585502e+00  lambda=1.372e-05

============================================================
Iteration 7
============================================================
Theta offsets (Unity frame):
  Source   : dSx=   0.000, dSy=   0.000, dSz=   0.000  (mm)
  Object   : dOx= -10.012, dOy=   4.827, dOz= -15.202  (mm)
  Object offset: offset_x=   0.066, offset_z=   0.027  (mm)
  Detector : dDx=   0.000, dDy=   0.000, dDz=   0.000  (mm)
  Obj Stage rotY :    9.998 deg
============================================================

Unity geometry (world coordinates):
  Source   : x=   0.000, y=  45.000, z=   0.000
  Object   : x=  -0.012, y=  19.827, z= 573.798
  Detector : x=   0.000, y=   0.000, z= 674.000
  Obj rotY :   0.0000 deg
view   0 | SOD= 574.377 mm | SDD= 675.501 mm | M= 1.176 | incident=3.8197°
[[  99.57133    -565.12006     -25.173002  ]
 [ -17.444656     98.64439      19.826998  ]
 [   0.14732814    0.02597269    0.        ]
 [   0.            0.            0.1496    ]]
Residual vector length: 480, Jacobian shape: (480, 6)
view   0 | SOD= 573.676 mm | SDD= 675.501 mm | M= 1.177 | incident=3.8197°
[[  99.2267     -564.4707      -25.11747   ]
 [ -17.482342     99.3478       19.88253   ]
 [   0.14734013    0.02590456    0.        ]
 [   0.            0.            0.1496    ]]

iter 07 cost=470.638603 -> 305.835397 |dtheta|=6.985043e-01  lambda=4.572e-06

============================================================
Iteration 8
============================================================
Theta offsets (Unity frame):
  Source   : dSx=   0.000, dSy=   0.000, dSz=   0.000  (mm)
  Object   : dOx= -10.003, dOy=   4.883, dOz= -15.896  (mm)
  Object offset: offset_x=   0.018, offset_z=   0.022  (mm)
  Detector : dDx=   0.000, dDy=   0.000, dDz=   0.000  (mm)
  Obj Stage rotY :    9.972 deg
============================================================

Unity geometry (world coordinates):
  Source   : x=   0.000, y=  45.000, z=   0.000
  Object   : x=  -0.003, y=  19.883, z= 573.104
  Detector : x=   0.000, y=   0.000, z= 674.000
  Obj rotY :   0.0000 deg
view   0 | SOD= 573.676 mm | SDD= 675.501 mm | M= 1.177 | incident=3.8197°
[[  99.2267     -564.4707      -25.11747   ]
 [ -17.482342     99.3478       19.88253   ]
 [   0.14734013    0.02590456    0.        ]
 [   0.            0.            0.1496    ]]
Residual vector length: 480, Jacobian shape: (480, 6)
view   0 | SOD= 573.028 mm | SDD= 675.501 mm | M= 1.179 | incident=3.8197°
[[  99.61379    -563.74426     -25.101728  ]
 [ -17.627909     99.98034      19.898272  ]
 [   0.14731929    0.02602279    0.        ]
 [   0.            0.            0.1496    ]]

iter 08 cost=305.835397 -> 194.000360 |dtheta|=6.356469e-01  lambda=1.524e-06

============================================================
Iteration 9
============================================================
Theta offsets (Unity frame):
  Source   : dSx=   0.000, dSy=   0.000, dSz=   0.000  (mm)
  Object   : dOx= -10.026, dOy=   4.898, dOz= -16.528  (mm)
  Object offset: offset_x=  -0.006, offset_z=   0.006  (mm)
  Detector : dDx=   0.000, dDy=   0.000, dDz=   0.000  (mm)
  Obj Stage rotY :   10.018 deg
============================================================

Unity geometry (world coordinates):
  Source   : x=   0.000, y=  45.000, z=   0.000
  Object   : x=  -0.026, y=  19.898, z= 572.472
  Detector : x=   0.000, y=   0.000, z= 674.000
  Obj rotY :   0.0000 deg
view   0 | SOD= 573.028 mm | SDD= 675.501 mm | M= 1.179 | incident=3.8197°
[[  99.61379    -563.74426     -25.101728  ]
 [ -17.627909     99.98034      19.898272  ]
 [   0.14731929    0.02602279    0.        ]
 [   0.            0.            0.1496    ]]
Residual vector length: 480, Jacobian shape: (480, 6)
view   0 | SOD= 572.660 mm | SDD= 675.501 mm | M= 1.180 | incident=3.8197°
[[  99.13948    -563.45496     -25.096523  ]
 [ -17.666975    100.34642      19.903477  ]
 [   0.14733632    0.02592618    0.        ]
 [   0.            0.            0.1496    ]]

iter 09 cost=194.000360 -> 137.669821 |dtheta|=3.782480e-01  lambda=1.000e-06

============================================================
Iteration 10
============================================================
Theta offsets (Unity frame):
  Source   : dSx=   0.000, dSy=   0.000, dSz=   0.000  (mm)
  Object   : dOx= -10.008, dOy=   4.903, dOz= -16.904  (mm)
  Object offset: offset_x=   0.018, offset_z=   0.014  (mm)
  Detector : dDx=   0.000, dDy=   0.000, dDz=   0.000  (mm)
  Obj Stage rotY :    9.980 deg
============================================================

Unity geometry (world coordinates):
  Source   : x=   0.000, y=  45.000, z=   0.000
  Object   : x=  -0.008, y=  19.903, z= 572.096
  Detector : x=   0.000, y=   0.000, z= 674.000
  Obj rotY :   0.0000 deg
view   0 | SOD= 572.660 mm | SDD= 675.501 mm | M= 1.180 | incident=3.8197°
[[  99.13948    -563.45496     -25.096523  ]
 [ -17.666975    100.34642      19.903477  ]
 [   0.14733632    0.02592618    0.        ]
 [   0.            0.            0.1496    ]]
Residual vector length: 480, Jacobian shape: (480, 6)
view   0 | SOD= 572.177 mm | SDD= 675.501 mm | M= 1.181 | incident=3.8197°
[[  99.43358    -562.9129      -25.073772  ]
 [ -17.798565    100.81339      19.926228  ]
 [   0.14731967    0.02602066    0.        ]
 [   0.            0.            0.1496    ]]

iter 10 cost=137.669821 -> 85.342805 |dtheta|=4.695812e-01  lambda=1.000e-06

============================================================
Iteration 11
============================================================
Theta offsets (Unity frame):
  Source   : dSx=   0.000, dSy=   0.000, dSz=   0.000  (mm)
  Object   : dOx= -10.018, dOy=   4.926, dOz= -17.371  (mm)
  Object offset: offset_x=   0.010, offset_z=  -0.002  (mm)
  Detector : dDx=   0.000, dDy=   0.000, dDz=   0.000  (mm)
  Obj Stage rotY :   10.017 deg
============================================================

Unity geometry (world coordinates):
  Source   : x=   0.000, y=  45.000, z=   0.000
  Object   : x=  -0.018, y=  19.926, z= 571.629
  Detector : x=   0.000, y=   0.000, z= 674.000
  Obj rotY :   0.0000 deg
view   0 | SOD= 572.177 mm | SDD= 675.501 mm | M= 1.181 | incident=3.8197°
[[  99.43358    -562.9129      -25.073772  ]
 [ -17.798565    100.81339      19.926228  ]
 [   0.14731967    0.02602066    0.        ]
 [   0.            0.            0.1496    ]]
Residual vector length: 480, Jacobian shape: (480, 6)
view   0 | SOD= 571.830 mm | SDD= 675.501 mm | M= 1.181 | incident=3.8197°
[[  98.98526    -562.6393      -25.068432  ]
 [ -17.799809    101.16587      19.931568  ]
 [   0.14733717    0.02592143    0.        ]
 [   0.            0.            0.1496    ]]

iter 11 cost=85.342805 -> 53.300004 |dtheta|=3.464290e-01  lambda=1.000e-06

============================================================
Iteration 12
============================================================
Theta offsets (Unity frame):
  Source   : dSx=   0.000, dSy=   0.000, dSz=   0.000  (mm)
  Object   : dOx= -10.002, dOy=   4.932, dOz= -17.715  (mm)
  Object offset: offset_x=   0.004, offset_z=  -0.005  (mm)
  Detector : dDx=   0.000, dDy=   0.000, dDz=   0.000  (mm)
  Obj Stage rotY :    9.978 deg
============================================================

Unity geometry (world coordinates):
  Source   : x=   0.000, y=  45.000, z=   0.000
  Object   : x=  -0.002, y=  19.932, z= 571.285
  Detector : x=   0.000, y=   0.000, z= 674.000
  Obj rotY :   0.0000 deg
view   0 | SOD= 571.830 mm | SDD= 675.501 mm | M= 1.181 | incident=3.8197°
[[  98.98526    -562.6393      -25.068432  ]
 [ -17.799809    101.16587      19.931568  ]
 [   0.14733717    0.02592143    0.        ]
 [   0.            0.            0.1496    ]]
Residual vector length: 480, Jacobian shape: (480, 6)
view   0 | SOD= 571.582 mm | SDD= 675.501 mm | M= 1.182 | incident=3.8197°
[[  99.22183    -562.3459      -25.053818  ]
 [ -17.88868     101.4019       19.946182  ]
 [   0.14732443    0.02599367    0.        ]
 [   0.            0.            0.1496    ]]

iter 12 cost=53.300004 -> 34.479343 |dtheta|=2.696456e-01  lambda=1.000e-06

============================================================
Iteration 13
============================================================
Theta offsets (Unity frame):
  Source   : dSx=   0.000, dSy=   0.000, dSz=   0.000  (mm)
  Object   : dOx=  -9.995, dOy=   4.946, dOz= -17.981  (mm)
  Object offset: offset_x=  -0.007, offset_z=   0.014  (mm)
  Detector : dDx=   0.000, dDy=   0.000, dDz=   0.000  (mm)
  Obj Stage rotY :   10.006 deg
============================================================

Unity geometry (world coordinates):
  Source   : x=   0.000, y=  45.000, z=   0.000
  Object   : x=   0.005, y=  19.946, z= 571.019
  Detector : x=   0.000, y=   0.000, z= 674.000
  Obj rotY :   0.0000 deg
view   0 | SOD= 571.582 mm | SDD= 675.501 mm | M= 1.182 | incident=3.8197°
[[  99.22183    -562.3459      -25.053818  ]
 [ -17.88868     101.4019       19.946182  ]
 [   0.14732443    0.02599367    0.        ]
 [   0.            0.            0.1496    ]]
Residual vector length: 480, Jacobian shape: (480, 6)
view   0 | SOD= 571.374 mm | SDD= 675.501 mm | M= 1.182 | incident=3.8197°
[[  99.215      -562.1364      -25.034832  ]
 [ -17.937443    101.60396      19.965168  ]
 [   0.14732279    0.02600298    0.        ]
 [   0.            0.            0.1496    ]]

iter 13 cost=34.479343 -> 20.689084 |dtheta|=2.078784e-01  lambda=1.000e-06

============================================================
Iteration 14
============================================================
Theta offsets (Unity frame):
  Source   : dSx=   0.000, dSy=   0.000, dSz=   0.000  (mm)
  Object   : dOx=  -9.997, dOy=   4.965, dOz= -18.188  (mm)
  Object offset: offset_x=   0.001, offset_z=   0.013  (mm)
  Detector : dDx=   0.000, dDy=   0.000, dDz=   0.000  (mm)
  Obj Stage rotY :   10.010 deg
============================================================

Unity geometry (world coordinates):
  Source   : x=   0.000, y=  45.000, z=   0.000
  Object   : x=   0.003, y=  19.965, z= 570.812
  Detector : x=   0.000, y=   0.000, z= 674.000
  Obj rotY :   0.0000 deg
view   0 | SOD= 571.374 mm | SDD= 675.501 mm | M= 1.182 | incident=3.8197°
[[  99.215      -562.1364      -25.034832  ]
 [ -17.937443    101.60396      19.965168  ]
 [   0.14732279    0.02600298    0.        ]
 [   0.            0.            0.1496    ]]
Residual vector length: 480, Jacobian shape: (480, 6)
view   0 | SOD= 571.159 mm | SDD= 675.501 mm | M= 1.183 | incident=3.8197°
[[  99.144394   -561.93195     -25.019722  ]
 [ -17.964039    101.816185     19.980278  ]
 [   0.14732452    0.02599321    0.        ]
 [   0.            0.            0.1496    ]]

iter 14 cost=20.689084 -> 12.239409 |dtheta|=2.000965e-01  lambda=1.000e-06

============================================================
Iteration 15
============================================================
Theta offsets (Unity frame):
  Source   : dSx=   0.000, dSy=   0.000, dSz=   0.000  (mm)
  Object   : dOx=  -9.998, dOy=   4.980, dOz= -18.387  (mm)
  Object offset: offset_x=  -0.002, offset_z=  -0.002  (mm)
  Detector : dDx=   0.000, dDy=   0.000, dDz=   0.000  (mm)
  Obj Stage rotY :   10.006 deg
============================================================

Unity geometry (world coordinates):
  Source   : x=   0.000, y=  45.000, z=   0.000
  Object   : x=   0.002, y=  19.980, z= 570.613
  Detector : x=   0.000, y=   0.000, z= 674.000
  Obj rotY :   0.0000 deg
view   0 | SOD= 571.159 mm | SDD= 675.501 mm | M= 1.183 | incident=3.8197°
[[  99.144394   -561.93195     -25.019722  ]
 [ -17.964039    101.816185     19.980278  ]
 [   0.14732452    0.02599321    0.        ]
 [   0.            0.            0.1496    ]]
Residual vector length: 480, Jacobian shape: (480, 6)
view   0 | SOD= 571.074 mm | SDD= 675.501 mm | M= 1.183 | incident=3.8197°
[[  99.010414   -561.86896     -25.019062  ]
 [ -17.956738    101.90412      19.980938  ]
 [   0.14733005    0.02596185    0.        ]
 [   0.            0.            0.1496    ]]

iter 15 cost=12.239409 -> 8.739431 |dtheta|=9.180436e-02  lambda=1.000e-06

============================================================
Iteration 16
============================================================
Theta offsets (Unity frame):
  Source   : dSx=   0.000, dSy=   0.000, dSz=   0.000  (mm)
  Object   : dOx=  -9.998, dOy=   4.981, dOz= -18.478  (mm)
  Object offset: offset_x=  -0.003, offset_z=   0.004  (mm)
  Detector : dDx=   0.000, dDy=   0.000, dDz=   0.000  (mm)
  Obj Stage rotY :    9.994 deg
============================================================

Unity geometry (world coordinates):
  Source   : x=   0.000, y=  45.000, z=   0.000
  Object   : x=   0.002, y=  19.981, z= 570.522
  Detector : x=   0.000, y=   0.000, z= 674.000
  Obj rotY :   0.0000 deg
view   0 | SOD= 571.074 mm | SDD= 675.501 mm | M= 1.183 | incident=3.8197°
[[  99.010414   -561.86896     -25.019062  ]
 [ -17.956738    101.90412      19.980938  ]
 [   0.14733005    0.02596185    0.        ]
 [   0.            0.            0.1496    ]]
Residual vector length: 480, Jacobian shape: (480, 6)
view   0 | SOD= 570.955 mm | SDD= 675.501 mm | M= 1.183 | incident=3.8197°
[[  99.078186   -561.73566     -25.01329   ]
 [ -17.99743     102.018295     19.98671   ]
 [   0.1473258     0.02598592    0.        ]
 [   0.            0.            0.1496    ]]

iter 16 cost=8.739431 -> 5.846363 |dtheta|=1.169517e-01  lambda=1.000e-06

============================================================
Iteration 17
============================================================
Theta offsets (Unity frame):
  Source   : dSx=   0.000, dSy=   0.000, dSz=   0.000  (mm)
  Object   : dOx=  -9.998, dOy=   4.987, dOz= -18.594  (mm)
  Object offset: offset_x=   0.001, offset_z=   0.001  (mm)
  Detector : dDx=   0.000, dDy=   0.000, dDz=   0.000  (mm)
  Obj Stage rotY :   10.003 deg
============================================================

Unity geometry (world coordinates):
  Source   : x=   0.000, y=  45.000, z=   0.000
  Object   : x=   0.002, y=  19.987, z= 570.406
  Detector : x=   0.000, y=   0.000, z= 674.000
  Obj rotY :   0.0000 deg
view   0 | SOD= 570.955 mm | SDD= 675.501 mm | M= 1.183 | incident=3.8197°
[[  99.078186   -561.73566     -25.01329   ]
 [ -17.99743     102.018295     19.98671   ]
 [   0.1473258     0.02598592    0.        ]
 [   0.            0.            0.1496    ]]
Residual vector length: 480, Jacobian shape: (480, 6)
view   0 | SOD= 570.864 mm | SDD= 675.501 mm | M= 1.183 | incident=3.8197°
[[  99.0662     -561.64545     -25.012825  ]
 [ -18.008343    102.10872      19.987175  ]
 [   0.14732584    0.02598568    0.        ]
 [   0.            0.            0.1496    ]]

iter 17 cost=5.846363 -> 3.961564 |dtheta|=9.019214e-02  lambda=1.000e-06

============================================================
Iteration 18
============================================================
Theta offsets (Unity frame):
  Source   : dSx=   0.000, dSy=   0.000, dSz=   0.000  (mm)
  Object   : dOx= -10.000, dOy=   4.987, dOz= -18.684  (mm)
  Object offset: offset_x=  -0.002, offset_z=  -0.000  (mm)
  Detector : dDx=   0.000, dDy=   0.000, dDz=   0.000  (mm)
  Obj Stage rotY :   10.003 deg
============================================================

Unity geometry (world coordinates):
  Source   : x=   0.000, y=  45.000, z=   0.000
  Object   : x=   0.000, y=  19.987, z= 570.316
  Detector : x=   0.000, y=   0.000, z= 674.000
  Obj rotY :   0.0000 deg
view   0 | SOD= 570.864 mm | SDD= 675.501 mm | M= 1.183 | incident=3.8197°
[[  99.0662     -561.64545     -25.012825  ]
 [ -18.008343    102.10872      19.987175  ]
 [   0.14732584    0.02598568    0.        ]
 [   0.            0.            0.1496    ]]
Residual vector length: 480, Jacobian shape: (480, 6)
view   0 | SOD= 570.814 mm | SDD= 675.501 mm | M= 1.183 | incident=3.8197°
[[  99.11572    -561.58655     -25.011116  ]
 [ -18.029068    102.1552       19.988884  ]
 [   0.14732309    0.02600128    0.        ]
 [   0.            0.            0.1496    ]]

iter 18 cost=3.961564 -> 3.273690 |dtheta|=4.936410e-02  lambda=1.000e-06

============================================================
Iteration 19
============================================================
Theta offsets (Unity frame):
  Source   : dSx=   0.000, dSy=   0.000, dSz=   0.000  (mm)
  Object   : dOx=  -9.998, dOy=   4.989, dOz= -18.733  (mm)
  Object offset: offset_x=  -0.002, offset_z=  -0.001  (mm)
  Detector : dDx=   0.000, dDy=   0.000, dDz=   0.000  (mm)
  Obj Stage rotY :   10.009 deg
============================================================

Unity geometry (world coordinates):
  Source   : x=   0.000, y=  45.000, z=   0.000
  Object   : x=   0.002, y=  19.989, z= 570.267
  Detector : x=   0.000, y=   0.000, z= 674.000
  Obj rotY :   0.0000 deg
view   0 | SOD= 570.814 mm | SDD= 675.501 mm | M= 1.183 | incident=3.8197°
[[  99.11572    -561.58655     -25.011116  ]
 [ -18.029068    102.1552       19.988884  ]
 [   0.14732309    0.02600128    0.        ]
 [   0.            0.            0.1496    ]]
Residual vector length: 480, Jacobian shape: (480, 6)
view   0 | SOD= 570.793 mm | SDD= 675.501 mm | M= 1.183 | incident=3.8197°
[[  99.11463    -561.5649      -25.010576  ]
 [ -18.03104     102.17673      19.989424  ]
 [   0.14732306    0.02600147    0.        ]
 [   0.            0.            0.1496    ]]

iter 19 cost=3.273690 -> 3.075349 |dtheta|=2.060568e-02  lambda=1.000e-06

============================================================
Iteration 20
============================================================
Theta offsets (Unity frame):
  Source   : dSx=   0.000, dSy=   0.000, dSz=   0.000  (mm)
  Object   : dOx=  -9.999, dOy=   4.989, dOz= -18.754  (mm)
  Object offset: offset_x=  -0.003, offset_z=  -0.002  (mm)
  Detector : dDx=   0.000, dDy=   0.000, dDz=   0.000  (mm)
  Obj Stage rotY :   10.009 deg
============================================================

Unity geometry (world coordinates):
  Source   : x=   0.000, y=  45.000, z=   0.000
  Object   : x=   0.001, y=  19.989, z= 570.246
  Detector : x=   0.000, y=   0.000, z= 674.000
  Obj rotY :   0.0000 deg
view   0 | SOD= 570.793 mm | SDD= 675.501 mm | M= 1.183 | incident=3.8197°
[[  99.11463    -561.5649      -25.010576  ]
 [ -18.03104     102.17673      19.989424  ]
 [   0.14732306    0.02600147    0.        ]
 [   0.            0.            0.1496    ]]
Residual vector length: 480, Jacobian shape: (480, 6)
view   0 | SOD= 570.746 mm | SDD= 675.501 mm | M= 1.184 | incident=3.8197°
[[  99.07585    -561.52466     -25.00935   ]
 [ -18.03483     102.2231       19.99065   ]
 [   0.14732443    0.02599371    0.        ]
 [   0.            0.            0.1496    ]]

iter 20 cost=3.075349 -> 2.636032 |dtheta|=4.639869e-02  lambda=1.000e-06

============================================================
Iteration 21
============================================================
Theta offsets (Unity frame):
  Source   : dSx=   0.000, dSy=   0.000, dSz=   0.000  (mm)
  Object   : dOx=  -9.999, dOy=   4.991, dOz= -18.800  (mm)
  Object offset: offset_x=  -0.002, offset_z=  -0.002  (mm)
  Detector : dDx=   0.000, dDy=   0.000, dDz=   0.000  (mm)
  Obj Stage rotY :   10.006 deg
============================================================

Unity geometry (world coordinates):
  Source   : x=   0.000, y=  45.000, z=   0.000
  Object   : x=   0.001, y=  19.991, z= 570.200
  Detector : x=   0.000, y=   0.000, z= 674.000
  Obj rotY :   0.0000 deg
view   0 | SOD= 570.746 mm | SDD= 675.501 mm | M= 1.184 | incident=3.8197°
[[  99.07585    -561.52466     -25.00935   ]
 [ -18.03483     102.2231       19.99065   ]
 [   0.14732443    0.02599371    0.        ]
 [   0.            0.            0.1496    ]]
Residual vector length: 480, Jacobian shape: (480, 6)
view   0 | SOD= 570.720 mm | SDD= 675.501 mm | M= 1.184 | incident=3.8197°
[[  99.083984   -561.49664     -25.00829   ]
 [ -18.039877    102.2488       19.99171   ]
 [   0.1473239     0.02599663    0.        ]
 [   0.            0.            0.1496    ]]

iter 21 cost=2.636032 -> 2.397071 |dtheta|=2.655908e-02  lambda=1.000e-06

============================================================
Iteration 22
============================================================
Theta offsets (Unity frame):
  Source   : dSx=   0.000, dSy=   0.000, dSz=   0.000  (mm)
  Object   : dOx= -10.001, dOy=   4.992, dOz= -18.827  (mm)
  Object offset: offset_x=  -0.002, offset_z=  -0.001  (mm)
  Detector : dDx=   0.000, dDy=   0.000, dDz=   0.000  (mm)
  Obj Stage rotY :   10.007 deg
============================================================

Unity geometry (world coordinates):
  Source   : x=   0.000, y=  45.000, z=   0.000
  Object   : x=  -0.001, y=  19.992, z= 570.173
  Detector : x=   0.000, y=   0.000, z= 674.000
  Obj rotY :   0.0000 deg
view   0 | SOD= 570.720 mm | SDD= 675.501 mm | M= 1.184 | incident=3.8197°
[[  99.083984   -561.49664     -25.00829   ]
 [ -18.039877    102.2488       19.99171   ]
 [   0.1473239     0.02599663    0.        ]
 [   0.            0.            0.1496    ]]
Residual vector length: 480, Jacobian shape: (480, 6)
view   0 | SOD= 570.681 mm | SDD= 675.501 mm | M= 1.184 | incident=3.8197°
[[  99.05244    -561.4627      -25.007711  ]
 [ -18.043524    102.287636     19.992289  ]
 [   0.14732501    0.02599044    0.        ]
 [   0.            0.            0.1496    ]]

iter 22 cost=2.397071 -> 1.983670 |dtheta|=3.987608e-02  lambda=1.000e-06

============================================================
Iteration 23
============================================================
Theta offsets (Unity frame):
  Source   : dSx=   0.000, dSy=   0.000, dSz=   0.000  (mm)
  Object   : dOx= -10.001, dOy=   4.992, dOz= -18.866  (mm)
  Object offset: offset_x=  -0.001, offset_z=  -0.001  (mm)
  Detector : dDx=   0.000, dDy=   0.000, dDz=   0.000  (mm)
  Obj Stage rotY :   10.005 deg
============================================================

Unity geometry (world coordinates):
  Source   : x=   0.000, y=  45.000, z=   0.000
  Object   : x=  -0.001, y=  19.992, z= 570.134
  Detector : x=   0.000, y=   0.000, z= 674.000
  Obj rotY :   0.0000 deg
view   0 | SOD= 570.681 mm | SDD= 675.501 mm | M= 1.184 | incident=3.8197°
[[  99.05244    -561.4627      -25.007711  ]
 [ -18.043524    102.287636     19.992289  ]
 [   0.14732501    0.02599044    0.        ]
 [   0.            0.            0.1496    ]]
Residual vector length: 480, Jacobian shape: (480, 6)
view   0 | SOD= 570.655 mm | SDD= 675.501 mm | M= 1.184 | incident=3.8197°
[[  99.0114     -561.44293     -25.00736   ]
 [ -18.041853    102.31495      19.99264   ]
 [   0.14732668    0.02598096    0.        ]
 [   0.            0.            0.1496    ]]

iter 23 cost=1.983670 -> 1.878528 |dtheta|=2.559999e-02  lambda=1.000e-06

============================================================
Iteration 24
============================================================
Theta offsets (Unity frame):
  Source   : dSx=   0.000, dSy=   0.000, dSz=   0.000  (mm)
  Object   : dOx= -10.001, dOy=   4.993, dOz= -18.892  (mm)
  Object offset: offset_x=   0.000, offset_z=  -0.002  (mm)
  Detector : dDx=   0.000, dDy=   0.000, dDz=   0.000  (mm)
  Obj Stage rotY :   10.001 deg
============================================================

Unity geometry (world coordinates):
  Source   : x=   0.000, y=  45.000, z=   0.000
  Object   : x=  -0.001, y=  19.993, z= 570.108
  Detector : x=   0.000, y=   0.000, z= 674.000
  Obj rotY :   0.0000 deg
view   0 | SOD= 570.655 mm | SDD= 675.501 mm | M= 1.184 | incident=3.8197°
[[  99.0114     -561.44293     -25.00736   ]
 [ -18.041853    102.31495      19.99264   ]
 [   0.14732668    0.02598096    0.        ]
 [   0.            0.            0.1496    ]]
Residual vector length: 480, Jacobian shape: (480, 6)
view   0 | SOD= 570.647 mm | SDD= 675.501 mm | M= 1.184 | incident=3.8197°
[[  99.0768     -561.42377     -25.007595  ]
 [ -18.054266    102.32039      19.992405  ]
 [   0.14732362    0.02599823    0.        ]
 [   0.            0.            0.1496    ]]

iter 24 cost=1.878528 -> 1.885933 |dtheta|=1.010720e-02  lambda=1.000e-06

============================================================
Iteration 25
============================================================
Theta offsets (Unity frame):
  Source   : dSx=   0.000, dSy=   0.000, dSz=   0.000  (mm)
  Object   : dOx= -10.001, dOy=   4.993, dOz= -18.892  (mm)
  Object offset: offset_x=   0.000, offset_z=  -0.002  (mm)
  Detector : dDx=   0.000, dDy=   0.000, dDz=   0.000  (mm)
  Obj Stage rotY :   10.001 deg
============================================================

Unity geometry (world coordinates):
  Source   : x=   0.000, y=  45.000, z=   0.000
  Object   : x=  -0.001, y=  19.993, z= 570.108
  Detector : x=   0.000, y=   0.000, z= 674.000
  Obj rotY :   0.0000 deg
view   0 | SOD= 570.655 mm | SDD= 675.501 mm | M= 1.184 | incident=3.8197°
[[  99.0114     -561.44293     -25.00736   ]
 [ -18.041853    102.31495      19.99264   ]
 [   0.14732668    0.02598096    0.        ]
 [   0.            0.            0.1496    ]]
Residual vector length: 480, Jacobian shape: (480, 6)
view   0 | SOD= 570.647 mm | SDD= 675.501 mm | M= 1.184 | incident=3.8197°
[[  99.0768     -561.42377     -25.007595  ]
 [ -18.054266    102.32039      19.992405  ]
 [   0.14732362    0.02599823    0.        ]
 [   0.            0.            0.1496    ]]

iter 25 cost=1.878528 -> 1.885933 |dtheta|=1.010720e-02  lambda=5.000e-06

============================================================
Iteration 26
============================================================
Theta offsets (Unity frame):
  Source   : dSx=   0.000, dSy=   0.000, dSz=   0.000  (mm)
  Object   : dOx= -10.001, dOy=   4.993, dOz= -18.892  (mm)
  Object offset: offset_x=   0.000, offset_z=  -0.002  (mm)
  Detector : dDx=   0.000, dDy=   0.000, dDz=   0.000  (mm)
  Obj Stage rotY :   10.001 deg
============================================================

Unity geometry (world coordinates):
  Source   : x=   0.000, y=  45.000, z=   0.000
  Object   : x=  -0.001, y=  19.993, z= 570.108
  Detector : x=   0.000, y=   0.000, z= 674.000
  Obj rotY :   0.0000 deg
view   0 | SOD= 570.655 mm | SDD= 675.501 mm | M= 1.184 | incident=3.8197°
[[  99.0114     -561.44293     -25.00736   ]
 [ -18.041853    102.31495      19.99264   ]
 [   0.14732668    0.02598096    0.        ]
 [   0.            0.            0.1496    ]]
Residual vector length: 480, Jacobian shape: (480, 6)
view   0 | SOD= 570.647 mm | SDD= 675.501 mm | M= 1.184 | incident=3.8197°
[[  99.0768     -561.42377     -25.007595  ]
 [ -18.054266    102.32039      19.992405  ]
 [   0.14732362    0.02599823    0.        ]
 [   0.            0.            0.1496    ]]

iter 26 cost=1.878528 -> 1.885933 |dtheta|=1.010720e-02  lambda=2.500e-05

============================================================
Iteration 27
============================================================
Theta offsets (Unity frame):
  Source   : dSx=   0.000, dSy=   0.000, dSz=   0.000  (mm)
  Object   : dOx= -10.001, dOy=   4.993, dOz= -18.892  (mm)
  Object offset: offset_x=   0.000, offset_z=  -0.002  (mm)
  Detector : dDx=   0.000, dDy=   0.000, dDz=   0.000  (mm)
  Obj Stage rotY :   10.001 deg
============================================================

Unity geometry (world coordinates):
  Source   : x=   0.000, y=  45.000, z=   0.000
  Object   : x=  -0.001, y=  19.993, z= 570.108
  Detector : x=   0.000, y=   0.000, z= 674.000
  Obj rotY :   0.0000 deg
view   0 | SOD= 570.655 mm | SDD= 675.501 mm | M= 1.184 | incident=3.8197°
[[  99.0114     -561.44293     -25.00736   ]
 [ -18.041853    102.31495      19.99264   ]
 [   0.14732668    0.02598096    0.        ]
 [   0.            0.            0.1496    ]]
Residual vector length: 480, Jacobian shape: (480, 6)
view   0 | SOD= 570.647 mm | SDD= 675.501 mm | M= 1.184 | incident=3.8197°
[[  99.0768     -561.42377     -25.007595  ]
 [ -18.054266    102.32039      19.992405  ]
 [   0.14732362    0.02599823    0.        ]
 [   0.            0.            0.1496    ]]

iter 27 cost=1.878528 -> 1.885933 |dtheta|=1.010720e-02  lambda=1.250e-04

============================================================
Iteration 28
============================================================
Theta offsets (Unity frame):
  Source   : dSx=   0.000, dSy=   0.000, dSz=   0.000  (mm)
  Object   : dOx= -10.001, dOy=   4.993, dOz= -18.892  (mm)
  Object offset: offset_x=   0.000, offset_z=  -0.002  (mm)
  Detector : dDx=   0.000, dDy=   0.000, dDz=   0.000  (mm)
  Obj Stage rotY :   10.001 deg
============================================================

Unity geometry (world coordinates):
  Source   : x=   0.000, y=  45.000, z=   0.000
  Object   : x=  -0.001, y=  19.993, z= 570.108
  Detector : x=   0.000, y=   0.000, z= 674.000
  Obj rotY :   0.0000 deg
view   0 | SOD= 570.655 mm | SDD= 675.501 mm | M= 1.184 | incident=3.8197°
[[  99.0114     -561.44293     -25.00736   ]
 [ -18.041853    102.31495      19.99264   ]
 [   0.14732668    0.02598096    0.        ]
 [   0.            0.            0.1496    ]]
Residual vector length: 480, Jacobian shape: (480, 6)
view   0 | SOD= 570.647 mm | SDD= 675.501 mm | M= 1.184 | incident=3.8197°
[[  99.0768     -561.42377     -25.007595  ]
 [ -18.054266    102.32039      19.992405  ]
 [   0.14732362    0.02599823    0.        ]
 [   0.            0.            0.1496    ]]

iter 28 cost=1.878528 -> 1.885933 |dtheta|=1.010718e-02  lambda=6.250e-04

============================================================
Iteration 29
============================================================
Theta offsets (Unity frame):
  Source   : dSx=   0.000, dSy=   0.000, dSz=   0.000  (mm)
  Object   : dOx= -10.001, dOy=   4.993, dOz= -18.892  (mm)
  Object offset: offset_x=   0.000, offset_z=  -0.002  (mm)
  Detector : dDx=   0.000, dDy=   0.000, dDz=   0.000  (mm)
  Obj Stage rotY :   10.001 deg
============================================================

Unity geometry (world coordinates):
  Source   : x=   0.000, y=  45.000, z=   0.000
  Object   : x=  -0.001, y=  19.993, z= 570.108
  Detector : x=   0.000, y=   0.000, z= 674.000
  Obj rotY :   0.0000 deg
view   0 | SOD= 570.655 mm | SDD= 675.501 mm | M= 1.184 | incident=3.8197°
[[  99.0114     -561.44293     -25.00736   ]
 [ -18.041853    102.31495      19.99264   ]
 [   0.14732668    0.02598096    0.        ]
 [   0.            0.            0.1496    ]]
Residual vector length: 480, Jacobian shape: (480, 6)
view   0 | SOD= 570.647 mm | SDD= 675.501 mm | M= 1.184 | incident=3.8197°
[[  99.0768     -561.42377     -25.007595  ]
 [ -18.054266    102.32039      19.992405  ]
 [   0.14732362    0.02599823    0.        ]
 [   0.            0.            0.1496    ]]

iter 29 cost=1.878528 -> 1.885933 |dtheta|=1.010712e-02  lambda=3.125e-03

============================================================
Iteration 30
============================================================
Theta offsets (Unity frame):
  Source   : dSx=   0.000, dSy=   0.000, dSz=   0.000  (mm)
  Object   : dOx= -10.001, dOy=   4.993, dOz= -18.892  (mm)
  Object offset: offset_x=   0.000, offset_z=  -0.002  (mm)
  Detector : dDx=   0.000, dDy=   0.000, dDz=   0.000  (mm)
  Obj Stage rotY :   10.001 deg
============================================================

Unity geometry (world coordinates):
  Source   : x=   0.000, y=  45.000, z=   0.000
  Object   : x=  -0.001, y=  19.993, z= 570.108
  Detector : x=   0.000, y=   0.000, z= 674.000
  Obj rotY :   0.0000 deg
view   0 | SOD= 570.655 mm | SDD= 675.501 mm | M= 1.184 | incident=3.8197°
[[  99.0114     -561.44293     -25.00736   ]
 [ -18.041853    102.31495      19.99264   ]
 [   0.14732668    0.02598096    0.        ]
 [   0.            0.            0.1496    ]]
Residual vector length: 480, Jacobian shape: (480, 6)
view   0 | SOD= 570.647 mm | SDD= 675.501 mm | M= 1.184 | incident=3.8197°
[[  99.0768     -561.42377     -25.007595  ]
 [ -18.054264    102.32039      19.992405  ]
 [   0.14732362    0.02599823    0.        ]
 [   0.            0.            0.1496    ]]

iter 30 cost=1.878528 -> 1.885933 |dtheta|=1.010680e-02  lambda=1.562e-02

============================================================
Iteration 31
============================================================
Theta offsets (Unity frame):
  Source   : dSx=   0.000, dSy=   0.000, dSz=   0.000  (mm)
  Object   : dOx= -10.001, dOy=   4.993, dOz= -18.892  (mm)
  Object offset: offset_x=   0.000, offset_z=  -0.002  (mm)
  Detector : dDx=   0.000, dDy=   0.000, dDz=   0.000  (mm)
  Obj Stage rotY :   10.001 deg
============================================================

Unity geometry (world coordinates):
  Source   : x=   0.000, y=  45.000, z=   0.000
  Object   : x=  -0.001, y=  19.993, z= 570.108
  Detector : x=   0.000, y=   0.000, z= 674.000
  Obj rotY :   0.0000 deg
view   0 | SOD= 570.655 mm | SDD= 675.501 mm | M= 1.184 | incident=3.8197°
[[  99.0114     -561.44293     -25.00736   ]
 [ -18.041853    102.31495      19.99264   ]
 [   0.14732668    0.02598096    0.        ]
 [   0.            0.            0.1496    ]]
Residual vector length: 480, Jacobian shape: (480, 6)
view   0 | SOD= 570.647 mm | SDD= 675.501 mm | M= 1.184 | incident=3.8197°
[[  99.07679    -561.42377     -25.007595  ]
 [ -18.054264    102.32039      19.992405  ]
 [   0.14732362    0.02599823    0.        ]
 [   0.            0.            0.1496    ]]

iter 31 cost=1.878528 -> 1.885933 |dtheta|=1.010522e-02  lambda=7.812e-02

============================================================
Iteration 32
============================================================
Theta offsets (Unity frame):
  Source   : dSx=   0.000, dSy=   0.000, dSz=   0.000  (mm)
  Object   : dOx= -10.001, dOy=   4.993, dOz= -18.892  (mm)
  Object offset: offset_x=   0.000, offset_z=  -0.002  (mm)
  Detector : dDx=   0.000, dDy=   0.000, dDz=   0.000  (mm)
  Obj Stage rotY :   10.001 deg
============================================================

Unity geometry (world coordinates):
  Source   : x=   0.000, y=  45.000, z=   0.000
  Object   : x=  -0.001, y=  19.993, z= 570.108
  Detector : x=   0.000, y=   0.000, z= 674.000
  Obj rotY :   0.0000 deg
view   0 | SOD= 570.655 mm | SDD= 675.501 mm | M= 1.184 | incident=3.8197°
[[  99.0114     -561.44293     -25.00736   ]
 [ -18.041853    102.31495      19.99264   ]
 [   0.14732668    0.02598096    0.        ]
 [   0.            0.            0.1496    ]]
Residual vector length: 480, Jacobian shape: (480, 6)
view   0 | SOD= 570.647 mm | SDD= 675.501 mm | M= 1.184 | incident=3.8197°
[[  99.07677    -561.42377     -25.007595  ]
 [ -18.05426     102.32039      19.992405  ]
 [   0.14732362    0.02599822    0.        ]
 [   0.            0.            0.1496    ]]

iter 32 cost=1.878528 -> 1.885933 |dtheta|=1.009732e-02  lambda=3.906e-01

============================================================
Iteration 33
============================================================
Theta offsets (Unity frame):
  Source   : dSx=   0.000, dSy=   0.000, dSz=   0.000  (mm)
  Object   : dOx= -10.001, dOy=   4.993, dOz= -18.892  (mm)
  Object offset: offset_x=   0.000, offset_z=  -0.002  (mm)
  Detector : dDx=   0.000, dDy=   0.000, dDz=   0.000  (mm)
  Obj Stage rotY :   10.001 deg
============================================================

Unity geometry (world coordinates):
  Source   : x=   0.000, y=  45.000, z=   0.000
  Object   : x=  -0.001, y=  19.993, z= 570.108
  Detector : x=   0.000, y=   0.000, z= 674.000
  Obj rotY :   0.0000 deg
view   0 | SOD= 570.655 mm | SDD= 675.501 mm | M= 1.184 | incident=3.8197°
[[  99.0114     -561.44293     -25.00736   ]
 [ -18.041853    102.31495      19.99264   ]
 [   0.14732668    0.02598096    0.        ]
 [   0.            0.            0.1496    ]]
Residual vector length: 480, Jacobian shape: (480, 6)
view   0 | SOD= 570.647 mm | SDD= 675.501 mm | M= 1.184 | incident=3.8197°
[[  99.07668    -561.4239      -25.007595  ]
 [ -18.054232    102.32033      19.992405  ]
 [   0.14732364    0.0259982     0.        ]
 [   0.            0.            0.1496    ]]

iter 33 cost=1.878528 -> 1.890822 |dtheta|=1.005808e-02  lambda=1.953e+00

============================================================
Iteration 34
============================================================
Theta offsets (Unity frame):
  Source   : dSx=   0.000, dSy=   0.000, dSz=   0.000  (mm)
  Object   : dOx= -10.001, dOy=   4.993, dOz= -18.892  (mm)
  Object offset: offset_x=   0.000, offset_z=  -0.002  (mm)
  Detector : dDx=   0.000, dDy=   0.000, dDz=   0.000  (mm)
  Obj Stage rotY :   10.001 deg
============================================================

Unity geometry (world coordinates):
  Source   : x=   0.000, y=  45.000, z=   0.000
  Object   : x=  -0.001, y=  19.993, z= 570.108
  Detector : x=   0.000, y=   0.000, z= 674.000
  Obj rotY :   0.0000 deg
view   0 | SOD= 570.655 mm | SDD= 675.501 mm | M= 1.184 | incident=3.8197°
[[  99.0114     -561.44293     -25.00736   ]
 [ -18.041853    102.31495      19.99264   ]
 [   0.14732668    0.02598096    0.        ]
 [   0.            0.            0.1496    ]]
Residual vector length: 480, Jacobian shape: (480, 6)
view   0 | SOD= 570.647 mm | SDD= 675.501 mm | M= 1.184 | incident=3.8197°
[[  99.076225   -561.42413     -25.007603  ]
 [ -18.054108    102.32017      19.992397  ]
 [   0.14732365    0.02599807    0.        ]
 [   0.            0.            0.1496    ]]

iter 34 cost=1.878528 -> 1.885933 |dtheta|=9.868423e-03  lambda=9.766e+00

============================================================
Iteration 35
============================================================
Theta offsets (Unity frame):
  Source   : dSx=   0.000, dSy=   0.000, dSz=   0.000  (mm)
  Object   : dOx= -10.001, dOy=   4.993, dOz= -18.892  (mm)
  Object offset: offset_x=   0.000, offset_z=  -0.002  (mm)
  Detector : dDx=   0.000, dDy=   0.000, dDz=   0.000  (mm)
  Obj Stage rotY :   10.001 deg
============================================================

Unity geometry (world coordinates):
  Source   : x=   0.000, y=  45.000, z=   0.000
  Object   : x=  -0.001, y=  19.993, z= 570.108
  Detector : x=   0.000, y=   0.000, z= 674.000
  Obj rotY :   0.0000 deg
view   0 | SOD= 570.655 mm | SDD= 675.501 mm | M= 1.184 | incident=3.8197°
[[  99.0114     -561.44293     -25.00736   ]
 [ -18.041853    102.31495      19.99264   ]
 [   0.14732668    0.02598096    0.        ]
 [   0.            0.            0.1496    ]]
Residual vector length: 480, Jacobian shape: (480, 6)
view   0 | SOD= 570.648 mm | SDD= 675.501 mm | M= 1.184 | incident=3.8197°
[[  99.07408    -561.4254      -25.00763   ]
 [ -18.053513    102.31934      19.99237   ]
 [   0.14732377    0.02599746    0.        ]
 [   0.            0.            0.1496    ]]

iter 35 cost=1.878528 -> 1.874735 |dtheta|=9.057541e-03  lambda=4.883e+01

============================================================
Iteration 36
============================================================
Theta offsets (Unity frame):
  Source   : dSx=   0.000, dSy=   0.000, dSz=   0.000  (mm)
  Object   : dOx= -10.002, dOy=   4.992, dOz= -18.898  (mm)
  Object offset: offset_x=  -0.000, offset_z=  -0.002  (mm)
  Detector : dDx=   0.000, dDy=   0.000, dDz=   0.000  (mm)
  Obj Stage rotY :   10.008 deg
============================================================

Unity geometry (world coordinates):
  Source   : x=   0.000, y=  45.000, z=   0.000
  Object   : x=  -0.002, y=  19.992, z= 570.102
  Detector : x=   0.000, y=   0.000, z= 674.000
  Obj rotY :   0.0000 deg
view   0 | SOD= 570.648 mm | SDD= 675.501 mm | M= 1.184 | incident=3.8197°
[[  99.07408    -561.4254      -25.00763   ]
 [ -18.053513    102.31934      19.99237   ]
 [   0.14732377    0.02599746    0.        ]
 [   0.            0.            0.1496    ]]
Residual vector length: 480, Jacobian shape: (480, 6)
view   0 | SOD= 570.643 mm | SDD= 675.501 mm | M= 1.184 | incident=3.8197°
[[  99.08385    -561.4177      -25.007887  ]
 [ -18.056767    102.324776     19.992113  ]
 [   0.14732325    0.02600035    0.        ]
 [   0.            0.            0.1496    ]]

iter 36 cost=1.874735 -> 1.853408 |dtheta|=6.162630e-03  lambda=1.628e+01

============================================================
Iteration 37
============================================================
Theta offsets (Unity frame):
  Source   : dSx=   0.000, dSy=   0.000, dSz=   0.000  (mm)
  Object   : dOx= -10.002, dOy=   4.992, dOz= -18.904  (mm)
  Object offset: offset_x=   0.000, offset_z=  -0.002  (mm)
  Detector : dDx=   0.000, dDy=   0.000, dDz=   0.000  (mm)
  Obj Stage rotY :   10.009 deg
============================================================

Unity geometry (world coordinates):
  Source   : x=   0.000, y=  45.000, z=   0.000
  Object   : x=  -0.002, y=  19.992, z= 570.096
  Detector : x=   0.000, y=   0.000, z= 674.000
  Obj rotY :   0.0000 deg
view   0 | SOD= 570.643 mm | SDD= 675.501 mm | M= 1.184 | incident=3.8197°
[[  99.08385    -561.4177      -25.007887  ]
 [ -18.056767    102.324776     19.992113  ]
 [   0.14732325    0.02600035    0.        ]
 [   0.            0.            0.1496    ]]
Residual vector length: 480, Jacobian shape: (480, 6)
view   0 | SOD= 570.635 mm | SDD= 675.501 mm | M= 1.184 | incident=3.8197°
[[  99.07861    -561.41125     -25.00737   ]
 [ -18.059479    102.33167      19.99263   ]
 [   0.14732336    0.02599979    0.        ]
 [   0.            0.            0.1496    ]]

iter 37 cost=1.853408 -> 1.834549 |dtheta|=8.335102e-03  lambda=5.425e+00

============================================================
Iteration 38
============================================================
Theta offsets (Unity frame):
  Source   : dSx=   0.000, dSy=   0.000, dSz=   0.000  (mm)
  Object   : dOx= -10.001, dOy=   4.993, dOz= -18.912  (mm)
  Object offset: offset_x=   0.001, offset_z=  -0.001  (mm)
  Detector : dDx=   0.000, dDy=   0.000, dDz=   0.000  (mm)
  Obj Stage rotY :   10.009 deg
============================================================

Unity geometry (world coordinates):
  Source   : x=   0.000, y=  45.000, z=   0.000
  Object   : x=  -0.001, y=  19.993, z= 570.088
  Detector : x=   0.000, y=   0.000, z= 674.000
  Obj rotY :   0.0000 deg
view   0 | SOD= 570.635 mm | SDD= 675.501 mm | M= 1.184 | incident=3.8197°
[[  99.07861    -561.41125     -25.00737   ]
 [ -18.059479    102.33167      19.99263   ]
 [   0.14732336    0.02599979    0.        ]
 [   0.            0.            0.1496    ]]
Residual vector length: 480, Jacobian shape: (480, 6)
view   0 | SOD= 570.630 mm | SDD= 675.501 mm | M= 1.184 | incident=3.8197°
[[  99.0413     -561.41235     -25.006979  ]
 [ -18.05277     102.33831      19.993021  ]
 [   0.14732508    0.02599002    0.        ]
 [   0.            0.            0.1496    ]]

iter 38 cost=1.834549 -> 1.823014 |dtheta|=6.597711e-03  lambda=1.808e+00

============================================================
Iteration 39
============================================================
Theta offsets (Unity frame):
  Source   : dSx=   0.000, dSy=   0.000, dSz=   0.000  (mm)
  Object   : dOx= -10.001, dOy=   4.993, dOz= -18.917  (mm)
  Object offset: offset_x=  -0.000, offset_z=  -0.001  (mm)
  Detector : dDx=   0.000, dDy=   0.000, dDz=   0.000  (mm)
  Obj Stage rotY :   10.005 deg
============================================================

Unity geometry (world coordinates):
  Source   : x=   0.000, y=  45.000, z=   0.000
  Object   : x=  -0.001, y=  19.993, z= 570.083
  Detector : x=   0.000, y=   0.000, z= 674.000
  Obj rotY :   0.0000 deg
view   0 | SOD= 570.630 mm | SDD= 675.501 mm | M= 1.184 | incident=3.8197°
[[  99.0413     -561.41235     -25.006979  ]
 [ -18.05277     102.33831      19.993021  ]
 [   0.14732508    0.02599002    0.        ]
 [   0.            0.            0.1496    ]]
Residual vector length: 480, Jacobian shape: (480, 6)
view   0 | SOD= 570.625 mm | SDD= 675.501 mm | M= 1.184 | incident=3.8197°
[[  99.02579    -561.4099      -25.007095  ]
 [ -18.050636    102.343895     19.992905  ]
 [   0.14732577    0.0259861     0.        ]
 [   0.            0.            0.1496    ]]

iter 39 cost=1.823014 -> 1.854084 |dtheta|=7.024706e-03  lambda=6.028e-01

============================================================
Iteration 40
============================================================
Theta offsets (Unity frame):
  Source   : dSx=   0.000, dSy=   0.000, dSz=   0.000  (mm)
  Object   : dOx= -10.001, dOy=   4.993, dOz= -18.917  (mm)
  Object offset: offset_x=  -0.000, offset_z=  -0.001  (mm)
  Detector : dDx=   0.000, dDy=   0.000, dDz=   0.000  (mm)
  Obj Stage rotY :   10.005 deg
============================================================

Unity geometry (world coordinates):
  Source   : x=   0.000, y=  45.000, z=   0.000
  Object   : x=  -0.001, y=  19.993, z= 570.083
  Detector : x=   0.000, y=   0.000, z= 674.000
  Obj rotY :   0.0000 deg
view   0 | SOD= 570.630 mm | SDD= 675.501 mm | M= 1.184 | incident=3.8197°
[[  99.0413     -561.41235     -25.006979  ]
 [ -18.05277     102.33831      19.993021  ]
 [   0.14732508    0.02599002    0.        ]
 [   0.            0.            0.1496    ]]
Residual vector length: 480, Jacobian shape: (480, 6)
view   0 | SOD= 570.625 mm | SDD= 675.501 mm | M= 1.184 | incident=3.8197°
[[  99.02583    -561.41        -25.0071    ]
 [ -18.050632    102.343834     19.9929    ]
 [   0.14732577    0.02598611    0.        ]
 [   0.            0.            0.1496    ]]

iter 40 cost=1.823014 -> 1.854084 |dtheta|=6.958633e-03  lambda=3.014e+00

============================================================
Iteration 41
============================================================
Theta offsets (Unity frame):
  Source   : dSx=   0.000, dSy=   0.000, dSz=   0.000  (mm)
  Object   : dOx= -10.001, dOy=   4.993, dOz= -18.917  (mm)
  Object offset: offset_x=  -0.000, offset_z=  -0.001  (mm)
  Detector : dDx=   0.000, dDy=   0.000, dDz=   0.000  (mm)
  Obj Stage rotY :   10.005 deg
============================================================

Unity geometry (world coordinates):
  Source   : x=   0.000, y=  45.000, z=   0.000
  Object   : x=  -0.001, y=  19.993, z= 570.083
  Detector : x=   0.000, y=   0.000, z= 674.000
  Obj rotY :   0.0000 deg
view   0 | SOD= 570.630 mm | SDD= 675.501 mm | M= 1.184 | incident=3.8197°
[[  99.0413     -561.41235     -25.006979  ]
 [ -18.05277     102.33831      19.993021  ]
 [   0.14732508    0.02599002    0.        ]
 [   0.            0.            0.1496    ]]
Residual vector length: 480, Jacobian shape: (480, 6)
view   0 | SOD= 570.625 mm | SDD= 675.501 mm | M= 1.184 | incident=3.8197°
[[  99.02607    -561.4102      -25.007113  ]
 [ -18.050613    102.34353      19.992887  ]
 [   0.14732575    0.02598616    0.        ]
 [   0.            0.            0.1496    ]]

iter 41 cost=1.823014 -> 1.856831 |dtheta|=6.648136e-03  lambda=1.507e+01

============================================================
Iteration 42
============================================================
Theta offsets (Unity frame):
  Source   : dSx=   0.000, dSy=   0.000, dSz=   0.000  (mm)
  Object   : dOx= -10.001, dOy=   4.993, dOz= -18.917  (mm)
  Object offset: offset_x=  -0.000, offset_z=  -0.001  (mm)
  Detector : dDx=   0.000, dDy=   0.000, dDz=   0.000  (mm)
  Obj Stage rotY :   10.005 deg
============================================================

Unity geometry (world coordinates):
  Source   : x=   0.000, y=  45.000, z=   0.000
  Object   : x=  -0.001, y=  19.993, z= 570.083
  Detector : x=   0.000, y=   0.000, z= 674.000
  Obj rotY :   0.0000 deg
view   0 | SOD= 570.630 mm | SDD= 675.501 mm | M= 1.184 | incident=3.8197°
[[  99.0413     -561.41235     -25.006979  ]
 [ -18.05277     102.33831      19.993021  ]
 [   0.14732508    0.02599002    0.        ]
 [   0.            0.            0.1496    ]]
Residual vector length: 480, Jacobian shape: (480, 6)
view   0 | SOD= 570.626 mm | SDD= 675.501 mm | M= 1.184 | incident=3.8197°
[[  99.027084   -561.4113      -25.00716   ]
 [ -18.05055     102.3423       19.99284   ]
 [   0.14732572    0.02598637    0.        ]
 [   0.            0.            0.1496    ]]

iter 42 cost=1.823014 -> 1.858537 |dtheta|=5.470623e-03  lambda=7.535e+01

============================================================
Iteration 43
============================================================
Theta offsets (Unity frame):
  Source   : dSx=   0.000, dSy=   0.000, dSz=   0.000  (mm)
  Object   : dOx= -10.001, dOy=   4.993, dOz= -18.917  (mm)
  Object offset: offset_x=  -0.000, offset_z=  -0.001  (mm)
  Detector : dDx=   0.000, dDy=   0.000, dDz=   0.000  (mm)
  Obj Stage rotY :   10.005 deg
============================================================

Unity geometry (world coordinates):
  Source   : x=   0.000, y=  45.000, z=   0.000
  Object   : x=  -0.001, y=  19.993, z= 570.083
  Detector : x=   0.000, y=   0.000, z= 674.000
  Obj rotY :   0.0000 deg
view   0 | SOD= 570.630 mm | SDD= 675.501 mm | M= 1.184 | incident=3.8197°
[[  99.0413     -561.41235     -25.006979  ]
 [ -18.05277     102.33831      19.993021  ]
 [   0.14732508    0.02599002    0.        ]
 [   0.            0.            0.1496    ]]
Residual vector length: 480, Jacobian shape: (480, 6)
view   0 | SOD= 570.629 mm | SDD= 675.501 mm | M= 1.184 | incident=3.8197°
[[  99.03028    -561.41315     -25.007256  ]
 [ -18.050663    102.33987      19.992744  ]
 [   0.14732559    0.02598711    0.        ]
 [   0.            0.            0.1496    ]]

iter 43 cost=1.823014 -> 1.850167 |dtheta|=3.159345e-03  lambda=3.768e+02

============================================================
Iteration 44
============================================================
Theta offsets (Unity frame):
  Source   : dSx=   0.000, dSy=   0.000, dSz=   0.000  (mm)
  Object   : dOx= -10.001, dOy=   4.993, dOz= -18.917  (mm)
  Object offset: offset_x=  -0.000, offset_z=  -0.001  (mm)
  Detector : dDx=   0.000, dDy=   0.000, dDz=   0.000  (mm)
  Obj Stage rotY :   10.005 deg
============================================================

Unity geometry (world coordinates):
  Source   : x=   0.000, y=  45.000, z=   0.000
  Object   : x=  -0.001, y=  19.993, z= 570.083
  Detector : x=   0.000, y=   0.000, z= 674.000
  Obj rotY :   0.0000 deg
view   0 | SOD= 570.630 mm | SDD= 675.501 mm | M= 1.184 | incident=3.8197°
[[  99.0413     -561.41235     -25.006979  ]
 [ -18.05277     102.33831      19.993021  ]
 [   0.14732508    0.02599002    0.        ]
 [   0.            0.            0.1496    ]]
Residual vector length: 480, Jacobian shape: (480, 6)
view   0 | SOD= 570.630 mm | SDD= 675.501 mm | M= 1.184 | incident=3.8197°
[[  99.035934   -561.41376     -25.007292  ]
 [ -18.051414    102.33812      19.992708  ]
 [   0.14732534    0.02598853    0.        ]
 [   0.            0.            0.1496    ]]

iter 44 cost=1.823014 -> 1.841147 |dtheta|=1.544331e-03  lambda=1.884e+03

============================================================
Iteration 45
============================================================
Theta offsets (Unity frame):
  Source   : dSx=   0.000, dSy=   0.000, dSz=   0.000  (mm)
  Object   : dOx= -10.001, dOy=   4.993, dOz= -18.917  (mm)
  Object offset: offset_x=  -0.000, offset_z=  -0.001  (mm)
  Detector : dDx=   0.000, dDy=   0.000, dDz=   0.000  (mm)
  Obj Stage rotY :   10.005 deg
============================================================

Unity geometry (world coordinates):
  Source   : x=   0.000, y=  45.000, z=   0.000
  Object   : x=  -0.001, y=  19.993, z= 570.083
  Detector : x=   0.000, y=   0.000, z= 674.000
  Obj rotY :   0.0000 deg
view   0 | SOD= 570.630 mm | SDD= 675.501 mm | M= 1.184 | incident=3.8197°
[[  99.0413     -561.41235     -25.006979  ]
 [ -18.05277     102.33831      19.993021  ]
 [   0.14732508    0.02599002    0.        ]
 [   0.            0.            0.1496    ]]
Residual vector length: 480, Jacobian shape: (480, 6)
view   0 | SOD= 570.630 mm | SDD= 675.501 mm | M= 1.184 | incident=3.8197°
[[  99.03987    -561.4131      -25.00719   ]
 [ -18.052229    102.337975     19.99281   ]
 [   0.14732516    0.02598958    0.        ]
 [   0.            0.            0.1496    ]]

iter 45 cost=1.823014 -> 1.801093 |dtheta|=7.132226e-04  lambda=9.419e+03

============================================================
Iteration 46
============================================================
Theta offsets (Unity frame):
  Source   : dSx=   0.000, dSy=   0.000, dSz=   0.000  (mm)
  Object   : dOx= -10.001, dOy=   4.993, dOz= -18.917  (mm)
  Object offset: offset_x=  -0.000, offset_z=  -0.001  (mm)
  Detector : dDx=   0.000, dDy=   0.000, dDz=   0.000  (mm)
  Obj Stage rotY :   10.005 deg
============================================================

Unity geometry (world coordinates):
  Source   : x=   0.000, y=  45.000, z=   0.000
  Object   : x=  -0.001, y=  19.993, z= 570.083
  Detector : x=   0.000, y=   0.000, z= 674.000
  Obj rotY :   0.0000 deg
view   0 | SOD= 570.630 mm | SDD= 675.501 mm | M= 1.184 | incident=3.8197°
[[  99.03987    -561.4131      -25.00719   ]
 [ -18.052229    102.337975     19.99281   ]
 [   0.14732516    0.02598958    0.        ]
 [   0.            0.            0.1496    ]]
Residual vector length: 480, Jacobian shape: (480, 6)
view   0 | SOD= 570.629 mm | SDD= 675.501 mm | M= 1.184 | incident=3.8197°
[[  99.03087    -561.4139      -25.007362  ]
 [ -18.05056     102.33901      19.992638  ]
 [   0.14732558    0.02598721    0.        ]
 [   0.            0.            0.1496    ]]

iter 46 cost=1.801093 -> 1.823620 |dtheta|=1.094137e-03  lambda=3.140e+03

============================================================
Iteration 47
============================================================
Theta offsets (Unity frame):
  Source   : dSx=   0.000, dSy=   0.000, dSz=   0.000  (mm)
  Object   : dOx= -10.001, dOy=   4.993, dOz= -18.917  (mm)
  Object offset: offset_x=  -0.000, offset_z=  -0.001  (mm)
  Detector : dDx=   0.000, dDy=   0.000, dDz=   0.000  (mm)
  Obj Stage rotY :   10.005 deg
============================================================

Unity geometry (world coordinates):
  Source   : x=   0.000, y=  45.000, z=   0.000
  Object   : x=  -0.001, y=  19.993, z= 570.083
  Detector : x=   0.000, y=   0.000, z= 674.000
  Obj rotY :   0.0000 deg
view   0 | SOD= 570.630 mm | SDD= 675.501 mm | M= 1.184 | incident=3.8197°
[[  99.03987    -561.4131      -25.00719   ]
 [ -18.052229    102.337975     19.99281   ]
 [   0.14732516    0.02598958    0.        ]
 [   0.            0.            0.1496    ]]
Residual vector length: 480, Jacobian shape: (480, 6)
view   0 | SOD= 570.630 mm | SDD= 675.501 mm | M= 1.184 | incident=3.8197°
[[  99.037544   -561.4132      -25.007305  ]
 [ -18.05177     102.3383       19.992695  ]
 [   0.14732526    0.02598896    0.        ]
 [   0.            0.            0.1496    ]]

iter 47 cost=1.801093 -> 1.816175 |dtheta|=3.405262e-04  lambda=1.570e+04

============================================================
Iteration 48
============================================================
Theta offsets (Unity frame):
  Source   : dSx=   0.000, dSy=   0.000, dSz=   0.000  (mm)
  Object   : dOx= -10.001, dOy=   4.993, dOz= -18.917  (mm)
  Object offset: offset_x=  -0.000, offset_z=  -0.001  (mm)
  Detector : dDx=   0.000, dDy=   0.000, dDz=   0.000  (mm)
  Obj Stage rotY :   10.005 deg
============================================================

Unity geometry (world coordinates):
  Source   : x=   0.000, y=  45.000, z=   0.000
  Object   : x=  -0.001, y=  19.993, z= 570.083
  Detector : x=   0.000, y=   0.000, z= 674.000
  Obj rotY :   0.0000 deg
view   0 | SOD= 570.630 mm | SDD= 675.501 mm | M= 1.184 | incident=3.8197°
[[  99.03987    -561.4131      -25.00719   ]
 [ -18.052229    102.337975     19.99281   ]
 [   0.14732516    0.02598958    0.        ]
 [   0.            0.            0.1496    ]]
Residual vector length: 480, Jacobian shape: (480, 6)
view   0 | SOD= 570.630 mm | SDD= 675.501 mm | M= 1.184 | incident=3.8197°
[[  99.039375   -561.4131      -25.007229  ]
 [ -18.052126    102.33806      19.992771  ]
 [   0.14732517    0.02598945    0.        ]
 [   0.            0.            0.1496    ]]

iter 48 cost=1.801093 -> 1.802208 |dtheta|=8.333856e-05  lambda=7.849e+04

============================================================
Iteration 49
============================================================
Theta offsets (Unity frame):
  Source   : dSx=   0.000, dSy=   0.000, dSz=   0.000  (mm)
  Object   : dOx= -10.001, dOy=   4.993, dOz= -18.917  (mm)
  Object offset: offset_x=  -0.000, offset_z=  -0.001  (mm)
  Detector : dDx=   0.000, dDy=   0.000, dDz=   0.000  (mm)
  Obj Stage rotY :   10.005 deg
============================================================

Unity geometry (world coordinates):
  Source   : x=   0.000, y=  45.000, z=   0.000
  Object   : x=  -0.001, y=  19.993, z= 570.083
  Detector : x=   0.000, y=   0.000, z= 674.000
  Obj rotY :   0.0000 deg
view   0 | SOD= 570.630 mm | SDD= 675.501 mm | M= 1.184 | incident=3.8197°
[[  99.03987    -561.4131      -25.00719   ]
 [ -18.052229    102.337975     19.99281   ]
 [   0.14732516    0.02598958    0.        ]
 [   0.            0.            0.1496    ]]
Residual vector length: 480, Jacobian shape: (480, 6)
view   0 | SOD= 570.630 mm | SDD= 675.501 mm | M= 1.184 | incident=3.8197°
[[  99.03977    -561.4131      -25.0072    ]
 [ -18.052206    102.33798      19.9928    ]
 [   0.14732516    0.02598955    0.        ]
 [   0.            0.            0.1496    ]]

iter 49 cost=1.801093 -> 1.798232 |dtheta|=1.764332e-05  lambda=3.925e+05

============================================================
Iteration 50
============================================================
Theta offsets (Unity frame):
  Source   : dSx=   0.000, dSy=   0.000, dSz=   0.000  (mm)
  Object   : dOx= -10.001, dOy=   4.993, dOz= -18.917  (mm)
  Object offset: offset_x=  -0.000, offset_z=  -0.001  (mm)
  Detector : dDx=   0.000, dDy=   0.000, dDz=   0.000  (mm)
  Obj Stage rotY :   10.005 deg
============================================================

Unity geometry (world coordinates):
  Source   : x=   0.000, y=  45.000, z=   0.000
  Object   : x=  -0.001, y=  19.993, z= 570.083
  Detector : x=   0.000, y=   0.000, z= 674.000
  Obj rotY :   0.0000 deg
view   0 | SOD= 570.630 mm | SDD= 675.501 mm | M= 1.184 | incident=3.8197°
[[  99.03977    -561.4131      -25.0072    ]
 [ -18.052206    102.33798      19.9928    ]
 [   0.14732516    0.02598955    0.        ]
 [   0.            0.            0.1496    ]]
Residual vector length: 480, Jacobian shape: (480, 6)
view   0 | SOD= 570.630 mm | SDD= 675.501 mm | M= 1.184 | incident=3.8197°
[[  99.03953    -561.4131      -25.007225  ]
 [ -18.052166    102.33805      19.992775  ]
 [   0.14732517    0.02598949    0.        ]
 [   0.            0.            0.1496    ]]

iter 50 cost=1.798232 -> 1.813276 |dtheta|=4.651747e-05  lambda=1.308e+05

============================================================
Iteration 51
============================================================
Theta offsets (Unity frame):
  Source   : dSx=   0.000, dSy=   0.000, dSz=   0.000  (mm)
  Object   : dOx= -10.001, dOy=   4.993, dOz= -18.917  (mm)
  Object offset: offset_x=  -0.000, offset_z=  -0.001  (mm)
  Detector : dDx=   0.000, dDy=   0.000, dDz=   0.000  (mm)
  Obj Stage rotY :   10.005 deg
============================================================

Unity geometry (world coordinates):
  Source   : x=   0.000, y=  45.000, z=   0.000
  Object   : x=  -0.001, y=  19.993, z= 570.083
  Detector : x=   0.000, y=   0.000, z= 674.000
  Obj rotY :   0.0000 deg
view   0 | SOD= 570.630 mm | SDD= 675.501 mm | M= 1.184 | incident=3.8197°
[[  99.03977    -561.4131      -25.0072    ]
 [ -18.052206    102.33798      19.9928    ]
 [   0.14732516    0.02598955    0.        ]
 [   0.            0.            0.1496    ]]
Residual vector length: 480, Jacobian shape: (480, 6)
view   0 | SOD= 570.630 mm | SDD= 675.501 mm | M= 1.184 | incident=3.8197°
[[  99.03973    -561.4131      -25.007206  ]
 [ -18.052195    102.33798      19.992794  ]
 [   0.14732516    0.02598954    0.        ]
 [   0.            0.            0.1496    ]]

iter 51 cost=1.798232 -> 1.804767 |dtheta|=9.691348e-06  lambda=6.541e+05

============================================================
Iteration 52
============================================================
Theta offsets (Unity frame):
  Source   : dSx=   0.000, dSy=   0.000, dSz=   0.000  (mm)
  Object   : dOx= -10.001, dOy=   4.993, dOz= -18.917  (mm)
  Object offset: offset_x=  -0.000, offset_z=  -0.001  (mm)
  Detector : dDx=   0.000, dDy=   0.000, dDz=   0.000  (mm)
  Obj Stage rotY :   10.005 deg
============================================================

Unity geometry (world coordinates):
  Source   : x=   0.000, y=  45.000, z=   0.000
  Object   : x=  -0.001, y=  19.993, z= 570.083
  Detector : x=   0.000, y=   0.000, z= 674.000
  Obj rotY :   0.0000 deg
view   0 | SOD= 570.630 mm | SDD= 675.501 mm | M= 1.184 | incident=3.8197°
[[  99.03977    -561.4131      -25.0072    ]
 [ -18.052206    102.33798      19.9928    ]
 [   0.14732516    0.02598955    0.        ]
 [   0.            0.            0.1496    ]]
Residual vector length: 480, Jacobian shape: (480, 6)
view   0 | SOD= 570.630 mm | SDD= 675.501 mm | M= 1.184 | incident=3.8197°
[[  99.03974    -561.4131      -25.007202  ]
 [ -18.052198    102.33798      19.992798  ]
 [   0.14732516    0.02598955    0.        ]
 [   0.            0.            0.1496    ]]

iter 52 cost=1.798232 -> 1.794689 |dtheta|=6.362616e-06  lambda=1.000e+06

============================================================
Iteration 53
============================================================
Theta offsets (Unity frame):
  Source   : dSx=   0.000, dSy=   0.000, dSz=   0.000  (mm)
  Object   : dOx= -10.001, dOy=   4.993, dOz= -18.917  (mm)
  Object offset: offset_x=  -0.000, offset_z=  -0.001  (mm)
  Detector : dDx=   0.000, dDy=   0.000, dDz=   0.000  (mm)
  Obj Stage rotY :   10.005 deg
============================================================

Unity geometry (world coordinates):
  Source   : x=   0.000, y=  45.000, z=   0.000
  Object   : x=  -0.001, y=  19.993, z= 570.083
  Detector : x=   0.000, y=   0.000, z= 674.000
  Obj rotY :   0.0000 deg
view   0 | SOD= 570.630 mm | SDD= 675.501 mm | M= 1.184 | incident=3.8197°
[[  99.03974    -561.4131      -25.007202  ]
 [ -18.052198    102.33798      19.992798  ]
 [   0.14732516    0.02598955    0.        ]
 [   0.            0.            0.1496    ]]
Residual vector length: 480, Jacobian shape: (480, 6)
view   0 | SOD= 570.630 mm | SDD= 675.501 mm | M= 1.184 | incident=3.8197°
[[  99.039665   -561.4131      -25.007212  ]
 [ -18.052181    102.33798      19.992788  ]
 [   0.14732516    0.02598953    0.        ]
 [   0.            0.            0.1496    ]]

iter 53 cost=1.794689 -> 1.809479 |dtheta|=1.739295e-05  lambda=3.333e+05

============================================================
Iteration 54
============================================================
Theta offsets (Unity frame):
  Source   : dSx=   0.000, dSy=   0.000, dSz=   0.000  (mm)
  Object   : dOx= -10.001, dOy=   4.993, dOz= -18.917  (mm)
  Object offset: offset_x=  -0.000, offset_z=  -0.001  (mm)
  Detector : dDx=   0.000, dDy=   0.000, dDz=   0.000  (mm)
  Obj Stage rotY :   10.005 deg
============================================================

Unity geometry (world coordinates):
  Source   : x=   0.000, y=  45.000, z=   0.000
  Object   : x=  -0.001, y=  19.993, z= 570.083
  Detector : x=   0.000, y=   0.000, z= 674.000
  Obj rotY :   0.0000 deg
view   0 | SOD= 570.630 mm | SDD= 675.501 mm | M= 1.184 | incident=3.8197°
[[  99.03974    -561.4131      -25.007202  ]
 [ -18.052198    102.33798      19.992798  ]
 [   0.14732516    0.02598955    0.        ]
 [   0.            0.            0.1496    ]]
Residual vector length: 480, Jacobian shape: (480, 6)
view   0 | SOD= 570.630 mm | SDD= 675.501 mm | M= 1.184 | incident=3.8197°
[[  99.03972    -561.4131      -25.007206  ]
 [ -18.052193    102.33798      19.992794  ]
 [   0.14732516    0.02598954    0.        ]
 [   0.            0.            0.1496    ]]

iter 54 cost=1.794689 -> 1.804767 |dtheta|=5.879390e-06  lambda=1.000e+06

============================================================
Iteration 55
============================================================
Theta offsets (Unity frame):
  Source   : dSx=   0.000, dSy=   0.000, dSz=   0.000  (mm)
  Object   : dOx= -10.001, dOy=   4.993, dOz= -18.917  (mm)
  Object offset: offset_x=  -0.000, offset_z=  -0.001  (mm)
  Detector : dDx=   0.000, dDy=   0.000, dDz=   0.000  (mm)
  Obj Stage rotY :   10.005 deg
============================================================

Unity geometry (world coordinates):
  Source   : x=   0.000, y=  45.000, z=   0.000
  Object   : x=  -0.001, y=  19.993, z= 570.083
  Detector : x=   0.000, y=   0.000, z= 674.000
  Obj rotY :   0.0000 deg
view   0 | SOD= 570.630 mm | SDD= 675.501 mm | M= 1.184 | incident=3.8197°
[[  99.03974    -561.4131      -25.007202  ]
 [ -18.052198    102.33798      19.992798  ]
 [   0.14732516    0.02598955    0.        ]
 [   0.            0.            0.1496    ]]
Residual vector length: 480, Jacobian shape: (480, 6)
view   0 | SOD= 570.630 mm | SDD= 675.501 mm | M= 1.184 | incident=3.8197°
[[  99.03972    -561.4131      -25.007206  ]
 [ -18.052193    102.33798      19.992794  ]
 [   0.14732516    0.02598954    0.        ]
 [   0.            0.            0.1496    ]]

iter 55 cost=1.794689 -> 1.804767 |dtheta|=5.879390e-06  lambda=1.000e+06

============================================================
Iteration 56
============================================================
Theta offsets (Unity frame):
  Source   : dSx=   0.000, dSy=   0.000, dSz=   0.000  (mm)
  Object   : dOx= -10.001, dOy=   4.993, dOz= -18.917  (mm)
  Object offset: offset_x=  -0.000, offset_z=  -0.001  (mm)
  Detector : dDx=   0.000, dDy=   0.000, dDz=   0.000  (mm)
  Obj Stage rotY :   10.005 deg
============================================================

Unity geometry (world coordinates):
  Source   : x=   0.000, y=  45.000, z=   0.000
  Object   : x=  -0.001, y=  19.993, z= 570.083
  Detector : x=   0.000, y=   0.000, z= 674.000
  Obj rotY :   0.0000 deg
view   0 | SOD= 570.630 mm | SDD= 675.501 mm | M= 1.184 | incident=3.8197°
[[  99.03974    -561.4131      -25.007202  ]
 [ -18.052198    102.33798      19.992798  ]
 [   0.14732516    0.02598955    0.        ]
 [   0.            0.            0.1496    ]]
Residual vector length: 480, Jacobian shape: (480, 6)
view   0 | SOD= 570.630 mm | SDD= 675.501 mm | M= 1.184 | incident=3.8197°
[[  99.03972    -561.4131      -25.007206  ]
 [ -18.052193    102.33798      19.992794  ]
 [   0.14732516    0.02598954    0.        ]
 [   0.            0.            0.1496    ]]

iter 56 cost=1.794689 -> 1.804767 |dtheta|=5.879390e-06  lambda=1.000e+06

============================================================
Iteration 57
============================================================
Theta offsets (Unity frame):
  Source   : dSx=   0.000, dSy=   0.000, dSz=   0.000  (mm)
  Object   : dOx= -10.001, dOy=   4.993, dOz= -18.917  (mm)
  Object offset: offset_x=  -0.000, offset_z=  -0.001  (mm)
  Detector : dDx=   0.000, dDy=   0.000, dDz=   0.000  (mm)
  Obj Stage rotY :   10.005 deg
============================================================

Unity geometry (world coordinates):
  Source   : x=   0.000, y=  45.000, z=   0.000
  Object   : x=  -0.001, y=  19.993, z= 570.083
  Detector : x=   0.000, y=   0.000, z= 674.000
  Obj rotY :   0.0000 deg
view   0 | SOD= 570.630 mm | SDD= 675.501 mm | M= 1.184 | incident=3.8197°
[[  99.03974    -561.4131      -25.007202  ]
 [ -18.052198    102.33798      19.992798  ]
 [   0.14732516    0.02598955    0.        ]
 [   0.            0.            0.1496    ]]
Residual vector length: 480, Jacobian shape: (480, 6)
view   0 | SOD= 570.630 mm | SDD= 675.501 mm | M= 1.184 | incident=3.8197°
[[  99.03972    -561.4131      -25.007206  ]
 [ -18.052193    102.33798      19.992794  ]
 [   0.14732516    0.02598954    0.        ]
 [   0.            0.            0.1496    ]]

iter 57 cost=1.794689 -> 1.804767 |dtheta|=5.879390e-06  lambda=1.000e+06

============================================================
Iteration 58
============================================================
Theta offsets (Unity frame):
  Source   : dSx=   0.000, dSy=   0.000, dSz=   0.000  (mm)
  Object   : dOx= -10.001, dOy=   4.993, dOz= -18.917  (mm)
  Object offset: offset_x=  -0.000, offset_z=  -0.001  (mm)
  Detector : dDx=   0.000, dDy=   0.000, dDz=   0.000  (mm)
  Obj Stage rotY :   10.005 deg
============================================================

Unity geometry (world coordinates):
  Source   : x=   0.000, y=  45.000, z=   0.000
  Object   : x=  -0.001, y=  19.993, z= 570.083
  Detector : x=   0.000, y=   0.000, z= 674.000
  Obj rotY :   0.0000 deg
view   0 | SOD= 570.630 mm | SDD= 675.501 mm | M= 1.184 | incident=3.8197°
[[  99.03974    -561.4131      -25.007202  ]
 [ -18.052198    102.33798      19.992798  ]
 [   0.14732516    0.02598955    0.        ]
 [   0.            0.            0.1496    ]]
Residual vector length: 480, Jacobian shape: (480, 6)
view   0 | SOD= 570.630 mm | SDD= 675.501 mm | M= 1.184 | incident=3.8197°
[[  99.03972    -561.4131      -25.007206  ]
 [ -18.052193    102.33798      19.992794  ]
 [   0.14732516    0.02598954    0.        ]
 [   0.            0.            0.1496    ]]

iter 58 cost=1.794689 -> 1.804767 |dtheta|=5.879390e-06  lambda=1.000e+06

============================================================
Iteration 59
============================================================
Theta offsets (Unity frame):
  Source   : dSx=   0.000, dSy=   0.000, dSz=   0.000  (mm)
  Object   : dOx= -10.001, dOy=   4.993, dOz= -18.917  (mm)
  Object offset: offset_x=  -0.000, offset_z=  -0.001  (mm)
  Detector : dDx=   0.000, dDy=   0.000, dDz=   0.000  (mm)
  Obj Stage rotY :   10.005 deg
============================================================

Unity geometry (world coordinates):
  Source   : x=   0.000, y=  45.000, z=   0.000
  Object   : x=  -0.001, y=  19.993, z= 570.083
  Detector : x=   0.000, y=   0.000, z= 674.000
  Obj rotY :   0.0000 deg
view   0 | SOD= 570.630 mm | SDD= 675.501 mm | M= 1.184 | incident=3.8197°
[[  99.03974    -561.4131      -25.007202  ]
 [ -18.052198    102.33798      19.992798  ]
 [   0.14732516    0.02598955    0.        ]
 [   0.            0.            0.1496    ]]
Residual vector length: 480, Jacobian shape: (480, 6)
view   0 | SOD= 570.630 mm | SDD= 675.501 mm | M= 1.184 | incident=3.8197°
[[  99.03972    -561.4131      -25.007206  ]
 [ -18.052193    102.33798      19.992794  ]
 [   0.14732516    0.02598954    0.        ]
 [   0.            0.            0.1496    ]]

iter 59 cost=1.794689 -> 1.804767 |dtheta|=5.879390e-06  lambda=1.000e+06

============================================================
Iteration 60
============================================================
Theta offsets (Unity frame):
  Source   : dSx=   0.000, dSy=   0.000, dSz=   0.000  (mm)
  Object   : dOx= -10.001, dOy=   4.993, dOz= -18.917  (mm)
  Object offset: offset_x=  -0.000, offset_z=  -0.001  (mm)
  Detector : dDx=   0.000, dDy=   0.000, dDz=   0.000  (mm)
  Obj Stage rotY :   10.005 deg
============================================================

Unity geometry (world coordinates):
  Source   : x=   0.000, y=  45.000, z=   0.000
  Object   : x=  -0.001, y=  19.993, z= 570.083
  Detector : x=   0.000, y=   0.000, z= 674.000
  Obj rotY :   0.0000 deg
view   0 | SOD= 570.630 mm | SDD= 675.501 mm | M= 1.184 | incident=3.8197°
[[  99.03974    -561.4131      -25.007202  ]
 [ -18.052198    102.33798      19.992798  ]
 [   0.14732516    0.02598955    0.        ]
 [   0.            0.            0.1496    ]]
Residual vector length: 480, Jacobian shape: (480, 6)
view   0 | SOD= 570.630 mm | SDD= 675.501 mm | M= 1.184 | incident=3.8197°
[[  99.03972    -561.4131      -25.007206  ]
 [ -18.052193    102.33798      19.992794  ]
 [   0.14732516    0.02598954    0.        ]
 [   0.            0.            0.1496    ]]

iter 60 cost=1.794689 -> 1.804767 |dtheta|=5.879390e-06  lambda=1.000e+06
Stalled.

Estimated theta:
  dSx: +0.000000
  dSy: +0.000000
  dOx: -10.000967
  dOy: +4.992797
  dOz: -18.917313
  dDx: +0.000000
  dDy: +0.000000
  dDz: +0.000000
alpha: +1.000458e+01 deg)
offset_x: -0.000200
offset_z: -0.000679

Final cost table:
Fake theta: [  0.   0. -10.   5. -19.   0.   0.   0.  10.   0.   0.]
Final estimated theta: [  0.           0.         -10.00096692   4.99279671 -18.91731265
   0.           0.           0.          10.00458097  -0.00020029
  -0.00067892]
Diff from Expected: [ 0.          0.         -0.00096692 -0.00720329  0.08268735  0.
  0.          0.          0.00458097 -0.00020029 -0.00067892]
################################################################################

