Phantom already exists, skipping: cuboid_phantom_6_normal.npy

################################################################################
Running cuboid=normal scenario=G4 N_ANGLES=18, K=6
view   0 | SOD= 568.374 mm | SDD= 691.050 mm | M= 1.216 | incident=3.1588°
[[  24.733675   -567.4833      -20.        ]
 [   3.6013086   122.35616      15.        ]
 [   0.14939497    0.00782946    0.        ]
 [   0.            0.            0.1496    ]]
           image          x1         y1  area1          x2          y2  area2          x3          y3  area3          x4          y4  area4          x5          y5  area5          x6          y6  area6
0   proj_000.png  470.186837  86.942675    471  355.645022  177.000000    462  364.448513  262.505721    437  444.164678  345.835322    419  475.285393  438.559551    445  470.222222  538.923747    459
1   proj_001.png  417.543651  86.880952    504  327.527711  176.944578    415  388.869266  262.061927    436  488.272953  346.602978    403  477.122402  439.905312    433  417.623701  539.571726    481
2   proj_002.png  364.927536  86.919255    483  310.524706  176.755294    425  416.561201  261.979215    433  524.577889  347.964824    398  472.139326  441.094382    445  364.938689  539.012685    473
3   proj_003.png  319.334755  87.307036    469  306.786848  176.378685    441  444.258065  262.122120    434  548.761792  349.832547    424  460.376652  442.237885    454  319.295117  536.772824    471
4   proj_004.png  286.277657  87.681128    461  316.383908  176.119540    435  469.267123  262.447489    438  557.561798  351.964045    445  443.351770  442.957965    452  286.288840  533.404814    457
5   proj_005.png  270.202247  88.397753    445  337.925926  175.986111    432  488.133333  263.000000    435  549.522876  354.169935    459  423.078431  443.407407    459  270.218182  529.190909    440
6   proj_006.png  271.804296  89.042959    419  368.531818  175.684091    440  498.811816  263.695842    457  524.898089  355.995754    471  402.063158  443.210526    475  271.936768  524.990632    427
7   proj_007.png  290.955446  89.638614    404  404.727679  175.674107    448  499.556793  264.438753    449  486.935282  357.475992    479  383.376842  442.557895    475  290.876812  521.028986    414
8   proj_008.png  324.655000  90.120000    400  442.596916  175.656388    454  490.609865  265.219731    446  439.946535  358.081188    505  368.730603  441.644397    464  324.624378  517.885572    402
9   proj_009.png  368.500000  90.447005    434  477.536697  175.649083    436  472.835470  265.816239    468  389.934021  358.065979    485  360.062907  440.462039    461  368.600000  515.927059    425
10  proj_010.png  418.187082  90.503341    449  505.582927  175.973171    410  447.768267  266.075157    479  343.777778  357.333333    450  358.707763  439.082192    438  418.170404  515.217489    446
11  proj_011.png  467.589977  90.355353    439  523.837264  176.139151    424  419.185417  266.333333    480  306.972665  355.749431    439  364.282851  437.917595    449  467.566820  515.937788    434
12  proj_012.png  511.841270  90.083900    441  529.061538  176.426374    455  390.388655  266.144958    476  284.555066  353.751101    454  376.020089  436.745536    448  511.884793  517.979263    434
13  proj_013.png  545.251121  89.580717    446  521.346983  176.672414    464  364.968017  265.720682    469  278.361656  351.586057    459  393.020455  436.115909    440  545.281179  521.294785    441
14  proj_014.png  564.025229  88.990826    436  500.459402  176.967949    468  346.296943  265.165939    458  289.045045  349.493243    444  412.746067  435.755056    445  564.002273  525.159091    440
15  proj_015.png  565.610451  88.342043    421  469.093946  177.029228    479  336.316484  264.536264    455  314.864169  347.779859    427  433.131818  435.929545    440  565.546099  529.449173    423
16  proj_016.png  548.997642  87.750000    424  431.213992  177.139918    486  336.480726  263.743764    441  352.386047  346.497674    430  451.668845  436.420479    459  548.990741  533.590278    432
17  proj_017.png  515.894860  87.156542    428  391.943089  177.093496    492  346.395294  263.018824    425  397.036036  345.734234    444  466.218263  437.378619    449  515.927400  536.927400    427

============================================================
Iteration 0
============================================================
Theta offsets (Unity frame):
  Source   : dSx=   0.000, dSy=   0.000, dSz=   0.000  (mm)
  Object   : dOx=   0.000, dOy=   0.000, dOz=   0.000  (mm)
  Object offset: offset_x=   0.000, offset_z=   0.000  (mm)
  Detector : dDx=   0.000, dDy=   0.000, dDz=   0.000  (mm)
  Obj Stage rotY :    0.000 deg
============================================================

Unity geometry (world coordinates):
  Source   : x=  -5.000, y=  38.000, z=   0.000
  Object   : x=   7.000, y=  20.000, z= 576.000
  Detector : x=  10.000, y=   3.000, z= 690.000
  Obj rotY :   0.0000 deg
view   0 | SOD= 576.406 mm | SDD= 691.050 mm | M= 1.199 | incident=3.1588°
[[ -12.     -576.      -18.    ]
 [   3.      114.       17.    ]
 [   0.1496    0.        0.    ]
 [   0.        0.        0.1496]]
Residual vector length: 486, Jacobian shape: (486, 6)
view   0 | SOD= 573.772 mm | SDD= 691.050 mm | M= 1.204 | incident=3.1588°
[[   6.1336875  -573.41064     -19.413996  ]
 [   5.067043    116.75159      15.586004  ]
 [   0.14955945    0.00348255    0.        ]
 [   0.            0.            0.1496    ]]

iter 00 cost=190078.823934 -> 23018.403550 |dtheta|=5.646912e+00  lambda=1.000e-02

============================================================
Iteration 1
============================================================
Theta offsets (Unity frame):
  Source   : dSx=   0.000, dSy=   0.000, dSz=   0.000  (mm)
  Object   : dOx=  -4.617, dOy=  -1.414, dOz=  -2.600  (mm)
  Object offset: offset_x=  -0.166, offset_z=  -0.002  (mm)
  Detector : dDx=   0.000, dDy=   0.000, dDz=   0.000  (mm)
  Obj Stage rotY :    1.334 deg
============================================================

Unity geometry (world coordinates):
  Source   : x=  -5.000, y=  38.000, z=   0.000
  Object   : x=   2.383, y=  18.586, z= 573.400
  Detector : x=  10.000, y=   3.000, z= 690.000
  Obj rotY :   0.0000 deg
view   0 | SOD= 573.772 mm | SDD= 691.050 mm | M= 1.204 | incident=3.1588°
[[   6.1336875  -573.41064     -19.413996  ]
 [   5.067043    116.75159      15.586004  ]
 [   0.14955945    0.00348255    0.        ]
 [   0.            0.            0.1496    ]]
Residual vector length: 486, Jacobian shape: (486, 6)
view   0 | SOD= 572.919 mm | SDD= 691.050 mm | M= 1.206 | incident=3.1588°
[[  12.3062105  -572.44006     -19.941084  ]
 [   5.594176    117.69032      15.058916  ]
 [   0.14952597    0.00470581    0.        ]
 [   0.            0.            0.1496    ]]

iter 01 cost=23018.403550 -> 3230.954923 |dtheta|=1.940861e+00  lambda=3.333e-03

============================================================
Iteration 2
============================================================
Theta offsets (Unity frame):
  Source   : dSx=   0.000, dSy=   0.000, dSz=   0.000  (mm)
  Object   : dOx=  -6.214, dOy=  -1.941, dOz=  -3.444  (mm)
  Object offset: offset_x=  -0.079, offset_z=  -0.013  (mm)
  Detector : dDx=   0.000, dDy=   0.000, dDz=   0.000  (mm)
  Obj Stage rotY :    1.803 deg
============================================================

Unity geometry (world coordinates):
  Source   : x=  -5.000, y=  38.000, z=   0.000
  Object   : x=   0.786, y=  18.059, z= 572.556
  Detector : x=  10.000, y=   3.000, z= 690.000
  Obj rotY :   0.0000 deg
view   0 | SOD= 572.919 mm | SDD= 691.050 mm | M= 1.206 | incident=3.1588°
[[  12.3062105  -572.44006     -19.941084  ]
 [   5.594176    117.69032      15.058916  ]
 [   0.14952597    0.00470581    0.        ]
 [   0.            0.            0.1496    ]]
Residual vector length: 486, Jacobian shape: (486, 6)
view   0 | SOD= 572.093 mm | SDD= 691.050 mm | M= 1.208 | incident=3.1588°
[[  19.0882     -571.4238      -20.009205  ]
 [   4.8073564   118.5914       14.990795  ]
 [   0.14946537    0.0063455     0.        ]
 [   0.            0.            0.1496    ]]

iter 02 cost=3230.954923 -> 845.848173 |dtheta|=1.143552e+00  lambda=1.111e-03

============================================================
Iteration 3
============================================================
Theta offsets (Unity frame):
  Source   : dSx=   0.000, dSy=   0.000, dSz=   0.000  (mm)
  Object   : dOx=  -6.719, dOy=  -2.009, dOz=  -4.251  (mm)
  Object offset: offset_x=  -0.115, offset_z=  -0.030  (mm)
  Detector : dDx=   0.000, dDy=   0.000, dDz=   0.000  (mm)
  Obj Stage rotY :    2.431 deg
============================================================

Unity geometry (world coordinates):
  Source   : x=  -5.000, y=  38.000, z=   0.000
  Object   : x=   0.281, y=  17.991, z= 571.749
  Detector : x=  10.000, y=   3.000, z= 690.000
  Obj rotY :   0.0000 deg
view   0 | SOD= 572.093 mm | SDD= 691.050 mm | M= 1.208 | incident=3.1588°
[[  19.0882     -571.4238      -20.009205  ]
 [   4.8073564   118.5914       14.990795  ]
 [   0.14946537    0.0063455     0.        ]
 [   0.            0.            0.1496    ]]
Residual vector length: 486, Jacobian shape: (486, 6)
view   0 | SOD= 571.557 mm | SDD= 691.050 mm | M= 1.209 | incident=3.1588°
[[  21.49599    -570.8003      -20.065752  ]
 [   4.410123    119.15118      14.934248  ]
 [   0.14943834    0.00695307    0.        ]
 [   0.            0.            0.1496    ]]

iter 03 cost=845.848173 -> 412.894622 |dtheta|=6.194254e-01  lambda=3.704e-04

============================================================
Iteration 4
============================================================
Theta offsets (Unity frame):
  Source   : dSx=   0.000, dSy=   0.000, dSz=   0.000  (mm)
  Object   : dOx=  -6.884, dOy=  -2.066, dOz=  -4.795  (mm)
  Object offset: offset_x=  -0.059, offset_z=  -0.022  (mm)
  Detector : dDx=   0.000, dDy=   0.000, dDz=   0.000  (mm)
  Obj Stage rotY :    2.664 deg
============================================================

Unity geometry (world coordinates):
  Source   : x=  -5.000, y=  38.000, z=   0.000
  Object   : x=   0.116, y=  17.934, z= 571.205
  Detector : x=  10.000, y=   3.000, z= 690.000
  Obj rotY :   0.0000 deg
view   0 | SOD= 571.557 mm | SDD= 691.050 mm | M= 1.209 | incident=3.1588°
[[  21.49599    -570.8003      -20.065752  ]
 [   4.410123    119.15118      14.934248  ]
 [   0.14943834    0.00695307    0.        ]
 [   0.            0.            0.1496    ]]
Residual vector length: 486, Jacobian shape: (486, 6)
view   0 | SOD= 570.821 mm | SDD= 691.050 mm | M= 1.211 | incident=3.1588°
[[  22.74657    -570.0143      -20.081318  ]
 [   4.170033    119.89872      14.918682  ]
 [   0.14942296    0.00727593    0.        ]
 [   0.            0.            0.1496    ]]

iter 04 cost=412.894622 -> 227.647631 |dtheta|=7.485070e-01  lambda=1.235e-04

============================================================
Iteration 5
============================================================
Theta offsets (Unity frame):
  Source   : dSx=   0.000, dSy=   0.000, dSz=   0.000  (mm)
  Object   : dOx=  -6.940, dOy=  -2.081, dOz=  -5.531  (mm)
  Object offset: offset_x=  -0.056, offset_z=  -0.023  (mm)
  Detector : dDx=   0.000, dDy=   0.000, dDz=   0.000  (mm)
  Obj Stage rotY :    2.788 deg
============================================================

Unity geometry (world coordinates):
  Source   : x=  -5.000, y=  38.000, z=   0.000
  Object   : x=   0.060, y=  17.919, z= 570.469
  Detector : x=  10.000, y=   3.000, z= 690.000
  Obj rotY :   0.0000 deg
view   0 | SOD= 570.821 mm | SDD= 691.050 mm | M= 1.211 | incident=3.1588°
[[  22.74657    -570.0143      -20.081318  ]
 [   4.170033    119.89872      14.918682  ]
 [   0.14942296    0.00727593    0.        ]
 [   0.            0.            0.1496    ]]
Residual vector length: 486, Jacobian shape: (486, 6)
view   0 | SOD= 570.245 mm | SDD= 691.050 mm | M= 1.212 | incident=3.1588°
[[  22.715784   -569.43896     -20.072054  ]
 [   4.1449933   120.47415      14.927946  ]
 [   0.14942302    0.00727469    0.        ]
 [   0.            0.            0.1496    ]]

iter 05 cost=227.647631 -> 136.792712 |dtheta|=5.860287e-01  lambda=4.115e-05

============================================================
Iteration 6
============================================================
Theta offsets (Unity frame):
  Source   : dSx=   0.000, dSy=   0.000, dSz=   0.000  (mm)
  Object   : dOx=  -6.956, dOy=  -2.072, dOz=  -6.116  (mm)
  Object offset: offset_x=  -0.043, offset_z=  -0.014  (mm)
  Detector : dDx=   0.000, dDy=   0.000, dDz=   0.000  (mm)
  Obj Stage rotY :    2.787 deg
============================================================

Unity geometry (world coordinates):
  Source   : x=  -5.000, y=  38.000, z=   0.000
  Object   : x=   0.044, y=  17.928, z= 569.884
  Detector : x=  10.000, y=   3.000, z= 690.000
  Obj rotY :   0.0000 deg
view   0 | SOD= 570.245 mm | SDD= 691.050 mm | M= 1.212 | incident=3.1588°
[[  22.715784   -569.43896     -20.072054  ]
 [   4.1449933   120.47415      14.927946  ]
 [   0.14942302    0.00727469    0.        ]
 [   0.            0.            0.1496    ]]
Residual vector length: 486, Jacobian shape: (486, 6)
view   0 | SOD= 569.881 mm | SDD= 691.050 mm | M= 1.213 | incident=3.1588°
[[  23.686682   -569.0343      -20.068195  ]
 [   3.9072032   120.845215     14.931805  ]
 [   0.14941004    0.00753646    0.        ]
 [   0.            0.            0.1496    ]]

iter 06 cost=136.792712 -> 77.562727 |dtheta|=3.999764e-01  lambda=1.372e-05

============================================================
Iteration 7
============================================================
Theta offsets (Unity frame):
  Source   : dSx=   0.000, dSy=   0.000, dSz=   0.000  (mm)
  Object   : dOx=  -6.982, dOy=  -2.068, dOz=  -6.501  (mm)
  Object offset: offset_x=  -0.008, offset_z=   0.006  (mm)
  Detector : dDx=   0.000, dDy=   0.000, dDz=   0.000  (mm)
  Obj Stage rotY :    2.888 deg
============================================================

Unity geometry (world coordinates):
  Source   : x=  -5.000, y=  38.000, z=   0.000
  Object   : x=   0.018, y=  17.932, z= 569.499
  Detector : x=  10.000, y=   3.000, z= 690.000
  Obj rotY :   0.0000 deg
view   0 | SOD= 569.881 mm | SDD= 691.050 mm | M= 1.213 | incident=3.1588°
[[  23.686682   -569.0343      -20.068195  ]
 [   3.9072032   120.845215     14.931805  ]
 [   0.14941004    0.00753646    0.        ]
 [   0.            0.            0.1496    ]]
Residual vector length: 486, Jacobian shape: (486, 6)
view   0 | SOD= 569.602 mm | SDD= 691.050 mm | M= 1.213 | incident=3.1588°
[[  23.999767   -568.7427      -20.04906   ]
 [   3.8243575   121.12537      14.950939  ]
 [   0.14940569    0.00762221    0.        ]
 [   0.            0.            0.1496    ]]

iter 07 cost=77.562727 -> 51.709773 |dtheta|=2.923139e-01  lambda=4.572e-06

============================================================
Iteration 8
============================================================
Theta offsets (Unity frame):
  Source   : dSx=   0.000, dSy=   0.000, dSz=   0.000  (mm)
  Object   : dOx=  -6.986, dOy=  -2.049, dOz=  -6.790  (mm)
  Object offset: offset_x=  -0.005, offset_z=   0.017  (mm)
  Detector : dDx=   0.000, dDy=   0.000, dDz=   0.000  (mm)
  Obj Stage rotY :    2.921 deg
============================================================

Unity geometry (world coordinates):
  Source   : x=  -5.000, y=  38.000, z=   0.000
  Object   : x=   0.014, y=  17.951, z= 569.210
  Detector : x=  10.000, y=   3.000, z= 690.000
  Obj rotY :   0.0000 deg
view   0 | SOD= 569.602 mm | SDD= 691.050 mm | M= 1.213 | incident=3.1588°
[[  23.999767   -568.7427      -20.04906   ]
 [   3.8243575   121.12537      14.950939  ]
 [   0.14940569    0.00762221    0.        ]
 [   0.            0.            0.1496    ]]
Residual vector length: 486, Jacobian shape: (486, 6)
view   0 | SOD= 569.372 mm | SDD= 691.050 mm | M= 1.214 | incident=3.1588°
[[  24.26096    -568.50104     -20.048048  ]
 [   3.7556431   121.35728      14.951952  ]
 [   0.14940204    0.00769366    0.        ]
 [   0.            0.            0.1496    ]]

iter 08 cost=51.709773 -> 35.042096 |dtheta|=2.325391e-01  lambda=1.524e-06

============================================================
Iteration 9
============================================================
Theta offsets (Unity frame):
  Source   : dSx=   0.000, dSy=   0.000, dSz=   0.000  (mm)
  Object   : dOx=  -6.984, dOy=  -2.048, dOz=  -7.021  (mm)
  Object offset: offset_x=  -0.008, offset_z=   0.017  (mm)
  Detector : dDx=   0.000, dDy=   0.000, dDz=   0.000  (mm)
  Obj Stage rotY :    2.948 deg
============================================================

Unity geometry (world coordinates):
  Source   : x=  -5.000, y=  38.000, z=   0.000
  Object   : x=   0.016, y=  17.952, z= 568.979
  Detector : x=  10.000, y=   3.000, z= 690.000
  Obj rotY :   0.0000 deg
view   0 | SOD= 569.372 mm | SDD= 691.050 mm | M= 1.214 | incident=3.1588°
[[  24.26096    -568.50104     -20.048048  ]
 [   3.7556431   121.35728      14.951952  ]
 [   0.14940204    0.00769366    0.        ]
 [   0.            0.            0.1496    ]]
Residual vector length: 486, Jacobian shape: (486, 6)
view   0 | SOD= 569.169 mm | SDD= 691.050 mm | M= 1.214 | incident=3.1588°
[[  24.781782   -568.27606     -20.03353   ]
 [   3.6294162   121.56277      14.966471  ]
 [   0.14939475    0.00783379    0.        ]
 [   0.            0.            0.1496    ]]

iter 09 cost=35.042096 -> 22.232305 |dtheta|=1.995394e-01  lambda=1.000e-06

============================================================
Iteration 10
============================================================
Theta offsets (Unity frame):
  Source   : dSx=   0.000, dSy=   0.000, dSz=   0.000  (mm)
  Object   : dOx=  -6.993, dOy=  -2.034, dOz=  -7.212  (mm)
  Object offset: offset_x=   0.003, offset_z=   0.006  (mm)
  Detector : dDx=   0.000, dDy=   0.000, dDz=   0.000  (mm)
  Obj Stage rotY :    3.002 deg
============================================================

Unity geometry (world coordinates):
  Source   : x=  -5.000, y=  38.000, z=   0.000
  Object   : x=   0.007, y=  17.966, z= 568.788
  Detector : x=  10.000, y=   3.000, z= 690.000
  Obj rotY :   0.0000 deg
view   0 | SOD= 569.169 mm | SDD= 691.050 mm | M= 1.214 | incident=3.1588°
[[  24.781782   -568.27606     -20.03353   ]
 [   3.6294162   121.56277      14.966471  ]
 [   0.14939475    0.00783379    0.        ]
 [   0.            0.            0.1496    ]]
Residual vector length: 486, Jacobian shape: (486, 6)
view   0 | SOD= 569.030 mm | SDD= 691.050 mm | M= 1.214 | incident=3.1588°
[[  24.980715   -568.1288      -20.021606  ]
 [   3.5720441   121.70209      14.978394  ]
 [   0.14939183    0.0078893     0.        ]
 [   0.            0.            0.1496    ]]

iter 10 cost=22.232305 -> 15.501883 |dtheta|=1.373044e-01  lambda=1.000e-06

============================================================
Iteration 11
============================================================
Theta offsets (Unity frame):
  Source   : dSx=   0.000, dSy=   0.000, dSz=   0.000  (mm)
  Object   : dOx=  -6.992, dOy=  -2.022, dOz=  -7.347  (mm)
  Object offset: offset_x=   0.007, offset_z=   0.003  (mm)
  Detector : dDx=   0.000, dDy=   0.000, dDz=   0.000  (mm)
  Obj Stage rotY :    3.023 deg
============================================================

Unity geometry (world coordinates):
  Source   : x=  -5.000, y=  38.000, z=   0.000
  Object   : x=   0.008, y=  17.978, z= 568.653
  Detector : x=  10.000, y=   3.000, z= 690.000
  Obj rotY :   0.0000 deg
view   0 | SOD= 569.030 mm | SDD= 691.050 mm | M= 1.214 | incident=3.1588°
[[  24.980715   -568.1288      -20.021606  ]
 [   3.5720441   121.70209      14.978394  ]
 [   0.14939183    0.0078893     0.        ]
 [   0.            0.            0.1496    ]]
Residual vector length: 486, Jacobian shape: (486, 6)
view   0 | SOD= 568.934 mm | SDD= 691.050 mm | M= 1.215 | incident=3.1588°
[[  24.80328    -568.0406      -20.01398   ]
 [   3.6159806   121.79714      14.986019  ]
 [   0.14939435    0.00784136    0.        ]
 [   0.            0.            0.1496    ]]

iter 11 cost=15.501883 -> 11.322114 |dtheta|=1.030791e-01  lambda=1.000e-06

============================================================
Iteration 12
============================================================
Theta offsets (Unity frame):
  Source   : dSx=   0.000, dSy=   0.000, dSz=   0.000  (mm)
  Object   : dOx=  -6.996, dOy=  -2.014, dOz=  -7.448  (mm)
  Object offset: offset_x=   0.001, offset_z=   0.007  (mm)
  Detector : dDx=   0.000, dDy=   0.000, dDz=   0.000  (mm)
  Obj Stage rotY :    3.005 deg
============================================================

Unity geometry (world coordinates):
  Source   : x=  -5.000, y=  38.000, z=   0.000
  Object   : x=   0.004, y=  17.986, z= 568.552
  Detector : x=  10.000, y=   3.000, z= 690.000
  Obj rotY :   0.0000 deg
view   0 | SOD= 568.934 mm | SDD= 691.050 mm | M= 1.215 | incident=3.1588°
[[  24.80328    -568.0406      -20.01398   ]
 [   3.6159806   121.79714      14.986019  ]
 [   0.14939435    0.00784136    0.        ]
 [   0.            0.            0.1496    ]]
Residual vector length: 486, Jacobian shape: (486, 6)
view   0 | SOD= 568.831 mm | SDD= 691.050 mm | M= 1.215 | incident=3.1588°
[[  24.769331   -567.939       -20.010588  ]
 [   3.6197352   121.89984      14.989412  ]
 [   0.14939478    0.00783319    0.        ]
 [   0.            0.            0.1496    ]]

iter 12 cost=11.322114 -> 8.089204 |dtheta|=1.024371e-01  lambda=1.000e-06

============================================================
Iteration 13
============================================================
Theta offsets (Unity frame):
  Source   : dSx=   0.000, dSy=   0.000, dSz=   0.000  (mm)
  Object   : dOx=  -6.996, dOy=  -2.011, dOz=  -7.550  (mm)
  Object offset: offset_x=  -0.001, offset_z=   0.007  (mm)
  Detector : dDx=   0.000, dDy=   0.000, dDz=   0.000  (mm)
  Obj Stage rotY :    3.001 deg
============================================================

Unity geometry (world coordinates):
  Source   : x=  -5.000, y=  38.000, z=   0.000
  Object   : x=   0.004, y=  17.989, z= 568.450
  Detector : x=  10.000, y=   3.000, z= 690.000
  Obj rotY :   0.0000 deg
view   0 | SOD= 568.831 mm | SDD= 691.050 mm | M= 1.215 | incident=3.1588°
[[  24.769331   -567.939       -20.010588  ]
 [   3.6197352   121.89984      14.989412  ]
 [   0.14939478    0.00783319    0.        ]
 [   0.            0.            0.1496    ]]
Residual vector length: 486, Jacobian shape: (486, 6)
view   0 | SOD= 568.755 mm | SDD= 691.050 mm | M= 1.215 | incident=3.1588°
[[  24.707159   -567.8653      -20.006226  ]
 [   3.6257715   121.97569      14.993774  ]
 [   0.14939556    0.00781842    0.        ]
 [   0.            0.            0.1496    ]]

iter 13 cost=8.089204 -> 5.892887 |dtheta|=7.294837e-02  lambda=1.000e-06

============================================================
Iteration 14
============================================================
Theta offsets (Unity frame):
  Source   : dSx=   0.000, dSy=   0.000, dSz=   0.000  (mm)
  Object   : dOx=  -6.997, dOy=  -2.006, dOz=  -7.622  (mm)
  Object offset: offset_x=   0.001, offset_z=   0.003  (mm)
  Detector : dDx=   0.000, dDy=   0.000, dDz=   0.000  (mm)
  Obj Stage rotY :    2.996 deg
============================================================

Unity geometry (world coordinates):
  Source   : x=  -5.000, y=  38.000, z=   0.000
  Object   : x=   0.003, y=  17.994, z= 568.378
  Detector : x=  10.000, y=   3.000, z= 690.000
  Obj rotY :   0.0000 deg
view   0 | SOD= 568.755 mm | SDD= 691.050 mm | M= 1.215 | incident=3.1588°
[[  24.707159   -567.8653      -20.006226  ]
 [   3.6257715   121.97569      14.993774  ]
 [   0.14939556    0.00781842    0.        ]
 [   0.            0.            0.1496    ]]
Residual vector length: 486, Jacobian shape: (486, 6)
view   0 | SOD= 568.696 mm | SDD= 691.050 mm | M= 1.215 | incident=3.1588°
[[  24.744648   -567.80524     -20.005703  ]
 [   3.6108873   122.03416      14.994297  ]
 [   0.14939496    0.00782976    0.        ]
 [   0.            0.            0.1496    ]]

iter 14 cost=5.892887 -> 4.852814 |dtheta|=5.751002e-02  lambda=1.000e-06

============================================================
Iteration 15
============================================================
Theta offsets (Unity frame):
  Source   : dSx=   0.000, dSy=   0.000, dSz=   0.000  (mm)
  Object   : dOx=  -6.997, dOy=  -2.006, dOz=  -7.680  (mm)
  Object offset: offset_x=   0.004, offset_z=   0.002  (mm)
  Detector : dDx=   0.000, dDy=   0.000, dDz=   0.000  (mm)
  Obj Stage rotY :    3.000 deg
============================================================

Unity geometry (world coordinates):
  Source   : x=  -5.000, y=  38.000, z=   0.000
  Object   : x=   0.003, y=  17.994, z= 568.320
  Detector : x=  10.000, y=   3.000, z= 690.000
  Obj rotY :   0.0000 deg
view   0 | SOD= 568.696 mm | SDD= 691.050 mm | M= 1.215 | incident=3.1588°
[[  24.744648   -567.80524     -20.005703  ]
 [   3.6108873   122.03416      14.994297  ]
 [   0.14939496    0.00782976    0.        ]
 [   0.            0.            0.1496    ]]
Residual vector length: 486, Jacobian shape: (486, 6)
view   0 | SOD= 568.654 mm | SDD= 691.050 mm | M= 1.215 | incident=3.1588°
[[  24.7926     -567.76086     -20.004782  ]
 [   3.6002438   122.07668      14.995218  ]
 [   0.1493943     0.00784245    0.        ]
 [   0.            0.            0.1496    ]]

iter 15 cost=4.852814 -> 4.125208 |dtheta|=4.149364e-02  lambda=1.000e-06

============================================================
Iteration 16
============================================================
Theta offsets (Unity frame):
  Source   : dSx=   0.000, dSy=   0.000, dSz=   0.000  (mm)
  Object   : dOx=  -6.998, dOy=  -2.005, dOz=  -7.721  (mm)
  Object offset: offset_x=   0.003, offset_z=   0.001  (mm)
  Detector : dDx=   0.000, dDy=   0.000, dDz=   0.000  (mm)
  Obj Stage rotY :    3.005 deg
============================================================

Unity geometry (world coordinates):
  Source   : x=  -5.000, y=  38.000, z=   0.000
  Object   : x=   0.002, y=  17.995, z= 568.279
  Detector : x=  10.000, y=   3.000, z= 690.000
  Obj rotY :   0.0000 deg
view   0 | SOD= 568.654 mm | SDD= 691.050 mm | M= 1.215 | incident=3.1588°
[[  24.7926     -567.76086     -20.004782  ]
 [   3.6002438   122.07668      14.995218  ]
 [   0.1493943     0.00784245    0.        ]
 [   0.            0.            0.1496    ]]
Residual vector length: 486, Jacobian shape: (486, 6)
view   0 | SOD= 568.589 mm | SDD= 691.050 mm | M= 1.215 | incident=3.1588°
[[  24.70406    -567.7         -20.002737  ]
 [   3.6168203   122.140816     14.997263  ]
 [   0.1493955     0.00781969    0.        ]
 [   0.            0.            0.1496    ]]

iter 16 cost=4.125208 -> 3.035966 |dtheta|=6.552985e-02  lambda=1.000e-06

============================================================
Iteration 17
============================================================
Theta offsets (Unity frame):
  Source   : dSx=   0.000, dSy=   0.000, dSz=   0.000  (mm)
  Object   : dOx=  -6.998, dOy=  -2.003, dOz=  -7.786  (mm)
  Object offset: offset_x=   0.002, offset_z=   0.001  (mm)
  Detector : dDx=   0.000, dDy=   0.000, dDz=   0.000  (mm)
  Obj Stage rotY :    2.996 deg
============================================================

Unity geometry (world coordinates):
  Source   : x=  -5.000, y=  38.000, z=   0.000
  Object   : x=   0.002, y=  17.997, z= 568.214
  Detector : x=  10.000, y=   3.000, z= 690.000
  Obj rotY :   0.0000 deg
view   0 | SOD= 568.589 mm | SDD= 691.050 mm | M= 1.215 | incident=3.1588°
[[  24.70406    -567.7         -20.002737  ]
 [   3.6168203   122.140816     14.997263  ]
 [   0.1493955     0.00781969    0.        ]
 [   0.            0.            0.1496    ]]
Residual vector length: 486, Jacobian shape: (486, 6)
view   0 | SOD= 568.567 mm | SDD= 691.050 mm | M= 1.215 | incident=3.1588°
[[  24.663797   -567.679       -20.004646  ]
 [   3.6248293   122.16327      14.995354  ]
 [   0.14939603    0.00780923    0.        ]
 [   0.            0.            0.1496    ]]

iter 17 cost=3.035966 -> 2.895377 |dtheta|=2.570696e-02  lambda=1.000e-06

============================================================
Iteration 18
============================================================
Theta offsets (Unity frame):
  Source   : dSx=   0.000, dSy=   0.000, dSz=   0.000  (mm)
  Object   : dOx=  -6.998, dOy=  -2.005, dOz=  -7.811  (mm)
  Object offset: offset_x=   0.001, offset_z=   0.003  (mm)
  Detector : dDx=   0.000, dDy=   0.000, dDz=   0.000  (mm)
  Obj Stage rotY :    2.992 deg
============================================================

Unity geometry (world coordinates):
  Source   : x=  -5.000, y=  38.000, z=   0.000
  Object   : x=   0.002, y=  17.995, z= 568.189
  Detector : x=  10.000, y=   3.000, z= 690.000
  Obj rotY :   0.0000 deg
view   0 | SOD= 568.567 mm | SDD= 691.050 mm | M= 1.215 | incident=3.1588°
[[  24.663797   -567.679       -20.004646  ]
 [   3.6248293   122.16327      14.995354  ]
 [   0.14939603    0.00780923    0.        ]
 [   0.            0.            0.1496    ]]
Residual vector length: 486, Jacobian shape: (486, 6)
view   0 | SOD= 568.523 mm | SDD= 691.050 mm | M= 1.216 | incident=3.1588°
[[  24.657547   -567.63574     -20.006134  ]
 [   3.6235623   122.20671      14.993866  ]
 [   0.14939609    0.00780815    0.        ]
 [   0.            0.            0.1496    ]]

iter 18 cost=2.895377 -> 2.323244 |dtheta|=4.369719e-02  lambda=1.000e-06

============================================================
Iteration 19
============================================================
Theta offsets (Unity frame):
  Source   : dSx=   0.000, dSy=   0.000, dSz=   0.000  (mm)
  Object   : dOx=  -6.998, dOy=  -2.006, dOz=  -7.855  (mm)
  Object offset: offset_x=   0.001, offset_z=   0.004  (mm)
  Detector : dDx=   0.000, dDy=   0.000, dDz=   0.000  (mm)
  Obj Stage rotY :    2.992 deg
============================================================

Unity geometry (world coordinates):
  Source   : x=  -5.000, y=  38.000, z=   0.000
  Object   : x=   0.002, y=  17.994, z= 568.145
  Detector : x=  10.000, y=   3.000, z= 690.000
  Obj rotY :   0.0000 deg
view   0 | SOD= 568.523 mm | SDD= 691.050 mm | M= 1.216 | incident=3.1588°
[[  24.657547   -567.63574     -20.006134  ]
 [   3.6235623   122.20671      14.993866  ]
 [   0.14939609    0.00780815    0.        ]
 [   0.            0.            0.1496    ]]
Residual vector length: 486, Jacobian shape: (486, 6)
view   0 | SOD= 568.506 mm | SDD= 691.050 mm | M= 1.216 | incident=3.1588°
[[  24.65478    -567.619       -20.004332  ]
 [   3.6235118   122.22347      14.995668  ]
 [   0.14939612    0.00780756    0.        ]
 [   0.            0.            0.1496    ]]

iter 19 cost=2.323244 -> 2.142964 |dtheta|=1.612484e-02  lambda=1.000e-06

============================================================
Iteration 20
============================================================
Theta offsets (Unity frame):
  Source   : dSx=   0.000, dSy=   0.000, dSz=   0.000  (mm)
  Object   : dOx=  -6.997, dOy=  -2.004, dOz=  -7.870  (mm)
  Object offset: offset_x=   0.000, offset_z=   0.003  (mm)
  Detector : dDx=   0.000, dDy=   0.000, dDz=   0.000  (mm)
  Obj Stage rotY :    2.992 deg
============================================================

Unity geometry (world coordinates):
  Source   : x=  -5.000, y=  38.000, z=   0.000
  Object   : x=   0.003, y=  17.996, z= 568.130
  Detector : x=  10.000, y=   3.000, z= 690.000
  Obj rotY :   0.0000 deg
view   0 | SOD= 568.506 mm | SDD= 691.050 mm | M= 1.216 | incident=3.1588°
[[  24.65478    -567.619       -20.004332  ]
 [   3.6235118   122.22347      14.995668  ]
 [   0.14939612    0.00780756    0.        ]
 [   0.            0.            0.1496    ]]
Residual vector length: 486, Jacobian shape: (486, 6)
view   0 | SOD= 568.489 mm | SDD= 691.050 mm | M= 1.216 | incident=3.1588°
[[  24.629656   -567.60297     -20.002792  ]
 [   3.6301908   122.24054      14.997208  ]
 [   0.14939648    0.00780068    0.        ]
 [   0.            0.            0.1496    ]]

iter 20 cost=2.142964 -> 2.053606 |dtheta|=1.899478e-02  lambda=1.000e-06

============================================================
Iteration 21
============================================================
Theta offsets (Unity frame):
  Source   : dSx=   0.000, dSy=   0.000, dSz=   0.000  (mm)
  Object   : dOx=  -6.998, dOy=  -2.003, dOz=  -7.889  (mm)
  Object offset: offset_x=  -0.002, offset_z=   0.004  (mm)
  Detector : dDx=   0.000, dDy=   0.000, dDz=   0.000  (mm)
  Obj Stage rotY :    2.989 deg
============================================================

Unity geometry (world coordinates):
  Source   : x=  -5.000, y=  38.000, z=   0.000
  Object   : x=   0.002, y=  17.997, z= 568.111
  Detector : x=  10.000, y=   3.000, z= 690.000
  Obj rotY :   0.0000 deg
view   0 | SOD= 568.489 mm | SDD= 691.050 mm | M= 1.216 | incident=3.1588°
[[  24.629656   -567.60297     -20.002792  ]
 [   3.6301908   122.24054      14.997208  ]
 [   0.14939648    0.00780068    0.        ]
 [   0.            0.            0.1496    ]]
Residual vector length: 486, Jacobian shape: (486, 6)
view   0 | SOD= 568.470 mm | SDD= 691.050 mm | M= 1.216 | incident=3.1588°
[[  24.617552   -567.58466     -20.002516  ]
 [   3.6325986   122.25928      14.997484  ]
 [   0.14939664    0.00779753    0.        ]
 [   0.            0.            0.1496    ]]

iter 21 cost=2.053606 -> 2.022937 |dtheta|=1.756985e-02  lambda=1.000e-06

============================================================
Iteration 22
============================================================
Theta offsets (Unity frame):
  Source   : dSx=   0.000, dSy=   0.000, dSz=   0.000  (mm)
  Object   : dOx=  -6.999, dOy=  -2.003, dOz=  -7.907  (mm)
  Object offset: offset_x=  -0.001, offset_z=   0.003  (mm)
  Detector : dDx=   0.000, dDy=   0.000, dDz=   0.000  (mm)
  Obj Stage rotY :    2.988 deg
============================================================

Unity geometry (world coordinates):
  Source   : x=  -5.000, y=  38.000, z=   0.000
  Object   : x=   0.001, y=  17.997, z= 568.094
  Detector : x=  10.000, y=   3.000, z= 690.000
  Obj rotY :   0.0000 deg
view   0 | SOD= 568.470 mm | SDD= 691.050 mm | M= 1.216 | incident=3.1588°
[[  24.617552   -567.58466     -20.002516  ]
 [   3.6325986   122.25928      14.997484  ]
 [   0.14939664    0.00779753    0.        ]
 [   0.            0.            0.1496    ]]
Residual vector length: 486, Jacobian shape: (486, 6)
view   0 | SOD= 568.452 mm | SDD= 691.050 mm | M= 1.216 | incident=3.1588°
[[  24.671925   -567.5639      -20.002699  ]
 [   3.6196191   122.27797      14.997301  ]
 [   0.14939588    0.00781212    0.        ]
 [   0.            0.            0.1496    ]]

iter 22 cost=2.022937 -> 1.927406 |dtheta|=1.903096e-02  lambda=1.000e-06

============================================================
Iteration 23
============================================================
Theta offsets (Unity frame):
  Source   : dSx=   0.000, dSy=   0.000, dSz=   0.000  (mm)
  Object   : dOx=  -6.999, dOy=  -2.003, dOz=  -7.925  (mm)
  Object offset: offset_x=  -0.001, offset_z=   0.003  (mm)
  Detector : dDx=   0.000, dDy=   0.000, dDz=   0.000  (mm)
  Obj Stage rotY :    2.993 deg
============================================================

Unity geometry (world coordinates):
  Source   : x=  -5.000, y=  38.000, z=   0.000
  Object   : x=   0.001, y=  17.997, z= 568.075
  Detector : x=  10.000, y=   3.000, z= 690.000
  Obj rotY :   0.0000 deg
view   0 | SOD= 568.452 mm | SDD= 691.050 mm | M= 1.216 | incident=3.1588°
[[  24.671925   -567.5639      -20.002699  ]
 [   3.6196191   122.27797      14.997301  ]
 [   0.14939588    0.00781212    0.        ]
 [   0.            0.            0.1496    ]]
Residual vector length: 486, Jacobian shape: (486, 6)
view   0 | SOD= 568.450 mm | SDD= 691.050 mm | M= 1.216 | incident=3.1588°
[[  24.686874   -567.5611      -20.002312  ]
 [   3.6153197   122.28017      14.997688  ]
 [   0.14939567    0.00781629    0.        ]
 [   0.            0.            0.1496    ]]

iter 23 cost=1.927406 -> 1.927081 |dtheta|=2.314947e-03  lambda=1.000e-06

============================================================
Iteration 24
============================================================
Theta offsets (Unity frame):
  Source   : dSx=   0.000, dSy=   0.000, dSz=   0.000  (mm)
  Object   : dOx=  -6.999, dOy=  -2.002, dOz=  -7.926  (mm)
  Object offset: offset_x=  -0.000, offset_z=   0.002  (mm)
  Detector : dDx=   0.000, dDy=   0.000, dDz=   0.000  (mm)
  Obj Stage rotY :    2.995 deg
============================================================

Unity geometry (world coordinates):
  Source   : x=  -5.000, y=  38.000, z=   0.000
  Object   : x=   0.001, y=  17.998, z= 568.074
  Detector : x=  10.000, y=   3.000, z= 690.000
  Obj rotY :   0.0000 deg
view   0 | SOD= 568.450 mm | SDD= 691.050 mm | M= 1.216 | incident=3.1588°
[[  24.686874   -567.5611      -20.002312  ]
 [   3.6153197   122.28017      14.997688  ]
 [   0.14939567    0.00781629    0.        ]
 [   0.            0.            0.1496    ]]
Residual vector length: 486, Jacobian shape: (486, 6)
view   0 | SOD= 568.442 mm | SDD= 691.050 mm | M= 1.216 | incident=3.1588°
[[  24.68326    -567.5536      -20.002201  ]
 [   3.6163144   122.28785      14.997799  ]
 [   0.14939572    0.00781529    0.        ]
 [   0.            0.            0.1496    ]]

iter 24 cost=1.927081 -> 1.902903 |dtheta|=8.665216e-03  lambda=1.000e-06

============================================================
Iteration 25
============================================================
Theta offsets (Unity frame):
  Source   : dSx=   0.000, dSy=   0.000, dSz=   0.000  (mm)
  Object   : dOx=  -6.999, dOy=  -2.002, dOz=  -7.934  (mm)
  Object offset: offset_x=  -0.001, offset_z=   0.002  (mm)
  Detector : dDx=   0.000, dDy=   0.000, dDz=   0.000  (mm)
  Obj Stage rotY :    2.995 deg
============================================================

Unity geometry (world coordinates):
  Source   : x=  -5.000, y=  38.000, z=   0.000
  Object   : x=   0.001, y=  17.998, z= 568.066
  Detector : x=  10.000, y=   3.000, z= 690.000
  Obj rotY :   0.0000 deg
view   0 | SOD= 568.442 mm | SDD= 691.050 mm | M= 1.216 | incident=3.1588°
[[  24.68326    -567.5536      -20.002201  ]
 [   3.6163144   122.28785      14.997799  ]
 [   0.14939572    0.00781529    0.        ]
 [   0.            0.            0.1496    ]]
Residual vector length: 486, Jacobian shape: (486, 6)
view   0 | SOD= 568.445 mm | SDD= 691.050 mm | M= 1.216 | incident=3.1588°
[[  24.673418   -567.557       -20.002258  ]
 [   3.6180122   122.284775     14.997742  ]
 [   0.14939585    0.00781279    0.        ]
 [   0.            0.            0.1496    ]]

iter 25 cost=1.902903 -> 1.923331 |dtheta|=3.390033e-03  lambda=1.000e-06

============================================================
Iteration 26
============================================================
Theta offsets (Unity frame):
  Source   : dSx=   0.000, dSy=   0.000, dSz=   0.000  (mm)
  Object   : dOx=  -6.999, dOy=  -2.002, dOz=  -7.934  (mm)
  Object offset: offset_x=  -0.001, offset_z=   0.002  (mm)
  Detector : dDx=   0.000, dDy=   0.000, dDz=   0.000  (mm)
  Obj Stage rotY :    2.995 deg
============================================================

Unity geometry (world coordinates):
  Source   : x=  -5.000, y=  38.000, z=   0.000
  Object   : x=   0.001, y=  17.998, z= 568.066
  Detector : x=  10.000, y=   3.000, z= 690.000
  Obj rotY :   0.0000 deg
view   0 | SOD= 568.442 mm | SDD= 691.050 mm | M= 1.216 | incident=3.1588°
[[  24.68326    -567.5536      -20.002201  ]
 [   3.6163144   122.28785      14.997799  ]
 [   0.14939572    0.00781529    0.        ]
 [   0.            0.            0.1496    ]]
Residual vector length: 486, Jacobian shape: (486, 6)
view   0 | SOD= 568.445 mm | SDD= 691.050 mm | M= 1.216 | incident=3.1588°
[[  24.673418   -567.557       -20.002258  ]
 [   3.6180122   122.284775     14.997742  ]
 [   0.14939585    0.00781279    0.        ]
 [   0.            0.            0.1496    ]]

iter 26 cost=1.902903 -> 1.923331 |dtheta|=3.390033e-03  lambda=5.000e-06

============================================================
Iteration 27
============================================================
Theta offsets (Unity frame):
  Source   : dSx=   0.000, dSy=   0.000, dSz=   0.000  (mm)
  Object   : dOx=  -6.999, dOy=  -2.002, dOz=  -7.934  (mm)
  Object offset: offset_x=  -0.001, offset_z=   0.002  (mm)
  Detector : dDx=   0.000, dDy=   0.000, dDz=   0.000  (mm)
  Obj Stage rotY :    2.995 deg
============================================================

Unity geometry (world coordinates):
  Source   : x=  -5.000, y=  38.000, z=   0.000
  Object   : x=   0.001, y=  17.998, z= 568.066
  Detector : x=  10.000, y=   3.000, z= 690.000
  Obj rotY :   0.0000 deg
view   0 | SOD= 568.442 mm | SDD= 691.050 mm | M= 1.216 | incident=3.1588°
[[  24.68326    -567.5536      -20.002201  ]
 [   3.6163144   122.28785      14.997799  ]
 [   0.14939572    0.00781529    0.        ]
 [   0.            0.            0.1496    ]]
Residual vector length: 486, Jacobian shape: (486, 6)
view   0 | SOD= 568.445 mm | SDD= 691.050 mm | M= 1.216 | incident=3.1588°
[[  24.673418   -567.557       -20.002258  ]
 [   3.6180122   122.284775     14.997742  ]
 [   0.14939585    0.00781279    0.        ]
 [   0.            0.            0.1496    ]]

iter 27 cost=1.902903 -> 1.923331 |dtheta|=3.390032e-03  lambda=2.500e-05

============================================================
Iteration 28
============================================================
Theta offsets (Unity frame):
  Source   : dSx=   0.000, dSy=   0.000, dSz=   0.000  (mm)
  Object   : dOx=  -6.999, dOy=  -2.002, dOz=  -7.934  (mm)
  Object offset: offset_x=  -0.001, offset_z=   0.002  (mm)
  Detector : dDx=   0.000, dDy=   0.000, dDz=   0.000  (mm)
  Obj Stage rotY :    2.995 deg
============================================================

Unity geometry (world coordinates):
  Source   : x=  -5.000, y=  38.000, z=   0.000
  Object   : x=   0.001, y=  17.998, z= 568.066
  Detector : x=  10.000, y=   3.000, z= 690.000
  Obj rotY :   0.0000 deg
view   0 | SOD= 568.442 mm | SDD= 691.050 mm | M= 1.216 | incident=3.1588°
[[  24.68326    -567.5536      -20.002201  ]
 [   3.6163144   122.28785      14.997799  ]
 [   0.14939572    0.00781529    0.        ]
 [   0.            0.            0.1496    ]]
Residual vector length: 486, Jacobian shape: (486, 6)
view   0 | SOD= 568.445 mm | SDD= 691.050 mm | M= 1.216 | incident=3.1588°
[[  24.673418   -567.557       -20.002258  ]
 [   3.6180122   122.284775     14.997742  ]
 [   0.14939585    0.00781279    0.        ]
 [   0.            0.            0.1496    ]]

iter 28 cost=1.902903 -> 1.923331 |dtheta|=3.390032e-03  lambda=1.250e-04

============================================================
Iteration 29
============================================================
Theta offsets (Unity frame):
  Source   : dSx=   0.000, dSy=   0.000, dSz=   0.000  (mm)
  Object   : dOx=  -6.999, dOy=  -2.002, dOz=  -7.934  (mm)
  Object offset: offset_x=  -0.001, offset_z=   0.002  (mm)
  Detector : dDx=   0.000, dDy=   0.000, dDz=   0.000  (mm)
  Obj Stage rotY :    2.995 deg
============================================================

Unity geometry (world coordinates):
  Source   : x=  -5.000, y=  38.000, z=   0.000
  Object   : x=   0.001, y=  17.998, z= 568.066
  Detector : x=  10.000, y=   3.000, z= 690.000
  Obj rotY :   0.0000 deg
view   0 | SOD= 568.442 mm | SDD= 691.050 mm | M= 1.216 | incident=3.1588°
[[  24.68326    -567.5536      -20.002201  ]
 [   3.6163144   122.28785      14.997799  ]
 [   0.14939572    0.00781529    0.        ]
 [   0.            0.            0.1496    ]]
Residual vector length: 486, Jacobian shape: (486, 6)
view   0 | SOD= 568.445 mm | SDD= 691.050 mm | M= 1.216 | incident=3.1588°
[[  24.673418   -567.557       -20.002258  ]
 [   3.6180122   122.284775     14.997742  ]
 [   0.14939585    0.00781279    0.        ]
 [   0.            0.            0.1496    ]]

iter 29 cost=1.902903 -> 1.923331 |dtheta|=3.390029e-03  lambda=6.250e-04

============================================================
Iteration 30
============================================================
Theta offsets (Unity frame):
  Source   : dSx=   0.000, dSy=   0.000, dSz=   0.000  (mm)
  Object   : dOx=  -6.999, dOy=  -2.002, dOz=  -7.934  (mm)
  Object offset: offset_x=  -0.001, offset_z=   0.002  (mm)
  Detector : dDx=   0.000, dDy=   0.000, dDz=   0.000  (mm)
  Obj Stage rotY :    2.995 deg
============================================================

Unity geometry (world coordinates):
  Source   : x=  -5.000, y=  38.000, z=   0.000
  Object   : x=   0.001, y=  17.998, z= 568.066
  Detector : x=  10.000, y=   3.000, z= 690.000
  Obj rotY :   0.0000 deg
view   0 | SOD= 568.442 mm | SDD= 691.050 mm | M= 1.216 | incident=3.1588°
[[  24.68326    -567.5536      -20.002201  ]
 [   3.6163144   122.28785      14.997799  ]
 [   0.14939572    0.00781529    0.        ]
 [   0.            0.            0.1496    ]]
Residual vector length: 486, Jacobian shape: (486, 6)
view   0 | SOD= 568.445 mm | SDD= 691.050 mm | M= 1.216 | incident=3.1588°
[[  24.673418   -567.557       -20.002258  ]
 [   3.6180122   122.284775     14.997742  ]
 [   0.14939585    0.00781279    0.        ]
 [   0.            0.            0.1496    ]]

iter 30 cost=1.902903 -> 1.923331 |dtheta|=3.390013e-03  lambda=3.125e-03

============================================================
Iteration 31
============================================================
Theta offsets (Unity frame):
  Source   : dSx=   0.000, dSy=   0.000, dSz=   0.000  (mm)
  Object   : dOx=  -6.999, dOy=  -2.002, dOz=  -7.934  (mm)
  Object offset: offset_x=  -0.001, offset_z=   0.002  (mm)
  Detector : dDx=   0.000, dDy=   0.000, dDz=   0.000  (mm)
  Obj Stage rotY :    2.995 deg
============================================================

Unity geometry (world coordinates):
  Source   : x=  -5.000, y=  38.000, z=   0.000
  Object   : x=   0.001, y=  17.998, z= 568.066
  Detector : x=  10.000, y=   3.000, z= 690.000
  Obj rotY :   0.0000 deg
view   0 | SOD= 568.442 mm | SDD= 691.050 mm | M= 1.216 | incident=3.1588°
[[  24.68326    -567.5536      -20.002201  ]
 [   3.6163144   122.28785      14.997799  ]
 [   0.14939572    0.00781529    0.        ]
 [   0.            0.            0.1496    ]]
Residual vector length: 486, Jacobian shape: (486, 6)
view   0 | SOD= 568.445 mm | SDD= 691.050 mm | M= 1.216 | incident=3.1588°
[[  24.673418   -567.557       -20.002258  ]
 [   3.618012    122.284775     14.997742  ]
 [   0.14939585    0.00781279    0.        ]
 [   0.            0.            0.1496    ]]

iter 31 cost=1.902903 -> 1.923331 |dtheta|=3.389936e-03  lambda=1.562e-02

============================================================
Iteration 32
============================================================
Theta offsets (Unity frame):
  Source   : dSx=   0.000, dSy=   0.000, dSz=   0.000  (mm)
  Object   : dOx=  -6.999, dOy=  -2.002, dOz=  -7.934  (mm)
  Object offset: offset_x=  -0.001, offset_z=   0.002  (mm)
  Detector : dDx=   0.000, dDy=   0.000, dDz=   0.000  (mm)
  Obj Stage rotY :    2.995 deg
============================================================

Unity geometry (world coordinates):
  Source   : x=  -5.000, y=  38.000, z=   0.000
  Object   : x=   0.001, y=  17.998, z= 568.066
  Detector : x=  10.000, y=   3.000, z= 690.000
  Obj rotY :   0.0000 deg
view   0 | SOD= 568.442 mm | SDD= 691.050 mm | M= 1.216 | incident=3.1588°
[[  24.68326    -567.5536      -20.002201  ]
 [   3.6163144   122.28785      14.997799  ]
 [   0.14939572    0.00781529    0.        ]
 [   0.            0.            0.1496    ]]
Residual vector length: 486, Jacobian shape: (486, 6)
view   0 | SOD= 568.445 mm | SDD= 691.050 mm | M= 1.216 | incident=3.1588°
[[  24.67342    -567.557       -20.002258  ]
 [   3.618012    122.284775     14.997742  ]
 [   0.14939585    0.00781279    0.        ]
 [   0.            0.            0.1496    ]]

iter 32 cost=1.902903 -> 1.923331 |dtheta|=3.389548e-03  lambda=7.812e-02

============================================================
Iteration 33
============================================================
Theta offsets (Unity frame):
  Source   : dSx=   0.000, dSy=   0.000, dSz=   0.000  (mm)
  Object   : dOx=  -6.999, dOy=  -2.002, dOz=  -7.934  (mm)
  Object offset: offset_x=  -0.001, offset_z=   0.002  (mm)
  Detector : dDx=   0.000, dDy=   0.000, dDz=   0.000  (mm)
  Obj Stage rotY :    2.995 deg
============================================================

Unity geometry (world coordinates):
  Source   : x=  -5.000, y=  38.000, z=   0.000
  Object   : x=   0.001, y=  17.998, z= 568.066
  Detector : x=  10.000, y=   3.000, z= 690.000
  Obj rotY :   0.0000 deg
view   0 | SOD= 568.442 mm | SDD= 691.050 mm | M= 1.216 | incident=3.1588°
[[  24.68326    -567.5536      -20.002201  ]
 [   3.6163144   122.28785      14.997799  ]
 [   0.14939572    0.00781529    0.        ]
 [   0.            0.            0.1496    ]]
Residual vector length: 486, Jacobian shape: (486, 6)
view   0 | SOD= 568.445 mm | SDD= 691.050 mm | M= 1.216 | incident=3.1588°
[[  24.673424   -567.557       -20.002258  ]
 [   3.6180112   122.284775     14.997742  ]
 [   0.14939585    0.00781279    0.        ]
 [   0.            0.            0.1496    ]]

iter 33 cost=1.902903 -> 1.923331 |dtheta|=3.387611e-03  lambda=3.906e-01

============================================================
Iteration 34
============================================================
Theta offsets (Unity frame):
  Source   : dSx=   0.000, dSy=   0.000, dSz=   0.000  (mm)
  Object   : dOx=  -6.999, dOy=  -2.002, dOz=  -7.934  (mm)
  Object offset: offset_x=  -0.001, offset_z=   0.002  (mm)
  Detector : dDx=   0.000, dDy=   0.000, dDz=   0.000  (mm)
  Obj Stage rotY :    2.995 deg
============================================================

Unity geometry (world coordinates):
  Source   : x=  -5.000, y=  38.000, z=   0.000
  Object   : x=   0.001, y=  17.998, z= 568.066
  Detector : x=  10.000, y=   3.000, z= 690.000
  Obj rotY :   0.0000 deg
view   0 | SOD= 568.442 mm | SDD= 691.050 mm | M= 1.216 | incident=3.1588°
[[  24.68326    -567.5536      -20.002201  ]
 [   3.6163144   122.28785      14.997799  ]
 [   0.14939572    0.00781529    0.        ]
 [   0.            0.            0.1496    ]]
Residual vector length: 486, Jacobian shape: (486, 6)
view   0 | SOD= 568.445 mm | SDD= 691.050 mm | M= 1.216 | incident=3.1588°
[[  24.67344    -567.557       -20.002258  ]
 [   3.6180074   122.284775     14.997742  ]
 [   0.14939585    0.0078128     0.        ]
 [   0.            0.            0.1496    ]]

iter 34 cost=1.902903 -> 1.923331 |dtheta|=3.377963e-03  lambda=1.953e+00

============================================================
Iteration 35
============================================================
Theta offsets (Unity frame):
  Source   : dSx=   0.000, dSy=   0.000, dSz=   0.000  (mm)
  Object   : dOx=  -6.999, dOy=  -2.002, dOz=  -7.934  (mm)
  Object offset: offset_x=  -0.001, offset_z=   0.002  (mm)
  Detector : dDx=   0.000, dDy=   0.000, dDz=   0.000  (mm)
  Obj Stage rotY :    2.995 deg
============================================================

Unity geometry (world coordinates):
  Source   : x=  -5.000, y=  38.000, z=   0.000
  Object   : x=   0.001, y=  17.998, z= 568.066
  Detector : x=  10.000, y=   3.000, z= 690.000
  Obj rotY :   0.0000 deg
view   0 | SOD= 568.442 mm | SDD= 691.050 mm | M= 1.216 | incident=3.1588°
[[  24.68326    -567.5536      -20.002201  ]
 [   3.6163144   122.28785      14.997799  ]
 [   0.14939572    0.00781529    0.        ]
 [   0.            0.            0.1496    ]]
Residual vector length: 486, Jacobian shape: (486, 6)
view   0 | SOD= 568.445 mm | SDD= 691.050 mm | M= 1.216 | incident=3.1588°
[[  24.673527   -567.557       -20.002254  ]
 [   3.6179922   122.28478      14.9977455 ]
 [   0.14939585    0.00781282    0.        ]
 [   0.            0.            0.1496    ]]

iter 35 cost=1.902903 -> 1.925663 |dtheta|=3.330574e-03  lambda=9.766e+00

============================================================
Iteration 36
============================================================
Theta offsets (Unity frame):
  Source   : dSx=   0.000, dSy=   0.000, dSz=   0.000  (mm)
  Object   : dOx=  -6.999, dOy=  -2.002, dOz=  -7.934  (mm)
  Object offset: offset_x=  -0.001, offset_z=   0.002  (mm)
  Detector : dDx=   0.000, dDy=   0.000, dDz=   0.000  (mm)
  Obj Stage rotY :    2.995 deg
============================================================

Unity geometry (world coordinates):
  Source   : x=  -5.000, y=  38.000, z=   0.000
  Object   : x=   0.001, y=  17.998, z= 568.066
  Detector : x=  10.000, y=   3.000, z= 690.000
  Obj rotY :   0.0000 deg
view   0 | SOD= 568.442 mm | SDD= 691.050 mm | M= 1.216 | incident=3.1588°
[[  24.68326    -567.5536      -20.002201  ]
 [   3.6163144   122.28785      14.997799  ]
 [   0.14939572    0.00781529    0.        ]
 [   0.            0.            0.1496    ]]
Residual vector length: 486, Jacobian shape: (486, 6)
view   0 | SOD= 568.445 mm | SDD= 691.050 mm | M= 1.216 | incident=3.1588°
[[  24.67392    -567.5567      -20.002241  ]
 [   3.6179051   122.28503      14.997759  ]
 [   0.14939584    0.00781292    0.        ]
 [   0.            0.            0.1496    ]]

iter 36 cost=1.902903 -> 1.927531 |dtheta|=3.113190e-03  lambda=4.883e+01

============================================================
Iteration 37
============================================================
Theta offsets (Unity frame):
  Source   : dSx=   0.000, dSy=   0.000, dSz=   0.000  (mm)
  Object   : dOx=  -6.999, dOy=  -2.002, dOz=  -7.934  (mm)
  Object offset: offset_x=  -0.001, offset_z=   0.002  (mm)
  Detector : dDx=   0.000, dDy=   0.000, dDz=   0.000  (mm)
  Obj Stage rotY :    2.995 deg
============================================================

Unity geometry (world coordinates):
  Source   : x=  -5.000, y=  38.000, z=   0.000
  Object   : x=   0.001, y=  17.998, z= 568.066
  Detector : x=  10.000, y=   3.000, z= 690.000
  Obj rotY :   0.0000 deg
view   0 | SOD= 568.442 mm | SDD= 691.050 mm | M= 1.216 | incident=3.1588°
[[  24.68326    -567.5536      -20.002201  ]
 [   3.6163144   122.28785      14.997799  ]
 [   0.14939572    0.00781529    0.        ]
 [   0.            0.            0.1496    ]]
Residual vector length: 486, Jacobian shape: (486, 6)
view   0 | SOD= 568.444 mm | SDD= 691.050 mm | M= 1.216 | incident=3.1588°
[[  24.675413   -567.5559      -20.002192  ]
 [   3.6175852   122.28577      14.997808  ]
 [   0.14939582    0.00781332    0.        ]
 [   0.            0.            0.1496    ]]

iter 37 cost=1.902903 -> 1.921694 |dtheta|=2.360342e-03  lambda=2.441e+02

============================================================
Iteration 38
============================================================
Theta offsets (Unity frame):
  Source   : dSx=   0.000, dSy=   0.000, dSz=   0.000  (mm)
  Object   : dOx=  -6.999, dOy=  -2.002, dOz=  -7.934  (mm)
  Object offset: offset_x=  -0.001, offset_z=   0.002  (mm)
  Detector : dDx=   0.000, dDy=   0.000, dDz=   0.000  (mm)
  Obj Stage rotY :    2.995 deg
============================================================

Unity geometry (world coordinates):
  Source   : x=  -5.000, y=  38.000, z=   0.000
  Object   : x=   0.001, y=  17.998, z= 568.066
  Detector : x=  10.000, y=   3.000, z= 690.000
  Obj rotY :   0.0000 deg
view   0 | SOD= 568.442 mm | SDD= 691.050 mm | M= 1.216 | incident=3.1588°
[[  24.68326    -567.5536      -20.002201  ]
 [   3.6163144   122.28785      14.997799  ]
 [   0.14939572    0.00781529    0.        ]
 [   0.            0.            0.1496    ]]
Residual vector length: 486, Jacobian shape: (486, 6)
view   0 | SOD= 568.443 mm | SDD= 691.050 mm | M= 1.216 | incident=3.1588°
[[  24.678633   -567.55457     -20.002121  ]
 [   3.6169262   122.28701      14.997879  ]
 [   0.14939578    0.00781416    0.        ]
 [   0.            0.            0.1496    ]]

iter 38 cost=1.902903 -> 1.904595 |dtheta|=1.133627e-03  lambda=1.221e+03

============================================================
Iteration 39
============================================================
Theta offsets (Unity frame):
  Source   : dSx=   0.000, dSy=   0.000, dSz=   0.000  (mm)
  Object   : dOx=  -6.999, dOy=  -2.002, dOz=  -7.934  (mm)
  Object offset: offset_x=  -0.001, offset_z=   0.002  (mm)
  Detector : dDx=   0.000, dDy=   0.000, dDz=   0.000  (mm)
  Obj Stage rotY :    2.995 deg
============================================================

Unity geometry (world coordinates):
  Source   : x=  -5.000, y=  38.000, z=   0.000
  Object   : x=   0.001, y=  17.998, z= 568.066
  Detector : x=  10.000, y=   3.000, z= 690.000
  Obj rotY :   0.0000 deg
view   0 | SOD= 568.442 mm | SDD= 691.050 mm | M= 1.216 | incident=3.1588°
[[  24.68326    -567.5536      -20.002201  ]
 [   3.6163144   122.28785      14.997799  ]
 [   0.14939572    0.00781529    0.        ]
 [   0.            0.            0.1496    ]]
Residual vector length: 486, Jacobian shape: (486, 6)
view   0 | SOD= 568.442 mm | SDD= 691.050 mm | M= 1.216 | incident=3.1588°
[[  24.681595   -567.5538      -20.002113  ]
 [   3.6164296   122.28771      14.997887  ]
 [   0.14939573    0.00781491    0.        ]
 [   0.            0.            0.1496    ]]

iter 39 cost=1.902903 -> 1.909446 |dtheta|=3.935373e-04  lambda=6.104e+03

============================================================
Iteration 40
============================================================
Theta offsets (Unity frame):
  Source   : dSx=   0.000, dSy=   0.000, dSz=   0.000  (mm)
  Object   : dOx=  -6.999, dOy=  -2.002, dOz=  -7.934  (mm)
  Object offset: offset_x=  -0.001, offset_z=   0.002  (mm)
  Detector : dDx=   0.000, dDy=   0.000, dDz=   0.000  (mm)
  Obj Stage rotY :    2.995 deg
============================================================

Unity geometry (world coordinates):
  Source   : x=  -5.000, y=  38.000, z=   0.000
  Object   : x=   0.001, y=  17.998, z= 568.066
  Detector : x=  10.000, y=   3.000, z= 690.000
  Obj rotY :   0.0000 deg
view   0 | SOD= 568.442 mm | SDD= 691.050 mm | M= 1.216 | incident=3.1588°
[[  24.68326    -567.5536      -20.002201  ]
 [   3.6163144   122.28785      14.997799  ]
 [   0.14939572    0.00781529    0.        ]
 [   0.            0.            0.1496    ]]
Residual vector length: 486, Jacobian shape: (486, 6)
view   0 | SOD= 568.442 mm | SDD= 691.050 mm | M= 1.216 | incident=3.1588°
[[  24.682844   -567.5536      -20.00216   ]
 [   3.6163194   122.28784      14.997841  ]
 [   0.14939572    0.0078152     0.        ]
 [   0.            0.            0.1496    ]]

iter 40 cost=1.902903 -> 1.900881 |dtheta|=1.116096e-04  lambda=3.052e+04

============================================================
Iteration 41
============================================================
Theta offsets (Unity frame):
  Source   : dSx=   0.000, dSy=   0.000, dSz=   0.000  (mm)
  Object   : dOx=  -6.999, dOy=  -2.002, dOz=  -7.934  (mm)
  Object offset: offset_x=  -0.001, offset_z=   0.002  (mm)
  Detector : dDx=   0.000, dDy=   0.000, dDz=   0.000  (mm)
  Obj Stage rotY :    2.995 deg
============================================================

Unity geometry (world coordinates):
  Source   : x=  -5.000, y=  38.000, z=   0.000
  Object   : x=   0.001, y=  17.998, z= 568.066
  Detector : x=  10.000, y=   3.000, z= 690.000
  Obj rotY :   0.0000 deg
view   0 | SOD= 568.442 mm | SDD= 691.050 mm | M= 1.216 | incident=3.1588°
[[  24.682844   -567.5536      -20.00216   ]
 [   3.6163194   122.28784      14.997841  ]
 [   0.14939572    0.0078152     0.        ]
 [   0.            0.            0.1496    ]]
Residual vector length: 486, Jacobian shape: (486, 6)
view   0 | SOD= 568.442 mm | SDD= 691.050 mm | M= 1.216 | incident=3.1588°
[[  24.682398   -567.55365     -20.002094  ]
 [   3.616079    122.287766     14.997906  ]
 [   0.14939572    0.00781516    0.        ]
 [   0.            0.            0.1496    ]]

iter 41 cost=1.900881 -> 1.896453 |dtheta|=3.320884e-04  lambda=1.017e+04

============================================================
Iteration 42
============================================================
Theta offsets (Unity frame):
  Source   : dSx=   0.000, dSy=   0.000, dSz=   0.000  (mm)
  Object   : dOx=  -6.999, dOy=  -2.002, dOz=  -7.934  (mm)
  Object offset: offset_x=  -0.000, offset_z=   0.002  (mm)
  Detector : dDx=   0.000, dDy=   0.000, dDz=   0.000  (mm)
  Obj Stage rotY :    2.995 deg
============================================================

Unity geometry (world coordinates):
  Source   : x=  -5.000, y=  38.000, z=   0.000
  Object   : x=   0.001, y=  17.998, z= 568.066
  Detector : x=  10.000, y=   3.000, z= 690.000
  Obj rotY :   0.0000 deg
view   0 | SOD= 568.442 mm | SDD= 691.050 mm | M= 1.216 | incident=3.1588°
[[  24.682398   -567.55365     -20.002094  ]
 [   3.616079    122.287766     14.997906  ]
 [   0.14939572    0.00781516    0.        ]
 [   0.            0.            0.1496    ]]
Residual vector length: 486, Jacobian shape: (486, 6)
view   0 | SOD= 568.443 mm | SDD= 691.050 mm | M= 1.216 | incident=3.1588°
[[  24.680264   -567.55414     -20.0024    ]
 [   3.616545    122.28739      14.997601  ]
 [   0.14939575    0.00781459    0.        ]
 [   0.            0.            0.1496    ]]

iter 42 cost=1.896453 -> 1.884200 |dtheta|=4.485190e-04  lambda=3.391e+03

============================================================
Iteration 43
============================================================
Theta offsets (Unity frame):
  Source   : dSx=   0.000, dSy=   0.000, dSz=   0.000  (mm)
  Object   : dOx=  -6.999, dOy=  -2.002, dOz=  -7.934  (mm)
  Object offset: offset_x=  -0.000, offset_z=   0.003  (mm)
  Detector : dDx=   0.000, dDy=   0.000, dDz=   0.000  (mm)
  Obj Stage rotY :    2.994 deg
============================================================

Unity geometry (world coordinates):
  Source   : x=  -5.000, y=  38.000, z=   0.000
  Object   : x=   0.001, y=  17.998, z= 568.066
  Detector : x=  10.000, y=   3.000, z= 690.000
  Obj rotY :   0.0000 deg
view   0 | SOD= 568.443 mm | SDD= 691.050 mm | M= 1.216 | incident=3.1588°
[[  24.680264   -567.55414     -20.0024    ]
 [   3.616545    122.28739      14.997601  ]
 [   0.14939575    0.00781459    0.        ]
 [   0.            0.            0.1496    ]]
Residual vector length: 486, Jacobian shape: (486, 6)
view   0 | SOD= 568.442 mm | SDD= 691.050 mm | M= 1.216 | incident=3.1588°
[[  24.681099   -567.5534      -20.00247   ]
 [   3.616114    122.288055     14.99753   ]
 [   0.14939575    0.00781487    0.        ]
 [   0.            0.            0.1496    ]]

iter 43 cost=1.884200 -> 1.920261 |dtheta|=8.730880e-04  lambda=1.130e+03

============================================================
Iteration 44
============================================================
Theta offsets (Unity frame):
  Source   : dSx=   0.000, dSy=   0.000, dSz=   0.000  (mm)
  Object   : dOx=  -6.999, dOy=  -2.002, dOz=  -7.934  (mm)
  Object offset: offset_x=  -0.000, offset_z=   0.003  (mm)
  Detector : dDx=   0.000, dDy=   0.000, dDz=   0.000  (mm)
  Obj Stage rotY :    2.994 deg
============================================================

Unity geometry (world coordinates):
  Source   : x=  -5.000, y=  38.000, z=   0.000
  Object   : x=   0.001, y=  17.998, z= 568.066
  Detector : x=  10.000, y=   3.000, z= 690.000
  Obj rotY :   0.0000 deg
view   0 | SOD= 568.443 mm | SDD= 691.050 mm | M= 1.216 | incident=3.1588°
[[  24.680264   -567.55414     -20.0024    ]
 [   3.616545    122.28739      14.997601  ]
 [   0.14939575    0.00781459    0.        ]
 [   0.            0.            0.1496    ]]
Residual vector length: 486, Jacobian shape: (486, 6)
view   0 | SOD= 568.442 mm | SDD= 691.050 mm | M= 1.216 | incident=3.1588°
[[  24.680466   -567.55396     -20.002476  ]
 [   3.6163216   122.28757      14.997524  ]
 [   0.14939575    0.00781468    0.        ]
 [   0.            0.            0.1496    ]]

iter 44 cost=1.884200 -> 1.909287 |dtheta|=3.073398e-04  lambda=5.651e+03

============================================================
Iteration 45
============================================================
Theta offsets (Unity frame):
  Source   : dSx=   0.000, dSy=   0.000, dSz=   0.000  (mm)
  Object   : dOx=  -6.999, dOy=  -2.002, dOz=  -7.934  (mm)
  Object offset: offset_x=  -0.000, offset_z=   0.003  (mm)
  Detector : dDx=   0.000, dDy=   0.000, dDz=   0.000  (mm)
  Obj Stage rotY :    2.994 deg
============================================================

Unity geometry (world coordinates):
  Source   : x=  -5.000, y=  38.000, z=   0.000
  Object   : x=   0.001, y=  17.998, z= 568.066
  Detector : x=  10.000, y=   3.000, z= 690.000
  Obj rotY :   0.0000 deg
view   0 | SOD= 568.443 mm | SDD= 691.050 mm | M= 1.216 | incident=3.1588°
[[  24.680264   -567.55414     -20.0024    ]
 [   3.616545    122.28739      14.997601  ]
 [   0.14939575    0.00781459    0.        ]
 [   0.            0.            0.1496    ]]
Residual vector length: 486, Jacobian shape: (486, 6)
view   0 | SOD= 568.442 mm | SDD= 691.050 mm | M= 1.216 | incident=3.1588°
[[  24.680267   -567.5541      -20.002438  ]
 [   3.6164615   122.287445     14.997562  ]
 [   0.14939575    0.00781461    0.        ]
 [   0.            0.            0.1496    ]]

iter 45 cost=1.884200 -> 1.909707 |dtheta|=9.987288e-05  lambda=2.826e+04

============================================================
Iteration 46
============================================================
Theta offsets (Unity frame):
  Source   : dSx=   0.000, dSy=   0.000, dSz=   0.000  (mm)
  Object   : dOx=  -6.999, dOy=  -2.002, dOz=  -7.934  (mm)
  Object offset: offset_x=  -0.000, offset_z=   0.003  (mm)
  Detector : dDx=   0.000, dDy=   0.000, dDz=   0.000  (mm)
  Obj Stage rotY :    2.994 deg
============================================================

Unity geometry (world coordinates):
  Source   : x=  -5.000, y=  38.000, z=   0.000
  Object   : x=   0.001, y=  17.998, z= 568.066
  Detector : x=  10.000, y=   3.000, z= 690.000
  Obj rotY :   0.0000 deg
view   0 | SOD= 568.443 mm | SDD= 691.050 mm | M= 1.216 | incident=3.1588°
[[  24.680264   -567.55414     -20.0024    ]
 [   3.616545    122.28739      14.997601  ]
 [   0.14939575    0.00781459    0.        ]
 [   0.            0.            0.1496    ]]
Residual vector length: 486, Jacobian shape: (486, 6)
view   0 | SOD= 568.443 mm | SDD= 691.050 mm | M= 1.216 | incident=3.1588°
[[  24.680258   -567.55414     -20.00241   ]
 [   3.616525    122.28739      14.997589  ]
 [   0.14939575    0.0078146     0.        ]
 [   0.            0.            0.1496    ]]

iter 46 cost=1.884200 -> 1.887411 |dtheta|=2.453208e-05  lambda=1.413e+05

============================================================
Iteration 47
============================================================
Theta offsets (Unity frame):
  Source   : dSx=   0.000, dSy=   0.000, dSz=   0.000  (mm)
  Object   : dOx=  -6.999, dOy=  -2.002, dOz=  -7.934  (mm)
  Object offset: offset_x=  -0.000, offset_z=   0.003  (mm)
  Detector : dDx=   0.000, dDy=   0.000, dDz=   0.000  (mm)
  Obj Stage rotY :    2.994 deg
============================================================

Unity geometry (world coordinates):
  Source   : x=  -5.000, y=  38.000, z=   0.000
  Object   : x=   0.001, y=  17.998, z= 568.066
  Detector : x=  10.000, y=   3.000, z= 690.000
  Obj rotY :   0.0000 deg
view   0 | SOD= 568.443 mm | SDD= 691.050 mm | M= 1.216 | incident=3.1588°
[[  24.680264   -567.55414     -20.0024    ]
 [   3.616545    122.28739      14.997601  ]
 [   0.14939575    0.00781459    0.        ]
 [   0.            0.            0.1496    ]]
Residual vector length: 486, Jacobian shape: (486, 6)
view   0 | SOD= 568.443 mm | SDD= 691.050 mm | M= 1.216 | incident=3.1588°
[[  24.680262   -567.55414     -20.002401  ]
 [   3.6165407   122.28739      14.997599  ]
 [   0.14939575    0.00781459    0.        ]
 [   0.            0.            0.1496    ]]

iter 47 cost=1.884200 -> 1.883551 |dtheta|=5.166845e-06  lambda=7.064e+05

============================================================
Iteration 48
============================================================
Theta offsets (Unity frame):
  Source   : dSx=   0.000, dSy=   0.000, dSz=   0.000  (mm)
  Object   : dOx=  -6.999, dOy=  -2.002, dOz=  -7.934  (mm)
  Object offset: offset_x=  -0.000, offset_z=   0.003  (mm)
  Detector : dDx=   0.000, dDy=   0.000, dDz=   0.000  (mm)
  Obj Stage rotY :    2.994 deg
============================================================

Unity geometry (world coordinates):
  Source   : x=  -5.000, y=  38.000, z=   0.000
  Object   : x=   0.001, y=  17.998, z= 568.066
  Detector : x=  10.000, y=   3.000, z= 690.000
  Obj rotY :   0.0000 deg
view   0 | SOD= 568.443 mm | SDD= 691.050 mm | M= 1.216 | incident=3.1588°
[[  24.680262   -567.55414     -20.002401  ]
 [   3.6165407   122.28739      14.997599  ]
 [   0.14939575    0.00781459    0.        ]
 [   0.            0.            0.1496    ]]
Residual vector length: 486, Jacobian shape: (486, 6)
view   0 | SOD= 568.443 mm | SDD= 691.050 mm | M= 1.216 | incident=3.1588°
[[  24.680273   -567.55414     -20.002409  ]
 [   3.6165266   122.28739      14.997591  ]
 [   0.14939575    0.0078146     0.        ]
 [   0.            0.            0.1496    ]]

iter 48 cost=1.883551 -> 1.886468 |dtheta|=1.522017e-05  lambda=2.355e+05

============================================================
Iteration 49
============================================================
Theta offsets (Unity frame):
  Source   : dSx=   0.000, dSy=   0.000, dSz=   0.000  (mm)
  Object   : dOx=  -6.999, dOy=  -2.002, dOz=  -7.934  (mm)
  Object offset: offset_x=  -0.000, offset_z=   0.003  (mm)
  Detector : dDx=   0.000, dDy=   0.000, dDz=   0.000  (mm)
  Obj Stage rotY :    2.994 deg
============================================================

Unity geometry (world coordinates):
  Source   : x=  -5.000, y=  38.000, z=   0.000
  Object   : x=   0.001, y=  17.998, z= 568.066
  Detector : x=  10.000, y=   3.000, z= 690.000
  Obj rotY :   0.0000 deg
view   0 | SOD= 568.443 mm | SDD= 691.050 mm | M= 1.216 | incident=3.1588°
[[  24.680262   -567.55414     -20.002401  ]
 [   3.6165407   122.28739      14.997599  ]
 [   0.14939575    0.00781459    0.        ]
 [   0.            0.            0.1496    ]]
Residual vector length: 486, Jacobian shape: (486, 6)
view   0 | SOD= 568.443 mm | SDD= 691.050 mm | M= 1.216 | incident=3.1588°
[[  24.680264   -567.55414     -20.002403  ]
 [   3.6165376   122.28739      14.997597  ]
 [   0.14939575    0.00781459    0.        ]
 [   0.            0.            0.1496    ]]

iter 49 cost=1.883551 -> 1.883551 |dtheta|=3.692834e-06  lambda=1.000e+06

============================================================
Iteration 50
============================================================
Theta offsets (Unity frame):
  Source   : dSx=   0.000, dSy=   0.000, dSz=   0.000  (mm)
  Object   : dOx=  -6.999, dOy=  -2.002, dOz=  -7.934  (mm)
  Object offset: offset_x=  -0.000, offset_z=   0.003  (mm)
  Detector : dDx=   0.000, dDy=   0.000, dDz=   0.000  (mm)
  Obj Stage rotY :    2.994 deg
============================================================

Unity geometry (world coordinates):
  Source   : x=  -5.000, y=  38.000, z=   0.000
  Object   : x=   0.001, y=  17.998, z= 568.066
  Detector : x=  10.000, y=   3.000, z= 690.000
  Obj rotY :   0.0000 deg
view   0 | SOD= 568.443 mm | SDD= 691.050 mm | M= 1.216 | incident=3.1588°
[[  24.680262   -567.55414     -20.002401  ]
 [   3.6165407   122.28739      14.997599  ]
 [   0.14939575    0.00781459    0.        ]
 [   0.            0.            0.1496    ]]
Residual vector length: 486, Jacobian shape: (486, 6)
view   0 | SOD= 568.443 mm | SDD= 691.050 mm | M= 1.216 | incident=3.1588°
[[  24.680264   -567.55414     -20.002403  ]
 [   3.6165376   122.28739      14.997597  ]
 [   0.14939575    0.00781459    0.        ]
 [   0.            0.            0.1496    ]]

iter 50 cost=1.883551 -> 1.883551 |dtheta|=3.692834e-06  lambda=1.000e+06

============================================================
Iteration 51
============================================================
Theta offsets (Unity frame):
  Source   : dSx=   0.000, dSy=   0.000, dSz=   0.000  (mm)
  Object   : dOx=  -6.999, dOy=  -2.002, dOz=  -7.934  (mm)
  Object offset: offset_x=  -0.000, offset_z=   0.003  (mm)
  Detector : dDx=   0.000, dDy=   0.000, dDz=   0.000  (mm)
  Obj Stage rotY :    2.994 deg
============================================================

Unity geometry (world coordinates):
  Source   : x=  -5.000, y=  38.000, z=   0.000
  Object   : x=   0.001, y=  17.998, z= 568.066
  Detector : x=  10.000, y=   3.000, z= 690.000
  Obj rotY :   0.0000 deg
view   0 | SOD= 568.443 mm | SDD= 691.050 mm | M= 1.216 | incident=3.1588°
[[  24.680262   -567.55414     -20.002401  ]
 [   3.6165407   122.28739      14.997599  ]
 [   0.14939575    0.00781459    0.        ]
 [   0.            0.            0.1496    ]]
Residual vector length: 486, Jacobian shape: (486, 6)
view   0 | SOD= 568.443 mm | SDD= 691.050 mm | M= 1.216 | incident=3.1588°
[[  24.680264   -567.55414     -20.002403  ]
 [   3.6165376   122.28739      14.997597  ]
 [   0.14939575    0.00781459    0.        ]
 [   0.            0.            0.1496    ]]

iter 51 cost=1.883551 -> 1.883551 |dtheta|=3.692834e-06  lambda=1.000e+06

============================================================
Iteration 52
============================================================
Theta offsets (Unity frame):
  Source   : dSx=   0.000, dSy=   0.000, dSz=   0.000  (mm)
  Object   : dOx=  -6.999, dOy=  -2.002, dOz=  -7.934  (mm)
  Object offset: offset_x=  -0.000, offset_z=   0.003  (mm)
  Detector : dDx=   0.000, dDy=   0.000, dDz=   0.000  (mm)
  Obj Stage rotY :    2.994 deg
============================================================

Unity geometry (world coordinates):
  Source   : x=  -5.000, y=  38.000, z=   0.000
  Object   : x=   0.001, y=  17.998, z= 568.066
  Detector : x=  10.000, y=   3.000, z= 690.000
  Obj rotY :   0.0000 deg
view   0 | SOD= 568.443 mm | SDD= 691.050 mm | M= 1.216 | incident=3.1588°
[[  24.680262   -567.55414     -20.002401  ]
 [   3.6165407   122.28739      14.997599  ]
 [   0.14939575    0.00781459    0.        ]
 [   0.            0.            0.1496    ]]
Residual vector length: 486, Jacobian shape: (486, 6)
view   0 | SOD= 568.443 mm | SDD= 691.050 mm | M= 1.216 | incident=3.1588°
[[  24.680264   -567.55414     -20.002403  ]
 [   3.6165376   122.28739      14.997597  ]
 [   0.14939575    0.00781459    0.        ]
 [   0.            0.            0.1496    ]]

iter 52 cost=1.883551 -> 1.883551 |dtheta|=3.692834e-06  lambda=1.000e+06

============================================================
Iteration 53
============================================================
Theta offsets (Unity frame):
  Source   : dSx=   0.000, dSy=   0.000, dSz=   0.000  (mm)
  Object   : dOx=  -6.999, dOy=  -2.002, dOz=  -7.934  (mm)
  Object offset: offset_x=  -0.000, offset_z=   0.003  (mm)
  Detector : dDx=   0.000, dDy=   0.000, dDz=   0.000  (mm)
  Obj Stage rotY :    2.994 deg
============================================================

Unity geometry (world coordinates):
  Source   : x=  -5.000, y=  38.000, z=   0.000
  Object   : x=   0.001, y=  17.998, z= 568.066
  Detector : x=  10.000, y=   3.000, z= 690.000
  Obj rotY :   0.0000 deg
view   0 | SOD= 568.443 mm | SDD= 691.050 mm | M= 1.216 | incident=3.1588°
[[  24.680262   -567.55414     -20.002401  ]
 [   3.6165407   122.28739      14.997599  ]
 [   0.14939575    0.00781459    0.        ]
 [   0.            0.            0.1496    ]]
Residual vector length: 486, Jacobian shape: (486, 6)
view   0 | SOD= 568.443 mm | SDD= 691.050 mm | M= 1.216 | incident=3.1588°
[[  24.680264   -567.55414     -20.002403  ]
 [   3.6165376   122.28739      14.997597  ]
 [   0.14939575    0.00781459    0.        ]
 [   0.            0.            0.1496    ]]

iter 53 cost=1.883551 -> 1.883551 |dtheta|=3.692834e-06  lambda=1.000e+06

============================================================
Iteration 54
============================================================
Theta offsets (Unity frame):
  Source   : dSx=   0.000, dSy=   0.000, dSz=   0.000  (mm)
  Object   : dOx=  -6.999, dOy=  -2.002, dOz=  -7.934  (mm)
  Object offset: offset_x=  -0.000, offset_z=   0.003  (mm)
  Detector : dDx=   0.000, dDy=   0.000, dDz=   0.000  (mm)
  Obj Stage rotY :    2.994 deg
============================================================

Unity geometry (world coordinates):
  Source   : x=  -5.000, y=  38.000, z=   0.000
  Object   : x=   0.001, y=  17.998, z= 568.066
  Detector : x=  10.000, y=   3.000, z= 690.000
  Obj rotY :   0.0000 deg
view   0 | SOD= 568.443 mm | SDD= 691.050 mm | M= 1.216 | incident=3.1588°
[[  24.680262   -567.55414     -20.002401  ]
 [   3.6165407   122.28739      14.997599  ]
 [   0.14939575    0.00781459    0.        ]
 [   0.            0.            0.1496    ]]
Residual vector length: 486, Jacobian shape: (486, 6)
view   0 | SOD= 568.443 mm | SDD= 691.050 mm | M= 1.216 | incident=3.1588°
[[  24.680264   -567.55414     -20.002403  ]
 [   3.6165376   122.28739      14.997597  ]
 [   0.14939575    0.00781459    0.        ]
 [   0.            0.            0.1496    ]]

iter 54 cost=1.883551 -> 1.883551 |dtheta|=3.692834e-06  lambda=1.000e+06

============================================================
Iteration 55
============================================================
Theta offsets (Unity frame):
  Source   : dSx=   0.000, dSy=   0.000, dSz=   0.000  (mm)
  Object   : dOx=  -6.999, dOy=  -2.002, dOz=  -7.934  (mm)
  Object offset: offset_x=  -0.000, offset_z=   0.003  (mm)
  Detector : dDx=   0.000, dDy=   0.000, dDz=   0.000  (mm)
  Obj Stage rotY :    2.994 deg
============================================================

Unity geometry (world coordinates):
  Source   : x=  -5.000, y=  38.000, z=   0.000
  Object   : x=   0.001, y=  17.998, z= 568.066
  Detector : x=  10.000, y=   3.000, z= 690.000
  Obj rotY :   0.0000 deg
view   0 | SOD= 568.443 mm | SDD= 691.050 mm | M= 1.216 | incident=3.1588°
[[  24.680262   -567.55414     -20.002401  ]
 [   3.6165407   122.28739      14.997599  ]
 [   0.14939575    0.00781459    0.        ]
 [   0.            0.            0.1496    ]]
Residual vector length: 486, Jacobian shape: (486, 6)
view   0 | SOD= 568.443 mm | SDD= 691.050 mm | M= 1.216 | incident=3.1588°
[[  24.680264   -567.55414     -20.002403  ]
 [   3.6165376   122.28739      14.997597  ]
 [   0.14939575    0.00781459    0.        ]
 [   0.            0.            0.1496    ]]

iter 55 cost=1.883551 -> 1.883551 |dtheta|=3.692834e-06  lambda=1.000e+06
Stalled.

Estimated theta:
  dSx: +0.000000
  dSy: +0.000000
  dOx: -6.999028
  dOy: -2.002401
  dOz: -7.934093
  dDx: +0.000000
  dDy: +0.000000
  dDz: +0.000000
alpha: +2.994299e+00 deg)
offset_x: -0.000451
offset_z: +0.002547

Final cost table:
Fake theta: [ 0.  0. -7. -2. -8.  0.  0.  0.  3.  0.  0.]
Final estimated theta: [ 0.          0.         -6.9990275  -2.00240142 -7.93409322  0.
  0.          0.          2.99429851 -0.00045068  0.00254659]
Diff from Expected: [ 0.          0.          0.0009725  -0.00240142  0.06590678  0.
  0.          0.         -0.00570149 -0.00045068  0.00254659]
################################################################################

