Phantom already exists, skipping: cuboid_phantom_5_normal.npy

################################################################################
Running cuboid=normal scenario=G0 N_ANGLES=10, K=5
view   0 | SOD= 570.548 mm | SDD= 675.501 mm | M= 1.184 | incident=3.8197°
[[  98.97946    -561.3404      -25.        ]
 [ -18.05941     102.420006     20.        ]
 [   0.14732724    0.02597777    0.        ]
 [   0.            0.            0.1496    ]]
          image          x1         y1  area1          x2          y2  area2          x3          y3  area3          x4          y4  area4          x5          y5  area5
0  proj_000.png  509.659091  62.378247    616  412.934859  170.510563    568  447.295749  270.299445    541  540.796396  379.996396    555  509.697830  502.904841    599
1  proj_001.png  417.500000  62.358553    608  399.401786  169.564286    560  534.041199  270.659176    534  555.555950  383.063943    563  417.583748  502.129353    603
2  proj_002.png  350.061121  62.611205    589  415.676786  168.666071    560  600.845601  273.102334    557  540.659247  386.212329    584  350.076014  496.501689    592
3  proj_003.png  333.330986  62.980634    568  454.992920  168.143363    565  622.500000  276.955172    580  500.741351  388.128501    607  333.350534  488.421708    562
4  proj_004.png  371.278085  63.285451    543  502.459322  168.105085    590  588.499165  280.627713    599  451.642857  388.166667    630  371.145455  481.105455    550
5  proj_005.png  447.230769  63.402504    559  540.792254  168.735915    568  509.638095  282.700000    630  412.952542  386.042373    590  447.269504  477.184397    564
6  proj_006.png  533.994633  63.347048    559  555.716981  169.624357    583  417.565079  282.319048    630  399.277683  382.967632    587  534.044405  477.859680    563
7  proj_007.png  600.809441  63.164336    572  540.657285  170.529801    604  350.046053  279.598684    608  415.670711  379.887348    577  600.818815  483.123693    574
8  proj_008.png  622.531142  62.887543    578  500.713576  171.114238    604  333.351786  275.610714    560  455.010526  378.021053    570  622.508621  491.050000    580
9  proj_009.png  588.418367  62.573129    588  451.619741  171.126214    618  371.257519  272.219925    532  502.541880  378.039316    585  588.424658  498.799658    584

============================================================
Iteration 0
============================================================
Theta offsets (Unity frame):
  Source   : dSx=   0.000, dSy=   0.000, dSz=   0.000  (mm)
  Object   : dOx=   0.000, dOy=   0.000, dOz=   0.000  (mm)
  Object offset: offset_x=   0.000, offset_z=   0.000  (mm)
  Detector : dDx=   0.000, dDy=   0.000, dDz=   0.000  (mm)
  Obj Stage rotY :    0.000 deg
============================================================

Unity geometry (world coordinates):
  Source   : x=   0.000, y=  45.000, z=   0.000
  Object   : x=  10.000, y=  15.000, z= 589.000
  Detector : x=   0.000, y=   0.000, z= 674.000
  Obj rotY :   0.0000 deg
view   0 | SOD= 589.848 mm | SDD= 675.501 mm | M= 1.145 | incident=3.8197°
[[ -10.     -589.      -30.    ]
 [ -10.       85.       15.    ]
 [   0.1496    0.        0.    ]
 [   0.        0.        0.1496]]
Residual vector length: 200, Jacobian shape: (200, 6)
view   0 | SOD= 580.414 mm | SDD= 675.501 mm | M= 1.164 | incident=3.8197°
[[  11.742537   -579.64124     -27.533436  ]
 [  -5.6897755    94.13329      17.466564  ]
 [   0.14954996    0.00386925    0.        ]
 [   0.            0.            0.1496    ]]

iter 00 cost=190505.157462 -> 29332.640665 |dtheta|=1.233253e+01  lambda=1.000e-02

============================================================
Iteration 1
============================================================
Theta offsets (Unity frame):
  Source   : dSx=   0.000, dSy=   0.000, dSz=   0.000  (mm)
  Object   : dOx=  -7.231, dOy=   2.467, dOz=  -9.550  (mm)
  Object offset: offset_x=   0.484, offset_z=   0.301  (mm)
  Detector : dDx=   0.000, dDy=   0.000, dDz=   0.000  (mm)
  Obj Stage rotY :    1.482 deg
============================================================

Unity geometry (world coordinates):
  Source   : x=   0.000, y=  45.000, z=   0.000
  Object   : x=   2.769, y=  17.467, z= 579.450
  Detector : x=   0.000, y=   0.000, z= 674.000
  Obj rotY :   0.0000 deg
view   0 | SOD= 580.414 mm | SDD= 675.501 mm | M= 1.164 | incident=3.8197°
[[  11.742537   -579.64124     -27.533436  ]
 [  -5.6897755    94.13329      17.466564  ]
 [   0.14954996    0.00386925    0.        ]
 [   0.            0.            0.1496    ]]
Residual vector length: 200, Jacobian shape: (200, 6)
view   0 | SOD= 575.881 mm | SDD= 675.501 mm | M= 1.173 | incident=3.8197°
[[  74.48438    -570.44995     -26.03033   ]
 [ -13.723561     97.75315      18.96967   ]
 [   0.14831333    0.0195785     0.        ]
 [   0.            0.            0.1496    ]]

iter 01 cost=29332.640665 -> 3063.106019 |dtheta|=7.904706e+00  lambda=3.333e-03

============================================================
Iteration 2
============================================================
Theta offsets (Unity frame):
  Source   : dSx=   0.000, dSy=   0.000, dSz=   0.000  (mm)
  Object   : dOx=  -9.236, dOy=   3.970, dOz= -13.972  (mm)
  Object offset: offset_x=   0.049, offset_z=   0.264  (mm)
  Detector : dDx=   0.000, dDy=   0.000, dDz=   0.000  (mm)
  Obj Stage rotY :    7.520 deg
============================================================

Unity geometry (world coordinates):
  Source   : x=   0.000, y=  45.000, z=   0.000
  Object   : x=   0.764, y=  18.970, z= 575.028
  Detector : x=   0.000, y=   0.000, z= 674.000
  Obj rotY :   0.0000 deg
view   0 | SOD= 575.881 mm | SDD= 675.501 mm | M= 1.173 | incident=3.8197°
[[  74.48438    -570.44995     -26.03033   ]
 [ -13.723561     97.75315      18.96967   ]
 [   0.14831333    0.0195785     0.        ]
 [   0.            0.            0.1496    ]]
Residual vector length: 200, Jacobian shape: (200, 6)
view   0 | SOD= 575.207 mm | SDD= 675.501 mm | M= 1.174 | incident=3.8197°
[[  89.59344    -567.6168      -25.4493    ]
 [ -15.843967     98.08501      19.5507    ]
 [   0.14775816    0.02340272    0.        ]
 [   0.            0.            0.1496    ]]

iter 02 cost=3063.106019 -> 586.756646 |dtheta|=1.752501e+00  lambda=1.111e-03

============================================================
Iteration 3
============================================================
Theta offsets (Unity frame):
  Source   : dSx=   0.000, dSy=   0.000, dSz=   0.000  (mm)
  Object   : dOx=  -9.801, dOy=   4.551, dOz= -14.369  (mm)
  Object offset: offset_x=   0.106, offset_z=   0.013  (mm)
  Detector : dDx=   0.000, dDy=   0.000, dDz=   0.000  (mm)
  Obj Stage rotY :    9.000 deg
============================================================

Unity geometry (world coordinates):
  Source   : x=   0.000, y=  45.000, z=   0.000
  Object   : x=   0.199, y=  19.551, z= 574.631
  Detector : x=   0.000, y=   0.000, z= 674.000
  Obj rotY :   0.0000 deg
view   0 | SOD= 575.207 mm | SDD= 675.501 mm | M= 1.174 | incident=3.8197°
[[  89.59344    -567.6168      -25.4493    ]
 [ -15.843967     98.08501      19.5507    ]
 [   0.14775816    0.02340272    0.        ]
 [   0.            0.            0.1496    ]]
Residual vector length: 200, Jacobian shape: (200, 6)
view   0 | SOD= 574.174 mm | SDD= 675.501 mm | M= 1.176 | incident=3.8197°
[[  93.59182    -565.93353     -25.205172  ]
 [ -16.399376     99.03109      19.794828  ]
 [   0.14759451    0.02441348    0.        ]
 [   0.            0.            0.1496    ]]

iter 03 cost=586.756646 -> 222.227514 |dtheta|=1.162871e+00  lambda=3.704e-04

============================================================
Iteration 4
============================================================
Theta offsets (Unity frame):
  Source   : dSx=   0.000, dSy=   0.000, dSz=   0.000  (mm)
  Object   : dOx=  -9.940, dOy=   4.795, dOz= -15.417  (mm)
  Object offset: offset_x=  -0.041, offset_z=   0.037  (mm)
  Detector : dDx=   0.000, dDy=   0.000, dDz=   0.000  (mm)
  Obj Stage rotY :    9.392 deg
============================================================

Unity geometry (world coordinates):
  Source   : x=   0.000, y=  45.000, z=   0.000
  Object   : x=   0.060, y=  19.795, z= 573.583
  Detector : x=   0.000, y=   0.000, z= 674.000
  Obj rotY :   0.0000 deg
view   0 | SOD= 574.174 mm | SDD= 675.501 mm | M= 1.176 | incident=3.8197°
[[  93.59182    -565.93353     -25.205172  ]
 [ -16.399376     99.03109      19.794828  ]
 [   0.14759451    0.02441348    0.        ]
 [   0.            0.            0.1496    ]]
Residual vector length: 200, Jacobian shape: (200, 6)
view   0 | SOD= 573.381 mm | SDD= 675.501 mm | M= 1.178 | incident=3.8197°
[[  96.07946    -564.7124      -25.193678  ]
 [ -16.996761     99.73456      19.806322  ]
 [   0.14747962    0.02509822    0.        ]
 [   0.            0.            0.1496    ]]

iter 04 cost=222.227514 -> 127.395089 |dtheta|=8.145735e-01  lambda=1.235e-04

============================================================
Iteration 5
============================================================
Theta offsets (Unity frame):
  Source   : dSx=   0.000, dSy=   0.000, dSz=   0.000  (mm)
  Object   : dOx=  -9.988, dOy=   4.806, dOz= -16.183  (mm)
  Object offset: offset_x=   0.011, offset_z=   0.011  (mm)
  Detector : dDx=   0.000, dDy=   0.000, dDz=   0.000  (mm)
  Obj Stage rotY :    9.658 deg
============================================================

Unity geometry (world coordinates):
  Source   : x=   0.000, y=  45.000, z=   0.000
  Object   : x=   0.012, y=  19.806, z= 572.817
  Detector : x=   0.000, y=   0.000, z= 674.000
  Obj rotY :   0.0000 deg
view   0 | SOD= 573.381 mm | SDD= 675.501 mm | M= 1.178 | incident=3.8197°
[[  96.07946    -564.7124      -25.193678  ]
 [ -16.996761     99.73456      19.806322  ]
 [   0.14747962    0.02509822    0.        ]
 [   0.            0.            0.1496    ]]
Residual vector length: 200, Jacobian shape: (200, 6)
view   0 | SOD= 572.848 mm | SDD= 675.501 mm | M= 1.179 | incident=3.8197°
[[  97.4499     -563.93933     -25.12217   ]
 [ -17.37383     100.20786      19.87783   ]
 [   0.14741309    0.0254861     0.        ]
 [   0.            0.            0.1496    ]]

iter 05 cost=127.395089 -> 74.168178 |dtheta|=5.698772e-01  lambda=4.115e-05

============================================================
Iteration 6
============================================================
Theta offsets (Unity frame):
  Source   : dSx=   0.000, dSy=   0.000, dSz=   0.000  (mm)
  Object   : dOx=  -9.967, dOy=   4.878, dOz= -16.727  (mm)
  Object offset: offset_x=   0.015, offset_z=   0.025  (mm)
  Detector : dDx=   0.000, dDy=   0.000, dDz=   0.000  (mm)
  Obj Stage rotY :    9.809 deg
============================================================

Unity geometry (world coordinates):
  Source   : x=   0.000, y=  45.000, z=   0.000
  Object   : x=   0.033, y=  19.878, z= 572.273
  Detector : x=   0.000, y=   0.000, z= 674.000
  Obj rotY :   0.0000 deg
view   0 | SOD= 572.848 mm | SDD= 675.501 mm | M= 1.179 | incident=3.8197°
[[  97.4499     -563.93933     -25.12217   ]
 [ -17.37383     100.20786      19.87783   ]
 [   0.14741309    0.0254861     0.        ]
 [   0.            0.            0.1496    ]]
Residual vector length: 200, Jacobian shape: (200, 6)
view   0 | SOD= 572.466 mm | SDD= 675.501 mm | M= 1.180 | incident=3.8197°
[[  98.06318    -563.4464      -25.0852    ]
 [ -17.525986    100.56798      19.9148    ]
 [   0.14738362    0.02565599    0.        ]
 [   0.            0.            0.1496    ]]

iter 06 cost=74.168178 -> 49.395821 |dtheta|=4.026521e-01  lambda=1.372e-05

============================================================
Iteration 7
============================================================
Theta offsets (Unity frame):
  Source   : dSx=   0.000, dSy=   0.000, dSz=   0.000  (mm)
  Object   : dOx=  -9.986, dOy=   4.915, dOz= -17.122  (mm)
  Object offset: offset_x=   0.006, offset_z=   0.038  (mm)
  Detector : dDx=   0.000, dDy=   0.000, dDz=   0.000  (mm)
  Obj Stage rotY :    9.875 deg
============================================================

Unity geometry (world coordinates):
  Source   : x=   0.000, y=  45.000, z=   0.000
  Object   : x=   0.014, y=  19.915, z= 571.878
  Detector : x=   0.000, y=   0.000, z= 674.000
  Obj rotY :   0.0000 deg
view   0 | SOD= 572.466 mm | SDD= 675.501 mm | M= 1.180 | incident=3.8197°
[[  98.06318    -563.4464      -25.0852    ]
 [ -17.525986    100.56798      19.9148    ]
 [   0.14738362    0.02565599    0.        ]
 [   0.            0.            0.1496    ]]
Residual vector length: 200, Jacobian shape: (200, 6)
view   0 | SOD= 572.059 mm | SDD= 675.501 mm | M= 1.181 | incident=3.8197°
[[  98.485695   -562.9594      -25.077671  ]
 [ -17.661299    100.95767      19.922329  ]
 [   0.14736201    0.02577981    0.        ]
 [   0.            0.            0.1496    ]]

iter 07 cost=49.395821 -> 30.660234 |dtheta|=3.840424e-01  lambda=4.572e-06

============================================================
Iteration 8
============================================================
Theta offsets (Unity frame):
  Source   : dSx=   0.000, dSy=   0.000, dSz=   0.000  (mm)
  Object   : dOx= -10.001, dOy=   4.922, dOz= -17.502  (mm)
  Object offset: offset_x=   0.000, offset_z=   0.011  (mm)
  Detector : dDx=   0.000, dDy=   0.000, dDz=   0.000  (mm)
  Obj Stage rotY :    9.923 deg
============================================================

Unity geometry (world coordinates):
  Source   : x=   0.000, y=  45.000, z=   0.000
  Object   : x=  -0.001, y=  19.922, z= 571.498
  Detector : x=   0.000, y=   0.000, z= 674.000
  Obj rotY :   0.0000 deg
view   0 | SOD= 572.059 mm | SDD= 675.501 mm | M= 1.181 | incident=3.8197°
[[  98.485695   -562.9594      -25.077671  ]
 [ -17.661299    100.95767      19.922329  ]
 [   0.14736201    0.02577981    0.        ]
 [   0.            0.            0.1496    ]]
Residual vector length: 200, Jacobian shape: (200, 6)
view   0 | SOD= 571.847 mm | SDD= 675.501 mm | M= 1.181 | incident=3.8197°
[[  98.59023    -562.7263      -25.064833  ]
 [ -17.709312    101.16403      19.935167  ]
 [   0.14735608    0.02581367    0.        ]
 [   0.            0.            0.1496    ]]

iter 08 cost=30.660234 -> 23.671774 |dtheta|=1.971327e-01  lambda=1.524e-06

============================================================
Iteration 9
============================================================
Theta offsets (Unity frame):
  Source   : dSx=   0.000, dSy=   0.000, dSz=   0.000  (mm)
  Object   : dOx= -10.005, dOy=   4.935, dOz= -17.697  (mm)
  Object offset: offset_x=  -0.007, offset_z=  -0.005  (mm)
  Detector : dDx=   0.000, dDy=   0.000, dDz=   0.000  (mm)
  Obj Stage rotY :    9.936 deg
============================================================

Unity geometry (world coordinates):
  Source   : x=   0.000, y=  45.000, z=   0.000
  Object   : x=  -0.005, y=  19.935, z= 571.303
  Detector : x=   0.000, y=   0.000, z= 674.000
  Obj rotY :   0.0000 deg
view   0 | SOD= 571.847 mm | SDD= 675.501 mm | M= 1.181 | incident=3.8197°
[[  98.59023    -562.7263      -25.064833  ]
 [ -17.709312    101.16403      19.935167  ]
 [   0.14735608    0.02581367    0.        ]
 [   0.            0.            0.1496    ]]
Residual vector length: 200, Jacobian shape: (200, 6)
view   0 | SOD= 571.513 mm | SDD= 675.501 mm | M= 1.182 | incident=3.8197°
[[  98.6055     -562.3845      -25.054573  ]
 [ -17.770405    101.49247      19.945427  ]
 [   0.14735311    0.02583062    0.        ]
 [   0.            0.            0.1496    ]]

iter 09 cost=23.671774 -> 12.807772 |dtheta|=3.465016e-01  lambda=1.000e-06

============================================================
Iteration 10
============================================================
Theta offsets (Unity frame):
  Source   : dSx=   0.000, dSy=   0.000, dSz=   0.000  (mm)
  Object   : dOx= -10.007, dOy=   4.945, dOz= -18.043  (mm)
  Object offset: offset_x=  -0.013, offset_z=   0.007  (mm)
  Detector : dDx=   0.000, dDy=   0.000, dDz=   0.000  (mm)
  Obj Stage rotY :    9.943 deg
============================================================

Unity geometry (world coordinates):
  Source   : x=   0.000, y=  45.000, z=   0.000
  Object   : x=  -0.007, y=  19.945, z= 570.957
  Detector : x=   0.000, y=   0.000, z= 674.000
  Obj rotY :   0.0000 deg
view   0 | SOD= 571.513 mm | SDD= 675.501 mm | M= 1.182 | incident=3.8197°
[[  98.6055     -562.3845      -25.054573  ]
 [ -17.770405    101.49247      19.945427  ]
 [   0.14735311    0.02583062    0.        ]
 [   0.            0.            0.1496    ]]
Residual vector length: 200, Jacobian shape: (200, 6)
view   0 | SOD= 571.354 mm | SDD= 675.501 mm | M= 1.182 | incident=3.8197°
[[  98.52258    -562.2382      -25.036766  ]
 [ -17.805475    101.64712      19.963234  ]
 [   0.14735498    0.02582       0.        ]
 [   0.            0.            0.1496    ]]

iter 10 cost=12.807772 -> 8.794380 |dtheta|=1.561385e-01  lambda=1.000e-06

============================================================
Iteration 11
============================================================
Theta offsets (Unity frame):
  Source   : dSx=   0.000, dSy=   0.000, dSz=   0.000  (mm)
  Object   : dOx=  -9.994, dOy=   4.963, dOz= -18.198  (mm)
  Object offset: offset_x=  -0.011, offset_z=   0.003  (mm)
  Detector : dDx=   0.000, dDy=   0.000, dDz=   0.000  (mm)
  Obj Stage rotY :    9.939 deg
============================================================

Unity geometry (world coordinates):
  Source   : x=   0.000, y=  45.000, z=   0.000
  Object   : x=   0.006, y=  19.963, z= 570.802
  Detector : x=   0.000, y=   0.000, z= 674.000
  Obj rotY :   0.0000 deg
view   0 | SOD= 571.354 mm | SDD= 675.501 mm | M= 1.182 | incident=3.8197°
[[  98.52258    -562.2382      -25.036766  ]
 [ -17.805475    101.64712      19.963234  ]
 [   0.14735498    0.02582       0.        ]
 [   0.            0.            0.1496    ]]
Residual vector length: 200, Jacobian shape: (200, 6)
view   0 | SOD= 571.223 mm | SDD= 675.501 mm | M= 1.183 | incident=3.8197°
[[  98.73342    -562.0689      -25.027847  ]
 [ -17.861015    101.769745     19.972153  ]
 [   0.1473446     0.02587912    0.        ]
 [   0.            0.            0.1496    ]]

iter 11 cost=8.794380 -> 6.158558 |dtheta|=1.364109e-01  lambda=1.000e-06

============================================================
Iteration 12
============================================================
Theta offsets (Unity frame):
  Source   : dSx=   0.000, dSy=   0.000, dSz=   0.000  (mm)
  Object   : dOx= -10.005, dOy=   4.972, dOz= -18.331  (mm)
  Object offset: offset_x=  -0.008, offset_z=   0.006  (mm)
  Detector : dDx=   0.000, dDy=   0.000, dDz=   0.000  (mm)
  Obj Stage rotY :    9.962 deg
============================================================

Unity geometry (world coordinates):
  Source   : x=   0.000, y=  45.000, z=   0.000
  Object   : x=  -0.005, y=  19.972, z= 570.669
  Detector : x=   0.000, y=   0.000, z= 674.000
  Obj rotY :   0.0000 deg
view   0 | SOD= 571.223 mm | SDD= 675.501 mm | M= 1.183 | incident=3.8197°
[[  98.73342    -562.0689      -25.027847  ]
 [ -17.861015    101.769745     19.972153  ]
 [   0.1473446     0.02587912    0.        ]
 [   0.            0.            0.1496    ]]
Residual vector length: 200, Jacobian shape: (200, 6)
view   0 | SOD= 571.131 mm | SDD= 675.501 mm | M= 1.183 | incident=3.8197°
[[  98.98261    -561.9318      -25.021955  ]
 [ -17.936415    101.849754     19.978045  ]
 [   0.14733192    0.02595117    0.        ]
 [   0.            0.            0.1496    ]]

iter 12 cost=6.158558 -> 4.562423 |dtheta|=9.125360e-02  lambda=1.000e-06

============================================================
Iteration 13
============================================================
Theta offsets (Unity frame):
  Source   : dSx=   0.000, dSy=   0.000, dSz=   0.000  (mm)
  Object   : dOx= -10.003, dOy=   4.978, dOz= -18.417  (mm)
  Object offset: offset_x=  -0.000, offset_z=   0.000  (mm)
  Detector : dDx=   0.000, dDy=   0.000, dDz=   0.000  (mm)
  Obj Stage rotY :    9.990 deg
============================================================

Unity geometry (world coordinates):
  Source   : x=   0.000, y=  45.000, z=   0.000
  Object   : x=  -0.003, y=  19.978, z= 570.583
  Detector : x=   0.000, y=   0.000, z= 674.000
  Obj rotY :   0.0000 deg
view   0 | SOD= 571.131 mm | SDD= 675.501 mm | M= 1.183 | incident=3.8197°
[[  98.98261    -561.9318      -25.021955  ]
 [ -17.936415    101.849754     19.978045  ]
 [   0.14733192    0.02595117    0.        ]
 [   0.            0.            0.1496    ]]
Residual vector length: 200, Jacobian shape: (200, 6)
view   0 | SOD= 571.037 mm | SDD= 675.501 mm | M= 1.183 | incident=3.8197°
[[  99.05671   -561.82336    -25.019888 ]
 [ -17.970123   101.93919     19.980112 ]
 [   0.1473277    0.0259751    0.       ]
 [   0.           0.           0.1496   ]]

iter 13 cost=4.562423 -> 3.559649 |dtheta|=8.931896e-02  lambda=1.000e-06

============================================================
Iteration 14
============================================================
Theta offsets (Unity frame):
  Source   : dSx=   0.000, dSy=   0.000, dSz=   0.000  (mm)
  Object   : dOx= -10.003, dOy=   4.980, dOz= -18.506  (mm)
  Object offset: offset_x=   0.001, offset_z=  -0.005  (mm)
  Detector : dDx=   0.000, dDy=   0.000, dDz=   0.000  (mm)
  Obj Stage rotY :    9.999 deg
============================================================

Unity geometry (world coordinates):
  Source   : x=   0.000, y=  45.000, z=   0.000
  Object   : x=  -0.003, y=  19.980, z= 570.494
  Detector : x=   0.000, y=   0.000, z= 674.000
  Obj rotY :   0.0000 deg
view   0 | SOD= 571.037 mm | SDD= 675.501 mm | M= 1.183 | incident=3.8197°
[[  99.05671   -561.82336    -25.019888 ]
 [ -17.970123   101.93919     19.980112 ]
 [   0.1473277    0.0259751    0.       ]
 [   0.           0.           0.1496   ]]
Residual vector length: 200, Jacobian shape: (200, 6)
view   0 | SOD= 570.961 mm | SDD= 675.501 mm | M= 1.183 | incident=3.8197°
[[  98.96698    -561.7617      -25.013996  ]
 [ -17.96903     102.01685      19.986004  ]
 [   0.14733127    0.02595494    0.        ]
 [   0.            0.            0.1496    ]]

iter 14 cost=3.559649 -> 2.544040 |dtheta|=7.385221e-02  lambda=1.000e-06

============================================================
Iteration 15
============================================================
Theta offsets (Unity frame):
  Source   : dSx=   0.000, dSy=   0.000, dSz=   0.000  (mm)
  Object   : dOx= -10.005, dOy=   4.986, dOz= -18.579  (mm)
  Object offset: offset_x=   0.002, offset_z=  -0.008  (mm)
  Detector : dDx=   0.000, dDy=   0.000, dDz=   0.000  (mm)
  Obj Stage rotY :    9.991 deg
============================================================

Unity geometry (world coordinates):
  Source   : x=   0.000, y=  45.000, z=   0.000
  Object   : x=  -0.005, y=  19.986, z= 570.421
  Detector : x=   0.000, y=   0.000, z= 674.000
  Obj rotY :   0.0000 deg
view   0 | SOD= 570.961 mm | SDD= 675.501 mm | M= 1.183 | incident=3.8197°
[[  98.96698    -561.7617      -25.013996  ]
 [ -17.96903     102.01685      19.986004  ]
 [   0.14733127    0.02595494    0.        ]
 [   0.            0.            0.1496    ]]
Residual vector length: 200, Jacobian shape: (200, 6)
view   0 | SOD= 570.839 mm | SDD= 675.501 mm | M= 1.183 | incident=3.8197°
[[  99.050514   -561.62354     -25.010519  ]
 [ -18.015474    102.132126     19.989481  ]
 [   0.14732617    0.02598379    0.        ]
 [   0.            0.            0.1496    ]]

iter 15 cost=2.544040 -> 1.467726 |dtheta|=1.188708e-01  lambda=1.000e-06

============================================================
Iteration 16
============================================================
Theta offsets (Unity frame):
  Source   : dSx=   0.000, dSy=   0.000, dSz=   0.000  (mm)
  Object   : dOx= -10.005, dOy=   4.989, dOz= -18.697  (mm)
  Object offset: offset_x=   0.007, offset_z=  -0.012  (mm)
  Detector : dDx=   0.000, dDy=   0.000, dDz=   0.000  (mm)
  Obj Stage rotY :   10.002 deg
============================================================

Unity geometry (world coordinates):
  Source   : x=   0.000, y=  45.000, z=   0.000
  Object   : x=  -0.005, y=  19.989, z= 570.303
  Detector : x=   0.000, y=   0.000, z= 674.000
  Obj rotY :   0.0000 deg
view   0 | SOD= 570.839 mm | SDD= 675.501 mm | M= 1.183 | incident=3.8197°
[[  99.050514   -561.62354     -25.010519  ]
 [ -18.015474    102.132126     19.989481  ]
 [   0.14732617    0.02598379    0.        ]
 [   0.            0.            0.1496    ]]
Residual vector length: 200, Jacobian shape: (200, 6)
view   0 | SOD= 570.771 mm | SDD= 675.501 mm | M= 1.183 | incident=3.8197°
[[  99.119804   -561.54193     -25.008202  ]
 [ -18.04148     102.19689      19.991798  ]
 [   0.14732245    0.02600494    0.        ]
 [   0.            0.            0.1496    ]]

iter 16 cost=1.467726 -> 0.930496 |dtheta|=7.582509e-02  lambda=1.000e-06

============================================================
Iteration 17
============================================================
Theta offsets (Unity frame):
  Source   : dSx=   0.000, dSy=   0.000, dSz=   0.000  (mm)
  Object   : dOx= -10.002, dOy=   4.992, dOz= -18.772  (mm)
  Object offset: offset_x=   0.004, offset_z=  -0.005  (mm)
  Detector : dDx=   0.000, dDy=   0.000, dDz=   0.000  (mm)
  Obj Stage rotY :   10.011 deg
============================================================

Unity geometry (world coordinates):
  Source   : x=   0.000, y=  45.000, z=   0.000
  Object   : x=  -0.002, y=  19.992, z= 570.228
  Detector : x=   0.000, y=   0.000, z= 674.000
  Obj rotY :   0.0000 deg
view   0 | SOD= 570.771 mm | SDD= 675.501 mm | M= 1.183 | incident=3.8197°
[[  99.119804   -561.54193     -25.008202  ]
 [ -18.04148     102.19689      19.991798  ]
 [   0.14732245    0.02600494    0.        ]
 [   0.            0.            0.1496    ]]
Residual vector length: 200, Jacobian shape: (200, 6)
view   0 | SOD= 570.735 mm | SDD= 675.501 mm | M= 1.184 | incident=3.8197°
[[  99.13141    -561.5037      -25.008617  ]
 [ -18.04874     102.231804     19.991383  ]
 [   0.1473217     0.02600913    0.        ]
 [   0.            0.            0.1496    ]]

iter 17 cost=0.930496 -> 0.836039 |dtheta|=3.350543e-02  lambda=1.000e-06

============================================================
Iteration 18
============================================================
Theta offsets (Unity frame):
  Source   : dSx=   0.000, dSy=   0.000, dSz=   0.000  (mm)
  Object   : dOx= -10.003, dOy=   4.991, dOz= -18.805  (mm)
  Object offset: offset_x=   0.003, offset_z=  -0.007  (mm)
  Detector : dDx=   0.000, dDy=   0.000, dDz=   0.000  (mm)
  Obj Stage rotY :   10.012 deg
============================================================

Unity geometry (world coordinates):
  Source   : x=   0.000, y=  45.000, z=   0.000
  Object   : x=  -0.003, y=  19.991, z= 570.195
  Detector : x=   0.000, y=   0.000, z= 674.000
  Obj rotY :   0.0000 deg
view   0 | SOD= 570.735 mm | SDD= 675.501 mm | M= 1.184 | incident=3.8197°
[[  99.13141    -561.5037      -25.008617  ]
 [ -18.04874     102.231804     19.991383  ]
 [   0.1473217     0.02600913    0.        ]
 [   0.            0.            0.1496    ]]
Residual vector length: 200, Jacobian shape: (200, 6)
view   0 | SOD= 570.714 mm | SDD= 675.501 mm | M= 1.184 | incident=3.8197°
[[  99.08414    -561.48987     -25.008343  ]
 [ -18.044235    102.25478      19.991657  ]
 [   0.14732373    0.02599763    0.        ]
 [   0.            0.            0.1496    ]]

iter 18 cost=0.836039 -> 0.712248 |dtheta|=2.479121e-02  lambda=1.000e-06

============================================================
Iteration 19
============================================================
Theta offsets (Unity frame):
  Source   : dSx=   0.000, dSy=   0.000, dSz=   0.000  (mm)
  Object   : dOx= -10.003, dOy=   4.992, dOz= -18.830  (mm)
  Object offset: offset_x=   0.003, offset_z=  -0.005  (mm)
  Detector : dDx=   0.000, dDy=   0.000, dDz=   0.000  (mm)
  Obj Stage rotY :   10.008 deg
============================================================

Unity geometry (world coordinates):
  Source   : x=   0.000, y=  45.000, z=   0.000
  Object   : x=  -0.003, y=  19.992, z= 570.170
  Detector : x=   0.000, y=   0.000, z= 674.000
  Obj rotY :   0.0000 deg
view   0 | SOD= 570.714 mm | SDD= 675.501 mm | M= 1.184 | incident=3.8197°
[[  99.08414    -561.48987     -25.008343  ]
 [ -18.044235    102.25478      19.991657  ]
 [   0.14732373    0.02599763    0.        ]
 [   0.            0.            0.1496    ]]
Residual vector length: 200, Jacobian shape: (200, 6)
view   0 | SOD= 570.697 mm | SDD= 675.501 mm | M= 1.184 | incident=3.8197°
[[  98.996      -561.48895     -25.010052  ]
 [ -18.030787    102.27358      19.989948  ]
 [   0.1473277     0.02597509    0.        ]
 [   0.            0.            0.1496    ]]

iter 19 cost=0.712248 -> 0.734323 |dtheta|=1.794927e-02  lambda=1.000e-06

============================================================
Iteration 20
============================================================
Theta offsets (Unity frame):
  Source   : dSx=   0.000, dSy=   0.000, dSz=   0.000  (mm)
  Object   : dOx= -10.003, dOy=   4.992, dOz= -18.830  (mm)
  Object offset: offset_x=   0.003, offset_z=  -0.005  (mm)
  Detector : dDx=   0.000, dDy=   0.000, dDz=   0.000  (mm)
  Obj Stage rotY :   10.008 deg
============================================================

Unity geometry (world coordinates):
  Source   : x=   0.000, y=  45.000, z=   0.000
  Object   : x=  -0.003, y=  19.992, z= 570.170
  Detector : x=   0.000, y=   0.000, z= 674.000
  Obj rotY :   0.0000 deg
view   0 | SOD= 570.714 mm | SDD= 675.501 mm | M= 1.184 | incident=3.8197°
[[  99.08414    -561.48987     -25.008343  ]
 [ -18.044235    102.25478      19.991657  ]
 [   0.14732373    0.02599763    0.        ]
 [   0.            0.            0.1496    ]]
Residual vector length: 200, Jacobian shape: (200, 6)
view   0 | SOD= 570.697 mm | SDD= 675.501 mm | M= 1.184 | incident=3.8197°
[[  98.996      -561.48895     -25.010052  ]
 [ -18.030787    102.27358      19.989948  ]
 [   0.1473277     0.02597509    0.        ]
 [   0.            0.            0.1496    ]]

iter 20 cost=0.712248 -> 0.734323 |dtheta|=1.794927e-02  lambda=5.000e-06

============================================================
Iteration 21
============================================================
Theta offsets (Unity frame):
  Source   : dSx=   0.000, dSy=   0.000, dSz=   0.000  (mm)
  Object   : dOx= -10.003, dOy=   4.992, dOz= -18.830  (mm)
  Object offset: offset_x=   0.003, offset_z=  -0.005  (mm)
  Detector : dDx=   0.000, dDy=   0.000, dDz=   0.000  (mm)
  Obj Stage rotY :   10.008 deg
============================================================

Unity geometry (world coordinates):
  Source   : x=   0.000, y=  45.000, z=   0.000
  Object   : x=  -0.003, y=  19.992, z= 570.170
  Detector : x=   0.000, y=   0.000, z= 674.000
  Obj rotY :   0.0000 deg
view   0 | SOD= 570.714 mm | SDD= 675.501 mm | M= 1.184 | incident=3.8197°
[[  99.08414    -561.48987     -25.008343  ]
 [ -18.044235    102.25478      19.991657  ]
 [   0.14732373    0.02599763    0.        ]
 [   0.            0.            0.1496    ]]
Residual vector length: 200, Jacobian shape: (200, 6)
view   0 | SOD= 570.697 mm | SDD= 675.501 mm | M= 1.184 | incident=3.8197°
[[  98.996      -561.48895     -25.010052  ]
 [ -18.030787    102.27358      19.989948  ]
 [   0.1473277     0.02597509    0.        ]
 [   0.            0.            0.1496    ]]

iter 21 cost=0.712248 -> 0.734323 |dtheta|=1.794926e-02  lambda=2.500e-05

============================================================
Iteration 22
============================================================
Theta offsets (Unity frame):
  Source   : dSx=   0.000, dSy=   0.000, dSz=   0.000  (mm)
  Object   : dOx= -10.003, dOy=   4.992, dOz= -18.830  (mm)
  Object offset: offset_x=   0.003, offset_z=  -0.005  (mm)
  Detector : dDx=   0.000, dDy=   0.000, dDz=   0.000  (mm)
  Obj Stage rotY :   10.008 deg
============================================================

Unity geometry (world coordinates):
  Source   : x=   0.000, y=  45.000, z=   0.000
  Object   : x=  -0.003, y=  19.992, z= 570.170
  Detector : x=   0.000, y=   0.000, z= 674.000
  Obj rotY :   0.0000 deg
view   0 | SOD= 570.714 mm | SDD= 675.501 mm | M= 1.184 | incident=3.8197°
[[  99.08414    -561.48987     -25.008343  ]
 [ -18.044235    102.25478      19.991657  ]
 [   0.14732373    0.02599763    0.        ]
 [   0.            0.            0.1496    ]]
Residual vector length: 200, Jacobian shape: (200, 6)
view   0 | SOD= 570.697 mm | SDD= 675.501 mm | M= 1.184 | incident=3.8197°
[[  98.996      -561.48895     -25.010052  ]
 [ -18.030787    102.27358      19.989948  ]
 [   0.1473277     0.02597509    0.        ]
 [   0.            0.            0.1496    ]]

iter 22 cost=0.712248 -> 0.734323 |dtheta|=1.794925e-02  lambda=1.250e-04

============================================================
Iteration 23
============================================================
Theta offsets (Unity frame):
  Source   : dSx=   0.000, dSy=   0.000, dSz=   0.000  (mm)
  Object   : dOx= -10.003, dOy=   4.992, dOz= -18.830  (mm)
  Object offset: offset_x=   0.003, offset_z=  -0.005  (mm)
  Detector : dDx=   0.000, dDy=   0.000, dDz=   0.000  (mm)
  Obj Stage rotY :   10.008 deg
============================================================

Unity geometry (world coordinates):
  Source   : x=   0.000, y=  45.000, z=   0.000
  Object   : x=  -0.003, y=  19.992, z= 570.170
  Detector : x=   0.000, y=   0.000, z= 674.000
  Obj rotY :   0.0000 deg
view   0 | SOD= 570.714 mm | SDD= 675.501 mm | M= 1.184 | incident=3.8197°
[[  99.08414    -561.48987     -25.008343  ]
 [ -18.044235    102.25478      19.991657  ]
 [   0.14732373    0.02599763    0.        ]
 [   0.            0.            0.1496    ]]
Residual vector length: 200, Jacobian shape: (200, 6)
view   0 | SOD= 570.697 mm | SDD= 675.501 mm | M= 1.184 | incident=3.8197°
[[  98.996      -561.48895     -25.010052  ]
 [ -18.030787    102.27358      19.989948  ]
 [   0.1473277     0.02597509    0.        ]
 [   0.            0.            0.1496    ]]

iter 23 cost=0.712248 -> 0.734323 |dtheta|=1.794917e-02  lambda=6.250e-04

============================================================
Iteration 24
============================================================
Theta offsets (Unity frame):
  Source   : dSx=   0.000, dSy=   0.000, dSz=   0.000  (mm)
  Object   : dOx= -10.003, dOy=   4.992, dOz= -18.830  (mm)
  Object offset: offset_x=   0.003, offset_z=  -0.005  (mm)
  Detector : dDx=   0.000, dDy=   0.000, dDz=   0.000  (mm)
  Obj Stage rotY :   10.008 deg
============================================================

Unity geometry (world coordinates):
  Source   : x=   0.000, y=  45.000, z=   0.000
  Object   : x=  -0.003, y=  19.992, z= 570.170
  Detector : x=   0.000, y=   0.000, z= 674.000
  Obj rotY :   0.0000 deg
view   0 | SOD= 570.714 mm | SDD= 675.501 mm | M= 1.184 | incident=3.8197°
[[  99.08414    -561.48987     -25.008343  ]
 [ -18.044235    102.25478      19.991657  ]
 [   0.14732373    0.02599763    0.        ]
 [   0.            0.            0.1496    ]]
Residual vector length: 200, Jacobian shape: (200, 6)
view   0 | SOD= 570.697 mm | SDD= 675.501 mm | M= 1.184 | incident=3.8197°
[[  98.996      -561.48895     -25.010052  ]
 [ -18.030787    102.27358      19.989948  ]
 [   0.1473277     0.02597509    0.        ]
 [   0.            0.            0.1496    ]]

iter 24 cost=0.712248 -> 0.734323 |dtheta|=1.794880e-02  lambda=3.125e-03

============================================================
Iteration 25
============================================================
Theta offsets (Unity frame):
  Source   : dSx=   0.000, dSy=   0.000, dSz=   0.000  (mm)
  Object   : dOx= -10.003, dOy=   4.992, dOz= -18.830  (mm)
  Object offset: offset_x=   0.003, offset_z=  -0.005  (mm)
  Detector : dDx=   0.000, dDy=   0.000, dDz=   0.000  (mm)
  Obj Stage rotY :   10.008 deg
============================================================

Unity geometry (world coordinates):
  Source   : x=   0.000, y=  45.000, z=   0.000
  Object   : x=  -0.003, y=  19.992, z= 570.170
  Detector : x=   0.000, y=   0.000, z= 674.000
  Obj rotY :   0.0000 deg
view   0 | SOD= 570.714 mm | SDD= 675.501 mm | M= 1.184 | incident=3.8197°
[[  99.08414    -561.48987     -25.008343  ]
 [ -18.044235    102.25478      19.991657  ]
 [   0.14732373    0.02599763    0.        ]
 [   0.            0.            0.1496    ]]
Residual vector length: 200, Jacobian shape: (200, 6)
view   0 | SOD= 570.697 mm | SDD= 675.501 mm | M= 1.184 | incident=3.8197°
[[  98.996      -561.48895     -25.010052  ]
 [ -18.030787    102.27358      19.989948  ]
 [   0.1473277     0.02597509    0.        ]
 [   0.            0.            0.1496    ]]

iter 25 cost=0.712248 -> 0.734323 |dtheta|=1.794695e-02  lambda=1.562e-02

============================================================
Iteration 26
============================================================
Theta offsets (Unity frame):
  Source   : dSx=   0.000, dSy=   0.000, dSz=   0.000  (mm)
  Object   : dOx= -10.003, dOy=   4.992, dOz= -18.830  (mm)
  Object offset: offset_x=   0.003, offset_z=  -0.005  (mm)
  Detector : dDx=   0.000, dDy=   0.000, dDz=   0.000  (mm)
  Obj Stage rotY :   10.008 deg
============================================================

Unity geometry (world coordinates):
  Source   : x=   0.000, y=  45.000, z=   0.000
  Object   : x=  -0.003, y=  19.992, z= 570.170
  Detector : x=   0.000, y=   0.000, z= 674.000
  Obj rotY :   0.0000 deg
view   0 | SOD= 570.714 mm | SDD= 675.501 mm | M= 1.184 | incident=3.8197°
[[  99.08414    -561.48987     -25.008343  ]
 [ -18.044235    102.25478      19.991657  ]
 [   0.14732373    0.02599763    0.        ]
 [   0.            0.            0.1496    ]]
Residual vector length: 200, Jacobian shape: (200, 6)
view   0 | SOD= 570.697 mm | SDD= 675.501 mm | M= 1.184 | incident=3.8197°
[[  98.99602    -561.48895     -25.010052  ]
 [ -18.03079     102.27358      19.989948  ]
 [   0.1473277     0.02597509    0.        ]
 [   0.            0.            0.1496    ]]

iter 26 cost=0.712248 -> 0.734323 |dtheta|=1.793771e-02  lambda=7.812e-02

============================================================
Iteration 27
============================================================
Theta offsets (Unity frame):
  Source   : dSx=   0.000, dSy=   0.000, dSz=   0.000  (mm)
  Object   : dOx= -10.003, dOy=   4.992, dOz= -18.830  (mm)
  Object offset: offset_x=   0.003, offset_z=  -0.005  (mm)
  Detector : dDx=   0.000, dDy=   0.000, dDz=   0.000  (mm)
  Obj Stage rotY :   10.008 deg
============================================================

Unity geometry (world coordinates):
  Source   : x=   0.000, y=  45.000, z=   0.000
  Object   : x=  -0.003, y=  19.992, z= 570.170
  Detector : x=   0.000, y=   0.000, z= 674.000
  Obj rotY :   0.0000 deg
view   0 | SOD= 570.714 mm | SDD= 675.501 mm | M= 1.184 | incident=3.8197°
[[  99.08414    -561.48987     -25.008343  ]
 [ -18.044235    102.25478      19.991657  ]
 [   0.14732373    0.02599763    0.        ]
 [   0.            0.            0.1496    ]]
Residual vector length: 200, Jacobian shape: (200, 6)
view   0 | SOD= 570.698 mm | SDD= 675.501 mm | M= 1.184 | incident=3.8197°
[[  98.996086  -561.489      -25.010052 ]
 [ -18.030788   102.27352     19.989948 ]
 [   0.1473277    0.0259751    0.       ]
 [   0.           0.           0.1496   ]]

iter 27 cost=0.712248 -> 0.734323 |dtheta|=1.789167e-02  lambda=3.906e-01

============================================================
Iteration 28
============================================================
Theta offsets (Unity frame):
  Source   : dSx=   0.000, dSy=   0.000, dSz=   0.000  (mm)
  Object   : dOx= -10.003, dOy=   4.992, dOz= -18.830  (mm)
  Object offset: offset_x=   0.003, offset_z=  -0.005  (mm)
  Detector : dDx=   0.000, dDy=   0.000, dDz=   0.000  (mm)
  Obj Stage rotY :   10.008 deg
============================================================

Unity geometry (world coordinates):
  Source   : x=   0.000, y=  45.000, z=   0.000
  Object   : x=  -0.003, y=  19.992, z= 570.170
  Detector : x=   0.000, y=   0.000, z= 674.000
  Obj rotY :   0.0000 deg
view   0 | SOD= 570.714 mm | SDD= 675.501 mm | M= 1.184 | incident=3.8197°
[[  99.08414    -561.48987     -25.008343  ]
 [ -18.044235    102.25478      19.991657  ]
 [   0.14732373    0.02599763    0.        ]
 [   0.            0.            0.1496    ]]
Residual vector length: 200, Jacobian shape: (200, 6)
view   0 | SOD= 570.698 mm | SDD= 675.501 mm | M= 1.184 | incident=3.8197°
[[  98.996414   -561.4892      -25.010057  ]
 [ -18.030798    102.27327      19.989943  ]
 [   0.14732769    0.02597518    0.        ]
 [   0.            0.            0.1496    ]]

iter 28 cost=0.712248 -> 0.734323 |dtheta|=1.766600e-02  lambda=1.953e+00

============================================================
Iteration 29
============================================================
Theta offsets (Unity frame):
  Source   : dSx=   0.000, dSy=   0.000, dSz=   0.000  (mm)
  Object   : dOx= -10.003, dOy=   4.992, dOz= -18.830  (mm)
  Object offset: offset_x=   0.003, offset_z=  -0.005  (mm)
  Detector : dDx=   0.000, dDy=   0.000, dDz=   0.000  (mm)
  Obj Stage rotY :   10.008 deg
============================================================

Unity geometry (world coordinates):
  Source   : x=   0.000, y=  45.000, z=   0.000
  Object   : x=  -0.003, y=  19.992, z= 570.170
  Detector : x=   0.000, y=   0.000, z= 674.000
  Obj rotY :   0.0000 deg
view   0 | SOD= 570.714 mm | SDD= 675.501 mm | M= 1.184 | incident=3.8197°
[[  99.08414    -561.48987     -25.008343  ]
 [ -18.044235    102.25478      19.991657  ]
 [   0.14732373    0.02599763    0.        ]
 [   0.            0.            0.1496    ]]
Residual vector length: 200, Jacobian shape: (200, 6)
view   0 | SOD= 570.699 mm | SDD= 675.501 mm | M= 1.184 | incident=3.8197°
[[  98.99803    -561.49005     -25.01008   ]
 [ -18.03086     102.27214      19.98992   ]
 [   0.14732763    0.02597555    0.        ]
 [   0.            0.            0.1496    ]]

iter 29 cost=0.712248 -> 0.733978 |dtheta|=1.663969e-02  lambda=9.766e+00

============================================================
Iteration 30
============================================================
Theta offsets (Unity frame):
  Source   : dSx=   0.000, dSy=   0.000, dSz=   0.000  (mm)
  Object   : dOx= -10.003, dOy=   4.992, dOz= -18.830  (mm)
  Object offset: offset_x=   0.003, offset_z=  -0.005  (mm)
  Detector : dDx=   0.000, dDy=   0.000, dDz=   0.000  (mm)
  Obj Stage rotY :   10.008 deg
============================================================

Unity geometry (world coordinates):
  Source   : x=   0.000, y=  45.000, z=   0.000
  Object   : x=  -0.003, y=  19.992, z= 570.170
  Detector : x=   0.000, y=   0.000, z= 674.000
  Obj rotY :   0.0000 deg
view   0 | SOD= 570.714 mm | SDD= 675.501 mm | M= 1.184 | incident=3.8197°
[[  99.08414    -561.48987     -25.008343  ]
 [ -18.044235    102.25478      19.991657  ]
 [   0.14732373    0.02599763    0.        ]
 [   0.            0.            0.1496    ]]
Residual vector length: 200, Jacobian shape: (200, 6)
view   0 | SOD= 570.703 mm | SDD= 675.501 mm | M= 1.184 | incident=3.8197°
[[  99.005424   -561.49255     -25.010143  ]
 [ -18.03143     102.2682       19.989857  ]
 [   0.14732732    0.02597732    0.        ]
 [   0.            0.            0.1496    ]]

iter 30 cost=0.712248 -> 0.748060 |dtheta|=1.317472e-02  lambda=4.883e+01

============================================================
Iteration 31
============================================================
Theta offsets (Unity frame):
  Source   : dSx=   0.000, dSy=   0.000, dSz=   0.000  (mm)
  Object   : dOx= -10.003, dOy=   4.992, dOz= -18.830  (mm)
  Object offset: offset_x=   0.003, offset_z=  -0.005  (mm)
  Detector : dDx=   0.000, dDy=   0.000, dDz=   0.000  (mm)
  Obj Stage rotY :   10.008 deg
============================================================

Unity geometry (world coordinates):
  Source   : x=   0.000, y=  45.000, z=   0.000
  Object   : x=  -0.003, y=  19.992, z= 570.170
  Detector : x=   0.000, y=   0.000, z= 674.000
  Obj rotY :   0.0000 deg
view   0 | SOD= 570.714 mm | SDD= 675.501 mm | M= 1.184 | incident=3.8197°
[[  99.08414    -561.48987     -25.008343  ]
 [ -18.044235    102.25478      19.991657  ]
 [   0.14732373    0.02599763    0.        ]
 [   0.            0.            0.1496    ]]
Residual vector length: 200, Jacobian shape: (200, 6)
view   0 | SOD= 570.708 mm | SDD= 675.501 mm | M= 1.184 | incident=3.8197°
[[  99.0295     -561.49426     -25.010155  ]
 [ -18.034708    102.26167      19.989845  ]
 [   0.14732625    0.02598339    0.        ]
 [   0.            0.            0.1496    ]]

iter 31 cost=0.712248 -> 0.770113 |dtheta|=7.401205e-03  lambda=2.441e+02

============================================================
Iteration 32
============================================================
Theta offsets (Unity frame):
  Source   : dSx=   0.000, dSy=   0.000, dSz=   0.000  (mm)
  Object   : dOx= -10.003, dOy=   4.992, dOz= -18.830  (mm)
  Object offset: offset_x=   0.003, offset_z=  -0.005  (mm)
  Detector : dDx=   0.000, dDy=   0.000, dDz=   0.000  (mm)
  Obj Stage rotY :   10.008 deg
============================================================

Unity geometry (world coordinates):
  Source   : x=   0.000, y=  45.000, z=   0.000
  Object   : x=  -0.003, y=  19.992, z= 570.170
  Detector : x=   0.000, y=   0.000, z= 674.000
  Obj rotY :   0.0000 deg
view   0 | SOD= 570.714 mm | SDD= 675.501 mm | M= 1.184 | incident=3.8197°
[[  99.08414    -561.48987     -25.008343  ]
 [ -18.044235    102.25478      19.991657  ]
 [   0.14732373    0.02599763    0.        ]
 [   0.            0.            0.1496    ]]
Residual vector length: 200, Jacobian shape: (200, 6)
view   0 | SOD= 570.712 mm | SDD= 675.501 mm | M= 1.184 | incident=3.8197°
[[  99.0628     -561.49194     -25.009861  ]
 [ -18.040337    102.25715      19.990139  ]
 [   0.14732473    0.02599203    0.        ]
 [   0.            0.            0.1496    ]]

iter 32 cost=0.712248 -> 0.770353 |dtheta|=2.967932e-03  lambda=1.221e+03

============================================================
Iteration 33
============================================================
Theta offsets (Unity frame):
  Source   : dSx=   0.000, dSy=   0.000, dSz=   0.000  (mm)
  Object   : dOx= -10.003, dOy=   4.992, dOz= -18.830  (mm)
  Object offset: offset_x=   0.003, offset_z=  -0.005  (mm)
  Detector : dDx=   0.000, dDy=   0.000, dDz=   0.000  (mm)
  Obj Stage rotY :   10.008 deg
============================================================

Unity geometry (world coordinates):
  Source   : x=   0.000, y=  45.000, z=   0.000
  Object   : x=  -0.003, y=  19.992, z= 570.170
  Detector : x=   0.000, y=   0.000, z= 674.000
  Obj rotY :   0.0000 deg
view   0 | SOD= 570.714 mm | SDD= 675.501 mm | M= 1.184 | incident=3.8197°
[[  99.08414    -561.48987     -25.008343  ]
 [ -18.044235    102.25478      19.991657  ]
 [   0.14732373    0.02599763    0.        ]
 [   0.            0.            0.1496    ]]
Residual vector length: 200, Jacobian shape: (200, 6)
view   0 | SOD= 570.713 mm | SDD= 675.501 mm | M= 1.184 | incident=3.8197°
[[  99.07892    -561.4903      -25.00919   ]
 [ -18.043295    102.25545      19.99081   ]
 [   0.14732398    0.02599627    0.        ]
 [   0.            0.            0.1496    ]]

iter 33 cost=0.712248 -> 0.796983 |dtheta|=1.059563e-03  lambda=6.104e+03

============================================================
Iteration 34
============================================================
Theta offsets (Unity frame):
  Source   : dSx=   0.000, dSy=   0.000, dSz=   0.000  (mm)
  Object   : dOx= -10.003, dOy=   4.992, dOz= -18.830  (mm)
  Object offset: offset_x=   0.003, offset_z=  -0.005  (mm)
  Detector : dDx=   0.000, dDy=   0.000, dDz=   0.000  (mm)
  Obj Stage rotY :   10.008 deg
============================================================

Unity geometry (world coordinates):
  Source   : x=   0.000, y=  45.000, z=   0.000
  Object   : x=  -0.003, y=  19.992, z= 570.170
  Detector : x=   0.000, y=   0.000, z= 674.000
  Obj rotY :   0.0000 deg
view   0 | SOD= 570.714 mm | SDD= 675.501 mm | M= 1.184 | incident=3.8197°
[[  99.08414    -561.48987     -25.008343  ]
 [ -18.044235    102.25478      19.991657  ]
 [   0.14732373    0.02599763    0.        ]
 [   0.            0.            0.1496    ]]
Residual vector length: 200, Jacobian shape: (200, 6)
view   0 | SOD= 570.713 mm | SDD= 675.501 mm | M= 1.184 | incident=3.8197°
[[  99.083046   -561.4899      -25.00861   ]
 [ -18.044052    102.254944     19.99139   ]
 [   0.14732379    0.02599735    0.        ]
 [   0.            0.            0.1496    ]]

iter 34 cost=0.712248 -> 0.746465 |dtheta|=2.996475e-04  lambda=3.052e+04

============================================================
Iteration 35
============================================================
Theta offsets (Unity frame):
  Source   : dSx=   0.000, dSy=   0.000, dSz=   0.000  (mm)
  Object   : dOx= -10.003, dOy=   4.992, dOz= -18.830  (mm)
  Object offset: offset_x=   0.003, offset_z=  -0.005  (mm)
  Detector : dDx=   0.000, dDy=   0.000, dDz=   0.000  (mm)
  Obj Stage rotY :   10.008 deg
============================================================

Unity geometry (world coordinates):
  Source   : x=   0.000, y=  45.000, z=   0.000
  Object   : x=  -0.003, y=  19.992, z= 570.170
  Detector : x=   0.000, y=   0.000, z= 674.000
  Obj rotY :   0.0000 deg
view   0 | SOD= 570.714 mm | SDD= 675.501 mm | M= 1.184 | incident=3.8197°
[[  99.08414    -561.48987     -25.008343  ]
 [ -18.044235    102.25478      19.991657  ]
 [   0.14732373    0.02599763    0.        ]
 [   0.            0.            0.1496    ]]
Residual vector length: 200, Jacobian shape: (200, 6)
view   0 | SOD= 570.713 mm | SDD= 675.501 mm | M= 1.184 | incident=3.8197°
[[  99.08391    -561.4898      -25.008402  ]
 [ -18.044207    102.25485      19.991598  ]
 [   0.14732374    0.02599758    0.        ]
 [   0.            0.            0.1496    ]]

iter 35 cost=0.712248 -> 0.743865 |dtheta|=6.644257e-05  lambda=1.526e+05

============================================================
Iteration 36
============================================================
Theta offsets (Unity frame):
  Source   : dSx=   0.000, dSy=   0.000, dSz=   0.000  (mm)
  Object   : dOx= -10.003, dOy=   4.992, dOz= -18.830  (mm)
  Object offset: offset_x=   0.003, offset_z=  -0.005  (mm)
  Detector : dDx=   0.000, dDy=   0.000, dDz=   0.000  (mm)
  Obj Stage rotY :   10.008 deg
============================================================

Unity geometry (world coordinates):
  Source   : x=   0.000, y=  45.000, z=   0.000
  Object   : x=  -0.003, y=  19.992, z= 570.170
  Detector : x=   0.000, y=   0.000, z= 674.000
  Obj rotY :   0.0000 deg
view   0 | SOD= 570.714 mm | SDD= 675.501 mm | M= 1.184 | incident=3.8197°
[[  99.08414    -561.48987     -25.008343  ]
 [ -18.044235    102.25478      19.991657  ]
 [   0.14732373    0.02599763    0.        ]
 [   0.            0.            0.1496    ]]
Residual vector length: 200, Jacobian shape: (200, 6)
view   0 | SOD= 570.714 mm | SDD= 675.501 mm | M= 1.184 | incident=3.8197°
[[  99.08409    -561.48987     -25.008354  ]
 [ -18.044228    102.25479      19.991646  ]
 [   0.14732374    0.02599762    0.        ]
 [   0.            0.            0.1496    ]]

iter 36 cost=0.712248 -> 0.714147 |dtheta|=1.359435e-05  lambda=7.629e+05

============================================================
Iteration 37
============================================================
Theta offsets (Unity frame):
  Source   : dSx=   0.000, dSy=   0.000, dSz=   0.000  (mm)
  Object   : dOx= -10.003, dOy=   4.992, dOz= -18.830  (mm)
  Object offset: offset_x=   0.003, offset_z=  -0.005  (mm)
  Detector : dDx=   0.000, dDy=   0.000, dDz=   0.000  (mm)
  Obj Stage rotY :   10.008 deg
============================================================

Unity geometry (world coordinates):
  Source   : x=   0.000, y=  45.000, z=   0.000
  Object   : x=  -0.003, y=  19.992, z= 570.170
  Detector : x=   0.000, y=   0.000, z= 674.000
  Obj rotY :   0.0000 deg
view   0 | SOD= 570.714 mm | SDD= 675.501 mm | M= 1.184 | incident=3.8197°
[[  99.08414    -561.48987     -25.008343  ]
 [ -18.044235    102.25478      19.991657  ]
 [   0.14732373    0.02599763    0.        ]
 [   0.            0.            0.1496    ]]
Residual vector length: 200, Jacobian shape: (200, 6)
view   0 | SOD= 570.714 mm | SDD= 675.501 mm | M= 1.184 | incident=3.8197°
[[  99.0841     -561.48987     -25.00835   ]
 [ -18.04423     102.25478      19.99165   ]
 [   0.14732374    0.02599762    0.        ]
 [   0.            0.            0.1496    ]]

iter 37 cost=0.712248 -> 0.712248 |dtheta|=1.038592e-05  lambda=1.000e+06

============================================================
Iteration 38
============================================================
Theta offsets (Unity frame):
  Source   : dSx=   0.000, dSy=   0.000, dSz=   0.000  (mm)
  Object   : dOx= -10.003, dOy=   4.992, dOz= -18.830  (mm)
  Object offset: offset_x=   0.003, offset_z=  -0.005  (mm)
  Detector : dDx=   0.000, dDy=   0.000, dDz=   0.000  (mm)
  Obj Stage rotY :   10.008 deg
============================================================

Unity geometry (world coordinates):
  Source   : x=   0.000, y=  45.000, z=   0.000
  Object   : x=  -0.003, y=  19.992, z= 570.170
  Detector : x=   0.000, y=   0.000, z= 674.000
  Obj rotY :   0.0000 deg
view   0 | SOD= 570.714 mm | SDD= 675.501 mm | M= 1.184 | incident=3.8197°
[[  99.08414    -561.48987     -25.008343  ]
 [ -18.044235    102.25478      19.991657  ]
 [   0.14732373    0.02599763    0.        ]
 [   0.            0.            0.1496    ]]
Residual vector length: 200, Jacobian shape: (200, 6)
view   0 | SOD= 570.714 mm | SDD= 675.501 mm | M= 1.184 | incident=3.8197°
[[  99.0841     -561.48987     -25.00835   ]
 [ -18.04423     102.25478      19.99165   ]
 [   0.14732374    0.02599762    0.        ]
 [   0.            0.            0.1496    ]]

iter 38 cost=0.712248 -> 0.712248 |dtheta|=1.038592e-05  lambda=1.000e+06

============================================================
Iteration 39
============================================================
Theta offsets (Unity frame):
  Source   : dSx=   0.000, dSy=   0.000, dSz=   0.000  (mm)
  Object   : dOx= -10.003, dOy=   4.992, dOz= -18.830  (mm)
  Object offset: offset_x=   0.003, offset_z=  -0.005  (mm)
  Detector : dDx=   0.000, dDy=   0.000, dDz=   0.000  (mm)
  Obj Stage rotY :   10.008 deg
============================================================

Unity geometry (world coordinates):
  Source   : x=   0.000, y=  45.000, z=   0.000
  Object   : x=  -0.003, y=  19.992, z= 570.170
  Detector : x=   0.000, y=   0.000, z= 674.000
  Obj rotY :   0.0000 deg
view   0 | SOD= 570.714 mm | SDD= 675.501 mm | M= 1.184 | incident=3.8197°
[[  99.08414    -561.48987     -25.008343  ]
 [ -18.044235    102.25478      19.991657  ]
 [   0.14732373    0.02599763    0.        ]
 [   0.            0.            0.1496    ]]
Residual vector length: 200, Jacobian shape: (200, 6)
view   0 | SOD= 570.714 mm | SDD= 675.501 mm | M= 1.184 | incident=3.8197°
[[  99.0841     -561.48987     -25.00835   ]
 [ -18.04423     102.25478      19.99165   ]
 [   0.14732374    0.02599762    0.        ]
 [   0.            0.            0.1496    ]]

iter 39 cost=0.712248 -> 0.712248 |dtheta|=1.038592e-05  lambda=1.000e+06

============================================================
Iteration 40
============================================================
Theta offsets (Unity frame):
  Source   : dSx=   0.000, dSy=   0.000, dSz=   0.000  (mm)
  Object   : dOx= -10.003, dOy=   4.992, dOz= -18.830  (mm)
  Object offset: offset_x=   0.003, offset_z=  -0.005  (mm)
  Detector : dDx=   0.000, dDy=   0.000, dDz=   0.000  (mm)
  Obj Stage rotY :   10.008 deg
============================================================

Unity geometry (world coordinates):
  Source   : x=   0.000, y=  45.000, z=   0.000
  Object   : x=  -0.003, y=  19.992, z= 570.170
  Detector : x=   0.000, y=   0.000, z= 674.000
  Obj rotY :   0.0000 deg
view   0 | SOD= 570.714 mm | SDD= 675.501 mm | M= 1.184 | incident=3.8197°
[[  99.08414    -561.48987     -25.008343  ]
 [ -18.044235    102.25478      19.991657  ]
 [   0.14732373    0.02599763    0.        ]
 [   0.            0.            0.1496    ]]
Residual vector length: 200, Jacobian shape: (200, 6)
view   0 | SOD= 570.714 mm | SDD= 675.501 mm | M= 1.184 | incident=3.8197°
[[  99.0841     -561.48987     -25.00835   ]
 [ -18.04423     102.25478      19.99165   ]
 [   0.14732374    0.02599762    0.        ]
 [   0.            0.            0.1496    ]]

iter 40 cost=0.712248 -> 0.712248 |dtheta|=1.038592e-05  lambda=1.000e+06

============================================================
Iteration 41
============================================================
Theta offsets (Unity frame):
  Source   : dSx=   0.000, dSy=   0.000, dSz=   0.000  (mm)
  Object   : dOx= -10.003, dOy=   4.992, dOz= -18.830  (mm)
  Object offset: offset_x=   0.003, offset_z=  -0.005  (mm)
  Detector : dDx=   0.000, dDy=   0.000, dDz=   0.000  (mm)
  Obj Stage rotY :   10.008 deg
============================================================

Unity geometry (world coordinates):
  Source   : x=   0.000, y=  45.000, z=   0.000
  Object   : x=  -0.003, y=  19.992, z= 570.170
  Detector : x=   0.000, y=   0.000, z= 674.000
  Obj rotY :   0.0000 deg
view   0 | SOD= 570.714 mm | SDD= 675.501 mm | M= 1.184 | incident=3.8197°
[[  99.08414    -561.48987     -25.008343  ]
 [ -18.044235    102.25478      19.991657  ]
 [   0.14732373    0.02599763    0.        ]
 [   0.            0.            0.1496    ]]
Residual vector length: 200, Jacobian shape: (200, 6)
view   0 | SOD= 570.714 mm | SDD= 675.501 mm | M= 1.184 | incident=3.8197°
[[  99.0841     -561.48987     -25.00835   ]
 [ -18.04423     102.25478      19.99165   ]
 [   0.14732374    0.02599762    0.        ]
 [   0.            0.            0.1496    ]]

iter 41 cost=0.712248 -> 0.712248 |dtheta|=1.038592e-05  lambda=1.000e+06

============================================================
Iteration 42
============================================================
Theta offsets (Unity frame):
  Source   : dSx=   0.000, dSy=   0.000, dSz=   0.000  (mm)
  Object   : dOx= -10.003, dOy=   4.992, dOz= -18.830  (mm)
  Object offset: offset_x=   0.003, offset_z=  -0.005  (mm)
  Detector : dDx=   0.000, dDy=   0.000, dDz=   0.000  (mm)
  Obj Stage rotY :   10.008 deg
============================================================

Unity geometry (world coordinates):
  Source   : x=   0.000, y=  45.000, z=   0.000
  Object   : x=  -0.003, y=  19.992, z= 570.170
  Detector : x=   0.000, y=   0.000, z= 674.000
  Obj rotY :   0.0000 deg
view   0 | SOD= 570.714 mm | SDD= 675.501 mm | M= 1.184 | incident=3.8197°
[[  99.08414    -561.48987     -25.008343  ]
 [ -18.044235    102.25478      19.991657  ]
 [   0.14732373    0.02599763    0.        ]
 [   0.            0.            0.1496    ]]
Residual vector length: 200, Jacobian shape: (200, 6)
view   0 | SOD= 570.714 mm | SDD= 675.501 mm | M= 1.184 | incident=3.8197°
[[  99.0841     -561.48987     -25.00835   ]
 [ -18.04423     102.25478      19.99165   ]
 [   0.14732374    0.02599762    0.        ]
 [   0.            0.            0.1496    ]]

iter 42 cost=0.712248 -> 0.712248 |dtheta|=1.038592e-05  lambda=1.000e+06

============================================================
Iteration 43
============================================================
Theta offsets (Unity frame):
  Source   : dSx=   0.000, dSy=   0.000, dSz=   0.000  (mm)
  Object   : dOx= -10.003, dOy=   4.992, dOz= -18.830  (mm)
  Object offset: offset_x=   0.003, offset_z=  -0.005  (mm)
  Detector : dDx=   0.000, dDy=   0.000, dDz=   0.000  (mm)
  Obj Stage rotY :   10.008 deg
============================================================

Unity geometry (world coordinates):
  Source   : x=   0.000, y=  45.000, z=   0.000
  Object   : x=  -0.003, y=  19.992, z= 570.170
  Detector : x=   0.000, y=   0.000, z= 674.000
  Obj rotY :   0.0000 deg
view   0 | SOD= 570.714 mm | SDD= 675.501 mm | M= 1.184 | incident=3.8197°
[[  99.08414    -561.48987     -25.008343  ]
 [ -18.044235    102.25478      19.991657  ]
 [   0.14732373    0.02599763    0.        ]
 [   0.            0.            0.1496    ]]
Residual vector length: 200, Jacobian shape: (200, 6)
view   0 | SOD= 570.714 mm | SDD= 675.501 mm | M= 1.184 | incident=3.8197°
[[  99.0841     -561.48987     -25.00835   ]
 [ -18.04423     102.25478      19.99165   ]
 [   0.14732374    0.02599762    0.        ]
 [   0.            0.            0.1496    ]]

iter 43 cost=0.712248 -> 0.712248 |dtheta|=1.038592e-05  lambda=1.000e+06
Stalled.

Estimated theta:
  dSx: +0.000000
  dSy: +0.000000
  dOx: -10.003380
  dOy: +4.991658
  dOz: -18.829747
  dDx: +0.000000
  dDy: +0.000000
  dDz: +0.000000
alpha: +1.000773e+01 deg)
offset_x: +0.003125
offset_z: -0.004907

Final cost table:
Fake theta: [  0.   0. -10.   5. -19.   0.   0.   0.  10.   0.   0.]
Final estimated theta: [  0.           0.         -10.00338012   4.99165793 -18.82974701
   0.           0.           0.          10.00772562   0.00312541
  -0.00490701]
Diff from Expected: [ 0.          0.         -0.00338012 -0.00834207  0.17025299  0.
  0.          0.          0.00772562  0.00312541 -0.00490701]
################################################################################

