Phantom already exists, skipping: cuboid_phantom_6_normal.npy

################################################################################
Running cuboid=normal scenario=G2 N_ANGLES=18, K=6
view   0 | SOD= 560.647 mm | SDD= 761.018 mm | M= 1.357 | incident=2.9645°
[[ 135.2794     -543.50665     -25.        ]
 [ -44.036404    195.25572      10.        ]
 [   0.1445025     0.03871933    0.        ]
 [   0.            0.            0.1496    ]]
               x1        y1  area1          x2        y2  area2          x3        y3  area3          x4         y4  area4          x5        y5  area5          x6         y6  area6
range  333.179286  1.316484  109.0  247.690408  3.898839  125.0  184.720183  6.419284   64.0  309.103683  16.908577   99.0  132.276228  9.804744   53.0  333.236922  30.259722  100.0
FAILURE!!!! Some beads might have been misidentified
           image          x1          y1  area1          x2          y2  area2          x3          y3  area3          x4          y4  area4          x5          y5  area5          x6          y6  area6
0   proj_000.png  473.124473  126.729958    474  359.123711  226.734536    388  403.275534  320.615202    421  506.154613  413.785536    401  513.968900  519.129187    418  473.246667  632.600000    450
1   proj_001.png  413.427673  126.740042    477  334.453846  226.241026    390  432.972540  320.171625    437  551.415344  415.391534    378  511.868235  520.790588    425  413.387931  632.596983    464
2   proj_002.png  357.993407  126.683516    455  323.790361  225.506024    415  464.477108  320.221687    415  584.520619  417.603093    388  501.895692  522.331066    441  357.953642  630.609272    453
3   proj_003.png  314.486900  127.050218    458  328.158879  224.932243    428  494.275120  320.770335    418  601.980998  420.427553    421  485.088889  523.457778    450  314.481400  626.838074    457
4   proj_004.png  288.025404  127.267898    433  346.883333  224.197619    420  518.395294  321.296471    425  601.253456  423.347926    434  463.568807  524.135321    436  288.000000  622.000000    437
5   proj_005.png  281.535000  127.405000    400  377.145199  223.789227    427  534.502242  322.374439    446  581.502193  426.087719    456  440.309368  524.287582    459  281.519704  616.578818    406
6   proj_006.png  294.846547  127.677749    391  415.672854  223.529002    431  540.366972  323.442661    436  544.849138  428.321121    464  417.919321  523.596603    471  294.891753  611.481959    388
7   proj_007.png  325.940217  127.850543    368  457.827051  223.505543    451  534.856471  324.576471    425  495.601677  429.622642    477  399.181619  522.667396    457  325.972527  607.010989    364
8   proj_008.png  371.024876  127.932836    402  498.826190  223.745238    420  518.631818  325.497727    440  440.486141  430.021322    469  386.614865  521.279279    444  371.164141  603.871212    396
9   proj_009.png  424.158508  128.000000    429  533.708223  224.047745    377  493.993576  326.340471    467  386.295154  429.321586    454  381.692671  519.539007    423  424.310185  602.340278    432
10  proj_010.png  480.218527  127.961995    421  559.190840  224.603053    393  463.371550  326.501062    471  339.926471  427.639706    408  384.286396  517.854415    419  480.191489  602.799054    423
11  proj_011.png  532.919811  127.891509    424  571.480769  225.168269    416  430.616883  326.590909    462  307.473193  425.027972    429  394.884091  516.354545    440  532.921615  604.707838    421
12  proj_012.png  576.011848  127.758294    422  569.161364  225.979545    440  400.107623  326.242152    446  292.877315  422.256944    432  411.611374  515.194313    422  576.004773  608.038186    419
13  proj_013.png  604.532558  127.541860    430  551.687783  226.500000    442  375.605856  325.448198    444  296.852732  419.313539    421  432.615752  514.620525    419  604.733491  612.801887    424
14  proj_014.png  614.714286  127.351090    413  521.450431  227.000000    464  360.118834  324.349776    446  318.905660  416.669811    424  455.324943  514.482838    437  614.756627  617.963855    415
15  proj_015.png  604.926108  127.098522    406  481.540598  227.378205    468  355.646789  323.217890    436  355.768675  414.696386    415  477.298206  515.065022    446  604.879699  623.363409    399
16  proj_016.png  575.437975  127.010127    395  437.587649  227.404382    502  362.140049  322.159705    407  402.881517  413.464455    422  495.711009  516.105505    436  575.434447  627.994859    389
17  proj_017.png  529.122010  126.897129    418  394.655702  227.280702    456  378.748201  321.055156    417  454.899510  413.112745    408  508.627907  517.474419    430  529.196602  631.269417    412

============================================================
Iteration 0
============================================================
Theta offsets (Unity frame):
  Source   : dSx=   0.000, dSy=   0.000, dSz=   0.000  (mm)
  Object   : dOx=   0.000, dOy=   0.000, dOz=   0.000  (mm)
  Object offset: offset_x=   0.000, offset_z=   0.000  (mm)
  Detector : dDx=   0.000, dDy=   0.000, dDz=   0.000  (mm)
  Obj Stage rotY :    0.000 deg
============================================================

Unity geometry (world coordinates):
  Source   : x= -10.000, y=  55.000, z=   0.000
  Object   : x=  15.000, y=  42.000, z= 582.000
  Detector : x=   8.000, y=  20.000, z= 760.000
  Obj rotY :   0.0000 deg
view   0 | SOD= 582.682 mm | SDD= 761.018 mm | M= 1.306 | incident=2.9645°
[[ -25.     -582.      -13.    ]
 [  -7.      178.       22.    ]
 [   0.1496    0.        0.    ]
 [   0.        0.        0.1496]]
Residual vector length: 486, Jacobian shape: (486, 6)
view   0 | SOD= 581.600 mm | SDD= 761.018 mm | M= 1.308 | incident=2.9645°
[[  68.87784    -577.14197     -20.538834  ]
 [ -24.25795     177.34445      14.461166  ]
 [   0.14799747    0.02183825    0.        ]
 [   0.            0.            0.1496    ]]

iter 00 cost=1678448.574551 -> 283117.765148 |dtheta|=1.451885e+01  lambda=1.000e-02

============================================================
Iteration 1
============================================================
Theta offsets (Unity frame):
  Source   : dSx=   0.000, dSy=   0.000, dSz=   0.000  (mm)
  Object   : dOx=  -9.108, dOy=  -7.539, dOz=  -0.562  (mm)
  Object offset: offset_x=   0.218, offset_z=  -0.423  (mm)
  Detector : dDx=   0.000, dDy=   0.000, dDz=   0.000  (mm)
  Obj Stage rotY :    8.394 deg
============================================================

Unity geometry (world coordinates):
  Source   : x= -10.000, y=  55.000, z=   0.000
  Object   : x=   5.892, y=  34.461, z= 581.438
  Detector : x=   8.000, y=  20.000, z= 760.000
  Obj rotY :   0.0000 deg
view   0 | SOD= 581.600 mm | SDD= 761.018 mm | M= 1.308 | incident=2.9645°
[[  68.87784    -577.14197     -20.538834  ]
 [ -24.25795     177.34445      14.461166  ]
 [   0.14799747    0.02183825    0.        ]
 [   0.            0.            0.1496    ]]
Residual vector length: 486, Jacobian shape: (486, 6)
view   0 | SOD= 577.322 mm | SDD= 761.018 mm | M= 1.318 | incident=2.9645°
[[ 102.23697    -567.68384     -24.148228  ]
 [ -30.953312    180.7708       10.851772  ]
 [   0.1466242     0.02969013    0.        ]
 [   0.            0.            0.1496    ]]

iter 01 cost=283117.765148 -> 43696.154601 |dtheta|=7.363907e+00  lambda=3.333e-03

============================================================
Iteration 2
============================================================
Theta offsets (Unity frame):
  Source   : dSx=   0.000, dSy=   0.000, dSz=   0.000  (mm)
  Object   : dOx= -12.833, dOy= -11.148, dOz=  -4.804  (mm)
  Object offset: offset_x=   0.294, offset_z=  -0.514  (mm)
  Detector : dDx=   0.000, dDy=   0.000, dDz=   0.000  (mm)
  Obj Stage rotY :   11.447 deg
============================================================

Unity geometry (world coordinates):
  Source   : x= -10.000, y=  55.000, z=   0.000
  Object   : x=   2.167, y=  30.852, z= 577.196
  Detector : x=   8.000, y=  20.000, z= 760.000
  Obj rotY :   0.0000 deg
view   0 | SOD= 577.322 mm | SDD= 761.018 mm | M= 1.318 | incident=2.9645°
[[ 102.23697    -567.68384     -24.148228  ]
 [ -30.953312    180.7708       10.851772  ]
 [   0.1466242     0.02969013    0.        ]
 [   0.            0.            0.1496    ]]
Residual vector length: 486, Jacobian shape: (486, 6)
view   0 | SOD= 574.751 mm | SDD= 761.018 mm | M= 1.324 | incident=2.9645°
[[ 114.355      -562.7061      -24.964418  ]
 [ -33.512527    182.98764      10.035582  ]
 [   0.14601266    0.03256475    0.        ]
 [   0.            0.            0.1496    ]]

iter 02 cost=43696.154601 -> 14490.964426 |dtheta|=3.503675e+00  lambda=1.111e-03

============================================================
Iteration 3
============================================================
Theta offsets (Unity frame):
  Source   : dSx=   0.000, dSy=   0.000, dSz=   0.000  (mm)
  Object   : dOx= -14.088, dOy= -11.964, dOz=  -7.727  (mm)
  Object offset: offset_x=  -0.036, offset_z=  -0.168  (mm)
  Detector : dDx=   0.000, dDy=   0.000, dDz=   0.000  (mm)
  Obj Stage rotY :   12.573 deg
============================================================

Unity geometry (world coordinates):
  Source   : x= -10.000, y=  55.000, z=   0.000
  Object   : x=   0.912, y=  30.036, z= 574.273
  Detector : x=   8.000, y=  20.000, z= 760.000
  Obj rotY :   0.0000 deg
view   0 | SOD= 574.751 mm | SDD= 761.018 mm | M= 1.324 | incident=2.9645°
[[ 114.355      -562.7061      -24.964418  ]
 [ -33.512527    182.98764      10.035582  ]
 [   0.14601266    0.03256475    0.        ]
 [   0.            0.            0.1496    ]]
Residual vector length: 486, Jacobian shape: (486, 6)
view   0 | SOD= 573.631 mm | SDD= 761.018 mm | M= 1.327 | incident=2.9645°
[[ 120.13845    -560.3435      -25.186886  ]
 [ -35.184902    183.83298       9.813114  ]
 [   0.14567943    0.03402448    0.        ]
 [   0.            0.            0.1496    ]]

iter 03 cost=14490.964426 -> 9360.173108 |dtheta|=1.429528e+00  lambda=3.704e-04

============================================================
Iteration 4
============================================================
Theta offsets (Unity frame):
  Source   : dSx=   0.000, dSy=   0.000, dSz=   0.000  (mm)
  Object   : dOx= -14.498, dOy= -12.187, dOz=  -8.946  (mm)
  Object offset: offset_x=  -0.049, offset_z=  -0.072  (mm)
  Detector : dDx=   0.000, dDy=   0.000, dDz=   0.000  (mm)
  Obj Stage rotY :   13.146 deg
============================================================

Unity geometry (world coordinates):
  Source   : x= -10.000, y=  55.000, z=   0.000
  Object   : x=   0.502, y=  29.813, z= 573.054
  Detector : x=   8.000, y=  20.000, z= 760.000
  Obj rotY :   0.0000 deg
view   0 | SOD= 573.631 mm | SDD= 761.018 mm | M= 1.327 | incident=2.9645°
[[ 120.13845    -560.3435      -25.186886  ]
 [ -35.184902    183.83298       9.813114  ]
 [   0.14567943    0.03402448    0.        ]
 [   0.            0.            0.1496    ]]
Residual vector length: 486, Jacobian shape: (486, 6)
view   0 | SOD= 571.803 mm | SDD= 761.018 mm | M= 1.331 | incident=2.9645°
[[ 126.12794    -557.1428      -25.340616  ]
 [ -37.553783    185.24002       9.659384  ]
 [   0.14528762    0.03566048    0.        ]
 [   0.            0.            0.1496    ]]

iter 04 cost=9360.173108 -> 5982.844693 |dtheta|=2.000201e+00  lambda=1.235e-04

============================================================
Iteration 5
============================================================
Theta offsets (Unity frame):
  Source   : dSx=   0.000, dSy=   0.000, dSz=   0.000  (mm)
  Object   : dOx= -14.696, dOy= -12.341, dOz= -10.821  (mm)
  Object offset: offset_x=   0.011, offset_z=  -0.031  (mm)
  Detector : dDx=   0.000, dDy=   0.000, dDz=   0.000  (mm)
  Obj Stage rotY :   13.790 deg
============================================================

Unity geometry (world coordinates):
  Source   : x= -10.000, y=  55.000, z=   0.000
  Object   : x=   0.304, y=  29.659, z= 571.179
  Detector : x=   8.000, y=  20.000, z= 760.000
  Obj rotY :   0.0000 deg
view   0 | SOD= 571.803 mm | SDD= 761.018 mm | M= 1.331 | incident=2.9645°
[[ 126.12794    -557.1428      -25.340616  ]
 [ -37.553783    185.24002       9.659384  ]
 [   0.14528762    0.03566048    0.        ]
 [   0.            0.            0.1496    ]]
Residual vector length: 486, Jacobian shape: (486, 6)
view   0 | SOD= 569.193 mm | SDD= 761.018 mm | M= 1.337 | incident=2.9645°
[[ 131.64638    -553.1776      -25.396698  ]
 [ -39.965538    187.41228       9.603302  ]
 [   0.14489792    0.03721225    0.        ]
 [   0.            0.            0.1496    ]]

iter 05 cost=5982.844693 -> 3290.800042 |dtheta|=2.666970e+00  lambda=4.115e-05

============================================================
Iteration 6
============================================================
Theta offsets (Unity frame):
  Source   : dSx=   0.000, dSy=   0.000, dSz=   0.000  (mm)
  Object   : dOx= -14.887, dOy= -12.397, dOz= -13.409  (mm)
  Object offset: offset_x=  -0.021, offset_z=  -0.054  (mm)
  Detector : dDx=   0.000, dDy=   0.000, dDz=   0.000  (mm)
  Obj Stage rotY :   14.403 deg
============================================================

Unity geometry (world coordinates):
  Source   : x= -10.000, y=  55.000, z=   0.000
  Object   : x=   0.113, y=  29.603, z= 568.591
  Detector : x=   8.000, y=  20.000, z= 760.000
  Obj rotY :   0.0000 deg
view   0 | SOD= 569.193 mm | SDD= 761.018 mm | M= 1.337 | incident=2.9645°
[[ 131.64638    -553.1776      -25.396698  ]
 [ -39.965538    187.41228       9.603302  ]
 [   0.14489792    0.03721225    0.        ]
 [   0.            0.            0.1496    ]]
Residual vector length: 486, Jacobian shape: (486, 6)
view   0 | SOD= 567.743 mm | SDD= 761.018 mm | M= 1.340 | incident=2.9645°
[[ 134.93042    -550.89636     -25.2895    ]
 [ -41.67775     188.51794       9.710501  ]
 [   0.14464338    0.03818969    0.        ]
 [   0.            0.            0.1496    ]]

iter 06 cost=3290.800042 -> 2234.621749 |dtheta|=1.511882e+00  lambda=1.372e-05

============================================================
Iteration 7
============================================================
Theta offsets (Unity frame):
  Source   : dSx=   0.000, dSy=   0.000, dSz=   0.000  (mm)
  Object   : dOx= -14.844, dOy= -12.289, dOz= -14.866  (mm)
  Object offset: offset_x=   0.016, offset_z=  -0.046  (mm)
  Detector : dDx=   0.000, dDy=   0.000, dDz=   0.000  (mm)
  Obj Stage rotY :   14.790 deg
============================================================

Unity geometry (world coordinates):
  Source   : x= -10.000, y=  55.000, z=   0.000
  Object   : x=   0.156, y=  29.711, z= 567.134
  Detector : x=   8.000, y=  20.000, z= 760.000
  Obj rotY :   0.0000 deg
view   0 | SOD= 567.743 mm | SDD= 761.018 mm | M= 1.340 | incident=2.9645°
[[ 134.93042    -550.89636     -25.2895    ]
 [ -41.67775     188.51794       9.710501  ]
 [   0.14464338    0.03818969    0.        ]
 [   0.            0.            0.1496    ]]
Residual vector length: 486, Jacobian shape: (486, 6)
view   0 | SOD= 567.025 mm | SDD= 761.018 mm | M= 1.342 | incident=2.9645°
[[ 134.95111    -550.14777     -25.346199  ]
 [ -42.023113    189.17902       9.653801  ]
 [   0.14462446    0.03826129    0.        ]
 [   0.            0.            0.1496    ]]

iter 07 cost=2234.621749 -> 1860.712379 |dtheta|=7.158550e-01  lambda=4.572e-06

============================================================
Iteration 8
============================================================
Theta offsets (Unity frame):
  Source   : dSx=   0.000, dSy=   0.000, dSz=   0.000  (mm)
  Object   : dOx= -14.876, dOy= -12.346, dOz= -15.570  (mm)
  Object offset: offset_x=   0.117, offset_z=  -0.064  (mm)
  Detector : dDx=   0.000, dDy=   0.000, dDz=   0.000  (mm)
  Obj Stage rotY :   14.818 deg
============================================================

Unity geometry (world coordinates):
  Source   : x= -10.000, y=  55.000, z=   0.000
  Object   : x=   0.124, y=  29.654, z= 566.430
  Detector : x=   8.000, y=  20.000, z= 760.000
  Obj rotY :   0.0000 deg
view   0 | SOD= 567.025 mm | SDD= 761.018 mm | M= 1.342 | incident=2.9645°
[[ 134.95111    -550.14777     -25.346199  ]
 [ -42.023113    189.17902       9.653801  ]
 [   0.14462446    0.03826129    0.        ]
 [   0.            0.            0.1496    ]]
               x1       y1  area1          x2        y2  area2          x3        y3  area3          x4         y4  area4          x5        y5  area5          x6         y6  area6
range  328.814336  1.02311  112.0  242.277986  4.002453  122.0  182.398438  6.481219   73.0  307.670725  16.683118  111.0  133.053019  9.388656   51.0  328.791728  30.041818   85.0
FAILURE!!!! Some beads might have been misidentified
               x1        y1  area1          x2        y2  area2          x3        y3  area3          x4         y4  area4          x5        y5  area5         x6         y6  area6
range  328.815955  1.041423  112.0  242.358212  3.961948  121.0  182.586991  6.428505   70.0  307.700713  16.702085  109.0  133.125082  9.386226   50.0  328.83844  30.060139   91.0
FAILURE!!!! Some beads might have been misidentified
               x1        y1  area1          x2        y2  area2          x3        y3  area3          x4         y4  area4          x5        y5  area5          x6         y6  area6
range  328.761313  1.008282  107.0  242.287388  4.045631  121.0  182.552521  6.377726   70.0  307.667999  16.636839  114.0  133.028903  9.441636   57.0  328.822265  30.055183   94.0
FAILURE!!!! Some beads might have been misidentified
               x1        y1  area1          x2        y2  area2          x3        y3  area3          x4         y4  area4          x5        y5  area5          x6         y6  area6
range  328.634483  0.995997  108.0  242.582801  4.003931  123.0  182.624941  6.440309   72.0  307.571821  16.628446  110.0  132.897921  9.441636   53.0  328.773616  30.065439   94.0
FAILURE!!!! Some beads might have been misidentified
               x1        y1  area1        x2        y2  area2          x3       y3  area3          x4         y4  area4          x5        y5  area5          x6         y6  area6
range  329.049498  0.985436  109.0  242.5796  4.022092  121.0  182.303015  6.39954   68.0  307.554094  16.661315  111.0  133.038021  9.376637   53.0  329.008923  30.055183   97.0
FAILURE!!!! Some beads might have been misidentified
Residual vector length: 486, Jacobian shape: (486, 6)
view   0 | SOD= 566.099 mm | SDD= 761.018 mm | M= 1.344 | incident=2.9645°
[[ 137.25223    -548.62396     -25.32489   ]
 [ -42.96934     189.91795       9.67511   ]
 [   0.14445491    0.03889649    0.        ]
 [   0.            0.            0.1496    ]]

iter 08 cost=1860.712379 -> 1328.259621 |dtheta|=1.004653e+00  lambda=1.524e-06

============================================================
Iteration 9
============================================================
Theta offsets (Unity frame):
  Source   : dSx=   0.000, dSy=   0.000, dSz=   0.000  (mm)
  Object   : dOx= -14.916, dOy= -12.325, dOz= -16.537  (mm)
  Object offset: offset_x=   0.029, offset_z=  -0.021  (mm)
  Detector : dDx=   0.000, dDy=   0.000, dDz=   0.000  (mm)
  Obj Stage rotY :   15.070 deg
============================================================

Unity geometry (world coordinates):
  Source   : x= -10.000, y=  55.000, z=   0.000
  Object   : x=   0.084, y=  29.675, z= 565.463
  Detector : x=   8.000, y=  20.000, z= 760.000
  Obj rotY :   0.0000 deg
view   0 | SOD= 566.099 mm | SDD= 761.018 mm | M= 1.344 | incident=2.9645°
[[ 137.25223    -548.62396     -25.32489   ]
 [ -42.96934     189.91795       9.67511   ]
 [   0.14445491    0.03889649    0.        ]
 [   0.            0.            0.1496    ]]
               x1        y1  area1          x2        y2  area2          x3        y3  area3          x4         y4  area4          x5        y5  area5          x6         y6  area6
range  329.873239  0.963605  112.0  244.850332  3.938299  113.0  182.990498  6.424889   75.0  307.010088  16.803297  122.0  131.689964  9.504869   53.0  329.781857  30.043242   96.0
FAILURE!!!! Some beads might have been misidentified
               x1        y1  area1          x2        y2  area2          x3        y3  area3          x4         y4  area4          x5        y5  area5          x6         y6  area6
range  329.928664  0.985277  115.0  244.826022  3.950789  114.0  182.882879  6.433892   69.0  307.077253  16.806082  118.0  131.856165  9.464665   61.0  329.765455  30.034939   99.0
FAILURE!!!! Some beads might have been misidentified
Residual vector length: 486, Jacobian shape: (486, 6)
view   0 | SOD= 564.913 mm | SDD= 761.018 mm | M= 1.347 | incident=2.9645°
[[ 136.3842     -547.62415     -25.184708  ]
 [ -42.96052     191.1312        9.815292  ]
 [   0.14450099    0.03872498    0.        ]
 [   0.            0.            0.1496    ]]
               x1        y1  area1         x2        y2  area2          x3        y3  area3          x4         y4  area4          x5        y5  area5          x6         y6  area6
range  330.237384  1.102889  113.0  245.64147  3.987606  110.0  183.782753  6.326959   71.0  307.461102  16.700352  115.0  131.461951  9.561585   53.0  330.250859  30.049338   93.0
FAILURE!!!! Some beads might have been misidentified

iter 09 cost=1328.259621 -> 821.547539 |dtheta|=1.182078e+00  lambda=1.000e-06

============================================================
Iteration 10
============================================================
Theta offsets (Unity frame):
  Source   : dSx=   0.000, dSy=   0.000, dSz=   0.000  (mm)
  Object   : dOx= -14.978, dOy= -12.185, dOz= -17.707  (mm)
  Object offset: offset_x=  -0.001, offset_z=  -0.031  (mm)
  Detector : dDx=   0.000, dDy=   0.000, dDz=   0.000  (mm)
  Obj Stage rotY :   15.002 deg
============================================================

Unity geometry (world coordinates):
  Source   : x= -10.000, y=  55.000, z=   0.000
  Object   : x=   0.022, y=  29.815, z= 564.293
  Detector : x=   8.000, y=  20.000, z= 760.000
  Obj rotY :   0.0000 deg
view   0 | SOD= 564.913 mm | SDD= 761.018 mm | M= 1.347 | incident=2.9645°
[[ 136.3842     -547.62415     -25.184708  ]
 [ -42.96052     191.1312        9.815292  ]
 [   0.14450099    0.03872498    0.        ]
 [   0.            0.            0.1496    ]]
               x1        y1  area1         x2        y2  area2          x3        y3  area3          x4         y4  area4          x5        y5  area5          x6         y6  area6
range  330.237384  1.102889  113.0  245.64147  3.987606  110.0  183.782753  6.326959   71.0  307.461102  16.700352  115.0  131.461951  9.561585   53.0  330.250859  30.049338   93.0
FAILURE!!!! Some beads might have been misidentified
               x1        y1  area1          x2       y2  area2          x3        y3  area3          x4         y4  area4          x5        y5  area5          x6         y6  area6
range  330.249269  1.086132  113.0  245.490577  3.93445  114.0  183.764755  6.349238   71.0  307.471757  16.677043  113.0  131.424729  9.539257   52.0  330.248032  30.033476   90.0
FAILURE!!!! Some beads might have been misidentified
               x1        y1  area1          x2        y2  area2          x3        y3  area3          x4        y4  area4         x5        y5  area5          x6         y6  area6
range  330.286144  1.158658  114.0  245.685887  3.932789  111.0  183.756698  6.334284   71.0  307.491847  16.72356  113.0  131.48349  9.655243   52.0  330.231959  30.005854   89.0
FAILURE!!!! Some beads might have been misidentified
               x1        y1  area1          x2        y2  area2          x3        y3  area3          x4         y4  area4          x5        y5  area5         x6        y6  area6
range  330.211117  1.134675  115.0  245.609123  3.887266  119.0  183.740221  6.303993   76.0  307.539906  16.646379  110.0  131.411314  9.582874   53.0  330.29195  30.03584   98.0
FAILURE!!!! Some beads might have been misidentified
               x1        y1  area1         x2        y2  area2          x3        y3  area3          x4         y4  area4          x5        y5  area5          x6         y6  area6
range  330.237384  1.121298  113.0  245.64147  3.987606  111.0  183.782753  6.288995   78.0  307.461102  16.700352  116.0  131.451931  9.568648   53.0  330.250859  30.033882   93.0
FAILURE!!!! Some beads might have been misidentified
               x1       y1  area1          x2        y2  area2          x3        y3  area3          x4         y4  area4          x5        y5  area5          x6        y6  area6
range  330.249905  1.14386  113.0  245.667831  3.987606  118.0  183.782753  6.289351   76.0  307.476552  16.700352  115.0  131.474731  9.547223   54.0  330.286819  30.01895   95.0
FAILURE!!!! Some beads might have been misidentified
               x1       y1  area1          x2        y2  area2          x3        y3  area3          x4         y4  area4          x5        y5  area5          x6         y6  area6
range  330.237384  1.10303  112.0  245.654015  4.005092  112.0  183.782753  6.289351   76.0  307.461102  16.685883  112.0  131.461951  9.568648   53.0  330.250859  30.036167   91.0
FAILURE!!!! Some beads might have been misidentified
               x1       y1  area1          x2        y2  area2          x3        y3  area3          x4         y4  area4          x5        y5  area5          x6         y6  area6
range  330.209558  1.09059  115.0  245.800452  3.908828  112.0  183.865894  6.331597   72.0  307.337155  16.690549  109.0  131.304866  9.580054   51.0  330.250859  30.031876   96.0
FAILURE!!!! Some beads might have been misidentified
               x1       y1  area1          x2        y2  area2          x3        y3  area3          x4         y4  area4          x5        y5  area5          x6         y6  area6
range  330.412971  1.10536  112.0  245.763209  3.985495  120.0  183.650393  6.315951   71.0  307.295453  16.715379  120.0  131.464712  9.560272   53.0  330.351893  30.003494   94.0
FAILURE!!!! Some beads might have been misidentified
               x1        y1  area1          x2        y2  area2         x3        y3  area3          x4         y4  area4          x5       y5  area5          x6         y6  area6
range  330.065519  1.140546  113.0  245.437117  3.927781  112.0  183.88206  6.280591   75.0  307.633918  16.685883  113.0  131.461951  9.58428   51.0  330.097914  30.049338   93.0
FAILURE!!!! Some beads might have been misidentified
Residual vector length: 486, Jacobian shape: (486, 6)
view   0 | SOD= 564.170 mm | SDD= 761.018 mm | M= 1.349 | incident=2.9645°
[[ 135.59691    -547.055       -25.135643  ]
 [ -43.00878     191.8794        9.864357  ]
 [   0.14453965    0.03858043    0.        ]
 [   0.            0.            0.1496    ]]
               x1        y1  area1          x2        y2  area2          x3        y3  area3          x4         y4  area4          x5        y5  area5          x6        y6  area6
range  331.159373  1.134112  119.0  246.083631  3.914901  109.0  183.443383  6.454501   81.0  307.334354  16.762566  114.0  131.655949  9.667435   56.0  331.248284  30.15735  100.0
FAILURE!!!! Some beads might have been misidentified

iter 10 cost=821.547539 -> 548.361650 |dtheta|=7.772901e-01  lambda=1.000e-06

============================================================
Iteration 11
============================================================
Theta offsets (Unity frame):
  Source   : dSx=   0.000, dSy=   0.000, dSz=   0.000  (mm)
  Object   : dOx= -14.930, dOy= -12.136, dOz= -18.478  (mm)
  Object offset: offset_x=   0.000, offset_z=  -0.002  (mm)
  Detector : dDx=   0.000, dDy=   0.000, dDz=   0.000  (mm)
  Obj Stage rotY :   14.945 deg
============================================================

Unity geometry (world coordinates):
  Source   : x= -10.000, y=  55.000, z=   0.000
  Object   : x=   0.070, y=  29.864, z= 563.522
  Detector : x=   8.000, y=  20.000, z= 760.000
  Obj rotY :   0.0000 deg
view   0 | SOD= 564.170 mm | SDD= 761.018 mm | M= 1.349 | incident=2.9645°
[[ 135.59691    -547.055       -25.135643  ]
 [ -43.00878     191.8794        9.864357  ]
 [   0.14453965    0.03858043    0.        ]
 [   0.            0.            0.1496    ]]
               x1        y1  area1          x2        y2  area2          x3        y3  area3          x4         y4  area4          x5        y5  area5          x6        y6  area6
range  331.159373  1.134112  119.0  246.083631  3.914901  109.0  183.443383  6.454501   81.0  307.334354  16.762566  114.0  131.655949  9.667435   56.0  331.248284  30.15735  100.0
FAILURE!!!! Some beads might have been misidentified
               x1       y1  area1          x2        y2  area2          x3        y3  area3          x4         y4  area4          x5        y5  area5          x6         y6  area6
range  331.190476  1.12251  112.0  246.035366  3.907833  115.0  183.509073  6.434449   75.0  307.338393  16.796804  118.0  131.730153  9.642779   56.0  331.209049  30.060494  101.0
FAILURE!!!! Some beads might have been misidentified
               x1        y1  area1          x2        y2  area2         x3       y3  area3          x4         y4  area4          x5        y5  area5          x6         y6  area6
range  331.130096  1.148613  117.0  246.064323  3.851384  116.0  183.40553  6.42076   82.0  307.313347  16.752779  123.0  131.660437  9.595654   58.0  331.195434  30.101032   90.0
FAILURE!!!! Some beads might have been misidentified
               x1        y1  area1          x2        y2  area2          x3        y3  area3          x4         y4  area4         x5        y5  area5          x6         y6  area6
range  331.157894  1.074816  117.0  246.046494  3.839543  116.0  183.467212  6.484193   76.0  307.313616  16.770467  114.0  131.67454  9.649699   57.0  331.271419  30.018567   97.0
FAILURE!!!! Some beads might have been misidentified
               x1        y1  area1          x2        y2  area2          x3        y3  area3          x4         y4  area4          x5        y5  area5          x6         y6  area6
range  331.211842  1.142165  112.0  246.030562  3.905292  113.0  183.530832  6.395119   78.0  307.343529  16.719004  117.0  131.712032  9.719996   54.0  331.203451  30.106317   98.0
FAILURE!!!! Some beads might have been misidentified
               x1        y1  area1          x2        y2  area2          x3        y3  area3          x4         y4  area4         x5        y5  area5          x6         y6  area6
range  331.159373  1.135119  118.0  246.083631  3.914901  109.0  183.414325  6.448592   80.0  307.327626  16.762566  114.0  131.65582  9.667435   56.0  331.256632  30.118661   97.0
FAILURE!!!! Some beads might have been misidentified
               x1        y1  area1          x2        y2  area2          x3        y3  area3          x4         y4  area4         x5        y5  area5          x6         y6  area6
range  331.159373  1.121518  118.0  246.083631  3.914901  113.0  183.462099  6.454501   81.0  307.327337  16.730649  115.0  131.70439  9.667435   56.0  331.271722  30.139073  100.0
FAILURE!!!! Some beads might have been misidentified
               x1        y1  area1          x2        y2  area2          x3        y3  area3          x4         y4  area4          x5        y5  area5          x6         y6  area6
range  331.159373  1.171639  117.0  246.102163  3.914417  106.0  183.433026  6.470861   80.0  307.357397  16.787922  111.0  131.655949  9.673497   56.0  331.248284  30.135373   98.0
FAILURE!!!! Some beads might have been misidentified
               x1        y1  area1          x2        y2  area2          x3        y3  area3          x4         y4  area4          x5       y5  area5          x6        y6  area6
range  331.159373  1.121518  118.0  246.068108  3.895391  114.0  183.443383  6.432965   81.0  307.334354  16.762566  114.0  131.709574  9.64837   55.0  331.248284  30.11975   99.0
FAILURE!!!! Some beads might have been misidentified
               x1      y1  area1          x2       y2  area2          x3        y3  area3          x4         y4  area4          x5        y5  area5          x6         y6  area6
range  331.159373  1.1334  117.0  245.945764  3.91297  121.0  183.368897  6.408542   78.0  307.447091  16.770254  121.0  131.878042  9.654223   53.0  331.284022  30.080026   93.0
FAILURE!!!! Some beads might have been misidentified
               x1        y1  area1          x2        y2  area2          x3        y3  area3          x4         y4  area4          x5        y5  area5          x6       y6  area6
range  331.151195  1.137723  113.0  246.176175  3.883084  117.0  183.521748  6.420876   76.0  307.232095  16.766372  121.0  131.512547  9.679943   59.0  331.207669  30.0815   96.0
FAILURE!!!! Some beads might have been misidentified
               x1        y1  area1          x2        y2  area2          x3        y3  area3          x4         y4  area4         x5        y5  area5          x6         y6  area6
range  331.348253  1.157145  119.0  246.141433  3.884973  113.0  183.363351  6.402442   77.0  307.164325  16.787922  121.0  131.70439  9.607702   56.0  331.407138  30.092296   92.0
FAILURE!!!! Some beads might have been misidentified
               x1        y1  area1          x2       y2  area2          x3       y3  area3          x4         y4  area4         x5        y5  area5          x6         y6  area6
range  330.972319  1.121518  115.0  245.953698  3.86443  113.0  183.555451  6.41258   77.0  307.491048  16.806034  112.0  131.65582  9.630731   60.0  330.997345  30.165438  105.0
FAILURE!!!! Some beads might have been misidentified
Residual vector length: 486, Jacobian shape: (486, 6)
view   0 | SOD= 563.772 mm | SDD= 761.018 mm | M= 1.350 | incident=2.9645°
[[ 136.41318    -546.4419      -25.133982  ]
 [ -43.399727    192.19968       9.866018  ]
 [   0.14447641    0.03881656    0.        ]
 [   0.            0.            0.1496    ]]
               x1        y1  area1          x2        y2  area2          x3        y3  area3          x4         y4  area4          x5        y5  area5          x6         y6  area6
range  330.881548  1.056678  109.0  246.338148  4.014459  108.0  184.064321  6.382685   78.0  307.706679  16.800009  112.0  131.533574  9.708884   55.0  331.009581  30.192819  100.0
FAILURE!!!! Some beads might have been misidentified

iter 11 cost=548.361650 -> 434.105142 |dtheta|=3.883743e-01  lambda=1.000e-06

============================================================
Iteration 12
============================================================
Theta offsets (Unity frame):
  Source   : dSx=   0.000, dSy=   0.000, dSz=   0.000  (mm)
  Object   : dOx= -14.939, dOy= -12.134, dOz= -18.854  (mm)
  Object offset: offset_x=  -0.017, offset_z=  -0.024  (mm)
  Detector : dDx=   0.000, dDy=   0.000, dDz=   0.000  (mm)
  Obj Stage rotY :   15.039 deg
============================================================

Unity geometry (world coordinates):
  Source   : x= -10.000, y=  55.000, z=   0.000
  Object   : x=   0.061, y=  29.866, z= 563.146
  Detector : x=   8.000, y=  20.000, z= 760.000
  Obj rotY :   0.0000 deg
view   0 | SOD= 563.772 mm | SDD= 761.018 mm | M= 1.350 | incident=2.9645°
[[ 136.41318    -546.4419      -25.133982  ]
 [ -43.399727    192.19968       9.866018  ]
 [   0.14447641    0.03881656    0.        ]
 [   0.            0.            0.1496    ]]
               x1        y1  area1          x2        y2  area2          x3        y3  area3          x4         y4  area4          x5        y5  area5          x6         y6  area6
range  330.881548  1.056678  109.0  246.338148  4.014459  108.0  184.064321  6.382685   78.0  307.706679  16.800009  112.0  131.533574  9.708884   55.0  331.009581  30.192819  100.0
FAILURE!!!! Some beads might have been misidentified
               x1        y1  area1          x2       y2  area2          x3        y3  area3          x4         y4  area4          x5        y5  area5          x6         y6  area6
range  330.968427  1.011792  114.0  246.186203  3.98635  112.0  184.209884  6.403465   75.0  307.771357  16.819224  109.0  131.517361  9.637031   57.0  331.022109  30.173418  104.0
FAILURE!!!! Some beads might have been misidentified
               x1        y1  area1          x2        y2  area2          x3        y3  area3          x4         y4  area4          x5        y5  area5          x6         y6  area6
range  330.891651  1.082698  116.0  246.367762  4.012963  111.0  183.992037  6.311712   81.0  307.719214  16.683583  113.0  131.486608  9.731462   54.0  330.908626  30.257531  102.0
FAILURE!!!! Some beads might have been misidentified
               x1        y1  area1          x2        y2  area2          x3        y3  area3          x4         y4  area4          x5        y5  area5          x6         y6  area6
range  330.952094  1.137341  109.0  246.392044  3.992678  114.0  184.063691  6.390642   79.0  307.657695  16.783254  111.0  131.470198  9.700452   53.0  330.956866  30.150792   95.0
FAILURE!!!! Some beads might have been misidentified
               x1        y1  area1          x2        y2  area2          x3        y3  area3          x4         y4  area4          x5        y5  area5          x6         y6  area6
range  330.885321  1.079872  118.0  246.335801  4.044978  111.0  184.070998  6.297784   80.0  307.723358  16.743216  110.0  131.469135  9.710182   55.0  330.981072  30.218407  108.0
FAILURE!!!! Some beads might have been misidentified
              x1        y1  area1          x2        y2  area2          x3       y3  area3          x4         y4  area4          x5        y5  area5          x6         y6  area6
range  330.83991  1.056678  109.0  246.324375  4.014459  108.0  184.064321  6.36692   81.0  307.685912  16.800009  112.0  131.523405  9.686116   55.0  330.974849  30.192819   99.0
FAILURE!!!! Some beads might have been misidentified
               x1        y1  area1          x2        y2  area2          x3        y3  area3          x4         y4  area4          x5        y5  area5          x6         y6  area6
range  330.952508  1.056678  118.0  246.338148  3.995568  106.0  184.099615  6.382685   78.0  307.703986  16.800009  110.0  131.514709  9.738834   56.0  330.999845  30.208457  103.0
FAILURE!!!! Some beads might have been misidentified
              x1        y1  area1          x2        y2  area2          x3        y3  area3          x4         y4  area4        x5        y5  area5          x6         y6  area6
range  330.83991  1.087617  110.0  246.338148  4.014459  106.0  184.082857  6.383546   82.0  307.706679  16.789682  113.0  131.5442  9.650523   53.0  330.984636  30.144565  101.0
FAILURE!!!! Some beads might have been misidentified
               x1        y1  area1          x2        y2  area2          x3        y3  area3          x4         y4  area4          x5        y5  area5          x6         y6  area6
range  330.952508  1.074327  116.0  246.324375  3.975188  114.0  184.064321  6.357775   75.0  307.703986  16.707972  109.0  131.524691  9.704072   56.0  330.999794  30.213538  103.0
FAILURE!!!! Some beads might have been misidentified
               x1        y1  area1          x2        y2  area2          x3        y3  area3          x4         y4  area4          x5        y5  area5          x6         y6  area6
range  330.969999  1.040414  116.0  246.104623  4.002279  117.0  184.032081  6.349185   83.0  307.831989  16.817493  106.0  131.681364  9.650523   57.0  330.984636  30.265917  106.0
FAILURE!!!! Some beads might have been misidentified
              x1        y1  area1          x2        y2  area2          x3        y3  area3          x4         y4  area4          x5        y5  area5         x6         y6  area6
range  330.83991  1.054076  114.0  246.447909  4.014875  107.0  184.251043  6.359639   73.0  307.621995  16.756496  116.0  131.322605  9.703575   49.0  330.95135  30.165032   98.0
FAILURE!!!! Some beads might have been misidentified
               x1        y1  area1          x2        y2  area2          x3        y3  area3         x4        y4  area4          x5        y5  area5          x6         y6  area6
range  331.087455  1.031841  118.0  246.447909  3.988963  110.0  183.968025  6.358559   75.0  307.62547  16.78141  109.0  131.514709  9.690646   54.0  331.123346  30.192819  104.0
FAILURE!!!! Some beads might have been misidentified
               x1        y1  area1          x2        y2  area2          x3        y3  area3          x4        y4  area4          x5       y5  area5          x6         y6  area6
range  330.772623  1.074327  116.0  246.112841  4.014804  107.0  184.248985  6.339595   79.0  307.883558  16.76107  110.0  131.523405  9.69776   53.0  330.807389  30.208457  100.0
FAILURE!!!! Some beads might have been misidentified
Residual vector length: 486, Jacobian shape: (486, 6)
view   0 | SOD= 563.301 mm | SDD= 761.018 mm | M= 1.351 | incident=2.9645°
[[ 136.99977    -545.80945     -25.115492  ]
 [ -43.79274     192.5929        9.884508  ]
 [   0.1444248     0.03900817    0.        ]
 [   0.            0.            0.1496    ]]
             x1        y1  area1          x2        y2  area2          x3        y3  area3          x4         y4  area4       x5        y5  area5          x6         y6  area6
range  331.3374  1.127659  116.0  246.214934  3.908832  116.0  184.127918  6.309025   84.0  308.136508  16.792876  115.0  131.933  9.554489   55.0  331.254953  30.146165   99.0
FAILURE!!!! Some beads might have been misidentified

iter 12 cost=434.105142 -> 314.763693 |dtheta|=4.840601e-01  lambda=1.000e-06

============================================================
Iteration 13
============================================================
Theta offsets (Unity frame):
  Source   : dSx=   0.000, dSy=   0.000, dSz=   0.000  (mm)
  Object   : dOx= -14.940, dOy= -12.115, dOz= -19.331  (mm)
  Object offset: offset_x=  -0.000, offset_z=  -0.018  (mm)
  Detector : dDx=   0.000, dDy=   0.000, dDz=   0.000  (mm)
  Obj Stage rotY :   15.115 deg
============================================================

Unity geometry (world coordinates):
  Source   : x= -10.000, y=  55.000, z=   0.000
  Object   : x=   0.060, y=  29.885, z= 562.669
  Detector : x=   8.000, y=  20.000, z= 760.000
  Obj rotY :   0.0000 deg
view   0 | SOD= 563.301 mm | SDD= 761.018 mm | M= 1.351 | incident=2.9645°
[[ 136.99977    -545.80945     -25.115492  ]
 [ -43.79274     192.5929        9.884508  ]
 [   0.1444248     0.03900817    0.        ]
 [   0.            0.            0.1496    ]]
             x1        y1  area1          x2        y2  area2          x3        y3  area3          x4         y4  area4       x5        y5  area5          x6         y6  area6
range  331.3374  1.127659  116.0  246.214934  3.908832  116.0  184.127918  6.309025   84.0  308.136508  16.792876  115.0  131.933  9.554489   55.0  331.254953  30.146165   99.0
FAILURE!!!! Some beads might have been misidentified
               x1        y1  area1          x2        y2  area2          x3        y3  area3         x4         y4  area4          x5        y5  area5          x6         y6  area6
range  331.347028  1.164139  118.0  246.236956  3.966723  125.0  184.148216  6.348844   83.0  308.07151  16.876197  121.0  131.855916  9.594532   55.0  331.305693  30.130456   97.0
FAILURE!!!! Some beads might have been misidentified
               x1       y1  area1          x2        y2  area2          x3        y3  area3          x4         y4  area4         x5        y5  area5          x6         y6  area6
range  331.411874  1.08286  115.0  246.434248  3.996715  122.0  184.023974  6.369791   81.0  308.154229  16.803649  117.0  131.96004  9.555703   54.0  331.278434  30.187931   88.0
FAILURE!!!! Some beads might have been misidentified
               x1        y1  area1          x2        y2  area2          x3        y3  area3         x4         y4  area4          x5        y5  area5          x6         y6  area6
range  331.360808  1.167145  114.0  246.313121  3.932374  115.0  184.122473  6.397306   86.0  308.18945  16.745953  114.0  131.919173  9.627385   60.0  331.288851  30.169008   99.0
FAILURE!!!! Some beads might have been misidentified
               x1        y1  area1          x2        y2  area2          x3        y3  area3         x4         y4  area4          x5        y5  area5          x6         y6  area6
range  331.344543  1.094282  112.0  246.189267  3.985686  112.0  184.106085  6.366104   85.0  308.23909  16.835109  113.0  131.982787  9.558197   55.0  331.347379  30.207123   98.0
FAILURE!!!! Some beads might have been misidentified
               x1        y1  area1          x2        y2  area2          x3        y3  area3          x4        y4  area4          x5        y5  area5          x6         y6  area6
range  331.314442  1.127659  116.0  246.214934  3.897159  115.0  184.109311  6.309025   84.0  308.185034  16.79959  115.0  131.929592  9.554489   55.0  331.254953  30.146165   99.0
FAILURE!!!! Some beads might have been misidentified
              x1        y1  area1          x2        y2  area2         x3        y3  area3          x4         y4  area4          x5        y5  area5          x6         y6  area6
range  331.35863  1.127659  116.0  246.214934  3.897159  115.0  184.14649  6.309025   84.0  308.158902  16.803257  115.0  131.941707  9.554489   54.0  331.239715  30.168129   98.0
FAILURE!!!! Some beads might have been misidentified
             x1        y1  area1          x2        y2  area2          x3        y3  area3          x4         y4  area4          x5        y5  area5          x6         y6  area6
range  331.3374  1.119378  119.0  246.214934  3.962378  120.0  184.109311  6.325282   81.0  308.136508  16.794416  117.0  131.919506  9.554489   55.0  331.254953  30.150604   98.0
FAILURE!!!! Some beads might have been misidentified
               x1        y1  area1          x2        y2  area2          x3        y3  area3          x4         y4  area4       x5        y5  area5          x6         y6  area6
range  331.335673  1.118907  116.0  246.214934  3.903529  114.0  184.030201  6.321817   84.0  308.185034  16.827466  114.0  131.933  9.554489   55.0  331.239715  30.154424   99.0
FAILURE!!!! Some beads might have been misidentified
              x1        y1  area1          x2       y2  area2         x3        y3  area3          x4         y4  area4          x5        y5  area5          x6         y6  area6
range  331.37076  1.133144  124.0  246.190985  3.90609  122.0  183.96118  6.347809   75.0  308.285675  16.815515  119.0  132.018151  9.532893   54.0  331.297321  30.147131   96.0
FAILURE!!!! Some beads might have been misidentified
               x1        y1  area1          x2        y2  area2          x3        y3  area3          x4         y4  area4          x5        y5  area5          x6         y6  area6
range  331.297645  1.126948  115.0  246.480218  3.986155  125.0  184.143148  6.349527   82.0  308.111069  16.864331  114.0  131.797804  9.566655   54.0  331.239715  30.171256   96.0
FAILURE!!!! Some beads might have been misidentified
               x1        y1  area1          x2        y2  area2          x3       y3  area3          x4         y4  area4       x5        y5  area5          x6         y6  area6
range  331.525882  1.152969  118.0  246.480218  3.892669  122.0  183.905741  6.32226   78.0  307.964236  16.825645  115.0  131.933  9.535779   55.0  331.484033  30.146165   95.0
FAILURE!!!! Some beads might have been misidentified
               x1       y1  area1          x2        y2  area2          x3      y3  area3          x4         y4  area4        x5        y5  area5          x6         y6  area6
range  331.213866  1.12559  113.0  246.206857  3.986155  123.0  184.273269  6.2943   79.0  308.377408  16.827466  116.0  131.9383  9.593993   55.0  331.100094  30.168129   98.0
FAILURE!!!! Some beads might have been misidentified
Residual vector length: 486, Jacobian shape: (486, 6)
view   0 | SOD= 562.864 mm | SDD= 761.018 mm | M= 1.352 | incident=2.9645°
[[ 136.57195    -545.46765     -25.088646  ]
 [ -43.798717    193.03789       9.911354  ]
 [   0.14444706    0.03892566    0.        ]
 [   0.            0.            0.1496    ]]
               x1        y1  area1          x2        y2  area2          x3        y3  area3          x4        y4  area4          x5        y5  area5          x6         y6  area6
range  331.650077  1.264126  107.0  246.319947  3.922935  114.0  184.001512  6.319019   88.0  308.498763  16.81763  112.0  132.159592  9.547556   57.0  331.706222  30.215894   89.0
FAILURE!!!! Some beads might have been misidentified

iter 13 cost=314.763693 -> 225.473169 |dtheta|=4.418271e-01  lambda=1.000e-06

============================================================
Iteration 14
============================================================
Theta offsets (Unity frame):
  Source   : dSx=   0.000, dSy=   0.000, dSz=   0.000  (mm)
  Object   : dOx= -14.950, dOy= -12.089, dOz= -19.771  (mm)
  Object offset: offset_x=   0.012, offset_z=  -0.014  (mm)
  Detector : dDx=   0.000, dDy=   0.000, dDz=   0.000  (mm)
  Obj Stage rotY :   15.082 deg
============================================================

Unity geometry (world coordinates):
  Source   : x= -10.000, y=  55.000, z=   0.000
  Object   : x=   0.050, y=  29.911, z= 562.229
  Detector : x=   8.000, y=  20.000, z= 760.000
  Obj rotY :   0.0000 deg
view   0 | SOD= 562.864 mm | SDD= 761.018 mm | M= 1.352 | incident=2.9645°
[[ 136.57195    -545.46765     -25.088646  ]
 [ -43.798717    193.03789       9.911354  ]
 [   0.14444706    0.03892566    0.        ]
 [   0.            0.            0.1496    ]]
               x1        y1  area1          x2        y2  area2          x3        y3  area3          x4        y4  area4          x5        y5  area5          x6         y6  area6
range  331.650077  1.264126  107.0  246.319947  3.922935  114.0  184.001512  6.319019   88.0  308.498763  16.81763  112.0  132.159592  9.547556   57.0  331.706222  30.215894   89.0
FAILURE!!!! Some beads might have been misidentified
               x1        y1  area1          x2        y2  area2          x3        y3  area3          x4        y4  area4          x5        y5  area5          x6         y6  area6
range  331.670732  1.241522  108.0  246.327827  3.913157  114.0  184.095261  6.368288   80.0  308.444661  16.78542  116.0  132.175476  9.586153   58.0  331.661317  30.214452   89.0
FAILURE!!!! Some beads might have been misidentified
               x1        y1  area1          x2        y2  area2          x3        y3  area3          x4         y4  area4          x5        y5  area5          x6         y6  area6
range  331.650418  1.263672  108.0  246.477196  3.927899  115.0  183.931356  6.340423   88.0  308.571043  16.830591  117.0  132.230746  9.556511   57.0  331.688009  30.263446   84.0
FAILURE!!!! Some beads might have been misidentified
               x1        y1  area1          x2        y2  area2          x3        y3  area3          x4         y4  area4          x5        y5  area5          x6         y6  area6
range  331.608049  1.305451  110.0  246.521975  3.813458  114.0  184.035165  6.423091   87.0  308.505177  16.748387  120.0  132.162522  9.541936   57.0  331.652706  30.255261   90.0
FAILURE!!!! Some beads might have been misidentified
               x1        y1  area1          x2        y2  area2          x3        y3  area3         x4         y4  area4          x5        y5  area5          x6         y6  area6
range  331.650843  1.283853  108.0  246.313121  3.916316  114.0  183.994907  6.326885   85.0  308.56388  16.841049  125.0  132.146172  9.546528   53.0  331.705413  30.161566   88.0
FAILURE!!!! Some beads might have been misidentified
               x1        y1  area1          x2        y2  area2          x3        y3  area3          x4        y4  area4          x5        y5  area5          x6         y6  area6
range  331.637834  1.264126  107.0  246.319947  3.922935  114.0  184.001512  6.319019   87.0  308.498763  16.81763  113.0  132.145922  9.547556   56.0  331.706222  30.215894   88.0
FAILURE!!!! Some beads might have been misidentified
               x1        y1  area1          x2        y2  area2          x3       y3  area3          x4        y4  area4          x5        y5  area5          x6         y6  area6
range  331.650077  1.264126  107.0  246.319947  3.914672  114.0  184.001512  6.33538   89.0  308.498763  16.81763  112.0  132.170149  9.547556   56.0  331.728522  30.194371   89.0
FAILURE!!!! Some beads might have been misidentified
               x1        y1  area1          x2        y2  area2          x3        y3  area3          x4         y4  area4          x5        y5  area5          x6         y6  area6
range  331.650077  1.260966  107.0  246.522184  3.932665  114.0  184.011652  6.314011   88.0  308.498763  16.780263  114.0  132.145922  9.524709   55.0  331.706222  30.215831   87.0
FAILURE!!!! Some beads might have been misidentified
               x1        y1  area1          x2        y2  area2          x3        y3  area3          x4         y4  area4         x5        y5  area5          x6         y6  area6
range  331.650077  1.272807  107.0  246.522184  3.922935  114.0  184.001512  6.358863   88.0  308.498763  16.802336  114.0  132.16824  9.547556   57.0  331.706222  30.179098   90.0
FAILURE!!!! Some beads might have been misidentified
              x1        y1  area1          x2        y2  area2          x3        y3  area3          x4         y4  area4          x5        y5  area5          x6         y6  area6
range  331.66903  1.280341  107.0  246.242444  3.917852  115.0  183.954469  6.336523   88.0  308.603283  16.849034  118.0  132.337008  9.536529   59.0  331.749283  30.258615   89.0
FAILURE!!!! Some beads might have been misidentified
               x1        y1  area1          x2        y2  area2          x3        y3  area3         x4         y4  area4          x5        y5  area5          x6         y6  area6
range  331.625771  1.224852  110.0  246.562578  3.919578  123.0  184.159596  6.372173   74.0  308.43583  16.766976  118.0  132.069213  9.547902   56.0  331.687515  30.219283   84.0
FAILURE!!!! Some beads might have been misidentified
               x1        y1  area1          x2        y2  area2          x3        y3  area3          x4         y4  area4          x5        y5  area5          x6         y6  area6
range  331.842989  1.264126  108.0  246.562578  3.911801  115.0  183.944444  6.358863   86.0  308.351115  16.774561  117.0  132.170149  9.560294   57.0  331.836655  30.176092   86.0
FAILURE!!!! Some beads might have been misidentified
               x1        y1  area1          x2        y2  area2          x3        y3  area3          x4         y4  area4          x5       y5  area5          x6         y6  area6
range  331.484703  1.264126  110.0  246.242444  3.919578  123.0  184.214833  6.338243   74.0  308.687849  16.763744  114.0  132.145922  9.58237   54.0  331.512671  30.234173   90.0
FAILURE!!!! Some beads might have been misidentified
Residual vector length: 486, Jacobian shape: (486, 6)
view   0 | SOD= 562.371 mm | SDD= 761.018 mm | M= 1.353 | incident=2.9645°
[[ 136.23627    -545.04254     -25.087002  ]
 [ -43.82473     193.53854       9.912998  ]
 [   0.14446338    0.03886509    0.        ]
 [   0.            0.            0.1496    ]]
               x1        y1  area1          x2       y2  area2          x3        y3  area3          x4         y4  area4          x5        y5  area5          x6         y6  area6
range  331.985349  1.306168  106.0  246.835917  3.93716  116.0  184.211471  6.390596   82.0  308.723312  16.819622  120.0  132.166807  9.684515   61.0  331.962098  30.237911   86.0
FAILURE!!!! Some beads might have been misidentified

iter 14 cost=225.473169 -> 138.415568 |dtheta|=4.952315e-01  lambda=1.000e-06

============================================================
Iteration 15
============================================================
Theta offsets (Unity frame):
  Source   : dSx=   0.000, dSy=   0.000, dSz=   0.000  (mm)
  Object   : dOx= -14.965, dOy= -12.087, dOz= -20.265  (mm)
  Object offset: offset_x=   0.005, offset_z=  -0.013  (mm)
  Detector : dDx=   0.000, dDy=   0.000, dDz=   0.000  (mm)
  Obj Stage rotY :   15.058 deg
============================================================

Unity geometry (world coordinates):
  Source   : x= -10.000, y=  55.000, z=   0.000
  Object   : x=   0.035, y=  29.913, z= 561.735
  Detector : x=   8.000, y=  20.000, z= 760.000
  Obj rotY :   0.0000 deg
view   0 | SOD= 562.371 mm | SDD= 761.018 mm | M= 1.353 | incident=2.9645°
[[ 136.23627    -545.04254     -25.087002  ]
 [ -43.82473     193.53854       9.912998  ]
 [   0.14446338    0.03886509    0.        ]
 [   0.            0.            0.1496    ]]
               x1        y1  area1          x2       y2  area2          x3        y3  area3          x4         y4  area4          x5        y5  area5          x6         y6  area6
range  331.985349  1.306168  106.0  246.835917  3.93716  116.0  184.211471  6.390596   82.0  308.723312  16.819622  120.0  132.166807  9.684515   61.0  331.962098  30.237911   86.0
FAILURE!!!! Some beads might have been misidentified
               x1        y1  area1          x2        y2  area2          x3        y3  area3          x4         y4  area4          x5        y5  area5          x6        y6  area6
range  331.923949  1.268399  108.0  246.764557  3.910722  116.0  184.274509  6.376371   83.0  308.750752  16.883551  119.0  132.215348  9.665494   56.0  331.927835  30.25164   91.0
FAILURE!!!! Some beads might have been misidentified
               x1        y1  area1          x2        y2  area2          x3        y3  area3          x4         y4  area4          x5        y5  area5          x6         y6  area6
range  331.969981  1.280769  110.0  246.883233  3.919818  113.0  184.238681  6.395238   83.0  308.742746  16.805488  109.0  132.210047  9.691456   56.0  331.962679  30.255697   93.0
FAILURE!!!! Some beads might have been misidentified
               x1        y1  area1          x2        y2  area2          x3        y3  area3          x4         y4  area4          x5        y5  area5          x6         y6  area6
range  331.986087  1.321313  110.0  246.864212  3.890586  117.0  184.205608  6.379358   79.0  308.714621  16.897696  114.0  132.145252  9.668476   60.0  331.981011  30.267725   91.0
FAILURE!!!! Some beads might have been misidentified
              x1        y1  area1          x2        y2  area2          x3        y3  area3          x4         y4  area4          x5        y5  area5         x6         y6  area6
range  332.01154  1.237297  112.0  246.821088  3.925397  115.0  184.298637  6.359191   82.0  308.742841  16.738693  117.0  132.209499  9.719078   58.0  331.89653  30.221083   94.0
FAILURE!!!! Some beads might have been misidentified
               x1        y1  area1          x2       y2  area2          x3        y3  area3          x4         y4  area4          x5        y5  area5          x6         y6  area6
range  331.945565  1.306168  106.0  246.835917  3.93716  116.0  184.211471  6.390596   81.0  308.733449  16.842721  121.0  132.185763  9.662162   61.0  331.972221  30.223167   84.0
FAILURE!!!! Some beads might have been misidentified
               x1        y1  area1          x2       y2  area2          x3        y3  area3          x4         y4  area4          x5        y5  area5          x6         y6  area6
range  332.007745  1.306168  105.0  246.835917  3.93716  115.0  184.211471  6.390596   82.0  308.732403  16.819622  121.0  132.180612  9.675769   60.0  331.981202  30.237911   87.0
FAILURE!!!! Some beads might have been misidentified
               x1        y1  area1          x2        y2  area2          x3        y3  area3          x4         y4  area4          x5        y5  area5          x6         y6  area6
range  331.966364  1.276807  110.0  246.835917  3.929003  115.0  184.211471  6.397258   81.0  308.742541  16.863792  115.0  132.166807  9.684515   61.0  331.962098  30.211375   94.0
FAILURE!!!! Some beads might have been misidentified
               x1        y1  area1          x2        y2  area2          x3        y3  area3          x4         y4  area4          x5        y5  area5          x6         y6  area6
range  331.985349  1.314183  110.0  246.791679  3.950226  117.0  184.211471  6.389092   81.0  308.723312  16.816725  117.0  132.166807  9.662162   60.0  331.962098  30.297219   87.0
FAILURE!!!! Some beads might have been misidentified
               x1        y1  area1          x2        y2  area2         x3        y3  area3          x4         y4  area4         x5        y5  area5          x6         y6  area6
range  332.033242  1.280701  109.0  246.777963  3.933535  114.0  184.04914  6.369728   85.0  308.804999  16.892104  117.0  132.40516  9.676048   52.0  332.003436  30.343898   90.0
FAILURE!!!! Some beads might have been misidentified
               x1        y1  area1         x2        y2  area2          x3        y3  area3          x4         y4  area4          x5        y5  area5          x6         y6  area6
range  331.876182  1.268467  108.0  246.91413  3.936556  115.0  184.261858  6.394621   79.0  308.660775  16.814437  111.0  132.020235  9.684515   60.0  331.940019  30.163439   88.0
FAILURE!!!! Some beads might have been misidentified
               x1        y1  area1          x2        y2  area2          x3        y3  area3          x4         y4  area4          x5        y5  area5          x6         y6  area6
range  332.151316  1.306168  110.0  246.830505  3.933535  115.0  184.025603  6.425548   83.0  308.577559  16.881522  112.0  132.166807  9.694338   56.0  332.089227  30.223167   91.0
FAILURE!!!! Some beads might have been misidentified
               x1        y1  area1          x2        y2  area2          x3        y3  area3          x4         y4  area4          x5        y5  area5          x6         y6  area6
range  331.742614  1.306168  106.0  246.777963  3.947938  116.0  184.452917  6.400683   79.0  308.913848  16.776508  119.0  132.199568  9.662612   57.0  331.821816  30.237911   84.0
FAILURE!!!! Some beads might have been misidentified
Residual vector length: 486, Jacobian shape: (486, 6)
view   0 | SOD= 561.953 mm | SDD= 761.018 mm | M= 1.354 | incident=2.9645°
[[ 136.03026    -544.6642      -25.06358   ]
 [ -43.87587     193.95468       9.93642   ]
 [   0.14447151    0.0388348     0.        ]
 [   0.            0.            0.1496    ]]
               x1        y1  area1          x2       y2  area2          x3       y3  area3          x4         y4  area4         x5        y5  area5          x6         y6  area6
range  332.116679  1.229443  110.0  247.025493  3.85225  114.0  184.550656  6.39095   79.0  308.890413  16.802301  124.0  132.09638  9.671282   56.0  332.095394  30.298259   89.0
FAILURE!!!! Some beads might have been misidentified

iter 15 cost=138.415568 -> 82.835335 |dtheta|=4.167593e-01  lambda=1.000e-06

============================================================
Iteration 16
============================================================
Theta offsets (Unity frame):
  Source   : dSx=   0.000, dSy=   0.000, dSz=   0.000  (mm)
  Object   : dOx= -14.972, dOy= -12.064, dOz= -20.681  (mm)
  Object offset: offset_x=  -0.005, offset_z=  -0.014  (mm)
  Detector : dDx=   0.000, dDy=   0.000, dDz=   0.000  (mm)
  Obj Stage rotY :   15.046 deg
============================================================

Unity geometry (world coordinates):
  Source   : x= -10.000, y=  55.000, z=   0.000
  Object   : x=   0.028, y=  29.936, z= 561.319
  Detector : x=   8.000, y=  20.000, z= 760.000
  Obj rotY :   0.0000 deg
view   0 | SOD= 561.953 mm | SDD= 761.018 mm | M= 1.354 | incident=2.9645°
[[ 136.03026    -544.6642      -25.06358   ]
 [ -43.87587     193.95468       9.93642   ]
 [   0.14447151    0.0388348     0.        ]
 [   0.            0.            0.1496    ]]
               x1        y1  area1          x2       y2  area2          x3       y3  area3          x4         y4  area4         x5        y5  area5          x6         y6  area6
range  332.116679  1.229443  110.0  247.025493  3.85225  114.0  184.550656  6.39095   79.0  308.890413  16.802301  124.0  132.09638  9.671282   56.0  332.095394  30.298259   89.0
FAILURE!!!! Some beads might have been misidentified
               x1        y1  area1         x2        y2  area2         x3        y3  area3          x4         y4  area4          x5        y5  area5          x6         y6  area6
range  332.150809  1.198474  109.0  246.99023  3.815027  110.0  184.41159  6.414064   71.0  308.902906  16.875532  113.0  132.143604  9.695431   61.0  332.111685  30.301724   95.0
FAILURE!!!! Some beads might have been misidentified
               x1        y1  area1          x2        y2  area2          x3        y3  area3          x4         y4  area4          x5        y5  area5          x6         y6  area6
range  332.166957  1.155761  105.0  247.037174  3.860745  117.0  184.543213  6.398033   86.0  308.794491  16.838536  128.0  132.045441  9.706153   58.0  332.112652  30.349483   89.0
FAILURE!!!! Some beads might have been misidentified
               x1        y1  area1          x2        y2  area2          x3        y3  area3          x4         y4  area4          x5        y5  area5          x6         y6  area6
range  332.209745  1.159622  109.0  247.047575  3.838883  117.0  184.604949  6.369453   76.0  308.824467  16.849145  111.0  132.136199  9.672915   60.0  332.038237  30.260672   91.0
FAILURE!!!! Some beads might have been misidentified
               x1        y1  area1          x2        y2  area2          x3        y3  area3          x4        y4  area4          x5        y5  area5          x6         y6  area6
range  332.106983  1.228988  109.0  246.995941  3.900164  117.0  184.550141  6.359304   75.0  308.897373  16.79823  124.0  132.151803  9.731336   59.0  332.108241  30.335192   88.0
FAILURE!!!! Some beads might have been misidentified
               x1        y1  area1          x2        y2  area2          x3       y3  area3          x4         y4  area4          x5        y5  area5          x6         y6  area6
range  332.116679  1.229443  110.0  247.011518  3.830682  113.0  184.555186  6.39095   79.0  308.868671  16.785245  124.0  132.089369  9.671282   56.0  332.084587  30.298259   90.0
FAILURE!!!! Some beads might have been misidentified
               x1       y1  area1          x2       y2  area2          x3       y3  area3          x4         y4  area4          x5        y5  area5          x6         y6  area6
range  332.116679  1.22655  110.0  247.025493  3.85225  114.0  184.550656  6.39095   79.0  308.910842  16.802301  123.0  132.116534  9.652192   58.0  332.123355  30.312403   89.0
FAILURE!!!! Some beads might have been misidentified
               x1        y1  area1          x2        y2  area2          x3        y3  area3          x4         y4  area4         x5        y5  area5          x6         y6  area6
range  332.116679  1.232759  109.0  246.984247  3.860009  113.0  184.550189  6.395079   78.0  308.933068  16.796935  122.0  132.09638  9.671282   58.0  332.063888  30.353797   91.0
FAILURE!!!! Some beads might have been misidentified
               x1        y1  area1          x2        y2  area2          x3       y3  area3          x4         y4  area4          x5        y5  area5          x6         y6  area6
range  332.116679  1.135761  109.0  247.011518  3.811403  117.0  184.549751  6.39095   79.0  308.849445  16.818174  126.0  132.129521  9.671282   56.0  332.116445  30.309286   88.0
FAILURE!!!! Some beads might have been misidentified
               x1        y1  area1          x2        y2  area2          x3        y3  area3          x4         y4  area4          x5        y5  area5          x6         y6  area6
range  332.135421  1.117447  107.0  246.949174  3.811905  116.0  184.373885  6.389103   78.0  308.933068  16.838108  117.0  132.267077  9.671282   56.0  332.149701  30.305652   94.0
FAILURE!!!! Some beads might have been misidentified
               x1        y1  area1          x2        y2  area2          x3        y3  area3          x4         y4  area4          x5        y5  area5          x6         y6  area6
range  332.097872  1.231722  107.0  247.060021  3.881694  110.0  184.624491  6.438833   79.0  308.801479  16.847505  124.0  131.921969  9.642508   59.0  332.074695  30.345555   89.0
FAILURE!!!! Some beads might have been misidentified
               x1        y1  area1          x2        y2  area2          x3        y3  area3          x4         y4  area4          x5        y5  area5          x6         y6  area6
range  332.325284  1.262544  109.0  247.098791  3.807732  113.0  184.287623  6.396197   75.0  308.705517  16.814437  128.0  132.116534  9.680319   61.0  332.309565  30.298259   92.0
FAILURE!!!! Some beads might have been misidentified
               x1        y1  area1          x2        y2  area2         x3        y3  area3          x4         y4  area4          x5        y5  area5          x6         y6  area6
range  331.999426  1.229443  110.0  246.949174  3.877511  113.0  184.64942  6.388776   78.0  308.977698  16.818174  120.0  132.089369  9.703204   56.0  331.916307  30.312403   90.0
FAILURE!!!! Some beads might have been misidentified
Residual vector length: 486, Jacobian shape: (486, 6)
view   0 | SOD= 561.756 mm | SDD= 761.018 mm | M= 1.355 | incident=2.9645°
[[ 135.60762    -544.5662      -25.055183  ]
 [ -43.819054    194.1692        9.944817  ]
 [   0.1444967     0.03874101    0.        ]
 [   0.            0.            0.1496    ]]
              x1        y1  area1          x2       y2  area2          x3      y3  area3          x4         y4  area4          x5        y5  area5          x6         y6  area6
range  332.44022  1.216511  106.0  246.908098  3.84516  116.0  184.269136  6.4177   86.0  309.064746  16.834627  116.0  132.496324  9.708786   56.0  332.338982  30.328457   98.0
FAILURE!!!! Some beads might have been misidentified

iter 16 cost=82.835335 -> 58.864463 |dtheta|=2.037514e-01  lambda=1.000e-06

============================================================
Iteration 17
============================================================
Theta offsets (Unity frame):
  Source   : dSx=   0.000, dSy=   0.000, dSz=   0.000  (mm)
  Object   : dOx= -14.975, dOy= -12.055, dOz= -20.880  (mm)
  Object offset: offset_x=   0.016, offset_z=  -0.013  (mm)
  Detector : dDx=   0.000, dDy=   0.000, dDz=   0.000  (mm)
  Obj Stage rotY :   15.009 deg
============================================================

Unity geometry (world coordinates):
  Source   : x= -10.000, y=  55.000, z=   0.000
  Object   : x=   0.025, y=  29.945, z= 561.120
  Detector : x=   8.000, y=  20.000, z= 760.000
  Obj rotY :   0.0000 deg
view   0 | SOD= 561.756 mm | SDD= 761.018 mm | M= 1.355 | incident=2.9645°
[[ 135.60762    -544.5662      -25.055183  ]
 [ -43.819054    194.1692        9.944817  ]
 [   0.1444967     0.03874101    0.        ]
 [   0.            0.            0.1496    ]]
              x1        y1  area1          x2       y2  area2          x3      y3  area3          x4         y4  area4          x5        y5  area5          x6         y6  area6
range  332.44022  1.216511  106.0  246.908098  3.84516  116.0  184.269136  6.4177   86.0  309.064746  16.834627  116.0  132.496324  9.708786   56.0  332.338982  30.328457   98.0
FAILURE!!!! Some beads might have been misidentified
               x1        y1  area1          x2        y2  area2          x3       y3  area3          x4         y4  area4          x5        y5  area5          x6         y6  area6
range  332.407437  1.154147  111.0  246.840909  3.825893  118.0  184.330523  6.39815   79.0  309.043597  16.896548  117.0  132.506957  9.673158   60.0  332.407339  30.281554   94.0
FAILURE!!!! Some beads might have been misidentified
               x1        y1  area1         x2        y2  area2         x3       y3  area3          x4         y4  area4          x5        y5  area5          x6         y6  area6
range  332.301131  1.202955  110.0  246.94302  3.899821  116.0  184.42753  6.37256   76.0  309.055346  16.792811  117.0  132.528266  9.696233   54.0  332.298951  30.369964  100.0
FAILURE!!!! Some beads might have been misidentified
               x1        y1  area1          x2        y2  area2          x3        y3  area3          x4         y4  area4          x5        y5  area5          x6         y6  area6
range  332.411765  1.182371  109.0  246.920103  3.964982  118.0  184.455178  6.384901   81.0  309.046687  16.911394  116.0  132.439324  9.660128   57.0  332.329861  30.351649   94.0
FAILURE!!!! Some beads might have been misidentified
