Phantom already exists, skipping: cuboid_phantom_5_normal.npy

################################################################################
Running cuboid=normal scenario=G4 N_ANGLES=24, K=5
view   0 | SOD= 568.374 mm | SDD= 691.050 mm | M= 1.216 | incident=3.1588°
[[  24.733675   -567.4833      -20.        ]
 [   3.6013086   122.35616      15.        ]
 [   0.14939497    0.00782946    0.        ]
 [   0.            0.            0.1496    ]]
           image          x1         y1  area1          x2          y2  area2          x3          y3  area3          x4          y4  area4          x5          y5  area5
0   proj_000.png  470.116041  86.912969    586  357.884007  198.917399    569  368.522073  303.092131    521  476.411439  414.444649    542  470.175652  538.907826    575
1   proj_001.png  430.991681  86.858569    601  346.157699  198.701299    539  405.502825  302.832392    531  488.429924  415.393939    528  430.965928  539.713799    587
2   proj_002.png  390.787270  86.860972    597  339.244485  198.522059    544  443.290807  302.909944    533  495.953096  416.590994    533  390.784512  539.673401    594
3   proj_003.png  352.664384  86.965753    584  337.638026  198.323583    547  479.434535  303.330171    527  498.120658  417.786106    547  352.630769  538.627350    585
4   proj_004.png  319.317324  87.236707    583  341.555354  198.016334    551  511.664783  304.107345    531  494.962366  419.055556    558  319.233677  536.817869    582
5   proj_005.png  293.054007  87.655052    574  350.611722  197.732601    546  538.114815  305.042593    540  486.289242  420.123457    567  293.029412  534.288927    578
6   proj_006.png  275.929947  88.082312    571  364.256458  197.583026    542  556.658135  306.277879    547  472.917976  421.099476    573  275.958042  531.321678    572
7   proj_007.png  268.775362  88.528986    552  381.395264  197.520947    549  566.097297  307.542342    555  455.522920  421.884550    589  268.772401  528.150538    558
8   proj_008.png  271.777164  89.034991    543  400.683544  197.453888    553  565.655971  308.887701    561  435.564784  422.209302    602  271.828154  524.901280    547
9   proj_009.png  284.523277  89.506518    537  421.189716  197.429078    564  554.913580  310.298060    567  414.320261  422.377451    612  284.593284  521.869403    536
10  proj_010.png  306.119545  89.810247    527  441.526042  197.460069    576  534.286713  311.384615    572  393.330081  422.160976    615  306.092628  519.304348    529
11  proj_011.png  334.795455  90.208333    528  460.272251  197.565445    573  505.378007  312.352234    582  374.131280  421.557536    617  334.832075  517.279245    530
12  proj_012.png  368.546816  90.342697    534  476.429348  197.639493    552  470.273333  313.026667    600  357.939655  420.877586    580  368.528864  515.864060    537
13  proj_013.png  405.500000  90.500000    544  488.454880  197.848987    543  430.979266  313.424242    627  346.101243  419.742451    563  405.479053  515.344262    549
14  proj_014.png  443.250916  90.463370    546  495.989130  198.126812    552  390.722581  313.303226    620  339.122995  418.579323    561  443.283883  515.496337    546
15  proj_015.png  479.352399  90.359779    542  498.066901  198.440141    568  352.568369  312.807249    607  337.702465  417.338028    568  479.443015  516.406250    544
16  proj_016.png  511.840659  90.038462    546  494.996546  198.569948    579  319.251656  312.014901    604  341.635088  416.054386    570  511.799636  518.067395    549
17  proj_017.png  538.100365  89.691606    548  486.302768  198.837370    578  293.060811  311.000000    592  350.657194  415.083481    563  538.085766  520.403285    548
18  proj_018.png  556.709091  89.325455    550  472.948276  199.022414    580  275.893913  309.746087    575  364.242315  414.146474    553  556.661844  523.173599    553
19  proj_019.png  566.073741  88.791367    556  455.573129  199.151361    588  268.777577  308.421338    553  381.338798  413.442623    549  566.125673  526.245961    557
20  proj_020.png  565.667266  88.464029    556  435.514190  199.245409    599  271.782689  306.948435    543  400.698752  413.073084    561  565.571942  529.512590    556
21  proj_021.png  554.862254  87.910555    559  414.315000  199.150000    600  284.546139  305.638418    531  421.296296  412.911817    567  554.857651  532.546263    562
22  proj_022.png  534.308108  87.493694    555  393.393688  199.207641    602  306.190661  304.618677    514  441.611702  413.143617    564  534.388385  535.415608    551
23  proj_023.png  505.413547  87.165775    561  374.030560  199.078098    589  334.889109  303.790099    505  460.290323  413.661290    558  505.357651  537.697509    562

============================================================
Iteration 0
============================================================
Theta offsets (Unity frame):
  Source   : dSx=   0.000, dSy=   0.000, dSz=   0.000  (mm)
  Object   : dOx=   0.000, dOy=   0.000, dOz=   0.000  (mm)
  Object offset: offset_x=   0.000, offset_z=   0.000  (mm)
  Detector : dDx=   0.000, dDy=   0.000, dDz=   0.000  (mm)
  Obj Stage rotY :    0.000 deg
============================================================

Unity geometry (world coordinates):
  Source   : x=  -5.000, y=  38.000, z=   0.000
  Object   : x=   7.000, y=  20.000, z= 576.000
  Detector : x=  10.000, y=   3.000, z= 690.000
  Obj rotY :   0.0000 deg
view   0 | SOD= 576.406 mm | SDD= 691.050 mm | M= 1.199 | incident=3.1588°
[[ -12.     -576.      -18.    ]
 [   3.      114.       17.    ]
 [   0.1496    0.        0.    ]
 [   0.        0.        0.1496]]
Residual vector length: 480, Jacobian shape: (480, 6)
view   0 | SOD= 575.999 mm | SDD= 691.050 mm | M= 1.200 | incident=3.1588°
[[   1.0018591  -575.664       -19.627985  ]
 [   7.059666    114.47243      15.372015  ]
 [   0.14958744    0.0019385     0.        ]
 [   0.            0.            0.1496    ]]

iter 00 cost=211215.207108 -> 17731.362195 |dtheta|=5.495444e+00  lambda=1.000e-02

============================================================
Iteration 1
============================================================
Theta offsets (Unity frame):
  Source   : dSx=   0.000, dSy=   0.000, dSz=   0.000  (mm)
  Object   : dOx=  -5.141, dOy=  -1.628, dOz=  -0.595  (mm)
  Object offset: offset_x=  -0.401, offset_z=   0.224  (mm)
  Detector : dDx=   0.000, dDy=   0.000, dDz=   0.000  (mm)
  Obj Stage rotY :    0.742 deg
============================================================

Unity geometry (world coordinates):
  Source   : x=  -5.000, y=  38.000, z=   0.000
  Object   : x=   1.859, y=  18.372, z= 575.405
  Detector : x=  10.000, y=   3.000, z= 690.000
  Obj rotY :   0.0000 deg
view   0 | SOD= 575.999 mm | SDD= 691.050 mm | M= 1.200 | incident=3.1588°
[[   1.0018591  -575.664       -19.627985  ]
 [   7.059666    114.47243      15.372015  ]
 [   0.14958744    0.0019385     0.        ]
 [   0.            0.            0.1496    ]]
Residual vector length: 480, Jacobian shape: (480, 6)
view   0 | SOD= 574.556 mm | SDD= 691.050 mm | M= 1.203 | incident=3.1588°
[[  10.895042   -574.1025      -20.055895  ]
 [   6.2779613   116.045074     14.944105  ]
 [   0.14953956    0.0042519     0.        ]
 [   0.            0.            0.1496    ]]

iter 01 cost=17731.362195 -> 3012.749624 |dtheta|=2.109669e+00  lambda=3.333e-03

============================================================
Iteration 2
============================================================
Theta offsets (Unity frame):
  Source   : dSx=   0.000, dSy=   0.000, dSz=   0.000  (mm)
  Object   : dOx=  -6.431, dOy=  -2.056, dOz=  -1.912  (mm)
  Object offset: offset_x=  -0.142, offset_z=   0.092  (mm)
  Detector : dDx=   0.000, dDy=   0.000, dDz=   0.000  (mm)
  Obj Stage rotY :    1.629 deg
============================================================

Unity geometry (world coordinates):
  Source   : x=  -5.000, y=  38.000, z=   0.000
  Object   : x=   0.569, y=  17.944, z= 574.088
  Detector : x=  10.000, y=   3.000, z= 690.000
  Obj rotY :   0.0000 deg
view   0 | SOD= 574.556 mm | SDD= 691.050 mm | M= 1.203 | incident=3.1588°
[[  10.895042   -574.1025      -20.055895  ]
 [   6.2779613   116.045074     14.944105  ]
 [   0.14953956    0.0042519     0.        ]
 [   0.            0.            0.1496    ]]
Residual vector length: 480, Jacobian shape: (480, 6)
view   0 | SOD= 573.878 mm | SDD= 691.050 mm | M= 1.204 | incident=3.1588°
[[  16.79874    -573.2772      -20.162197  ]
 [   5.4179554   116.791954     14.837803  ]
 [   0.14949071    0.00571728    0.        ]
 [   0.            0.            0.1496    ]]

iter 02 cost=3012.749624 -> 1306.941286 |dtheta|=9.461077e-01  lambda=1.111e-03

============================================================
Iteration 3
============================================================
Theta offsets (Unity frame):
  Source   : dSx=   0.000, dSy=   0.000, dSz=   0.000  (mm)
  Object   : dOx=  -6.823, dOy=  -2.162, dOz=  -2.549  (mm)
  Object offset: offset_x=  -0.054, offset_z=   0.049  (mm)
  Detector : dDx=   0.000, dDy=   0.000, dDz=   0.000  (mm)
  Obj Stage rotY :    2.190 deg
============================================================

Unity geometry (world coordinates):
  Source   : x=  -5.000, y=  38.000, z=   0.000
  Object   : x=   0.177, y=  17.838, z= 573.451
  Detector : x=  10.000, y=   3.000, z= 690.000
  Obj rotY :   0.0000 deg
view   0 | SOD= 573.878 mm | SDD= 691.050 mm | M= 1.204 | incident=3.1588°
[[  16.79874    -573.2772      -20.162197  ]
 [   5.4179554   116.791954     14.837803  ]
 [   0.14949071    0.00571728    0.        ]
 [   0.            0.            0.1496    ]]
Residual vector length: 480, Jacobian shape: (480, 6)
view   0 | SOD= 572.787 mm | SDD= 691.050 mm | M= 1.206 | incident=3.1588°
[[  19.958519   -572.08344     -20.165627  ]
 [   4.776393    117.91259      14.834373  ]
 [   0.14945695    0.00654073    0.        ]
 [   0.            0.            0.1496    ]]

iter 03 cost=1306.941286 -> 767.111036 |dtheta|=1.081275e+00  lambda=3.704e-04

============================================================
Iteration 4
============================================================
Theta offsets (Unity frame):
  Source   : dSx=   0.000, dSy=   0.000, dSz=   0.000  (mm)
  Object   : dOx=  -6.916, dOy=  -2.166, dOz=  -3.576  (mm)
  Object offset: offset_x=  -0.011, offset_z=  -0.015  (mm)
  Detector : dDx=   0.000, dDy=   0.000, dDz=   0.000  (mm)
  Obj Stage rotY :    2.506 deg
============================================================

Unity geometry (world coordinates):
  Source   : x=  -5.000, y=  38.000, z=   0.000
  Object   : x=   0.084, y=  17.834, z= 572.424
  Detector : x=  10.000, y=   3.000, z= 690.000
  Obj rotY :   0.0000 deg
view   0 | SOD= 572.787 mm | SDD= 691.050 mm | M= 1.206 | incident=3.1588°
[[  19.958519   -572.08344     -20.165627  ]
 [   4.776393    117.91259      14.834373  ]
 [   0.14945695    0.00654073    0.        ]
 [   0.            0.            0.1496    ]]
Residual vector length: 480, Jacobian shape: (480, 6)
view   0 | SOD= 571.710 mm | SDD= 691.050 mm | M= 1.209 | incident=3.1588°
[[  22.366554   -570.9178      -20.116917  ]
 [   4.292649    119.00857      14.883083  ]
 [   0.14942822    0.00716707    0.        ]
 [   0.            0.            0.1496    ]]

iter 04 cost=767.111036 -> 398.328109 |dtheta|=1.179352e+00  lambda=1.235e-04

============================================================
Iteration 5
============================================================
Theta offsets (Unity frame):
  Source   : dSx=   0.000, dSy=   0.000, dSz=   0.000  (mm)
  Object   : dOx=  -6.953, dOy=  -2.117, dOz=  -4.726  (mm)
  Object offset: offset_x=  -0.036, offset_z=   0.060  (mm)
  Detector : dDx=   0.000, dDy=   0.000, dDz=   0.000  (mm)
  Obj Stage rotY :    2.746 deg
============================================================

Unity geometry (world coordinates):
  Source   : x=  -5.000, y=  38.000, z=   0.000
  Object   : x=   0.047, y=  17.883, z= 571.274
  Detector : x=  10.000, y=   3.000, z= 690.000
  Obj rotY :   0.0000 deg
view   0 | SOD= 571.710 mm | SDD= 691.050 mm | M= 1.209 | incident=3.1588°
[[  22.366554   -570.9178      -20.116917  ]
 [   4.292649    119.00857      14.883083  ]
 [   0.14942822    0.00716707    0.        ]
 [   0.            0.            0.1496    ]]
Residual vector length: 480, Jacobian shape: (480, 6)
view   0 | SOD= 570.819 mm | SDD= 691.050 mm | M= 1.211 | incident=3.1588°
[[  24.006897   -569.9596      -20.09409   ]
 [   3.8967445   119.91041      14.9059105 ]
 [   0.14940642    0.00760808    0.        ]
 [   0.            0.            0.1496    ]]

iter 05 cost=398.328109 -> 205.367208 |dtheta|=8.797443e-01  lambda=4.115e-05

============================================================
Iteration 6
============================================================
Theta offsets (Unity frame):
  Source   : dSx=   0.000, dSy=   0.000, dSz=   0.000  (mm)
  Object   : dOx=  -6.982, dOy=  -2.094, dOz=  -5.588  (mm)
  Object offset: offset_x=  -0.008, offset_z=   0.031  (mm)
  Detector : dDx=   0.000, dDy=   0.000, dDz=   0.000  (mm)
  Obj Stage rotY :    2.915 deg
============================================================

Unity geometry (world coordinates):
  Source   : x=  -5.000, y=  38.000, z=   0.000
  Object   : x=   0.018, y=  17.906, z= 570.412
  Detector : x=  10.000, y=   3.000, z= 690.000
  Obj rotY :   0.0000 deg
view   0 | SOD= 570.819 mm | SDD= 691.050 mm | M= 1.211 | incident=3.1588°
[[  24.006897   -569.9596      -20.09409   ]
 [   3.8967445   119.91041      14.9059105 ]
 [   0.14940642    0.00760808    0.        ]
 [   0.            0.            0.1496    ]]
Residual vector length: 480, Jacobian shape: (480, 6)
view   0 | SOD= 570.327 mm | SDD= 691.050 mm | M= 1.212 | incident=3.1588°
[[  24.706532   -569.4379      -20.076855  ]
 [   3.7090158   120.40563      14.923145  ]
 [   0.14939651    0.00780025    0.        ]
 [   0.            0.            0.1496    ]]

iter 06 cost=205.367208 -> 132.704027 |dtheta|=4.849729e-01  lambda=1.372e-05

============================================================
Iteration 7
============================================================
Theta offsets (Unity frame):
  Source   : dSx=   0.000, dSy=   0.000, dSz=   0.000  (mm)
  Object   : dOx=  -6.995, dOy=  -2.077, dOz=  -6.066  (mm)
  Object offset: offset_x=   0.013, offset_z=   0.017  (mm)
  Detector : dDx=   0.000, dDy=   0.000, dDz=   0.000  (mm)
  Obj Stage rotY :    2.989 deg
============================================================

Unity geometry (world coordinates):
  Source   : x=  -5.000, y=  38.000, z=   0.000
  Object   : x=   0.005, y=  17.923, z= 569.934
  Detector : x=  10.000, y=   3.000, z= 690.000
  Obj rotY :   0.0000 deg
view   0 | SOD= 570.327 mm | SDD= 691.050 mm | M= 1.212 | incident=3.1588°
[[  24.706532   -569.4379      -20.076855  ]
 [   3.7090158   120.40563      14.923145  ]
 [   0.14939651    0.00780025    0.        ]
 [   0.            0.            0.1496    ]]
Residual vector length: 480, Jacobian shape: (480, 6)
view   0 | SOD= 570.008 mm | SDD= 691.050 mm | M= 1.212 | incident=3.1588°
[[  24.943077   -569.10815     -20.066828  ]
 [   3.6643617   120.72678      14.933172  ]
 [   0.14939332    0.00786115    0.        ]
 [   0.            0.            0.1496    ]]

iter 07 cost=132.704027 -> 93.972574 |dtheta|=3.112397e-01  lambda=4.572e-06

============================================================
Iteration 8
============================================================
Theta offsets (Unity frame):
  Source   : dSx=   0.000, dSy=   0.000, dSz=   0.000  (mm)
  Object   : dOx=  -6.992, dOy=  -2.067, dOz=  -6.375  (mm)
  Object offset: offset_x=  -0.011, offset_z=   0.007  (mm)
  Detector : dDx=   0.000, dDy=   0.000, dDz=   0.000  (mm)
  Obj Stage rotY :    3.012 deg
============================================================

Unity geometry (world coordinates):
  Source   : x=  -5.000, y=  38.000, z=   0.000
  Object   : x=   0.008, y=  17.933, z= 569.625
  Detector : x=  10.000, y=   3.000, z= 690.000
  Obj rotY :   0.0000 deg
view   0 | SOD= 570.008 mm | SDD= 691.050 mm | M= 1.212 | incident=3.1588°
[[  24.943077   -569.10815     -20.066828  ]
 [   3.6643617   120.72678      14.933172  ]
 [   0.14939332    0.00786115    0.        ]
 [   0.            0.            0.1496    ]]
Residual vector length: 480, Jacobian shape: (480, 6)
view   0 | SOD= 569.627 mm | SDD= 691.050 mm | M= 1.213 | incident=3.1588°
[[  24.778652   -568.7348      -20.035606  ]
 [   3.6849394   121.10583      14.964394  ]
 [   0.14939542    0.00782109    0.        ]
 [   0.            0.            0.1496    ]]

iter 08 cost=93.972574 -> 54.972775 |dtheta|=3.826481e-01  lambda=1.524e-06

============================================================
Iteration 9
============================================================
Theta offsets (Unity frame):
  Source   : dSx=   0.000, dSy=   0.000, dSz=   0.000  (mm)
  Object   : dOx=  -7.002, dOy=  -2.036, dOz=  -6.756  (mm)
  Object offset: offset_x=  -0.010, offset_z=   0.008  (mm)
  Detector : dDx=   0.000, dDy=   0.000, dDz=   0.000  (mm)
  Obj Stage rotY :    2.997 deg
============================================================

Unity geometry (world coordinates):
  Source   : x=  -5.000, y=  38.000, z=   0.000
  Object   : x=  -0.002, y=  17.964, z= 569.244
  Detector : x=  10.000, y=   3.000, z= 690.000
  Obj rotY :   0.0000 deg
view   0 | SOD= 569.627 mm | SDD= 691.050 mm | M= 1.213 | incident=3.1588°
[[  24.778652   -568.7348      -20.035606  ]
 [   3.6849394   121.10583      14.964394  ]
 [   0.14939542    0.00782109    0.        ]
 [   0.            0.            0.1496    ]]
Residual vector length: 480, Jacobian shape: (480, 6)
view   0 | SOD= 569.351 mm | SDD= 691.050 mm | M= 1.214 | incident=3.1588°
[[  24.904264   -568.453       -20.027935  ]
 [   3.622142    121.38183      14.972065  ]
 [   0.14939328    0.00786189    0.        ]
 [   0.            0.            0.1496    ]]

iter 09 cost=54.972775 -> 33.847959 |dtheta|=2.785450e-01  lambda=1.000e-06

============================================================
Iteration 10
============================================================
Theta offsets (Unity frame):
  Source   : dSx=   0.000, dSy=   0.000, dSz=   0.000  (mm)
  Object   : dOx=  -6.996, dOy=  -2.028, dOz=  -7.034  (mm)
  Object offset: offset_x=   0.000, offset_z=   0.010  (mm)
  Detector : dDx=   0.000, dDy=   0.000, dDz=   0.000  (mm)
  Obj Stage rotY :    3.012 deg
============================================================

Unity geometry (world coordinates):
  Source   : x=  -5.000, y=  38.000, z=   0.000
  Object   : x=   0.004, y=  17.972, z= 568.966
  Detector : x=  10.000, y=   3.000, z= 690.000
  Obj rotY :   0.0000 deg
view   0 | SOD= 569.351 mm | SDD= 691.050 mm | M= 1.214 | incident=3.1588°
[[  24.904264   -568.453       -20.027935  ]
 [   3.622142    121.38183      14.972065  ]
 [   0.14939328    0.00786189    0.        ]
 [   0.            0.            0.1496    ]]
Residual vector length: 480, Jacobian shape: (480, 6)
view   0 | SOD= 569.160 mm | SDD= 691.050 mm | M= 1.214 | incident=3.1588°
[[  24.87257    -568.26355     -20.023914  ]
 [   3.6103191   121.57185      14.976086  ]
 [   0.1493935     0.00785759    0.        ]
 [   0.            0.            0.1496    ]]

iter 10 cost=33.847959 -> 21.689856 |dtheta|=1.975174e-01  lambda=1.000e-06

============================================================
Iteration 11
============================================================
Theta offsets (Unity frame):
  Source   : dSx=   0.000, dSy=   0.000, dSz=   0.000  (mm)
  Object   : dOx=  -6.996, dOy=  -2.024, dOz=  -7.231  (mm)
  Object offset: offset_x=   0.005, offset_z=   0.016  (mm)
  Detector : dDx=   0.000, dDy=   0.000, dDz=   0.000  (mm)
  Obj Stage rotY :    3.011 deg
============================================================

Unity geometry (world coordinates):
  Source   : x=  -5.000, y=  38.000, z=   0.000
  Object   : x=   0.004, y=  17.976, z= 568.769
  Detector : x=  10.000, y=   3.000, z= 690.000
  Obj rotY :   0.0000 deg
view   0 | SOD= 569.160 mm | SDD= 691.050 mm | M= 1.214 | incident=3.1588°
[[  24.87257    -568.26355     -20.023914  ]
 [   3.6103191   121.57185      14.976086  ]
 [   0.1493935     0.00785759    0.        ]
 [   0.            0.            0.1496    ]]
Residual vector length: 480, Jacobian shape: (480, 6)
view   0 | SOD= 568.973 mm | SDD= 691.050 mm | M= 1.215 | incident=3.1588°
[[  24.732153   -568.08246     -20.019209  ]
 [   3.6366045   121.75809      14.980791  ]
 [   0.14939539    0.00782149    0.        ]
 [   0.            0.            0.1496    ]]

iter 11 cost=21.689856 -> 13.259602 |dtheta|=1.833142e-01  lambda=1.000e-06

============================================================
Iteration 12
============================================================
Theta offsets (Unity frame):
  Source   : dSx=   0.000, dSy=   0.000, dSz=   0.000  (mm)
  Object   : dOx=  -6.998, dOy=  -2.019, dOz=  -7.413  (mm)
  Object offset: offset_x=   0.000, offset_z=   0.012  (mm)
  Detector : dDx=   0.000, dDy=   0.000, dDz=   0.000  (mm)
  Obj Stage rotY :    2.997 deg
============================================================

Unity geometry (world coordinates):
  Source   : x=  -5.000, y=  38.000, z=   0.000
  Object   : x=   0.002, y=  17.981, z= 568.587
  Detector : x=  10.000, y=   3.000, z= 690.000
  Obj rotY :   0.0000 deg
view   0 | SOD= 568.973 mm | SDD= 691.050 mm | M= 1.215 | incident=3.1588°
[[  24.732153   -568.08246     -20.019209  ]
 [   3.6366045   121.75809      14.980791  ]
 [   0.14939539    0.00782149    0.        ]
 [   0.            0.            0.1496    ]]
Residual vector length: 480, Jacobian shape: (480, 6)
view   0 | SOD= 568.869 mm | SDD= 691.050 mm | M= 1.215 | incident=3.1588°
[[  24.919392   -567.9708      -20.015207  ]
 [   3.5840433   121.86234      14.984793  ]
 [   0.14939266    0.00787342    0.        ]
 [   0.            0.            0.1496    ]]

iter 12 cost=13.259602 -> 9.240290 |dtheta|=9.958358e-02  lambda=1.000e-06

============================================================
Iteration 13
============================================================
Theta offsets (Unity frame):
  Source   : dSx=   0.000, dSy=   0.000, dSz=   0.000  (mm)
  Object   : dOx=  -6.997, dOy=  -2.015, dOz=  -7.511  (mm)
  Object offset: offset_x=   0.005, offset_z=   0.006  (mm)
  Detector : dDx=   0.000, dDy=   0.000, dDz=   0.000  (mm)
  Obj Stage rotY :    3.017 deg
============================================================

Unity geometry (world coordinates):
  Source   : x=  -5.000, y=  38.000, z=   0.000
  Object   : x=   0.003, y=  17.985, z= 568.489
  Detector : x=  10.000, y=   3.000, z= 690.000
  Obj rotY :   0.0000 deg
view   0 | SOD= 568.869 mm | SDD= 691.050 mm | M= 1.215 | incident=3.1588°
[[  24.919392   -567.9708      -20.015207  ]
 [   3.5840433   121.86234      14.984793  ]
 [   0.14939266    0.00787342    0.        ]
 [   0.            0.            0.1496    ]]
Residual vector length: 480, Jacobian shape: (480, 6)
view   0 | SOD= 568.776 mm | SDD= 691.050 mm | M= 1.215 | incident=3.1588°
[[  24.725739   -567.88586     -20.01562   ]
 [   3.6183789   121.954346     14.984381  ]
 [   0.14939526    0.00782404    0.        ]
 [   0.            0.            0.1496    ]]

iter 13 cost=9.240290 -> 6.221393 |dtheta|=9.018416e-02  lambda=1.000e-06

============================================================
Iteration 14
============================================================
Theta offsets (Unity frame):
  Source   : dSx=   0.000, dSy=   0.000, dSz=   0.000  (mm)
  Object   : dOx=  -6.997, dOy=  -2.016, dOz=  -7.599  (mm)
  Object offset: offset_x=   0.006, offset_z=   0.000  (mm)
  Detector : dDx=   0.000, dDy=   0.000, dDz=   0.000  (mm)
  Obj Stage rotY :    2.998 deg
============================================================

Unity geometry (world coordinates):
  Source   : x=  -5.000, y=  38.000, z=   0.000
  Object   : x=   0.003, y=  17.984, z= 568.401
  Detector : x=  10.000, y=   3.000, z= 690.000
  Obj rotY :   0.0000 deg
view   0 | SOD= 568.776 mm | SDD= 691.050 mm | M= 1.215 | incident=3.1588°
[[  24.725739   -567.88586     -20.01562   ]
 [   3.6183789   121.954346     14.984381  ]
 [   0.14939526    0.00782404    0.        ]
 [   0.            0.            0.1496    ]]
Residual vector length: 480, Jacobian shape: (480, 6)
view   0 | SOD= 568.699 mm | SDD= 691.050 mm | M= 1.215 | incident=3.1588°
[[  24.71617    -567.80865     -20.011496  ]
 [   3.6190856   122.03186      14.988504  ]
 [   0.14939538    0.00782182    0.        ]
 [   0.            0.            0.1496    ]]

iter 14 cost=6.221393 -> 4.470789 |dtheta|=7.714682e-02  lambda=1.000e-06

============================================================
Iteration 15
============================================================
Theta offsets (Unity frame):
  Source   : dSx=   0.000, dSy=   0.000, dSz=   0.000  (mm)
  Object   : dOx=  -6.998, dOy=  -2.011, dOz=  -7.676  (mm)
  Object offset: offset_x=   0.004, offset_z=  -0.000  (mm)
  Detector : dDx=   0.000, dDy=   0.000, dDz=   0.000  (mm)
  Obj Stage rotY :    2.997 deg
============================================================

Unity geometry (world coordinates):
  Source   : x=  -5.000, y=  38.000, z=   0.000
  Object   : x=   0.002, y=  17.989, z= 568.324
  Detector : x=  10.000, y=   3.000, z= 690.000
  Obj rotY :   0.0000 deg
view   0 | SOD= 568.699 mm | SDD= 691.050 mm | M= 1.215 | incident=3.1588°
[[  24.71617    -567.80865     -20.011496  ]
 [   3.6190856   122.03186      14.988504  ]
 [   0.14939538    0.00782182    0.        ]
 [   0.            0.            0.1496    ]]
Residual vector length: 480, Jacobian shape: (480, 6)
view   0 | SOD= 568.636 mm | SDD= 691.050 mm | M= 1.215 | incident=3.1588°
[[  24.73844    -567.7451      -20.008224  ]
 [   3.6125326   122.09452      14.9917755 ]
 [   0.14939505    0.00782806    0.        ]
 [   0.            0.            0.1496    ]]

iter 15 cost=4.470789 -> 3.344603 |dtheta|=6.333680e-02  lambda=1.000e-06

============================================================
Iteration 16
============================================================
Theta offsets (Unity frame):
  Source   : dSx=   0.000, dSy=   0.000, dSz=   0.000  (mm)
  Object   : dOx=  -6.998, dOy=  -2.008, dOz=  -7.739  (mm)
  Object offset: offset_x=   0.002, offset_z=   0.001  (mm)
  Detector : dDx=   0.000, dDy=   0.000, dDz=   0.000  (mm)
  Obj Stage rotY :    2.999 deg
============================================================

Unity geometry (world coordinates):
  Source   : x=  -5.000, y=  38.000, z=   0.000
  Object   : x=   0.002, y=  17.992, z= 568.261
  Detector : x=  10.000, y=   3.000, z= 690.000
  Obj rotY :   0.0000 deg
view   0 | SOD= 568.636 mm | SDD= 691.050 mm | M= 1.215 | incident=3.1588°
[[  24.73844    -567.7451      -20.008224  ]
 [   3.6125326   122.09452      14.9917755 ]
 [   0.14939505    0.00782806    0.        ]
 [   0.            0.            0.1496    ]]
Residual vector length: 480, Jacobian shape: (480, 6)
view   0 | SOD= 568.597 mm | SDD= 691.050 mm | M= 1.215 | incident=3.1588°
[[  24.76163    -567.70557     -20.006924  ]
 [   3.6064978   122.13313      14.993076  ]
 [   0.14939472    0.00783439    0.        ]
 [   0.            0.            0.1496    ]]

iter 16 cost=3.344603 -> 2.636278 |dtheta|=3.926281e-02  lambda=1.000e-06

============================================================
Iteration 17
============================================================
Theta offsets (Unity frame):
  Source   : dSx=   0.000, dSy=   0.000, dSz=   0.000  (mm)
  Object   : dOx=  -6.998, dOy=  -2.007, dOz=  -7.778  (mm)
  Object offset: offset_x=   0.000, offset_z=   0.001  (mm)
  Detector : dDx=   0.000, dDy=   0.000, dDz=   0.000  (mm)
  Obj Stage rotY :    3.002 deg
============================================================

Unity geometry (world coordinates):
  Source   : x=  -5.000, y=  38.000, z=   0.000
  Object   : x=   0.002, y=  17.993, z= 568.222
  Detector : x=  10.000, y=   3.000, z= 690.000
  Obj rotY :   0.0000 deg
view   0 | SOD= 568.597 mm | SDD= 691.050 mm | M= 1.215 | incident=3.1588°
[[  24.76163    -567.70557     -20.006924  ]
 [   3.6064978   122.13313      14.993076  ]
 [   0.14939472    0.00783439    0.        ]
 [   0.            0.            0.1496    ]]
Residual vector length: 480, Jacobian shape: (480, 6)
view   0 | SOD= 568.556 mm | SDD= 691.050 mm | M= 1.215 | incident=3.1588°
[[  24.760784   -567.66425     -20.006199  ]
 [   3.6041856   122.17441      14.993801  ]
 [   0.1493947     0.00783471    0.        ]
 [   0.            0.            0.1496    ]]

iter 17 cost=2.636278 -> 2.182642 |dtheta|=4.181869e-02  lambda=1.000e-06

============================================================
Iteration 18
============================================================
Theta offsets (Unity frame):
  Source   : dSx=   0.000, dSy=   0.000, dSz=   0.000  (mm)
  Object   : dOx=  -6.998, dOy=  -2.006, dOz=  -7.820  (mm)
  Object offset: offset_x=   0.000, offset_z=   0.002  (mm)
  Detector : dDx=   0.000, dDy=   0.000, dDz=   0.000  (mm)
  Obj Stage rotY :    3.002 deg
============================================================

Unity geometry (world coordinates):
  Source   : x=  -5.000, y=  38.000, z=   0.000
  Object   : x=   0.002, y=  17.994, z= 568.180
  Detector : x=  10.000, y=   3.000, z= 690.000
  Obj rotY :   0.0000 deg
view   0 | SOD= 568.556 mm | SDD= 691.050 mm | M= 1.215 | incident=3.1588°
[[  24.760784   -567.66425     -20.006199  ]
 [   3.6041856   122.17441      14.993801  ]
 [   0.1493947     0.00783471    0.        ]
 [   0.            0.            0.1496    ]]
Residual vector length: 480, Jacobian shape: (480, 6)
view   0 | SOD= 568.531 mm | SDD= 691.050 mm | M= 1.216 | incident=3.1588°
[[  24.7762     -567.6385      -20.005913  ]
 [   3.598562    122.19954      14.994087  ]
 [   0.14939447    0.00783926    0.        ]
 [   0.            0.            0.1496    ]]

iter 18 cost=2.182642 -> 2.014904 |dtheta|=2.482036e-02  lambda=1.000e-06

============================================================
Iteration 19
============================================================
Theta offsets (Unity frame):
  Source   : dSx=   0.000, dSy=   0.000, dSz=   0.000  (mm)
  Object   : dOx=  -6.997, dOy=  -2.006, dOz=  -7.845  (mm)
  Object offset: offset_x=   0.000, offset_z=   0.001  (mm)
  Detector : dDx=   0.000, dDy=   0.000, dDz=   0.000  (mm)
  Obj Stage rotY :    3.004 deg
============================================================

Unity geometry (world coordinates):
  Source   : x=  -5.000, y=  38.000, z=   0.000
  Object   : x=   0.003, y=  17.994, z= 568.155
  Detector : x=  10.000, y=   3.000, z= 690.000
  Obj rotY :   0.0000 deg
view   0 | SOD= 568.531 mm | SDD= 691.050 mm | M= 1.216 | incident=3.1588°
[[  24.7762     -567.6385      -20.005913  ]
 [   3.598562    122.19954      14.994087  ]
 [   0.14939447    0.00783926    0.        ]
 [   0.            0.            0.1496    ]]
Residual vector length: 480, Jacobian shape: (480, 6)
view   0 | SOD= 568.512 mm | SDD= 691.050 mm | M= 1.216 | incident=3.1588°
[[  24.79028    -567.61914     -20.005476  ]
 [   3.5954504   122.21839      14.994524  ]
 [   0.14939427    0.00784299    0.        ]
 [   0.            0.            0.1496    ]]

iter 19 cost=2.014904 -> 1.773636 |dtheta|=1.900479e-02  lambda=1.000e-06

============================================================
Iteration 20
============================================================
Theta offsets (Unity frame):
  Source   : dSx=   0.000, dSy=   0.000, dSz=   0.000  (mm)
  Object   : dOx=  -6.997, dOy=  -2.005, dOz=  -7.863  (mm)
  Object offset: offset_x=  -0.001, offset_z=   0.002  (mm)
  Detector : dDx=   0.000, dDy=   0.000, dDz=   0.000  (mm)
  Obj Stage rotY :    3.005 deg
============================================================

Unity geometry (world coordinates):
  Source   : x=  -5.000, y=  38.000, z=   0.000
  Object   : x=   0.003, y=  17.995, z= 568.137
  Detector : x=  10.000, y=   3.000, z= 690.000
  Obj rotY :   0.0000 deg
view   0 | SOD= 568.512 mm | SDD= 691.050 mm | M= 1.216 | incident=3.1588°
[[  24.79028    -567.61914     -20.005476  ]
 [   3.5954504   122.21839      14.994524  ]
 [   0.14939427    0.00784299    0.        ]
 [   0.            0.            0.1496    ]]
Residual vector length: 480, Jacobian shape: (480, 6)
view   0 | SOD= 568.496 mm | SDD= 691.050 mm | M= 1.216 | incident=3.1588°
[[  24.798264   -567.60284     -20.005049  ]
 [   3.5947373   122.23437      14.994951  ]
 [   0.14939417    0.00784487    0.        ]
 [   0.            0.            0.1496    ]]

iter 20 cost=1.773636 -> 1.626290 |dtheta|=1.667676e-02  lambda=1.000e-06

============================================================
Iteration 21
============================================================
Theta offsets (Unity frame):
  Source   : dSx=   0.000, dSy=   0.000, dSz=   0.000  (mm)
  Object   : dOx=  -6.997, dOy=  -2.005, dOz=  -7.880  (mm)
  Object offset: offset_x=  -0.003, offset_z=   0.002  (mm)
  Detector : dDx=   0.000, dDy=   0.000, dDz=   0.000  (mm)
  Obj Stage rotY :    3.006 deg
============================================================

Unity geometry (world coordinates):
  Source   : x=  -5.000, y=  38.000, z=   0.000
  Object   : x=   0.003, y=  17.995, z= 568.120
  Detector : x=  10.000, y=   3.000, z= 690.000
  Obj rotY :   0.0000 deg
view   0 | SOD= 568.496 mm | SDD= 691.050 mm | M= 1.216 | incident=3.1588°
[[  24.798264   -567.60284     -20.005049  ]
 [   3.5947373   122.23437      14.994951  ]
 [   0.14939417    0.00784487    0.        ]
 [   0.            0.            0.1496    ]]
Residual vector length: 480, Jacobian shape: (480, 6)
view   0 | SOD= 568.481 mm | SDD= 691.050 mm | M= 1.216 | incident=3.1588°
[[  24.788021   -567.5877      -20.004183  ]
 [   3.5955875   122.2499       14.995817  ]
 [   0.14939429    0.00784247    0.        ]
 [   0.            0.            0.1496    ]]

iter 21 cost=1.626290 -> 1.497282 |dtheta|=1.528571e-02  lambda=1.000e-06

============================================================
Iteration 22
============================================================
Theta offsets (Unity frame):
  Source   : dSx=   0.000, dSy=   0.000, dSz=   0.000  (mm)
  Object   : dOx=  -6.998, dOy=  -2.004, dOz=  -7.895  (mm)
  Object offset: offset_x=  -0.002, offset_z=   0.002  (mm)
  Detector : dDx=   0.000, dDy=   0.000, dDz=   0.000  (mm)
  Obj Stage rotY :    3.005 deg
============================================================

Unity geometry (world coordinates):
  Source   : x=  -5.000, y=  38.000, z=   0.000
  Object   : x=   0.002, y=  17.996, z= 568.105
  Detector : x=  10.000, y=   3.000, z= 690.000
  Obj rotY :   0.0000 deg
view   0 | SOD= 568.481 mm | SDD= 691.050 mm | M= 1.216 | incident=3.1588°
[[  24.788021   -567.5877      -20.004183  ]
 [   3.5955875   122.2499       14.995817  ]
 [   0.14939429    0.00784247    0.        ]
 [   0.            0.            0.1496    ]]
Residual vector length: 480, Jacobian shape: (480, 6)
view   0 | SOD= 568.467 mm | SDD= 691.050 mm | M= 1.216 | incident=3.1588°
[[  24.789984   -567.5737      -20.003199  ]
 [   3.596061    122.26382      14.996801  ]
 [   0.14939427    0.00784279    0.        ]
 [   0.            0.            0.1496    ]]

iter 22 cost=1.497282 -> 1.433207 |dtheta|=1.334595e-02  lambda=1.000e-06

============================================================
Iteration 23
============================================================
Theta offsets (Unity frame):
  Source   : dSx=   0.000, dSy=   0.000, dSz=   0.000  (mm)
  Object   : dOx=  -6.998, dOy=  -2.003, dOz=  -7.908  (mm)
  Object offset: offset_x=  -0.003, offset_z=   0.001  (mm)
  Detector : dDx=   0.000, dDy=   0.000, dDz=   0.000  (mm)
  Obj Stage rotY :    3.005 deg
============================================================

Unity geometry (world coordinates):
  Source   : x=  -5.000, y=  38.000, z=   0.000
  Object   : x=   0.002, y=  17.997, z= 568.092
  Detector : x=  10.000, y=   3.000, z= 690.000
  Obj rotY :   0.0000 deg
view   0 | SOD= 568.467 mm | SDD= 691.050 mm | M= 1.216 | incident=3.1588°
[[  24.789984   -567.5737      -20.003199  ]
 [   3.596061    122.26382      14.996801  ]
 [   0.14939427    0.00784279    0.        ]
 [   0.            0.            0.1496    ]]
Residual vector length: 480, Jacobian shape: (480, 6)
view   0 | SOD= 568.457 mm | SDD= 691.050 mm | M= 1.216 | incident=3.1588°
[[  24.779797   -567.5643      -20.003565  ]
 [   3.596105    122.273575     14.996435  ]
 [   0.1493944     0.00784057    0.        ]
 [   0.            0.            0.1496    ]]

iter 23 cost=1.433207 -> 1.442578 |dtheta|=1.004827e-02  lambda=1.000e-06

============================================================
Iteration 24
============================================================
Theta offsets (Unity frame):
  Source   : dSx=   0.000, dSy=   0.000, dSz=   0.000  (mm)
  Object   : dOx=  -6.998, dOy=  -2.003, dOz=  -7.908  (mm)
  Object offset: offset_x=  -0.003, offset_z=   0.001  (mm)
  Detector : dDx=   0.000, dDy=   0.000, dDz=   0.000  (mm)
  Obj Stage rotY :    3.005 deg
============================================================

Unity geometry (world coordinates):
  Source   : x=  -5.000, y=  38.000, z=   0.000
  Object   : x=   0.002, y=  17.997, z= 568.092
  Detector : x=  10.000, y=   3.000, z= 690.000
  Obj rotY :   0.0000 deg
view   0 | SOD= 568.467 mm | SDD= 691.050 mm | M= 1.216 | incident=3.1588°
[[  24.789984   -567.5737      -20.003199  ]
 [   3.596061    122.26382      14.996801  ]
 [   0.14939427    0.00784279    0.        ]
 [   0.            0.            0.1496    ]]
Residual vector length: 480, Jacobian shape: (480, 6)
view   0 | SOD= 568.457 mm | SDD= 691.050 mm | M= 1.216 | incident=3.1588°
[[  24.779797   -567.5643      -20.003565  ]
 [   3.596105    122.273575     14.996435  ]
 [   0.1493944     0.00784057    0.        ]
 [   0.            0.            0.1496    ]]

iter 24 cost=1.433207 -> 1.442578 |dtheta|=1.004827e-02  lambda=5.000e-06

============================================================
Iteration 25
============================================================
Theta offsets (Unity frame):
  Source   : dSx=   0.000, dSy=   0.000, dSz=   0.000  (mm)
  Object   : dOx=  -6.998, dOy=  -2.003, dOz=  -7.908  (mm)
  Object offset: offset_x=  -0.003, offset_z=   0.001  (mm)
  Detector : dDx=   0.000, dDy=   0.000, dDz=   0.000  (mm)
  Obj Stage rotY :    3.005 deg
============================================================

Unity geometry (world coordinates):
  Source   : x=  -5.000, y=  38.000, z=   0.000
  Object   : x=   0.002, y=  17.997, z= 568.092
  Detector : x=  10.000, y=   3.000, z= 690.000
  Obj rotY :   0.0000 deg
view   0 | SOD= 568.467 mm | SDD= 691.050 mm | M= 1.216 | incident=3.1588°
[[  24.789984   -567.5737      -20.003199  ]
 [   3.596061    122.26382      14.996801  ]
 [   0.14939427    0.00784279    0.        ]
 [   0.            0.            0.1496    ]]
Residual vector length: 480, Jacobian shape: (480, 6)
view   0 | SOD= 568.457 mm | SDD= 691.050 mm | M= 1.216 | incident=3.1588°
[[  24.779797   -567.5643      -20.003565  ]
 [   3.596105    122.273575     14.996435  ]
 [   0.1493944     0.00784057    0.        ]
 [   0.            0.            0.1496    ]]

iter 25 cost=1.433207 -> 1.442578 |dtheta|=1.004827e-02  lambda=2.500e-05

============================================================
Iteration 26
============================================================
Theta offsets (Unity frame):
  Source   : dSx=   0.000, dSy=   0.000, dSz=   0.000  (mm)
  Object   : dOx=  -6.998, dOy=  -2.003, dOz=  -7.908  (mm)
  Object offset: offset_x=  -0.003, offset_z=   0.001  (mm)
  Detector : dDx=   0.000, dDy=   0.000, dDz=   0.000  (mm)
  Obj Stage rotY :    3.005 deg
============================================================

Unity geometry (world coordinates):
  Source   : x=  -5.000, y=  38.000, z=   0.000
  Object   : x=   0.002, y=  17.997, z= 568.092
  Detector : x=  10.000, y=   3.000, z= 690.000
  Obj rotY :   0.0000 deg
view   0 | SOD= 568.467 mm | SDD= 691.050 mm | M= 1.216 | incident=3.1588°
[[  24.789984   -567.5737      -20.003199  ]
 [   3.596061    122.26382      14.996801  ]
 [   0.14939427    0.00784279    0.        ]
 [   0.            0.            0.1496    ]]
Residual vector length: 480, Jacobian shape: (480, 6)
view   0 | SOD= 568.457 mm | SDD= 691.050 mm | M= 1.216 | incident=3.1588°
[[  24.779797   -567.5643      -20.003565  ]
 [   3.596105    122.273575     14.996435  ]
 [   0.1493944     0.00784057    0.        ]
 [   0.            0.            0.1496    ]]

iter 26 cost=1.433207 -> 1.442578 |dtheta|=1.004827e-02  lambda=1.250e-04

============================================================
Iteration 27
============================================================
Theta offsets (Unity frame):
  Source   : dSx=   0.000, dSy=   0.000, dSz=   0.000  (mm)
  Object   : dOx=  -6.998, dOy=  -2.003, dOz=  -7.908  (mm)
  Object offset: offset_x=  -0.003, offset_z=   0.001  (mm)
  Detector : dDx=   0.000, dDy=   0.000, dDz=   0.000  (mm)
  Obj Stage rotY :    3.005 deg
============================================================

Unity geometry (world coordinates):
  Source   : x=  -5.000, y=  38.000, z=   0.000
  Object   : x=   0.002, y=  17.997, z= 568.092
  Detector : x=  10.000, y=   3.000, z= 690.000
  Obj rotY :   0.0000 deg
view   0 | SOD= 568.467 mm | SDD= 691.050 mm | M= 1.216 | incident=3.1588°
[[  24.789984   -567.5737      -20.003199  ]
 [   3.596061    122.26382      14.996801  ]
 [   0.14939427    0.00784279    0.        ]
 [   0.            0.            0.1496    ]]
Residual vector length: 480, Jacobian shape: (480, 6)
view   0 | SOD= 568.457 mm | SDD= 691.050 mm | M= 1.216 | incident=3.1588°
[[  24.779797   -567.5643      -20.003565  ]
 [   3.596105    122.273575     14.996435  ]
 [   0.1493944     0.00784057    0.        ]
 [   0.            0.            0.1496    ]]

iter 27 cost=1.433207 -> 1.442578 |dtheta|=1.004826e-02  lambda=6.250e-04

============================================================
Iteration 28
============================================================
Theta offsets (Unity frame):
  Source   : dSx=   0.000, dSy=   0.000, dSz=   0.000  (mm)
  Object   : dOx=  -6.998, dOy=  -2.003, dOz=  -7.908  (mm)
  Object offset: offset_x=  -0.003, offset_z=   0.001  (mm)
  Detector : dDx=   0.000, dDy=   0.000, dDz=   0.000  (mm)
  Obj Stage rotY :    3.005 deg
============================================================

Unity geometry (world coordinates):
  Source   : x=  -5.000, y=  38.000, z=   0.000
  Object   : x=   0.002, y=  17.997, z= 568.092
  Detector : x=  10.000, y=   3.000, z= 690.000
  Obj rotY :   0.0000 deg
view   0 | SOD= 568.467 mm | SDD= 691.050 mm | M= 1.216 | incident=3.1588°
[[  24.789984   -567.5737      -20.003199  ]
 [   3.596061    122.26382      14.996801  ]
 [   0.14939427    0.00784279    0.        ]
 [   0.            0.            0.1496    ]]
Residual vector length: 480, Jacobian shape: (480, 6)
view   0 | SOD= 568.457 mm | SDD= 691.050 mm | M= 1.216 | incident=3.1588°
[[  24.779797   -567.5643      -20.003565  ]
 [   3.596105    122.273575     14.996435  ]
 [   0.1493944     0.00784057    0.        ]
 [   0.            0.            0.1496    ]]

iter 28 cost=1.433207 -> 1.442578 |dtheta|=1.004819e-02  lambda=3.125e-03

============================================================
Iteration 29
============================================================
Theta offsets (Unity frame):
  Source   : dSx=   0.000, dSy=   0.000, dSz=   0.000  (mm)
  Object   : dOx=  -6.998, dOy=  -2.003, dOz=  -7.908  (mm)
  Object offset: offset_x=  -0.003, offset_z=   0.001  (mm)
  Detector : dDx=   0.000, dDy=   0.000, dDz=   0.000  (mm)
  Obj Stage rotY :    3.005 deg
============================================================

Unity geometry (world coordinates):
  Source   : x=  -5.000, y=  38.000, z=   0.000
  Object   : x=   0.002, y=  17.997, z= 568.092
  Detector : x=  10.000, y=   3.000, z= 690.000
  Obj rotY :   0.0000 deg
view   0 | SOD= 568.467 mm | SDD= 691.050 mm | M= 1.216 | incident=3.1588°
[[  24.789984   -567.5737      -20.003199  ]
 [   3.596061    122.26382      14.996801  ]
 [   0.14939427    0.00784279    0.        ]
 [   0.            0.            0.1496    ]]
Residual vector length: 480, Jacobian shape: (480, 6)
view   0 | SOD= 568.457 mm | SDD= 691.050 mm | M= 1.216 | incident=3.1588°
[[  24.779797   -567.5643      -20.003565  ]
 [   3.5961049   122.273575     14.996435  ]
 [   0.1493944     0.00784057    0.        ]
 [   0.            0.            0.1496    ]]

iter 29 cost=1.433207 -> 1.442578 |dtheta|=1.004787e-02  lambda=1.562e-02

============================================================
Iteration 30
============================================================
Theta offsets (Unity frame):
  Source   : dSx=   0.000, dSy=   0.000, dSz=   0.000  (mm)
  Object   : dOx=  -6.998, dOy=  -2.003, dOz=  -7.908  (mm)
  Object offset: offset_x=  -0.003, offset_z=   0.001  (mm)
  Detector : dDx=   0.000, dDy=   0.000, dDz=   0.000  (mm)
  Obj Stage rotY :    3.005 deg
============================================================

Unity geometry (world coordinates):
  Source   : x=  -5.000, y=  38.000, z=   0.000
  Object   : x=   0.002, y=  17.997, z= 568.092
  Detector : x=  10.000, y=   3.000, z= 690.000
  Obj rotY :   0.0000 deg
view   0 | SOD= 568.467 mm | SDD= 691.050 mm | M= 1.216 | incident=3.1588°
[[  24.789984   -567.5737      -20.003199  ]
 [   3.596061    122.26382      14.996801  ]
 [   0.14939427    0.00784279    0.        ]
 [   0.            0.            0.1496    ]]
Residual vector length: 480, Jacobian shape: (480, 6)
view   0 | SOD= 568.457 mm | SDD= 691.050 mm | M= 1.216 | incident=3.1588°
[[  24.779797   -567.5643      -20.003565  ]
 [   3.5961049   122.273575     14.996435  ]
 [   0.1493944     0.00784057    0.        ]
 [   0.            0.            0.1496    ]]

iter 30 cost=1.433207 -> 1.442578 |dtheta|=1.004624e-02  lambda=7.812e-02

============================================================
Iteration 31
============================================================
Theta offsets (Unity frame):
  Source   : dSx=   0.000, dSy=   0.000, dSz=   0.000  (mm)
  Object   : dOx=  -6.998, dOy=  -2.003, dOz=  -7.908  (mm)
  Object offset: offset_x=  -0.003, offset_z=   0.001  (mm)
  Detector : dDx=   0.000, dDy=   0.000, dDz=   0.000  (mm)
  Obj Stage rotY :    3.005 deg
============================================================

Unity geometry (world coordinates):
  Source   : x=  -5.000, y=  38.000, z=   0.000
  Object   : x=   0.002, y=  17.997, z= 568.092
  Detector : x=  10.000, y=   3.000, z= 690.000
  Obj rotY :   0.0000 deg
view   0 | SOD= 568.467 mm | SDD= 691.050 mm | M= 1.216 | incident=3.1588°
[[  24.789984   -567.5737      -20.003199  ]
 [   3.596061    122.26382      14.996801  ]
 [   0.14939427    0.00784279    0.        ]
 [   0.            0.            0.1496    ]]
Residual vector length: 480, Jacobian shape: (480, 6)
view   0 | SOD= 568.457 mm | SDD= 691.050 mm | M= 1.216 | incident=3.1588°
[[  24.779804   -567.56433     -20.003567  ]
 [   3.5961072   122.27351      14.996433  ]
 [   0.1493944     0.00784058    0.        ]
 [   0.            0.            0.1496    ]]

iter 31 cost=1.433207 -> 1.444692 |dtheta|=1.003813e-02  lambda=3.906e-01

============================================================
Iteration 32
============================================================
Theta offsets (Unity frame):
  Source   : dSx=   0.000, dSy=   0.000, dSz=   0.000  (mm)
  Object   : dOx=  -6.998, dOy=  -2.003, dOz=  -7.908  (mm)
  Object offset: offset_x=  -0.003, offset_z=   0.001  (mm)
  Detector : dDx=   0.000, dDy=   0.000, dDz=   0.000  (mm)
  Obj Stage rotY :    3.005 deg
============================================================

Unity geometry (world coordinates):
  Source   : x=  -5.000, y=  38.000, z=   0.000
  Object   : x=   0.002, y=  17.997, z= 568.092
  Detector : x=  10.000, y=   3.000, z= 690.000
  Obj rotY :   0.0000 deg
view   0 | SOD= 568.467 mm | SDD= 691.050 mm | M= 1.216 | incident=3.1588°
[[  24.789984   -567.5737      -20.003199  ]
 [   3.596061    122.26382      14.996801  ]
 [   0.14939427    0.00784279    0.        ]
 [   0.            0.            0.1496    ]]
Residual vector length: 480, Jacobian shape: (480, 6)
view   0 | SOD= 568.457 mm | SDD= 691.050 mm | M= 1.216 | incident=3.1588°
[[  24.779825   -567.56433     -20.003567  ]
 [   3.596104    122.27351      14.996433  ]
 [   0.1493944     0.00784058    0.        ]
 [   0.            0.            0.1496    ]]

iter 32 cost=1.433207 -> 1.444692 |dtheta|=9.997774e-03  lambda=1.953e+00

============================================================
Iteration 33
============================================================
Theta offsets (Unity frame):
  Source   : dSx=   0.000, dSy=   0.000, dSz=   0.000  (mm)
  Object   : dOx=  -6.998, dOy=  -2.003, dOz=  -7.908  (mm)
  Object offset: offset_x=  -0.003, offset_z=   0.001  (mm)
  Detector : dDx=   0.000, dDy=   0.000, dDz=   0.000  (mm)
  Obj Stage rotY :    3.005 deg
============================================================

Unity geometry (world coordinates):
  Source   : x=  -5.000, y=  38.000, z=   0.000
  Object   : x=   0.002, y=  17.997, z= 568.092
  Detector : x=  10.000, y=   3.000, z= 690.000
  Obj rotY :   0.0000 deg
view   0 | SOD= 568.467 mm | SDD= 691.050 mm | M= 1.216 | incident=3.1588°
[[  24.789984   -567.5737      -20.003199  ]
 [   3.596061    122.26382      14.996801  ]
 [   0.14939427    0.00784279    0.        ]
 [   0.            0.            0.1496    ]]
Residual vector length: 480, Jacobian shape: (480, 6)
view   0 | SOD= 568.457 mm | SDD= 691.050 mm | M= 1.216 | incident=3.1588°
[[  24.779936   -567.5646      -20.003572  ]
 [   3.5960968   122.27327      14.996428  ]
 [   0.1493944     0.00784061    0.        ]
 [   0.            0.            0.1496    ]]

iter 33 cost=1.433207 -> 1.444692 |dtheta|=9.800878e-03  lambda=9.766e+00

============================================================
Iteration 34
============================================================
Theta offsets (Unity frame):
  Source   : dSx=   0.000, dSy=   0.000, dSz=   0.000  (mm)
  Object   : dOx=  -6.998, dOy=  -2.003, dOz=  -7.908  (mm)
  Object offset: offset_x=  -0.003, offset_z=   0.001  (mm)
  Detector : dDx=   0.000, dDy=   0.000, dDz=   0.000  (mm)
  Obj Stage rotY :    3.005 deg
============================================================

Unity geometry (world coordinates):
  Source   : x=  -5.000, y=  38.000, z=   0.000
  Object   : x=   0.002, y=  17.997, z= 568.092
  Detector : x=  10.000, y=   3.000, z= 690.000
  Obj rotY :   0.0000 deg
view   0 | SOD= 568.467 mm | SDD= 691.050 mm | M= 1.216 | incident=3.1588°
[[  24.789984   -567.5737      -20.003199  ]
 [   3.596061    122.26382      14.996801  ]
 [   0.14939427    0.00784279    0.        ]
 [   0.            0.            0.1496    ]]
Residual vector length: 480, Jacobian shape: (480, 6)
view   0 | SOD= 568.458 mm | SDD= 691.050 mm | M= 1.216 | incident=3.1588°
[[  24.780428   -567.5654      -20.0036    ]
 [   3.5960567   122.27242      14.996401  ]
 [   0.1493944     0.00784072    0.        ]
 [   0.            0.            0.1496    ]]

iter 34 cost=1.433207 -> 1.437686 |dtheta|=8.924942e-03  lambda=4.883e+01

============================================================
Iteration 35
============================================================
Theta offsets (Unity frame):
  Source   : dSx=   0.000, dSy=   0.000, dSz=   0.000  (mm)
  Object   : dOx=  -6.998, dOy=  -2.003, dOz=  -7.908  (mm)
  Object offset: offset_x=  -0.003, offset_z=   0.001  (mm)
  Detector : dDx=   0.000, dDy=   0.000, dDz=   0.000  (mm)
  Obj Stage rotY :    3.005 deg
============================================================

Unity geometry (world coordinates):
  Source   : x=  -5.000, y=  38.000, z=   0.000
  Object   : x=   0.002, y=  17.997, z= 568.092
  Detector : x=  10.000, y=   3.000, z= 690.000
  Obj rotY :   0.0000 deg
view   0 | SOD= 568.467 mm | SDD= 691.050 mm | M= 1.216 | incident=3.1588°
[[  24.789984   -567.5737      -20.003199  ]
 [   3.596061    122.26382      14.996801  ]
 [   0.14939427    0.00784279    0.        ]
 [   0.            0.            0.1496    ]]
Residual vector length: 480, Jacobian shape: (480, 6)
view   0 | SOD= 568.461 mm | SDD= 691.050 mm | M= 1.216 | incident=3.1588°
[[  24.782084   -567.56805     -20.003675  ]
 [   3.5959268   122.26969      14.996325  ]
 [   0.14939436    0.00784111    0.        ]
 [   0.            0.            0.1496    ]]

iter 35 cost=1.433207 -> 1.440805 |dtheta|=6.203746e-03  lambda=2.441e+02

============================================================
Iteration 36
============================================================
Theta offsets (Unity frame):
  Source   : dSx=   0.000, dSy=   0.000, dSz=   0.000  (mm)
  Object   : dOx=  -6.998, dOy=  -2.003, dOz=  -7.908  (mm)
  Object offset: offset_x=  -0.003, offset_z=   0.001  (mm)
  Detector : dDx=   0.000, dDy=   0.000, dDz=   0.000  (mm)
  Obj Stage rotY :    3.005 deg
============================================================

Unity geometry (world coordinates):
  Source   : x=  -5.000, y=  38.000, z=   0.000
  Object   : x=   0.002, y=  17.997, z= 568.092
  Detector : x=  10.000, y=   3.000, z= 690.000
  Obj rotY :   0.0000 deg
view   0 | SOD= 568.467 mm | SDD= 691.050 mm | M= 1.216 | incident=3.1588°
[[  24.789984   -567.5737      -20.003199  ]
 [   3.596061    122.26382      14.996801  ]
 [   0.14939427    0.00784279    0.        ]
 [   0.            0.            0.1496    ]]
Residual vector length: 480, Jacobian shape: (480, 6)
view   0 | SOD= 568.465 mm | SDD= 691.050 mm | M= 1.216 | incident=3.1588°
[[  24.785023   -567.5716      -20.003736  ]
 [   3.5957239   122.26606      14.9962635 ]
 [   0.14939433    0.00784179    0.        ]
 [   0.            0.            0.1496    ]]

iter 36 cost=1.433207 -> 1.419939 |dtheta|=2.637280e-03  lambda=1.221e+03

============================================================
Iteration 37
============================================================
Theta offsets (Unity frame):
  Source   : dSx=   0.000, dSy=   0.000, dSz=   0.000  (mm)
  Object   : dOx=  -6.998, dOy=  -2.004, dOz=  -7.911  (mm)
  Object offset: offset_x=  -0.002, offset_z=   0.001  (mm)
  Detector : dDx=   0.000, dDy=   0.000, dDz=   0.000  (mm)
  Obj Stage rotY :    3.005 deg
============================================================

Unity geometry (world coordinates):
  Source   : x=  -5.000, y=  38.000, z=   0.000
  Object   : x=   0.002, y=  17.996, z= 568.089
  Detector : x=  10.000, y=   3.000, z= 690.000
  Obj rotY :   0.0000 deg
view   0 | SOD= 568.465 mm | SDD= 691.050 mm | M= 1.216 | incident=3.1588°
[[  24.785023   -567.5716      -20.003736  ]
 [   3.5957239   122.26606      14.9962635 ]
 [   0.14939433    0.00784179    0.        ]
 [   0.            0.            0.1496    ]]
Residual vector length: 480, Jacobian shape: (480, 6)
view   0 | SOD= 568.463 mm | SDD= 691.050 mm | M= 1.216 | incident=3.1588°
[[  24.782894   -567.5702      -20.003485  ]
 [   3.5964975   122.267586     14.996515  ]
 [   0.14939436    0.00784116    0.        ]
 [   0.            0.            0.1496    ]]

iter 37 cost=1.419939 -> 1.421555 |dtheta|=1.683879e-03  lambda=4.069e+02

============================================================
Iteration 38
============================================================
Theta offsets (Unity frame):
  Source   : dSx=   0.000, dSy=   0.000, dSz=   0.000  (mm)
  Object   : dOx=  -6.998, dOy=  -2.004, dOz=  -7.911  (mm)
  Object offset: offset_x=  -0.002, offset_z=   0.001  (mm)
  Detector : dDx=   0.000, dDy=   0.000, dDz=   0.000  (mm)
  Obj Stage rotY :    3.005 deg
============================================================

Unity geometry (world coordinates):
  Source   : x=  -5.000, y=  38.000, z=   0.000
  Object   : x=   0.002, y=  17.996, z= 568.089
  Detector : x=  10.000, y=   3.000, z= 690.000
  Obj rotY :   0.0000 deg
view   0 | SOD= 568.465 mm | SDD= 691.050 mm | M= 1.216 | incident=3.1588°
[[  24.785023   -567.5716      -20.003736  ]
 [   3.5957239   122.26606      14.9962635 ]
 [   0.14939433    0.00784179    0.        ]
 [   0.            0.            0.1496    ]]
Residual vector length: 480, Jacobian shape: (480, 6)
view   0 | SOD= 568.464 mm | SDD= 691.050 mm | M= 1.216 | incident=3.1588°
[[  24.784094   -567.5712      -20.00357   ]
 [   3.5961957   122.26649      14.996429  ]
 [   0.14939435    0.00784148    0.        ]
 [   0.            0.            0.1496    ]]

iter 38 cost=1.419939 -> 1.418179 |dtheta|=5.876215e-04  lambda=2.035e+03

============================================================
Iteration 39
============================================================
Theta offsets (Unity frame):
  Source   : dSx=   0.000, dSy=   0.000, dSz=   0.000  (mm)
  Object   : dOx=  -6.998, dOy=  -2.004, dOz=  -7.911  (mm)
  Object offset: offset_x=  -0.002, offset_z=   0.001  (mm)
  Detector : dDx=   0.000, dDy=   0.000, dDz=   0.000  (mm)
  Obj Stage rotY :    3.005 deg
============================================================

Unity geometry (world coordinates):
  Source   : x=  -5.000, y=  38.000, z=   0.000
  Object   : x=   0.002, y=  17.996, z= 568.089
  Detector : x=  10.000, y=   3.000, z= 690.000
  Obj rotY :   0.0000 deg
view   0 | SOD= 568.464 mm | SDD= 691.050 mm | M= 1.216 | incident=3.1588°
[[  24.784094   -567.5712      -20.00357   ]
 [   3.5961957   122.26649      14.996429  ]
 [   0.14939435    0.00784148    0.        ]
 [   0.            0.            0.1496    ]]
Residual vector length: 480, Jacobian shape: (480, 6)
view   0 | SOD= 568.461 mm | SDD= 691.050 mm | M= 1.216 | incident=3.1588°
[[  24.774952   -567.5688      -20.003328  ]
 [   3.5975735   122.26928      14.996672  ]
 [   0.14939447    0.00783921    0.        ]
 [   0.            0.            0.1496    ]]

iter 39 cost=1.418179 -> 1.457159 |dtheta|=3.170883e-03  lambda=6.782e+02

============================================================
Iteration 40
============================================================
Theta offsets (Unity frame):
  Source   : dSx=   0.000, dSy=   0.000, dSz=   0.000  (mm)
  Object   : dOx=  -6.998, dOy=  -2.004, dOz=  -7.911  (mm)
  Object offset: offset_x=  -0.002, offset_z=   0.001  (mm)
  Detector : dDx=   0.000, dDy=   0.000, dDz=   0.000  (mm)
  Obj Stage rotY :    3.005 deg
============================================================

Unity geometry (world coordinates):
  Source   : x=  -5.000, y=  38.000, z=   0.000
  Object   : x=   0.002, y=  17.996, z= 568.089
  Detector : x=  10.000, y=   3.000, z= 690.000
  Obj rotY :   0.0000 deg
view   0 | SOD= 568.464 mm | SDD= 691.050 mm | M= 1.216 | incident=3.1588°
[[  24.784094   -567.5712      -20.00357   ]
 [   3.5961957   122.26649      14.996429  ]
 [   0.14939435    0.00784148    0.        ]
 [   0.            0.            0.1496    ]]
Residual vector length: 480, Jacobian shape: (480, 6)
view   0 | SOD= 568.463 mm | SDD= 691.050 mm | M= 1.216 | incident=3.1588°
[[  24.779856   -567.5706      -20.003456  ]
 [   3.5967062   122.26724      14.996544  ]
 [   0.14939441    0.00784046    0.        ]
 [   0.            0.            0.1496    ]]

iter 40 cost=1.418179 -> 1.446718 |dtheta|=9.922519e-04  lambda=3.391e+03

============================================================
Iteration 41
============================================================
Theta offsets (Unity frame):
  Source   : dSx=   0.000, dSy=   0.000, dSz=   0.000  (mm)
  Object   : dOx=  -6.998, dOy=  -2.004, dOz=  -7.911  (mm)
  Object offset: offset_x=  -0.002, offset_z=   0.001  (mm)
  Detector : dDx=   0.000, dDy=   0.000, dDz=   0.000  (mm)
  Obj Stage rotY :    3.005 deg
============================================================

Unity geometry (world coordinates):
  Source   : x=  -5.000, y=  38.000, z=   0.000
  Object   : x=   0.002, y=  17.996, z= 568.089
  Detector : x=  10.000, y=   3.000, z= 690.000
  Obj rotY :   0.0000 deg
view   0 | SOD= 568.464 mm | SDD= 691.050 mm | M= 1.216 | incident=3.1588°
[[  24.784094   -567.5712      -20.00357   ]
 [   3.5961957   122.26649      14.996429  ]
 [   0.14939435    0.00784148    0.        ]
 [   0.            0.            0.1496    ]]
Residual vector length: 480, Jacobian shape: (480, 6)
view   0 | SOD= 568.464 mm | SDD= 691.050 mm | M= 1.216 | incident=3.1588°
[[  24.782879   -567.57117     -20.003521  ]
 [   3.5962944   122.266594     14.996479  ]
 [   0.14939436    0.0078412     0.        ]
 [   0.            0.            0.1496    ]]

iter 41 cost=1.418179 -> 1.423279 |dtheta|=2.564920e-04  lambda=1.695e+04

============================================================
Iteration 42
============================================================
Theta offsets (Unity frame):
  Source   : dSx=   0.000, dSy=   0.000, dSz=   0.000  (mm)
  Object   : dOx=  -6.998, dOy=  -2.004, dOz=  -7.911  (mm)
  Object offset: offset_x=  -0.002, offset_z=   0.001  (mm)
  Detector : dDx=   0.000, dDy=   0.000, dDz=   0.000  (mm)
  Obj Stage rotY :    3.005 deg
============================================================

Unity geometry (world coordinates):
  Source   : x=  -5.000, y=  38.000, z=   0.000
  Object   : x=   0.002, y=  17.996, z= 568.089
  Detector : x=  10.000, y=   3.000, z= 690.000
  Obj rotY :   0.0000 deg
view   0 | SOD= 568.464 mm | SDD= 691.050 mm | M= 1.216 | incident=3.1588°
[[  24.784094   -567.5712      -20.00357   ]
 [   3.5961957   122.26649      14.996429  ]
 [   0.14939435    0.00784148    0.        ]
 [   0.            0.            0.1496    ]]
Residual vector length: 480, Jacobian shape: (480, 6)
view   0 | SOD= 568.464 mm | SDD= 691.050 mm | M= 1.216 | incident=3.1588°
[[  24.783823   -567.5712      -20.003555  ]
 [   3.5962133   122.26649      14.996445  ]
 [   0.14939435    0.00784142    0.        ]
 [   0.            0.            0.1496    ]]

iter 42 cost=1.418179 -> 1.431215 |dtheta|=5.772277e-05  lambda=8.477e+04

============================================================
Iteration 43
============================================================
Theta offsets (Unity frame):
  Source   : dSx=   0.000, dSy=   0.000, dSz=   0.000  (mm)
  Object   : dOx=  -6.998, dOy=  -2.004, dOz=  -7.911  (mm)
  Object offset: offset_x=  -0.002, offset_z=   0.001  (mm)
  Detector : dDx=   0.000, dDy=   0.000, dDz=   0.000  (mm)
  Obj Stage rotY :    3.005 deg
============================================================

Unity geometry (world coordinates):
  Source   : x=  -5.000, y=  38.000, z=   0.000
  Object   : x=   0.002, y=  17.996, z= 568.089
  Detector : x=  10.000, y=   3.000, z= 690.000
  Obj rotY :   0.0000 deg
view   0 | SOD= 568.464 mm | SDD= 691.050 mm | M= 1.216 | incident=3.1588°
[[  24.784094   -567.5712      -20.00357   ]
 [   3.5961957   122.26649      14.996429  ]
 [   0.14939435    0.00784148    0.        ]
 [   0.            0.            0.1496    ]]
Residual vector length: 480, Jacobian shape: (480, 6)
view   0 | SOD= 568.464 mm | SDD= 691.050 mm | M= 1.216 | incident=3.1588°
[[  24.784037   -567.5712      -20.003567  ]
 [   3.5961993   122.26649      14.996433  ]
 [   0.14939435    0.00784147    0.        ]
 [   0.            0.            0.1496    ]]

iter 43 cost=1.418179 -> 1.424156 |dtheta|=1.191868e-05  lambda=4.239e+05

============================================================
Iteration 44
============================================================
Theta offsets (Unity frame):
  Source   : dSx=   0.000, dSy=   0.000, dSz=   0.000  (mm)
  Object   : dOx=  -6.998, dOy=  -2.004, dOz=  -7.911  (mm)
  Object offset: offset_x=  -0.002, offset_z=   0.001  (mm)
  Detector : dDx=   0.000, dDy=   0.000, dDz=   0.000  (mm)
  Obj Stage rotY :    3.005 deg
============================================================

Unity geometry (world coordinates):
  Source   : x=  -5.000, y=  38.000, z=   0.000
  Object   : x=   0.002, y=  17.996, z= 568.089
  Detector : x=  10.000, y=   3.000, z= 690.000
  Obj rotY :   0.0000 deg
view   0 | SOD= 568.464 mm | SDD= 691.050 mm | M= 1.216 | incident=3.1588°
[[  24.784094   -567.5712      -20.00357   ]
 [   3.5961957   122.26649      14.996429  ]
 [   0.14939435    0.00784148    0.        ]
 [   0.            0.            0.1496    ]]
Residual vector length: 480, Jacobian shape: (480, 6)
view   0 | SOD= 568.464 mm | SDD= 691.050 mm | M= 1.216 | incident=3.1588°
[[  24.78407    -567.5712      -20.003569  ]
 [   3.5961971   122.26649      14.996431  ]
 [   0.14939435    0.00784148    0.        ]
 [   0.            0.            0.1496    ]]

iter 44 cost=1.418179 -> 1.427144 |dtheta|=5.076733e-06  lambda=1.000e+06

============================================================
Iteration 45
============================================================
Theta offsets (Unity frame):
  Source   : dSx=   0.000, dSy=   0.000, dSz=   0.000  (mm)
  Object   : dOx=  -6.998, dOy=  -2.004, dOz=  -7.911  (mm)
  Object offset: offset_x=  -0.002, offset_z=   0.001  (mm)
  Detector : dDx=   0.000, dDy=   0.000, dDz=   0.000  (mm)
  Obj Stage rotY :    3.005 deg
============================================================

Unity geometry (world coordinates):
  Source   : x=  -5.000, y=  38.000, z=   0.000
  Object   : x=   0.002, y=  17.996, z= 568.089
  Detector : x=  10.000, y=   3.000, z= 690.000
  Obj rotY :   0.0000 deg
view   0 | SOD= 568.464 mm | SDD= 691.050 mm | M= 1.216 | incident=3.1588°
[[  24.784094   -567.5712      -20.00357   ]
 [   3.5961957   122.26649      14.996429  ]
 [   0.14939435    0.00784148    0.        ]
 [   0.            0.            0.1496    ]]
Residual vector length: 480, Jacobian shape: (480, 6)
view   0 | SOD= 568.464 mm | SDD= 691.050 mm | M= 1.216 | incident=3.1588°
[[  24.78407    -567.5712      -20.003569  ]
 [   3.5961971   122.26649      14.996431  ]
 [   0.14939435    0.00784148    0.        ]
 [   0.            0.            0.1496    ]]

iter 45 cost=1.418179 -> 1.427144 |dtheta|=5.076733e-06  lambda=1.000e+06

============================================================
Iteration 46
============================================================
Theta offsets (Unity frame):
  Source   : dSx=   0.000, dSy=   0.000, dSz=   0.000  (mm)
  Object   : dOx=  -6.998, dOy=  -2.004, dOz=  -7.911  (mm)
  Object offset: offset_x=  -0.002, offset_z=   0.001  (mm)
  Detector : dDx=   0.000, dDy=   0.000, dDz=   0.000  (mm)
  Obj Stage rotY :    3.005 deg
============================================================

Unity geometry (world coordinates):
  Source   : x=  -5.000, y=  38.000, z=   0.000
  Object   : x=   0.002, y=  17.996, z= 568.089
  Detector : x=  10.000, y=   3.000, z= 690.000
  Obj rotY :   0.0000 deg
view   0 | SOD= 568.464 mm | SDD= 691.050 mm | M= 1.216 | incident=3.1588°
[[  24.784094   -567.5712      -20.00357   ]
 [   3.5961957   122.26649      14.996429  ]
 [   0.14939435    0.00784148    0.        ]
 [   0.            0.            0.1496    ]]
Residual vector length: 480, Jacobian shape: (480, 6)
view   0 | SOD= 568.464 mm | SDD= 691.050 mm | M= 1.216 | incident=3.1588°
[[  24.78407    -567.5712      -20.003569  ]
 [   3.5961971   122.26649      14.996431  ]
 [   0.14939435    0.00784148    0.        ]
 [   0.            0.            0.1496    ]]

iter 46 cost=1.418179 -> 1.427144 |dtheta|=5.076733e-06  lambda=1.000e+06

============================================================
Iteration 47
============================================================
Theta offsets (Unity frame):
  Source   : dSx=   0.000, dSy=   0.000, dSz=   0.000  (mm)
  Object   : dOx=  -6.998, dOy=  -2.004, dOz=  -7.911  (mm)
  Object offset: offset_x=  -0.002, offset_z=   0.001  (mm)
  Detector : dDx=   0.000, dDy=   0.000, dDz=   0.000  (mm)
  Obj Stage rotY :    3.005 deg
============================================================

Unity geometry (world coordinates):
  Source   : x=  -5.000, y=  38.000, z=   0.000
  Object   : x=   0.002, y=  17.996, z= 568.089
  Detector : x=  10.000, y=   3.000, z= 690.000
  Obj rotY :   0.0000 deg
view   0 | SOD= 568.464 mm | SDD= 691.050 mm | M= 1.216 | incident=3.1588°
[[  24.784094   -567.5712      -20.00357   ]
 [   3.5961957   122.26649      14.996429  ]
 [   0.14939435    0.00784148    0.        ]
 [   0.            0.            0.1496    ]]
Residual vector length: 480, Jacobian shape: (480, 6)
view   0 | SOD= 568.464 mm | SDD= 691.050 mm | M= 1.216 | incident=3.1588°
[[  24.78407    -567.5712      -20.003569  ]
 [   3.5961971   122.26649      14.996431  ]
 [   0.14939435    0.00784148    0.        ]
 [   0.            0.            0.1496    ]]

iter 47 cost=1.418179 -> 1.427144 |dtheta|=5.076733e-06  lambda=1.000e+06

============================================================
Iteration 48
============================================================
Theta offsets (Unity frame):
  Source   : dSx=   0.000, dSy=   0.000, dSz=   0.000  (mm)
  Object   : dOx=  -6.998, dOy=  -2.004, dOz=  -7.911  (mm)
  Object offset: offset_x=  -0.002, offset_z=   0.001  (mm)
  Detector : dDx=   0.000, dDy=   0.000, dDz=   0.000  (mm)
  Obj Stage rotY :    3.005 deg
============================================================

Unity geometry (world coordinates):
  Source   : x=  -5.000, y=  38.000, z=   0.000
  Object   : x=   0.002, y=  17.996, z= 568.089
  Detector : x=  10.000, y=   3.000, z= 690.000
  Obj rotY :   0.0000 deg
view   0 | SOD= 568.464 mm | SDD= 691.050 mm | M= 1.216 | incident=3.1588°
[[  24.784094   -567.5712      -20.00357   ]
 [   3.5961957   122.26649      14.996429  ]
 [   0.14939435    0.00784148    0.        ]
 [   0.            0.            0.1496    ]]
Residual vector length: 480, Jacobian shape: (480, 6)
view   0 | SOD= 568.464 mm | SDD= 691.050 mm | M= 1.216 | incident=3.1588°
[[  24.78407    -567.5712      -20.003569  ]
 [   3.5961971   122.26649      14.996431  ]
 [   0.14939435    0.00784148    0.        ]
 [   0.            0.            0.1496    ]]

iter 48 cost=1.418179 -> 1.427144 |dtheta|=5.076733e-06  lambda=1.000e+06

============================================================
Iteration 49
============================================================
Theta offsets (Unity frame):
  Source   : dSx=   0.000, dSy=   0.000, dSz=   0.000  (mm)
  Object   : dOx=  -6.998, dOy=  -2.004, dOz=  -7.911  (mm)
  Object offset: offset_x=  -0.002, offset_z=   0.001  (mm)
  Detector : dDx=   0.000, dDy=   0.000, dDz=   0.000  (mm)
  Obj Stage rotY :    3.005 deg
============================================================

Unity geometry (world coordinates):
  Source   : x=  -5.000, y=  38.000, z=   0.000
  Object   : x=   0.002, y=  17.996, z= 568.089
  Detector : x=  10.000, y=   3.000, z= 690.000
  Obj rotY :   0.0000 deg
view   0 | SOD= 568.464 mm | SDD= 691.050 mm | M= 1.216 | incident=3.1588°
[[  24.784094   -567.5712      -20.00357   ]
 [   3.5961957   122.26649      14.996429  ]
 [   0.14939435    0.00784148    0.        ]
 [   0.            0.            0.1496    ]]
Residual vector length: 480, Jacobian shape: (480, 6)
view   0 | SOD= 568.464 mm | SDD= 691.050 mm | M= 1.216 | incident=3.1588°
[[  24.78407    -567.5712      -20.003569  ]
 [   3.5961971   122.26649      14.996431  ]
 [   0.14939435    0.00784148    0.        ]
 [   0.            0.            0.1496    ]]

iter 49 cost=1.418179 -> 1.427144 |dtheta|=5.076733e-06  lambda=1.000e+06

============================================================
Iteration 50
============================================================
Theta offsets (Unity frame):
  Source   : dSx=   0.000, dSy=   0.000, dSz=   0.000  (mm)
  Object   : dOx=  -6.998, dOy=  -2.004, dOz=  -7.911  (mm)
  Object offset: offset_x=  -0.002, offset_z=   0.001  (mm)
  Detector : dDx=   0.000, dDy=   0.000, dDz=   0.000  (mm)
  Obj Stage rotY :    3.005 deg
============================================================

Unity geometry (world coordinates):
  Source   : x=  -5.000, y=  38.000, z=   0.000
  Object   : x=   0.002, y=  17.996, z= 568.089
  Detector : x=  10.000, y=   3.000, z= 690.000
  Obj rotY :   0.0000 deg
view   0 | SOD= 568.464 mm | SDD= 691.050 mm | M= 1.216 | incident=3.1588°
[[  24.784094   -567.5712      -20.00357   ]
 [   3.5961957   122.26649      14.996429  ]
 [   0.14939435    0.00784148    0.        ]
 [   0.            0.            0.1496    ]]
Residual vector length: 480, Jacobian shape: (480, 6)
view   0 | SOD= 568.464 mm | SDD= 691.050 mm | M= 1.216 | incident=3.1588°
[[  24.78407    -567.5712      -20.003569  ]
 [   3.5961971   122.26649      14.996431  ]
 [   0.14939435    0.00784148    0.        ]
 [   0.            0.            0.1496    ]]

iter 50 cost=1.418179 -> 1.427144 |dtheta|=5.076733e-06  lambda=1.000e+06
Stalled.

Estimated theta:
  dSx: +0.000000
  dSy: +0.000000
  dOx: -6.997881
  dOy: -2.003570
  dOz: -7.911231
  dDx: +0.000000
  dDy: +0.000000
  dDz: +0.000000
alpha: +3.004612e+00 deg)
offset_x: -0.002134
offset_z: +0.001359

Final cost table:
Fake theta: [ 0.  0. -7. -2. -8.  0.  0.  0.  3.  0.  0.]
Final estimated theta: [ 0.          0.         -6.99788079 -2.00357026 -7.9112314   0.
  0.          0.          3.0046122  -0.00213356  0.00135899]
Diff from Expected: [ 0.          0.          0.00211921 -0.00357026  0.0887686   0.
  0.          0.          0.0046122  -0.00213356  0.00135899]
################################################################################

