Phantom already exists, skipping: cuboid_phantom_1_normal.npy

################################################################################
Running cuboid=normal scenario=G0 N_ANGLES=18, K=1
view   0 | SOD= 570.548 mm | SDD= 675.501 mm | M= 1.184 | incident=3.8197°
[[  98.97946    -561.3404      -25.        ]
 [ -18.05941     102.420006     20.        ]
 [   0.14732724    0.02597777    0.        ]
 [   0.            0.            0.1496    ]]
           image          x1         y1  area1
0   proj_000.png  509.668464  62.415094    742
1   proj_001.png  457.687248  62.381208    745
2   proj_002.png  408.130552  62.426649    743
3   proj_003.png  367.814208  62.538251    732
4   proj_004.png  341.481224  62.645341    719
5   proj_005.png  332.215827  62.867626    695
6   proj_006.png  340.356828  63.052863    681
7   proj_007.png  364.709091  63.184848    660
8   proj_008.png  401.868300  63.264931    653
9   proj_009.png  447.260212  63.334342    661
10  proj_010.png  496.147641  63.368341    657
11  proj_011.png  542.989426  63.276435    662
12  proj_012.png  582.557037  63.210370    675
13  proj_013.png  610.209985  63.032305    681
14  proj_014.png  622.403458  62.949568    694
15  proj_015.png  617.348870  62.711864    708
16  proj_016.png  594.809859  62.571831    710
17  proj_017.png  557.413793  62.442759    725

============================================================
Iteration 0
============================================================
Theta offsets (Unity frame):
  Source   : dSx=   0.000, dSy=   0.000, dSz=   0.000  (mm)
  Object   : dOx=   0.000, dOy=   0.000, dOz=   0.000  (mm)
  Object offset: offset_x=   0.000, offset_z=   0.000  (mm)
  Detector : dDx=   0.000, dDy=   0.000, dDz=   0.000  (mm)
  Obj Stage rotY :    0.000 deg
============================================================

Unity geometry (world coordinates):
  Source   : x=   0.000, y=  45.000, z=   0.000
  Object   : x=  10.000, y=  15.000, z= 589.000
  Detector : x=   0.000, y=   0.000, z= 674.000
  Obj rotY :   0.0000 deg
view   0 | SOD= 589.848 mm | SDD= 675.501 mm | M= 1.145 | incident=3.8197°
[[ -10.     -589.      -30.    ]
 [ -10.       85.       15.    ]
 [   0.1496    0.        0.    ]
 [   0.        0.        0.1496]]
Residual vector length: 36, Jacobian shape: (36, 6)
view   0 | SOD= 591.144 mm | SDD= 675.501 mm | M= 1.143 | incident=3.8197°
[[ -28.34397    -589.9251      -25.227198  ]
 [   8.161102     83.08557      19.772802  ]
 [   0.14938042   -0.00810261    0.        ]
 [   0.            0.            0.1496    ]]

iter 00 cost=69715.904002 -> 151.491332 |dtheta|=1.218255e+01  lambda=1.000e-02

============================================================
Iteration 1
============================================================
Theta offsets (Unity frame):
  Source   : dSx=   0.000, dSy=   0.000, dSz=   0.000  (mm)
  Object   : dOx=  -9.654, dOy=   4.773, dOz=  -0.870  (mm)
  Object offset: offset_x=  -3.995, offset_z=   2.464  (mm)
  Detector : dDx=   0.000, dDy=   0.000, dDz=   0.000  (mm)
  Obj Stage rotY :   -3.105 deg
============================================================

Unity geometry (world coordinates):
  Source   : x=   0.000, y=  45.000, z=   0.000
  Object   : x=   0.346, y=  19.773, z= 588.130
  Detector : x=   0.000, y=   0.000, z= 674.000
  Obj rotY :   0.0000 deg
view   0 | SOD= 591.144 mm | SDD= 675.501 mm | M= 1.143 | incident=3.8197°
[[ -28.34397    -589.9251      -25.227198  ]
 [   8.161102     83.08557      19.772802  ]
 [   0.14938042   -0.00810261    0.        ]
 [   0.            0.            0.1496    ]]
Residual vector length: 36, Jacobian shape: (36, 6)
view   0 | SOD= 591.232 mm | SDD= 675.501 mm | M= 1.143 | incident=3.8197°
[[ -27.939194   -590.0418      -24.99825   ]
 [   8.136715     82.99204      20.00175   ]
 [   0.14938554   -0.00800735    0.        ]
 [   0.            0.            0.1496    ]]

iter 01 cost=151.491332 -> 10.101532 |dtheta|=1.011757e+00  lambda=3.333e-03

============================================================
Iteration 2
============================================================
Theta offsets (Unity frame):
  Source   : dSx=   0.000, dSy=   0.000, dSz=   0.000  (mm)
  Object   : dOx=  -9.894, dOy=   5.002, dOz=  -0.164  (mm)
  Object offset: offset_x=  -3.789, offset_z=   1.855  (mm)
  Detector : dDx=   0.000, dDy=   0.000, dDz=   0.000  (mm)
  Obj Stage rotY :   -3.068 deg
============================================================

Unity geometry (world coordinates):
  Source   : x=   0.000, y=  45.000, z=   0.000
  Object   : x=   0.106, y=  20.002, z= 588.836
  Detector : x=   0.000, y=   0.000, z= 674.000
  Obj rotY :   0.0000 deg
view   0 | SOD= 591.232 mm | SDD= 675.501 mm | M= 1.143 | incident=3.8197°
[[ -27.939194   -590.0418      -24.99825   ]
 [   8.136715     82.99204      20.00175   ]
 [   0.14938554   -0.00800735    0.        ]
 [   0.            0.            0.1496    ]]
Residual vector length: 36, Jacobian shape: (36, 6)
view   0 | SOD= 591.140 mm | SDD= 675.501 mm | M= 1.143 | incident=3.8197°
[[ -28.124578   -589.9427      -24.955025  ]
 [   8.1907015    83.078285     20.044975  ]
 [   0.1493827    -0.00806048    0.        ]
 [   0.            0.            0.1496    ]]

iter 02 cost=10.101532 -> 5.797401 |dtheta|=1.944503e-01  lambda=1.111e-03

============================================================
Iteration 3
============================================================
Theta offsets (Unity frame):
  Source   : dSx=   0.000, dSy=   0.000, dSz=   0.000  (mm)
  Object   : dOx=  -9.875, dOy=   5.045, dOz=  -0.331  (mm)
  Object offset: offset_x=  -3.827, offset_z=   1.932  (mm)
  Detector : dDx=   0.000, dDy=   0.000, dDz=   0.000  (mm)
  Obj Stage rotY :   -3.089 deg
============================================================

Unity geometry (world coordinates):
  Source   : x=   0.000, y=  45.000, z=   0.000
  Object   : x=   0.125, y=  20.045, z= 588.669
  Detector : x=   0.000, y=   0.000, z= 674.000
  Obj rotY :   0.0000 deg
view   0 | SOD= 591.140 mm | SDD= 675.501 mm | M= 1.143 | incident=3.8197°
[[ -28.124578   -589.9427      -24.955025  ]
 [   8.1907015    83.078285     20.044975  ]
 [   0.1493827    -0.00806048    0.        ]
 [   0.            0.            0.1496    ]]
Residual vector length: 36, Jacobian shape: (36, 6)
view   0 | SOD= 590.858 mm | SDD= 675.501 mm | M= 1.143 | incident=3.8197°
[[ -27.310143   -589.69946     -24.93581   ]
 [   8.051464     83.37228      20.06419   ]
 [   0.14939396   -0.00784881    0.        ]
 [   0.            0.            0.1496    ]]

iter 03 cost=5.797401 -> 5.412605 |dtheta|=2.817838e-01  lambda=3.704e-04

============================================================
Iteration 4
============================================================
Theta offsets (Unity frame):
  Source   : dSx=   0.000, dSy=   0.000, dSz=   0.000  (mm)
  Object   : dOx=  -9.874, dOy=   5.064, dOz=  -0.597  (mm)
  Object offset: offset_x=  -3.792, offset_z=   1.917  (mm)
  Detector : dDx=   0.000, dDy=   0.000, dDz=   0.000  (mm)
  Obj Stage rotY :   -3.007 deg
============================================================

Unity geometry (world coordinates):
  Source   : x=   0.000, y=  45.000, z=   0.000
  Object   : x=   0.126, y=  20.064, z= 588.403
  Detector : x=   0.000, y=   0.000, z= 674.000
  Obj rotY :   0.0000 deg
view   0 | SOD= 590.858 mm | SDD= 675.501 mm | M= 1.143 | incident=3.8197°
[[ -27.310143   -589.69946     -24.93581   ]
 [   8.051464     83.37228      20.06419   ]
 [   0.14939396   -0.00784881    0.        ]
 [   0.            0.            0.1496    ]]
Residual vector length: 36, Jacobian shape: (36, 6)
view   0 | SOD= 591.172 mm | SDD= 675.501 mm | M= 1.143 | incident=3.8197°
[[ -27.441828  -590.0077     -24.932661 ]
 [   8.070685    83.0561      20.067339 ]
 [   0.1493922   -0.0078823    0.       ]
 [   0.           0.           0.1496   ]]

iter 04 cost=5.412605 -> 5.321226 |dtheta|=3.007113e-01  lambda=1.235e-04

============================================================
Iteration 5
============================================================
Theta offsets (Unity frame):
  Source   : dSx=   0.000, dSy=   0.000, dSz=   0.000  (mm)
  Object   : dOx=  -9.859, dOy=   5.067, dOz=  -0.299  (mm)
  Object offset: offset_x=  -3.824, offset_z=   1.933  (mm)
  Detector : dDx=   0.000, dDy=   0.000, dDz=   0.000  (mm)
  Obj Stage rotY :   -3.020 deg
============================================================

Unity geometry (world coordinates):
  Source   : x=   0.000, y=  45.000, z=   0.000
  Object   : x=   0.141, y=  20.067, z= 588.701
  Detector : x=   0.000, y=   0.000, z= 674.000
  Obj rotY :   0.0000 deg
view   0 | SOD= 591.172 mm | SDD= 675.501 mm | M= 1.143 | incident=3.8197°
[[ -27.441828  -590.0077     -24.932661 ]
 [   8.070685    83.0561      20.067339 ]
 [   0.1493922   -0.0078823    0.       ]
 [   0.           0.           0.1496   ]]
Residual vector length: 36, Jacobian shape: (36, 6)
view   0 | SOD= 590.792 mm | SDD= 675.501 mm | M= 1.143 | incident=3.8197°
[[ -29.711767   -589.5182      -24.919956  ]
 [   8.492033     83.39822      20.080044  ]
 [   0.14935948   -0.00847966    0.        ]
 [   0.            0.            0.1496    ]]

iter 05 cost=5.321226 -> 5.571120 |dtheta|=4.614485e-01  lambda=4.115e-05

============================================================
Iteration 6
============================================================
Theta offsets (Unity frame):
  Source   : dSx=   0.000, dSy=   0.000, dSz=   0.000  (mm)
  Object   : dOx=  -9.859, dOy=   5.067, dOz=  -0.299  (mm)
  Object offset: offset_x=  -3.824, offset_z=   1.933  (mm)
  Detector : dDx=   0.000, dDy=   0.000, dDz=   0.000  (mm)
  Obj Stage rotY :   -3.020 deg
============================================================

Unity geometry (world coordinates):
  Source   : x=   0.000, y=  45.000, z=   0.000
  Object   : x=   0.141, y=  20.067, z= 588.701
  Detector : x=   0.000, y=   0.000, z= 674.000
  Obj rotY :   0.0000 deg
view   0 | SOD= 591.172 mm | SDD= 675.501 mm | M= 1.143 | incident=3.8197°
[[ -27.441828  -590.0077     -24.932661 ]
 [   8.070685    83.0561      20.067339 ]
 [   0.1493922   -0.0078823    0.       ]
 [   0.           0.           0.1496   ]]
Residual vector length: 36, Jacobian shape: (36, 6)
view   0 | SOD= 590.792 mm | SDD= 675.501 mm | M= 1.143 | incident=3.8197°
[[ -29.711695   -589.5182      -24.919956  ]
 [   8.492022     83.39822      20.080044  ]
 [   0.14935948   -0.00847964    0.        ]
 [   0.            0.            0.1496    ]]

iter 06 cost=5.321226 -> 5.571120 |dtheta|=4.614270e-01  lambda=2.058e-04

============================================================
Iteration 7
============================================================
Theta offsets (Unity frame):
  Source   : dSx=   0.000, dSy=   0.000, dSz=   0.000  (mm)
  Object   : dOx=  -9.859, dOy=   5.067, dOz=  -0.299  (mm)
  Object offset: offset_x=  -3.824, offset_z=   1.933  (mm)
  Detector : dDx=   0.000, dDy=   0.000, dDz=   0.000  (mm)
  Obj Stage rotY :   -3.020 deg
============================================================

Unity geometry (world coordinates):
  Source   : x=   0.000, y=  45.000, z=   0.000
  Object   : x=   0.141, y=  20.067, z= 588.701
  Detector : x=   0.000, y=   0.000, z= 674.000
  Obj rotY :   0.0000 deg
view   0 | SOD= 591.172 mm | SDD= 675.501 mm | M= 1.143 | incident=3.8197°
[[ -27.441828  -590.0077     -24.932661 ]
 [   8.070685    83.0561      20.067339 ]
 [   0.1493922   -0.0078823    0.       ]
 [   0.           0.           0.1496   ]]
Residual vector length: 36, Jacobian shape: (36, 6)
view   0 | SOD= 590.792 mm | SDD= 675.501 mm | M= 1.143 | incident=3.8197°
[[ -29.711334   -589.5183      -24.919956  ]
 [   8.491956     83.3981       20.080044  ]
 [   0.1493595    -0.00847954    0.        ]
 [   0.            0.            0.1496    ]]

iter 07 cost=5.321226 -> 5.571120 |dtheta|=4.613191e-01  lambda=1.029e-03

============================================================
Iteration 8
============================================================
Theta offsets (Unity frame):
  Source   : dSx=   0.000, dSy=   0.000, dSz=   0.000  (mm)
  Object   : dOx=  -9.859, dOy=   5.067, dOz=  -0.299  (mm)
  Object offset: offset_x=  -3.824, offset_z=   1.933  (mm)
  Detector : dDx=   0.000, dDy=   0.000, dDz=   0.000  (mm)
  Obj Stage rotY :   -3.020 deg
============================================================

Unity geometry (world coordinates):
  Source   : x=   0.000, y=  45.000, z=   0.000
  Object   : x=   0.141, y=  20.067, z= 588.701
  Detector : x=   0.000, y=   0.000, z= 674.000
  Obj rotY :   0.0000 deg
view   0 | SOD= 591.172 mm | SDD= 675.501 mm | M= 1.143 | incident=3.8197°
[[ -27.441828  -590.0077     -24.932661 ]
 [   8.070685    83.0561      20.067339 ]
 [   0.1493922   -0.0078823    0.       ]
 [   0.           0.           0.1496   ]]
Residual vector length: 36, Jacobian shape: (36, 6)
view   0 | SOD= 590.793 mm | SDD= 675.501 mm | M= 1.143 | incident=3.8197°
[[ -29.709538   -589.5189      -24.919952  ]
 [   8.491632     83.397644     20.080048  ]
 [   0.14935951   -0.00847907    0.        ]
 [   0.            0.            0.1496    ]]

iter 08 cost=5.321226 -> 5.571120 |dtheta|=4.607808e-01  lambda=5.144e-03

============================================================
Iteration 9
============================================================
Theta offsets (Unity frame):
  Source   : dSx=   0.000, dSy=   0.000, dSz=   0.000  (mm)
  Object   : dOx=  -9.859, dOy=   5.067, dOz=  -0.299  (mm)
  Object offset: offset_x=  -3.824, offset_z=   1.933  (mm)
  Detector : dDx=   0.000, dDy=   0.000, dDz=   0.000  (mm)
  Obj Stage rotY :   -3.020 deg
============================================================

Unity geometry (world coordinates):
  Source   : x=   0.000, y=  45.000, z=   0.000
  Object   : x=   0.141, y=  20.067, z= 588.701
  Detector : x=   0.000, y=   0.000, z= 674.000
  Obj rotY :   0.0000 deg
view   0 | SOD= 591.172 mm | SDD= 675.501 mm | M= 1.143 | incident=3.8197°
[[ -27.441828  -590.0077     -24.932661 ]
 [   8.070685    83.0561      20.067339 ]
 [   0.1493922   -0.0078823    0.       ]
 [   0.           0.           0.1496   ]]
Residual vector length: 36, Jacobian shape: (36, 6)
view   0 | SOD= 590.795 mm | SDD= 675.501 mm | M= 1.143 | incident=3.8197°
[[ -29.700615   -589.5219      -24.919928  ]
 [   8.490017     83.395226     20.080072  ]
 [   0.14935964   -0.00847673    0.        ]
 [   0.            0.            0.1496    ]]

iter 09 cost=5.321226 -> 5.571120 |dtheta|=4.581090e-01  lambda=2.572e-02

============================================================
Iteration 10
============================================================
Theta offsets (Unity frame):
  Source   : dSx=   0.000, dSy=   0.000, dSz=   0.000  (mm)
  Object   : dOx=  -9.859, dOy=   5.067, dOz=  -0.299  (mm)
  Object offset: offset_x=  -3.824, offset_z=   1.933  (mm)
  Detector : dDx=   0.000, dDy=   0.000, dDz=   0.000  (mm)
  Obj Stage rotY :   -3.020 deg
============================================================

Unity geometry (world coordinates):
  Source   : x=   0.000, y=  45.000, z=   0.000
  Object   : x=   0.141, y=  20.067, z= 588.701
  Detector : x=   0.000, y=   0.000, z= 674.000
  Obj rotY :   0.0000 deg
view   0 | SOD= 591.172 mm | SDD= 675.501 mm | M= 1.143 | incident=3.8197°
[[ -27.441828  -590.0077     -24.932661 ]
 [   8.070685    83.0561      20.067339 ]
 [   0.1493922   -0.0078823    0.       ]
 [   0.           0.           0.1496   ]]
Residual vector length: 36, Jacobian shape: (36, 6)
view   0 | SOD= 590.807 mm | SDD= 675.501 mm | M= 1.143 | incident=3.8197°
[[ -29.657396   -589.5362      -24.919815  ]
 [   8.48222      83.38385      20.080185  ]
 [   0.14936028   -0.00846541    0.        ]
 [   0.            0.            0.1496    ]]

iter 10 cost=5.321226 -> 5.519438 |dtheta|=4.452306e-01  lambda=1.286e-01

============================================================
Iteration 11
============================================================
Theta offsets (Unity frame):
  Source   : dSx=   0.000, dSy=   0.000, dSz=   0.000  (mm)
  Object   : dOx=  -9.859, dOy=   5.067, dOz=  -0.299  (mm)
  Object offset: offset_x=  -3.824, offset_z=   1.933  (mm)
  Detector : dDx=   0.000, dDy=   0.000, dDz=   0.000  (mm)
  Obj Stage rotY :   -3.020 deg
============================================================

Unity geometry (world coordinates):
  Source   : x=   0.000, y=  45.000, z=   0.000
  Object   : x=   0.141, y=  20.067, z= 588.701
  Detector : x=   0.000, y=   0.000, z= 674.000
  Obj rotY :   0.0000 deg
view   0 | SOD= 591.172 mm | SDD= 675.501 mm | M= 1.143 | incident=3.8197°
[[ -27.441828  -590.0077     -24.932661 ]
 [   8.070685    83.0561      20.067339 ]
 [   0.1493922   -0.0078823    0.       ]
 [   0.           0.           0.1496   ]]
Residual vector length: 36, Jacobian shape: (36, 6)
view   0 | SOD= 590.858 mm | SDD= 675.501 mm | M= 1.143 | incident=3.8197°
[[ -29.47115    -589.59644     -24.919346  ]
 [   8.448699     83.336044     20.080654  ]
 [   0.14936304   -0.00841663    0.        ]
 [   0.            0.            0.1496    ]]

iter 11 cost=5.321226 -> 5.505385 |dtheta|=3.909111e-01  lambda=6.430e-01

============================================================
Iteration 12
============================================================
Theta offsets (Unity frame):
  Source   : dSx=   0.000, dSy=   0.000, dSz=   0.000  (mm)
  Object   : dOx=  -9.859, dOy=   5.067, dOz=  -0.299  (mm)
  Object offset: offset_x=  -3.824, offset_z=   1.933  (mm)
  Detector : dDx=   0.000, dDy=   0.000, dDz=   0.000  (mm)
  Obj Stage rotY :   -3.020 deg
============================================================

Unity geometry (world coordinates):
  Source   : x=   0.000, y=  45.000, z=   0.000
  Object   : x=   0.141, y=  20.067, z= 588.701
  Detector : x=   0.000, y=   0.000, z= 674.000
  Obj rotY :   0.0000 deg
view   0 | SOD= 591.172 mm | SDD= 675.501 mm | M= 1.143 | incident=3.8197°
[[ -27.441828  -590.0077     -24.932661 ]
 [   8.070685    83.0561      20.067339 ]
 [   0.1493922   -0.0078823    0.       ]
 [   0.           0.           0.1496   ]]
Residual vector length: 36, Jacobian shape: (36, 6)
view   0 | SOD= 590.991 mm | SDD= 675.501 mm | M= 1.143 | incident=3.8197°
[[ -28.931623   -589.75574     -24.918236  ]
 [   8.352502     83.21225      20.081764  ]
 [   0.14937094   -0.00827553    0.        ]
 [   0.            0.            0.1496    ]]

iter 12 cost=5.321226 -> 5.379359 |dtheta|=2.479911e-01  lambda=3.215e+00

============================================================
Iteration 13
============================================================
Theta offsets (Unity frame):
  Source   : dSx=   0.000, dSy=   0.000, dSz=   0.000  (mm)
  Object   : dOx=  -9.859, dOy=   5.067, dOz=  -0.299  (mm)
  Object offset: offset_x=  -3.824, offset_z=   1.933  (mm)
  Detector : dDx=   0.000, dDy=   0.000, dDz=   0.000  (mm)
  Obj Stage rotY :   -3.020 deg
============================================================

Unity geometry (world coordinates):
  Source   : x=   0.000, y=  45.000, z=   0.000
  Object   : x=   0.141, y=  20.067, z= 588.701
  Detector : x=   0.000, y=   0.000, z= 674.000
  Obj rotY :   0.0000 deg
view   0 | SOD= 591.172 mm | SDD= 675.501 mm | M= 1.143 | incident=3.8197°
[[ -27.441828  -590.0077     -24.932661 ]
 [   8.070685    83.0561      20.067339 ]
 [   0.1493922   -0.0078823    0.       ]
 [   0.           0.           0.1496   ]]
Residual vector length: 36, Jacobian shape: (36, 6)
view   0 | SOD= 591.116 mm | SDD= 675.501 mm | M= 1.143 | incident=3.8197°
[[ -28.169691   -589.9189      -24.917751  ]
 [   8.219737     83.09807      20.082249  ]
 [   0.1493818    -0.00807694    0.        ]
 [   0.            0.            0.1496    ]]

iter 13 cost=5.321226 -> 5.356351 |dtheta|=9.970529e-02  lambda=1.608e+01

============================================================
Iteration 14
============================================================
Theta offsets (Unity frame):
  Source   : dSx=   0.000, dSy=   0.000, dSz=   0.000  (mm)
  Object   : dOx=  -9.859, dOy=   5.067, dOz=  -0.299  (mm)
  Object offset: offset_x=  -3.824, offset_z=   1.933  (mm)
  Detector : dDx=   0.000, dDy=   0.000, dDz=   0.000  (mm)
  Obj Stage rotY :   -3.020 deg
============================================================

Unity geometry (world coordinates):
  Source   : x=   0.000, y=  45.000, z=   0.000
  Object   : x=   0.141, y=  20.067, z= 588.701
  Detector : x=   0.000, y=   0.000, z= 674.000
  Obj rotY :   0.0000 deg
view   0 | SOD= 591.172 mm | SDD= 675.501 mm | M= 1.143 | incident=3.8197°
[[ -27.441828  -590.0077     -24.932661 ]
 [   8.070685    83.0561      20.067339 ]
 [   0.1493922   -0.0078823    0.       ]
 [   0.           0.           0.1496   ]]
Residual vector length: 36, Jacobian shape: (36, 6)
view   0 | SOD= 591.156 mm | SDD= 675.501 mm | M= 1.143 | incident=3.8197°
[[ -27.644878   -589.98315     -24.918943  ]
 [   8.129038     83.06679      20.081057  ]
 [   0.14938913   -0.00794032    0.        ]
 [   0.            0.            0.1496    ]]

iter 14 cost=5.321226 -> 5.226837 |dtheta|=3.441650e-02  lambda=8.038e+01

============================================================
Iteration 15
============================================================
Theta offsets (Unity frame):
  Source   : dSx=   0.000, dSy=   0.000, dSz=   0.000  (mm)
  Object   : dOx=  -9.868, dOy=   5.081, dOz=  -0.310  (mm)
  Object offset: offset_x=  -3.841, offset_z=   1.929  (mm)
  Detector : dDx=   0.000, dDy=   0.000, dDz=   0.000  (mm)
  Obj Stage rotY :   -3.043 deg
============================================================

Unity geometry (world coordinates):
  Source   : x=   0.000, y=  45.000, z=   0.000
  Object   : x=   0.132, y=  20.081, z= 588.690
  Detector : x=   0.000, y=   0.000, z= 674.000
  Obj rotY :   0.0000 deg
view   0 | SOD= 591.156 mm | SDD= 675.501 mm | M= 1.143 | incident=3.8197°
[[ -27.644878   -589.98315     -24.918943  ]
 [   8.129038     83.06679      20.081057  ]
 [   0.14938913   -0.00794032    0.        ]
 [   0.            0.            0.1496    ]]
Residual vector length: 36, Jacobian shape: (36, 6)
view   0 | SOD= 591.133 mm | SDD= 675.501 mm | M= 1.143 | incident=3.8197°
[[ -27.687004   -589.9579      -24.928862  ]
 [   8.124553     83.09004      20.071138  ]
 [   0.14938869   -0.00794868    0.        ]
 [   0.            0.            0.1496    ]]

iter 15 cost=5.226837 -> 5.290138 |dtheta|=3.137188e-02  lambda=2.679e+01

============================================================
Iteration 16
============================================================
Theta offsets (Unity frame):
  Source   : dSx=   0.000, dSy=   0.000, dSz=   0.000  (mm)
  Object   : dOx=  -9.868, dOy=   5.081, dOz=  -0.310  (mm)
  Object offset: offset_x=  -3.841, offset_z=   1.929  (mm)
  Detector : dDx=   0.000, dDy=   0.000, dDz=   0.000  (mm)
  Obj Stage rotY :   -3.043 deg
============================================================

Unity geometry (world coordinates):
  Source   : x=   0.000, y=  45.000, z=   0.000
  Object   : x=   0.132, y=  20.081, z= 588.690
  Detector : x=   0.000, y=   0.000, z= 674.000
  Obj rotY :   0.0000 deg
view   0 | SOD= 591.156 mm | SDD= 675.501 mm | M= 1.143 | incident=3.8197°
[[ -27.644878   -589.98315     -24.918943  ]
 [   8.129038     83.06679      20.081057  ]
 [   0.14938913   -0.00794032    0.        ]
 [   0.            0.            0.1496    ]]
Residual vector length: 36, Jacobian shape: (36, 6)
view   0 | SOD= 591.153 mm | SDD= 675.501 mm | M= 1.143 | incident=3.8197°
[[ -27.672558   -589.9784      -24.927744  ]
 [   8.120806     83.07054      20.072256  ]
 [   0.1493889    -0.00794464    0.        ]
 [   0.            0.            0.1496    ]]

iter 16 cost=5.226837 -> 5.268951 |dtheta|=1.623004e-02  lambda=1.340e+02

============================================================
Iteration 17
============================================================
Theta offsets (Unity frame):
  Source   : dSx=   0.000, dSy=   0.000, dSz=   0.000  (mm)
  Object   : dOx=  -9.868, dOy=   5.081, dOz=  -0.310  (mm)
  Object offset: offset_x=  -3.841, offset_z=   1.929  (mm)
  Detector : dDx=   0.000, dDy=   0.000, dDz=   0.000  (mm)
  Obj Stage rotY :   -3.043 deg
============================================================

Unity geometry (world coordinates):
  Source   : x=   0.000, y=  45.000, z=   0.000
  Object   : x=   0.132, y=  20.081, z= 588.690
  Detector : x=   0.000, y=   0.000, z= 674.000
  Obj rotY :   0.0000 deg
view   0 | SOD= 591.156 mm | SDD= 675.501 mm | M= 1.143 | incident=3.8197°
[[ -27.644878   -589.98315     -24.918943  ]
 [   8.129038     83.06679      20.081057  ]
 [   0.14938913   -0.00794032    0.        ]
 [   0.            0.            0.1496    ]]
Residual vector length: 36, Jacobian shape: (36, 6)
view   0 | SOD= 591.157 mm | SDD= 675.501 mm | M= 1.143 | incident=3.8197°
[[ -27.655363   -589.9834      -24.924618  ]
 [   8.120611     83.06643      20.075382  ]
 [   0.1493891    -0.00794078    0.        ]
 [   0.            0.            0.1496    ]]

iter 17 cost=5.226837 -> 5.203258 |dtheta|=9.934323e-03  lambda=6.698e+02

============================================================
Iteration 18
============================================================
Theta offsets (Unity frame):
  Source   : dSx=   0.000, dSy=   0.000, dSz=   0.000  (mm)
  Object   : dOx=  -9.860, dOy=   5.075, dOz=  -0.312  (mm)
  Object offset: offset_x=  -3.840, offset_z=   1.932  (mm)
  Detector : dDx=   0.000, dDy=   0.000, dDz=   0.000  (mm)
  Obj Stage rotY :   -3.043 deg
============================================================

Unity geometry (world coordinates):
  Source   : x=   0.000, y=  45.000, z=   0.000
  Object   : x=   0.140, y=  20.075, z= 588.688
  Detector : x=   0.000, y=   0.000, z= 674.000
  Obj rotY :   0.0000 deg
view   0 | SOD= 591.157 mm | SDD= 675.501 mm | M= 1.143 | incident=3.8197°
[[ -27.655363   -589.9834      -24.924618  ]
 [   8.120611     83.06643      20.075382  ]
 [   0.1493891    -0.00794078    0.        ]
 [   0.            0.            0.1496    ]]
Residual vector length: 36, Jacobian shape: (36, 6)
view   0 | SOD= 591.141 mm | SDD= 675.501 mm | M= 1.143 | incident=3.8197°
[[ -27.770546   -589.9616      -24.927422  ]
 [   8.155096     83.08027      20.072578  ]
 [   0.14938733   -0.007974      0.        ]
 [   0.            0.            0.1496    ]]

iter 18 cost=5.203258 -> 5.467030 |dtheta|=2.147253e-02  lambda=2.233e+02

============================================================
Iteration 19
============================================================
Theta offsets (Unity frame):
  Source   : dSx=   0.000, dSy=   0.000, dSz=   0.000  (mm)
  Object   : dOx=  -9.860, dOy=   5.075, dOz=  -0.312  (mm)
  Object offset: offset_x=  -3.840, offset_z=   1.932  (mm)
  Detector : dDx=   0.000, dDy=   0.000, dDz=   0.000  (mm)
  Obj Stage rotY :   -3.043 deg
============================================================

Unity geometry (world coordinates):
  Source   : x=   0.000, y=  45.000, z=   0.000
  Object   : x=   0.140, y=  20.075, z= 588.688
  Detector : x=   0.000, y=   0.000, z= 674.000
  Obj rotY :   0.0000 deg
view   0 | SOD= 591.157 mm | SDD= 675.501 mm | M= 1.143 | incident=3.8197°
[[ -27.655363   -589.9834      -24.924618  ]
 [   8.120611     83.06643      20.075382  ]
 [   0.1493891    -0.00794078    0.        ]
 [   0.            0.            0.1496    ]]
Residual vector length: 36, Jacobian shape: (36, 6)
view   0 | SOD= 591.150 mm | SDD= 675.501 mm | M= 1.143 | incident=3.8197°
[[ -27.67687    -589.9754      -24.926249  ]
 [   8.132379     83.07265      20.073751  ]
 [   0.14938872   -0.00794817    0.        ]
 [   0.            0.            0.1496    ]]

iter 19 cost=5.203258 -> 5.212450 |dtheta|=8.897379e-03  lambda=1.116e+03

============================================================
Iteration 20
============================================================
Theta offsets (Unity frame):
  Source   : dSx=   0.000, dSy=   0.000, dSz=   0.000  (mm)
  Object   : dOx=  -9.860, dOy=   5.075, dOz=  -0.312  (mm)
  Object offset: offset_x=  -3.840, offset_z=   1.932  (mm)
  Detector : dDx=   0.000, dDy=   0.000, dDz=   0.000  (mm)
  Obj Stage rotY :   -3.043 deg
============================================================

Unity geometry (world coordinates):
  Source   : x=   0.000, y=  45.000, z=   0.000
  Object   : x=   0.140, y=  20.075, z= 588.688
  Detector : x=   0.000, y=   0.000, z= 674.000
  Obj rotY :   0.0000 deg
view   0 | SOD= 591.157 mm | SDD= 675.501 mm | M= 1.143 | incident=3.8197°
[[ -27.655363   -589.9834      -24.924618  ]
 [   8.120611     83.06643      20.075382  ]
 [   0.1493891    -0.00794078    0.        ]
 [   0.            0.            0.1496    ]]
Residual vector length: 36, Jacobian shape: (36, 6)
view   0 | SOD= 591.155 mm | SDD= 675.501 mm | M= 1.143 | incident=3.8197°
[[ -27.65871    -589.9814      -24.925148  ]
 [   8.123797     83.06812      20.074852  ]
 [   0.14938903   -0.00794223    0.        ]
 [   0.            0.            0.1496    ]]

iter 20 cost=5.203258 -> 5.145773 |dtheta|=2.508210e-03  lambda=5.582e+03

============================================================
Iteration 21
============================================================
Theta offsets (Unity frame):
  Source   : dSx=   0.000, dSy=   0.000, dSz=   0.000  (mm)
  Object   : dOx=  -9.862, dOy=   5.075, dOz=  -0.312  (mm)
  Object offset: offset_x=  -3.841, offset_z=   1.930  (mm)
  Detector : dDx=   0.000, dDy=   0.000, dDz=   0.000  (mm)
  Obj Stage rotY :   -3.043 deg
============================================================

Unity geometry (world coordinates):
  Source   : x=   0.000, y=  45.000, z=   0.000
  Object   : x=   0.138, y=  20.075, z= 588.688
  Detector : x=   0.000, y=   0.000, z= 674.000
  Obj rotY :   0.0000 deg
view   0 | SOD= 591.155 mm | SDD= 675.501 mm | M= 1.143 | incident=3.8197°
[[ -27.65871    -589.9814      -24.925148  ]
 [   8.123797     83.06812      20.074852  ]
 [   0.14938903   -0.00794223    0.        ]
 [   0.            0.            0.1496    ]]
Residual vector length: 36, Jacobian shape: (36, 6)
view   0 | SOD= 591.153 mm | SDD= 675.501 mm | M= 1.143 | incident=3.8197°
[[ -27.650404   -589.9798      -24.925812  ]
 [   8.124296     83.07009      20.074188  ]
 [   0.14938912   -0.0079405     0.        ]
 [   0.            0.            0.1496    ]]

iter 21 cost=5.145773 -> 5.170946 |dtheta|=2.713700e-03  lambda=1.861e+03

============================================================
Iteration 22
============================================================
Theta offsets (Unity frame):
  Source   : dSx=   0.000, dSy=   0.000, dSz=   0.000  (mm)
  Object   : dOx=  -9.862, dOy=   5.075, dOz=  -0.312  (mm)
  Object offset: offset_x=  -3.841, offset_z=   1.930  (mm)
  Detector : dDx=   0.000, dDy=   0.000, dDz=   0.000  (mm)
  Obj Stage rotY :   -3.043 deg
============================================================

Unity geometry (world coordinates):
  Source   : x=   0.000, y=  45.000, z=   0.000
  Object   : x=   0.138, y=  20.075, z= 588.688
  Detector : x=   0.000, y=   0.000, z= 674.000
  Obj rotY :   0.0000 deg
view   0 | SOD= 591.155 mm | SDD= 675.501 mm | M= 1.143 | incident=3.8197°
[[ -27.65871    -589.9814      -24.925148  ]
 [   8.123797     83.06812      20.074852  ]
 [   0.14938903   -0.00794223    0.        ]
 [   0.            0.            0.1496    ]]
Residual vector length: 36, Jacobian shape: (36, 6)
view   0 | SOD= 591.155 mm | SDD= 675.501 mm | M= 1.143 | incident=3.8197°
[[ -27.656937   -589.98096     -24.92534   ]
 [   8.12405      83.0686       20.07466   ]
 [   0.14938904   -0.00794189    0.        ]
 [   0.            0.            0.1496    ]]

iter 22 cost=5.145773 -> 5.122777 |dtheta|=6.984260e-04  lambda=9.303e+03

============================================================
Iteration 23
============================================================
Theta offsets (Unity frame):
  Source   : dSx=   0.000, dSy=   0.000, dSz=   0.000  (mm)
  Object   : dOx=  -9.862, dOy=   5.075, dOz=  -0.312  (mm)
  Object offset: offset_x=  -3.841, offset_z=   1.929  (mm)
  Detector : dDx=   0.000, dDy=   0.000, dDz=   0.000  (mm)
  Obj Stage rotY :   -3.043 deg
============================================================

Unity geometry (world coordinates):
  Source   : x=   0.000, y=  45.000, z=   0.000
  Object   : x=   0.138, y=  20.075, z= 588.688
  Detector : x=   0.000, y=   0.000, z= 674.000
  Obj rotY :   0.0000 deg
view   0 | SOD= 591.155 mm | SDD= 675.501 mm | M= 1.143 | incident=3.8197°
[[ -27.656937   -589.98096     -24.92534   ]
 [   8.12405      83.0686       20.07466   ]
 [   0.14938904   -0.00794189    0.        ]
 [   0.            0.            0.1496    ]]
Residual vector length: 36, Jacobian shape: (36, 6)
view   0 | SOD= 591.154 mm | SDD= 675.501 mm | M= 1.143 | incident=3.8197°
[[ -27.653387   -589.98065     -24.925545  ]
 [   8.124458     83.06909      20.074455  ]
 [   0.14938907   -0.0079412     0.        ]
 [   0.            0.            0.1496    ]]

iter 23 cost=5.122777 -> 5.147565 |dtheta|=1.049130e-03  lambda=3.101e+03

============================================================
Iteration 24
============================================================
Theta offsets (Unity frame):
  Source   : dSx=   0.000, dSy=   0.000, dSz=   0.000  (mm)
  Object   : dOx=  -9.862, dOy=   5.075, dOz=  -0.312  (mm)
  Object offset: offset_x=  -3.841, offset_z=   1.929  (mm)
  Detector : dDx=   0.000, dDy=   0.000, dDz=   0.000  (mm)
  Obj Stage rotY :   -3.043 deg
============================================================

Unity geometry (world coordinates):
  Source   : x=   0.000, y=  45.000, z=   0.000
  Object   : x=   0.138, y=  20.075, z= 588.688
  Detector : x=   0.000, y=   0.000, z= 674.000
  Obj rotY :   0.0000 deg
view   0 | SOD= 591.155 mm | SDD= 675.501 mm | M= 1.143 | incident=3.8197°
[[ -27.656937   -589.98096     -24.92534   ]
 [   8.12405      83.0686       20.07466   ]
 [   0.14938904   -0.00794189    0.        ]
 [   0.            0.            0.1496    ]]
Residual vector length: 36, Jacobian shape: (36, 6)
view   0 | SOD= 591.154 mm | SDD= 675.501 mm | M= 1.143 | incident=3.8197°
[[ -27.656153   -589.9809      -24.925398  ]
 [   8.124207     83.06872      20.074602  ]
 [   0.14938904   -0.00794175    0.        ]
 [   0.            0.            0.1496    ]]

iter 24 cost=5.122777 -> 5.134886 |dtheta|=2.647836e-04  lambda=1.550e+04

============================================================
Iteration 25
============================================================
Theta offsets (Unity frame):
  Source   : dSx=   0.000, dSy=   0.000, dSz=   0.000  (mm)
  Object   : dOx=  -9.862, dOy=   5.075, dOz=  -0.312  (mm)
  Object offset: offset_x=  -3.841, offset_z=   1.929  (mm)
  Detector : dDx=   0.000, dDy=   0.000, dDz=   0.000  (mm)
  Obj Stage rotY :   -3.043 deg
============================================================

Unity geometry (world coordinates):
  Source   : x=   0.000, y=  45.000, z=   0.000
  Object   : x=   0.138, y=  20.075, z= 588.688
  Detector : x=   0.000, y=   0.000, z= 674.000
  Obj rotY :   0.0000 deg
view   0 | SOD= 591.155 mm | SDD= 675.501 mm | M= 1.143 | incident=3.8197°
[[ -27.656937   -589.98096     -24.92534   ]
 [   8.12405      83.0686       20.07466   ]
 [   0.14938904   -0.00794189    0.        ]
 [   0.            0.            0.1496    ]]
Residual vector length: 36, Jacobian shape: (36, 6)
view   0 | SOD= 591.154 mm | SDD= 675.501 mm | M= 1.143 | incident=3.8197°
[[ -27.656773   -589.9809      -24.925352  ]
 [   8.124088     83.068665     20.074648  ]
 [   0.14938904   -0.00794186    0.        ]
 [   0.            0.            0.1496    ]]

iter 25 cost=5.122777 -> 5.122777 |dtheta|=5.643604e-05  lambda=7.752e+04

============================================================
Iteration 26
============================================================
Theta offsets (Unity frame):
  Source   : dSx=   0.000, dSy=   0.000, dSz=   0.000  (mm)
  Object   : dOx=  -9.862, dOy=   5.075, dOz=  -0.312  (mm)
  Object offset: offset_x=  -3.841, offset_z=   1.929  (mm)
  Detector : dDx=   0.000, dDy=   0.000, dDz=   0.000  (mm)
  Obj Stage rotY :   -3.043 deg
============================================================

Unity geometry (world coordinates):
  Source   : x=   0.000, y=  45.000, z=   0.000
  Object   : x=   0.138, y=  20.075, z= 588.688
  Detector : x=   0.000, y=   0.000, z= 674.000
  Obj rotY :   0.0000 deg
view   0 | SOD= 591.155 mm | SDD= 675.501 mm | M= 1.143 | incident=3.8197°
[[ -27.656937   -589.98096     -24.92534   ]
 [   8.12405      83.0686       20.07466   ]
 [   0.14938904   -0.00794189    0.        ]
 [   0.            0.            0.1496    ]]
Residual vector length: 36, Jacobian shape: (36, 6)
view   0 | SOD= 591.155 mm | SDD= 675.501 mm | M= 1.143 | incident=3.8197°
[[ -27.656904   -589.98096     -24.925343  ]
 [   8.124057     83.0686       20.074657  ]
 [   0.14938904   -0.00794189    0.        ]
 [   0.            0.            0.1496    ]]

iter 26 cost=5.122777 -> 5.122777 |dtheta|=1.144417e-05  lambda=3.876e+05

============================================================
Iteration 27
============================================================
Theta offsets (Unity frame):
  Source   : dSx=   0.000, dSy=   0.000, dSz=   0.000  (mm)
  Object   : dOx=  -9.862, dOy=   5.075, dOz=  -0.312  (mm)
  Object offset: offset_x=  -3.841, offset_z=   1.929  (mm)
  Detector : dDx=   0.000, dDy=   0.000, dDz=   0.000  (mm)
  Obj Stage rotY :   -3.043 deg
============================================================

Unity geometry (world coordinates):
  Source   : x=   0.000, y=  45.000, z=   0.000
  Object   : x=   0.138, y=  20.075, z= 588.688
  Detector : x=   0.000, y=   0.000, z= 674.000
  Obj rotY :   0.0000 deg
view   0 | SOD= 591.155 mm | SDD= 675.501 mm | M= 1.143 | incident=3.8197°
[[ -27.656937   -589.98096     -24.92534   ]
 [   8.12405      83.0686       20.07466   ]
 [   0.14938904   -0.00794189    0.        ]
 [   0.            0.            0.1496    ]]
Residual vector length: 36, Jacobian shape: (36, 6)
view   0 | SOD= 591.155 mm | SDD= 675.501 mm | M= 1.143 | incident=3.8197°
[[ -27.656923   -589.98096     -24.92534   ]
 [   8.124053     83.0686       20.07466   ]
 [   0.14938904   -0.00794189    0.        ]
 [   0.            0.            0.1496    ]]

iter 27 cost=5.122777 -> 5.122777 |dtheta|=4.445461e-06  lambda=1.000e+06

============================================================
Iteration 28
============================================================
Theta offsets (Unity frame):
  Source   : dSx=   0.000, dSy=   0.000, dSz=   0.000  (mm)
  Object   : dOx=  -9.862, dOy=   5.075, dOz=  -0.312  (mm)
  Object offset: offset_x=  -3.841, offset_z=   1.929  (mm)
  Detector : dDx=   0.000, dDy=   0.000, dDz=   0.000  (mm)
  Obj Stage rotY :   -3.043 deg
============================================================

Unity geometry (world coordinates):
  Source   : x=   0.000, y=  45.000, z=   0.000
  Object   : x=   0.138, y=  20.075, z= 588.688
  Detector : x=   0.000, y=   0.000, z= 674.000
  Obj rotY :   0.0000 deg
view   0 | SOD= 591.155 mm | SDD= 675.501 mm | M= 1.143 | incident=3.8197°
[[ -27.656937   -589.98096     -24.92534   ]
 [   8.12405      83.0686       20.07466   ]
 [   0.14938904   -0.00794189    0.        ]
 [   0.            0.            0.1496    ]]
Residual vector length: 36, Jacobian shape: (36, 6)
view   0 | SOD= 591.155 mm | SDD= 675.501 mm | M= 1.143 | incident=3.8197°
[[ -27.656923   -589.98096     -24.92534   ]
 [   8.124053     83.0686       20.07466   ]
 [   0.14938904   -0.00794189    0.        ]
 [   0.            0.            0.1496    ]]

iter 28 cost=5.122777 -> 5.122777 |dtheta|=4.445461e-06  lambda=1.000e+06

============================================================
Iteration 29
============================================================
Theta offsets (Unity frame):
  Source   : dSx=   0.000, dSy=   0.000, dSz=   0.000  (mm)
  Object   : dOx=  -9.862, dOy=   5.075, dOz=  -0.312  (mm)
  Object offset: offset_x=  -3.841, offset_z=   1.929  (mm)
  Detector : dDx=   0.000, dDy=   0.000, dDz=   0.000  (mm)
  Obj Stage rotY :   -3.043 deg
============================================================

Unity geometry (world coordinates):
  Source   : x=   0.000, y=  45.000, z=   0.000
  Object   : x=   0.138, y=  20.075, z= 588.688
  Detector : x=   0.000, y=   0.000, z= 674.000
  Obj rotY :   0.0000 deg
view   0 | SOD= 591.155 mm | SDD= 675.501 mm | M= 1.143 | incident=3.8197°
[[ -27.656937   -589.98096     -24.92534   ]
 [   8.12405      83.0686       20.07466   ]
 [   0.14938904   -0.00794189    0.        ]
 [   0.            0.            0.1496    ]]
Residual vector length: 36, Jacobian shape: (36, 6)
view   0 | SOD= 591.155 mm | SDD= 675.501 mm | M= 1.143 | incident=3.8197°
[[ -27.656923   -589.98096     -24.92534   ]
 [   8.124053     83.0686       20.07466   ]
 [   0.14938904   -0.00794189    0.        ]
 [   0.            0.            0.1496    ]]

iter 29 cost=5.122777 -> 5.122777 |dtheta|=4.445461e-06  lambda=1.000e+06

============================================================
Iteration 30
============================================================
Theta offsets (Unity frame):
  Source   : dSx=   0.000, dSy=   0.000, dSz=   0.000  (mm)
  Object   : dOx=  -9.862, dOy=   5.075, dOz=  -0.312  (mm)
  Object offset: offset_x=  -3.841, offset_z=   1.929  (mm)
  Detector : dDx=   0.000, dDy=   0.000, dDz=   0.000  (mm)
  Obj Stage rotY :   -3.043 deg
============================================================

Unity geometry (world coordinates):
  Source   : x=   0.000, y=  45.000, z=   0.000
  Object   : x=   0.138, y=  20.075, z= 588.688
  Detector : x=   0.000, y=   0.000, z= 674.000
  Obj rotY :   0.0000 deg
view   0 | SOD= 591.155 mm | SDD= 675.501 mm | M= 1.143 | incident=3.8197°
[[ -27.656937   -589.98096     -24.92534   ]
 [   8.12405      83.0686       20.07466   ]
 [   0.14938904   -0.00794189    0.        ]
 [   0.            0.            0.1496    ]]
Residual vector length: 36, Jacobian shape: (36, 6)
view   0 | SOD= 591.155 mm | SDD= 675.501 mm | M= 1.143 | incident=3.8197°
[[ -27.656923   -589.98096     -24.92534   ]
 [   8.124053     83.0686       20.07466   ]
 [   0.14938904   -0.00794189    0.        ]
 [   0.            0.            0.1496    ]]

iter 30 cost=5.122777 -> 5.122777 |dtheta|=4.445461e-06  lambda=1.000e+06

============================================================
Iteration 31
============================================================
Theta offsets (Unity frame):
  Source   : dSx=   0.000, dSy=   0.000, dSz=   0.000  (mm)
  Object   : dOx=  -9.862, dOy=   5.075, dOz=  -0.312  (mm)
  Object offset: offset_x=  -3.841, offset_z=   1.929  (mm)
  Detector : dDx=   0.000, dDy=   0.000, dDz=   0.000  (mm)
  Obj Stage rotY :   -3.043 deg
============================================================

Unity geometry (world coordinates):
  Source   : x=   0.000, y=  45.000, z=   0.000
  Object   : x=   0.138, y=  20.075, z= 588.688
  Detector : x=   0.000, y=   0.000, z= 674.000
  Obj rotY :   0.0000 deg
view   0 | SOD= 591.155 mm | SDD= 675.501 mm | M= 1.143 | incident=3.8197°
[[ -27.656937   -589.98096     -24.92534   ]
 [   8.12405      83.0686       20.07466   ]
 [   0.14938904   -0.00794189    0.        ]
 [   0.            0.            0.1496    ]]
Residual vector length: 36, Jacobian shape: (36, 6)
view   0 | SOD= 591.155 mm | SDD= 675.501 mm | M= 1.143 | incident=3.8197°
[[ -27.656923   -589.98096     -24.92534   ]
 [   8.124053     83.0686       20.07466   ]
 [   0.14938904   -0.00794189    0.        ]
 [   0.            0.            0.1496    ]]

iter 31 cost=5.122777 -> 5.122777 |dtheta|=4.445461e-06  lambda=1.000e+06

============================================================
Iteration 32
============================================================
Theta offsets (Unity frame):
  Source   : dSx=   0.000, dSy=   0.000, dSz=   0.000  (mm)
  Object   : dOx=  -9.862, dOy=   5.075, dOz=  -0.312  (mm)
  Object offset: offset_x=  -3.841, offset_z=   1.929  (mm)
  Detector : dDx=   0.000, dDy=   0.000, dDz=   0.000  (mm)
  Obj Stage rotY :   -3.043 deg
============================================================

Unity geometry (world coordinates):
  Source   : x=   0.000, y=  45.000, z=   0.000
  Object   : x=   0.138, y=  20.075, z= 588.688
  Detector : x=   0.000, y=   0.000, z= 674.000
  Obj rotY :   0.0000 deg
view   0 | SOD= 591.155 mm | SDD= 675.501 mm | M= 1.143 | incident=3.8197°
[[ -27.656937   -589.98096     -24.92534   ]
 [   8.12405      83.0686       20.07466   ]
 [   0.14938904   -0.00794189    0.        ]
 [   0.            0.            0.1496    ]]
Residual vector length: 36, Jacobian shape: (36, 6)
view   0 | SOD= 591.155 mm | SDD= 675.501 mm | M= 1.143 | incident=3.8197°
[[ -27.656923   -589.98096     -24.92534   ]
 [   8.124053     83.0686       20.07466   ]
 [   0.14938904   -0.00794189    0.        ]
 [   0.            0.            0.1496    ]]

iter 32 cost=5.122777 -> 5.122777 |dtheta|=4.445461e-06  lambda=1.000e+06

============================================================
Iteration 33
============================================================
Theta offsets (Unity frame):
  Source   : dSx=   0.000, dSy=   0.000, dSz=   0.000  (mm)
  Object   : dOx=  -9.862, dOy=   5.075, dOz=  -0.312  (mm)
  Object offset: offset_x=  -3.841, offset_z=   1.929  (mm)
  Detector : dDx=   0.000, dDy=   0.000, dDz=   0.000  (mm)
  Obj Stage rotY :   -3.043 deg
============================================================

Unity geometry (world coordinates):
  Source   : x=   0.000, y=  45.000, z=   0.000
  Object   : x=   0.138, y=  20.075, z= 588.688
  Detector : x=   0.000, y=   0.000, z= 674.000
  Obj rotY :   0.0000 deg
view   0 | SOD= 591.155 mm | SDD= 675.501 mm | M= 1.143 | incident=3.8197°
[[ -27.656937   -589.98096     -24.92534   ]
 [   8.12405      83.0686       20.07466   ]
 [   0.14938904   -0.00794189    0.        ]
 [   0.            0.            0.1496    ]]
Residual vector length: 36, Jacobian shape: (36, 6)
view   0 | SOD= 591.155 mm | SDD= 675.501 mm | M= 1.143 | incident=3.8197°
[[ -27.656923   -589.98096     -24.92534   ]
 [   8.124053     83.0686       20.07466   ]
 [   0.14938904   -0.00794189    0.        ]
 [   0.            0.            0.1496    ]]

iter 33 cost=5.122777 -> 5.122777 |dtheta|=4.445461e-06  lambda=1.000e+06
Stalled.

Estimated theta:
  dSx: +0.000000
  dSy: +0.000000
  dOx: -9.861939
  dOy: +5.074660
  dOz: -0.312246
  dDx: +0.000000
  dDy: +0.000000
  dDz: +0.000000
alpha: -3.043121e+00 deg)
offset_x: -3.840749
offset_z: +1.929493

Final cost table:
Fake theta: [  0.   0. -10.   5. -19.   0.   0.   0.  10.   0.   0.]
Final estimated theta: [ 0.          0.         -9.86193863  5.07465987 -0.31224632  0.
  0.          0.         -3.04312122 -3.84074945  1.92949314]
Diff from Expected: [  0.           0.           0.13806137   0.07465987  18.68775368
   0.           0.           0.         -13.04312122  -3.84074945
   1.92949314]
################################################################################

