Phantom already exists, skipping: cuboid_phantom_5_normal.npy

################################################################################
Running cuboid=normal scenario=G1 N_ANGLES=12, K=5
view   0 | SOD= 565.750 mm | SDD= 721.227 mm | M= 1.275 | incident=3.3432°
[[  57.21255    -562.1528      -28.        ]
 [ -18.490114    153.9744       12.        ]
 [   0.14903073    0.0130385     0.        ]
 [   0.            0.            0.1496    ]]
           image          x1          y1  area1          x2          y2  area2          x3          y3  area3          x4          y4  area4          x5          y5  area5
0   proj_000.png  542.320138  120.934596    581  430.432188  237.018083    553  452.947977  343.475915    519  560.715631  461.649718    531  542.311388  595.234875    562
1   proj_001.png  458.903614  120.891566    581  412.748077  236.030769    520  531.474708  343.256809    514  579.116279  464.525194    516  458.700525  595.802102    571
2   proj_002.png  385.956294  120.861888    572  417.856333  234.858223    529  601.326848  345.048638    514  575.519196  467.687386    547  385.980634  592.095070    568
3   proj_003.png  344.764286  120.755357    560  443.715356  234.009363    534  644.857678  348.365169    534  550.221429  470.448214    560  344.773381  585.246403    556
4   proj_004.png  345.046332  120.548263    518  482.956443  233.553539    551  649.542593  352.312963    540  509.969125  471.862779    583  345.025000  577.300000    520
5   proj_005.png  385.024242  120.432323    495  525.523381  233.541367    556  612.447898  356.029250    547  465.926910  471.584718    602  385.029940  570.530938    501
6   proj_006.png  452.884250  120.390892    527  560.730129  234.256932    541  542.402337  358.310518    599  430.364452  469.725314    557  452.903042  566.494297    526
7   proj_007.png  531.467925  120.464151    530  579.306238  235.240076    529  458.756303  358.389916    595  412.837383  466.661682    535  531.435606  566.255682    528
8   proj_008.png  601.440299  120.457090    536  575.522604  236.468354    553  385.998273  356.476684    579  417.757353  463.500000    544  601.425612  569.732580    531
9   proj_009.png  644.852336  120.553271    535  550.299645  237.276596    564  344.753108  352.964476    563  443.677903  460.943820    534  644.916974  576.038745    542
10  proj_010.png  649.519553  120.698324    537  509.994854  237.828473    583  345.094961  348.926357    516  483.047882  459.677716    543  649.602996  584.014981    534
11  proj_011.png  612.426966  120.807116    534  465.986418  237.735144    589  385.038934  345.491803    488  525.568592  459.916968    554  612.421348  591.230337    534

============================================================
Iteration 0
============================================================
Theta offsets (Unity frame):
  Source   : dSx=   0.000, dSy=   0.000, dSz=   0.000  (mm)
  Object   : dOx=   0.000, dOy=   0.000, dOz=   0.000  (mm)
  Object offset: offset_x=   0.000, offset_z=   0.000  (mm)
  Detector : dDx=   0.000, dDy=   0.000, dDz=   0.000  (mm)
  Obj Stage rotY :    0.000 deg
============================================================

Unity geometry (world coordinates):
  Source   : x=   8.000, y=  50.000, z=   0.000
  Object   : x=   6.000, y=  28.000, z= 577.000
  Detector : x=  -5.000, y=  10.000, z= 720.000
  Obj rotY :   0.0000 deg
view   0 | SOD= 577.423 mm | SDD= 721.227 mm | M= 1.249 | incident=3.3432°
[[   2.     -577.      -22.    ]
 [ -11.      143.       18.    ]
 [   0.1496    0.        0.    ]
 [   0.        0.        0.1496]]
Residual vector length: 240, Jacobian shape: (240, 6)
view   0 | SOD= 575.488 mm | SDD= 721.227 mm | M= 1.253 | incident=3.3432°
[[  43.635395   -573.23883     -26.069     ]
 [ -15.693713    144.43036      13.931     ]
 [   0.14928961    0.00963176    0.        ]
 [   0.            0.            0.1496    ]]

iter 00 cost=178414.143701 -> 19360.386917 |dtheta|=7.580477e+00  lambda=1.000e-02

============================================================
Iteration 1
============================================================
Theta offsets (Unity frame):
  Source   : dSx=   0.000, dSy=   0.000, dSz=   0.000  (mm)
  Object   : dOx=  -4.585, dOy=  -4.069, dOz=  -2.478  (mm)
  Object offset: offset_x=  -0.053, offset_z=   0.337  (mm)
  Detector : dDx=   0.000, dDy=   0.000, dDz=   0.000  (mm)
  Obj Stage rotY :    3.691 deg
============================================================

Unity geometry (world coordinates):
  Source   : x=   8.000, y=  50.000, z=   0.000
  Object   : x=   1.415, y=  23.931, z= 574.522
  Detector : x=  -5.000, y=  10.000, z= 720.000
  Obj rotY :   0.0000 deg
view   0 | SOD= 575.488 mm | SDD= 721.227 mm | M= 1.253 | incident=3.3432°
[[  43.635395   -573.23883     -26.069     ]
 [ -15.693713    144.43036      13.931     ]
 [   0.14928961    0.00963176    0.        ]
 [   0.            0.            0.1496    ]]
Residual vector length: 240, Jacobian shape: (240, 6)
view   0 | SOD= 572.602 mm | SDD= 721.227 mm | M= 1.260 | incident=3.3432°
[[  49.236217   -569.80963     -27.666193  ]
 [ -16.124846    147.33537      12.333807  ]
 [   0.14920336    0.01088663    0.        ]
 [   0.            0.            0.1496    ]]

iter 01 cost=19360.386917 -> 2554.811578 |dtheta|=3.360792e+00  lambda=3.333e-03

============================================================
Iteration 2
============================================================
Theta offsets (Unity frame):
  Source   : dSx=   0.000, dSy=   0.000, dSz=   0.000  (mm)
  Object   : dOx=  -5.562, dOy=  -5.666, dOz=  -5.217  (mm)
  Object offset: offset_x=  -0.078, offset_z=   0.098  (mm)
  Detector : dDx=   0.000, dDy=   0.000, dDz=   0.000  (mm)
  Obj Stage rotY :    4.173 deg
============================================================

Unity geometry (world coordinates):
  Source   : x=   8.000, y=  50.000, z=   0.000
  Object   : x=   0.438, y=  22.334, z= 571.783
  Detector : x=  -5.000, y=  10.000, z= 720.000
  Obj rotY :   0.0000 deg
view   0 | SOD= 572.602 mm | SDD= 721.227 mm | M= 1.260 | incident=3.3432°
[[  49.236217   -569.80963     -27.666193  ]
 [ -16.124846    147.33537      12.333807  ]
 [   0.14920336    0.01088663    0.        ]
 [   0.            0.            0.1496    ]]
Residual vector length: 240, Jacobian shape: (240, 6)
view   0 | SOD= 571.637 mm | SDD= 721.227 mm | M= 1.262 | incident=3.3432°
[[  51.62306    -568.6091      -28.067331  ]
 [ -16.646086    148.26492      11.932669  ]
 [   0.14915797    0.01149168    0.        ]
 [   0.            0.            0.1496    ]]

iter 02 cost=2554.811578 -> 892.255322 |dtheta|=1.178394e+00  lambda=1.111e-03

============================================================
Iteration 3
============================================================
Theta offsets (Unity frame):
  Source   : dSx=   0.000, dSy=   0.000, dSz=   0.000  (mm)
  Object   : dOx=  -5.912, dOy=  -6.067, dOz=  -6.223  (mm)
  Object offset: offset_x=   0.120, offset_z=   0.117  (mm)
  Detector : dDx=   0.000, dDy=   0.000, dDz=   0.000  (mm)
  Obj Stage rotY :    4.406 deg
============================================================

Unity geometry (world coordinates):
  Source   : x=   8.000, y=  50.000, z=   0.000
  Object   : x=   0.088, y=  21.933, z= 570.777
  Detector : x=  -5.000, y=  10.000, z= 720.000
  Obj rotY :   0.0000 deg
view   0 | SOD= 571.637 mm | SDD= 721.227 mm | M= 1.262 | incident=3.3432°
[[  51.62306    -568.6091      -28.067331  ]
 [ -16.646086    148.26492      11.932669  ]
 [   0.14915797    0.01149168    0.        ]
 [   0.            0.            0.1496    ]]
Residual vector length: 240, Jacobian shape: (240, 6)
view   0 | SOD= 570.278 mm | SDD= 721.227 mm | M= 1.265 | incident=3.3432°
[[  54.658165   -566.9556      -28.12044   ]
 [ -17.388042    149.54865      11.87956   ]
 [   0.14909534    0.0122776     0.        ]
 [   0.            0.            0.1496    ]]

iter 03 cost=892.255322 -> 426.134506 |dtheta|=1.383055e+00  lambda=3.704e-04

============================================================
Iteration 4
============================================================
Theta offsets (Unity frame):
  Source   : dSx=   0.000, dSy=   0.000, dSz=   0.000  (mm)
  Object   : dOx=  -5.989, dOy=  -6.120, dOz=  -7.567  (mm)
  Object offset: offset_x=   0.045, offset_z=   0.096  (mm)
  Detector : dDx=   0.000, dDy=   0.000, dDz=   0.000  (mm)
  Obj Stage rotY :    4.708 deg
============================================================

Unity geometry (world coordinates):
  Source   : x=   8.000, y=  50.000, z=   0.000
  Object   : x=   0.011, y=  21.880, z= 569.433
  Detector : x=  -5.000, y=  10.000, z= 720.000
  Obj rotY :   0.0000 deg
view   0 | SOD= 570.278 mm | SDD= 721.227 mm | M= 1.265 | incident=3.3432°
[[  54.658165   -566.9556      -28.12044   ]
 [ -17.388042    149.54865      11.87956   ]
 [   0.14909534    0.0122776     0.        ]
 [   0.            0.            0.1496    ]]
Residual vector length: 240, Jacobian shape: (240, 6)
view   0 | SOD= 569.870 mm | SDD= 721.227 mm | M= 1.266 | incident=3.3432°
[[  56.159454   -566.39667     -28.15799   ]
 [ -17.61467     149.93172      11.8420105 ]
 [   0.1490653     0.01263717    0.        ]
 [   0.            0.            0.1496    ]]

iter 04 cost=426.134506 -> 320.325705 |dtheta|=4.598981e-01  lambda=1.235e-04

============================================================
Iteration 5
============================================================
Theta offsets (Unity frame):
  Source   : dSx=   0.000, dSy=   0.000, dSz=   0.000  (mm)
  Object   : dOx=  -6.091, dOy=  -6.158, dOz=  -7.986  (mm)
  Object offset: offset_x=  -0.022, offset_z=   0.102  (mm)
  Detector : dDx=   0.000, dDy=   0.000, dDz=   0.000  (mm)
  Obj Stage rotY :    4.846 deg
============================================================

Unity geometry (world coordinates):
  Source   : x=   8.000, y=  50.000, z=   0.000
  Object   : x=  -0.091, y=  21.842, z= 569.014
  Detector : x=  -5.000, y=  10.000, z= 720.000
  Obj rotY :   0.0000 deg
view   0 | SOD= 569.870 mm | SDD= 721.227 mm | M= 1.266 | incident=3.3432°
[[  56.159454   -566.39667     -28.15799   ]
 [ -17.61467     149.93172      11.8420105 ]
 [   0.1490653     0.01263717    0.        ]
 [   0.            0.            0.1496    ]]
Residual vector length: 240, Jacobian shape: (240, 6)
view   0 | SOD= 568.812 mm | SDD= 721.227 mm | M= 1.268 | incident=3.3432°
[[  56.60775    -565.29034     -28.088425  ]
 [ -17.942905    150.95767      11.911575  ]
 [   0.1490515     0.01279876    0.        ]
 [   0.            0.            0.1496    ]]

iter 05 cost=320.325705 -> 178.806547 |dtheta|=1.012321e+00  lambda=4.115e-05

============================================================
Iteration 6
============================================================
Theta offsets (Unity frame):
  Source   : dSx=   0.000, dSy=   0.000, dSz=   0.000  (mm)
  Object   : dOx=  -6.045, dOy=  -6.088, dOz=  -8.992  (mm)
  Object offset: offset_x=   0.007, offset_z=   0.052  (mm)
  Detector : dDx=   0.000, dDy=   0.000, dDz=   0.000  (mm)
  Obj Stage rotY :    4.908 deg
============================================================

Unity geometry (world coordinates):
  Source   : x=   8.000, y=  50.000, z=   0.000
  Object   : x=  -0.045, y=  21.912, z= 568.008
  Detector : x=  -5.000, y=  10.000, z= 720.000
  Obj rotY :   0.0000 deg
view   0 | SOD= 568.812 mm | SDD= 721.227 mm | M= 1.268 | incident=3.3432°
[[  56.60775    -565.29034     -28.088425  ]
 [ -17.942905    150.95767      11.911575  ]
 [   0.1490515     0.01279876    0.        ]
 [   0.            0.            0.1496    ]]
Residual vector length: 240, Jacobian shape: (240, 6)
view   0 | SOD= 567.963 mm | SDD= 721.227 mm | M= 1.270 | incident=3.3432°
[[  57.901684   -564.3046      -28.092634  ]
 [ -18.372522    151.7619       11.907366  ]
 [   0.14902027    0.01315744    0.        ]
 [   0.            0.            0.1496    ]]

iter 06 cost=178.806547 -> 90.902897 |dtheta|=8.521688e-01  lambda=1.372e-05

============================================================
Iteration 7
============================================================
Theta offsets (Unity frame):
  Source   : dSx=   0.000, dSy=   0.000, dSz=   0.000  (mm)
  Object   : dOx=  -6.021, dOy=  -6.093, dOz=  -9.831  (mm)
  Object offset: offset_x=  -0.026, offset_z=   0.042  (mm)
  Detector : dDx=   0.000, dDy=   0.000, dDz=   0.000  (mm)
  Obj Stage rotY :    5.046 deg
============================================================

Unity geometry (world coordinates):
  Source   : x=   8.000, y=  50.000, z=   0.000
  Object   : x=  -0.021, y=  21.907, z= 567.169
  Detector : x=  -5.000, y=  10.000, z= 720.000
  Obj rotY :   0.0000 deg
view   0 | SOD= 567.963 mm | SDD= 721.227 mm | M= 1.270 | incident=3.3432°
[[  57.901684   -564.3046      -28.092634  ]
 [ -18.372522    151.7619       11.907366  ]
 [   0.14902027    0.01315744    0.        ]
 [   0.            0.            0.1496    ]]
Residual vector length: 240, Jacobian shape: (240, 6)
view   0 | SOD= 567.891 mm | SDD= 721.227 mm | M= 1.270 | incident=3.3432°
[[  57.356846   -564.28674     -28.112072  ]
 [ -18.22178     151.85355      11.887928  ]
 [   0.14903298    0.01301269    0.        ]
 [   0.            0.            0.1496    ]]

iter 07 cost=90.902897 -> 82.338406 |dtheta|=8.203159e-02  lambda=4.572e-06

============================================================
Iteration 8
============================================================
Theta offsets (Unity frame):
  Source   : dSx=   0.000, dSy=   0.000, dSz=   0.000  (mm)
  Object   : dOx=  -6.023, dOy=  -6.112, dOz=  -9.884  (mm)
  Object offset: offset_x=  -0.033, offset_z=   0.021  (mm)
  Detector : dDx=   0.000, dDy=   0.000, dDz=   0.000  (mm)
  Obj Stage rotY :    4.990 deg
============================================================

Unity geometry (world coordinates):
  Source   : x=   8.000, y=  50.000, z=   0.000
  Object   : x=  -0.023, y=  21.888, z= 567.116
  Detector : x=  -5.000, y=  10.000, z= 720.000
  Obj rotY :   0.0000 deg
view   0 | SOD= 567.891 mm | SDD= 721.227 mm | M= 1.270 | incident=3.3432°
[[  57.356846   -564.28674     -28.112072  ]
 [ -18.22178     151.85355      11.887928  ]
 [   0.14903298    0.01301269    0.        ]
 [   0.            0.            0.1496    ]]
Residual vector length: 240, Jacobian shape: (240, 6)
view   0 | SOD= 567.593 mm | SDD= 721.227 mm | M= 1.271 | incident=3.3432°
[[  57.154823   -564.00714     -28.116428  ]
 [ -18.279411    152.14833      11.883572  ]
 [   0.1490356     0.01298264    0.        ]
 [   0.            0.            0.1496    ]]

iter 08 cost=82.338406 -> 64.718517 |dtheta|=2.866842e-01  lambda=1.524e-06

============================================================
Iteration 9
============================================================
Theta offsets (Unity frame):
  Source   : dSx=   0.000, dSy=   0.000, dSz=   0.000  (mm)
  Object   : dOx=  -6.008, dOy=  -6.116, dOz= -10.165  (mm)
  Object offset: offset_x=   0.015, offset_z=   0.005  (mm)
  Detector : dDx=   0.000, dDy=   0.000, dDz=   0.000  (mm)
  Obj Stage rotY :    4.979 deg
============================================================

Unity geometry (world coordinates):
  Source   : x=   8.000, y=  50.000, z=   0.000
  Object   : x=  -0.008, y=  21.884, z= 566.835
  Detector : x=  -5.000, y=  10.000, z= 720.000
  Obj rotY :   0.0000 deg
view   0 | SOD= 567.593 mm | SDD= 721.227 mm | M= 1.271 | incident=3.3432°
[[  57.154823   -564.00714     -28.116428  ]
 [ -18.279411    152.14833      11.883572  ]
 [   0.1490356     0.01298264    0.        ]
 [   0.            0.            0.1496    ]]
Residual vector length: 240, Jacobian shape: (240, 6)
view   0 | SOD= 567.445 mm | SDD= 721.227 mm | M= 1.271 | incident=3.3432°
[[  57.83058    -563.7908      -28.086971  ]
 [ -18.44223     152.2759       11.913029  ]
 [   0.1490203     0.01315715    0.        ]
 [   0.            0.            0.1496    ]]

iter 09 cost=64.718517 -> 55.522141 |dtheta|=1.479158e-01  lambda=1.000e-06

============================================================
Iteration 10
============================================================
Theta offsets (Unity frame):
  Source   : dSx=   0.000, dSy=   0.000, dSz=   0.000  (mm)
  Object   : dOx=  -6.017, dOy=  -6.087, dOz= -10.290  (mm)
  Object offset: offset_x=  -0.004, offset_z=  -0.018  (mm)
  Detector : dDx=   0.000, dDy=   0.000, dDz=   0.000  (mm)
  Obj Stage rotY :    5.046 deg
============================================================

Unity geometry (world coordinates):
  Source   : x=   8.000, y=  50.000, z=   0.000
  Object   : x=  -0.017, y=  21.913, z= 566.710
  Detector : x=  -5.000, y=  10.000, z= 720.000
  Obj rotY :   0.0000 deg
view   0 | SOD= 567.445 mm | SDD= 721.227 mm | M= 1.271 | incident=3.3432°
[[  57.83058    -563.7908      -28.086971  ]
 [ -18.44223     152.2759       11.913029  ]
 [   0.1490203     0.01315715    0.        ]
 [   0.            0.            0.1496    ]]
Residual vector length: 240, Jacobian shape: (240, 6)
view   0 | SOD= 567.117 mm | SDD= 721.227 mm | M= 1.272 | incident=3.3432°
[[  57.961803   -563.44806     -28.073223  ]
 [ -18.5273      152.59554      11.926777  ]
 [   0.14901632    0.01320216    0.        ]
 [   0.            0.            0.1496    ]]

iter 10 cost=55.522141 -> 35.067746 |dtheta|=3.628088e-01  lambda=1.000e-06

============================================================
Iteration 11
============================================================
Theta offsets (Unity frame):
  Source   : dSx=   0.000, dSy=   0.000, dSz=   0.000  (mm)
  Object   : dOx=  -6.014, dOy=  -6.073, dOz= -10.651  (mm)
  Object offset: offset_x=   0.003, offset_z=   0.016  (mm)
  Detector : dDx=   0.000, dDy=   0.000, dDz=   0.000  (mm)
  Obj Stage rotY :    5.063 deg
============================================================

Unity geometry (world coordinates):
  Source   : x=   8.000, y=  50.000, z=   0.000
  Object   : x=  -0.014, y=  21.927, z= 566.349
  Detector : x=  -5.000, y=  10.000, z= 720.000
  Obj rotY :   0.0000 deg
view   0 | SOD= 567.117 mm | SDD= 721.227 mm | M= 1.272 | incident=3.3432°
[[  57.961803   -563.44806     -28.073223  ]
 [ -18.5273      152.59554      11.926777  ]
 [   0.14901632    0.01320216    0.        ]
 [   0.            0.            0.1496    ]]
Residual vector length: 240, Jacobian shape: (240, 6)
view   0 | SOD= 566.825 mm | SDD= 721.227 mm | M= 1.272 | incident=3.3432°
[[  57.43827    -563.2096      -28.044262  ]
 [ -18.39288     152.90399      11.955738  ]
 [   0.14902839    0.01306524    0.        ]
 [   0.            0.            0.1496    ]]

iter 11 cost=35.067746 -> 21.459199 |dtheta|=2.877034e-01  lambda=1.000e-06

============================================================
Iteration 12
============================================================
Theta offsets (Unity frame):
  Source   : dSx=   0.000, dSy=   0.000, dSz=   0.000  (mm)
  Object   : dOx=  -6.022, dOy=  -6.044, dOz= -10.932  (mm)
  Object offset: offset_x=  -0.009, offset_z=   0.005  (mm)
  Detector : dDx=   0.000, dDy=   0.000, dDz=   0.000  (mm)
  Obj Stage rotY :    5.010 deg
============================================================

Unity geometry (world coordinates):
  Source   : x=   8.000, y=  50.000, z=   0.000
  Object   : x=  -0.022, y=  21.956, z= 566.068
  Detector : x=  -5.000, y=  10.000, z= 720.000
  Obj rotY :   0.0000 deg
view   0 | SOD= 566.825 mm | SDD= 721.227 mm | M= 1.272 | incident=3.3432°
[[  57.43827    -563.2096      -28.044262  ]
 [ -18.39288     152.90399      11.955738  ]
 [   0.14902839    0.01306524    0.        ]
 [   0.            0.            0.1496    ]]
Residual vector length: 240, Jacobian shape: (240, 6)
view   0 | SOD= 566.640 mm | SDD= 721.227 mm | M= 1.273 | incident=3.3432°
[[  57.26932    -563.04065     -28.034115  ]
 [ -18.371521    153.09302      11.965885  ]
 [   0.14903185    0.01302563    0.        ]
 [   0.            0.            0.1496    ]]

iter 12 cost=21.459199 -> 15.319930 |dtheta|=1.920445e-01  lambda=1.000e-06

============================================================
Iteration 13
============================================================
Theta offsets (Unity frame):
  Source   : dSx=   0.000, dSy=   0.000, dSz=   0.000  (mm)
  Object   : dOx=  -6.012, dOy=  -6.034, dOz= -11.122  (mm)
  Object offset: offset_x=  -0.016, offset_z=   0.011  (mm)
  Detector : dDx=   0.000, dDy=   0.000, dDz=   0.000  (mm)
  Obj Stage rotY :    4.995 deg
============================================================

Unity geometry (world coordinates):
  Source   : x=   8.000, y=  50.000, z=   0.000
  Object   : x=  -0.012, y=  21.966, z= 565.878
  Detector : x=  -5.000, y=  10.000, z= 720.000
  Obj rotY :   0.0000 deg
view   0 | SOD= 566.640 mm | SDD= 721.227 mm | M= 1.273 | incident=3.3432°
[[  57.26932    -563.04065     -28.034115  ]
 [ -18.371521    153.09302      11.965885  ]
 [   0.14903185    0.01302563    0.        ]
 [   0.            0.            0.1496    ]]
Residual vector length: 240, Jacobian shape: (240, 6)
view   0 | SOD= 566.402 mm | SDD= 721.227 mm | M= 1.273 | incident=3.3432°
[[  57.2985     -562.79877     -28.020264  ]
 [ -18.40584     153.32822      11.979736  ]
 [   0.1490307     0.01303885    0.        ]
 [   0.            0.            0.1496    ]]

iter 13 cost=15.319930 -> 8.436450 |dtheta|=2.314316e-01  lambda=1.000e-06

============================================================
Iteration 14
============================================================
Theta offsets (Unity frame):
  Source   : dSx=   0.000, dSy=   0.000, dSz=   0.000  (mm)
  Object   : dOx=  -6.017, dOy=  -6.020, dOz= -11.353  (mm)
  Object offset: offset_x=  -0.011, offset_z=   0.004  (mm)
  Detector : dDx=   0.000, dDy=   0.000, dDz=   0.000  (mm)
  Obj Stage rotY :    5.000 deg
============================================================

Unity geometry (world coordinates):
  Source   : x=   8.000, y=  50.000, z=   0.000
  Object   : x=  -0.017, y=  21.980, z= 565.647
  Detector : x=  -5.000, y=  10.000, z= 720.000
  Obj rotY :   0.0000 deg
view   0 | SOD= 566.402 mm | SDD= 721.227 mm | M= 1.273 | incident=3.3432°
[[  57.2985     -562.79877     -28.020264  ]
 [ -18.40584     153.32822      11.979736  ]
 [   0.1490307     0.01303885    0.        ]
 [   0.            0.            0.1496    ]]
Residual vector length: 240, Jacobian shape: (240, 6)
view   0 | SOD= 566.259 mm | SDD= 721.227 mm | M= 1.274 | incident=3.3432°
[[  57.327232   -562.6528      -28.01782   ]
 [ -18.434078    153.46815      11.98218   ]
 [   0.14902966    0.0130507     0.        ]
 [   0.            0.            0.1496    ]]

iter 14 cost=8.436450 -> 4.939768 |dtheta|=1.431927e-01  lambda=1.000e-06

============================================================
Iteration 15
============================================================
Theta offsets (Unity frame):
  Source   : dSx=   0.000, dSy=   0.000, dSz=   0.000  (mm)
  Object   : dOx=  -6.011, dOy=  -6.018, dOz= -11.496  (mm)
  Object offset: offset_x=  -0.013, offset_z=   0.005  (mm)
  Detector : dDx=   0.000, dDy=   0.000, dDz=   0.000  (mm)
  Obj Stage rotY :    5.005 deg
============================================================

Unity geometry (world coordinates):
  Source   : x=   8.000, y=  50.000, z=   0.000
  Object   : x=  -0.011, y=  21.982, z= 565.504
  Detector : x=  -5.000, y=  10.000, z= 720.000
  Obj rotY :   0.0000 deg
view   0 | SOD= 566.259 mm | SDD= 721.227 mm | M= 1.274 | incident=3.3432°
[[  57.327232   -562.6528      -28.01782   ]
 [ -18.434078    153.46815      11.98218   ]
 [   0.14902966    0.0130507     0.        ]
 [   0.            0.            0.1496    ]]
Residual vector length: 240, Jacobian shape: (240, 6)
view   0 | SOD= 566.206 mm | SDD= 721.227 mm | M= 1.274 | incident=3.3432°
[[  57.190876   -562.6131      -28.020056  ]
 [ -18.411282    153.52469      11.979944  ]
 [   0.14903255    0.01301758    0.        ]
 [   0.            0.            0.1496    ]]

iter 15 cost=4.939768 -> 3.896922 |dtheta|=5.429229e-02  lambda=1.000e-06

============================================================
Iteration 16
============================================================
Theta offsets (Unity frame):
  Source   : dSx=   0.000, dSy=   0.000, dSz=   0.000  (mm)
  Object   : dOx=  -6.009, dOy=  -6.020, dOz= -11.549  (mm)
  Object offset: offset_x=  -0.009, offset_z=   0.004  (mm)
  Detector : dDx=   0.000, dDy=   0.000, dDz=   0.000  (mm)
  Obj Stage rotY :    4.992 deg
============================================================

Unity geometry (world coordinates):
  Source   : x=   8.000, y=  50.000, z=   0.000
  Object   : x=  -0.009, y=  21.980, z= 565.451
  Detector : x=  -5.000, y=  10.000, z= 720.000
  Obj rotY :   0.0000 deg
view   0 | SOD= 566.206 mm | SDD= 721.227 mm | M= 1.274 | incident=3.3432°
[[  57.190876   -562.6131      -28.020056  ]
 [ -18.411282    153.52469      11.979944  ]
 [   0.14903255    0.01301758    0.        ]
 [   0.            0.            0.1496    ]]
Residual vector length: 240, Jacobian shape: (240, 6)
view   0 | SOD= 566.101 mm | SDD= 721.227 mm | M= 1.274 | incident=3.3432°
[[  57.31529    -562.495       -28.0173    ]
 [ -18.466763    153.62378      11.9827    ]
 [   0.14902928    0.01305502    0.        ]
 [   0.            0.            0.1496    ]]

iter 16 cost=3.896922 -> 2.379986 |dtheta|=1.016064e-01  lambda=1.000e-06

============================================================
Iteration 17
============================================================
Theta offsets (Unity frame):
  Source   : dSx=   0.000, dSy=   0.000, dSz=   0.000  (mm)
  Object   : dOx=  -6.007, dOy=  -6.017, dOz= -11.649  (mm)
  Object offset: offset_x=  -0.003, offset_z=  -0.001  (mm)
  Detector : dDx=   0.000, dDy=   0.000, dDz=   0.000  (mm)
  Obj Stage rotY :    5.006 deg
============================================================

Unity geometry (world coordinates):
  Source   : x=   8.000, y=  50.000, z=   0.000
  Object   : x=  -0.007, y=  21.983, z= 565.351
  Detector : x=  -5.000, y=  10.000, z= 720.000
  Obj rotY :   0.0000 deg
view   0 | SOD= 566.101 mm | SDD= 721.227 mm | M= 1.274 | incident=3.3432°
[[  57.31529    -562.495       -28.0173    ]
 [ -18.466763    153.62378      11.9827    ]
 [   0.14902928    0.01305502    0.        ]
 [   0.            0.            0.1496    ]]
Residual vector length: 240, Jacobian shape: (240, 6)
view   0 | SOD= 566.080 mm | SDD= 721.227 mm | M= 1.274 | incident=3.3432°
[[  57.25327    -562.4803      -28.015512  ]
 [ -18.447811    153.64702      11.984488  ]
 [   0.14903076    0.01303817    0.        ]
 [   0.            0.            0.1496    ]]

iter 17 cost=2.379986 -> 2.126703 |dtheta|=2.343255e-02  lambda=1.000e-06

============================================================
Iteration 18
============================================================
Theta offsets (Unity frame):
  Source   : dSx=   0.000, dSy=   0.000, dSz=   0.000  (mm)
  Object   : dOx=  -6.007, dOy=  -6.016, dOz= -11.671  (mm)
  Object offset: offset_x=  -0.006, offset_z=   0.001  (mm)
  Detector : dDx=   0.000, dDy=   0.000, dDz=   0.000  (mm)
  Obj Stage rotY :    5.000 deg
============================================================

Unity geometry (world coordinates):
  Source   : x=   8.000, y=  50.000, z=   0.000
  Object   : x=  -0.007, y=  21.984, z= 565.329
  Detector : x=  -5.000, y=  10.000, z= 720.000
  Obj rotY :   0.0000 deg
view   0 | SOD= 566.080 mm | SDD= 721.227 mm | M= 1.274 | incident=3.3432°
[[  57.25327    -562.4803      -28.015512  ]
 [ -18.447811    153.64702      11.984488  ]
 [   0.14903076    0.01303817    0.        ]
 [   0.            0.            0.1496    ]]
Residual vector length: 240, Jacobian shape: (240, 6)
view   0 | SOD= 566.041 mm | SDD= 721.227 mm | M= 1.274 | incident=3.3432°
[[  57.341316   -562.4315      -28.015432  ]
 [ -18.478357    153.68327      11.984568  ]
 [   0.1490286     0.01306285    0.        ]
 [   0.            0.            0.1496    ]]

iter 18 cost=2.126703 -> 1.782887 |dtheta|=4.100678e-02  lambda=1.000e-06

============================================================
Iteration 19
============================================================
Theta offsets (Unity frame):
  Source   : dSx=   0.000, dSy=   0.000, dSz=   0.000  (mm)
  Object   : dOx=  -6.009, dOy=  -6.015, dOz= -11.711  (mm)
  Object offset: offset_x=  -0.003, offset_z=   0.001  (mm)
  Detector : dDx=   0.000, dDy=   0.000, dDz=   0.000  (mm)
  Obj Stage rotY :    5.009 deg
============================================================

Unity geometry (world coordinates):
  Source   : x=   8.000, y=  50.000, z=   0.000
  Object   : x=  -0.009, y=  21.985, z= 565.289
  Detector : x=  -5.000, y=  10.000, z= 720.000
  Obj rotY :   0.0000 deg
view   0 | SOD= 566.041 mm | SDD= 721.227 mm | M= 1.274 | incident=3.3432°
[[  57.341316   -562.4315      -28.015432  ]
 [ -18.478357    153.68327      11.984568  ]
 [   0.1490286     0.01306285    0.        ]
 [   0.            0.            0.1496    ]]
Residual vector length: 240, Jacobian shape: (240, 6)
view   0 | SOD= 565.979 mm | SDD= 721.227 mm | M= 1.274 | incident=3.3432°
[[  57.18946    -562.38513     -28.013391  ]
 [ -18.444963    153.74925      11.9866085 ]
 [   0.14903197    0.0130243     0.        ]
 [   0.            0.            0.1496    ]]

iter 19 cost=1.782887 -> 1.152844 |dtheta|=6.348360e-02  lambda=1.000e-06

============================================================
Iteration 20
============================================================
Theta offsets (Unity frame):
  Source   : dSx=   0.000, dSy=   0.000, dSz=   0.000  (mm)
  Object   : dOx=  -6.006, dOy=  -6.013, dOz= -11.772  (mm)
  Object offset: offset_x=  -0.004, offset_z=   0.001  (mm)
  Detector : dDx=   0.000, dDy=   0.000, dDz=   0.000  (mm)
  Obj Stage rotY :    4.995 deg
============================================================

Unity geometry (world coordinates):
  Source   : x=   8.000, y=  50.000, z=   0.000
  Object   : x=  -0.006, y=  21.987, z= 565.228
  Detector : x=  -5.000, y=  10.000, z= 720.000
  Obj rotY :   0.0000 deg
view   0 | SOD= 565.979 mm | SDD= 721.227 mm | M= 1.274 | incident=3.3432°
[[  57.18946    -562.38513     -28.013391  ]
 [ -18.444963    153.74925      11.9866085 ]
 [   0.14903197    0.0130243     0.        ]
 [   0.            0.            0.1496    ]]
Residual vector length: 240, Jacobian shape: (240, 6)
view   0 | SOD= 565.929 mm | SDD= 721.227 mm | M= 1.274 | incident=3.3432°
[[  57.156536   -562.3382      -28.009687  ]
 [ -18.444683    153.79968      11.990313  ]
 [   0.14903258    0.01301739    0.        ]
 [   0.            0.            0.1496    ]]

iter 20 cost=1.152844 -> 0.908660 |dtheta|=4.843659e-02  lambda=1.000e-06

============================================================
Iteration 21
============================================================
Theta offsets (Unity frame):
  Source   : dSx=   0.000, dSy=   0.000, dSz=   0.000  (mm)
  Object   : dOx=  -6.005, dOy=  -6.010, dOz= -11.820  (mm)
  Object offset: offset_x=  -0.003, offset_z=  -0.001  (mm)
  Detector : dDx=   0.000, dDy=   0.000, dDz=   0.000  (mm)
  Obj Stage rotY :    4.992 deg
============================================================

Unity geometry (world coordinates):
  Source   : x=   8.000, y=  50.000, z=   0.000
  Object   : x=  -0.005, y=  21.990, z= 565.180
  Detector : x=  -5.000, y=  10.000, z= 720.000
  Obj rotY :   0.0000 deg
view   0 | SOD= 565.929 mm | SDD= 721.227 mm | M= 1.274 | incident=3.3432°
[[  57.156536   -562.3382      -28.009687  ]
 [ -18.444683    153.79968      11.990313  ]
 [   0.14903258    0.01301739    0.        ]
 [   0.            0.            0.1496    ]]
Residual vector length: 240, Jacobian shape: (240, 6)
view   0 | SOD= 565.939 mm | SDD= 721.227 mm | M= 1.274 | incident=3.3432°
[[  57.21361    -562.34265     -28.010574  ]
 [ -18.46014     153.78754      11.989426  ]
 [   0.14903125    0.01303248    0.        ]
 [   0.            0.            0.1496    ]]

iter 21 cost=0.908660 -> 0.960081 |dtheta|=1.078366e-02  lambda=1.000e-06

============================================================
Iteration 22
============================================================
Theta offsets (Unity frame):
  Source   : dSx=   0.000, dSy=   0.000, dSz=   0.000  (mm)
  Object   : dOx=  -6.005, dOy=  -6.010, dOz= -11.820  (mm)
  Object offset: offset_x=  -0.003, offset_z=  -0.001  (mm)
  Detector : dDx=   0.000, dDy=   0.000, dDz=   0.000  (mm)
  Obj Stage rotY :    4.992 deg
============================================================

Unity geometry (world coordinates):
  Source   : x=   8.000, y=  50.000, z=   0.000
  Object   : x=  -0.005, y=  21.990, z= 565.180
  Detector : x=  -5.000, y=  10.000, z= 720.000
  Obj rotY :   0.0000 deg
view   0 | SOD= 565.929 mm | SDD= 721.227 mm | M= 1.274 | incident=3.3432°
[[  57.156536   -562.3382      -28.009687  ]
 [ -18.444683    153.79968      11.990313  ]
 [   0.14903258    0.01301739    0.        ]
 [   0.            0.            0.1496    ]]
Residual vector length: 240, Jacobian shape: (240, 6)
view   0 | SOD= 565.939 mm | SDD= 721.227 mm | M= 1.274 | incident=3.3432°
[[  57.21361    -562.34265     -28.010574  ]
 [ -18.46014     153.78754      11.989426  ]
 [   0.14903125    0.01303248    0.        ]
 [   0.            0.            0.1496    ]]

iter 22 cost=0.908660 -> 0.960081 |dtheta|=1.078366e-02  lambda=5.000e-06

============================================================
Iteration 23
============================================================
Theta offsets (Unity frame):
  Source   : dSx=   0.000, dSy=   0.000, dSz=   0.000  (mm)
  Object   : dOx=  -6.005, dOy=  -6.010, dOz= -11.820  (mm)
  Object offset: offset_x=  -0.003, offset_z=  -0.001  (mm)
  Detector : dDx=   0.000, dDy=   0.000, dDz=   0.000  (mm)
  Obj Stage rotY :    4.992 deg
============================================================

Unity geometry (world coordinates):
  Source   : x=   8.000, y=  50.000, z=   0.000
  Object   : x=  -0.005, y=  21.990, z= 565.180
  Detector : x=  -5.000, y=  10.000, z= 720.000
  Obj rotY :   0.0000 deg
view   0 | SOD= 565.929 mm | SDD= 721.227 mm | M= 1.274 | incident=3.3432°
[[  57.156536   -562.3382      -28.009687  ]
 [ -18.444683    153.79968      11.990313  ]
 [   0.14903258    0.01301739    0.        ]
 [   0.            0.            0.1496    ]]
Residual vector length: 240, Jacobian shape: (240, 6)
view   0 | SOD= 565.939 mm | SDD= 721.227 mm | M= 1.274 | incident=3.3432°
[[  57.21361    -562.34265     -28.010574  ]
 [ -18.46014     153.78754      11.989426  ]
 [   0.14903125    0.01303248    0.        ]
 [   0.            0.            0.1496    ]]

iter 23 cost=0.908660 -> 0.960081 |dtheta|=1.078366e-02  lambda=2.500e-05

============================================================
Iteration 24
============================================================
Theta offsets (Unity frame):
  Source   : dSx=   0.000, dSy=   0.000, dSz=   0.000  (mm)
  Object   : dOx=  -6.005, dOy=  -6.010, dOz= -11.820  (mm)
  Object offset: offset_x=  -0.003, offset_z=  -0.001  (mm)
  Detector : dDx=   0.000, dDy=   0.000, dDz=   0.000  (mm)
  Obj Stage rotY :    4.992 deg
============================================================

Unity geometry (world coordinates):
  Source   : x=   8.000, y=  50.000, z=   0.000
  Object   : x=  -0.005, y=  21.990, z= 565.180
  Detector : x=  -5.000, y=  10.000, z= 720.000
  Obj rotY :   0.0000 deg
view   0 | SOD= 565.929 mm | SDD= 721.227 mm | M= 1.274 | incident=3.3432°
[[  57.156536   -562.3382      -28.009687  ]
 [ -18.444683    153.79968      11.990313  ]
 [   0.14903258    0.01301739    0.        ]
 [   0.            0.            0.1496    ]]
Residual vector length: 240, Jacobian shape: (240, 6)
view   0 | SOD= 565.939 mm | SDD= 721.227 mm | M= 1.274 | incident=3.3432°
[[  57.21361    -562.34265     -28.010574  ]
 [ -18.46014     153.78754      11.989426  ]
 [   0.14903125    0.01303248    0.        ]
 [   0.            0.            0.1496    ]]

iter 24 cost=0.908660 -> 0.960081 |dtheta|=1.078366e-02  lambda=1.250e-04

============================================================
Iteration 25
============================================================
Theta offsets (Unity frame):
  Source   : dSx=   0.000, dSy=   0.000, dSz=   0.000  (mm)
  Object   : dOx=  -6.005, dOy=  -6.010, dOz= -11.820  (mm)
  Object offset: offset_x=  -0.003, offset_z=  -0.001  (mm)
  Detector : dDx=   0.000, dDy=   0.000, dDz=   0.000  (mm)
  Obj Stage rotY :    4.992 deg
============================================================

Unity geometry (world coordinates):
  Source   : x=   8.000, y=  50.000, z=   0.000
  Object   : x=  -0.005, y=  21.990, z= 565.180
  Detector : x=  -5.000, y=  10.000, z= 720.000
  Obj rotY :   0.0000 deg
view   0 | SOD= 565.929 mm | SDD= 721.227 mm | M= 1.274 | incident=3.3432°
[[  57.156536   -562.3382      -28.009687  ]
 [ -18.444683    153.79968      11.990313  ]
 [   0.14903258    0.01301739    0.        ]
 [   0.            0.            0.1496    ]]
Residual vector length: 240, Jacobian shape: (240, 6)
view   0 | SOD= 565.939 mm | SDD= 721.227 mm | M= 1.274 | incident=3.3432°
[[  57.21361    -562.34265     -28.010574  ]
 [ -18.46014     153.78754      11.989426  ]
 [   0.14903125    0.01303248    0.        ]
 [   0.            0.            0.1496    ]]

iter 25 cost=0.908660 -> 0.960081 |dtheta|=1.078365e-02  lambda=6.250e-04

============================================================
Iteration 26
============================================================
Theta offsets (Unity frame):
  Source   : dSx=   0.000, dSy=   0.000, dSz=   0.000  (mm)
  Object   : dOx=  -6.005, dOy=  -6.010, dOz= -11.820  (mm)
  Object offset: offset_x=  -0.003, offset_z=  -0.001  (mm)
  Detector : dDx=   0.000, dDy=   0.000, dDz=   0.000  (mm)
  Obj Stage rotY :    4.992 deg
============================================================

Unity geometry (world coordinates):
  Source   : x=   8.000, y=  50.000, z=   0.000
  Object   : x=  -0.005, y=  21.990, z= 565.180
  Detector : x=  -5.000, y=  10.000, z= 720.000
  Obj rotY :   0.0000 deg
view   0 | SOD= 565.929 mm | SDD= 721.227 mm | M= 1.274 | incident=3.3432°
[[  57.156536   -562.3382      -28.009687  ]
 [ -18.444683    153.79968      11.990313  ]
 [   0.14903258    0.01301739    0.        ]
 [   0.            0.            0.1496    ]]
Residual vector length: 240, Jacobian shape: (240, 6)
view   0 | SOD= 565.939 mm | SDD= 721.227 mm | M= 1.274 | incident=3.3432°
[[  57.21361    -562.34265     -28.010574  ]
 [ -18.460138    153.78754      11.989426  ]
 [   0.14903125    0.01303248    0.        ]
 [   0.            0.            0.1496    ]]

iter 26 cost=0.908660 -> 0.960081 |dtheta|=1.078358e-02  lambda=3.125e-03

============================================================
Iteration 27
============================================================
Theta offsets (Unity frame):
  Source   : dSx=   0.000, dSy=   0.000, dSz=   0.000  (mm)
  Object   : dOx=  -6.005, dOy=  -6.010, dOz= -11.820  (mm)
  Object offset: offset_x=  -0.003, offset_z=  -0.001  (mm)
  Detector : dDx=   0.000, dDy=   0.000, dDz=   0.000  (mm)
  Obj Stage rotY :    4.992 deg
============================================================

Unity geometry (world coordinates):
  Source   : x=   8.000, y=  50.000, z=   0.000
  Object   : x=  -0.005, y=  21.990, z= 565.180
  Detector : x=  -5.000, y=  10.000, z= 720.000
  Obj rotY :   0.0000 deg
view   0 | SOD= 565.929 mm | SDD= 721.227 mm | M= 1.274 | incident=3.3432°
[[  57.156536   -562.3382      -28.009687  ]
 [ -18.444683    153.79968      11.990313  ]
 [   0.14903258    0.01301739    0.        ]
 [   0.            0.            0.1496    ]]
Residual vector length: 240, Jacobian shape: (240, 6)
view   0 | SOD= 565.939 mm | SDD= 721.227 mm | M= 1.274 | incident=3.3432°
[[  57.21361    -562.34265     -28.010574  ]
 [ -18.460138    153.78754      11.989426  ]
 [   0.14903125    0.01303248    0.        ]
 [   0.            0.            0.1496    ]]

iter 27 cost=0.908660 -> 0.960081 |dtheta|=1.078325e-02  lambda=1.562e-02

============================================================
Iteration 28
============================================================
Theta offsets (Unity frame):
  Source   : dSx=   0.000, dSy=   0.000, dSz=   0.000  (mm)
  Object   : dOx=  -6.005, dOy=  -6.010, dOz= -11.820  (mm)
  Object offset: offset_x=  -0.003, offset_z=  -0.001  (mm)
  Detector : dDx=   0.000, dDy=   0.000, dDz=   0.000  (mm)
  Obj Stage rotY :    4.992 deg
============================================================

Unity geometry (world coordinates):
  Source   : x=   8.000, y=  50.000, z=   0.000
  Object   : x=  -0.005, y=  21.990, z= 565.180
  Detector : x=  -5.000, y=  10.000, z= 720.000
  Obj rotY :   0.0000 deg
view   0 | SOD= 565.929 mm | SDD= 721.227 mm | M= 1.274 | incident=3.3432°
[[  57.156536   -562.3382      -28.009687  ]
 [ -18.444683    153.79968      11.990313  ]
 [   0.14903258    0.01301739    0.        ]
 [   0.            0.            0.1496    ]]
Residual vector length: 240, Jacobian shape: (240, 6)
view   0 | SOD= 565.939 mm | SDD= 721.227 mm | M= 1.274 | incident=3.3432°
[[  57.213604   -562.34265     -28.010574  ]
 [ -18.460138    153.78754      11.989426  ]
 [   0.14903125    0.01303248    0.        ]
 [   0.            0.            0.1496    ]]

iter 28 cost=0.908660 -> 0.960081 |dtheta|=1.078159e-02  lambda=7.812e-02

============================================================
Iteration 29
============================================================
Theta offsets (Unity frame):
  Source   : dSx=   0.000, dSy=   0.000, dSz=   0.000  (mm)
  Object   : dOx=  -6.005, dOy=  -6.010, dOz= -11.820  (mm)
  Object offset: offset_x=  -0.003, offset_z=  -0.001  (mm)
  Detector : dDx=   0.000, dDy=   0.000, dDz=   0.000  (mm)
  Obj Stage rotY :    4.992 deg
============================================================

Unity geometry (world coordinates):
  Source   : x=   8.000, y=  50.000, z=   0.000
  Object   : x=  -0.005, y=  21.990, z= 565.180
  Detector : x=  -5.000, y=  10.000, z= 720.000
  Obj rotY :   0.0000 deg
view   0 | SOD= 565.929 mm | SDD= 721.227 mm | M= 1.274 | incident=3.3432°
[[  57.156536   -562.3382      -28.009687  ]
 [ -18.444683    153.79968      11.990313  ]
 [   0.14903258    0.01301739    0.        ]
 [   0.            0.            0.1496    ]]
Residual vector length: 240, Jacobian shape: (240, 6)
view   0 | SOD= 565.939 mm | SDD= 721.227 mm | M= 1.274 | incident=3.3432°
[[  57.21358    -562.34265     -28.010574  ]
 [ -18.46013     153.78754      11.989426  ]
 [   0.14903125    0.01303247    0.        ]
 [   0.            0.            0.1496    ]]

iter 29 cost=0.908660 -> 0.960081 |dtheta|=1.077328e-02  lambda=3.906e-01

============================================================
Iteration 30
============================================================
Theta offsets (Unity frame):
  Source   : dSx=   0.000, dSy=   0.000, dSz=   0.000  (mm)
  Object   : dOx=  -6.005, dOy=  -6.010, dOz= -11.820  (mm)
  Object offset: offset_x=  -0.003, offset_z=  -0.001  (mm)
  Detector : dDx=   0.000, dDy=   0.000, dDz=   0.000  (mm)
  Obj Stage rotY :    4.992 deg
============================================================

Unity geometry (world coordinates):
  Source   : x=   8.000, y=  50.000, z=   0.000
  Object   : x=  -0.005, y=  21.990, z= 565.180
  Detector : x=  -5.000, y=  10.000, z= 720.000
  Obj rotY :   0.0000 deg
view   0 | SOD= 565.929 mm | SDD= 721.227 mm | M= 1.274 | incident=3.3432°
[[  57.156536   -562.3382      -28.009687  ]
 [ -18.444683    153.79968      11.990313  ]
 [   0.14903258    0.01301739    0.        ]
 [   0.            0.            0.1496    ]]
Residual vector length: 240, Jacobian shape: (240, 6)
view   0 | SOD= 565.939 mm | SDD= 721.227 mm | M= 1.274 | incident=3.3432°
[[  57.213467   -562.3427      -28.01057   ]
 [ -18.4601      153.78754      11.989429  ]
 [   0.14903125    0.01303244    0.        ]
 [   0.            0.            0.1496    ]]

iter 30 cost=0.908660 -> 0.960081 |dtheta|=1.073199e-02  lambda=1.953e+00

============================================================
Iteration 31
============================================================
Theta offsets (Unity frame):
  Source   : dSx=   0.000, dSy=   0.000, dSz=   0.000  (mm)
  Object   : dOx=  -6.005, dOy=  -6.010, dOz= -11.820  (mm)
  Object offset: offset_x=  -0.003, offset_z=  -0.001  (mm)
  Detector : dDx=   0.000, dDy=   0.000, dDz=   0.000  (mm)
  Obj Stage rotY :    4.992 deg
============================================================

Unity geometry (world coordinates):
  Source   : x=   8.000, y=  50.000, z=   0.000
  Object   : x=  -0.005, y=  21.990, z= 565.180
  Detector : x=  -5.000, y=  10.000, z= 720.000
  Obj rotY :   0.0000 deg
view   0 | SOD= 565.929 mm | SDD= 721.227 mm | M= 1.274 | incident=3.3432°
[[  57.156536   -562.3382      -28.009687  ]
 [ -18.444683    153.79968      11.990313  ]
 [   0.14903258    0.01301739    0.        ]
 [   0.            0.            0.1496    ]]
Residual vector length: 240, Jacobian shape: (240, 6)
view   0 | SOD= 565.939 mm | SDD= 721.227 mm | M= 1.274 | incident=3.3432°
[[  57.21288    -562.3425      -28.01056   ]
 [ -18.459963    153.78781      11.989441  ]
 [   0.14903127    0.01303229    0.        ]
 [   0.            0.            0.1496    ]]

iter 31 cost=0.908660 -> 0.960081 |dtheta|=1.053091e-02  lambda=9.766e+00

============================================================
Iteration 32
============================================================
Theta offsets (Unity frame):
  Source   : dSx=   0.000, dSy=   0.000, dSz=   0.000  (mm)
  Object   : dOx=  -6.005, dOy=  -6.010, dOz= -11.820  (mm)
  Object offset: offset_x=  -0.003, offset_z=  -0.001  (mm)
  Detector : dDx=   0.000, dDy=   0.000, dDz=   0.000  (mm)
  Obj Stage rotY :    4.992 deg
============================================================

Unity geometry (world coordinates):
  Source   : x=   8.000, y=  50.000, z=   0.000
  Object   : x=  -0.005, y=  21.990, z= 565.180
  Detector : x=  -5.000, y=  10.000, z= 720.000
  Obj rotY :   0.0000 deg
view   0 | SOD= 565.929 mm | SDD= 721.227 mm | M= 1.274 | incident=3.3432°
[[  57.156536   -562.3382      -28.009687  ]
 [ -18.444683    153.79968      11.990313  ]
 [   0.14903258    0.01301739    0.        ]
 [   0.            0.            0.1496    ]]
Residual vector length: 240, Jacobian shape: (240, 6)
view   0 | SOD= 565.938 mm | SDD= 721.227 mm | M= 1.274 | incident=3.3432°
[[  57.210144   -562.3418      -28.010498  ]
 [ -18.45931     153.78886      11.989502  ]
 [   0.14903133    0.01303159    0.        ]
 [   0.            0.            0.1496    ]]

iter 32 cost=0.908660 -> 0.951749 |dtheta|=9.642866e-03  lambda=4.883e+01

============================================================
Iteration 33
============================================================
Theta offsets (Unity frame):
  Source   : dSx=   0.000, dSy=   0.000, dSz=   0.000  (mm)
  Object   : dOx=  -6.005, dOy=  -6.010, dOz= -11.820  (mm)
  Object offset: offset_x=  -0.003, offset_z=  -0.001  (mm)
  Detector : dDx=   0.000, dDy=   0.000, dDz=   0.000  (mm)
  Obj Stage rotY :    4.992 deg
============================================================

Unity geometry (world coordinates):
  Source   : x=   8.000, y=  50.000, z=   0.000
  Object   : x=  -0.005, y=  21.990, z= 565.180
  Detector : x=  -5.000, y=  10.000, z= 720.000
  Obj rotY :   0.0000 deg
view   0 | SOD= 565.929 mm | SDD= 721.227 mm | M= 1.274 | incident=3.3432°
[[  57.156536   -562.3382      -28.009687  ]
 [ -18.444683    153.79968      11.990313  ]
 [   0.14903258    0.01301739    0.        ]
 [   0.            0.            0.1496    ]]
Residual vector length: 240, Jacobian shape: (240, 6)
view   0 | SOD= 565.935 mm | SDD= 721.227 mm | M= 1.274 | incident=3.3432°
[[  57.19995    -562.3399      -28.010313  ]
 [ -18.456783    153.79211      11.989687  ]
 [   0.14903156    0.01302894    0.        ]
 [   0.            0.            0.1496    ]]

iter 33 cost=0.908660 -> 0.924421 |dtheta|=6.920311e-03  lambda=2.441e+02

============================================================
Iteration 34
============================================================
Theta offsets (Unity frame):
  Source   : dSx=   0.000, dSy=   0.000, dSz=   0.000  (mm)
  Object   : dOx=  -6.005, dOy=  -6.010, dOz= -11.820  (mm)
  Object offset: offset_x=  -0.003, offset_z=  -0.001  (mm)
  Detector : dDx=   0.000, dDy=   0.000, dDz=   0.000  (mm)
  Obj Stage rotY :    4.992 deg
============================================================

Unity geometry (world coordinates):
  Source   : x=   8.000, y=  50.000, z=   0.000
  Object   : x=  -0.005, y=  21.990, z= 565.180
  Detector : x=  -5.000, y=  10.000, z= 720.000
  Obj rotY :   0.0000 deg
view   0 | SOD= 565.929 mm | SDD= 721.227 mm | M= 1.274 | incident=3.3432°
[[  57.156536   -562.3382      -28.009687  ]
 [ -18.444683    153.79968      11.990313  ]
 [   0.14903258    0.01301739    0.        ]
 [   0.            0.            0.1496    ]]
Residual vector length: 240, Jacobian shape: (240, 6)
view   0 | SOD= 565.931 mm | SDD= 721.227 mm | M= 1.274 | incident=3.3432°
[[  57.17915    -562.3383      -28.010046  ]
 [ -18.4513      153.79646      11.989954  ]
 [   0.14903204    0.01302347    0.        ]
 [   0.            0.            0.1496    ]]

iter 34 cost=0.908660 -> 0.914070 |dtheta|=3.134338e-03  lambda=1.221e+03

============================================================
Iteration 35
============================================================
Theta offsets (Unity frame):
  Source   : dSx=   0.000, dSy=   0.000, dSz=   0.000  (mm)
  Object   : dOx=  -6.005, dOy=  -6.010, dOz= -11.820  (mm)
  Object offset: offset_x=  -0.003, offset_z=  -0.001  (mm)
  Detector : dDx=   0.000, dDy=   0.000, dDz=   0.000  (mm)
  Obj Stage rotY :    4.992 deg
============================================================

Unity geometry (world coordinates):
  Source   : x=   8.000, y=  50.000, z=   0.000
  Object   : x=  -0.005, y=  21.990, z= 565.180
  Detector : x=  -5.000, y=  10.000, z= 720.000
  Obj rotY :   0.0000 deg
view   0 | SOD= 565.929 mm | SDD= 721.227 mm | M= 1.274 | incident=3.3432°
[[  57.156536   -562.3382      -28.009687  ]
 [ -18.444683    153.79968      11.990313  ]
 [   0.14903258    0.01301739    0.        ]
 [   0.            0.            0.1496    ]]
Residual vector length: 240, Jacobian shape: (240, 6)
view   0 | SOD= 565.930 mm | SDD= 721.227 mm | M= 1.274 | incident=3.3432°
[[  57.163113   -562.3382      -28.009846  ]
 [ -18.44679     153.79877      11.990154  ]
 [   0.14903241    0.01301919    0.        ]
 [   0.            0.            0.1496    ]]

iter 35 cost=0.908660 -> 0.893324 |dtheta|=9.373022e-04  lambda=6.104e+03

============================================================
Iteration 36
============================================================
Theta offsets (Unity frame):
  Source   : dSx=   0.000, dSy=   0.000, dSz=   0.000  (mm)
  Object   : dOx=  -6.004, dOy=  -6.010, dOz= -11.820  (mm)
  Object offset: offset_x=  -0.003, offset_z=  -0.001  (mm)
  Detector : dDx=   0.000, dDy=   0.000, dDz=   0.000  (mm)
  Obj Stage rotY :    4.993 deg
============================================================

Unity geometry (world coordinates):
  Source   : x=   8.000, y=  50.000, z=   0.000
  Object   : x=  -0.004, y=  21.990, z= 565.180
  Detector : x=  -5.000, y=  10.000, z= 720.000
  Obj rotY :   0.0000 deg
view   0 | SOD= 565.930 mm | SDD= 721.227 mm | M= 1.274 | incident=3.3432°
[[  57.163113   -562.3382      -28.009846  ]
 [ -18.44679     153.79877      11.990154  ]
 [   0.14903241    0.01301919    0.        ]
 [   0.            0.            0.1496    ]]
Residual vector length: 240, Jacobian shape: (240, 6)
view   0 | SOD= 565.929 mm | SDD= 721.227 mm | M= 1.274 | incident=3.3432°
[[  57.184517   -562.335       -28.010273  ]
 [ -18.452852    153.79903      11.989727  ]
 [   0.1490319     0.01302491    0.        ]
 [   0.            0.            0.1496    ]]

iter 36 cost=0.893324 -> 0.850425 |dtheta|=2.745813e-03  lambda=2.035e+03

============================================================
Iteration 37
============================================================
Theta offsets (Unity frame):
  Source   : dSx=   0.000, dSy=   0.000, dSz=   0.000  (mm)
  Object   : dOx=  -6.004, dOy=  -6.010, dOz= -11.821  (mm)
  Object offset: offset_x=  -0.004, offset_z=  -0.000  (mm)
  Detector : dDx=   0.000, dDy=   0.000, dDz=   0.000  (mm)
  Obj Stage rotY :    4.995 deg
============================================================

Unity geometry (world coordinates):
  Source   : x=   8.000, y=  50.000, z=   0.000
  Object   : x=  -0.004, y=  21.990, z= 565.179
  Detector : x=  -5.000, y=  10.000, z= 720.000
  Obj rotY :   0.0000 deg
view   0 | SOD= 565.929 mm | SDD= 721.227 mm | M= 1.274 | incident=3.3432°
[[  57.184517   -562.335       -28.010273  ]
 [ -18.452852    153.79903      11.989727  ]
 [   0.1490319     0.01302491    0.        ]
 [   0.            0.            0.1496    ]]
Residual vector length: 240, Jacobian shape: (240, 6)
view   0 | SOD= 565.925 mm | SDD= 721.227 mm | M= 1.274 | incident=3.3432°
[[  57.21163    -562.3282      -28.010143  ]
 [ -18.462364    153.80199      11.989857  ]
 [   0.14903125    0.01303253    0.        ]
 [   0.            0.            0.1496    ]]

iter 37 cost=0.850425 -> 0.851988 |dtheta|=5.084296e-03  lambda=6.782e+02

============================================================
Iteration 38
============================================================
Theta offsets (Unity frame):
  Source   : dSx=   0.000, dSy=   0.000, dSz=   0.000  (mm)
  Object   : dOx=  -6.004, dOy=  -6.010, dOz= -11.821  (mm)
  Object offset: offset_x=  -0.004, offset_z=  -0.000  (mm)
  Detector : dDx=   0.000, dDy=   0.000, dDz=   0.000  (mm)
  Obj Stage rotY :    4.995 deg
============================================================

Unity geometry (world coordinates):
  Source   : x=   8.000, y=  50.000, z=   0.000
  Object   : x=  -0.004, y=  21.990, z= 565.179
  Detector : x=  -5.000, y=  10.000, z= 720.000
  Obj rotY :   0.0000 deg
view   0 | SOD= 565.929 mm | SDD= 721.227 mm | M= 1.274 | incident=3.3432°
[[  57.184517   -562.335       -28.010273  ]
 [ -18.452852    153.79903      11.989727  ]
 [   0.1490319     0.01302491    0.        ]
 [   0.            0.            0.1496    ]]
Residual vector length: 240, Jacobian shape: (240, 6)
view   0 | SOD= 565.928 mm | SDD= 721.227 mm | M= 1.274 | incident=3.3432°
[[  57.19317    -562.3331      -28.010334  ]
 [ -18.45619     153.79964      11.989666  ]
 [   0.1490317     0.01302741    0.        ]
 [   0.            0.            0.1496    ]]

iter 38 cost=0.850425 -> 0.873285 |dtheta|=1.510282e-03  lambda=3.391e+03

============================================================
Iteration 39
============================================================
Theta offsets (Unity frame):
  Source   : dSx=   0.000, dSy=   0.000, dSz=   0.000  (mm)
  Object   : dOx=  -6.004, dOy=  -6.010, dOz= -11.821  (mm)
  Object offset: offset_x=  -0.004, offset_z=  -0.000  (mm)
  Detector : dDx=   0.000, dDy=   0.000, dDz=   0.000  (mm)
  Obj Stage rotY :    4.995 deg
============================================================

Unity geometry (world coordinates):
  Source   : x=   8.000, y=  50.000, z=   0.000
  Object   : x=  -0.004, y=  21.990, z= 565.179
  Detector : x=  -5.000, y=  10.000, z= 720.000
  Obj rotY :   0.0000 deg
view   0 | SOD= 565.929 mm | SDD= 721.227 mm | M= 1.274 | incident=3.3432°
[[  57.184517   -562.335       -28.010273  ]
 [ -18.452852    153.79903      11.989727  ]
 [   0.1490319     0.01302491    0.        ]
 [   0.            0.            0.1496    ]]
Residual vector length: 240, Jacobian shape: (240, 6)
view   0 | SOD= 565.929 mm | SDD= 721.227 mm | M= 1.274 | incident=3.3432°
[[  57.186405   -562.33466     -28.010319  ]
 [ -18.453669    153.79912      11.989681  ]
 [   0.14903186    0.01302547    0.        ]
 [   0.            0.            0.1496    ]]

iter 39 cost=0.850425 -> 0.844033 |dtheta|=3.632662e-04  lambda=1.695e+04

============================================================
Iteration 40
============================================================
Theta offsets (Unity frame):
  Source   : dSx=   0.000, dSy=   0.000, dSz=   0.000  (mm)
  Object   : dOx=  -6.004, dOy=  -6.010, dOz= -11.821  (mm)
  Object offset: offset_x=  -0.004, offset_z=  -0.000  (mm)
  Detector : dDx=   0.000, dDy=   0.000, dDz=   0.000  (mm)
  Obj Stage rotY :    4.995 deg
============================================================

Unity geometry (world coordinates):
  Source   : x=   8.000, y=  50.000, z=   0.000
  Object   : x=  -0.004, y=  21.990, z= 565.179
  Detector : x=  -5.000, y=  10.000, z= 720.000
  Obj rotY :   0.0000 deg
view   0 | SOD= 565.929 mm | SDD= 721.227 mm | M= 1.274 | incident=3.3432°
[[  57.186405   -562.33466     -28.010319  ]
 [ -18.453669    153.79912      11.989681  ]
 [   0.14903186    0.01302547    0.        ]
 [   0.            0.            0.1496    ]]
Residual vector length: 240, Jacobian shape: (240, 6)
view   0 | SOD= 565.928 mm | SDD= 721.227 mm | M= 1.274 | incident=3.3432°
[[  57.190483   -562.33344     -28.010548  ]
 [ -18.455637    153.7997       11.989452  ]
 [   0.14903176    0.01302673    0.        ]
 [   0.            0.            0.1496    ]]

iter 40 cost=0.844033 -> 0.841798 |dtheta|=1.024034e-03  lambda=5.651e+03

============================================================
Iteration 41
============================================================
Theta offsets (Unity frame):
  Source   : dSx=   0.000, dSy=   0.000, dSz=   0.000  (mm)
  Object   : dOx=  -6.003, dOy=  -6.011, dOz= -11.822  (mm)
  Object offset: offset_x=  -0.004, offset_z=  -0.000  (mm)
  Detector : dDx=   0.000, dDy=   0.000, dDz=   0.000  (mm)
  Obj Stage rotY :    4.995 deg
============================================================

Unity geometry (world coordinates):
  Source   : x=   8.000, y=  50.000, z=   0.000
  Object   : x=  -0.003, y=  21.989, z= 565.178
  Detector : x=  -5.000, y=  10.000, z= 720.000
  Obj rotY :   0.0000 deg
view   0 | SOD= 565.928 mm | SDD= 721.227 mm | M= 1.274 | incident=3.3432°
[[  57.190483   -562.33344     -28.010548  ]
 [ -18.455637    153.7997       11.989452  ]
 [   0.14903176    0.01302673    0.        ]
 [   0.            0.            0.1496    ]]
Residual vector length: 240, Jacobian shape: (240, 6)
view   0 | SOD= 565.926 mm | SDD= 721.227 mm | M= 1.274 | incident=3.3432°
[[  57.202946   -562.3309      -28.010458  ]
 [ -18.460566    153.80045      11.989542  ]
 [   0.14903145    0.01303035    0.        ]
 [   0.            0.            0.1496    ]]

iter 41 cost=0.841798 -> 0.863740 |dtheta|=1.947890e-03  lambda=1.884e+03

============================================================
Iteration 42
============================================================
Theta offsets (Unity frame):
  Source   : dSx=   0.000, dSy=   0.000, dSz=   0.000  (mm)
  Object   : dOx=  -6.003, dOy=  -6.011, dOz= -11.822  (mm)
  Object offset: offset_x=  -0.004, offset_z=  -0.000  (mm)
  Detector : dDx=   0.000, dDy=   0.000, dDz=   0.000  (mm)
  Obj Stage rotY :    4.995 deg
============================================================

Unity geometry (world coordinates):
  Source   : x=   8.000, y=  50.000, z=   0.000
  Object   : x=  -0.003, y=  21.989, z= 565.178
  Detector : x=  -5.000, y=  10.000, z= 720.000
  Obj rotY :   0.0000 deg
view   0 | SOD= 565.928 mm | SDD= 721.227 mm | M= 1.274 | incident=3.3432°
[[  57.190483   -562.33344     -28.010548  ]
 [ -18.455637    153.7997       11.989452  ]
 [   0.14903176    0.01302673    0.        ]
 [   0.            0.            0.1496    ]]
Residual vector length: 240, Jacobian shape: (240, 6)
view   0 | SOD= 565.927 mm | SDD= 721.227 mm | M= 1.274 | incident=3.3432°
[[  57.193478   -562.3328      -28.010536  ]
 [ -18.457066    153.79985      11.989464  ]
 [   0.14903167    0.01302765    0.        ]
 [   0.            0.            0.1496    ]]

iter 42 cost=0.841798 -> 0.849409 |dtheta|=5.418905e-04  lambda=9.419e+03

============================================================
Iteration 43
============================================================
Theta offsets (Unity frame):
  Source   : dSx=   0.000, dSy=   0.000, dSz=   0.000  (mm)
  Object   : dOx=  -6.003, dOy=  -6.011, dOz= -11.822  (mm)
  Object offset: offset_x=  -0.004, offset_z=  -0.000  (mm)
  Detector : dDx=   0.000, dDy=   0.000, dDz=   0.000  (mm)
  Obj Stage rotY :    4.995 deg
============================================================

Unity geometry (world coordinates):
  Source   : x=   8.000, y=  50.000, z=   0.000
  Object   : x=  -0.003, y=  21.989, z= 565.178
  Detector : x=  -5.000, y=  10.000, z= 720.000
  Obj rotY :   0.0000 deg
view   0 | SOD= 565.928 mm | SDD= 721.227 mm | M= 1.274 | incident=3.3432°
[[  57.190483   -562.33344     -28.010548  ]
 [ -18.455637    153.7997       11.989452  ]
 [   0.14903176    0.01302673    0.        ]
 [   0.            0.            0.1496    ]]
Residual vector length: 240, Jacobian shape: (240, 6)
view   0 | SOD= 565.928 mm | SDD= 721.227 mm | M= 1.274 | incident=3.3432°
[[  57.191082   -562.3333      -28.010548  ]
 [ -18.45596     153.79973      11.989452  ]
 [   0.14903174    0.01302692    0.        ]
 [   0.            0.            0.1496    ]]

iter 43 cost=0.841798 -> 0.832688 |dtheta|=1.239772e-04  lambda=4.710e+04

============================================================
Iteration 44
============================================================
Theta offsets (Unity frame):
  Source   : dSx=   0.000, dSy=   0.000, dSz=   0.000  (mm)
  Object   : dOx=  -6.003, dOy=  -6.011, dOz= -11.822  (mm)
  Object offset: offset_x=  -0.003, offset_z=  -0.000  (mm)
  Detector : dDx=   0.000, dDy=   0.000, dDz=   0.000  (mm)
  Obj Stage rotY :    4.996 deg
============================================================

Unity geometry (world coordinates):
  Source   : x=   8.000, y=  50.000, z=   0.000
  Object   : x=  -0.003, y=  21.989, z= 565.178
  Detector : x=  -5.000, y=  10.000, z= 720.000
  Obj rotY :   0.0000 deg
view   0 | SOD= 565.928 mm | SDD= 721.227 mm | M= 1.274 | incident=3.3432°
[[  57.191082   -562.3333      -28.010548  ]
 [ -18.45596     153.79973      11.989452  ]
 [   0.14903174    0.01302692    0.        ]
 [   0.            0.            0.1496    ]]
Residual vector length: 240, Jacobian shape: (240, 6)
view   0 | SOD= 565.928 mm | SDD= 721.227 mm | M= 1.274 | incident=3.3432°
[[  57.192844   -562.333       -28.010475  ]
 [ -18.456787    153.79976      11.989525  ]
 [   0.14903168    0.01302746    0.        ]
 [   0.            0.            0.1496    ]]

iter 44 cost=0.832688 -> 0.845285 |dtheta|=3.061981e-04  lambda=1.570e+04

============================================================
Iteration 45
============================================================
Theta offsets (Unity frame):
  Source   : dSx=   0.000, dSy=   0.000, dSz=   0.000  (mm)
  Object   : dOx=  -6.003, dOy=  -6.011, dOz= -11.822  (mm)
  Object offset: offset_x=  -0.003, offset_z=  -0.000  (mm)
  Detector : dDx=   0.000, dDy=   0.000, dDz=   0.000  (mm)
  Obj Stage rotY :    4.996 deg
============================================================

Unity geometry (world coordinates):
  Source   : x=   8.000, y=  50.000, z=   0.000
  Object   : x=  -0.003, y=  21.989, z= 565.178
  Detector : x=  -5.000, y=  10.000, z= 720.000
  Obj rotY :   0.0000 deg
view   0 | SOD= 565.928 mm | SDD= 721.227 mm | M= 1.274 | incident=3.3432°
[[  57.191082   -562.3333      -28.010548  ]
 [ -18.45596     153.79973      11.989452  ]
 [   0.14903174    0.01302692    0.        ]
 [   0.            0.            0.1496    ]]
Residual vector length: 240, Jacobian shape: (240, 6)
view   0 | SOD= 565.928 mm | SDD= 721.227 mm | M= 1.274 | incident=3.3432°
[[  57.19143    -562.3332      -28.010529  ]
 [ -18.45614     153.79977      11.989471  ]
 [   0.14903173    0.01302703    0.        ]
 [   0.            0.            0.1496    ]]

iter 45 cost=0.832688 -> 0.817816 |dtheta|=6.786662e-05  lambda=7.849e+04

============================================================
Iteration 46
============================================================
Theta offsets (Unity frame):
  Source   : dSx=   0.000, dSy=   0.000, dSz=   0.000  (mm)
  Object   : dOx=  -6.003, dOy=  -6.011, dOz= -11.822  (mm)
  Object offset: offset_x=  -0.003, offset_z=  -0.000  (mm)
  Detector : dDx=   0.000, dDy=   0.000, dDz=   0.000  (mm)
  Obj Stage rotY :    4.996 deg
============================================================

Unity geometry (world coordinates):
  Source   : x=   8.000, y=  50.000, z=   0.000
  Object   : x=  -0.003, y=  21.989, z= 565.178
  Detector : x=  -5.000, y=  10.000, z= 720.000
  Obj rotY :   0.0000 deg
view   0 | SOD= 565.928 mm | SDD= 721.227 mm | M= 1.274 | incident=3.3432°
[[  57.19143    -562.3332      -28.010529  ]
 [ -18.45614     153.79977      11.989471  ]
 [   0.14903173    0.01302703    0.        ]
 [   0.            0.            0.1496    ]]
Residual vector length: 240, Jacobian shape: (240, 6)
view   0 | SOD= 565.927 mm | SDD= 721.227 mm | M= 1.274 | incident=3.3432°
[[  57.19261   -562.33295    -28.010477 ]
 [ -18.456696   153.79984     11.989523 ]
 [   0.1490317    0.0130274    0.       ]
 [   0.           0.           0.1496   ]]

iter 46 cost=0.817816 -> 0.840938 |dtheta|=2.206846e-04  lambda=2.616e+04

============================================================
Iteration 47
============================================================
Theta offsets (Unity frame):
  Source   : dSx=   0.000, dSy=   0.000, dSz=   0.000  (mm)
  Object   : dOx=  -6.003, dOy=  -6.011, dOz= -11.822  (mm)
  Object offset: offset_x=  -0.003, offset_z=  -0.000  (mm)
  Detector : dDx=   0.000, dDy=   0.000, dDz=   0.000  (mm)
  Obj Stage rotY :    4.996 deg
============================================================

Unity geometry (world coordinates):
  Source   : x=   8.000, y=  50.000, z=   0.000
  Object   : x=  -0.003, y=  21.989, z= 565.178
  Detector : x=  -5.000, y=  10.000, z= 720.000
  Obj rotY :   0.0000 deg
view   0 | SOD= 565.928 mm | SDD= 721.227 mm | M= 1.274 | incident=3.3432°
[[  57.19143    -562.3332      -28.010529  ]
 [ -18.45614     153.79977      11.989471  ]
 [   0.14903173    0.01302703    0.        ]
 [   0.            0.            0.1496    ]]
Residual vector length: 240, Jacobian shape: (240, 6)
view   0 | SOD= 565.928 mm | SDD= 721.227 mm | M= 1.274 | incident=3.3432°
[[  57.19167    -562.3332      -28.010517  ]
 [ -18.456255    153.79976      11.989483  ]
 [   0.14903173    0.01302711    0.        ]
 [   0.            0.            0.1496    ]]

iter 47 cost=0.817816 -> 0.818549 |dtheta|=4.634250e-05  lambda=1.308e+05

============================================================
Iteration 48
============================================================
Theta offsets (Unity frame):
  Source   : dSx=   0.000, dSy=   0.000, dSz=   0.000  (mm)
  Object   : dOx=  -6.003, dOy=  -6.011, dOz= -11.822  (mm)
  Object offset: offset_x=  -0.003, offset_z=  -0.000  (mm)
  Detector : dDx=   0.000, dDy=   0.000, dDz=   0.000  (mm)
  Obj Stage rotY :    4.996 deg
============================================================

Unity geometry (world coordinates):
  Source   : x=   8.000, y=  50.000, z=   0.000
  Object   : x=  -0.003, y=  21.989, z= 565.178
  Detector : x=  -5.000, y=  10.000, z= 720.000
  Obj rotY :   0.0000 deg
view   0 | SOD= 565.928 mm | SDD= 721.227 mm | M= 1.274 | incident=3.3432°
[[  57.19143    -562.3332      -28.010529  ]
 [ -18.45614     153.79977      11.989471  ]
 [   0.14903173    0.01302703    0.        ]
 [   0.            0.            0.1496    ]]
Residual vector length: 240, Jacobian shape: (240, 6)
view   0 | SOD= 565.928 mm | SDD= 721.227 mm | M= 1.274 | incident=3.3432°
[[  57.19148    -562.3332      -28.010527  ]
 [ -18.456163    153.79977      11.989473  ]
 [   0.14903173    0.01302705    0.        ]
 [   0.            0.            0.1496    ]]

iter 48 cost=0.817816 -> 0.818549 |dtheta|=9.370434e-06  lambda=6.541e+05

============================================================
Iteration 49
============================================================
Theta offsets (Unity frame):
  Source   : dSx=   0.000, dSy=   0.000, dSz=   0.000  (mm)
  Object   : dOx=  -6.003, dOy=  -6.011, dOz= -11.822  (mm)
  Object offset: offset_x=  -0.003, offset_z=  -0.000  (mm)
  Detector : dDx=   0.000, dDy=   0.000, dDz=   0.000  (mm)
  Obj Stage rotY :    4.996 deg
============================================================

Unity geometry (world coordinates):
  Source   : x=   8.000, y=  50.000, z=   0.000
  Object   : x=  -0.003, y=  21.989, z= 565.178
  Detector : x=  -5.000, y=  10.000, z= 720.000
  Obj rotY :   0.0000 deg
view   0 | SOD= 565.928 mm | SDD= 721.227 mm | M= 1.274 | incident=3.3432°
[[  57.19143    -562.3332      -28.010529  ]
 [ -18.45614     153.79977      11.989471  ]
 [   0.14903173    0.01302703    0.        ]
 [   0.            0.            0.1496    ]]
Residual vector length: 240, Jacobian shape: (240, 6)
view   0 | SOD= 565.928 mm | SDD= 721.227 mm | M= 1.274 | incident=3.3432°
[[  57.19146    -562.3332      -28.010527  ]
 [ -18.456156    153.79977      11.989473  ]
 [   0.14903173    0.01302704    0.        ]
 [   0.            0.            0.1496    ]]

iter 49 cost=0.817816 -> 0.818549 |dtheta|=6.135114e-06  lambda=1.000e+06

============================================================
Iteration 50
============================================================
Theta offsets (Unity frame):
  Source   : dSx=   0.000, dSy=   0.000, dSz=   0.000  (mm)
  Object   : dOx=  -6.003, dOy=  -6.011, dOz= -11.822  (mm)
  Object offset: offset_x=  -0.003, offset_z=  -0.000  (mm)
  Detector : dDx=   0.000, dDy=   0.000, dDz=   0.000  (mm)
  Obj Stage rotY :    4.996 deg
============================================================

Unity geometry (world coordinates):
  Source   : x=   8.000, y=  50.000, z=   0.000
  Object   : x=  -0.003, y=  21.989, z= 565.178
  Detector : x=  -5.000, y=  10.000, z= 720.000
  Obj rotY :   0.0000 deg
view   0 | SOD= 565.928 mm | SDD= 721.227 mm | M= 1.274 | incident=3.3432°
[[  57.19143    -562.3332      -28.010529  ]
 [ -18.45614     153.79977      11.989471  ]
 [   0.14903173    0.01302703    0.        ]
 [   0.            0.            0.1496    ]]
Residual vector length: 240, Jacobian shape: (240, 6)
view   0 | SOD= 565.928 mm | SDD= 721.227 mm | M= 1.274 | incident=3.3432°
[[  57.19146    -562.3332      -28.010527  ]
 [ -18.456156    153.79977      11.989473  ]
 [   0.14903173    0.01302704    0.        ]
 [   0.            0.            0.1496    ]]

iter 50 cost=0.817816 -> 0.818549 |dtheta|=6.135114e-06  lambda=1.000e+06

============================================================
Iteration 51
============================================================
Theta offsets (Unity frame):
  Source   : dSx=   0.000, dSy=   0.000, dSz=   0.000  (mm)
  Object   : dOx=  -6.003, dOy=  -6.011, dOz= -11.822  (mm)
  Object offset: offset_x=  -0.003, offset_z=  -0.000  (mm)
  Detector : dDx=   0.000, dDy=   0.000, dDz=   0.000  (mm)
  Obj Stage rotY :    4.996 deg
============================================================

Unity geometry (world coordinates):
  Source   : x=   8.000, y=  50.000, z=   0.000
  Object   : x=  -0.003, y=  21.989, z= 565.178
  Detector : x=  -5.000, y=  10.000, z= 720.000
  Obj rotY :   0.0000 deg
view   0 | SOD= 565.928 mm | SDD= 721.227 mm | M= 1.274 | incident=3.3432°
[[  57.19143    -562.3332      -28.010529  ]
 [ -18.45614     153.79977      11.989471  ]
 [   0.14903173    0.01302703    0.        ]
 [   0.            0.            0.1496    ]]
Residual vector length: 240, Jacobian shape: (240, 6)
view   0 | SOD= 565.928 mm | SDD= 721.227 mm | M= 1.274 | incident=3.3432°
[[  57.19146    -562.3332      -28.010527  ]
 [ -18.456156    153.79977      11.989473  ]
 [   0.14903173    0.01302704    0.        ]
 [   0.            0.            0.1496    ]]

iter 51 cost=0.817816 -> 0.818549 |dtheta|=6.135114e-06  lambda=1.000e+06

============================================================
Iteration 52
============================================================
Theta offsets (Unity frame):
  Source   : dSx=   0.000, dSy=   0.000, dSz=   0.000  (mm)
  Object   : dOx=  -6.003, dOy=  -6.011, dOz= -11.822  (mm)
  Object offset: offset_x=  -0.003, offset_z=  -0.000  (mm)
  Detector : dDx=   0.000, dDy=   0.000, dDz=   0.000  (mm)
  Obj Stage rotY :    4.996 deg
============================================================

Unity geometry (world coordinates):
  Source   : x=   8.000, y=  50.000, z=   0.000
  Object   : x=  -0.003, y=  21.989, z= 565.178
  Detector : x=  -5.000, y=  10.000, z= 720.000
  Obj rotY :   0.0000 deg
view   0 | SOD= 565.928 mm | SDD= 721.227 mm | M= 1.274 | incident=3.3432°
[[  57.19143    -562.3332      -28.010529  ]
 [ -18.45614     153.79977      11.989471  ]
 [   0.14903173    0.01302703    0.        ]
 [   0.            0.            0.1496    ]]
Residual vector length: 240, Jacobian shape: (240, 6)
view   0 | SOD= 565.928 mm | SDD= 721.227 mm | M= 1.274 | incident=3.3432°
[[  57.19146    -562.3332      -28.010527  ]
 [ -18.456156    153.79977      11.989473  ]
 [   0.14903173    0.01302704    0.        ]
 [   0.            0.            0.1496    ]]

iter 52 cost=0.817816 -> 0.818549 |dtheta|=6.135114e-06  lambda=1.000e+06

============================================================
Iteration 53
============================================================
Theta offsets (Unity frame):
  Source   : dSx=   0.000, dSy=   0.000, dSz=   0.000  (mm)
  Object   : dOx=  -6.003, dOy=  -6.011, dOz= -11.822  (mm)
  Object offset: offset_x=  -0.003, offset_z=  -0.000  (mm)
  Detector : dDx=   0.000, dDy=   0.000, dDz=   0.000  (mm)
  Obj Stage rotY :    4.996 deg
============================================================

Unity geometry (world coordinates):
  Source   : x=   8.000, y=  50.000, z=   0.000
  Object   : x=  -0.003, y=  21.989, z= 565.178
  Detector : x=  -5.000, y=  10.000, z= 720.000
  Obj rotY :   0.0000 deg
view   0 | SOD= 565.928 mm | SDD= 721.227 mm | M= 1.274 | incident=3.3432°
[[  57.19143    -562.3332      -28.010529  ]
 [ -18.45614     153.79977      11.989471  ]
 [   0.14903173    0.01302703    0.        ]
 [   0.            0.            0.1496    ]]
Residual vector length: 240, Jacobian shape: (240, 6)
view   0 | SOD= 565.928 mm | SDD= 721.227 mm | M= 1.274 | incident=3.3432°
[[  57.19146    -562.3332      -28.010527  ]
 [ -18.456156    153.79977      11.989473  ]
 [   0.14903173    0.01302704    0.        ]
 [   0.            0.            0.1496    ]]

iter 53 cost=0.817816 -> 0.818549 |dtheta|=6.135114e-06  lambda=1.000e+06

============================================================
Iteration 54
============================================================
Theta offsets (Unity frame):
  Source   : dSx=   0.000, dSy=   0.000, dSz=   0.000  (mm)
  Object   : dOx=  -6.003, dOy=  -6.011, dOz= -11.822  (mm)
  Object offset: offset_x=  -0.003, offset_z=  -0.000  (mm)
  Detector : dDx=   0.000, dDy=   0.000, dDz=   0.000  (mm)
  Obj Stage rotY :    4.996 deg
============================================================

Unity geometry (world coordinates):
  Source   : x=   8.000, y=  50.000, z=   0.000
  Object   : x=  -0.003, y=  21.989, z= 565.178
  Detector : x=  -5.000, y=  10.000, z= 720.000
  Obj rotY :   0.0000 deg
view   0 | SOD= 565.928 mm | SDD= 721.227 mm | M= 1.274 | incident=3.3432°
[[  57.19143    -562.3332      -28.010529  ]
 [ -18.45614     153.79977      11.989471  ]
 [   0.14903173    0.01302703    0.        ]
 [   0.            0.            0.1496    ]]
Residual vector length: 240, Jacobian shape: (240, 6)
view   0 | SOD= 565.928 mm | SDD= 721.227 mm | M= 1.274 | incident=3.3432°
[[  57.19146    -562.3332      -28.010527  ]
 [ -18.456156    153.79977      11.989473  ]
 [   0.14903173    0.01302704    0.        ]
 [   0.            0.            0.1496    ]]

iter 54 cost=0.817816 -> 0.818549 |dtheta|=6.135114e-06  lambda=1.000e+06

============================================================
Iteration 55
============================================================
Theta offsets (Unity frame):
  Source   : dSx=   0.000, dSy=   0.000, dSz=   0.000  (mm)
  Object   : dOx=  -6.003, dOy=  -6.011, dOz= -11.822  (mm)
  Object offset: offset_x=  -0.003, offset_z=  -0.000  (mm)
  Detector : dDx=   0.000, dDy=   0.000, dDz=   0.000  (mm)
  Obj Stage rotY :    4.996 deg
============================================================

Unity geometry (world coordinates):
  Source   : x=   8.000, y=  50.000, z=   0.000
  Object   : x=  -0.003, y=  21.989, z= 565.178
  Detector : x=  -5.000, y=  10.000, z= 720.000
  Obj rotY :   0.0000 deg
view   0 | SOD= 565.928 mm | SDD= 721.227 mm | M= 1.274 | incident=3.3432°
[[  57.19143    -562.3332      -28.010529  ]
 [ -18.45614     153.79977      11.989471  ]
 [   0.14903173    0.01302703    0.        ]
 [   0.            0.            0.1496    ]]
Residual vector length: 240, Jacobian shape: (240, 6)
view   0 | SOD= 565.928 mm | SDD= 721.227 mm | M= 1.274 | incident=3.3432°
[[  57.19146    -562.3332      -28.010527  ]
 [ -18.456156    153.79977      11.989473  ]
 [   0.14903173    0.01302704    0.        ]
 [   0.            0.            0.1496    ]]

iter 55 cost=0.817816 -> 0.818549 |dtheta|=6.135114e-06  lambda=1.000e+06
Stalled.

Estimated theta:
  dSx: +0.000000
  dSy: +0.000000
  dOx: -6.003315
  dOy: -6.010528
  dOz: -11.822207
  dDx: +0.000000
  dDy: +0.000000
  dDz: +0.000000
alpha: +4.995592e+00 deg)
offset_x: -0.003398
offset_z: -0.000477

Final cost table:
Fake theta: [  0.   0.  -6.  -6. -12.   0.   0.   0.   5.   0.   0.]
Final estimated theta: [  0.           0.          -6.00331481  -6.01052844 -11.82220677
   0.           0.           0.           4.99559203  -0.00339794
  -0.00047652]
Diff from Expected: [ 0.          0.         -0.00331481 -0.01052844  0.17779323  0.
  0.          0.         -0.00440797 -0.00339794 -0.00047652]
################################################################################

