Phantom already exists, skipping: cuboid_phantom_5_normal.npy

################################################################################
Running cuboid=normal scenario=G0 N_ANGLES=12, K=5
view   0 | SOD= 570.548 mm | SDD= 675.501 mm | M= 1.184 | incident=3.8197°
[[  98.97946    -561.3404      -25.        ]
 [ -18.05941     102.420006     20.        ]
 [   0.14732724    0.02597777    0.        ]
 [   0.            0.            0.1496    ]]
           image          x1         y1  area1          x2          y2  area2          x3          y3  area3          x4          y4  area4          x5          y5  area5
0   proj_000.png  509.659091  62.378247    616  412.934859  170.510563    568  447.295749  270.299445    541  540.796396  379.996396    555  509.697830  502.904841    599
1   proj_001.png  432.226230  62.416393    610  399.521505  169.686380    558  520.198885  270.444238    538  555.250903  382.559567    554  432.182867  502.657331    607
2   proj_002.png  367.852101  62.522689    595  407.146691  168.926655    559  582.503650  272.184307    548  548.943005  385.176166    579  367.865997  498.917923    597
3   proj_003.png  334.705281  62.821124    587  433.246914  168.255732    567  618.378947  274.977193    570  523.048253  387.417637    601  334.736486  492.594595    592
4   proj_004.png  340.440497  63.037300    563  470.793460  168.079174    581  617.253833  278.156729    587  484.471910  388.362761    623  340.409253  485.765125    562
5   proj_005.png  381.922222  63.218519    540  509.979661  168.083051    590  577.766779  281.100671    596  443.958796  387.847861    631  381.972628  480.160584    548
6   proj_006.png  447.230769  63.402504    559  540.792254  168.735915    568  509.638095  282.700000    630  412.952542  386.042373    590  447.269504  477.184397    564
7   proj_007.png  520.085258  63.429840    563  555.205479  169.390411    584  432.214511  282.563091    634  399.500000  383.500000    596  520.130511  477.500882    567
8   proj_008.png  582.518453  63.189807    569  548.892027  170.295681    602  367.768233  280.700162    617  407.080479  380.840753    584  582.573171  480.966899    574
9   proj_009.png  618.369338  63.000000    574  523.045151  170.928094    598  334.701188  277.765705    589  433.226876  378.815009    573  618.346021  486.939446    578
10  proj_010.png  617.208333  62.776042    576  484.483766  171.246753    616  340.433996  274.405063    553  470.790657  377.842561    578  617.268631  493.830156    577
11  proj_011.png  577.759162  62.490401    573  444.045902  171.073770    610  381.944444  271.689655    522  509.933798  378.273519    574  577.756055  499.837370    578

============================================================
Iteration 0
============================================================
Theta offsets (Unity frame):
  Source   : dSx=   0.000, dSy=   0.000, dSz=   0.000  (mm)
  Object   : dOx=   0.000, dOy=   0.000, dOz=   0.000  (mm)
  Object offset: offset_x=   0.000, offset_z=   0.000  (mm)
  Detector : dDx=   0.000, dDy=   0.000, dDz=   0.000  (mm)
  Obj Stage rotY :    0.000 deg
============================================================

Unity geometry (world coordinates):
  Source   : x=   0.000, y=  45.000, z=   0.000
  Object   : x=  10.000, y=  15.000, z= 589.000
  Detector : x=   0.000, y=   0.000, z= 674.000
  Obj rotY :   0.0000 deg
view   0 | SOD= 589.848 mm | SDD= 675.501 mm | M= 1.145 | incident=3.8197°
[[ -10.     -589.      -30.    ]
 [ -10.       85.       15.    ]
 [   0.1496    0.        0.    ]
 [   0.        0.        0.1496]]
Residual vector length: 240, Jacobian shape: (240, 6)
view   0 | SOD= 586.494 mm | SDD= 675.501 mm | M= 1.152 | incident=3.8197°
[[  28.283804   -585.1582      -27.657402  ]
 [  -8.346353     87.84566      17.342598  ]
 [   0.14937891    0.00813037    0.        ]
 [   0.            0.            0.1496    ]]

iter 00 cost=228456.220082 -> 42490.034135 |dtheta|=8.131565e+00  lambda=1.000e-02

============================================================
Iteration 1
============================================================
Theta offsets (Unity frame):
  Source   : dSx=   0.000, dSy=   0.000, dSz=   0.000  (mm)
  Object   : dOx=  -6.285, dOy=   2.343, dOz=  -3.370  (mm)
  Object offset: offset_x=  -0.155, offset_z=   0.201  (mm)
  Detector : dDx=   0.000, dDy=   0.000, dDz=   0.000  (mm)
  Obj Stage rotY :    3.115 deg
============================================================

Unity geometry (world coordinates):
  Source   : x=   0.000, y=  45.000, z=   0.000
  Object   : x=   3.715, y=  17.343, z= 585.630
  Detector : x=   0.000, y=   0.000, z= 674.000
  Obj rotY :   0.0000 deg
view   0 | SOD= 586.494 mm | SDD= 675.501 mm | M= 1.152 | incident=3.8197°
[[  28.283804   -585.1582      -27.657402  ]
 [  -8.346353     87.84566      17.342598  ]
 [   0.14937891    0.00813037    0.        ]
 [   0.            0.            0.1496    ]]
Residual vector length: 240, Jacobian shape: (240, 6)
view   0 | SOD= 585.114 mm | SDD= 675.501 mm | M= 1.154 | incident=3.8197°
[[  58.750225   -581.5672      -26.19086   ]
 [  -9.494264     88.96894      18.80914   ]
 [   0.14883116    0.01514744    0.        ]
 [   0.            0.            0.1496    ]]

iter 01 cost=42490.034135 -> 7445.868618 |dtheta|=4.510340e+00  lambda=3.333e-03

============================================================
Iteration 2
============================================================
Theta offsets (Unity frame):
  Source   : dSx=   0.000, dSy=   0.000, dSz=   0.000  (mm)
  Object   : dOx=  -9.198, dOy=   3.809, dOz=  -4.902  (mm)
  Object offset: offset_x=  -0.365, offset_z=   0.429  (mm)
  Detector : dDx=   0.000, dDy=   0.000, dDz=   0.000  (mm)
  Obj Stage rotY :    5.811 deg
============================================================

Unity geometry (world coordinates):
  Source   : x=   0.000, y=  45.000, z=   0.000
  Object   : x=   0.802, y=  18.809, z= 584.098
  Detector : x=   0.000, y=   0.000, z= 674.000
  Obj rotY :   0.0000 deg
view   0 | SOD= 585.114 mm | SDD= 675.501 mm | M= 1.154 | incident=3.8197°
[[  58.750225   -581.5672      -26.19086   ]
 [  -9.494264     88.96894      18.80914   ]
 [   0.14883116    0.01514744    0.        ]
 [   0.            0.            0.1496    ]]
Residual vector length: 240, Jacobian shape: (240, 6)
view   0 | SOD= 581.610 mm | SDD= 675.501 mm | M= 1.161 | incident=3.8197°
[[  79.6114     -575.5598      -25.753159  ]
 [ -12.466483     92.12099      19.246841  ]
 [   0.1481974     0.02043746    0.        ]
 [   0.            0.            0.1496    ]]

iter 02 cost=7445.868618 -> 2729.351907 |dtheta|=3.823065e+00  lambda=1.111e-03

============================================================
Iteration 3
============================================================
Theta offsets (Unity frame):
  Source   : dSx=   0.000, dSy=   0.000, dSz=   0.000  (mm)
  Object   : dOx=  -9.966, dOy=   4.247, dOz=  -7.983  (mm)
  Object offset: offset_x=  -0.269, offset_z=   0.023  (mm)
  Detector : dDx=   0.000, dDy=   0.000, dDz=   0.000  (mm)
  Obj Stage rotY :    7.852 deg
============================================================

Unity geometry (world coordinates):
  Source   : x=   0.000, y=  45.000, z=   0.000
  Object   : x=   0.034, y=  19.247, z= 581.017
  Detector : x=   0.000, y=   0.000, z= 674.000
  Obj rotY :   0.0000 deg
view   0 | SOD= 581.610 mm | SDD= 675.501 mm | M= 1.161 | incident=3.8197°
[[  79.6114     -575.5598      -25.753159  ]
 [ -12.466483     92.12099      19.246841  ]
 [   0.1481974     0.02043746    0.        ]
 [   0.            0.            0.1496    ]]
Residual vector length: 240, Jacobian shape: (240, 6)
view   0 | SOD= 579.555 mm | SDD= 675.501 mm | M= 1.166 | incident=3.8197°
[[  88.92993    -572.1228      -25.517746  ]
 [ -14.543167     93.887215     19.482254  ]
 [   0.14782655    0.02296673    0.        ]
 [   0.            0.            0.1496    ]]

iter 03 cost=2729.351907 -> 1489.993358 |dtheta|=2.310369e+00  lambda=3.704e-04

============================================================
Iteration 4
============================================================
Theta offsets (Unity frame):
  Source   : dSx=   0.000, dSy=   0.000, dSz=   0.000  (mm)
  Object   : dOx=  -9.973, dOy=   4.482, dOz= -10.053  (mm)
  Object offset: offset_x=  -0.070, offset_z=   0.046  (mm)
  Detector : dDx=   0.000, dDy=   0.000, dDz=   0.000  (mm)
  Obj Stage rotY :    8.831 deg
============================================================

Unity geometry (world coordinates):
  Source   : x=   0.000, y=  45.000, z=   0.000
  Object   : x=   0.027, y=  19.482, z= 578.947
  Detector : x=   0.000, y=   0.000, z= 674.000
  Obj rotY :   0.0000 deg
view   0 | SOD= 579.555 mm | SDD= 675.501 mm | M= 1.166 | incident=3.8197°
[[  88.92993    -572.1228      -25.517746  ]
 [ -14.543167     93.887215     19.482254  ]
 [   0.14782655    0.02296673    0.        ]
 [   0.            0.            0.1496    ]]
Residual vector length: 240, Jacobian shape: (240, 6)
view   0 | SOD= 578.582 mm | SDD= 675.501 mm | M= 1.168 | incident=3.8197°
[[  95.334175   -570.10913     -25.382687  ]
 [ -15.9127445    94.646576     19.617313  ]
 [   0.14754814    0.02469219    0.        ]
 [   0.            0.            0.1496    ]]

iter 04 cost=1489.993358 -> 1040.097737 |dtheta|=1.257222e+00  lambda=1.235e-04

============================================================
Iteration 5
============================================================
Theta offsets (Unity frame):
  Source   : dSx=   0.000, dSy=   0.000, dSz=   0.000  (mm)
  Object   : dOx=  -9.967, dOy=   4.617, dOz= -11.100  (mm)
  Object offset: offset_x=   0.039, offset_z=   0.125  (mm)
  Detector : dDx=   0.000, dDy=   0.000, dDz=   0.000  (mm)
  Obj Stage rotY :    9.500 deg
============================================================

Unity geometry (world coordinates):
  Source   : x=   0.000, y=  45.000, z=   0.000
  Object   : x=   0.033, y=  19.617, z= 577.900
  Detector : x=   0.000, y=   0.000, z= 674.000
  Obj rotY :   0.0000 deg
view   0 | SOD= 578.582 mm | SDD= 675.501 mm | M= 1.168 | incident=3.8197°
[[  95.334175   -570.10913     -25.382687  ]
 [ -15.9127445    94.646576     19.617313  ]
 [   0.14754814    0.02469219    0.        ]
 [   0.            0.            0.1496    ]]
Residual vector length: 240, Jacobian shape: (240, 6)
view   0 | SOD= 576.595 mm | SDD= 675.501 mm | M= 1.172 | incident=3.8197°
[[  98.90515    -567.4877      -25.247593  ]
 [ -16.86188      96.49573      19.752407  ]
 [   0.14737673    0.02569547    0.        ]
 [   0.            0.            0.1496    ]]

iter 05 cost=1040.097737 -> 579.158157 |dtheta|=1.949547e+00  lambda=4.115e-05

============================================================
Iteration 6
============================================================
Theta offsets (Unity frame):
  Source   : dSx=   0.000, dSy=   0.000, dSz=   0.000  (mm)
  Object   : dOx=  -9.988, dOy=   4.752, dOz= -13.003  (mm)
  Object offset: offset_x=   0.025, offset_z=   0.046  (mm)
  Detector : dDx=   0.000, dDy=   0.000, dDz=   0.000  (mm)
  Obj Stage rotY :    9.890 deg
============================================================

Unity geometry (world coordinates):
  Source   : x=   0.000, y=  45.000, z=   0.000
  Object   : x=   0.012, y=  19.752, z= 575.997
  Detector : x=   0.000, y=   0.000, z= 674.000
  Obj rotY :   0.0000 deg
view   0 | SOD= 576.595 mm | SDD= 675.501 mm | M= 1.172 | incident=3.8197°
[[  98.90515    -567.4877      -25.247593  ]
 [ -16.86188      96.49573      19.752407  ]
 [   0.14737673    0.02569547    0.        ]
 [   0.            0.            0.1496    ]]
Residual vector length: 240, Jacobian shape: (240, 6)
view   0 | SOD= 575.231 mm | SDD= 675.501 mm | M= 1.174 | incident=3.8197°
[[  99.87735    -565.93555     -25.137583  ]
 [ -17.171412     97.82316      19.862417  ]
 [   0.14732686    0.02597996    0.        ]
 [   0.            0.            0.1496    ]]

iter 06 cost=579.158157 -> 361.446573 |dtheta|=1.366521e+00  lambda=1.372e-05

============================================================
Iteration 7
============================================================
Theta offsets (Unity frame):
  Source   : dSx=   0.000, dSy=   0.000, dSz=   0.000  (mm)
  Object   : dOx=  -9.982, dOy=   4.862, dOz= -14.356  (mm)
  Object offset: offset_x=  -0.096, offset_z=   0.037  (mm)
  Detector : dDx=   0.000, dDy=   0.000, dDz=   0.000  (mm)
  Obj Stage rotY :   10.001 deg
============================================================

Unity geometry (world coordinates):
  Source   : x=   0.000, y=  45.000, z=   0.000
  Object   : x=   0.018, y=  19.862, z= 574.644
  Detector : x=   0.000, y=   0.000, z= 674.000
  Obj rotY :   0.0000 deg
view   0 | SOD= 575.231 mm | SDD= 675.501 mm | M= 1.174 | incident=3.8197°
[[  99.87735    -565.93555     -25.137583  ]
 [ -17.171412     97.82316      19.862417  ]
 [   0.14732686    0.02597996    0.        ]
 [   0.            0.            0.1496    ]]
Residual vector length: 240, Jacobian shape: (240, 6)
view   0 | SOD= 574.483 mm | SDD= 675.501 mm | M= 1.176 | incident=3.8197°
[[ 100.490616   -565.0655      -25.15722   ]
 [ -17.58168      98.51187      19.84278   ]
 [   0.14728661    0.02620715    0.        ]
 [   0.            0.            0.1496    ]]

iter 07 cost=361.446573 -> 250.061157 |dtheta|=7.613691e-01  lambda=4.572e-06

============================================================
Iteration 8
============================================================
Theta offsets (Unity frame):
  Source   : dSx=   0.000, dSy=   0.000, dSz=   0.000  (mm)
  Object   : dOx=  -9.988, dOy=   4.843, dOz= -15.099  (mm)
  Object offset: offset_x=   0.040, offset_z=   0.031  (mm)
  Detector : dDx=   0.000, dDy=   0.000, dDz=   0.000  (mm)
  Obj Stage rotY :   10.089 deg
============================================================

Unity geometry (world coordinates):
  Source   : x=   0.000, y=  45.000, z=   0.000
  Object   : x=   0.012, y=  19.843, z= 573.901
  Detector : x=   0.000, y=   0.000, z= 674.000
  Obj rotY :   0.0000 deg
view   0 | SOD= 574.483 mm | SDD= 675.501 mm | M= 1.176 | incident=3.8197°
[[ 100.490616   -565.0655      -25.15722   ]
 [ -17.58168      98.51187      19.84278   ]
 [   0.14728661    0.02620715    0.        ]
 [   0.            0.            0.1496    ]]
Residual vector length: 240, Jacobian shape: (240, 6)
view   0 | SOD= 573.424 mm | SDD= 675.501 mm | M= 1.178 | incident=3.8197°
[[  99.50901    -564.16406     -25.130781  ]
 [ -17.627672     99.579124     19.869219  ]
 [   0.14732341    0.02599948    0.        ]
 [   0.            0.            0.1496    ]]

iter 08 cost=250.061157 -> 139.173982 |dtheta|=1.017786e+00  lambda=1.524e-06

============================================================
Iteration 9
============================================================
Theta offsets (Unity frame):
  Source   : dSx=   0.000, dSy=   0.000, dSz=   0.000  (mm)
  Object   : dOx=  -9.993, dOy=   4.869, dOz= -16.112  (mm)
  Object offset: offset_x=   0.046, offset_z=  -0.015  (mm)
  Detector : dDx=   0.000, dDy=   0.000, dDz=   0.000  (mm)
  Obj Stage rotY :   10.008 deg
============================================================

Unity geometry (world coordinates):
  Source   : x=   0.000, y=  45.000, z=   0.000
  Object   : x=   0.007, y=  19.869, z= 572.888
  Detector : x=   0.000, y=   0.000, z= 674.000
  Obj rotY :   0.0000 deg
view   0 | SOD= 573.424 mm | SDD= 675.501 mm | M= 1.178 | incident=3.8197°
[[  99.50901    -564.16406     -25.130781  ]
 [ -17.627672     99.579124     19.869219  ]
 [   0.14732341    0.02599948    0.        ]
 [   0.            0.            0.1496    ]]
Residual vector length: 240, Jacobian shape: (240, 6)
view   0 | SOD= 573.173 mm | SDD= 675.501 mm | M= 1.179 | incident=3.8197°
[[  99.3852     -563.9321      -25.113073  ]
 [ -17.67393      99.824715     19.886927  ]
 [   0.14732644    0.02598226    0.        ]
 [   0.            0.            0.1496    ]]

iter 09 cost=139.173982 -> 107.937362 |dtheta|=3.130561e-01  lambda=1.000e-06

============================================================
Iteration 10
============================================================
Theta offsets (Unity frame):
  Source   : dSx=   0.000, dSy=   0.000, dSz=   0.000  (mm)
  Object   : dOx= -10.000, dOy=   4.887, dOz= -16.419  (mm)
  Object offset: offset_x=   0.068, offset_z=   0.042  (mm)
  Detector : dDx=   0.000, dDy=   0.000, dDz=   0.000  (mm)
  Obj Stage rotY :   10.002 deg
============================================================

Unity geometry (world coordinates):
  Source   : x=   0.000, y=  45.000, z=   0.000
  Object   : x=   0.000, y=  19.887, z= 572.581
  Detector : x=   0.000, y=   0.000, z= 674.000
  Obj rotY :   0.0000 deg
view   0 | SOD= 573.173 mm | SDD= 675.501 mm | M= 1.179 | incident=3.8197°
[[  99.3852     -563.9321      -25.113073  ]
 [ -17.67393      99.824715     19.886927  ]
 [   0.14732644    0.02598226    0.        ]
 [   0.            0.            0.1496    ]]
Residual vector length: 240, Jacobian shape: (240, 6)
view   0 | SOD= 572.355 mm | SDD= 675.501 mm | M= 1.180 | incident=3.8197°
[[  99.529335   -563.0762      -25.089666  ]
 [ -17.803572    100.632324     19.910334  ]
 [   0.14731571    0.02604303    0.        ]
 [   0.            0.            0.1496    ]]

iter 10 cost=107.937362 -> 50.512646 |dtheta|=8.180271e-01  lambda=1.000e-06

============================================================
Iteration 11
============================================================
Theta offsets (Unity frame):
  Source   : dSx=   0.000, dSy=   0.000, dSz=   0.000  (mm)
  Object   : dOx= -10.014, dOy=   4.910, dOz= -17.235  (mm)
  Object offset: offset_x=   0.027, offset_z=   0.040  (mm)
  Detector : dDx=   0.000, dDy=   0.000, dDz=   0.000  (mm)
  Obj Stage rotY :   10.025 deg
============================================================

Unity geometry (world coordinates):
  Source   : x=   0.000, y=  45.000, z=   0.000
  Object   : x=  -0.014, y=  19.910, z= 571.765
  Detector : x=   0.000, y=   0.000, z= 674.000
  Obj rotY :   0.0000 deg
view   0 | SOD= 572.355 mm | SDD= 675.501 mm | M= 1.180 | incident=3.8197°
[[  99.529335   -563.0762      -25.089666  ]
 [ -17.803572    100.632324     19.910334  ]
 [   0.14731571    0.02604303    0.        ]
 [   0.            0.            0.1496    ]]
Residual vector length: 240, Jacobian shape: (240, 6)
view   0 | SOD= 572.045 mm | SDD= 675.501 mm | M= 1.181 | incident=3.8197°
[[  99.59555    -562.7495      -25.091738  ]
 [ -17.920443    100.926636     19.908262  ]
 [   0.14730853    0.02608367    0.        ]
 [   0.            0.            0.1496    ]]

iter 11 cost=50.512646 -> 36.992435 |dtheta|=2.837135e-01  lambda=1.000e-06

============================================================
Iteration 12
============================================================
Theta offsets (Unity frame):
  Source   : dSx=   0.000, dSy=   0.000, dSz=   0.000  (mm)
  Object   : dOx=  -9.994, dOy=   4.908, dOz= -17.516  (mm)
  Object offset: offset_x=   0.043, offset_z=   0.010  (mm)
  Detector : dDx=   0.000, dDy=   0.000, dDz=   0.000  (mm)
  Obj Stage rotY :   10.041 deg
============================================================

Unity geometry (world coordinates):
  Source   : x=   0.000, y=  45.000, z=   0.000
  Object   : x=   0.006, y=  19.908, z= 571.484
  Detector : x=   0.000, y=   0.000, z= 674.000
  Obj rotY :   0.0000 deg
view   0 | SOD= 572.045 mm | SDD= 675.501 mm | M= 1.181 | incident=3.8197°
[[  99.59555    -562.7495      -25.091738  ]
 [ -17.920443    100.926636     19.908262  ]
 [   0.14730853    0.02608367    0.        ]
 [   0.            0.            0.1496    ]]
Residual vector length: 240, Jacobian shape: (240, 6)
view   0 | SOD= 571.670 mm | SDD= 675.501 mm | M= 1.182 | incident=3.8197°
[[  99.55975    -562.37555     -25.065496  ]
 [ -17.934881    101.30436      19.934504  ]
 [   0.14730936    0.02607893    0.        ]
 [   0.            0.            0.1496    ]]

iter 12 cost=36.992435 -> 20.038887 |dtheta|=3.708653e-01  lambda=1.000e-06

============================================================
Iteration 13
============================================================
Theta offsets (Unity frame):
  Source   : dSx=   0.000, dSy=   0.000, dSz=   0.000  (mm)
  Object   : dOx= -10.000, dOy=   4.935, dOz= -17.883  (mm)
  Object offset: offset_x=   0.001, offset_z=   0.003  (mm)
  Detector : dDx=   0.000, dDy=   0.000, dDz=   0.000  (mm)
  Obj Stage rotY :   10.039 deg
============================================================

Unity geometry (world coordinates):
  Source   : x=   0.000, y=  45.000, z=   0.000
  Object   : x=  -0.000, y=  19.935, z= 571.117
  Detector : x=   0.000, y=   0.000, z= 674.000
  Obj rotY :   0.0000 deg
view   0 | SOD= 571.670 mm | SDD= 675.501 mm | M= 1.182 | incident=3.8197°
[[  99.55975    -562.37555     -25.065496  ]
 [ -17.934881    101.30436      19.934504  ]
 [   0.14730936    0.02607893    0.        ]
 [   0.            0.            0.1496    ]]
Residual vector length: 240, Jacobian shape: (240, 6)
view   0 | SOD= 571.430 mm | SDD= 675.501 mm | M= 1.182 | incident=3.8197°
[[  99.416756   -562.15796     -25.041801  ]
 [ -17.950739    101.544464     19.958199  ]
 [   0.14731435    0.02605071    0.        ]
 [   0.            0.            0.1496    ]]

iter 13 cost=20.038887 -> 11.893719 |dtheta|=2.385896e-01  lambda=1.000e-06

============================================================
Iteration 14
============================================================
Theta offsets (Unity frame):
  Source   : dSx=   0.000, dSy=   0.000, dSz=   0.000  (mm)
  Object   : dOx= -10.001, dOy=   4.958, dOz= -18.120  (mm)
  Object offset: offset_x=  -0.005, offset_z=   0.001  (mm)
  Detector : dDx=   0.000, dDy=   0.000, dDz=   0.000  (mm)
  Obj Stage rotY :   10.028 deg
============================================================

Unity geometry (world coordinates):
  Source   : x=   0.000, y=  45.000, z=   0.000
  Object   : x=  -0.001, y=  19.958, z= 570.880
  Detector : x=   0.000, y=   0.000, z= 674.000
  Obj rotY :   0.0000 deg
view   0 | SOD= 571.430 mm | SDD= 675.501 mm | M= 1.182 | incident=3.8197°
[[  99.416756   -562.15796     -25.041801  ]
 [ -17.950739    101.544464     19.958199  ]
 [   0.14731435    0.02605071    0.        ]
 [   0.            0.            0.1496    ]]
Residual vector length: 240, Jacobian shape: (240, 6)
view   0 | SOD= 571.284 mm | SDD= 675.501 mm | M= 1.182 | incident=3.8197°
[[  99.22401    -562.044       -25.024513  ]
 [ -17.946558    101.69321      19.975487  ]
 [   0.14732209    0.026007      0.        ]
 [   0.            0.            0.1496    ]]

iter 14 cost=11.893719 -> 8.412307 |dtheta|=1.467045e-01  lambda=1.000e-06

============================================================
Iteration 15
============================================================
Theta offsets (Unity frame):
  Source   : dSx=   0.000, dSy=   0.000, dSz=   0.000  (mm)
  Object   : dOx= -10.001, dOy=   4.975, dOz= -18.265  (mm)
  Object offset: offset_x=  -0.004, offset_z=   0.000  (mm)
  Detector : dDx=   0.000, dDy=   0.000, dDz=   0.000  (mm)
  Obj Stage rotY :   10.011 deg
============================================================

Unity geometry (world coordinates):
  Source   : x=   0.000, y=  45.000, z=   0.000
  Object   : x=  -0.001, y=  19.975, z= 570.735
  Detector : x=   0.000, y=   0.000, z= 674.000
  Obj rotY :   0.0000 deg
view   0 | SOD= 571.284 mm | SDD= 675.501 mm | M= 1.182 | incident=3.8197°
[[  99.22401    -562.044       -25.024513  ]
 [ -17.946558    101.69321      19.975487  ]
 [   0.14732209    0.026007      0.        ]
 [   0.            0.            0.1496    ]]
Residual vector length: 240, Jacobian shape: (240, 6)
view   0 | SOD= 571.107 mm | SDD= 675.501 mm | M= 1.183 | incident=3.8197°
[[  99.05728    -561.89374     -25.02833   ]
 [ -17.962097    101.87014      19.97167   ]
 [   0.147328      0.02597344    0.        ]
 [   0.            0.            0.1496    ]]

iter 15 cost=8.412307 -> 4.657379 |dtheta|=1.846122e-01  lambda=1.000e-06

============================================================
Iteration 16
============================================================
Theta offsets (Unity frame):
  Source   : dSx=   0.000, dSy=   0.000, dSz=   0.000  (mm)
  Object   : dOx= -10.000, dOy=   4.972, dOz= -18.449  (mm)
  Object offset: offset_x=   0.003, offset_z=   0.007  (mm)
  Detector : dDx=   0.000, dDy=   0.000, dDz=   0.000  (mm)
  Obj Stage rotY :    9.998 deg
============================================================

Unity geometry (world coordinates):
  Source   : x=   0.000, y=  45.000, z=   0.000
  Object   : x=  -0.000, y=  19.972, z= 570.551
  Detector : x=   0.000, y=   0.000, z= 674.000
  Obj rotY :   0.0000 deg
view   0 | SOD= 571.107 mm | SDD= 675.501 mm | M= 1.183 | incident=3.8197°
[[  99.05728    -561.89374     -25.02833   ]
 [ -17.962097    101.87014      19.97167   ]
 [   0.147328      0.02597344    0.        ]
 [   0.            0.            0.1496    ]]
Residual vector length: 240, Jacobian shape: (240, 6)
view   0 | SOD= 571.021 mm | SDD= 675.501 mm | M= 1.183 | incident=3.8197°
[[  98.86776    -561.8401      -25.016457  ]
 [ -17.944078    101.96033      19.983543  ]
 [   0.14733611    0.02592737    0.        ]
 [   0.            0.            0.1496    ]]

iter 16 cost=4.657379 -> 3.319195 |dtheta|=8.325217e-02  lambda=1.000e-06

============================================================
Iteration 17
============================================================
Theta offsets (Unity frame):
  Source   : dSx=   0.000, dSy=   0.000, dSz=   0.000  (mm)
  Object   : dOx= -10.000, dOy=   4.984, dOz= -18.529  (mm)
  Object offset: offset_x=   0.001, offset_z=   0.002  (mm)
  Detector : dDx=   0.000, dDy=   0.000, dDz=   0.000  (mm)
  Obj Stage rotY :    9.980 deg
============================================================

Unity geometry (world coordinates):
  Source   : x=   0.000, y=  45.000, z=   0.000
  Object   : x=   0.000, y=  19.984, z= 570.471
  Detector : x=   0.000, y=   0.000, z= 674.000
  Obj rotY :   0.0000 deg
view   0 | SOD= 571.021 mm | SDD= 675.501 mm | M= 1.183 | incident=3.8197°
[[  98.86776    -561.8401      -25.016457  ]
 [ -17.944078    101.96033      19.983543  ]
 [   0.14733611    0.02592737    0.        ]
 [   0.            0.            0.1496    ]]
Residual vector length: 240, Jacobian shape: (240, 6)
view   0 | SOD= 570.989 mm | SDD= 675.501 mm | M= 1.183 | incident=3.8197°
[[  98.89523    -561.8029      -25.015106  ]
 [ -17.948519    101.9919       19.984894  ]
 [   0.14733487    0.02593446    0.        ]
 [   0.            0.            0.1496    ]]

iter 17 cost=3.319195 -> 3.106939 |dtheta|=2.726976e-02  lambda=1.000e-06

============================================================
Iteration 18
============================================================
Theta offsets (Unity frame):
  Source   : dSx=   0.000, dSy=   0.000, dSz=   0.000  (mm)
  Object   : dOx= -10.003, dOy=   4.985, dOz= -18.555  (mm)
  Object offset: offset_x=  -0.001, offset_z=  -0.004  (mm)
  Detector : dDx=   0.000, dDy=   0.000, dDz=   0.000  (mm)
  Obj Stage rotY :    9.983 deg
============================================================

Unity geometry (world coordinates):
  Source   : x=   0.000, y=  45.000, z=   0.000
  Object   : x=  -0.003, y=  19.985, z= 570.445
  Detector : x=   0.000, y=   0.000, z= 674.000
  Obj rotY :   0.0000 deg
view   0 | SOD= 570.989 mm | SDD= 675.501 mm | M= 1.183 | incident=3.8197°
[[  98.89523    -561.8029      -25.015106  ]
 [ -17.948519    101.9919       19.984894  ]
 [   0.14733487    0.02593446    0.        ]
 [   0.            0.            0.1496    ]]
Residual vector length: 240, Jacobian shape: (240, 6)
view   0 | SOD= 570.916 mm | SDD= 675.501 mm | M= 1.183 | incident=3.8197°
[[  98.8121     -561.7435      -25.01202   ]
 [ -17.956684    102.06445      19.98798   ]
 [   0.1473378     0.02591782    0.        ]
 [   0.            0.            0.1496    ]]

iter 18 cost=3.106939 -> 2.272840 |dtheta|=7.408616e-02  lambda=1.000e-06

============================================================
Iteration 19
============================================================
Theta offsets (Unity frame):
  Source   : dSx=   0.000, dSy=   0.000, dSz=   0.000  (mm)
  Object   : dOx= -10.000, dOy=   4.988, dOz= -18.629  (mm)
  Object offset: offset_x=   0.003, offset_z=  -0.003  (mm)
  Detector : dDx=   0.000, dDy=   0.000, dDz=   0.000  (mm)
  Obj Stage rotY :    9.977 deg
============================================================

Unity geometry (world coordinates):
  Source   : x=   0.000, y=  45.000, z=   0.000
  Object   : x=   0.000, y=  19.988, z= 570.371
  Detector : x=   0.000, y=   0.000, z= 674.000
  Obj rotY :   0.0000 deg
view   0 | SOD= 570.916 mm | SDD= 675.501 mm | M= 1.183 | incident=3.8197°
[[  98.8121     -561.7435      -25.01202   ]
 [ -17.956684    102.06445      19.98798   ]
 [   0.1473378     0.02591782    0.        ]
 [   0.            0.            0.1496    ]]
Residual vector length: 240, Jacobian shape: (240, 6)
view   0 | SOD= 570.871 mm | SDD= 675.501 mm | M= 1.183 | incident=3.8197°
[[  98.841484   -561.6921      -25.010181  ]
 [ -17.973286    102.10783      19.989819  ]
 [   0.147336      0.02592803    0.        ]
 [   0.            0.            0.1496    ]]

iter 19 cost=2.272840 -> 1.925937 |dtheta|=4.692621e-02  lambda=1.000e-06

============================================================
Iteration 20
============================================================
Theta offsets (Unity frame):
  Source   : dSx=   0.000, dSy=   0.000, dSz=   0.000  (mm)
  Object   : dOx= -10.002, dOy=   4.990, dOz= -18.675  (mm)
  Object offset: offset_x=   0.006, offset_z=  -0.003  (mm)
  Detector : dDx=   0.000, dDy=   0.000, dDz=   0.000  (mm)
  Obj Stage rotY :    9.981 deg
============================================================

Unity geometry (world coordinates):
  Source   : x=   0.000, y=  45.000, z=   0.000
  Object   : x=  -0.002, y=  19.990, z= 570.325
  Detector : x=   0.000, y=   0.000, z= 674.000
  Obj rotY :   0.0000 deg
view   0 | SOD= 570.871 mm | SDD= 675.501 mm | M= 1.183 | incident=3.8197°
[[  98.841484   -561.6921      -25.010181  ]
 [ -17.973286    102.10783      19.989819  ]
 [   0.147336      0.02592803    0.        ]
 [   0.            0.            0.1496    ]]
Residual vector length: 240, Jacobian shape: (240, 6)
view   0 | SOD= 570.813 mm | SDD= 675.501 mm | M= 1.183 | incident=3.8197°
[[  98.90685    -561.62244     -25.006428  ]
 [ -17.997177    102.16175      19.993572  ]
 [   0.14733252    0.02594784    0.        ]
 [   0.            0.            0.1496    ]]

iter 20 cost=1.925937 -> 1.598746 |dtheta|=5.673887e-02  lambda=1.000e-06

============================================================
Iteration 21
============================================================
Theta offsets (Unity frame):
  Source   : dSx=   0.000, dSy=   0.000, dSz=   0.000  (mm)
  Object   : dOx= -10.001, dOy=   4.994, dOz= -18.731  (mm)
  Object offset: offset_x=   0.006, offset_z=  -0.004  (mm)
  Detector : dDx=   0.000, dDy=   0.000, dDz=   0.000  (mm)
  Obj Stage rotY :    9.988 deg
============================================================

Unity geometry (world coordinates):
  Source   : x=   0.000, y=  45.000, z=   0.000
  Object   : x=  -0.001, y=  19.994, z= 570.269
  Detector : x=   0.000, y=   0.000, z= 674.000
  Obj rotY :   0.0000 deg
view   0 | SOD= 570.813 mm | SDD= 675.501 mm | M= 1.183 | incident=3.8197°
[[  98.90685    -561.62244     -25.006428  ]
 [ -17.997177    102.16175      19.993572  ]
 [   0.14733252    0.02594784    0.        ]
 [   0.            0.            0.1496    ]]
Residual vector length: 240, Jacobian shape: (240, 6)
view   0 | SOD= 570.769 mm | SDD= 675.501 mm | M= 1.183 | incident=3.8197°
[[  98.88782    -561.58105     -25.007006  ]
 [ -18.005604    102.20502      19.992994  ]
 [   0.14733292    0.02594548    0.        ]
 [   0.            0.            0.1496    ]]

iter 21 cost=1.598746 -> 1.309441 |dtheta|=4.367433e-02  lambda=1.000e-06

============================================================
Iteration 22
============================================================
Theta offsets (Unity frame):
  Source   : dSx=   0.000, dSy=   0.000, dSz=   0.000  (mm)
  Object   : dOx= -10.002, dOy=   4.993, dOz= -18.775  (mm)
  Object offset: offset_x=   0.009, offset_z=  -0.004  (mm)
  Detector : dDx=   0.000, dDy=   0.000, dDz=   0.000  (mm)
  Obj Stage rotY :    9.987 deg
============================================================

Unity geometry (world coordinates):
  Source   : x=   0.000, y=  45.000, z=   0.000
  Object   : x=  -0.002, y=  19.993, z= 570.225
  Detector : x=   0.000, y=   0.000, z= 674.000
  Obj rotY :   0.0000 deg
view   0 | SOD= 570.769 mm | SDD= 675.501 mm | M= 1.183 | incident=3.8197°
[[  98.88782    -561.58105     -25.007006  ]
 [ -18.005604    102.20502      19.992994  ]
 [   0.14733292    0.02594548    0.        ]
 [   0.            0.            0.1496    ]]
Residual vector length: 240, Jacobian shape: (240, 6)
view   0 | SOD= 570.761 mm | SDD= 675.501 mm | M= 1.184 | incident=3.8197°
[[  98.88576    -561.57275     -25.005575  ]
 [ -18.007631    102.21333      19.994425  ]
 [   0.14733294    0.02594548    0.        ]
 [   0.            0.            0.1496    ]]

iter 22 cost=1.309441 -> 1.217044 |dtheta|=7.537128e-03  lambda=1.000e-06

============================================================
Iteration 23
============================================================
Theta offsets (Unity frame):
  Source   : dSx=   0.000, dSy=   0.000, dSz=   0.000  (mm)
  Object   : dOx= -10.001, dOy=   4.994, dOz= -18.782  (mm)
  Object offset: offset_x=   0.008, offset_z=  -0.005  (mm)
  Detector : dDx=   0.000, dDy=   0.000, dDz=   0.000  (mm)
  Obj Stage rotY :    9.987 deg
============================================================

Unity geometry (world coordinates):
  Source   : x=   0.000, y=  45.000, z=   0.000
  Object   : x=  -0.001, y=  19.994, z= 570.218
  Detector : x=   0.000, y=   0.000, z= 674.000
  Obj rotY :   0.0000 deg
view   0 | SOD= 570.761 mm | SDD= 675.501 mm | M= 1.184 | incident=3.8197°
[[  98.88576    -561.57275     -25.005575  ]
 [ -18.007631    102.21333      19.994425  ]
 [   0.14733294    0.02594548    0.        ]
 [   0.            0.            0.1496    ]]
Residual vector length: 240, Jacobian shape: (240, 6)
view   0 | SOD= 570.732 mm | SDD= 675.501 mm | M= 1.184 | incident=3.8197°
[[  98.92897    -561.53625     -25.004494  ]
 [ -18.023628    102.239395     19.995506  ]
 [   0.14733061    0.02595862    0.        ]
 [   0.            0.            0.1496    ]]

iter 23 cost=1.217044 -> 1.164663 |dtheta|=2.678730e-02  lambda=1.000e-06

============================================================
Iteration 24
============================================================
Theta offsets (Unity frame):
  Source   : dSx=   0.000, dSy=   0.000, dSz=   0.000  (mm)
  Object   : dOx= -10.001, dOy=   4.996, dOz= -18.808  (mm)
  Object offset: offset_x=   0.010, offset_z=  -0.008  (mm)
  Detector : dDx=   0.000, dDy=   0.000, dDz=   0.000  (mm)
  Obj Stage rotY :    9.993 deg
============================================================

Unity geometry (world coordinates):
  Source   : x=   0.000, y=  45.000, z=   0.000
  Object   : x=  -0.001, y=  19.996, z= 570.192
  Detector : x=   0.000, y=   0.000, z= 674.000
  Obj rotY :   0.0000 deg
view   0 | SOD= 570.732 mm | SDD= 675.501 mm | M= 1.184 | incident=3.8197°
[[  98.92897    -561.53625     -25.004494  ]
 [ -18.023628    102.239395     19.995506  ]
 [   0.14733061    0.02595862    0.        ]
 [   0.            0.            0.1496    ]]
Residual vector length: 240, Jacobian shape: (240, 6)
view   0 | SOD= 570.716 mm | SDD= 675.501 mm | M= 1.184 | incident=3.8197°
[[  98.90761    -561.52344     -25.003698  ]
 [ -18.02023     102.25654      19.996302  ]
 [   0.14733158    0.02595312    0.        ]
 [   0.            0.            0.1496    ]]

iter 24 cost=1.164663 -> 1.124316 |dtheta|=1.929771e-02  lambda=1.000e-06

============================================================
Iteration 25
============================================================
Theta offsets (Unity frame):
  Source   : dSx=   0.000, dSy=   0.000, dSz=   0.000  (mm)
  Object   : dOx= -10.001, dOy=   4.996, dOz= -18.827  (mm)
  Object offset: offset_x=   0.008, offset_z=  -0.005  (mm)
  Detector : dDx=   0.000, dDy=   0.000, dDz=   0.000  (mm)
  Obj Stage rotY :    9.990 deg
============================================================

Unity geometry (world coordinates):
  Source   : x=   0.000, y=  45.000, z=   0.000
  Object   : x=  -0.001, y=  19.996, z= 570.173
  Detector : x=   0.000, y=   0.000, z= 674.000
  Obj rotY :   0.0000 deg
view   0 | SOD= 570.716 mm | SDD= 675.501 mm | M= 1.184 | incident=3.8197°
[[  98.90761    -561.52344     -25.003698  ]
 [ -18.02023     102.25654      19.996302  ]
 [   0.14733158    0.02595312    0.        ]
 [   0.            0.            0.1496    ]]
Residual vector length: 240, Jacobian shape: (240, 6)
view   0 | SOD= 570.704 mm | SDD= 675.501 mm | M= 1.184 | incident=3.8197°
[[  98.87633    -561.51746     -25.003883  ]
 [ -18.016624    102.26871      19.996117  ]
 [   0.14733295    0.02594538    0.        ]
 [   0.            0.            0.1496    ]]

iter 25 cost=1.124316 -> 1.116616 |dtheta|=1.081373e-02  lambda=1.000e-06

============================================================
Iteration 26
============================================================
Theta offsets (Unity frame):
  Source   : dSx=   0.000, dSy=   0.000, dSz=   0.000  (mm)
  Object   : dOx= -10.002, dOy=   4.996, dOz= -18.837  (mm)
  Object offset: offset_x=   0.008, offset_z=  -0.006  (mm)
  Detector : dDx=   0.000, dDy=   0.000, dDz=   0.000  (mm)
  Obj Stage rotY :    9.987 deg
============================================================

Unity geometry (world coordinates):
  Source   : x=   0.000, y=  45.000, z=   0.000
  Object   : x=  -0.002, y=  19.996, z= 570.163
  Detector : x=   0.000, y=   0.000, z= 674.000
  Obj rotY :   0.0000 deg
view   0 | SOD= 570.704 mm | SDD= 675.501 mm | M= 1.184 | incident=3.8197°
[[  98.87633    -561.51746     -25.003883  ]
 [ -18.016624    102.26871      19.996117  ]
 [   0.14733295    0.02594538    0.        ]
 [   0.            0.            0.1496    ]]
Residual vector length: 240, Jacobian shape: (240, 6)
view   0 | SOD= 570.683 mm | SDD= 675.501 mm | M= 1.184 | incident=3.8197°
[[  98.93266    -561.48584     -25.00238   ]
 [ -18.029696    102.28809      19.99762   ]
 [   0.14733024    0.02596078    0.        ]
 [   0.            0.            0.1496    ]]

iter 26 cost=1.116616 -> 0.994537 |dtheta|=2.278359e-02  lambda=1.000e-06

============================================================
Iteration 27
============================================================
Theta offsets (Unity frame):
  Source   : dSx=   0.000, dSy=   0.000, dSz=   0.000  (mm)
  Object   : dOx= -10.001, dOy=   4.998, dOz= -18.859  (mm)
  Object offset: offset_x=   0.007, offset_z=  -0.006  (mm)
  Detector : dDx=   0.000, dDy=   0.000, dDz=   0.000  (mm)
  Obj Stage rotY :    9.993 deg
============================================================

Unity geometry (world coordinates):
  Source   : x=   0.000, y=  45.000, z=   0.000
  Object   : x=  -0.001, y=  19.998, z= 570.141
  Detector : x=   0.000, y=   0.000, z= 674.000
  Obj rotY :   0.0000 deg
view   0 | SOD= 570.683 mm | SDD= 675.501 mm | M= 1.184 | incident=3.8197°
[[  98.93266    -561.48584     -25.00238   ]
 [ -18.029696    102.28809      19.99762   ]
 [   0.14733024    0.02596078    0.        ]
 [   0.            0.            0.1496    ]]
Residual vector length: 240, Jacobian shape: (240, 6)
view   0 | SOD= 570.650 mm | SDD= 675.501 mm | M= 1.184 | incident=3.8197°
[[  98.91604    -561.4551      -25.001596  ]
 [ -18.0315      102.32143      19.998404  ]
 [   0.1473308     0.02595749    0.        ]
 [   0.            0.            0.1496    ]]

iter 27 cost=0.994537 -> 1.001260 |dtheta|=3.299587e-02  lambda=1.000e-06

============================================================
Iteration 28
============================================================
Theta offsets (Unity frame):
  Source   : dSx=   0.000, dSy=   0.000, dSz=   0.000  (mm)
  Object   : dOx= -10.001, dOy=   4.998, dOz= -18.859  (mm)
  Object offset: offset_x=   0.007, offset_z=  -0.006  (mm)
  Detector : dDx=   0.000, dDy=   0.000, dDz=   0.000  (mm)
  Obj Stage rotY :    9.993 deg
============================================================

Unity geometry (world coordinates):
  Source   : x=   0.000, y=  45.000, z=   0.000
  Object   : x=  -0.001, y=  19.998, z= 570.141
  Detector : x=   0.000, y=   0.000, z= 674.000
  Obj rotY :   0.0000 deg
view   0 | SOD= 570.683 mm | SDD= 675.501 mm | M= 1.184 | incident=3.8197°
[[  98.93266    -561.48584     -25.00238   ]
 [ -18.029696    102.28809      19.99762   ]
 [   0.14733024    0.02596078    0.        ]
 [   0.            0.            0.1496    ]]
Residual vector length: 240, Jacobian shape: (240, 6)
view   0 | SOD= 570.650 mm | SDD= 675.501 mm | M= 1.184 | incident=3.8197°
[[  98.91604    -561.4551      -25.001596  ]
 [ -18.0315      102.32143      19.998404  ]
 [   0.1473308     0.02595749    0.        ]
 [   0.            0.            0.1496    ]]

iter 28 cost=0.994537 -> 1.001260 |dtheta|=3.299587e-02  lambda=5.000e-06

============================================================
Iteration 29
============================================================
Theta offsets (Unity frame):
  Source   : dSx=   0.000, dSy=   0.000, dSz=   0.000  (mm)
  Object   : dOx= -10.001, dOy=   4.998, dOz= -18.859  (mm)
  Object offset: offset_x=   0.007, offset_z=  -0.006  (mm)
  Detector : dDx=   0.000, dDy=   0.000, dDz=   0.000  (mm)
  Obj Stage rotY :    9.993 deg
============================================================

Unity geometry (world coordinates):
  Source   : x=   0.000, y=  45.000, z=   0.000
  Object   : x=  -0.001, y=  19.998, z= 570.141
  Detector : x=   0.000, y=   0.000, z= 674.000
  Obj rotY :   0.0000 deg
view   0 | SOD= 570.683 mm | SDD= 675.501 mm | M= 1.184 | incident=3.8197°
[[  98.93266    -561.48584     -25.00238   ]
 [ -18.029696    102.28809      19.99762   ]
 [   0.14733024    0.02596078    0.        ]
 [   0.            0.            0.1496    ]]
Residual vector length: 240, Jacobian shape: (240, 6)
view   0 | SOD= 570.650 mm | SDD= 675.501 mm | M= 1.184 | incident=3.8197°
[[  98.91604    -561.4551      -25.001596  ]
 [ -18.0315      102.32143      19.998404  ]
 [   0.1473308     0.02595749    0.        ]
 [   0.            0.            0.1496    ]]

iter 29 cost=0.994537 -> 1.001260 |dtheta|=3.299586e-02  lambda=2.500e-05

============================================================
Iteration 30
============================================================
Theta offsets (Unity frame):
  Source   : dSx=   0.000, dSy=   0.000, dSz=   0.000  (mm)
  Object   : dOx= -10.001, dOy=   4.998, dOz= -18.859  (mm)
  Object offset: offset_x=   0.007, offset_z=  -0.006  (mm)
  Detector : dDx=   0.000, dDy=   0.000, dDz=   0.000  (mm)
  Obj Stage rotY :    9.993 deg
============================================================

Unity geometry (world coordinates):
  Source   : x=   0.000, y=  45.000, z=   0.000
  Object   : x=  -0.001, y=  19.998, z= 570.141
  Detector : x=   0.000, y=   0.000, z= 674.000
  Obj rotY :   0.0000 deg
view   0 | SOD= 570.683 mm | SDD= 675.501 mm | M= 1.184 | incident=3.8197°
[[  98.93266    -561.48584     -25.00238   ]
 [ -18.029696    102.28809      19.99762   ]
 [   0.14733024    0.02596078    0.        ]
 [   0.            0.            0.1496    ]]
Residual vector length: 240, Jacobian shape: (240, 6)
view   0 | SOD= 570.650 mm | SDD= 675.501 mm | M= 1.184 | incident=3.8197°
[[  98.91604    -561.4551      -25.001596  ]
 [ -18.0315      102.32143      19.998404  ]
 [   0.1473308     0.02595749    0.        ]
 [   0.            0.            0.1496    ]]

iter 30 cost=0.994537 -> 1.001260 |dtheta|=3.299583e-02  lambda=1.250e-04

============================================================
Iteration 31
============================================================
Theta offsets (Unity frame):
  Source   : dSx=   0.000, dSy=   0.000, dSz=   0.000  (mm)
  Object   : dOx= -10.001, dOy=   4.998, dOz= -18.859  (mm)
  Object offset: offset_x=   0.007, offset_z=  -0.006  (mm)
  Detector : dDx=   0.000, dDy=   0.000, dDz=   0.000  (mm)
  Obj Stage rotY :    9.993 deg
============================================================

Unity geometry (world coordinates):
  Source   : x=   0.000, y=  45.000, z=   0.000
  Object   : x=  -0.001, y=  19.998, z= 570.141
  Detector : x=   0.000, y=   0.000, z= 674.000
  Obj rotY :   0.0000 deg
view   0 | SOD= 570.683 mm | SDD= 675.501 mm | M= 1.184 | incident=3.8197°
[[  98.93266    -561.48584     -25.00238   ]
 [ -18.029696    102.28809      19.99762   ]
 [   0.14733024    0.02596078    0.        ]
 [   0.            0.            0.1496    ]]
Residual vector length: 240, Jacobian shape: (240, 6)
view   0 | SOD= 570.650 mm | SDD= 675.501 mm | M= 1.184 | incident=3.8197°
[[  98.91604    -561.4551      -25.001596  ]
 [ -18.0315      102.32143      19.998404  ]
 [   0.1473308     0.02595749    0.        ]
 [   0.            0.            0.1496    ]]

iter 31 cost=0.994537 -> 1.001260 |dtheta|=3.299570e-02  lambda=6.250e-04

============================================================
Iteration 32
============================================================
Theta offsets (Unity frame):
  Source   : dSx=   0.000, dSy=   0.000, dSz=   0.000  (mm)
  Object   : dOx= -10.001, dOy=   4.998, dOz= -18.859  (mm)
  Object offset: offset_x=   0.007, offset_z=  -0.006  (mm)
  Detector : dDx=   0.000, dDy=   0.000, dDz=   0.000  (mm)
  Obj Stage rotY :    9.993 deg
============================================================

Unity geometry (world coordinates):
  Source   : x=   0.000, y=  45.000, z=   0.000
  Object   : x=  -0.001, y=  19.998, z= 570.141
  Detector : x=   0.000, y=   0.000, z= 674.000
  Obj rotY :   0.0000 deg
view   0 | SOD= 570.683 mm | SDD= 675.501 mm | M= 1.184 | incident=3.8197°
[[  98.93266    -561.48584     -25.00238   ]
 [ -18.029696    102.28809      19.99762   ]
 [   0.14733024    0.02596078    0.        ]
 [   0.            0.            0.1496    ]]
Residual vector length: 240, Jacobian shape: (240, 6)
view   0 | SOD= 570.650 mm | SDD= 675.501 mm | M= 1.184 | incident=3.8197°
[[  98.91604    -561.4551      -25.001596  ]
 [ -18.0315      102.32143      19.998404  ]
 [   0.1473308     0.02595749    0.        ]
 [   0.            0.            0.1496    ]]

iter 32 cost=0.994537 -> 1.001260 |dtheta|=3.299502e-02  lambda=3.125e-03

============================================================
Iteration 33
============================================================
Theta offsets (Unity frame):
  Source   : dSx=   0.000, dSy=   0.000, dSz=   0.000  (mm)
  Object   : dOx= -10.001, dOy=   4.998, dOz= -18.859  (mm)
  Object offset: offset_x=   0.007, offset_z=  -0.006  (mm)
  Detector : dDx=   0.000, dDy=   0.000, dDz=   0.000  (mm)
  Obj Stage rotY :    9.993 deg
============================================================

Unity geometry (world coordinates):
  Source   : x=   0.000, y=  45.000, z=   0.000
  Object   : x=  -0.001, y=  19.998, z= 570.141
  Detector : x=   0.000, y=   0.000, z= 674.000
  Obj rotY :   0.0000 deg
view   0 | SOD= 570.683 mm | SDD= 675.501 mm | M= 1.184 | incident=3.8197°
[[  98.93266    -561.48584     -25.00238   ]
 [ -18.029696    102.28809      19.99762   ]
 [   0.14733024    0.02596078    0.        ]
 [   0.            0.            0.1496    ]]
Residual vector length: 240, Jacobian shape: (240, 6)
view   0 | SOD= 570.650 mm | SDD= 675.501 mm | M= 1.184 | incident=3.8197°
[[  98.91604    -561.4551      -25.001596  ]
 [ -18.0315      102.32143      19.998404  ]
 [   0.1473308     0.02595749    0.        ]
 [   0.            0.            0.1496    ]]

iter 33 cost=0.994537 -> 1.001260 |dtheta|=3.299166e-02  lambda=1.562e-02

============================================================
Iteration 34
============================================================
Theta offsets (Unity frame):
  Source   : dSx=   0.000, dSy=   0.000, dSz=   0.000  (mm)
  Object   : dOx= -10.001, dOy=   4.998, dOz= -18.859  (mm)
  Object offset: offset_x=   0.007, offset_z=  -0.006  (mm)
  Detector : dDx=   0.000, dDy=   0.000, dDz=   0.000  (mm)
  Obj Stage rotY :    9.993 deg
============================================================

Unity geometry (world coordinates):
  Source   : x=   0.000, y=  45.000, z=   0.000
  Object   : x=  -0.001, y=  19.998, z= 570.141
  Detector : x=   0.000, y=   0.000, z= 674.000
  Obj rotY :   0.0000 deg
view   0 | SOD= 570.683 mm | SDD= 675.501 mm | M= 1.184 | incident=3.8197°
[[  98.93266    -561.48584     -25.00238   ]
 [ -18.029696    102.28809      19.99762   ]
 [   0.14733024    0.02596078    0.        ]
 [   0.            0.            0.1496    ]]
Residual vector length: 240, Jacobian shape: (240, 6)
view   0 | SOD= 570.650 mm | SDD= 675.501 mm | M= 1.184 | incident=3.8197°
[[  98.91604    -561.4551      -25.001596  ]
 [ -18.0315      102.32143      19.998404  ]
 [   0.1473308     0.02595749    0.        ]
 [   0.            0.            0.1496    ]]

iter 34 cost=0.994537 -> 1.001260 |dtheta|=3.297483e-02  lambda=7.812e-02

============================================================
Iteration 35
============================================================
Theta offsets (Unity frame):
  Source   : dSx=   0.000, dSy=   0.000, dSz=   0.000  (mm)
  Object   : dOx= -10.001, dOy=   4.998, dOz= -18.859  (mm)
  Object offset: offset_x=   0.007, offset_z=  -0.006  (mm)
  Detector : dDx=   0.000, dDy=   0.000, dDz=   0.000  (mm)
  Obj Stage rotY :    9.993 deg
============================================================

Unity geometry (world coordinates):
  Source   : x=   0.000, y=  45.000, z=   0.000
  Object   : x=  -0.001, y=  19.998, z= 570.141
  Detector : x=   0.000, y=   0.000, z= 674.000
  Obj rotY :   0.0000 deg
view   0 | SOD= 570.683 mm | SDD= 675.501 mm | M= 1.184 | incident=3.8197°
[[  98.93266    -561.48584     -25.00238   ]
 [ -18.029696    102.28809      19.99762   ]
 [   0.14733024    0.02596078    0.        ]
 [   0.            0.            0.1496    ]]
Residual vector length: 240, Jacobian shape: (240, 6)
view   0 | SOD= 570.650 mm | SDD= 675.501 mm | M= 1.184 | incident=3.8197°
[[  98.91607   -561.45514    -25.001598 ]
 [ -18.031496   102.321365    19.998402 ]
 [   0.1473308    0.0259575    0.       ]
 [   0.           0.           0.1496   ]]

iter 35 cost=0.994537 -> 1.004536 |dtheta|=3.289095e-02  lambda=3.906e-01

============================================================
Iteration 36
============================================================
Theta offsets (Unity frame):
  Source   : dSx=   0.000, dSy=   0.000, dSz=   0.000  (mm)
  Object   : dOx= -10.001, dOy=   4.998, dOz= -18.859  (mm)
  Object offset: offset_x=   0.007, offset_z=  -0.006  (mm)
  Detector : dDx=   0.000, dDy=   0.000, dDz=   0.000  (mm)
  Obj Stage rotY :    9.993 deg
============================================================

Unity geometry (world coordinates):
  Source   : x=   0.000, y=  45.000, z=   0.000
  Object   : x=  -0.001, y=  19.998, z= 570.141
  Detector : x=   0.000, y=   0.000, z= 674.000
  Obj rotY :   0.0000 deg
view   0 | SOD= 570.683 mm | SDD= 675.501 mm | M= 1.184 | incident=3.8197°
[[  98.93266    -561.48584     -25.00238   ]
 [ -18.029696    102.28809      19.99762   ]
 [   0.14733024    0.02596078    0.        ]
 [   0.            0.            0.1496    ]]
Residual vector length: 240, Jacobian shape: (240, 6)
view   0 | SOD= 570.650 mm | SDD= 675.501 mm | M= 1.184 | incident=3.8197°
[[  98.91622    -561.45557     -25.001614  ]
 [ -18.03145     102.32094      19.998386  ]
 [   0.1473308     0.02595752    0.        ]
 [   0.            0.            0.1496    ]]

iter 36 cost=0.994537 -> 1.002290 |dtheta|=3.247789e-02  lambda=1.953e+00

============================================================
Iteration 37
============================================================
Theta offsets (Unity frame):
  Source   : dSx=   0.000, dSy=   0.000, dSz=   0.000  (mm)
  Object   : dOx= -10.001, dOy=   4.998, dOz= -18.859  (mm)
  Object offset: offset_x=   0.007, offset_z=  -0.006  (mm)
  Detector : dDx=   0.000, dDy=   0.000, dDz=   0.000  (mm)
  Obj Stage rotY :    9.993 deg
============================================================

Unity geometry (world coordinates):
  Source   : x=   0.000, y=  45.000, z=   0.000
  Object   : x=  -0.001, y=  19.998, z= 570.141
  Detector : x=   0.000, y=   0.000, z= 674.000
  Obj rotY :   0.0000 deg
view   0 | SOD= 570.683 mm | SDD= 675.501 mm | M= 1.184 | incident=3.8197°
[[  98.93266    -561.48584     -25.00238   ]
 [ -18.029696    102.28809      19.99762   ]
 [   0.14733024    0.02596078    0.        ]
 [   0.            0.            0.1496    ]]
Residual vector length: 240, Jacobian shape: (240, 6)
view   0 | SOD= 570.652 mm | SDD= 675.501 mm | M= 1.184 | incident=3.8197°
[[  98.91696    -561.4574      -25.001678  ]
 [ -18.031242    102.31899      19.998322  ]
 [   0.14733079    0.02595764    0.        ]
 [   0.            0.            0.1496    ]]

iter 37 cost=0.994537 -> 0.964998 |dtheta|=3.055966e-02  lambda=9.766e+00

============================================================
Iteration 38
============================================================
Theta offsets (Unity frame):
  Source   : dSx=   0.000, dSy=   0.000, dSz=   0.000  (mm)
  Object   : dOx= -10.003, dOy=   4.998, dOz= -18.889  (mm)
  Object offset: offset_x=   0.007, offset_z=  -0.006  (mm)
  Detector : dDx=   0.000, dDy=   0.000, dDz=   0.000  (mm)
  Obj Stage rotY :    9.992 deg
============================================================

Unity geometry (world coordinates):
  Source   : x=   0.000, y=  45.000, z=   0.000
  Object   : x=  -0.003, y=  19.998, z= 570.110
  Detector : x=   0.000, y=   0.000, z= 674.000
  Obj rotY :   0.0000 deg
view   0 | SOD= 570.652 mm | SDD= 675.501 mm | M= 1.184 | incident=3.8197°
[[  98.91696    -561.4574      -25.001678  ]
 [ -18.031242    102.31899      19.998322  ]
 [   0.14733079    0.02595764    0.        ]
 [   0.            0.            0.1496    ]]
Residual vector length: 240, Jacobian shape: (240, 6)
view   0 | SOD= 570.649 mm | SDD= 675.501 mm | M= 1.184 | incident=3.8197°
[[  98.925766   -561.45264     -25.00315   ]
 [ -18.031029    102.32225      19.99685   ]
 [   0.14733045    0.02595955    0.        ]
 [   0.            0.            0.1496    ]]

iter 38 cost=0.964998 -> 1.006806 |dtheta|=3.482286e-03  lambda=3.255e+00

============================================================
Iteration 39
============================================================
Theta offsets (Unity frame):
  Source   : dSx=   0.000, dSy=   0.000, dSz=   0.000  (mm)
  Object   : dOx= -10.003, dOy=   4.998, dOz= -18.889  (mm)
  Object offset: offset_x=   0.007, offset_z=  -0.006  (mm)
  Detector : dDx=   0.000, dDy=   0.000, dDz=   0.000  (mm)
  Obj Stage rotY :    9.992 deg
============================================================

Unity geometry (world coordinates):
  Source   : x=   0.000, y=  45.000, z=   0.000
  Object   : x=  -0.003, y=  19.998, z= 570.110
  Detector : x=   0.000, y=   0.000, z= 674.000
  Obj rotY :   0.0000 deg
view   0 | SOD= 570.652 mm | SDD= 675.501 mm | M= 1.184 | incident=3.8197°
[[  98.91696    -561.4574      -25.001678  ]
 [ -18.031242    102.31899      19.998322  ]
 [   0.14733079    0.02595764    0.        ]
 [   0.            0.            0.1496    ]]
Residual vector length: 240, Jacobian shape: (240, 6)
view   0 | SOD= 570.649 mm | SDD= 675.501 mm | M= 1.184 | incident=3.8197°
[[  98.92592    -561.4528      -25.003155  ]
 [ -18.031029    102.32207      19.996845  ]
 [   0.14733045    0.02595958    0.        ]
 [   0.            0.            0.1496    ]]

iter 39 cost=0.964998 -> 1.008330 |dtheta|=3.355563e-03  lambda=1.628e+01

============================================================
Iteration 40
============================================================
Theta offsets (Unity frame):
  Source   : dSx=   0.000, dSy=   0.000, dSz=   0.000  (mm)
  Object   : dOx= -10.003, dOy=   4.998, dOz= -18.889  (mm)
  Object offset: offset_x=   0.007, offset_z=  -0.006  (mm)
  Detector : dDx=   0.000, dDy=   0.000, dDz=   0.000  (mm)
  Obj Stage rotY :    9.992 deg
============================================================

Unity geometry (world coordinates):
  Source   : x=   0.000, y=  45.000, z=   0.000
  Object   : x=  -0.003, y=  19.998, z= 570.110
  Detector : x=   0.000, y=   0.000, z= 674.000
  Obj rotY :   0.0000 deg
view   0 | SOD= 570.652 mm | SDD= 675.501 mm | M= 1.184 | incident=3.8197°
[[  98.91696    -561.4574      -25.001678  ]
 [ -18.031242    102.31899      19.998322  ]
 [   0.14733079    0.02595764    0.        ]
 [   0.            0.            0.1496    ]]
Residual vector length: 240, Jacobian shape: (240, 6)
view   0 | SOD= 570.650 mm | SDD= 675.501 mm | M= 1.184 | incident=3.8197°
[[  98.926155   -561.4533      -25.003159  ]
 [ -18.031013    102.32151      19.996841  ]
 [   0.14733043    0.02595963    0.        ]
 [   0.            0.            0.1496    ]]

iter 40 cost=0.964998 -> 1.006140 |dtheta|=2.959192e-03  lambda=8.138e+01

============================================================
Iteration 41
============================================================
Theta offsets (Unity frame):
  Source   : dSx=   0.000, dSy=   0.000, dSz=   0.000  (mm)
  Object   : dOx= -10.003, dOy=   4.998, dOz= -18.889  (mm)
  Object offset: offset_x=   0.007, offset_z=  -0.006  (mm)
  Detector : dDx=   0.000, dDy=   0.000, dDz=   0.000  (mm)
  Obj Stage rotY :    9.992 deg
============================================================

Unity geometry (world coordinates):
  Source   : x=   0.000, y=  45.000, z=   0.000
  Object   : x=  -0.003, y=  19.998, z= 570.110
  Detector : x=   0.000, y=   0.000, z= 674.000
  Obj rotY :   0.0000 deg
view   0 | SOD= 570.652 mm | SDD= 675.501 mm | M= 1.184 | incident=3.8197°
[[  98.91696    -561.4574      -25.001678  ]
 [ -18.031242    102.31899      19.998322  ]
 [   0.14733079    0.02595764    0.        ]
 [   0.            0.            0.1496    ]]
Residual vector length: 240, Jacobian shape: (240, 6)
view   0 | SOD= 570.651 mm | SDD= 675.501 mm | M= 1.184 | incident=3.8197°
[[  98.924866  -561.4545     -25.003113 ]
 [ -18.030798   102.32056     19.996887 ]
 [   0.1473305    0.0259593    0.       ]
 [   0.           0.           0.1496   ]]

iter 41 cost=0.964998 -> 1.005314 |dtheta|=2.362746e-03  lambda=4.069e+02

============================================================
Iteration 42
============================================================
Theta offsets (Unity frame):
  Source   : dSx=   0.000, dSy=   0.000, dSz=   0.000  (mm)
  Object   : dOx= -10.003, dOy=   4.998, dOz= -18.889  (mm)
  Object offset: offset_x=   0.007, offset_z=  -0.006  (mm)
  Detector : dDx=   0.000, dDy=   0.000, dDz=   0.000  (mm)
  Obj Stage rotY :    9.992 deg
============================================================

Unity geometry (world coordinates):
  Source   : x=   0.000, y=  45.000, z=   0.000
  Object   : x=  -0.003, y=  19.998, z= 570.110
  Detector : x=   0.000, y=   0.000, z= 674.000
  Obj rotY :   0.0000 deg
view   0 | SOD= 570.652 mm | SDD= 675.501 mm | M= 1.184 | incident=3.8197°
[[  98.91696    -561.4574      -25.001678  ]
 [ -18.031242    102.31899      19.998322  ]
 [   0.14733079    0.02595764    0.        ]
 [   0.            0.            0.1496    ]]
Residual vector length: 240, Jacobian shape: (240, 6)
view   0 | SOD= 570.652 mm | SDD= 675.501 mm | M= 1.184 | incident=3.8197°
[[  98.921165   -561.45593     -25.002821  ]
 [ -18.03063     102.31985      19.997179  ]
 [   0.14733064    0.02595844    0.        ]
 [   0.            0.            0.1496    ]]

iter 42 cost=0.964998 -> 0.998619 |dtheta|=1.617493e-03  lambda=2.035e+03

============================================================
Iteration 43
============================================================
Theta offsets (Unity frame):
  Source   : dSx=   0.000, dSy=   0.000, dSz=   0.000  (mm)
  Object   : dOx= -10.003, dOy=   4.998, dOz= -18.889  (mm)
  Object offset: offset_x=   0.007, offset_z=  -0.006  (mm)
  Detector : dDx=   0.000, dDy=   0.000, dDz=   0.000  (mm)
  Obj Stage rotY :    9.992 deg
============================================================

Unity geometry (world coordinates):
  Source   : x=   0.000, y=  45.000, z=   0.000
  Object   : x=  -0.003, y=  19.998, z= 570.110
  Detector : x=   0.000, y=   0.000, z= 674.000
  Obj rotY :   0.0000 deg
view   0 | SOD= 570.652 mm | SDD= 675.501 mm | M= 1.184 | incident=3.8197°
[[  98.91696    -561.4574      -25.001678  ]
 [ -18.031242    102.31899      19.998322  ]
 [   0.14733079    0.02595764    0.        ]
 [   0.            0.            0.1496    ]]
Residual vector length: 240, Jacobian shape: (240, 6)
view   0 | SOD= 570.652 mm | SDD= 675.501 mm | M= 1.184 | incident=3.8197°
[[  98.91839    -561.4569      -25.002224  ]
 [ -18.03092     102.3193       19.997776  ]
 [   0.14733075    0.02595789    0.        ]
 [   0.            0.            0.1496    ]]

iter 43 cost=0.964998 -> 0.947684 |dtheta|=7.053135e-04  lambda=1.017e+04

============================================================
Iteration 44
============================================================
Theta offsets (Unity frame):
  Source   : dSx=   0.000, dSy=   0.000, dSz=   0.000  (mm)
  Object   : dOx= -10.003, dOy=   4.998, dOz= -18.890  (mm)
  Object offset: offset_x=   0.007, offset_z=  -0.006  (mm)
  Detector : dDx=   0.000, dDy=   0.000, dDz=   0.000  (mm)
  Obj Stage rotY :    9.992 deg
============================================================

Unity geometry (world coordinates):
  Source   : x=   0.000, y=  45.000, z=   0.000
  Object   : x=  -0.003, y=  19.998, z= 570.110
  Detector : x=   0.000, y=   0.000, z= 674.000
  Obj rotY :   0.0000 deg
view   0 | SOD= 570.652 mm | SDD= 675.501 mm | M= 1.184 | incident=3.8197°
[[  98.91839    -561.4569      -25.002224  ]
 [ -18.03092     102.3193       19.997776  ]
 [   0.14733075    0.02595789    0.        ]
 [   0.            0.            0.1496    ]]
Residual vector length: 240, Jacobian shape: (240, 6)
view   0 | SOD= 570.652 mm | SDD= 675.501 mm | M= 1.184 | incident=3.8197°
[[  98.920746   -561.4559      -25.003075  ]
 [ -18.031359    102.31984      19.996925  ]
 [   0.14733063    0.02595851    0.        ]
 [   0.            0.            0.1496    ]]

iter 44 cost=0.947684 -> 0.986886 |dtheta|=1.435966e-03  lambda=3.391e+03

============================================================
Iteration 45
============================================================
Theta offsets (Unity frame):
  Source   : dSx=   0.000, dSy=   0.000, dSz=   0.000  (mm)
  Object   : dOx= -10.003, dOy=   4.998, dOz= -18.890  (mm)
  Object offset: offset_x=   0.007, offset_z=  -0.006  (mm)
  Detector : dDx=   0.000, dDy=   0.000, dDz=   0.000  (mm)
  Obj Stage rotY :    9.992 deg
============================================================

Unity geometry (world coordinates):
  Source   : x=   0.000, y=  45.000, z=   0.000
  Object   : x=  -0.003, y=  19.998, z= 570.110
  Detector : x=   0.000, y=   0.000, z= 674.000
  Obj rotY :   0.0000 deg
view   0 | SOD= 570.652 mm | SDD= 675.501 mm | M= 1.184 | incident=3.8197°
[[  98.91839    -561.4569      -25.002224  ]
 [ -18.03092     102.3193       19.997776  ]
 [   0.14733075    0.02595789    0.        ]
 [   0.            0.            0.1496    ]]
Residual vector length: 240, Jacobian shape: (240, 6)
view   0 | SOD= 570.652 mm | SDD= 675.501 mm | M= 1.184 | incident=3.8197°
[[  98.91897    -561.4566      -25.002552  ]
 [ -18.031086    102.31945      19.997448  ]
 [   0.14733072    0.02595805    0.        ]
 [   0.            0.            0.1496    ]]

iter 45 cost=0.947684 -> 0.925548 |dtheta|=4.753591e-04  lambda=1.695e+04

============================================================
Iteration 46
============================================================
Theta offsets (Unity frame):
  Source   : dSx=   0.000, dSy=   0.000, dSz=   0.000  (mm)
  Object   : dOx= -10.003, dOy=   4.997, dOz= -18.890  (mm)
  Object offset: offset_x=   0.006, offset_z=  -0.006  (mm)
  Detector : dDx=   0.000, dDy=   0.000, dDz=   0.000  (mm)
  Obj Stage rotY :    9.992 deg
============================================================

Unity geometry (world coordinates):
  Source   : x=   0.000, y=  45.000, z=   0.000
  Object   : x=  -0.003, y=  19.997, z= 570.110
  Detector : x=   0.000, y=   0.000, z= 674.000
  Obj rotY :   0.0000 deg
view   0 | SOD= 570.652 mm | SDD= 675.501 mm | M= 1.184 | incident=3.8197°
[[  98.91897    -561.4566      -25.002552  ]
 [ -18.031086    102.31945      19.997448  ]
 [   0.14733072    0.02595805    0.        ]
 [   0.            0.            0.1496    ]]
Residual vector length: 240, Jacobian shape: (240, 6)
view   0 | SOD= 570.652 mm | SDD= 675.501 mm | M= 1.184 | incident=3.8197°
[[  98.92009    -561.45667     -25.002995  ]
 [ -18.031029    102.319214     19.997005  ]
 [   0.14733067    0.02595829    0.        ]
 [   0.            0.            0.1496    ]]

iter 46 cost=0.925548 -> 0.983456 |dtheta|=5.396515e-04  lambda=5.651e+03

============================================================
Iteration 47
============================================================
Theta offsets (Unity frame):
  Source   : dSx=   0.000, dSy=   0.000, dSz=   0.000  (mm)
  Object   : dOx= -10.003, dOy=   4.997, dOz= -18.890  (mm)
  Object offset: offset_x=   0.006, offset_z=  -0.006  (mm)
  Detector : dDx=   0.000, dDy=   0.000, dDz=   0.000  (mm)
  Obj Stage rotY :    9.992 deg
============================================================

Unity geometry (world coordinates):
  Source   : x=   0.000, y=  45.000, z=   0.000
  Object   : x=  -0.003, y=  19.997, z= 570.110
  Detector : x=   0.000, y=   0.000, z= 674.000
  Obj rotY :   0.0000 deg
view   0 | SOD= 570.652 mm | SDD= 675.501 mm | M= 1.184 | incident=3.8197°
[[  98.91897    -561.4566      -25.002552  ]
 [ -18.031086    102.31945      19.997448  ]
 [   0.14733072    0.02595805    0.        ]
 [   0.            0.            0.1496    ]]
Residual vector length: 240, Jacobian shape: (240, 6)
view   0 | SOD= 570.652 mm | SDD= 675.501 mm | M= 1.184 | incident=3.8197°
[[  98.91925    -561.45667     -25.002693  ]
 [ -18.031073    102.3194       19.997307  ]
 [   0.1473307     0.02595811    0.        ]
 [   0.            0.            0.1496    ]]

iter 47 cost=0.925548 -> 0.934930 |dtheta|=1.633036e-04  lambda=2.826e+04

============================================================
Iteration 48
============================================================
Theta offsets (Unity frame):
  Source   : dSx=   0.000, dSy=   0.000, dSz=   0.000  (mm)
  Object   : dOx= -10.003, dOy=   4.997, dOz= -18.890  (mm)
  Object offset: offset_x=   0.006, offset_z=  -0.006  (mm)
  Detector : dDx=   0.000, dDy=   0.000, dDz=   0.000  (mm)
  Obj Stage rotY :    9.992 deg
============================================================

Unity geometry (world coordinates):
  Source   : x=   0.000, y=  45.000, z=   0.000
  Object   : x=  -0.003, y=  19.997, z= 570.110
  Detector : x=   0.000, y=   0.000, z= 674.000
  Obj rotY :   0.0000 deg
view   0 | SOD= 570.652 mm | SDD= 675.501 mm | M= 1.184 | incident=3.8197°
[[  98.91897    -561.4566      -25.002552  ]
 [ -18.031086    102.31945      19.997448  ]
 [   0.14733072    0.02595805    0.        ]
 [   0.            0.            0.1496    ]]
Residual vector length: 240, Jacobian shape: (240, 6)
view   0 | SOD= 570.652 mm | SDD= 675.501 mm | M= 1.184 | incident=3.8197°
[[  98.91904    -561.45667     -25.002584  ]
 [ -18.031075    102.3194       19.997416  ]
 [   0.14733072    0.02595806    0.        ]
 [   0.            0.            0.1496    ]]

iter 48 cost=0.925548 -> 0.941869 |dtheta|=3.663132e-05  lambda=1.413e+05

============================================================
Iteration 49
============================================================
Theta offsets (Unity frame):
  Source   : dSx=   0.000, dSy=   0.000, dSz=   0.000  (mm)
  Object   : dOx= -10.003, dOy=   4.997, dOz= -18.890  (mm)
  Object offset: offset_x=   0.006, offset_z=  -0.006  (mm)
  Detector : dDx=   0.000, dDy=   0.000, dDz=   0.000  (mm)
  Obj Stage rotY :    9.992 deg
============================================================

Unity geometry (world coordinates):
  Source   : x=   0.000, y=  45.000, z=   0.000
  Object   : x=  -0.003, y=  19.997, z= 570.110
  Detector : x=   0.000, y=   0.000, z= 674.000
  Obj rotY :   0.0000 deg
view   0 | SOD= 570.652 mm | SDD= 675.501 mm | M= 1.184 | incident=3.8197°
[[  98.91897    -561.4566      -25.002552  ]
 [ -18.031086    102.31945      19.997448  ]
 [   0.14733072    0.02595805    0.        ]
 [   0.            0.            0.1496    ]]
Residual vector length: 240, Jacobian shape: (240, 6)
view   0 | SOD= 570.652 mm | SDD= 675.501 mm | M= 1.184 | incident=3.8197°
[[  98.918976   -561.4566      -25.00256   ]
 [ -18.031086    102.31945      19.99744   ]
 [   0.14733072    0.02595806    0.        ]
 [   0.            0.            0.1496    ]]

iter 49 cost=0.925548 -> 0.925548 |dtheta|=7.511453e-06  lambda=7.064e+05

============================================================
Iteration 50
============================================================
Theta offsets (Unity frame):
  Source   : dSx=   0.000, dSy=   0.000, dSz=   0.000  (mm)
  Object   : dOx= -10.003, dOy=   4.997, dOz= -18.890  (mm)
  Object offset: offset_x=   0.006, offset_z=  -0.006  (mm)
  Detector : dDx=   0.000, dDy=   0.000, dDz=   0.000  (mm)
  Obj Stage rotY :    9.992 deg
============================================================

Unity geometry (world coordinates):
  Source   : x=   0.000, y=  45.000, z=   0.000
  Object   : x=  -0.003, y=  19.997, z= 570.110
  Detector : x=   0.000, y=   0.000, z= 674.000
  Obj rotY :   0.0000 deg
view   0 | SOD= 570.652 mm | SDD= 675.501 mm | M= 1.184 | incident=3.8197°
[[  98.91897    -561.4566      -25.002552  ]
 [ -18.031086    102.31945      19.997448  ]
 [   0.14733072    0.02595805    0.        ]
 [   0.            0.            0.1496    ]]
Residual vector length: 240, Jacobian shape: (240, 6)
view   0 | SOD= 570.652 mm | SDD= 675.501 mm | M= 1.184 | incident=3.8197°
[[  98.918976   -561.4566      -25.002556  ]
 [ -18.031086    102.31945      19.997444  ]
 [   0.14733072    0.02595806    0.        ]
 [   0.            0.            0.1496    ]]

iter 50 cost=0.925548 -> 0.925548 |dtheta|=5.316170e-06  lambda=1.000e+06

============================================================
Iteration 51
============================================================
Theta offsets (Unity frame):
  Source   : dSx=   0.000, dSy=   0.000, dSz=   0.000  (mm)
  Object   : dOx= -10.003, dOy=   4.997, dOz= -18.890  (mm)
  Object offset: offset_x=   0.006, offset_z=  -0.006  (mm)
  Detector : dDx=   0.000, dDy=   0.000, dDz=   0.000  (mm)
  Obj Stage rotY :    9.992 deg
============================================================

Unity geometry (world coordinates):
  Source   : x=   0.000, y=  45.000, z=   0.000
  Object   : x=  -0.003, y=  19.997, z= 570.110
  Detector : x=   0.000, y=   0.000, z= 674.000
  Obj rotY :   0.0000 deg
view   0 | SOD= 570.652 mm | SDD= 675.501 mm | M= 1.184 | incident=3.8197°
[[  98.91897    -561.4566      -25.002552  ]
 [ -18.031086    102.31945      19.997448  ]
 [   0.14733072    0.02595805    0.        ]
 [   0.            0.            0.1496    ]]
Residual vector length: 240, Jacobian shape: (240, 6)
view   0 | SOD= 570.652 mm | SDD= 675.501 mm | M= 1.184 | incident=3.8197°
[[  98.918976   -561.4566      -25.002556  ]
 [ -18.031086    102.31945      19.997444  ]
 [   0.14733072    0.02595806    0.        ]
 [   0.            0.            0.1496    ]]

iter 51 cost=0.925548 -> 0.925548 |dtheta|=5.316170e-06  lambda=1.000e+06

============================================================
Iteration 52
============================================================
Theta offsets (Unity frame):
  Source   : dSx=   0.000, dSy=   0.000, dSz=   0.000  (mm)
  Object   : dOx= -10.003, dOy=   4.997, dOz= -18.890  (mm)
  Object offset: offset_x=   0.006, offset_z=  -0.006  (mm)
  Detector : dDx=   0.000, dDy=   0.000, dDz=   0.000  (mm)
  Obj Stage rotY :    9.992 deg
============================================================

Unity geometry (world coordinates):
  Source   : x=   0.000, y=  45.000, z=   0.000
  Object   : x=  -0.003, y=  19.997, z= 570.110
  Detector : x=   0.000, y=   0.000, z= 674.000
  Obj rotY :   0.0000 deg
view   0 | SOD= 570.652 mm | SDD= 675.501 mm | M= 1.184 | incident=3.8197°
[[  98.91897    -561.4566      -25.002552  ]
 [ -18.031086    102.31945      19.997448  ]
 [   0.14733072    0.02595805    0.        ]
 [   0.            0.            0.1496    ]]
Residual vector length: 240, Jacobian shape: (240, 6)
view   0 | SOD= 570.652 mm | SDD= 675.501 mm | M= 1.184 | incident=3.8197°
[[  98.918976   -561.4566      -25.002556  ]
 [ -18.031086    102.31945      19.997444  ]
 [   0.14733072    0.02595806    0.        ]
 [   0.            0.            0.1496    ]]

iter 52 cost=0.925548 -> 0.925548 |dtheta|=5.316170e-06  lambda=1.000e+06

============================================================
Iteration 53
============================================================
Theta offsets (Unity frame):
  Source   : dSx=   0.000, dSy=   0.000, dSz=   0.000  (mm)
  Object   : dOx= -10.003, dOy=   4.997, dOz= -18.890  (mm)
  Object offset: offset_x=   0.006, offset_z=  -0.006  (mm)
  Detector : dDx=   0.000, dDy=   0.000, dDz=   0.000  (mm)
  Obj Stage rotY :    9.992 deg
============================================================

Unity geometry (world coordinates):
  Source   : x=   0.000, y=  45.000, z=   0.000
  Object   : x=  -0.003, y=  19.997, z= 570.110
  Detector : x=   0.000, y=   0.000, z= 674.000
  Obj rotY :   0.0000 deg
view   0 | SOD= 570.652 mm | SDD= 675.501 mm | M= 1.184 | incident=3.8197°
[[  98.91897    -561.4566      -25.002552  ]
 [ -18.031086    102.31945      19.997448  ]
 [   0.14733072    0.02595805    0.        ]
 [   0.            0.            0.1496    ]]
Residual vector length: 240, Jacobian shape: (240, 6)
view   0 | SOD= 570.652 mm | SDD= 675.501 mm | M= 1.184 | incident=3.8197°
[[  98.918976   -561.4566      -25.002556  ]
 [ -18.031086    102.31945      19.997444  ]
 [   0.14733072    0.02595806    0.        ]
 [   0.            0.            0.1496    ]]

iter 53 cost=0.925548 -> 0.925548 |dtheta|=5.316170e-06  lambda=1.000e+06

============================================================
Iteration 54
============================================================
Theta offsets (Unity frame):
  Source   : dSx=   0.000, dSy=   0.000, dSz=   0.000  (mm)
  Object   : dOx= -10.003, dOy=   4.997, dOz= -18.890  (mm)
  Object offset: offset_x=   0.006, offset_z=  -0.006  (mm)
  Detector : dDx=   0.000, dDy=   0.000, dDz=   0.000  (mm)
  Obj Stage rotY :    9.992 deg
============================================================

Unity geometry (world coordinates):
  Source   : x=   0.000, y=  45.000, z=   0.000
  Object   : x=  -0.003, y=  19.997, z= 570.110
  Detector : x=   0.000, y=   0.000, z= 674.000
  Obj rotY :   0.0000 deg
view   0 | SOD= 570.652 mm | SDD= 675.501 mm | M= 1.184 | incident=3.8197°
[[  98.91897    -561.4566      -25.002552  ]
 [ -18.031086    102.31945      19.997448  ]
 [   0.14733072    0.02595805    0.        ]
 [   0.            0.            0.1496    ]]
Residual vector length: 240, Jacobian shape: (240, 6)
view   0 | SOD= 570.652 mm | SDD= 675.501 mm | M= 1.184 | incident=3.8197°
[[  98.918976   -561.4566      -25.002556  ]
 [ -18.031086    102.31945      19.997444  ]
 [   0.14733072    0.02595806    0.        ]
 [   0.            0.            0.1496    ]]

iter 54 cost=0.925548 -> 0.925548 |dtheta|=5.316170e-06  lambda=1.000e+06

============================================================
Iteration 55
============================================================
Theta offsets (Unity frame):
  Source   : dSx=   0.000, dSy=   0.000, dSz=   0.000  (mm)
  Object   : dOx= -10.003, dOy=   4.997, dOz= -18.890  (mm)
  Object offset: offset_x=   0.006, offset_z=  -0.006  (mm)
  Detector : dDx=   0.000, dDy=   0.000, dDz=   0.000  (mm)
  Obj Stage rotY :    9.992 deg
============================================================

Unity geometry (world coordinates):
  Source   : x=   0.000, y=  45.000, z=   0.000
  Object   : x=  -0.003, y=  19.997, z= 570.110
  Detector : x=   0.000, y=   0.000, z= 674.000
  Obj rotY :   0.0000 deg
view   0 | SOD= 570.652 mm | SDD= 675.501 mm | M= 1.184 | incident=3.8197°
[[  98.91897    -561.4566      -25.002552  ]
 [ -18.031086    102.31945      19.997448  ]
 [   0.14733072    0.02595805    0.        ]
 [   0.            0.            0.1496    ]]
Residual vector length: 240, Jacobian shape: (240, 6)
view   0 | SOD= 570.652 mm | SDD= 675.501 mm | M= 1.184 | incident=3.8197°
[[  98.918976   -561.4566      -25.002556  ]
 [ -18.031086    102.31945      19.997444  ]
 [   0.14733072    0.02595806    0.        ]
 [   0.            0.            0.1496    ]]

iter 55 cost=0.925548 -> 0.925548 |dtheta|=5.316170e-06  lambda=1.000e+06

============================================================
Iteration 56
============================================================
Theta offsets (Unity frame):
  Source   : dSx=   0.000, dSy=   0.000, dSz=   0.000  (mm)
  Object   : dOx= -10.003, dOy=   4.997, dOz= -18.890  (mm)
  Object offset: offset_x=   0.006, offset_z=  -0.006  (mm)
  Detector : dDx=   0.000, dDy=   0.000, dDz=   0.000  (mm)
  Obj Stage rotY :    9.992 deg
============================================================

Unity geometry (world coordinates):
  Source   : x=   0.000, y=  45.000, z=   0.000
  Object   : x=  -0.003, y=  19.997, z= 570.110
  Detector : x=   0.000, y=   0.000, z= 674.000
  Obj rotY :   0.0000 deg
view   0 | SOD= 570.652 mm | SDD= 675.501 mm | M= 1.184 | incident=3.8197°
[[  98.91897    -561.4566      -25.002552  ]
 [ -18.031086    102.31945      19.997448  ]
 [   0.14733072    0.02595805    0.        ]
 [   0.            0.            0.1496    ]]
Residual vector length: 240, Jacobian shape: (240, 6)
view   0 | SOD= 570.652 mm | SDD= 675.501 mm | M= 1.184 | incident=3.8197°
[[  98.918976   -561.4566      -25.002556  ]
 [ -18.031086    102.31945      19.997444  ]
 [   0.14733072    0.02595806    0.        ]
 [   0.            0.            0.1496    ]]

iter 56 cost=0.925548 -> 0.925548 |dtheta|=5.316170e-06  lambda=1.000e+06
Stalled.

Estimated theta:
  dSx: +0.000000
  dSy: +0.000000
  dOx: -10.002882
  dOy: +4.997448
  dOz: -18.889692
  dDx: +0.000000
  dDy: +0.000000
  dDz: +0.000000
alpha: +9.992333e+00 deg)
offset_x: +0.006350
offset_z: -0.006321

Final cost table:
Fake theta: [  0.   0. -10.   5. -19.   0.   0.   0.  10.   0.   0.]
Final estimated theta: [  0.           0.         -10.00288181   4.99744808 -18.88969201
   0.           0.           0.           9.99233317   0.00635025
  -0.00632071]
Diff from Expected: [ 0.          0.         -0.00288181 -0.00255192  0.11030799  0.
  0.          0.         -0.00766683  0.00635025 -0.00632071]
################################################################################

