Phantom already exists, skipping: cuboid_phantom_6_normal.npy

################################################################################
Running cuboid=normal scenario=G2 N_ANGLES=3, K=6
view   0 | SOD= 560.647 mm | SDD= 761.018 mm | M= 1.357 | incident=2.9645°
[[ 135.2794     -543.50665     -25.        ]
 [ -44.036404    195.25572      10.        ]
 [   0.1445025     0.03871933    0.        ]
 [   0.            0.            0.1496    ]]
          image          x1          y1  area1          x2          y2  area2          x3          y3  area3          x4          y4  area4          x5          y5  area5          x6          y6  area6
0  proj_000.png  473.124473  126.729958    474  359.123711  226.734536    388  403.275534  320.615202    421  506.154613  413.785536    401  513.968900  519.129187    418  473.246667  632.600000    450
1  proj_001.png  294.846547  127.677749    391  415.672854  223.529002    431  540.366972  323.442661    436  544.849138  428.321121    464  417.919321  523.596603    471  294.891753  611.481959    388
2  proj_002.png  576.011848  127.758294    422  569.161364  225.979545    440  400.107623  326.242152    446  292.877315  422.256944    432  411.611374  515.194313    422  576.004773  608.038186    419

============================================================
Iteration 0
============================================================
Theta offsets (Unity frame):
  Source   : dSx=   0.000, dSy=   0.000, dSz=   0.000  (mm)
  Object   : dOx=   0.000, dOy=   0.000, dOz=   0.000  (mm)
  Object offset: offset_x=   0.000, offset_z=   0.000  (mm)
  Detector : dDx=   0.000, dDy=   0.000, dDz=   0.000  (mm)
  Obj Stage rotY :    0.000 deg
============================================================

Unity geometry (world coordinates):
  Source   : x= -10.000, y=  55.000, z=   0.000
  Object   : x=  15.000, y=  42.000, z= 582.000
  Detector : x=   8.000, y=  20.000, z= 760.000
  Obj rotY :   0.0000 deg
view   0 | SOD= 582.682 mm | SDD= 761.018 mm | M= 1.306 | incident=2.9645°
[[ -25.     -582.      -13.    ]
 [  -7.      178.       22.    ]
 [   0.1496    0.        0.    ]
 [   0.        0.        0.1496]]
Residual vector length: 81, Jacobian shape: (81, 6)
view   0 | SOD= 586.464 mm | SDD= 761.018 mm | M= 1.298 | incident=2.9645°
[[  37.989506   -584.7582      -23.558804  ]
 [ -11.24563     173.85892      11.441196  ]
 [   0.14901467    0.01322084    0.        ]
 [   0.            0.            0.1496    ]]

iter 00 cost=278726.159416 -> 18911.737687 |dtheta|=1.755076e+01  lambda=1.000e-02

============================================================
Iteration 1
============================================================
Theta offsets (Unity frame):
  Source   : dSx=   0.000, dSy=   0.000, dSz=   0.000  (mm)
  Object   : dOx= -12.632, dOy= -10.559, dOz=   0.970  (mm)
  Object offset: offset_x=   1.469, offset_z=   2.858  (mm)
  Detector : dDx=   0.000, dDy=   0.000, dDz=   0.000  (mm)
  Obj Stage rotY :    5.070 deg
============================================================

Unity geometry (world coordinates):
  Source   : x= -10.000, y=  55.000, z=   0.000
  Object   : x=   2.368, y=  31.441, z= 582.970
  Detector : x=   8.000, y=  20.000, z= 760.000
  Obj rotY :   0.0000 deg
view   0 | SOD= 586.464 mm | SDD= 761.018 mm | M= 1.298 | incident=2.9645°
[[  37.989506   -584.7582      -23.558804  ]
 [ -11.24563     173.85892      11.441196  ]
 [   0.14901467    0.01322084    0.        ]
 [   0.            0.            0.1496    ]]
Residual vector length: 81, Jacobian shape: (81, 6)
view   0 | SOD= 580.901 mm | SDD= 761.018 mm | M= 1.310 | incident=2.9645°
[[ 101.3266     -571.44934     -24.982426  ]
 [ -26.792706    177.88998      10.017574  ]
 [   0.14682187    0.02869663    0.        ]
 [   0.            0.            0.1496    ]]

iter 01 cost=18911.737687 -> 4828.282325 |dtheta|=7.935084e+00  lambda=3.333e-03

============================================================
Iteration 2
============================================================
Theta offsets (Unity frame):
  Source   : dSx=   0.000, dSy=   0.000, dSz=   0.000  (mm)
  Object   : dOx= -13.846, dOy= -11.982, dOz=  -2.848  (mm)
  Object offset: offset_x=  -0.982, offset_z=   1.122  (mm)
  Detector : dDx=   0.000, dDy=   0.000, dDz=   0.000  (mm)
  Obj Stage rotY :   11.059 deg
============================================================

Unity geometry (world coordinates):
  Source   : x= -10.000, y=  55.000, z=   0.000
  Object   : x=   1.154, y=  30.018, z= 579.152
  Detector : x=   8.000, y=  20.000, z= 760.000
  Obj rotY :   0.0000 deg
view   0 | SOD= 580.901 mm | SDD= 761.018 mm | M= 1.310 | incident=2.9645°
[[ 101.3266     -571.44934     -24.982426  ]
 [ -26.792706    177.88998      10.017574  ]
 [   0.14682187    0.02869663    0.        ]
 [   0.            0.            0.1496    ]]
Residual vector length: 81, Jacobian shape: (81, 6)
view   0 | SOD= 574.414 mm | SDD= 761.018 mm | M= 1.325 | incident=2.9645°
[[ 112.79109    -562.6641      -25.274931  ]
 [ -32.7487      183.48743       9.725069  ]
 [   0.14611357    0.03210894    0.        ]
 [   0.            0.            0.1496    ]]

iter 02 cost=4828.282325 -> 1843.820460 |dtheta|=6.381255e+00  lambda=1.111e-03

============================================================
Iteration 3
============================================================
Theta offsets (Unity frame):
  Source   : dSx=   0.000, dSy=   0.000, dSz=   0.000  (mm)
  Object   : dOx= -14.354, dOy= -12.275, dOz=  -8.977  (mm)
  Object offset: offset_x=  -0.043, offset_z=   0.737  (mm)
  Detector : dDx=   0.000, dDy=   0.000, dDz=   0.000  (mm)
  Obj Stage rotY :   12.394 deg
============================================================

Unity geometry (world coordinates):
  Source   : x= -10.000, y=  55.000, z=   0.000
  Object   : x=   0.646, y=  29.725, z= 573.023
  Detector : x=   8.000, y=  20.000, z= 760.000
  Obj rotY :   0.0000 deg
view   0 | SOD= 574.414 mm | SDD= 761.018 mm | M= 1.325 | incident=2.9645°
[[ 112.79109    -562.6641      -25.274931  ]
 [ -32.7487      183.48743       9.725069  ]
 [   0.14611357    0.03210894    0.        ]
 [   0.            0.            0.1496    ]]
Residual vector length: 81, Jacobian shape: (81, 6)
view   0 | SOD= 571.751 mm | SDD= 761.018 mm | M= 1.331 | incident=2.9645°
[[ 133.37674    -555.39343     -25.44878   ]
 [ -39.89534     184.8098        9.55122   ]
 [   0.14481412    0.03753705    0.        ]
 [   0.            0.            0.1496    ]]

iter 03 cost=1843.820460 -> 848.109030 |dtheta|=3.127170e+00  lambda=3.704e-04

============================================================
Iteration 4
============================================================
Theta offsets (Unity frame):
  Source   : dSx=   0.000, dSy=   0.000, dSz=   0.000  (mm)
  Object   : dOx= -14.791, dOy= -12.449, dOz= -11.155  (mm)
  Object offset: offset_x=   0.038, offset_z=   0.247  (mm)
  Detector : dDx=   0.000, dDy=   0.000, dDz=   0.000  (mm)
  Obj Stage rotY :   14.532 deg
============================================================

Unity geometry (world coordinates):
  Source   : x= -10.000, y=  55.000, z=   0.000
  Object   : x=   0.209, y=  29.551, z= 570.845
  Detector : x=   8.000, y=  20.000, z= 760.000
  Obj rotY :   0.0000 deg
view   0 | SOD= 571.751 mm | SDD= 761.018 mm | M= 1.331 | incident=2.9645°
[[ 133.37674    -555.39343     -25.44878   ]
 [ -39.89534     184.8098        9.55122   ]
 [   0.14481412    0.03753705    0.        ]
 [   0.            0.            0.1496    ]]
Residual vector length: 81, Jacobian shape: (81, 6)
view   0 | SOD= 569.451 mm | SDD= 761.018 mm | M= 1.336 | incident=2.9645°
[[ 137.64119    -551.9861      -25.3027    ]
 [ -42.35435     186.61096       9.6973    ]
 [   0.14446682    0.03885228    0.        ]
 [   0.            0.            0.1496    ]]

iter 04 cost=848.109030 -> 555.297758 |dtheta|=2.370793e+00  lambda=1.235e-04

============================================================
Iteration 5
============================================================
Theta offsets (Unity frame):
  Source   : dSx=   0.000, dSy=   0.000, dSz=   0.000  (mm)
  Object   : dOx= -14.708, dOy= -12.303, dOz= -13.459  (mm)
  Object offset: offset_x=   0.145, offset_z=   0.251  (mm)
  Detector : dDx=   0.000, dDy=   0.000, dDz=   0.000  (mm)
  Obj Stage rotY :   15.053 deg
============================================================

Unity geometry (world coordinates):
  Source   : x= -10.000, y=  55.000, z=   0.000
  Object   : x=   0.292, y=  29.697, z= 568.541
  Detector : x=   8.000, y=  20.000, z= 760.000
  Obj rotY :   0.0000 deg
view   0 | SOD= 569.451 mm | SDD= 761.018 mm | M= 1.336 | incident=2.9645°
[[ 137.64119    -551.9861      -25.3027    ]
 [ -42.35435     186.61096       9.6973    ]
 [   0.14446682    0.03885228    0.        ]
 [   0.            0.            0.1496    ]]
Residual vector length: 81, Jacobian shape: (81, 6)
view   0 | SOD= 567.107 mm | SDD= 761.018 mm | M= 1.342 | incident=2.9645°
[[ 141.21024    -548.66        -25.344847  ]
 [ -44.291977    188.5733        9.655153  ]
 [   0.14417286    0.03992927    0.        ]
 [   0.            0.            0.1496    ]]

iter 05 cost=555.297758 -> 344.925287 |dtheta|=2.556563e+00  lambda=4.115e-05

============================================================
Iteration 6
============================================================
Theta offsets (Unity frame):
  Source   : dSx=   0.000, dSy=   0.000, dSz=   0.000  (mm)
  Object   : dOx= -14.872, dOy= -12.345, dOz= -15.967  (mm)
  Object offset: offset_x=   0.225, offset_z=   0.413  (mm)
  Detector : dDx=   0.000, dDy=   0.000, dDz=   0.000  (mm)
  Obj Stage rotY :   15.480 deg
============================================================

Unity geometry (world coordinates):
  Source   : x= -10.000, y=  55.000, z=   0.000
  Object   : x=   0.128, y=  29.655, z= 566.033
  Detector : x=   8.000, y=  20.000, z= 760.000
  Obj rotY :   0.0000 deg
view   0 | SOD= 567.107 mm | SDD= 761.018 mm | M= 1.342 | incident=2.9645°
[[ 141.21024    -548.66        -25.344847  ]
 [ -44.291977    188.5733        9.655153  ]
 [   0.14417286    0.03992927    0.        ]
 [   0.            0.            0.1496    ]]
Residual vector length: 81, Jacobian shape: (81, 6)
view   0 | SOD= 565.083 mm | SDD= 761.018 mm | M= 1.347 | incident=2.9645°
[[ 140.88698    -546.6587      -25.185417  ]
 [ -44.652668    190.5652        9.814583  ]
 [   0.14417084    0.03993659    0.        ]
 [   0.            0.            0.1496    ]]

iter 06 cost=344.925287 -> 168.373716 |dtheta|=1.917128e+00  lambda=1.372e-05

============================================================
Iteration 7
============================================================
Theta offsets (Unity frame):
  Source   : dSx=   0.000, dSy=   0.000, dSz=   0.000  (mm)
  Object   : dOx= -14.957, dOy= -12.185, dOz= -17.869  (mm)
  Object offset: offset_x=   0.117, offset_z=   0.300  (mm)
  Detector : dDx=   0.000, dDy=   0.000, dDz=   0.000  (mm)
  Obj Stage rotY :   15.483 deg
============================================================

Unity geometry (world coordinates):
  Source   : x= -10.000, y=  55.000, z=   0.000
  Object   : x=   0.043, y=  29.815, z= 564.131
  Detector : x=   8.000, y=  20.000, z= 760.000
  Obj rotY :   0.0000 deg
view   0 | SOD= 565.083 mm | SDD= 761.018 mm | M= 1.347 | incident=2.9645°
[[ 140.88698    -546.6587      -25.185417  ]
 [ -44.652668    190.5652        9.814583  ]
 [   0.14417084    0.03993659    0.        ]
 [   0.            0.            0.1496    ]]
Residual vector length: 81, Jacobian shape: (81, 6)
view   0 | SOD= 564.802 mm | SDD= 761.018 mm | M= 1.347 | incident=2.9645°
[[ 136.97305    -547.36456     -25.138004  ]
 [ -43.134262    191.20528       9.861996  ]
 [   0.14446093    0.03887415    0.        ]
 [   0.            0.            0.1496    ]]

iter 07 cost=168.373716 -> 139.121572 |dtheta|=5.026785e-01  lambda=4.572e-06

============================================================
Iteration 8
============================================================
Theta offsets (Unity frame):
  Source   : dSx=   0.000, dSy=   0.000, dSz=   0.000  (mm)
  Object   : dOx= -15.036, dOy= -12.138, dOz= -18.095  (mm)
  Object offset: offset_x=   0.003, offset_z=   0.249  (mm)
  Detector : dDx=   0.000, dDy=   0.000, dDz=   0.000  (mm)
  Obj Stage rotY :   15.061 deg
============================================================

Unity geometry (world coordinates):
  Source   : x= -10.000, y=  55.000, z=   0.000
  Object   : x=  -0.036, y=  29.862, z= 563.905
  Detector : x=   8.000, y=  20.000, z= 760.000
  Obj rotY :   0.0000 deg
view   0 | SOD= 564.802 mm | SDD= 761.018 mm | M= 1.347 | incident=2.9645°
[[ 136.97305    -547.36456     -25.138004  ]
 [ -43.134262    191.20528       9.861996  ]
 [   0.14446093    0.03887415    0.        ]
 [   0.            0.            0.1496    ]]
Residual vector length: 81, Jacobian shape: (81, 6)
view   0 | SOD= 563.738 mm | SDD= 761.018 mm | M= 1.350 | incident=2.9645°
[[ 134.57216    -546.8645      -25.095955  ]
 [ -42.77274     192.37349       9.904045  ]
 [   0.14460525    0.0383338     0.        ]
 [   0.            0.            0.1496    ]]

iter 08 cost=139.121572 -> 72.189488 |dtheta|=1.038189e+00  lambda=1.524e-06

============================================================
Iteration 9
============================================================
Theta offsets (Unity frame):
  Source   : dSx=   0.000, dSy=   0.000, dSz=   0.000  (mm)
  Object   : dOx= -14.923, dOy= -12.096, dOz= -19.101  (mm)
  Object offset: offset_x=  -0.027, offset_z=   0.190  (mm)
  Detector : dDx=   0.000, dDy=   0.000, dDz=   0.000  (mm)
  Obj Stage rotY :   14.847 deg
============================================================

Unity geometry (world coordinates):
  Source   : x= -10.000, y=  55.000, z=   0.000
  Object   : x=   0.077, y=  29.904, z= 562.899
  Detector : x=   8.000, y=  20.000, z= 760.000
  Obj rotY :   0.0000 deg
view   0 | SOD= 563.738 mm | SDD= 761.018 mm | M= 1.350 | incident=2.9645°
[[ 134.57216    -546.8645      -25.095955  ]
 [ -42.77274     192.37349       9.904045  ]
 [   0.14460525    0.0383338     0.        ]
 [   0.            0.            0.1496    ]]
Residual vector length: 81, Jacobian shape: (81, 6)
view   0 | SOD= 563.103 mm | SDD= 761.018 mm | M= 1.351 | incident=2.9645°
[[ 135.17506    -546.0631      -25.063335  ]
 [ -43.2009      192.92676       9.936665  ]
 [   0.14455163    0.03853549    0.        ]
 [   0.            0.            0.1496    ]]

iter 09 cost=72.189488 -> 41.528354 |dtheta|=5.723957e-01  lambda=1.000e-06

============================================================
Iteration 10
============================================================
Theta offsets (Unity frame):
  Source   : dSx=   0.000, dSy=   0.000, dSz=   0.000  (mm)
  Object   : dOx= -14.949, dOy= -12.063, dOz= -19.661  (mm)
  Object offset: offset_x=  -0.004, offset_z=   0.117  (mm)
  Detector : dDx=   0.000, dDy=   0.000, dDz=   0.000  (mm)
  Obj Stage rotY :   14.927 deg
============================================================

Unity geometry (world coordinates):
  Source   : x= -10.000, y=  55.000, z=   0.000
  Object   : x=   0.051, y=  29.937, z= 562.339
  Detector : x=   8.000, y=  20.000, z= 760.000
  Obj rotY :   0.0000 deg
view   0 | SOD= 563.103 mm | SDD= 761.018 mm | M= 1.351 | incident=2.9645°
[[ 135.17506    -546.0631      -25.063335  ]
 [ -43.2009      192.92676       9.936665  ]
 [   0.14455163    0.03853549    0.        ]
 [   0.            0.            0.1496    ]]
Residual vector length: 81, Jacobian shape: (81, 6)
view   0 | SOD= 562.662 mm | SDD= 761.018 mm | M= 1.353 | incident=2.9645°
[[ 136.53268    -545.2703      -25.053726  ]
 [ -43.83439     193.23608       9.946274  ]
 [   0.14444725    0.03892495    0.        ]
 [   0.            0.            0.1496    ]]

iter 10 cost=41.528354 -> 30.038168 |dtheta|=4.362944e-01  lambda=1.000e-06

============================================================
Iteration 11
============================================================
Theta offsets (Unity frame):
  Source   : dSx=   0.000, dSy=   0.000, dSz=   0.000  (mm)
  Object   : dOx= -14.945, dOy= -12.054, dOz= -20.068  (mm)
  Object offset: offset_x=  -0.010, offset_z=   0.082  (mm)
  Detector : dDx=   0.000, dDy=   0.000, dDz=   0.000  (mm)
  Obj Stage rotY :   15.082 deg
============================================================

Unity geometry (world coordinates):
  Source   : x= -10.000, y=  55.000, z=   0.000
  Object   : x=   0.055, y=  29.946, z= 561.932
  Detector : x=   8.000, y=  20.000, z= 760.000
  Obj rotY :   0.0000 deg
view   0 | SOD= 562.662 mm | SDD= 761.018 mm | M= 1.353 | incident=2.9645°
[[ 136.53268    -545.2703      -25.053726  ]
 [ -43.83439     193.23608       9.946274  ]
 [   0.14444725    0.03892495    0.        ]
 [   0.            0.            0.1496    ]]
Residual vector length: 81, Jacobian shape: (81, 6)
view   0 | SOD= 562.130 mm | SDD= 761.018 mm | M= 1.354 | incident=2.9645°
[[ 136.84102    -544.6451      -25.036325  ]
 [ -44.12238     193.71545       9.963675  ]
 [   0.14441577    0.03904159    0.        ]
 [   0.            0.            0.1496    ]]

iter 11 cost=30.038168 -> 17.524635 |dtheta|=4.629343e-01  lambda=1.000e-06

============================================================
Iteration 12
============================================================
Theta offsets (Unity frame):
  Source   : dSx=   0.000, dSy=   0.000, dSz=   0.000  (mm)
  Object   : dOx= -14.959, dOy= -12.036, dOz= -20.521  (mm)
  Object offset: offset_x=  -0.002, offset_z=   0.004  (mm)
  Detector : dDx=   0.000, dDy=   0.000, dDz=   0.000  (mm)
  Obj Stage rotY :   15.128 deg
============================================================

Unity geometry (world coordinates):
  Source   : x= -10.000, y=  55.000, z=   0.000
  Object   : x=   0.041, y=  29.964, z= 561.479
  Detector : x=   8.000, y=  20.000, z= 760.000
  Obj rotY :   0.0000 deg
view   0 | SOD= 562.130 mm | SDD= 761.018 mm | M= 1.354 | incident=2.9645°
[[ 136.84102    -544.6451      -25.036325  ]
 [ -44.12238     193.71545       9.963675  ]
 [   0.14441577    0.03904159    0.        ]
 [   0.            0.            0.1496    ]]
Residual vector length: 81, Jacobian shape: (81, 6)
view   0 | SOD= 561.678 mm | SDD= 761.018 mm | M= 1.355 | incident=2.9645°
[[ 136.35217    -544.30096     -25.044731  ]
 [ -44.020588    194.20407       9.955269  ]
 [   0.14444695    0.03892607    0.        ]
 [   0.            0.            0.1496    ]]

iter 12 cost=17.524635 -> 9.058478 |dtheta|=4.396256e-01  lambda=1.000e-06

============================================================
Iteration 13
============================================================
Theta offsets (Unity frame):
  Source   : dSx=   0.000, dSy=   0.000, dSz=   0.000  (mm)
  Object   : dOx= -14.974, dOy= -12.045, dOz= -20.954  (mm)
  Object offset: offset_x=  -0.054, offset_z=  -0.014  (mm)
  Detector : dDx=   0.000, dDy=   0.000, dDz=   0.000  (mm)
  Obj Stage rotY :   15.082 deg
============================================================

Unity geometry (world coordinates):
  Source   : x= -10.000, y=  55.000, z=   0.000
  Object   : x=   0.026, y=  29.955, z= 561.046
  Detector : x=   8.000, y=  20.000, z= 760.000
  Obj rotY :   0.0000 deg
view   0 | SOD= 561.678 mm | SDD= 761.018 mm | M= 1.355 | incident=2.9645°
[[ 136.35217    -544.30096     -25.044731  ]
 [ -44.020588    194.20407       9.955269  ]
 [   0.14444695    0.03892607    0.        ]
 [   0.            0.            0.1496    ]]
Residual vector length: 81, Jacobian shape: (81, 6)
view   0 | SOD= 561.469 mm | SDD= 761.018 mm | M= 1.355 | incident=2.9645°
[[ 135.61436    -544.2693      -25.034967  ]
 [ -43.901657    194.44449       9.965033  ]
 [   0.144492      0.03875849    0.        ]
 [   0.            0.            0.1496    ]]

iter 13 cost=9.058478 -> 4.499706 |dtheta|=2.418201e-01  lambda=1.000e-06

============================================================
Iteration 14
============================================================
Theta offsets (Unity frame):
  Source   : dSx=   0.000, dSy=   0.000, dSz=   0.000  (mm)
  Object   : dOx= -14.972, dOy= -12.035, dOz= -21.180  (mm)
  Object offset: offset_x=  -0.002, offset_z=   0.001  (mm)
  Detector : dDx=   0.000, dDy=   0.000, dDz=   0.000  (mm)
  Obj Stage rotY :   15.016 deg
============================================================

Unity geometry (world coordinates):
  Source   : x= -10.000, y=  55.000, z=   0.000
  Object   : x=   0.028, y=  29.965, z= 560.820
  Detector : x=   8.000, y=  20.000, z= 760.000
  Obj rotY :   0.0000 deg
view   0 | SOD= 561.469 mm | SDD= 761.018 mm | M= 1.355 | incident=2.9645°
[[ 135.61436    -544.2693      -25.034967  ]
 [ -43.901657    194.44449       9.965033  ]
 [   0.144492      0.03875849    0.        ]
 [   0.            0.            0.1496    ]]
Residual vector length: 81, Jacobian shape: (81, 6)
view   0 | SOD= 561.411 mm | SDD= 761.018 mm | M= 1.356 | incident=2.9645°
[[ 135.42595    -544.2568      -25.036766  ]
 [ -43.858727    194.51312       9.963234  ]
 [   0.14450413    0.03871324    0.        ]
 [   0.            0.            0.1496    ]]

iter 14 cost=4.499706 -> 3.705600 |dtheta|=5.033967e-02  lambda=1.000e-06

============================================================
Iteration 15
============================================================
Theta offsets (Unity frame):
  Source   : dSx=   0.000, dSy=   0.000, dSz=   0.000  (mm)
  Object   : dOx= -14.978, dOy= -12.037, dOz= -21.223  (mm)
  Object offset: offset_x=   0.007, offset_z=  -0.014  (mm)
  Detector : dDx=   0.000, dDy=   0.000, dDz=   0.000  (mm)
  Obj Stage rotY :   14.998 deg
============================================================

Unity geometry (world coordinates):
  Source   : x= -10.000, y=  55.000, z=   0.000
  Object   : x=   0.022, y=  29.963, z= 560.777
  Detector : x=   8.000, y=  20.000, z= 760.000
  Obj rotY :   0.0000 deg
view   0 | SOD= 561.411 mm | SDD= 761.018 mm | M= 1.356 | incident=2.9645°
[[ 135.42595    -544.2568      -25.036766  ]
 [ -43.858727    194.51312       9.963234  ]
 [   0.14450413    0.03871324    0.        ]
 [   0.            0.            0.1496    ]]
Residual vector length: 81, Jacobian shape: (81, 6)
view   0 | SOD= 561.302 mm | SDD= 761.018 mm | M= 1.356 | incident=2.9645°
[[ 134.90942    -544.2731      -25.024675  ]
 [ -43.725677    194.65417       9.975325  ]
 [   0.14453812    0.03858618    0.        ]
 [   0.            0.            0.1496    ]]

iter 15 cost=3.705600 -> 3.036221 |dtheta|=1.212839e-01  lambda=1.000e-06

============================================================
Iteration 16
============================================================
Theta offsets (Unity frame):
  Source   : dSx=   0.000, dSy=   0.000, dSz=   0.000  (mm)
  Object   : dOx= -14.981, dOy= -12.025, dOz= -21.332  (mm)
  Object offset: offset_x=   0.021, offset_z=  -0.014  (mm)
  Detector : dDx=   0.000, dDy=   0.000, dDz=   0.000  (mm)
  Obj Stage rotY :   14.947 deg
============================================================

Unity geometry (world coordinates):
  Source   : x= -10.000, y=  55.000, z=   0.000
  Object   : x=   0.019, y=  29.975, z= 560.668
  Detector : x=   8.000, y=  20.000, z= 760.000
  Obj rotY :   0.0000 deg
view   0 | SOD= 561.302 mm | SDD= 761.018 mm | M= 1.356 | incident=2.9645°
[[ 134.90942    -544.2731      -25.024675  ]
 [ -43.725677    194.65417       9.975325  ]
 [   0.14453812    0.03858618    0.        ]
 [   0.            0.            0.1496    ]]
Residual vector length: 81, Jacobian shape: (81, 6)
view   0 | SOD= 561.148 mm | SDD= 761.018 mm | M= 1.356 | incident=2.9645°
[[ 135.06999    -544.074       -25.030876  ]
 [ -43.817703    194.79218       9.969124  ]
 [   0.14452492    0.03863559    0.        ]
 [   0.            0.            0.1496    ]]

iter 16 cost=3.036221 -> 1.950509 |dtheta|=1.736723e-01  lambda=1.000e-06

============================================================
Iteration 17
============================================================
Theta offsets (Unity frame):
  Source   : dSx=   0.000, dSy=   0.000, dSz=   0.000  (mm)
  Object   : dOx= -14.989, dOy= -12.031, dOz= -21.504  (mm)
  Object offset: offset_x=   0.013, offset_z=   0.003  (mm)
  Detector : dDx=   0.000, dDy=   0.000, dDz=   0.000  (mm)
  Obj Stage rotY :   14.967 deg
============================================================

Unity geometry (world coordinates):
  Source   : x= -10.000, y=  55.000, z=   0.000
  Object   : x=   0.011, y=  29.969, z= 560.496
  Detector : x=   8.000, y=  20.000, z= 760.000
  Obj rotY :   0.0000 deg
view   0 | SOD= 561.148 mm | SDD= 761.018 mm | M= 1.356 | incident=2.9645°
[[ 135.06999    -544.074       -25.030876  ]
 [ -43.817703    194.79218       9.969124  ]
 [   0.14452492    0.03863559    0.        ]
 [   0.            0.            0.1496    ]]
Residual vector length: 81, Jacobian shape: (81, 6)
view   0 | SOD= 561.057 mm | SDD= 761.018 mm | M= 1.356 | incident=2.9645°
[[ 134.91214   -544.01965    -25.02095  ]
 [ -43.771133   194.89597      9.97905  ]
 [   0.1445356    0.0385956    0.       ]
 [   0.           0.           0.1496   ]]

iter 17 cost=1.950509 -> 1.253994 |dtheta|=9.294510e-02  lambda=1.000e-06

============================================================
Iteration 18
============================================================
Theta offsets (Unity frame):
  Source   : dSx=   0.000, dSy=   0.000, dSz=   0.000  (mm)
  Object   : dOx= -14.995, dOy= -12.021, dOz= -21.594  (mm)
  Object offset: offset_x=   0.003, offset_z=   0.003  (mm)
  Detector : dDx=   0.000, dDy=   0.000, dDz=   0.000  (mm)
  Obj Stage rotY :   14.951 deg
============================================================

Unity geometry (world coordinates):
  Source   : x= -10.000, y=  55.000, z=   0.000
  Object   : x=   0.005, y=  29.979, z= 560.406
  Detector : x=   8.000, y=  20.000, z= 760.000
  Obj rotY :   0.0000 deg
view   0 | SOD= 561.057 mm | SDD= 761.018 mm | M= 1.356 | incident=2.9645°
[[ 134.91214   -544.01965    -25.02095  ]
 [ -43.771133   194.89597      9.97905  ]
 [   0.1445356    0.0385956    0.       ]
 [   0.           0.           0.1496   ]]
Residual vector length: 81, Jacobian shape: (81, 6)
view   0 | SOD= 561.068 mm | SDD= 761.018 mm | M= 1.356 | incident=2.9645°
[[ 134.87067    -544.0417      -25.013454  ]
 [ -43.731808    194.8935        9.986546  ]
 [   0.14453982    0.0385798     0.        ]
 [   0.            0.            0.1496    ]]

iter 18 cost=1.253994 -> 1.176078 |dtheta|=2.146638e-02  lambda=1.000e-06

============================================================
Iteration 19
============================================================
Theta offsets (Unity frame):
  Source   : dSx=   0.000, dSy=   0.000, dSz=   0.000  (mm)
  Object   : dOx= -15.003, dOy= -12.013, dOz= -21.579  (mm)
  Object offset: offset_x=  -0.005, offset_z=  -0.001  (mm)
  Detector : dDx=   0.000, dDy=   0.000, dDz=   0.000  (mm)
  Obj Stage rotY :   14.945 deg
============================================================

Unity geometry (world coordinates):
  Source   : x= -10.000, y=  55.000, z=   0.000
  Object   : x=  -0.003, y=  29.987, z= 560.421
  Detector : x=   8.000, y=  20.000, z= 760.000
  Obj rotY :   0.0000 deg
view   0 | SOD= 561.068 mm | SDD= 761.018 mm | M= 1.356 | incident=2.9645°
[[ 134.87067    -544.0417      -25.013454  ]
 [ -43.731808    194.8935        9.986546  ]
 [   0.14453982    0.0385798     0.        ]
 [   0.            0.            0.1496    ]]
Residual vector length: 81, Jacobian shape: (81, 6)
view   0 | SOD= 561.010 mm | SDD= 761.018 mm | M= 1.357 | incident=2.9645°
[[ 135.02504    -543.94354     -25.010563  ]
 [ -43.814156    194.93436       9.989437  ]
 [   0.14452745    0.0386261     0.        ]
 [   0.            0.            0.1496    ]]

iter 19 cost=1.176078 -> 0.856414 |dtheta|=5.509166e-02  lambda=1.000e-06

============================================================
Iteration 20
============================================================
Theta offsets (Unity frame):
  Source   : dSx=   0.000, dSy=   0.000, dSz=   0.000  (mm)
  Object   : dOx= -14.999, dOy= -12.011, dOz= -21.630  (mm)
  Object offset: offset_x=  -0.003, offset_z=  -0.007  (mm)
  Detector : dDx=   0.000, dDy=   0.000, dDz=   0.000  (mm)
  Obj Stage rotY :   14.963 deg
============================================================

Unity geometry (world coordinates):
  Source   : x= -10.000, y=  55.000, z=   0.000
  Object   : x=   0.001, y=  29.989, z= 560.370
  Detector : x=   8.000, y=  20.000, z= 760.000
  Obj rotY :   0.0000 deg
view   0 | SOD= 561.010 mm | SDD= 761.018 mm | M= 1.357 | incident=2.9645°
[[ 135.02504    -543.94354     -25.010563  ]
 [ -43.814156    194.93436       9.989437  ]
 [   0.14452745    0.0386261     0.        ]
 [   0.            0.            0.1496    ]]
Residual vector length: 81, Jacobian shape: (81, 6)
view   0 | SOD= 560.924 mm | SDD= 761.018 mm | M= 1.357 | incident=2.9645°
[[ 135.08873    -543.8394      -25.014013  ]
 [ -43.872807    195.00888       9.985987  ]
 [   0.14452106    0.03865003    0.        ]
 [   0.            0.            0.1496    ]]

iter 20 cost=0.856414 -> 0.510252 |dtheta|=9.163544e-02  lambda=1.000e-06

============================================================
Iteration 21
============================================================
Theta offsets (Unity frame):
  Source   : dSx=   0.000, dSy=   0.000, dSz=   0.000  (mm)
  Object   : dOx= -15.000, dOy= -12.014, dOz= -21.721  (mm)
  Object offset: offset_x=   0.002, offset_z=  -0.002  (mm)
  Detector : dDx=   0.000, dDy=   0.000, dDz=   0.000  (mm)
  Obj Stage rotY :   14.973 deg
============================================================

Unity geometry (world coordinates):
  Source   : x= -10.000, y=  55.000, z=   0.000
  Object   : x=   0.000, y=  29.986, z= 560.279
  Detector : x=   8.000, y=  20.000, z= 760.000
  Obj rotY :   0.0000 deg
view   0 | SOD= 560.924 mm | SDD= 761.018 mm | M= 1.357 | incident=2.9645°
[[ 135.08873    -543.8394      -25.014013  ]
 [ -43.872807    195.00888       9.985987  ]
 [   0.14452106    0.03865003    0.        ]
 [   0.            0.            0.1496    ]]
Residual vector length: 81, Jacobian shape: (81, 6)
view   0 | SOD= 560.938 mm | SDD= 761.018 mm | M= 1.357 | incident=2.9645°
[[ 135.06102    -543.8604      -25.01069   ]
 [ -43.86982     194.9953        9.989309  ]
 [   0.14452265    0.03864403    0.        ]
 [   0.            0.            0.1496    ]]

iter 21 cost=0.510252 -> 0.494262 |dtheta|=1.845828e-02  lambda=1.000e-06

============================================================
Iteration 22
============================================================
Theta offsets (Unity frame):
  Source   : dSx=   0.000, dSy=   0.000, dSz=   0.000  (mm)
  Object   : dOx= -14.995, dOy= -12.011, dOz= -21.704  (mm)
  Object offset: offset_x=   0.006, offset_z=  -0.006  (mm)
  Detector : dDx=   0.000, dDy=   0.000, dDz=   0.000  (mm)
  Obj Stage rotY :   14.970 deg
============================================================

Unity geometry (world coordinates):
  Source   : x= -10.000, y=  55.000, z=   0.000
  Object   : x=   0.005, y=  29.989, z= 560.296
  Detector : x=   8.000, y=  20.000, z= 760.000
  Obj rotY :   0.0000 deg
view   0 | SOD= 560.938 mm | SDD= 761.018 mm | M= 1.357 | incident=2.9645°
[[ 135.06102    -543.8604      -25.01069   ]
 [ -43.86982     194.9953        9.989309  ]
 [   0.14452265    0.03864403    0.        ]
 [   0.            0.            0.1496    ]]
Residual vector length: 81, Jacobian shape: (81, 6)
view   0 | SOD= 560.899 mm | SDD= 761.018 mm | M= 1.357 | incident=2.9645°
[[ 135.18349    -543.7897      -25.012424  ]
 [ -43.923298    195.0234        9.987576  ]
 [   0.14451346    0.03867844    0.        ]
 [   0.            0.            0.1496    ]]

iter 22 cost=0.494262 -> 0.419786 |dtheta|=4.399161e-02  lambda=1.000e-06

============================================================
Iteration 23
============================================================
Theta offsets (Unity frame):
  Source   : dSx=   0.000, dSy=   0.000, dSz=   0.000  (mm)
  Object   : dOx= -14.998, dOy= -12.012, dOz= -21.746  (mm)
  Object offset: offset_x=   0.005, offset_z=  -0.003  (mm)
  Detector : dDx=   0.000, dDy=   0.000, dDz=   0.000  (mm)
  Obj Stage rotY :   14.984 deg
============================================================

Unity geometry (world coordinates):
  Source   : x= -10.000, y=  55.000, z=   0.000
  Object   : x=   0.002, y=  29.988, z= 560.254
  Detector : x=   8.000, y=  20.000, z= 760.000
  Obj rotY :   0.0000 deg
view   0 | SOD= 560.899 mm | SDD= 761.018 mm | M= 1.357 | incident=2.9645°
[[ 135.18349    -543.7897      -25.012424  ]
 [ -43.923298    195.0234        9.987576  ]
 [   0.14451346    0.03867844    0.        ]
 [   0.            0.            0.1496    ]]
Residual vector length: 81, Jacobian shape: (81, 6)
view   0 | SOD= 560.851 mm | SDD= 761.018 mm | M= 1.357 | incident=2.9645°
[[ 135.13316    -543.7533      -25.010296  ]
 [ -43.917114    195.07346       9.989704  ]
 [   0.14451641    0.03866739    0.        ]
 [   0.            0.            0.1496    ]]

iter 23 cost=0.419786 -> 0.391309 |dtheta|=4.781888e-02  lambda=1.000e-06

============================================================
Iteration 24
============================================================
Theta offsets (Unity frame):
  Source   : dSx=   0.000, dSy=   0.000, dSz=   0.000  (mm)
  Object   : dOx= -14.998, dOy= -12.010, dOz= -21.793  (mm)
  Object offset: offset_x=   0.002, offset_z=  -0.003  (mm)
  Detector : dDx=   0.000, dDy=   0.000, dDz=   0.000  (mm)
  Obj Stage rotY :   14.979 deg
============================================================

Unity geometry (world coordinates):
  Source   : x= -10.000, y=  55.000, z=   0.000
  Object   : x=   0.002, y=  29.990, z= 560.207
  Detector : x=   8.000, y=  20.000, z= 760.000
  Obj rotY :   0.0000 deg
view   0 | SOD= 560.851 mm | SDD= 761.018 mm | M= 1.357 | incident=2.9645°
[[ 135.13316    -543.7533      -25.010296  ]
 [ -43.917114    195.07346       9.989704  ]
 [   0.14451641    0.03866739    0.        ]
 [   0.            0.            0.1496    ]]
Residual vector length: 81, Jacobian shape: (81, 6)
view   0 | SOD= 560.846 mm | SDD= 761.018 mm | M= 1.357 | incident=2.9645°
[[ 135.24518    -543.7197      -25.009733  ]
 [ -43.961983    195.06902       9.990267  ]
 [   0.1445082     0.03869808    0.        ]
 [   0.            0.            0.1496    ]]

iter 24 cost=0.391309 -> 0.363418 |dtheta|=1.311934e-02  lambda=1.000e-06

============================================================
Iteration 25
============================================================
Theta offsets (Unity frame):
  Source   : dSx=   0.000, dSy=   0.000, dSz=   0.000  (mm)
  Object   : dOx= -14.996, dOy= -12.010, dOz= -21.797  (mm)
  Object offset: offset_x=   0.002, offset_z=  -0.004  (mm)
  Detector : dDx=   0.000, dDy=   0.000, dDz=   0.000  (mm)
  Obj Stage rotY :   14.992 deg
============================================================

Unity geometry (world coordinates):
  Source   : x= -10.000, y=  55.000, z=   0.000
  Object   : x=   0.004, y=  29.990, z= 560.203
  Detector : x=   8.000, y=  20.000, z= 760.000
  Obj rotY :   0.0000 deg
view   0 | SOD= 560.846 mm | SDD= 761.018 mm | M= 1.357 | incident=2.9645°
[[ 135.24518    -543.7197      -25.009733  ]
 [ -43.961983    195.06902       9.990267  ]
 [   0.1445082     0.03869808    0.        ]
 [   0.            0.            0.1496    ]]
Residual vector length: 81, Jacobian shape: (81, 6)
view   0 | SOD= 560.849 mm | SDD= 761.018 mm | M= 1.357 | incident=2.9645°
[[ 135.21063    -543.7322      -25.010612  ]
 [ -43.9466      195.06865       9.9893875 ]
 [   0.1445108     0.03868831    0.        ]
 [   0.            0.            0.1496    ]]

iter 25 cost=0.363418 -> 0.321412 |dtheta|=5.427324e-03  lambda=1.000e-06

============================================================
Iteration 26
============================================================
Theta offsets (Unity frame):
  Source   : dSx=   0.000, dSy=   0.000, dSz=   0.000  (mm)
  Object   : dOx= -14.998, dOy= -12.011, dOz= -21.794  (mm)
  Object offset: offset_x=   0.003, offset_z=  -0.003  (mm)
  Detector : dDx=   0.000, dDy=   0.000, dDz=   0.000  (mm)
  Obj Stage rotY :   14.988 deg
============================================================

Unity geometry (world coordinates):
  Source   : x= -10.000, y=  55.000, z=   0.000
  Object   : x=   0.002, y=  29.989, z= 560.206
  Detector : x=   8.000, y=  20.000, z= 760.000
  Obj rotY :   0.0000 deg
view   0 | SOD= 560.849 mm | SDD= 761.018 mm | M= 1.357 | incident=2.9645°
[[ 135.21063    -543.7322      -25.010612  ]
 [ -43.9466      195.06865       9.9893875 ]
 [   0.1445108     0.03868831    0.        ]
 [   0.            0.            0.1496    ]]
Residual vector length: 81, Jacobian shape: (81, 6)
view   0 | SOD= 560.848 mm | SDD= 761.018 mm | M= 1.357 | incident=2.9645°
[[ 135.28896    -543.7115      -25.009289  ]
 [ -43.97472     195.06352       9.990711  ]
 [   0.14450523    0.03870913    0.        ]
 [   0.            0.            0.1496    ]]

iter 26 cost=0.321412 -> 0.366089 |dtheta|=8.909207e-03  lambda=1.000e-06

============================================================
Iteration 27
============================================================
Theta offsets (Unity frame):
  Source   : dSx=   0.000, dSy=   0.000, dSz=   0.000  (mm)
  Object   : dOx= -14.998, dOy= -12.011, dOz= -21.794  (mm)
  Object offset: offset_x=   0.003, offset_z=  -0.003  (mm)
  Detector : dDx=   0.000, dDy=   0.000, dDz=   0.000  (mm)
  Obj Stage rotY :   14.988 deg
============================================================

Unity geometry (world coordinates):
  Source   : x= -10.000, y=  55.000, z=   0.000
  Object   : x=   0.002, y=  29.989, z= 560.206
  Detector : x=   8.000, y=  20.000, z= 760.000
  Obj rotY :   0.0000 deg
view   0 | SOD= 560.849 mm | SDD= 761.018 mm | M= 1.357 | incident=2.9645°
[[ 135.21063    -543.7322      -25.010612  ]
 [ -43.9466      195.06865       9.9893875 ]
 [   0.1445108     0.03868831    0.        ]
 [   0.            0.            0.1496    ]]
Residual vector length: 81, Jacobian shape: (81, 6)
view   0 | SOD= 560.848 mm | SDD= 761.018 mm | M= 1.357 | incident=2.9645°
[[ 135.28896    -543.7115      -25.009289  ]
 [ -43.97472     195.06352       9.990711  ]
 [   0.14450523    0.03870913    0.        ]
 [   0.            0.            0.1496    ]]

iter 27 cost=0.321412 -> 0.366089 |dtheta|=8.909207e-03  lambda=5.000e-06

============================================================
Iteration 28
============================================================
Theta offsets (Unity frame):
  Source   : dSx=   0.000, dSy=   0.000, dSz=   0.000  (mm)
  Object   : dOx= -14.998, dOy= -12.011, dOz= -21.794  (mm)
  Object offset: offset_x=   0.003, offset_z=  -0.003  (mm)
  Detector : dDx=   0.000, dDy=   0.000, dDz=   0.000  (mm)
  Obj Stage rotY :   14.988 deg
============================================================

Unity geometry (world coordinates):
  Source   : x= -10.000, y=  55.000, z=   0.000
  Object   : x=   0.002, y=  29.989, z= 560.206
  Detector : x=   8.000, y=  20.000, z= 760.000
  Obj rotY :   0.0000 deg
view   0 | SOD= 560.849 mm | SDD= 761.018 mm | M= 1.357 | incident=2.9645°
[[ 135.21063    -543.7322      -25.010612  ]
 [ -43.9466      195.06865       9.9893875 ]
 [   0.1445108     0.03868831    0.        ]
 [   0.            0.            0.1496    ]]
Residual vector length: 81, Jacobian shape: (81, 6)
view   0 | SOD= 560.848 mm | SDD= 761.018 mm | M= 1.357 | incident=2.9645°
[[ 135.28896    -543.7115      -25.009289  ]
 [ -43.97472     195.06352       9.990711  ]
 [   0.14450523    0.03870913    0.        ]
 [   0.            0.            0.1496    ]]

iter 28 cost=0.321412 -> 0.366089 |dtheta|=8.909206e-03  lambda=2.500e-05

============================================================
Iteration 29
============================================================
Theta offsets (Unity frame):
  Source   : dSx=   0.000, dSy=   0.000, dSz=   0.000  (mm)
  Object   : dOx= -14.998, dOy= -12.011, dOz= -21.794  (mm)
  Object offset: offset_x=   0.003, offset_z=  -0.003  (mm)
  Detector : dDx=   0.000, dDy=   0.000, dDz=   0.000  (mm)
  Obj Stage rotY :   14.988 deg
============================================================

Unity geometry (world coordinates):
  Source   : x= -10.000, y=  55.000, z=   0.000
  Object   : x=   0.002, y=  29.989, z= 560.206
  Detector : x=   8.000, y=  20.000, z= 760.000
  Obj rotY :   0.0000 deg
view   0 | SOD= 560.849 mm | SDD= 761.018 mm | M= 1.357 | incident=2.9645°
[[ 135.21063    -543.7322      -25.010612  ]
 [ -43.9466      195.06865       9.9893875 ]
 [   0.1445108     0.03868831    0.        ]
 [   0.            0.            0.1496    ]]
Residual vector length: 81, Jacobian shape: (81, 6)
view   0 | SOD= 560.848 mm | SDD= 761.018 mm | M= 1.357 | incident=2.9645°
[[ 135.28896    -543.7115      -25.009289  ]
 [ -43.97472     195.06352       9.990711  ]
 [   0.14450523    0.03870913    0.        ]
 [   0.            0.            0.1496    ]]

iter 29 cost=0.321412 -> 0.366089 |dtheta|=8.909204e-03  lambda=1.250e-04

============================================================
Iteration 30
============================================================
Theta offsets (Unity frame):
  Source   : dSx=   0.000, dSy=   0.000, dSz=   0.000  (mm)
  Object   : dOx= -14.998, dOy= -12.011, dOz= -21.794  (mm)
  Object offset: offset_x=   0.003, offset_z=  -0.003  (mm)
  Detector : dDx=   0.000, dDy=   0.000, dDz=   0.000  (mm)
  Obj Stage rotY :   14.988 deg
============================================================

Unity geometry (world coordinates):
  Source   : x= -10.000, y=  55.000, z=   0.000
  Object   : x=   0.002, y=  29.989, z= 560.206
  Detector : x=   8.000, y=  20.000, z= 760.000
  Obj rotY :   0.0000 deg
view   0 | SOD= 560.849 mm | SDD= 761.018 mm | M= 1.357 | incident=2.9645°
[[ 135.21063    -543.7322      -25.010612  ]
 [ -43.9466      195.06865       9.9893875 ]
 [   0.1445108     0.03868831    0.        ]
 [   0.            0.            0.1496    ]]
Residual vector length: 81, Jacobian shape: (81, 6)
view   0 | SOD= 560.848 mm | SDD= 761.018 mm | M= 1.357 | incident=2.9645°
[[ 135.28896    -543.7115      -25.009289  ]
 [ -43.97472     195.06352       9.990711  ]
 [   0.14450523    0.03870913    0.        ]
 [   0.            0.            0.1496    ]]

iter 30 cost=0.321412 -> 0.366089 |dtheta|=8.909189e-03  lambda=6.250e-04

============================================================
Iteration 31
============================================================
Theta offsets (Unity frame):
  Source   : dSx=   0.000, dSy=   0.000, dSz=   0.000  (mm)
  Object   : dOx= -14.998, dOy= -12.011, dOz= -21.794  (mm)
  Object offset: offset_x=   0.003, offset_z=  -0.003  (mm)
  Detector : dDx=   0.000, dDy=   0.000, dDz=   0.000  (mm)
  Obj Stage rotY :   14.988 deg
============================================================

Unity geometry (world coordinates):
  Source   : x= -10.000, y=  55.000, z=   0.000
  Object   : x=   0.002, y=  29.989, z= 560.206
  Detector : x=   8.000, y=  20.000, z= 760.000
  Obj rotY :   0.0000 deg
view   0 | SOD= 560.849 mm | SDD= 761.018 mm | M= 1.357 | incident=2.9645°
[[ 135.21063    -543.7322      -25.010612  ]
 [ -43.9466      195.06865       9.9893875 ]
 [   0.1445108     0.03868831    0.        ]
 [   0.            0.            0.1496    ]]
Residual vector length: 81, Jacobian shape: (81, 6)
view   0 | SOD= 560.848 mm | SDD= 761.018 mm | M= 1.357 | incident=2.9645°
[[ 135.28896    -543.7115      -25.009289  ]
 [ -43.97472     195.06352       9.990711  ]
 [   0.14450523    0.03870913    0.        ]
 [   0.            0.            0.1496    ]]

iter 31 cost=0.321412 -> 0.366089 |dtheta|=8.909116e-03  lambda=3.125e-03

============================================================
Iteration 32
============================================================
Theta offsets (Unity frame):
  Source   : dSx=   0.000, dSy=   0.000, dSz=   0.000  (mm)
  Object   : dOx= -14.998, dOy= -12.011, dOz= -21.794  (mm)
  Object offset: offset_x=   0.003, offset_z=  -0.003  (mm)
  Detector : dDx=   0.000, dDy=   0.000, dDz=   0.000  (mm)
  Obj Stage rotY :   14.988 deg
============================================================

Unity geometry (world coordinates):
  Source   : x= -10.000, y=  55.000, z=   0.000
  Object   : x=   0.002, y=  29.989, z= 560.206
  Detector : x=   8.000, y=  20.000, z= 760.000
  Obj rotY :   0.0000 deg
view   0 | SOD= 560.849 mm | SDD= 761.018 mm | M= 1.357 | incident=2.9645°
[[ 135.21063    -543.7322      -25.010612  ]
 [ -43.9466      195.06865       9.9893875 ]
 [   0.1445108     0.03868831    0.        ]
 [   0.            0.            0.1496    ]]
Residual vector length: 81, Jacobian shape: (81, 6)
view   0 | SOD= 560.848 mm | SDD= 761.018 mm | M= 1.357 | incident=2.9645°
[[ 135.28896    -543.7115      -25.009289  ]
 [ -43.97472     195.06352       9.990711  ]
 [   0.14450523    0.03870913    0.        ]
 [   0.            0.            0.1496    ]]

iter 32 cost=0.321412 -> 0.366089 |dtheta|=8.908752e-03  lambda=1.562e-02

============================================================
Iteration 33
============================================================
Theta offsets (Unity frame):
  Source   : dSx=   0.000, dSy=   0.000, dSz=   0.000  (mm)
  Object   : dOx= -14.998, dOy= -12.011, dOz= -21.794  (mm)
  Object offset: offset_x=   0.003, offset_z=  -0.003  (mm)
  Detector : dDx=   0.000, dDy=   0.000, dDz=   0.000  (mm)
  Obj Stage rotY :   14.988 deg
============================================================

Unity geometry (world coordinates):
  Source   : x= -10.000, y=  55.000, z=   0.000
  Object   : x=   0.002, y=  29.989, z= 560.206
  Detector : x=   8.000, y=  20.000, z= 760.000
  Obj rotY :   0.0000 deg
view   0 | SOD= 560.849 mm | SDD= 761.018 mm | M= 1.357 | incident=2.9645°
[[ 135.21063    -543.7322      -25.010612  ]
 [ -43.9466      195.06865       9.9893875 ]
 [   0.1445108     0.03868831    0.        ]
 [   0.            0.            0.1496    ]]
Residual vector length: 81, Jacobian shape: (81, 6)
view   0 | SOD= 560.848 mm | SDD= 761.018 mm | M= 1.357 | incident=2.9645°
[[ 135.28894    -543.7115      -25.009289  ]
 [ -43.974716    195.06352       9.990711  ]
 [   0.14450523    0.03870913    0.        ]
 [   0.            0.            0.1496    ]]

iter 33 cost=0.321412 -> 0.366089 |dtheta|=8.906933e-03  lambda=7.812e-02

============================================================
Iteration 34
============================================================
Theta offsets (Unity frame):
  Source   : dSx=   0.000, dSy=   0.000, dSz=   0.000  (mm)
  Object   : dOx= -14.998, dOy= -12.011, dOz= -21.794  (mm)
  Object offset: offset_x=   0.003, offset_z=  -0.003  (mm)
  Detector : dDx=   0.000, dDy=   0.000, dDz=   0.000  (mm)
  Obj Stage rotY :   14.988 deg
============================================================

Unity geometry (world coordinates):
  Source   : x= -10.000, y=  55.000, z=   0.000
  Object   : x=   0.002, y=  29.989, z= 560.206
  Detector : x=   8.000, y=  20.000, z= 760.000
  Obj rotY :   0.0000 deg
view   0 | SOD= 560.849 mm | SDD= 761.018 mm | M= 1.357 | incident=2.9645°
[[ 135.21063    -543.7322      -25.010612  ]
 [ -43.9466      195.06865       9.9893875 ]
 [   0.1445108     0.03868831    0.        ]
 [   0.            0.            0.1496    ]]
Residual vector length: 81, Jacobian shape: (81, 6)
view   0 | SOD= 560.848 mm | SDD= 761.018 mm | M= 1.357 | incident=2.9645°
[[ 135.28886    -543.71155     -25.009289  ]
 [ -43.974686    195.06352       9.990711  ]
 [   0.14450525    0.03870911    0.        ]
 [   0.            0.            0.1496    ]]

iter 34 cost=0.321412 -> 0.366089 |dtheta|=8.897853e-03  lambda=3.906e-01

============================================================
Iteration 35
============================================================
Theta offsets (Unity frame):
  Source   : dSx=   0.000, dSy=   0.000, dSz=   0.000  (mm)
  Object   : dOx= -14.998, dOy= -12.011, dOz= -21.794  (mm)
  Object offset: offset_x=   0.003, offset_z=  -0.003  (mm)
  Detector : dDx=   0.000, dDy=   0.000, dDz=   0.000  (mm)
  Obj Stage rotY :   14.988 deg
============================================================

Unity geometry (world coordinates):
  Source   : x= -10.000, y=  55.000, z=   0.000
  Object   : x=   0.002, y=  29.989, z= 560.206
  Detector : x=   8.000, y=  20.000, z= 760.000
  Obj rotY :   0.0000 deg
view   0 | SOD= 560.849 mm | SDD= 761.018 mm | M= 1.357 | incident=2.9645°
[[ 135.21063    -543.7322      -25.010612  ]
 [ -43.9466      195.06865       9.9893875 ]
 [   0.1445108     0.03868831    0.        ]
 [   0.            0.            0.1496    ]]
Residual vector length: 81, Jacobian shape: (81, 6)
view   0 | SOD= 560.848 mm | SDD= 761.018 mm | M= 1.357 | incident=2.9645°
[[ 135.28848    -543.7116      -25.009293  ]
 [ -43.97455     195.06355       9.990707  ]
 [   0.14450526    0.03870901    0.        ]
 [   0.            0.            0.1496    ]]

iter 35 cost=0.321412 -> 0.366089 |dtheta|=8.852842e-03  lambda=1.953e+00

============================================================
Iteration 36
============================================================
Theta offsets (Unity frame):
  Source   : dSx=   0.000, dSy=   0.000, dSz=   0.000  (mm)
  Object   : dOx= -14.998, dOy= -12.011, dOz= -21.794  (mm)
  Object offset: offset_x=   0.003, offset_z=  -0.003  (mm)
  Detector : dDx=   0.000, dDy=   0.000, dDz=   0.000  (mm)
  Obj Stage rotY :   14.988 deg
============================================================

Unity geometry (world coordinates):
  Source   : x= -10.000, y=  55.000, z=   0.000
  Object   : x=   0.002, y=  29.989, z= 560.206
  Detector : x=   8.000, y=  20.000, z= 760.000
  Obj rotY :   0.0000 deg
view   0 | SOD= 560.849 mm | SDD= 761.018 mm | M= 1.357 | incident=2.9645°
[[ 135.21063    -543.7322      -25.010612  ]
 [ -43.9466      195.06865       9.9893875 ]
 [   0.1445108     0.03868831    0.        ]
 [   0.            0.            0.1496    ]]
Residual vector length: 81, Jacobian shape: (81, 6)
view   0 | SOD= 560.848 mm | SDD= 761.018 mm | M= 1.357 | incident=2.9645°
[[ 135.2867     -543.7123      -25.009308  ]
 [ -43.973835    195.06354       9.990692  ]
 [   0.1445054     0.03870852    0.        ]
 [   0.            0.            0.1496    ]]

iter 36 cost=0.321412 -> 0.359684 |dtheta|=8.636864e-03  lambda=9.766e+00

============================================================
Iteration 37
============================================================
Theta offsets (Unity frame):
  Source   : dSx=   0.000, dSy=   0.000, dSz=   0.000  (mm)
  Object   : dOx= -14.998, dOy= -12.011, dOz= -21.794  (mm)
  Object offset: offset_x=   0.003, offset_z=  -0.003  (mm)
  Detector : dDx=   0.000, dDy=   0.000, dDz=   0.000  (mm)
  Obj Stage rotY :   14.988 deg
============================================================

Unity geometry (world coordinates):
  Source   : x= -10.000, y=  55.000, z=   0.000
  Object   : x=   0.002, y=  29.989, z= 560.206
  Detector : x=   8.000, y=  20.000, z= 760.000
  Obj rotY :   0.0000 deg
view   0 | SOD= 560.849 mm | SDD= 761.018 mm | M= 1.357 | incident=2.9645°
[[ 135.21063    -543.7322      -25.010612  ]
 [ -43.9466      195.06865       9.9893875 ]
 [   0.1445108     0.03868831    0.        ]
 [   0.            0.            0.1496    ]]
Residual vector length: 81, Jacobian shape: (81, 6)
view   0 | SOD= 560.849 mm | SDD= 761.018 mm | M= 1.357 | incident=2.9645°
[[ 135.27881    -543.7148      -25.00938   ]
 [ -43.970764    195.06366       9.99062   ]
 [   0.14450598    0.03870637    0.        ]
 [   0.            0.            0.1496    ]]

iter 37 cost=0.321412 -> 0.351423 |dtheta|=7.733327e-03  lambda=4.883e+01

============================================================
Iteration 38
============================================================
Theta offsets (Unity frame):
  Source   : dSx=   0.000, dSy=   0.000, dSz=   0.000  (mm)
  Object   : dOx= -14.998, dOy= -12.011, dOz= -21.794  (mm)
  Object offset: offset_x=   0.003, offset_z=  -0.003  (mm)
  Detector : dDx=   0.000, dDy=   0.000, dDz=   0.000  (mm)
  Obj Stage rotY :   14.988 deg
============================================================

Unity geometry (world coordinates):
  Source   : x= -10.000, y=  55.000, z=   0.000
  Object   : x=   0.002, y=  29.989, z= 560.206
  Detector : x=   8.000, y=  20.000, z= 760.000
  Obj rotY :   0.0000 deg
view   0 | SOD= 560.849 mm | SDD= 761.018 mm | M= 1.357 | incident=2.9645°
[[ 135.21063    -543.7322      -25.010612  ]
 [ -43.9466      195.06865       9.9893875 ]
 [   0.1445108     0.03868831    0.        ]
 [   0.            0.            0.1496    ]]
Residual vector length: 81, Jacobian shape: (81, 6)
view   0 | SOD= 560.850 mm | SDD= 761.018 mm | M= 1.357 | incident=2.9645°
[[ 135.2557     -543.7215      -25.009602  ]
 [ -43.962032    195.0647        9.990398  ]
 [   0.14450765    0.03870015    0.        ]
 [   0.            0.            0.1496    ]]

iter 38 cost=0.321412 -> 0.344845 |dtheta|=5.297146e-03  lambda=2.441e+02

============================================================
Iteration 39
============================================================
Theta offsets (Unity frame):
  Source   : dSx=   0.000, dSy=   0.000, dSz=   0.000  (mm)
  Object   : dOx= -14.998, dOy= -12.011, dOz= -21.794  (mm)
  Object offset: offset_x=   0.003, offset_z=  -0.003  (mm)
  Detector : dDx=   0.000, dDy=   0.000, dDz=   0.000  (mm)
  Obj Stage rotY :   14.988 deg
============================================================

Unity geometry (world coordinates):
  Source   : x= -10.000, y=  55.000, z=   0.000
  Object   : x=   0.002, y=  29.989, z= 560.206
  Detector : x=   8.000, y=  20.000, z= 760.000
  Obj rotY :   0.0000 deg
view   0 | SOD= 560.849 mm | SDD= 761.018 mm | M= 1.357 | incident=2.9645°
[[ 135.21063    -543.7322      -25.010612  ]
 [ -43.9466      195.06865       9.9893875 ]
 [   0.1445108     0.03868831    0.        ]
 [   0.            0.            0.1496    ]]
Residual vector length: 81, Jacobian shape: (81, 6)
view   0 | SOD= 560.850 mm | SDD= 761.018 mm | M= 1.357 | incident=2.9645°
[[ 135.22801    -543.7288      -25.009937  ]
 [ -43.952053    195.0665        9.990063  ]
 [   0.14450961    0.03869278    0.        ]
 [   0.            0.            0.1496    ]]

iter 39 cost=0.321412 -> 0.356623 |dtheta|=2.541844e-03  lambda=1.221e+03

============================================================
Iteration 40
============================================================
Theta offsets (Unity frame):
  Source   : dSx=   0.000, dSy=   0.000, dSz=   0.000  (mm)
  Object   : dOx= -14.998, dOy= -12.011, dOz= -21.794  (mm)
  Object offset: offset_x=   0.003, offset_z=  -0.003  (mm)
  Detector : dDx=   0.000, dDy=   0.000, dDz=   0.000  (mm)
  Obj Stage rotY :   14.988 deg
============================================================

Unity geometry (world coordinates):
  Source   : x= -10.000, y=  55.000, z=   0.000
  Object   : x=   0.002, y=  29.989, z= 560.206
  Detector : x=   8.000, y=  20.000, z= 760.000
  Obj rotY :   0.0000 deg
view   0 | SOD= 560.849 mm | SDD= 761.018 mm | M= 1.357 | incident=2.9645°
[[ 135.21063    -543.7322      -25.010612  ]
 [ -43.9466      195.06865       9.9893875 ]
 [   0.1445108     0.03868831    0.        ]
 [   0.            0.            0.1496    ]]
Residual vector length: 81, Jacobian shape: (81, 6)
view   0 | SOD= 560.850 mm | SDD= 761.018 mm | M= 1.357 | incident=2.9645°
[[ 135.21506    -543.7315      -25.010296  ]
 [ -43.9479      195.06793       9.989704  ]
 [   0.14451051    0.03868943    0.        ]
 [   0.            0.            0.1496    ]]

iter 40 cost=0.321412 -> 0.304579 |dtheta|=9.255818e-04  lambda=6.104e+03

============================================================
Iteration 41
============================================================
Theta offsets (Unity frame):
  Source   : dSx=   0.000, dSy=   0.000, dSz=   0.000  (mm)
  Object   : dOx= -14.998, dOy= -12.010, dOz= -21.794  (mm)
  Object offset: offset_x=   0.002, offset_z=  -0.003  (mm)
  Detector : dDx=   0.000, dDy=   0.000, dDz=   0.000  (mm)
  Obj Stage rotY :   14.988 deg
============================================================

Unity geometry (world coordinates):
  Source   : x= -10.000, y=  55.000, z=   0.000
  Object   : x=   0.002, y=  29.990, z= 560.206
  Detector : x=   8.000, y=  20.000, z= 760.000
  Obj rotY :   0.0000 deg
view   0 | SOD= 560.850 mm | SDD= 761.018 mm | M= 1.357 | incident=2.9645°
[[ 135.21506    -543.7315      -25.010296  ]
 [ -43.9479      195.06793       9.989704  ]
 [   0.14451051    0.03868943    0.        ]
 [   0.            0.            0.1496    ]]
Residual vector length: 81, Jacobian shape: (81, 6)
view   0 | SOD= 560.849 mm | SDD= 761.018 mm | M= 1.357 | incident=2.9645°
[[ 135.21747    -543.73004     -25.009678  ]
 [ -43.948788    195.06862       9.990322  ]
 [   0.14451034    0.03869008    0.        ]
 [   0.            0.            0.1496    ]]

iter 41 cost=0.304579 -> 0.365878 |dtheta|=1.690161e-03  lambda=2.035e+03

============================================================
Iteration 42
============================================================
Theta offsets (Unity frame):
  Source   : dSx=   0.000, dSy=   0.000, dSz=   0.000  (mm)
  Object   : dOx= -14.998, dOy= -12.010, dOz= -21.794  (mm)
  Object offset: offset_x=   0.002, offset_z=  -0.003  (mm)
  Detector : dDx=   0.000, dDy=   0.000, dDz=   0.000  (mm)
  Obj Stage rotY :   14.988 deg
============================================================

Unity geometry (world coordinates):
  Source   : x= -10.000, y=  55.000, z=   0.000
  Object   : x=   0.002, y=  29.990, z= 560.206
  Detector : x=   8.000, y=  20.000, z= 760.000
  Obj rotY :   0.0000 deg
view   0 | SOD= 560.850 mm | SDD= 761.018 mm | M= 1.357 | incident=2.9645°
[[ 135.21506    -543.7315      -25.010296  ]
 [ -43.9479      195.06793       9.989704  ]
 [   0.14451051    0.03868943    0.        ]
 [   0.            0.            0.1496    ]]
Residual vector length: 81, Jacobian shape: (81, 6)
view   0 | SOD= 560.850 mm | SDD= 761.018 mm | M= 1.357 | incident=2.9645°
[[ 135.21573    -543.7313      -25.01007   ]
 [ -43.94805     195.06796       9.989929  ]
 [   0.14451046    0.03868959    0.        ]
 [   0.            0.            0.1496    ]]

iter 42 cost=0.304579 -> 0.330015 |dtheta|=4.419565e-04  lambda=1.017e+04

============================================================
Iteration 43
============================================================
Theta offsets (Unity frame):
  Source   : dSx=   0.000, dSy=   0.000, dSz=   0.000  (mm)
  Object   : dOx= -14.998, dOy= -12.010, dOz= -21.794  (mm)
  Object offset: offset_x=   0.002, offset_z=  -0.003  (mm)
  Detector : dDx=   0.000, dDy=   0.000, dDz=   0.000  (mm)
  Obj Stage rotY :   14.988 deg
============================================================

Unity geometry (world coordinates):
  Source   : x= -10.000, y=  55.000, z=   0.000
  Object   : x=   0.002, y=  29.990, z= 560.206
  Detector : x=   8.000, y=  20.000, z= 760.000
  Obj rotY :   0.0000 deg
view   0 | SOD= 560.850 mm | SDD= 761.018 mm | M= 1.357 | incident=2.9645°
[[ 135.21506    -543.7315      -25.010296  ]
 [ -43.9479      195.06793       9.989704  ]
 [   0.14451051    0.03868943    0.        ]
 [   0.            0.            0.1496    ]]
Residual vector length: 81, Jacobian shape: (81, 6)
view   0 | SOD= 560.850 mm | SDD= 761.018 mm | M= 1.357 | incident=2.9645°
[[ 135.21523    -543.73157     -25.01024   ]
 [ -43.94791     195.06787       9.989759  ]
 [   0.14451051    0.03868946    0.        ]
 [   0.            0.            0.1496    ]]

iter 43 cost=0.304579 -> 0.302951 |dtheta|=9.880854e-05  lambda=5.086e+04

============================================================
Iteration 44
============================================================
Theta offsets (Unity frame):
  Source   : dSx=   0.000, dSy=   0.000, dSz=   0.000  (mm)
  Object   : dOx= -14.998, dOy= -12.010, dOz= -21.794  (mm)
  Object offset: offset_x=   0.002, offset_z=  -0.003  (mm)
  Detector : dDx=   0.000, dDy=   0.000, dDz=   0.000  (mm)
  Obj Stage rotY :   14.988 deg
============================================================

Unity geometry (world coordinates):
  Source   : x= -10.000, y=  55.000, z=   0.000
  Object   : x=   0.002, y=  29.990, z= 560.206
  Detector : x=   8.000, y=  20.000, z= 760.000
  Obj rotY :   0.0000 deg
view   0 | SOD= 560.850 mm | SDD= 761.018 mm | M= 1.357 | incident=2.9645°
[[ 135.21523    -543.73157     -25.01024   ]
 [ -43.94791     195.06787       9.989759  ]
 [   0.14451051    0.03868946    0.        ]
 [   0.            0.            0.1496    ]]
Residual vector length: 81, Jacobian shape: (81, 6)
view   0 | SOD= 560.850 mm | SDD= 761.018 mm | M= 1.357 | incident=2.9645°
[[ 135.2157     -543.731       -25.010082  ]
 [ -43.948204    195.06824       9.989918  ]
 [   0.14451046    0.03868961    0.        ]
 [   0.            0.            0.1496    ]]

iter 44 cost=0.302951 -> 0.331693 |dtheta|=3.243498e-04  lambda=1.695e+04

============================================================
Iteration 45
============================================================
Theta offsets (Unity frame):
  Source   : dSx=   0.000, dSy=   0.000, dSz=   0.000  (mm)
  Object   : dOx= -14.998, dOy= -12.010, dOz= -21.794  (mm)
  Object offset: offset_x=   0.002, offset_z=  -0.003  (mm)
  Detector : dDx=   0.000, dDy=   0.000, dDz=   0.000  (mm)
  Obj Stage rotY :   14.988 deg
============================================================

Unity geometry (world coordinates):
  Source   : x= -10.000, y=  55.000, z=   0.000
  Object   : x=   0.002, y=  29.990, z= 560.206
  Detector : x=   8.000, y=  20.000, z= 760.000
  Obj rotY :   0.0000 deg
view   0 | SOD= 560.850 mm | SDD= 761.018 mm | M= 1.357 | incident=2.9645°
[[ 135.21523    -543.73157     -25.01024   ]
 [ -43.94791     195.06787       9.989759  ]
 [   0.14451051    0.03868946    0.        ]
 [   0.            0.            0.1496    ]]
Residual vector length: 81, Jacobian shape: (81, 6)
view   0 | SOD= 560.850 mm | SDD= 761.018 mm | M= 1.357 | incident=2.9645°
[[ 135.2153     -543.7314      -25.010204  ]
 [ -43.947975    195.06798       9.989796  ]
 [   0.1445105     0.03868949    0.        ]
 [   0.            0.            0.1496    ]]

iter 45 cost=0.302951 -> 0.317204 |dtheta|=6.858140e-05  lambda=8.477e+04

============================================================
Iteration 46
============================================================
Theta offsets (Unity frame):
  Source   : dSx=   0.000, dSy=   0.000, dSz=   0.000  (mm)
  Object   : dOx= -14.998, dOy= -12.010, dOz= -21.794  (mm)
  Object offset: offset_x=   0.002, offset_z=  -0.003  (mm)
  Detector : dDx=   0.000, dDy=   0.000, dDz=   0.000  (mm)
  Obj Stage rotY :   14.988 deg
============================================================

Unity geometry (world coordinates):
  Source   : x= -10.000, y=  55.000, z=   0.000
  Object   : x=   0.002, y=  29.990, z= 560.206
  Detector : x=   8.000, y=  20.000, z= 760.000
  Obj rotY :   0.0000 deg
view   0 | SOD= 560.850 mm | SDD= 761.018 mm | M= 1.357 | incident=2.9645°
[[ 135.21523    -543.73157     -25.01024   ]
 [ -43.94791     195.06787       9.989759  ]
 [   0.14451051    0.03868946    0.        ]
 [   0.            0.            0.1496    ]]
Residual vector length: 81, Jacobian shape: (81, 6)
view   0 | SOD= 560.850 mm | SDD= 761.018 mm | M= 1.357 | incident=2.9645°
[[ 135.21523    -543.7315      -25.010235  ]
 [ -43.94793     195.06792       9.989765  ]
 [   0.1445105     0.03868947    0.        ]
 [   0.            0.            0.1496    ]]

iter 46 cost=0.302951 -> 0.302951 |dtheta|=1.388896e-05  lambda=4.239e+05

============================================================
Iteration 47
============================================================
Theta offsets (Unity frame):
  Source   : dSx=   0.000, dSy=   0.000, dSz=   0.000  (mm)
  Object   : dOx= -14.998, dOy= -12.010, dOz= -21.794  (mm)
  Object offset: offset_x=   0.002, offset_z=  -0.003  (mm)
  Detector : dDx=   0.000, dDy=   0.000, dDz=   0.000  (mm)
  Obj Stage rotY :   14.988 deg
============================================================

Unity geometry (world coordinates):
  Source   : x= -10.000, y=  55.000, z=   0.000
  Object   : x=   0.002, y=  29.990, z= 560.206
  Detector : x=   8.000, y=  20.000, z= 760.000
  Obj rotY :   0.0000 deg
view   0 | SOD= 560.850 mm | SDD= 761.018 mm | M= 1.357 | incident=2.9645°
[[ 135.21523    -543.73157     -25.01024   ]
 [ -43.94791     195.06787       9.989759  ]
 [   0.14451051    0.03868946    0.        ]
 [   0.            0.            0.1496    ]]
Residual vector length: 81, Jacobian shape: (81, 6)
view   0 | SOD= 560.850 mm | SDD= 761.018 mm | M= 1.357 | incident=2.9645°
[[ 135.21521    -543.7315      -25.010239  ]
 [ -43.947926    195.06793       9.989761  ]
 [   0.14451051    0.03868947    0.        ]
 [   0.            0.            0.1496    ]]

iter 47 cost=0.302951 -> 0.302951 |dtheta|=5.897786e-06  lambda=1.000e+06

============================================================
Iteration 48
============================================================
Theta offsets (Unity frame):
  Source   : dSx=   0.000, dSy=   0.000, dSz=   0.000  (mm)
  Object   : dOx= -14.998, dOy= -12.010, dOz= -21.794  (mm)
  Object offset: offset_x=   0.002, offset_z=  -0.003  (mm)
  Detector : dDx=   0.000, dDy=   0.000, dDz=   0.000  (mm)
  Obj Stage rotY :   14.988 deg
============================================================

Unity geometry (world coordinates):
  Source   : x= -10.000, y=  55.000, z=   0.000
  Object   : x=   0.002, y=  29.990, z= 560.206
  Detector : x=   8.000, y=  20.000, z= 760.000
  Obj rotY :   0.0000 deg
view   0 | SOD= 560.850 mm | SDD= 761.018 mm | M= 1.357 | incident=2.9645°
[[ 135.21523    -543.73157     -25.01024   ]
 [ -43.94791     195.06787       9.989759  ]
 [   0.14451051    0.03868946    0.        ]
 [   0.            0.            0.1496    ]]
Residual vector length: 81, Jacobian shape: (81, 6)
view   0 | SOD= 560.850 mm | SDD= 761.018 mm | M= 1.357 | incident=2.9645°
[[ 135.21521    -543.7315      -25.010239  ]
 [ -43.947926    195.06793       9.989761  ]
 [   0.14451051    0.03868947    0.        ]
 [   0.            0.            0.1496    ]]

iter 48 cost=0.302951 -> 0.302951 |dtheta|=5.897786e-06  lambda=1.000e+06

============================================================
Iteration 49
============================================================
Theta offsets (Unity frame):
  Source   : dSx=   0.000, dSy=   0.000, dSz=   0.000  (mm)
  Object   : dOx= -14.998, dOy= -12.010, dOz= -21.794  (mm)
  Object offset: offset_x=   0.002, offset_z=  -0.003  (mm)
  Detector : dDx=   0.000, dDy=   0.000, dDz=   0.000  (mm)
  Obj Stage rotY :   14.988 deg
============================================================

Unity geometry (world coordinates):
  Source   : x= -10.000, y=  55.000, z=   0.000
  Object   : x=   0.002, y=  29.990, z= 560.206
  Detector : x=   8.000, y=  20.000, z= 760.000
  Obj rotY :   0.0000 deg
view   0 | SOD= 560.850 mm | SDD= 761.018 mm | M= 1.357 | incident=2.9645°
[[ 135.21523    -543.73157     -25.01024   ]
 [ -43.94791     195.06787       9.989759  ]
 [   0.14451051    0.03868946    0.        ]
 [   0.            0.            0.1496    ]]
Residual vector length: 81, Jacobian shape: (81, 6)
view   0 | SOD= 560.850 mm | SDD= 761.018 mm | M= 1.357 | incident=2.9645°
[[ 135.21521    -543.7315      -25.010239  ]
 [ -43.947926    195.06793       9.989761  ]
 [   0.14451051    0.03868947    0.        ]
 [   0.            0.            0.1496    ]]

iter 49 cost=0.302951 -> 0.302951 |dtheta|=5.897786e-06  lambda=1.000e+06

============================================================
Iteration 50
============================================================
Theta offsets (Unity frame):
  Source   : dSx=   0.000, dSy=   0.000, dSz=   0.000  (mm)
  Object   : dOx= -14.998, dOy= -12.010, dOz= -21.794  (mm)
  Object offset: offset_x=   0.002, offset_z=  -0.003  (mm)
  Detector : dDx=   0.000, dDy=   0.000, dDz=   0.000  (mm)
  Obj Stage rotY :   14.988 deg
============================================================

Unity geometry (world coordinates):
  Source   : x= -10.000, y=  55.000, z=   0.000
  Object   : x=   0.002, y=  29.990, z= 560.206
  Detector : x=   8.000, y=  20.000, z= 760.000
  Obj rotY :   0.0000 deg
view   0 | SOD= 560.850 mm | SDD= 761.018 mm | M= 1.357 | incident=2.9645°
[[ 135.21523    -543.73157     -25.01024   ]
 [ -43.94791     195.06787       9.989759  ]
 [   0.14451051    0.03868946    0.        ]
 [   0.            0.            0.1496    ]]
Residual vector length: 81, Jacobian shape: (81, 6)
view   0 | SOD= 560.850 mm | SDD= 761.018 mm | M= 1.357 | incident=2.9645°
[[ 135.21521    -543.7315      -25.010239  ]
 [ -43.947926    195.06793       9.989761  ]
 [   0.14451051    0.03868947    0.        ]
 [   0.            0.            0.1496    ]]

iter 50 cost=0.302951 -> 0.302951 |dtheta|=5.897786e-06  lambda=1.000e+06

============================================================
Iteration 51
============================================================
Theta offsets (Unity frame):
  Source   : dSx=   0.000, dSy=   0.000, dSz=   0.000  (mm)
  Object   : dOx= -14.998, dOy= -12.010, dOz= -21.794  (mm)
  Object offset: offset_x=   0.002, offset_z=  -0.003  (mm)
  Detector : dDx=   0.000, dDy=   0.000, dDz=   0.000  (mm)
  Obj Stage rotY :   14.988 deg
============================================================

Unity geometry (world coordinates):
  Source   : x= -10.000, y=  55.000, z=   0.000
  Object   : x=   0.002, y=  29.990, z= 560.206
  Detector : x=   8.000, y=  20.000, z= 760.000
  Obj rotY :   0.0000 deg
view   0 | SOD= 560.850 mm | SDD= 761.018 mm | M= 1.357 | incident=2.9645°
[[ 135.21523    -543.73157     -25.01024   ]
 [ -43.94791     195.06787       9.989759  ]
 [   0.14451051    0.03868946    0.        ]
 [   0.            0.            0.1496    ]]
Residual vector length: 81, Jacobian shape: (81, 6)
view   0 | SOD= 560.850 mm | SDD= 761.018 mm | M= 1.357 | incident=2.9645°
[[ 135.21521    -543.7315      -25.010239  ]
 [ -43.947926    195.06793       9.989761  ]
 [   0.14451051    0.03868947    0.        ]
 [   0.            0.            0.1496    ]]

iter 51 cost=0.302951 -> 0.302951 |dtheta|=5.897786e-06  lambda=1.000e+06

============================================================
Iteration 52
============================================================
Theta offsets (Unity frame):
  Source   : dSx=   0.000, dSy=   0.000, dSz=   0.000  (mm)
  Object   : dOx= -14.998, dOy= -12.010, dOz= -21.794  (mm)
  Object offset: offset_x=   0.002, offset_z=  -0.003  (mm)
  Detector : dDx=   0.000, dDy=   0.000, dDz=   0.000  (mm)
  Obj Stage rotY :   14.988 deg
============================================================

Unity geometry (world coordinates):
  Source   : x= -10.000, y=  55.000, z=   0.000
  Object   : x=   0.002, y=  29.990, z= 560.206
  Detector : x=   8.000, y=  20.000, z= 760.000
  Obj rotY :   0.0000 deg
view   0 | SOD= 560.850 mm | SDD= 761.018 mm | M= 1.357 | incident=2.9645°
[[ 135.21523    -543.73157     -25.01024   ]
 [ -43.94791     195.06787       9.989759  ]
 [   0.14451051    0.03868946    0.        ]
 [   0.            0.            0.1496    ]]
Residual vector length: 81, Jacobian shape: (81, 6)
view   0 | SOD= 560.850 mm | SDD= 761.018 mm | M= 1.357 | incident=2.9645°
[[ 135.21521    -543.7315      -25.010239  ]
 [ -43.947926    195.06793       9.989761  ]
 [   0.14451051    0.03868947    0.        ]
 [   0.            0.            0.1496    ]]

iter 52 cost=0.302951 -> 0.302951 |dtheta|=5.897786e-06  lambda=1.000e+06

============================================================
Iteration 53
============================================================
Theta offsets (Unity frame):
  Source   : dSx=   0.000, dSy=   0.000, dSz=   0.000  (mm)
  Object   : dOx= -14.998, dOy= -12.010, dOz= -21.794  (mm)
  Object offset: offset_x=   0.002, offset_z=  -0.003  (mm)
  Detector : dDx=   0.000, dDy=   0.000, dDz=   0.000  (mm)
  Obj Stage rotY :   14.988 deg
============================================================

Unity geometry (world coordinates):
  Source   : x= -10.000, y=  55.000, z=   0.000
  Object   : x=   0.002, y=  29.990, z= 560.206
  Detector : x=   8.000, y=  20.000, z= 760.000
  Obj rotY :   0.0000 deg
view   0 | SOD= 560.850 mm | SDD= 761.018 mm | M= 1.357 | incident=2.9645°
[[ 135.21523    -543.73157     -25.01024   ]
 [ -43.94791     195.06787       9.989759  ]
 [   0.14451051    0.03868946    0.        ]
 [   0.            0.            0.1496    ]]
Residual vector length: 81, Jacobian shape: (81, 6)
view   0 | SOD= 560.850 mm | SDD= 761.018 mm | M= 1.357 | incident=2.9645°
[[ 135.21521    -543.7315      -25.010239  ]
 [ -43.947926    195.06793       9.989761  ]
 [   0.14451051    0.03868947    0.        ]
 [   0.            0.            0.1496    ]]

iter 53 cost=0.302951 -> 0.302951 |dtheta|=5.897786e-06  lambda=1.000e+06
Stalled.

Estimated theta:
  dSx: +0.000000
  dSy: +0.000000
  dOx: -14.997751
  dOy: -12.010241
  dOz: -21.794340
  dDx: +0.000000
  dDy: +0.000000
  dDz: +0.000000
alpha: +1.498816e+01 deg)
offset_x: +0.002182
offset_z: -0.003003

Final cost table:
Fake theta: [  0.   0. -15. -12. -22.   0.   0.   0.  15.   0.   0.]
Final estimated theta: [  0.           0.         -14.99775067 -12.01024088 -21.79433983
   0.           0.           0.          14.98815901   0.00218239
  -0.0030031 ]
Diff from Expected: [ 0.          0.          0.00224933 -0.01024088  0.20566017  0.
  0.          0.         -0.01184099  0.00218239 -0.0030031 ]
################################################################################

