Phantom already exists, skipping: cuboid_phantom_1_normal.npy

################################################################################
Running cuboid=normal scenario=G2 N_ANGLES=24, K=1
view   0 | SOD= 560.647 mm | SDD= 761.018 mm | M= 1.357 | incident=2.9645°
[[ 135.2794     -543.50665     -25.        ]
 [ -44.036404    195.25572      10.        ]
 [   0.1445025     0.03871933    0.        ]
 [   0.            0.            0.1496    ]]
           image          x1          y1  area1
0   proj_000.png  473.101227  126.847648    978
1   proj_001.png  428.145770  126.826707    981
2   proj_002.png  384.596527  126.879469    979
3   proj_003.png  345.811088  126.963039    974
4   proj_004.png  314.553368  127.006218    965
5   proj_005.png  292.923077  127.177028    949
6   proj_006.png  282.288649  127.353514    925
7   proj_007.png  282.870330  127.471429    910
8   proj_008.png  294.778781  127.633183    886
9   proj_009.png  316.701163  127.775581    860
10  proj_010.png  346.996487  127.878220    854
11  proj_011.png  383.722670  127.921749    869
12  proj_012.png  424.219400  127.984988    866
13  proj_013.png  466.406250  127.978009    864
14  proj_014.png  507.483237  127.963006    865
15  proj_015.png  544.878271  127.911263    879
16  proj_016.png  576.071591  127.809091    880
17  proj_017.png  599.124169  127.587583    902
18  proj_018.png  612.144896  127.457739    911
19  proj_019.png  614.302174  127.342391    920
20  proj_020.png  604.909774  127.218045    931
21  proj_021.png  584.500000  127.062635    926
22  proj_022.png  554.052743  126.932489    948
23  proj_023.png  516.181167  126.870010    977

============================================================
Iteration 0
============================================================
Theta offsets (Unity frame):
  Source   : dSx=   0.000, dSy=   0.000, dSz=   0.000  (mm)
  Object   : dOx=   0.000, dOy=   0.000, dOz=   0.000  (mm)
  Object offset: offset_x=   0.000, offset_z=   0.000  (mm)
  Detector : dDx=   0.000, dDy=   0.000, dDz=   0.000  (mm)
  Obj Stage rotY :    0.000 deg
============================================================

Unity geometry (world coordinates):
  Source   : x= -10.000, y=  55.000, z=   0.000
  Object   : x=  15.000, y=  42.000, z= 582.000
  Detector : x=   8.000, y=  20.000, z= 760.000
  Obj rotY :   0.0000 deg
view   0 | SOD= 582.682 mm | SDD= 761.018 mm | M= 1.306 | incident=2.9645°
[[ -25.     -582.      -13.    ]
 [  -7.      178.       22.    ]
 [   0.1496    0.        0.    ]
 [   0.        0.        0.1496]]
Residual vector length: 48, Jacobian shape: (48, 6)
view   0 | SOD= 578.669 mm | SDD= 761.018 mm | M= 1.315 | incident=2.9645°
[[ -14.474425   -578.0102      -23.517437  ]
 [  14.545338    181.64886      11.482563  ]
 [   0.14958426   -0.00216953    0.        ]
 [   0.            0.            0.1496    ]]

iter 00 cost=338867.387978 -> 2778.634933 |dtheta|=1.998964e+01  lambda=1.000e-02

============================================================
Iteration 1
============================================================
Theta offsets (Unity frame):
  Source   : dSx=   0.000, dSy=   0.000, dSz=   0.000  (mm)
  Object   : dOx= -14.347, dOy= -10.517, dOz=  -7.128  (mm)
  Object offset: offset_x=  -4.562, offset_z=   3.288  (mm)
  Detector : dDx=   0.000, dDy=   0.000, dDz=   0.000  (mm)
  Obj Stage rotY :   -0.831 deg
============================================================

Unity geometry (world coordinates):
  Source   : x= -10.000, y=  55.000, z=   0.000
  Object   : x=   0.653, y=  31.483, z= 574.872
  Detector : x=   8.000, y=  20.000, z= 760.000
  Obj rotY :   0.0000 deg
view   0 | SOD= 578.669 mm | SDD= 761.018 mm | M= 1.315 | incident=2.9645°
[[ -14.474425   -578.0102      -23.517437  ]
 [  14.545338    181.64886      11.482563  ]
 [   0.14958426   -0.00216953    0.        ]
 [   0.            0.            0.1496    ]]
Residual vector length: 48, Jacobian shape: (48, 6)
view   0 | SOD= 579.150 mm | SDD= 761.018 mm | M= 1.314 | incident=2.9645°
[[  -8.651114   -578.54865     -24.927647  ]
 [  12.96699     181.35707      10.072353  ]
 [   0.1495983    -0.00071224    0.        ]
 [   0.            0.            0.1496    ]]

iter 01 cost=2778.634933 -> 65.502785 |dtheta|=2.425941e+00  lambda=3.333e-03

============================================================
Iteration 2
============================================================
Theta offsets (Unity frame):
  Source   : dSx=   0.000, dSy=   0.000, dSz=   0.000  (mm)
  Object   : dOx= -14.385, dOy= -11.928, dOz=  -5.599  (mm)
  Object offset: offset_x=  -4.718, offset_z=   2.182  (mm)
  Detector : dDx=   0.000, dDy=   0.000, dDz=   0.000  (mm)
  Obj Stage rotY :   -0.273 deg
============================================================

Unity geometry (world coordinates):
  Source   : x= -10.000, y=  55.000, z=   0.000
  Object   : x=   0.615, y=  30.072, z= 576.401
  Detector : x=   8.000, y=  20.000, z= 760.000
  Obj rotY :   0.0000 deg
view   0 | SOD= 579.150 mm | SDD= 761.018 mm | M= 1.314 | incident=2.9645°
[[  -8.651114   -578.54865     -24.927647  ]
 [  12.96699     181.35707      10.072353  ]
 [   0.1495983    -0.00071224    0.        ]
 [   0.            0.            0.1496    ]]
Residual vector length: 48, Jacobian shape: (48, 6)
view   0 | SOD= 578.716 mm | SDD= 761.018 mm | M= 1.315 | incident=2.9645°
[[  -5.599296   -578.1511      -24.93355   ]
 [  12.010855    181.85799      10.06645   ]
 [   0.14959998    0.00007674    0.        ]
 [   0.            0.            0.1496    ]]

iter 02 cost=65.502785 -> 13.722657 |dtheta|=5.056229e-01  lambda=1.111e-03

============================================================
Iteration 3
============================================================
Theta offsets (Unity frame):
  Source   : dSx=   0.000, dSy=   0.000, dSz=   0.000  (mm)
  Object   : dOx= -14.567, dOy= -11.934, dOz=  -5.771  (mm)
  Object offset: offset_x=  -4.537, offset_z=   1.919  (mm)
  Detector : dDx=   0.000, dDy=   0.000, dDz=   0.000  (mm)
  Obj Stage rotY :    0.029 deg
============================================================

Unity geometry (world coordinates):
  Source   : x= -10.000, y=  55.000, z=   0.000
  Object   : x=   0.433, y=  30.066, z= 576.229
  Detector : x=   8.000, y=  20.000, z= 760.000
  Obj rotY :   0.0000 deg
view   0 | SOD= 578.716 mm | SDD= 761.018 mm | M= 1.315 | incident=2.9645°
[[  -5.599296   -578.1511      -24.93355   ]
 [  12.010855    181.85799      10.06645   ]
 [   0.14959998    0.00007674    0.        ]
 [   0.            0.            0.1496    ]]
Residual vector length: 48, Jacobian shape: (48, 6)
view   0 | SOD= 578.418 mm | SDD= 761.018 mm | M= 1.316 | incident=2.9645°
[[  -4.9841976  -577.8591      -24.939636  ]
 [  11.722949    182.17047      10.060364  ]
 [   0.14959978    0.00025448    0.        ]
 [   0.            0.            0.1496    ]]

iter 03 cost=13.722657 -> 12.455209 |dtheta|=3.051892e-01  lambda=3.704e-04

============================================================
Iteration 4
============================================================
Theta offsets (Unity frame):
  Source   : dSx=   0.000, dSy=   0.000, dSz=   0.000  (mm)
  Object   : dOx= -14.560, dOy= -11.940, dOz=  -6.061  (mm)
  Object offset: offset_x=  -4.473, offset_z=   1.911  (mm)
  Detector : dDx=   0.000, dDy=   0.000, dDz=   0.000  (mm)
  Obj Stage rotY :    0.097 deg
============================================================

Unity geometry (world coordinates):
  Source   : x= -10.000, y=  55.000, z=   0.000
  Object   : x=   0.440, y=  30.060, z= 575.939
  Detector : x=   8.000, y=  20.000, z= 760.000
  Obj rotY :   0.0000 deg
view   0 | SOD= 578.418 mm | SDD= 761.018 mm | M= 1.316 | incident=2.9645°
[[  -4.9841976  -577.8591      -24.939636  ]
 [  11.722949    182.17047      10.060364  ]
 [   0.14959978    0.00025448    0.        ]
 [   0.            0.            0.1496    ]]
Residual vector length: 48, Jacobian shape: (48, 6)
view   0 | SOD= 577.966 mm | SDD= 761.018 mm | M= 1.317 | incident=2.9645°
[[  -5.392138   -577.4023      -24.946793  ]
 [  11.896606    182.61424      10.053207  ]
 [   0.14959994    0.00014       0.        ]
 [   0.            0.            0.1496    ]]

iter 04 cost=12.455209 -> 12.054960 |dtheta|=4.403061e-01  lambda=1.235e-04

============================================================
Iteration 5
============================================================
Theta offsets (Unity frame):
  Source   : dSx=   0.000, dSy=   0.000, dSz=   0.000  (mm)
  Object   : dOx= -14.573, dOy= -11.947, dOz=  -6.498  (mm)
  Object offset: offset_x=  -4.495, offset_z=   1.895  (mm)
  Detector : dDx=   0.000, dDy=   0.000, dDz=   0.000  (mm)
  Obj Stage rotY :    0.054 deg
============================================================

Unity geometry (world coordinates):
  Source   : x= -10.000, y=  55.000, z=   0.000
  Object   : x=   0.427, y=  30.053, z= 575.502
  Detector : x=   8.000, y=  20.000, z= 760.000
  Obj rotY :   0.0000 deg
view   0 | SOD= 577.966 mm | SDD= 761.018 mm | M= 1.317 | incident=2.9645°
[[  -5.392138   -577.4023      -24.946793  ]
 [  11.896606    182.61424      10.053207  ]
 [   0.14959994    0.00014       0.        ]
 [   0.            0.            0.1496    ]]
Residual vector length: 48, Jacobian shape: (48, 6)
view   0 | SOD= 577.631 mm | SDD= 761.018 mm | M= 1.317 | incident=2.9645°
[[  -4.5517488  -577.074       -24.954025  ]
 [  11.609817    182.96735      10.045975  ]
 [   0.14959957    0.00036187    0.        ]
 [   0.            0.            0.1496    ]]

iter 05 cost=12.054960 -> 12.182211 |dtheta|=3.291093e-01  lambda=4.115e-05

============================================================
Iteration 6
============================================================
Theta offsets (Unity frame):
  Source   : dSx=   0.000, dSy=   0.000, dSz=   0.000  (mm)
  Object   : dOx= -14.573, dOy= -11.947, dOz=  -6.498  (mm)
  Object offset: offset_x=  -4.495, offset_z=   1.895  (mm)
  Detector : dDx=   0.000, dDy=   0.000, dDz=   0.000  (mm)
  Obj Stage rotY :    0.054 deg
============================================================

Unity geometry (world coordinates):
  Source   : x= -10.000, y=  55.000, z=   0.000
  Object   : x=   0.427, y=  30.053, z= 575.502
  Detector : x=   8.000, y=  20.000, z= 760.000
  Obj rotY :   0.0000 deg
view   0 | SOD= 577.966 mm | SDD= 761.018 mm | M= 1.317 | incident=2.9645°
[[  -5.392138   -577.4023      -24.946793  ]
 [  11.896606    182.61424      10.053207  ]
 [   0.14959994    0.00014       0.        ]
 [   0.            0.            0.1496    ]]
Residual vector length: 48, Jacobian shape: (48, 6)
view   0 | SOD= 577.631 mm | SDD= 761.018 mm | M= 1.317 | incident=2.9645°
[[  -4.5517664  -577.07404     -24.954025  ]
 [  11.609822    182.96729      10.045975  ]
 [   0.14959957    0.00036187    0.        ]
 [   0.            0.            0.1496    ]]

iter 06 cost=12.054960 -> 12.182211 |dtheta|=3.290973e-01  lambda=2.058e-04

============================================================
Iteration 7
============================================================
Theta offsets (Unity frame):
  Source   : dSx=   0.000, dSy=   0.000, dSz=   0.000  (mm)
  Object   : dOx= -14.573, dOy= -11.947, dOz=  -6.498  (mm)
  Object offset: offset_x=  -4.495, offset_z=   1.895  (mm)
  Detector : dDx=   0.000, dDy=   0.000, dDz=   0.000  (mm)
  Obj Stage rotY :    0.054 deg
============================================================

Unity geometry (world coordinates):
  Source   : x= -10.000, y=  55.000, z=   0.000
  Object   : x=   0.427, y=  30.053, z= 575.502
  Detector : x=   8.000, y=  20.000, z= 760.000
  Obj rotY :   0.0000 deg
view   0 | SOD= 577.966 mm | SDD= 761.018 mm | M= 1.317 | incident=2.9645°
[[  -5.392138   -577.4023      -24.946793  ]
 [  11.896606    182.61424      10.053207  ]
 [   0.14959994    0.00014       0.        ]
 [   0.            0.            0.1496    ]]
Residual vector length: 48, Jacobian shape: (48, 6)
view   0 | SOD= 577.631 mm | SDD= 761.018 mm | M= 1.317 | incident=2.9645°
[[  -4.5518537  -577.0741      -24.954025  ]
 [  11.609852    182.96721      10.045975  ]
 [   0.14959957    0.00036184    0.        ]
 [   0.            0.            0.1496    ]]

iter 07 cost=12.054960 -> 12.182211 |dtheta|=3.290373e-01  lambda=1.029e-03

============================================================
Iteration 8
============================================================
Theta offsets (Unity frame):
  Source   : dSx=   0.000, dSy=   0.000, dSz=   0.000  (mm)
  Object   : dOx= -14.573, dOy= -11.947, dOz=  -6.498  (mm)
  Object offset: offset_x=  -4.495, offset_z=   1.895  (mm)
  Detector : dDx=   0.000, dDy=   0.000, dDz=   0.000  (mm)
  Obj Stage rotY :    0.054 deg
============================================================

Unity geometry (world coordinates):
  Source   : x= -10.000, y=  55.000, z=   0.000
  Object   : x=   0.427, y=  30.053, z= 575.502
  Detector : x=   8.000, y=  20.000, z= 760.000
  Obj rotY :   0.0000 deg
view   0 | SOD= 577.966 mm | SDD= 761.018 mm | M= 1.317 | incident=2.9645°
[[  -5.392138   -577.4023      -24.946793  ]
 [  11.896606    182.61424      10.053207  ]
 [   0.14959994    0.00014       0.        ]
 [   0.            0.            0.1496    ]]
Residual vector length: 48, Jacobian shape: (48, 6)
view   0 | SOD= 577.632 mm | SDD= 761.018 mm | M= 1.317 | incident=2.9645°
[[  -4.5522933  -577.0744      -24.954021  ]
 [  11.61        182.9669       10.045979  ]
 [   0.14959957    0.00036173    0.        ]
 [   0.            0.            0.1496    ]]

iter 08 cost=12.054960 -> 12.182211 |dtheta|=3.287379e-01  lambda=5.144e-03

============================================================
Iteration 9
============================================================
Theta offsets (Unity frame):
  Source   : dSx=   0.000, dSy=   0.000, dSz=   0.000  (mm)
  Object   : dOx= -14.573, dOy= -11.947, dOz=  -6.498  (mm)
  Object offset: offset_x=  -4.495, offset_z=   1.895  (mm)
  Detector : dDx=   0.000, dDy=   0.000, dDz=   0.000  (mm)
  Obj Stage rotY :    0.054 deg
============================================================

Unity geometry (world coordinates):
  Source   : x= -10.000, y=  55.000, z=   0.000
  Object   : x=   0.427, y=  30.053, z= 575.502
  Detector : x=   8.000, y=  20.000, z= 760.000
  Obj rotY :   0.0000 deg
view   0 | SOD= 577.966 mm | SDD= 761.018 mm | M= 1.317 | incident=2.9645°
[[  -5.392138   -577.4023      -24.946793  ]
 [  11.896606    182.61424      10.053207  ]
 [   0.14959994    0.00014       0.        ]
 [   0.            0.            0.1496    ]]
Residual vector length: 48, Jacobian shape: (48, 6)
view   0 | SOD= 577.633 mm | SDD= 761.018 mm | M= 1.317 | incident=2.9645°
[[  -4.554477   -577.0759      -24.954006  ]
 [  11.610734    182.96533      10.045994  ]
 [   0.14959957    0.00036115    0.        ]
 [   0.            0.            0.1496    ]]

iter 09 cost=12.054960 -> 12.182211 |dtheta|=3.272488e-01  lambda=2.572e-02

============================================================
Iteration 10
============================================================
Theta offsets (Unity frame):
  Source   : dSx=   0.000, dSy=   0.000, dSz=   0.000  (mm)
  Object   : dOx= -14.573, dOy= -11.947, dOz=  -6.498  (mm)
  Object offset: offset_x=  -4.495, offset_z=   1.895  (mm)
  Detector : dDx=   0.000, dDy=   0.000, dDz=   0.000  (mm)
  Obj Stage rotY :    0.054 deg
============================================================

Unity geometry (world coordinates):
  Source   : x= -10.000, y=  55.000, z=   0.000
  Object   : x=   0.427, y=  30.053, z= 575.502
  Detector : x=   8.000, y=  20.000, z= 760.000
  Obj rotY :   0.0000 deg
view   0 | SOD= 577.966 mm | SDD= 761.018 mm | M= 1.317 | incident=2.9645°
[[  -5.392138   -577.4023      -24.946793  ]
 [  11.896606    182.61424      10.053207  ]
 [   0.14959994    0.00014       0.        ]
 [   0.            0.            0.1496    ]]
Residual vector length: 48, Jacobian shape: (48, 6)
view   0 | SOD= 577.641 mm | SDD= 761.018 mm | M= 1.317 | incident=2.9645°
[[  -4.565134   -577.0833      -24.953926  ]
 [  11.614316    182.95761      10.046074  ]
 [   0.14959957    0.00035835    0.        ]
 [   0.            0.            0.1496    ]]

iter 10 cost=12.054960 -> 12.184372 |dtheta|=3.200060e-01  lambda=1.286e-01

============================================================
Iteration 11
============================================================
Theta offsets (Unity frame):
  Source   : dSx=   0.000, dSy=   0.000, dSz=   0.000  (mm)
  Object   : dOx= -14.573, dOy= -11.947, dOz=  -6.498  (mm)
  Object offset: offset_x=  -4.495, offset_z=   1.895  (mm)
  Detector : dDx=   0.000, dDy=   0.000, dDz=   0.000  (mm)
  Obj Stage rotY :    0.054 deg
============================================================

Unity geometry (world coordinates):
  Source   : x= -10.000, y=  55.000, z=   0.000
  Object   : x=   0.427, y=  30.053, z= 575.502
  Detector : x=   8.000, y=  20.000, z= 760.000
  Obj rotY :   0.0000 deg
view   0 | SOD= 577.966 mm | SDD= 761.018 mm | M= 1.317 | incident=2.9645°
[[  -5.392138   -577.4023      -24.946793  ]
 [  11.896606    182.61424      10.053207  ]
 [   0.14959994    0.00014       0.        ]
 [   0.            0.            0.1496    ]]
Residual vector length: 48, Jacobian shape: (48, 6)
view   0 | SOD= 577.673 mm | SDD= 761.018 mm | M= 1.317 | incident=2.9645°
[[  -4.612615   -577.1157      -24.953583  ]
 [  11.630289    182.92386      10.046417  ]
 [   0.1495996     0.00034586    0.        ]
 [   0.            0.            0.1496    ]]

iter 11 cost=12.054960 -> 12.177422 |dtheta|=2.882164e-01  lambda=6.430e-01

============================================================
Iteration 12
============================================================
Theta offsets (Unity frame):
  Source   : dSx=   0.000, dSy=   0.000, dSz=   0.000  (mm)
  Object   : dOx= -14.573, dOy= -11.947, dOz=  -6.498  (mm)
  Object offset: offset_x=  -4.495, offset_z=   1.895  (mm)
  Detector : dDx=   0.000, dDy=   0.000, dDz=   0.000  (mm)
  Obj Stage rotY :    0.054 deg
============================================================

Unity geometry (world coordinates):
  Source   : x= -10.000, y=  55.000, z=   0.000
  Object   : x=   0.427, y=  30.053, z= 575.502
  Detector : x=   8.000, y=  20.000, z= 760.000
  Obj rotY :   0.0000 deg
view   0 | SOD= 577.966 mm | SDD= 761.018 mm | M= 1.317 | incident=2.9645°
[[  -5.392138   -577.4023      -24.946793  ]
 [  11.896606    182.61424      10.053207  ]
 [   0.14959994    0.00014       0.        ]
 [   0.            0.            0.1496    ]]
Residual vector length: 48, Jacobian shape: (48, 6)
view   0 | SOD= 577.771 mm | SDD= 761.018 mm | M= 1.317 | incident=2.9645°
[[  -4.764436   -577.2121      -24.952522  ]
 [  11.681577    182.82309      10.047478  ]
 [   0.14959969    0.00030588    0.        ]
 [   0.            0.            0.1496    ]]

iter 12 cost=12.054960 -> 12.005037 |dtheta|=1.936867e-01  lambda=3.215e+00

============================================================
Iteration 13
============================================================
Theta offsets (Unity frame):
  Source   : dSx=   0.000, dSy=   0.000, dSz=   0.000  (mm)
  Object   : dOx= -14.580, dOy= -11.953, dOz=  -6.679  (mm)
  Object offset: offset_x=  -4.476, offset_z=   1.881  (mm)
  Detector : dDx=   0.000, dDy=   0.000, dDz=   0.000  (mm)
  Obj Stage rotY :    0.117 deg
============================================================

Unity geometry (world coordinates):
  Source   : x= -10.000, y=  55.000, z=   0.000
  Object   : x=   0.420, y=  30.047, z= 575.321
  Detector : x=   8.000, y=  20.000, z= 760.000
  Obj rotY :   0.0000 deg
view   0 | SOD= 577.771 mm | SDD= 761.018 mm | M= 1.317 | incident=2.9645°
[[  -4.764436   -577.2121      -24.952522  ]
 [  11.681577    182.82309      10.047478  ]
 [   0.14959969    0.00030588    0.        ]
 [   0.            0.            0.1496    ]]
Residual vector length: 48, Jacobian shape: (48, 6)
view   0 | SOD= 578.317 mm | SDD= 761.018 mm | M= 1.316 | incident=2.9645°
[[  -3.2995288  -577.7687      -24.96116   ]
 [  11.11916     182.30771      10.038839  ]
 [   0.14959835    0.00070491    0.        ]
 [   0.            0.            0.1496    ]]

iter 13 cost=12.005037 -> 12.734448 |dtheta|=5.772529e-01  lambda=1.072e+00

============================================================
Iteration 14
============================================================
Theta offsets (Unity frame):
  Source   : dSx=   0.000, dSy=   0.000, dSz=   0.000  (mm)
  Object   : dOx= -14.580, dOy= -11.953, dOz=  -6.679  (mm)
  Object offset: offset_x=  -4.476, offset_z=   1.881  (mm)
  Detector : dDx=   0.000, dDy=   0.000, dDz=   0.000  (mm)
  Obj Stage rotY :    0.117 deg
============================================================

Unity geometry (world coordinates):
  Source   : x= -10.000, y=  55.000, z=   0.000
  Object   : x=   0.420, y=  30.047, z= 575.321
  Detector : x=   8.000, y=  20.000, z= 760.000
  Obj rotY :   0.0000 deg
view   0 | SOD= 577.771 mm | SDD= 761.018 mm | M= 1.317 | incident=2.9645°
[[  -4.764436   -577.2121      -24.952522  ]
 [  11.681577    182.82309      10.047478  ]
 [   0.14959969    0.00030588    0.        ]
 [   0.            0.            0.1496    ]]
Residual vector length: 48, Jacobian shape: (48, 6)
view   0 | SOD= 578.110 mm | SDD= 761.018 mm | M= 1.316 | incident=2.9645°
[[  -3.4543593  -577.5606      -24.958271  ]
 [  11.188464    182.51147      10.041729  ]
 [   0.14959854    0.0006608     0.        ]
 [   0.            0.            0.1496    ]]

iter 14 cost=12.005037 -> 12.681193 |dtheta|=3.793776e-01  lambda=5.358e+00

============================================================
Iteration 15
============================================================
Theta offsets (Unity frame):
  Source   : dSx=   0.000, dSy=   0.000, dSz=   0.000  (mm)
  Object   : dOx= -14.580, dOy= -11.953, dOz=  -6.679  (mm)
  Object offset: offset_x=  -4.476, offset_z=   1.881  (mm)
  Detector : dDx=   0.000, dDy=   0.000, dDz=   0.000  (mm)
  Obj Stage rotY :    0.117 deg
============================================================

Unity geometry (world coordinates):
  Source   : x= -10.000, y=  55.000, z=   0.000
  Object   : x=   0.420, y=  30.047, z= 575.321
  Detector : x=   8.000, y=  20.000, z= 760.000
  Obj rotY :   0.0000 deg
view   0 | SOD= 577.771 mm | SDD= 761.018 mm | M= 1.317 | incident=2.9645°
[[  -4.764436   -577.2121      -24.952522  ]
 [  11.681577    182.82309      10.047478  ]
 [   0.14959969    0.00030588    0.        ]
 [   0.            0.            0.1496    ]]
Residual vector length: 48, Jacobian shape: (48, 6)
view   0 | SOD= 577.882 mm | SDD= 761.018 mm | M= 1.317 | incident=2.9645°
[[  -3.9688742  -577.3291      -24.954275  ]
 [  11.387846    182.72888      10.045725  ]
 [   0.14959909    0.00052029    0.        ]
 [   0.            0.            0.1496    ]]

iter 15 cost=12.005037 -> 12.210242 |dtheta|=1.520364e-01  lambda=2.679e+01

============================================================
Iteration 16
============================================================
Theta offsets (Unity frame):
  Source   : dSx=   0.000, dSy=   0.000, dSz=   0.000  (mm)
  Object   : dOx= -14.580, dOy= -11.953, dOz=  -6.679  (mm)
  Object offset: offset_x=  -4.476, offset_z=   1.881  (mm)
  Detector : dDx=   0.000, dDy=   0.000, dDz=   0.000  (mm)
  Obj Stage rotY :    0.117 deg
============================================================

Unity geometry (world coordinates):
  Source   : x= -10.000, y=  55.000, z=   0.000
  Object   : x=   0.420, y=  30.047, z= 575.321
  Detector : x=   8.000, y=  20.000, z= 760.000
  Obj rotY :   0.0000 deg
view   0 | SOD= 577.771 mm | SDD= 761.018 mm | M= 1.317 | incident=2.9645°
[[  -4.764436   -577.2121      -24.952522  ]
 [  11.681577    182.82309      10.047478  ]
 [   0.14959969    0.00030588    0.        ]
 [   0.            0.            0.1496    ]]
Residual vector length: 48, Jacobian shape: (48, 6)
view   0 | SOD= 577.790 mm | SDD= 761.018 mm | M= 1.317 | incident=2.9645°
[[  -4.502959   -577.2329      -24.952036  ]
 [  11.584876    182.81         10.047964  ]
 [   0.14959952    0.00037638    0.        ]
 [   0.            0.            0.1496    ]]

iter 16 cost=12.005037 -> 12.207967 |dtheta|=4.271715e-02  lambda=1.340e+02

============================================================
Iteration 17
============================================================
Theta offsets (Unity frame):
  Source   : dSx=   0.000, dSy=   0.000, dSz=   0.000  (mm)
  Object   : dOx= -14.580, dOy= -11.953, dOz=  -6.679  (mm)
  Object offset: offset_x=  -4.476, offset_z=   1.881  (mm)
  Detector : dDx=   0.000, dDy=   0.000, dDz=   0.000  (mm)
  Obj Stage rotY :    0.117 deg
============================================================

Unity geometry (world coordinates):
  Source   : x= -10.000, y=  55.000, z=   0.000
  Object   : x=   0.420, y=  30.047, z= 575.321
  Detector : x=   8.000, y=  20.000, z= 760.000
  Obj rotY :   0.0000 deg
view   0 | SOD= 577.771 mm | SDD= 761.018 mm | M= 1.317 | incident=2.9645°
[[  -4.764436   -577.2121      -24.952522  ]
 [  11.681577    182.82309      10.047478  ]
 [   0.14959969    0.00030588    0.        ]
 [   0.            0.            0.1496    ]]
Residual vector length: 48, Jacobian shape: (48, 6)
view   0 | SOD= 577.770 mm | SDD= 761.018 mm | M= 1.317 | incident=2.9645°
[[  -4.7054977  -577.2118      -24.951866  ]
 [  11.657979    182.82521      10.048134  ]
 [   0.14959966    0.00032213    0.        ]
 [   0.            0.            0.1496    ]]

iter 17 cost=12.005037 -> 12.078967 |dtheta|=1.267547e-02  lambda=6.698e+02

============================================================
Iteration 18
============================================================
Theta offsets (Unity frame):
  Source   : dSx=   0.000, dSy=   0.000, dSz=   0.000  (mm)
  Object   : dOx= -14.580, dOy= -11.953, dOz=  -6.679  (mm)
  Object offset: offset_x=  -4.476, offset_z=   1.881  (mm)
  Detector : dDx=   0.000, dDy=   0.000, dDz=   0.000  (mm)
  Obj Stage rotY :    0.117 deg
============================================================

Unity geometry (world coordinates):
  Source   : x= -10.000, y=  55.000, z=   0.000
  Object   : x=   0.420, y=  30.047, z= 575.321
  Detector : x=   8.000, y=  20.000, z= 760.000
  Obj rotY :   0.0000 deg
view   0 | SOD= 577.771 mm | SDD= 761.018 mm | M= 1.317 | incident=2.9645°
[[  -4.764436   -577.2121      -24.952522  ]
 [  11.681577    182.82309      10.047478  ]
 [   0.14959969    0.00030588    0.        ]
 [   0.            0.            0.1496    ]]
Residual vector length: 48, Jacobian shape: (48, 6)
view   0 | SOD= 577.769 mm | SDD= 761.018 mm | M= 1.317 | incident=2.9645°
[[  -4.7535095  -577.2107      -24.952324  ]
 [  11.675836    182.82487      10.047676  ]
 [   0.14959969    0.00030916    0.        ]
 [   0.            0.            0.1496    ]]

iter 18 cost=12.005037 -> 12.027998 |dtheta|=4.309955e-03  lambda=3.349e+03

============================================================
Iteration 19
============================================================
Theta offsets (Unity frame):
  Source   : dSx=   0.000, dSy=   0.000, dSz=   0.000  (mm)
  Object   : dOx= -14.580, dOy= -11.953, dOz=  -6.679  (mm)
  Object offset: offset_x=  -4.476, offset_z=   1.881  (mm)
  Detector : dDx=   0.000, dDy=   0.000, dDz=   0.000  (mm)
  Obj Stage rotY :    0.117 deg
============================================================

Unity geometry (world coordinates):
  Source   : x= -10.000, y=  55.000, z=   0.000
  Object   : x=   0.420, y=  30.047, z= 575.321
  Detector : x=   8.000, y=  20.000, z= 760.000
  Obj rotY :   0.0000 deg
view   0 | SOD= 577.771 mm | SDD= 761.018 mm | M= 1.317 | incident=2.9645°
[[  -4.764436   -577.2121      -24.952522  ]
 [  11.681577    182.82309      10.047478  ]
 [   0.14959969    0.00030588    0.        ]
 [   0.            0.            0.1496    ]]
Residual vector length: 48, Jacobian shape: (48, 6)
view   0 | SOD= 577.770 mm | SDD= 761.018 mm | M= 1.317 | incident=2.9645°
[[  -4.762483   -577.21173     -24.952488  ]
 [  11.680276    182.82358      10.047512  ]
 [   0.14959969    0.00030652    0.        ]
 [   0.            0.            0.1496    ]]

iter 19 cost=12.005037 -> 12.086738 |dtheta|=1.105939e-03  lambda=1.674e+04

============================================================
Iteration 20
============================================================
Theta offsets (Unity frame):
  Source   : dSx=   0.000, dSy=   0.000, dSz=   0.000  (mm)
  Object   : dOx= -14.580, dOy= -11.953, dOz=  -6.679  (mm)
  Object offset: offset_x=  -4.476, offset_z=   1.881  (mm)
  Detector : dDx=   0.000, dDy=   0.000, dDz=   0.000  (mm)
  Obj Stage rotY :    0.117 deg
============================================================

Unity geometry (world coordinates):
  Source   : x= -10.000, y=  55.000, z=   0.000
  Object   : x=   0.420, y=  30.047, z= 575.321
  Detector : x=   8.000, y=  20.000, z= 760.000
  Obj rotY :   0.0000 deg
view   0 | SOD= 577.771 mm | SDD= 761.018 mm | M= 1.317 | incident=2.9645°
[[  -4.764436   -577.2121      -24.952522  ]
 [  11.681577    182.82309      10.047478  ]
 [   0.14959969    0.00030588    0.        ]
 [   0.            0.            0.1496    ]]
Residual vector length: 48, Jacobian shape: (48, 6)
view   0 | SOD= 577.771 mm | SDD= 761.018 mm | M= 1.317 | incident=2.9645°
[[  -4.764062   -577.212       -24.952517  ]
 [  11.681307    182.82323      10.047483  ]
 [   0.14959969    0.00030601    0.        ]
 [   0.            0.            0.1496    ]]

iter 20 cost=12.005037 -> 12.087908 |dtheta|=2.360429e-04  lambda=8.372e+04

============================================================
Iteration 21
============================================================
Theta offsets (Unity frame):
  Source   : dSx=   0.000, dSy=   0.000, dSz=   0.000  (mm)
  Object   : dOx= -14.580, dOy= -11.953, dOz=  -6.679  (mm)
  Object offset: offset_x=  -4.476, offset_z=   1.881  (mm)
  Detector : dDx=   0.000, dDy=   0.000, dDz=   0.000  (mm)
  Obj Stage rotY :    0.117 deg
============================================================

Unity geometry (world coordinates):
  Source   : x= -10.000, y=  55.000, z=   0.000
  Object   : x=   0.420, y=  30.047, z= 575.321
  Detector : x=   8.000, y=  20.000, z= 760.000
  Obj rotY :   0.0000 deg
view   0 | SOD= 577.771 mm | SDD= 761.018 mm | M= 1.317 | incident=2.9645°
[[  -4.764436   -577.2121      -24.952522  ]
 [  11.681577    182.82309      10.047478  ]
 [   0.14959969    0.00030588    0.        ]
 [   0.            0.            0.1496    ]]
Residual vector length: 48, Jacobian shape: (48, 6)
view   0 | SOD= 577.771 mm | SDD= 761.018 mm | M= 1.317 | incident=2.9645°
[[  -4.764362   -577.2121      -24.952522  ]
 [  11.681522    182.82309      10.047478  ]
 [   0.14959969    0.00030591    0.        ]
 [   0.            0.            0.1496    ]]

iter 21 cost=12.005037 -> 12.005037 |dtheta|=4.786634e-05  lambda=4.186e+05

============================================================
Iteration 22
============================================================
Theta offsets (Unity frame):
  Source   : dSx=   0.000, dSy=   0.000, dSz=   0.000  (mm)
  Object   : dOx= -14.580, dOy= -11.953, dOz=  -6.679  (mm)
  Object offset: offset_x=  -4.476, offset_z=   1.881  (mm)
  Detector : dDx=   0.000, dDy=   0.000, dDz=   0.000  (mm)
  Obj Stage rotY :    0.117 deg
============================================================

Unity geometry (world coordinates):
  Source   : x= -10.000, y=  55.000, z=   0.000
  Object   : x=   0.420, y=  30.047, z= 575.321
  Detector : x=   8.000, y=  20.000, z= 760.000
  Obj rotY :   0.0000 deg
view   0 | SOD= 577.771 mm | SDD= 761.018 mm | M= 1.317 | incident=2.9645°
[[  -4.764436   -577.2121      -24.952522  ]
 [  11.681577    182.82309      10.047478  ]
 [   0.14959969    0.00030588    0.        ]
 [   0.            0.            0.1496    ]]
Residual vector length: 48, Jacobian shape: (48, 6)
view   0 | SOD= 577.771 mm | SDD= 761.018 mm | M= 1.317 | incident=2.9645°
[[  -4.7644053  -577.21216     -24.952522  ]
 [  11.681554    182.82303      10.047478  ]
 [   0.14959969    0.00030589    0.        ]
 [   0.            0.            0.1496    ]]

iter 22 cost=12.005037 -> 12.005037 |dtheta|=2.007877e-05  lambda=1.000e+06

============================================================
Iteration 23
============================================================
Theta offsets (Unity frame):
  Source   : dSx=   0.000, dSy=   0.000, dSz=   0.000  (mm)
  Object   : dOx= -14.580, dOy= -11.953, dOz=  -6.679  (mm)
  Object offset: offset_x=  -4.476, offset_z=   1.881  (mm)
  Detector : dDx=   0.000, dDy=   0.000, dDz=   0.000  (mm)
  Obj Stage rotY :    0.117 deg
============================================================

Unity geometry (world coordinates):
  Source   : x= -10.000, y=  55.000, z=   0.000
  Object   : x=   0.420, y=  30.047, z= 575.321
  Detector : x=   8.000, y=  20.000, z= 760.000
  Obj rotY :   0.0000 deg
view   0 | SOD= 577.771 mm | SDD= 761.018 mm | M= 1.317 | incident=2.9645°
[[  -4.764436   -577.2121      -24.952522  ]
 [  11.681577    182.82309      10.047478  ]
 [   0.14959969    0.00030588    0.        ]
 [   0.            0.            0.1496    ]]
Residual vector length: 48, Jacobian shape: (48, 6)
view   0 | SOD= 577.771 mm | SDD= 761.018 mm | M= 1.317 | incident=2.9645°
[[  -4.7644053  -577.21216     -24.952522  ]
 [  11.681554    182.82303      10.047478  ]
 [   0.14959969    0.00030589    0.        ]
 [   0.            0.            0.1496    ]]

iter 23 cost=12.005037 -> 12.005037 |dtheta|=2.007877e-05  lambda=1.000e+06

============================================================
Iteration 24
============================================================
Theta offsets (Unity frame):
  Source   : dSx=   0.000, dSy=   0.000, dSz=   0.000  (mm)
  Object   : dOx= -14.580, dOy= -11.953, dOz=  -6.679  (mm)
  Object offset: offset_x=  -4.476, offset_z=   1.881  (mm)
  Detector : dDx=   0.000, dDy=   0.000, dDz=   0.000  (mm)
  Obj Stage rotY :    0.117 deg
============================================================

Unity geometry (world coordinates):
  Source   : x= -10.000, y=  55.000, z=   0.000
  Object   : x=   0.420, y=  30.047, z= 575.321
  Detector : x=   8.000, y=  20.000, z= 760.000
  Obj rotY :   0.0000 deg
view   0 | SOD= 577.771 mm | SDD= 761.018 mm | M= 1.317 | incident=2.9645°
[[  -4.764436   -577.2121      -24.952522  ]
 [  11.681577    182.82309      10.047478  ]
 [   0.14959969    0.00030588    0.        ]
 [   0.            0.            0.1496    ]]
Residual vector length: 48, Jacobian shape: (48, 6)
view   0 | SOD= 577.771 mm | SDD= 761.018 mm | M= 1.317 | incident=2.9645°
[[  -4.7644053  -577.21216     -24.952522  ]
 [  11.681554    182.82303      10.047478  ]
 [   0.14959969    0.00030589    0.        ]
 [   0.            0.            0.1496    ]]

iter 24 cost=12.005037 -> 12.005037 |dtheta|=2.007877e-05  lambda=1.000e+06

============================================================
Iteration 25
============================================================
Theta offsets (Unity frame):
  Source   : dSx=   0.000, dSy=   0.000, dSz=   0.000  (mm)
  Object   : dOx= -14.580, dOy= -11.953, dOz=  -6.679  (mm)
  Object offset: offset_x=  -4.476, offset_z=   1.881  (mm)
  Detector : dDx=   0.000, dDy=   0.000, dDz=   0.000  (mm)
  Obj Stage rotY :    0.117 deg
============================================================

Unity geometry (world coordinates):
  Source   : x= -10.000, y=  55.000, z=   0.000
  Object   : x=   0.420, y=  30.047, z= 575.321
  Detector : x=   8.000, y=  20.000, z= 760.000
  Obj rotY :   0.0000 deg
view   0 | SOD= 577.771 mm | SDD= 761.018 mm | M= 1.317 | incident=2.9645°
[[  -4.764436   -577.2121      -24.952522  ]
 [  11.681577    182.82309      10.047478  ]
 [   0.14959969    0.00030588    0.        ]
 [   0.            0.            0.1496    ]]
Residual vector length: 48, Jacobian shape: (48, 6)
view   0 | SOD= 577.771 mm | SDD= 761.018 mm | M= 1.317 | incident=2.9645°
[[  -4.7644053  -577.21216     -24.952522  ]
 [  11.681554    182.82303      10.047478  ]
 [   0.14959969    0.00030589    0.        ]
 [   0.            0.            0.1496    ]]

iter 25 cost=12.005037 -> 12.005037 |dtheta|=2.007877e-05  lambda=1.000e+06

============================================================
Iteration 26
============================================================
Theta offsets (Unity frame):
  Source   : dSx=   0.000, dSy=   0.000, dSz=   0.000  (mm)
  Object   : dOx= -14.580, dOy= -11.953, dOz=  -6.679  (mm)
  Object offset: offset_x=  -4.476, offset_z=   1.881  (mm)
  Detector : dDx=   0.000, dDy=   0.000, dDz=   0.000  (mm)
  Obj Stage rotY :    0.117 deg
============================================================

Unity geometry (world coordinates):
  Source   : x= -10.000, y=  55.000, z=   0.000
  Object   : x=   0.420, y=  30.047, z= 575.321
  Detector : x=   8.000, y=  20.000, z= 760.000
  Obj rotY :   0.0000 deg
view   0 | SOD= 577.771 mm | SDD= 761.018 mm | M= 1.317 | incident=2.9645°
[[  -4.764436   -577.2121      -24.952522  ]
 [  11.681577    182.82309      10.047478  ]
 [   0.14959969    0.00030588    0.        ]
 [   0.            0.            0.1496    ]]
Residual vector length: 48, Jacobian shape: (48, 6)
view   0 | SOD= 577.771 mm | SDD= 761.018 mm | M= 1.317 | incident=2.9645°
[[  -4.7644053  -577.21216     -24.952522  ]
 [  11.681554    182.82303      10.047478  ]
 [   0.14959969    0.00030589    0.        ]
 [   0.            0.            0.1496    ]]

iter 26 cost=12.005037 -> 12.005037 |dtheta|=2.007877e-05  lambda=1.000e+06

============================================================
Iteration 27
============================================================
Theta offsets (Unity frame):
  Source   : dSx=   0.000, dSy=   0.000, dSz=   0.000  (mm)
  Object   : dOx= -14.580, dOy= -11.953, dOz=  -6.679  (mm)
  Object offset: offset_x=  -4.476, offset_z=   1.881  (mm)
  Detector : dDx=   0.000, dDy=   0.000, dDz=   0.000  (mm)
  Obj Stage rotY :    0.117 deg
============================================================

Unity geometry (world coordinates):
  Source   : x= -10.000, y=  55.000, z=   0.000
  Object   : x=   0.420, y=  30.047, z= 575.321
  Detector : x=   8.000, y=  20.000, z= 760.000
  Obj rotY :   0.0000 deg
view   0 | SOD= 577.771 mm | SDD= 761.018 mm | M= 1.317 | incident=2.9645°
[[  -4.764436   -577.2121      -24.952522  ]
 [  11.681577    182.82309      10.047478  ]
 [   0.14959969    0.00030588    0.        ]
 [   0.            0.            0.1496    ]]
Residual vector length: 48, Jacobian shape: (48, 6)
view   0 | SOD= 577.771 mm | SDD= 761.018 mm | M= 1.317 | incident=2.9645°
[[  -4.7644053  -577.21216     -24.952522  ]
 [  11.681554    182.82303      10.047478  ]
 [   0.14959969    0.00030589    0.        ]
 [   0.            0.            0.1496    ]]

iter 27 cost=12.005037 -> 12.005037 |dtheta|=2.007877e-05  lambda=1.000e+06

============================================================
Iteration 28
============================================================
Theta offsets (Unity frame):
  Source   : dSx=   0.000, dSy=   0.000, dSz=   0.000  (mm)
  Object   : dOx= -14.580, dOy= -11.953, dOz=  -6.679  (mm)
  Object offset: offset_x=  -4.476, offset_z=   1.881  (mm)
  Detector : dDx=   0.000, dDy=   0.000, dDz=   0.000  (mm)
  Obj Stage rotY :    0.117 deg
============================================================

Unity geometry (world coordinates):
  Source   : x= -10.000, y=  55.000, z=   0.000
  Object   : x=   0.420, y=  30.047, z= 575.321
  Detector : x=   8.000, y=  20.000, z= 760.000
  Obj rotY :   0.0000 deg
view   0 | SOD= 577.771 mm | SDD= 761.018 mm | M= 1.317 | incident=2.9645°
[[  -4.764436   -577.2121      -24.952522  ]
 [  11.681577    182.82309      10.047478  ]
 [   0.14959969    0.00030588    0.        ]
 [   0.            0.            0.1496    ]]
Residual vector length: 48, Jacobian shape: (48, 6)
view   0 | SOD= 577.771 mm | SDD= 761.018 mm | M= 1.317 | incident=2.9645°
[[  -4.7644053  -577.21216     -24.952522  ]
 [  11.681554    182.82303      10.047478  ]
 [   0.14959969    0.00030589    0.        ]
 [   0.            0.            0.1496    ]]

iter 28 cost=12.005037 -> 12.005037 |dtheta|=2.007877e-05  lambda=1.000e+06
Stalled.

Estimated theta:
  dSx: +0.000000
  dSy: +0.000000
  dOx: -14.579825
  dOy: -11.952523
  dOz: -6.679355
  dDx: +0.000000
  dDy: +0.000000
  dDz: +0.000000
alpha: +1.171511e-01 deg)
offset_x: -4.475540
offset_z: +1.880537

Final cost table:
Fake theta: [  0.   0. -15. -12. -22.   0.   0.   0.  15.   0.   0.]
Final estimated theta: [  0.           0.         -14.57982494 -11.95252349  -6.67935476
   0.           0.           0.           0.11715106  -4.47554013
   1.88053731]
Diff from Expected: [  0.           0.           0.42017506   0.04747651  15.32064524
   0.           0.           0.         -14.88284894  -4.47554013
   1.88053731]
################################################################################

