Phantom already exists, skipping: cuboid_phantom_7_normal.npy

################################################################################
Running cuboid=normal scenario=G0 N_ANGLES=18, K=7
view   0 | SOD= 570.548 mm | SDD= 675.501 mm | M= 1.184 | incident=3.8197°
[[  98.97946    -561.3404      -25.        ]
 [ -18.05941     102.420006     20.        ]
 [   0.14732724    0.02597777    0.        ]
 [   0.            0.            0.1496    ]]
           image          x1         y1  area1          x2          y2  area2          x3          y3  area3          x4          y4  area4          x5          y5  area5          x6          y6  area6          x7          y7  area7
0   proj_000.png  509.640587  62.330073    409  400.831492  135.348066    362  424.750663  204.655172    377  447.184066  270.326923    364  550.561934  341.172205    331  530.678756  419.888601    386  509.648101  502.708861    395
1   proj_001.png  457.709046  62.317848    409  368.658192  135.019774    354  433.969863  204.227397    365  496.077135  270.123967    363  582.819876  342.987578    322  521.665803  421.279793    386  457.595062  502.960494    405
2   proj_002.png  408.078818  62.500000    406  350.418803  134.433048    351  448.423181  203.905660    371  542.955182  270.859944    357  602.856725  345.421053    342  507.353247  422.187013    385  408.203008  501.744361    399
3   proj_003.png  367.829517  62.521628    393  347.595628  133.882514    366  466.140162  203.654987    371  582.603306  272.033058    363  608.084239  348.125000    368  489.179487  422.669231    390  367.835443  498.762025    395
4   proj_004.png  341.472585  62.610966    383  360.353100  133.353100    371  485.325269  203.639785    372  610.346049  273.891008    367  597.510363  350.766839    386  469.500000  422.765625    384  341.493506  494.737662    385
5   proj_005.png  332.243836  62.832877    365  386.859838  132.865229    371  503.538259  203.688654    379  622.388889  275.991667    360  571.843672  353.136476    403  450.777215  422.331646    395  332.184573  490.305785    363
6   proj_006.png  340.207493  63.000000    347  423.548813  132.670185    379  518.683117  204.129870    385  617.355556  278.208333    360  534.238554  354.800000    415  435.537879  421.457071    396  340.428571  485.708571    350
7   proj_007.png  364.696049  63.185410    329  466.500000  132.500000    392  528.973404  204.609043    376  594.916201  280.270950    358  489.128146  355.450801    437  425.469231  420.253846    390  364.752266  481.788520    331
8   proj_008.png  402.053254  63.204142    338  510.450000  132.555263    380  533.138743  205.138743    382  557.337838  281.729730    370  442.571429  355.186441    413  421.676093  418.650386    389  401.997067  478.865103    341
9   proj_009.png  447.152589  63.365123    367  550.554896  132.747774    337  530.611825  205.583548    389  509.677966  282.801453    413  400.816156  353.935933    359  424.700787  417.393701    381  447.200549  477.225275    364
10  proj_010.png  496.067935  63.448370    368  582.803077  133.181538    325  521.623377  206.218182    385  457.625604  282.842995    414  368.538244  351.971671    353  433.973262  416.010695    374  496.002688  477.002688    372
11  proj_011.png  543.000000  63.347222    360  602.939130  133.628986    345  507.368020  206.510152    394  408.162228  282.128329    413  350.275204  349.523161    367  448.271277  415.066489    376  543.029973  478.267030    367
12  proj_012.png  582.623978  63.168937    367  608.021277  134.170213    376  489.159898  206.705584    394  367.774436  280.641604    399  347.644562  346.713528    377  466.185676  414.488064    377  582.574932  480.956403    367
13  proj_013.png  610.346774  63.196237    372  597.534031  134.638743    382  469.500000  206.713542    384  341.408269  278.726098    387  360.429348  344.135870    368  485.286885  414.456284    366  610.243243  484.713514    370
14  proj_014.png  622.406077  62.966851    362  571.896040  135.175743    404  450.813131  206.553030    396  332.177596  276.543716    366  386.896739  342.048913    368  503.584000  414.864000    375  622.402740  489.145205    365
15  proj_015.png  617.367978  62.870787    356  534.085784  135.541667    408  435.465649  206.264631    393  340.344214  274.421365    337  423.614555  340.512129    371  518.731070  415.697128    383  617.294118  493.778711    357
16  proj_016.png  594.962428  62.604046    346  489.000000  135.643192    426  425.522310  205.724409    381  364.745342  272.534161    322  466.527415  339.772846    383  529.002688  416.997312    372  594.787356  498.025862    348
17  proj_017.png  557.269231  62.434066    364  442.627119  135.726392    413  421.724409  205.246719    381  401.937685  271.050445    337  510.524324  340.110811    370  533.192105  418.468421    380  557.239011  501.282967    364

============================================================
Iteration 0
============================================================
Theta offsets (Unity frame):
  Source   : dSx=   0.000, dSy=   0.000, dSz=   0.000  (mm)
  Object   : dOx=   0.000, dOy=   0.000, dOz=   0.000  (mm)
  Object offset: offset_x=   0.000, offset_z=   0.000  (mm)
  Detector : dDx=   0.000, dDy=   0.000, dDz=   0.000  (mm)
  Obj Stage rotY :    0.000 deg
============================================================

Unity geometry (world coordinates):
  Source   : x=   0.000, y=  45.000, z=   0.000
  Object   : x=  10.000, y=  15.000, z= 589.000
  Detector : x=   0.000, y=   0.000, z= 674.000
  Obj rotY :   0.0000 deg
view   0 | SOD= 589.848 mm | SDD= 675.501 mm | M= 1.145 | incident=3.8197°
[[ -10.     -589.      -30.    ]
 [ -10.       85.       15.    ]
 [   0.1496    0.        0.    ]
 [   0.        0.        0.1496]]
Residual vector length: 630, Jacobian shape: (630, 6)
view   0 | SOD= 587.348 mm | SDD= 675.501 mm | M= 1.150 | incident=3.8197°
[[  16.766754   -586.4509      -27.77295   ]
 [  -8.096247     87.090324     17.22705   ]
 [   0.14949818    0.00551855    0.        ]
 [   0.            0.            0.1496    ]]

iter 00 cost=490682.057959 -> 126329.204662 |dtheta|=7.057394e+00  lambda=1.000e-02

============================================================
Iteration 1
============================================================
Theta offsets (Unity frame):
  Source   : dSx=   0.000, dSy=   0.000, dSz=   0.000  (mm)
  Object   : dOx=  -5.557, dOy=   2.227, dOz=  -2.981  (mm)
  Object offset: offset_x=   0.435, offset_z=   0.651  (mm)
  Detector : dDx=   0.000, dDy=   0.000, dDz=   0.000  (mm)
  Obj Stage rotY :    2.114 deg
============================================================

Unity geometry (world coordinates):
  Source   : x=   0.000, y=  45.000, z=   0.000
  Object   : x=   4.443, y=  17.227, z= 586.019
  Detector : x=   0.000, y=   0.000, z= 674.000
  Obj rotY :   0.0000 deg
view   0 | SOD= 587.348 mm | SDD= 675.501 mm | M= 1.150 | incident=3.8197°
[[  16.766754   -586.4509      -27.77295   ]
 [  -8.096247     87.090324     17.22705   ]
 [   0.14949818    0.00551855    0.        ]
 [   0.            0.            0.1496    ]]
Residual vector length: 630, Jacobian shape: (630, 6)
view   0 | SOD= 583.658 mm | SDD= 675.501 mm | M= 1.157 | incident=3.8197°
[[  52.825993   -580.6594      -26.471474  ]
 [ -10.532526     90.355995     18.528526  ]
 [   0.14893755    0.01406296    0.        ]
 [   0.            0.            0.1496    ]]

iter 01 cost=126329.204662 -> 31353.606569 |dtheta|=5.485938e+00  lambda=3.333e-03

============================================================
Iteration 2
============================================================
Theta offsets (Unity frame):
  Source   : dSx=   0.000, dSy=   0.000, dSz=   0.000  (mm)
  Object   : dOx=  -8.145, dOy=   3.529, dOz=  -6.259  (mm)
  Object offset: offset_x=   0.137, offset_z=   0.313  (mm)
  Detector : dDx=   0.000, dDy=   0.000, dDz=   0.000  (mm)
  Obj Stage rotY :    5.394 deg
============================================================

Unity geometry (world coordinates):
  Source   : x=   0.000, y=  45.000, z=   0.000
  Object   : x=   1.855, y=  18.529, z= 582.741
  Detector : x=   0.000, y=   0.000, z= 674.000
  Obj rotY :   0.0000 deg
view   0 | SOD= 583.658 mm | SDD= 675.501 mm | M= 1.157 | incident=3.8197°
[[  52.825993   -580.6594      -26.471474  ]
 [ -10.532526     90.355995     18.528526  ]
 [   0.14893755    0.01406296    0.        ]
 [   0.            0.            0.1496    ]]
Residual vector length: 630, Jacobian shape: (630, 6)
view   0 | SOD= 581.201 mm | SDD= 675.501 mm | M= 1.162 | incident=3.8197°
[[  76.882164   -575.5186      -25.733696  ]
 [ -13.343178     92.41503      19.266304  ]
 [   0.14825353    0.02002628    0.        ]
 [   0.            0.            0.1496    ]]

iter 02 cost=31353.606569 -> 8676.713150 |dtheta|=3.430152e+00  lambda=1.111e-03

============================================================
Iteration 3
============================================================
Theta offsets (Unity frame):
  Source   : dSx=   0.000, dSy=   0.000, dSz=   0.000  (mm)
  Object   : dOx=  -9.386, dOy=   4.266, dOz=  -8.321  (mm)
  Object offset: offset_x=   0.238, offset_z=  -0.048  (mm)
  Detector : dDx=   0.000, dDy=   0.000, dDz=   0.000  (mm)
  Obj Stage rotY :    7.693 deg
============================================================

Unity geometry (world coordinates):
  Source   : x=   0.000, y=  45.000, z=   0.000
  Object   : x=   0.614, y=  19.266, z= 580.679
  Detector : x=   0.000, y=   0.000, z= 674.000
  Obj rotY :   0.0000 deg
view   0 | SOD= 581.201 mm | SDD= 675.501 mm | M= 1.162 | incident=3.8197°
[[  76.882164   -575.5186      -25.733696  ]
 [ -13.343178     92.41503      19.266304  ]
 [   0.14825353    0.02002628    0.        ]
 [   0.            0.            0.1496    ]]
Residual vector length: 630, Jacobian shape: (630, 6)
view   0 | SOD= 579.984 mm | SDD= 675.501 mm | M= 1.165 | incident=3.8197°
[[  85.59248    -573.062       -25.596653  ]
 [ -14.538769     93.45861      19.403347  ]
 [   0.14793989    0.02222498    0.        ]
 [   0.            0.            0.1496    ]]

iter 03 cost=8676.713150 -> 5361.598368 |dtheta|=1.418159e+00  lambda=3.704e-04

============================================================
Iteration 4
============================================================
Theta offsets (Unity frame):
  Source   : dSx=   0.000, dSy=   0.000, dSz=   0.000  (mm)
  Object   : dOx=  -9.668, dOy=   4.403, dOz=  -9.401  (mm)
  Object offset: offset_x=   0.161, offset_z=  -0.180  (mm)
  Detector : dDx=   0.000, dDy=   0.000, dDz=   0.000  (mm)
  Obj Stage rotY :    8.544 deg
============================================================

Unity geometry (world coordinates):
  Source   : x=   0.000, y=  45.000, z=   0.000
  Object   : x=   0.332, y=  19.403, z= 579.599
  Detector : x=   0.000, y=   0.000, z= 674.000
  Obj rotY :   0.0000 deg
view   0 | SOD= 579.984 mm | SDD= 675.501 mm | M= 1.165 | incident=3.8197°
[[  85.59248    -573.062       -25.596653  ]
 [ -14.538769     93.45861      19.403347  ]
 [   0.14793989    0.02222498    0.        ]
 [   0.            0.            0.1496    ]]
Residual vector length: 630, Jacobian shape: (630, 6)
view   0 | SOD= 579.067 mm | SDD= 675.501 mm | M= 1.167 | incident=3.8197°
[[  91.35471    -571.2462      -25.513298  ]
 [ -15.335158     94.256035     19.486702  ]
 [   0.14771385    0.02368072    0.        ]
 [   0.            0.            0.1496    ]]

iter 04 cost=5361.598368 -> 3705.934260 |dtheta|=1.106748e+00  lambda=1.235e-04

============================================================
Iteration 5
============================================================
Theta offsets (Unity frame):
  Source   : dSx=   0.000, dSy=   0.000, dSz=   0.000  (mm)
  Object   : dOx=  -9.804, dOy=   4.487, dOz= -10.330  (mm)
  Object offset: offset_x=   0.026, offset_z=  -0.165  (mm)
  Detector : dDx=   0.000, dDy=   0.000, dDz=   0.000  (mm)
  Obj Stage rotY :    9.108 deg
============================================================

Unity geometry (world coordinates):
  Source   : x=   0.000, y=  45.000, z=   0.000
  Object   : x=   0.196, y=  19.487, z= 578.670
  Detector : x=   0.000, y=   0.000, z= 674.000
  Obj rotY :   0.0000 deg
view   0 | SOD= 579.067 mm | SDD= 675.501 mm | M= 1.167 | incident=3.8197°
[[  91.35471    -571.2462      -25.513298  ]
 [ -15.335158     94.256035     19.486702  ]
 [   0.14771385    0.02368072    0.        ]
 [   0.            0.            0.1496    ]]
Residual vector length: 630, Jacobian shape: (630, 6)
view   0 | SOD= 577.601 mm | SDD= 675.501 mm | M= 1.169 | incident=3.8197°
[[  96.14097    -568.9825      -25.283886  ]
 [ -16.245321     95.58152      19.716114  ]
 [   0.1475056     0.02494509    0.        ]
 [   0.            0.            0.1496    ]]

iter 05 cost=3705.934260 -> 2234.327713 |dtheta|=1.632392e+00  lambda=4.115e-05

============================================================
Iteration 6
============================================================
Theta offsets (Unity frame):
  Source   : dSx=   0.000, dSy=   0.000, dSz=   0.000  (mm)
  Object   : dOx=  -9.938, dOy=   4.716, dOz= -11.862  (mm)
  Object offset: offset_x=   0.018, offset_z=  -0.090  (mm)
  Detector : dDx=   0.000, dDy=   0.000, dDz=   0.000  (mm)
  Obj Stage rotY :    9.599 deg
============================================================

Unity geometry (world coordinates):
  Source   : x=   0.000, y=  45.000, z=   0.000
  Object   : x=   0.062, y=  19.716, z= 577.138
  Detector : x=   0.000, y=   0.000, z= 674.000
  Obj rotY :   0.0000 deg
view   0 | SOD= 577.601 mm | SDD= 675.501 mm | M= 1.169 | incident=3.8197°
[[  96.14097    -568.9825      -25.283886  ]
 [ -16.245321     95.58152      19.716114  ]
 [   0.1475056     0.02494509    0.        ]
 [   0.            0.            0.1496    ]]
Residual vector length: 630, Jacobian shape: (630, 6)
view   0 | SOD= 576.717 mm | SDD= 675.501 mm | M= 1.171 | incident=3.8197°
[[  97.238464   -567.901       -25.20546   ]
 [ -16.520132     96.42948      19.79454   ]
 [   0.14745377    0.02524968    0.        ]
 [   0.            0.            0.1496    ]]

iter 06 cost=2234.327713 -> 1651.207628 |dtheta|=9.630287e-01  lambda=1.372e-05

============================================================
Iteration 7
============================================================
Theta offsets (Unity frame):
  Source   : dSx=   0.000, dSy=   0.000, dSz=   0.000  (mm)
  Object   : dOx=  -9.982, dOy=   4.795, dOz= -12.811  (mm)
  Object offset: offset_x=  -0.010, offset_z=  -0.024  (mm)
  Detector : dDx=   0.000, dDy=   0.000, dDz=   0.000  (mm)
  Obj Stage rotY :    9.717 deg
============================================================

Unity geometry (world coordinates):
  Source   : x=   0.000, y=  45.000, z=   0.000
  Object   : x=   0.018, y=  19.795, z= 576.189
  Detector : x=   0.000, y=   0.000, z= 674.000
  Obj rotY :   0.0000 deg
view   0 | SOD= 576.717 mm | SDD= 675.501 mm | M= 1.171 | incident=3.8197°
[[  97.238464   -567.901       -25.20546   ]
 [ -16.520132     96.42948      19.79454   ]
 [   0.14745377    0.02524968    0.        ]
 [   0.            0.            0.1496    ]]
Residual vector length: 630, Jacobian shape: (630, 6)
view   0 | SOD= 576.211 mm | SDD= 675.501 mm | M= 1.172 | incident=3.8197°
[[  96.64362    -567.4895      -25.196342  ]
 [ -16.528027     96.94121      19.803658  ]
 [   0.14747602    0.02511941    0.        ]
 [   0.            0.            0.1496    ]]

iter 07 cost=1651.207628 -> 1425.358519 |dtheta|=4.810376e-01  lambda=4.572e-06

============================================================
Iteration 8
============================================================
Theta offsets (Unity frame):
  Source   : dSx=   0.000, dSy=   0.000, dSz=   0.000  (mm)
  Object   : dOx=  -9.974, dOy=   4.804, dOz= -13.288  (mm)
  Object offset: offset_x=  -0.011, offset_z=  -0.052  (mm)
  Detector : dDx=   0.000, dDy=   0.000, dDz=   0.000  (mm)
  Obj Stage rotY :    9.666 deg
============================================================

Unity geometry (world coordinates):
  Source   : x=   0.000, y=  45.000, z=   0.000
  Object   : x=   0.026, y=  19.804, z= 575.712
  Detector : x=   0.000, y=   0.000, z= 674.000
  Obj rotY :   0.0000 deg
view   0 | SOD= 576.211 mm | SDD= 675.501 mm | M= 1.172 | incident=3.8197°
[[  96.64362    -567.4895      -25.196342  ]
 [ -16.528027     96.94121      19.803658  ]
 [   0.14747602    0.02511941    0.        ]
 [   0.            0.            0.1496    ]]
Residual vector length: 630, Jacobian shape: (630, 6)
view   0 | SOD= 575.704 mm | SDD= 675.501 mm | M= 1.173 | incident=3.8197°
[[  96.082306   -567.0704      -25.19239   ]
 [ -16.532349     97.454956     19.80761   ]
 [   0.14749701    0.02499578    0.        ]
 [   0.            0.            0.1496    ]]

iter 08 cost=1425.358519 -> 1183.243793 |dtheta|=5.585519e-01  lambda=1.524e-06

============================================================
Iteration 9
============================================================
Theta offsets (Unity frame):
  Source   : dSx=   0.000, dSy=   0.000, dSz=   0.000  (mm)
  Object   : dOx=  -9.973, dOy=   4.808, dOz= -13.842  (mm)
  Object offset: offset_x=  -0.010, offset_z=  -0.005  (mm)
  Detector : dDx=   0.000, dDy=   0.000, dDz=   0.000  (mm)
  Obj Stage rotY :    9.618 deg
============================================================

Unity geometry (world coordinates):
  Source   : x=   0.000, y=  45.000, z=   0.000
  Object   : x=   0.027, y=  19.808, z= 575.158
  Detector : x=   0.000, y=   0.000, z= 674.000
  Obj rotY :   0.0000 deg
view   0 | SOD= 575.704 mm | SDD= 675.501 mm | M= 1.173 | incident=3.8197°
[[  96.082306   -567.0704      -25.19239   ]
 [ -16.532349     97.454956     19.80761   ]
 [   0.14749701    0.02499578    0.        ]
 [   0.            0.            0.1496    ]]
Residual vector length: 630, Jacobian shape: (630, 6)
view   0 | SOD= 575.451 mm | SDD= 675.501 mm | M= 1.174 | incident=3.8197°
[[  96.84052    -566.68427     -25.185701  ]
 [ -16.730932     97.678246     19.814299  ]
 [   0.14746088    0.02520815    0.        ]
 [   0.            0.            0.1496    ]]

iter 09 cost=1183.243793 -> 1073.291902 |dtheta|=2.417610e-01  lambda=1.000e-06

============================================================
Iteration 10
============================================================
Theta offsets (Unity frame):
  Source   : dSx=   0.000, dSy=   0.000, dSz=   0.000  (mm)
  Object   : dOx=  -9.975, dOy=   4.814, dOz= -14.067  (mm)
  Object offset: offset_x=   0.008, offset_z=  -0.034  (mm)
  Detector : dDx=   0.000, dDy=   0.000, dDz=   0.000  (mm)
  Obj Stage rotY :    9.701 deg
============================================================

Unity geometry (world coordinates):
  Source   : x=   0.000, y=  45.000, z=   0.000
  Object   : x=   0.025, y=  19.814, z= 574.933
  Detector : x=   0.000, y=   0.000, z= 674.000
  Obj rotY :   0.0000 deg
view   0 | SOD= 575.451 mm | SDD= 675.501 mm | M= 1.174 | incident=3.8197°
[[  96.84052    -566.68427     -25.185701  ]
 [ -16.730932     97.678246     19.814299  ]
 [   0.14746088    0.02520815    0.        ]
 [   0.            0.            0.1496    ]]
Residual vector length: 630, Jacobian shape: (630, 6)
view   0 | SOD= 574.675 mm | SDD= 675.501 mm | M= 1.175 | incident=3.8197°
[[  98.18313    -565.6664      -25.150066  ]
 [ -17.125723     98.39676      19.849934  ]
 [   0.14739443    0.02559377    0.        ]
 [   0.            0.            0.1496    ]]

iter 10 cost=1073.291902 -> 763.737765 |dtheta|=7.645415e-01  lambda=1.000e-06

============================================================
Iteration 11
============================================================
Theta offsets (Unity frame):
  Source   : dSx=   0.000, dSy=   0.000, dSz=   0.000  (mm)
  Object   : dOx=  -9.973, dOy=   4.850, dOz= -14.815  (mm)
  Object offset: offset_x=   0.012, offset_z=  -0.061  (mm)
  Detector : dDx=   0.000, dDy=   0.000, dDz=   0.000  (mm)
  Obj Stage rotY :    9.851 deg
============================================================

Unity geometry (world coordinates):
  Source   : x=   0.000, y=  45.000, z=   0.000
  Object   : x=   0.027, y=  19.850, z= 574.185
  Detector : x=   0.000, y=   0.000, z= 674.000
  Obj rotY :   0.0000 deg
view   0 | SOD= 574.675 mm | SDD= 675.501 mm | M= 1.175 | incident=3.8197°
[[  98.18313    -565.6664      -25.150066  ]
 [ -17.125723     98.39676      19.849934  ]
 [   0.14739443    0.02559377    0.        ]
 [   0.            0.            0.1496    ]]
Residual vector length: 630, Jacobian shape: (630, 6)
view   0 | SOD= 574.264 mm | SDD= 675.501 mm | M= 1.176 | incident=3.8197°
[[  98.471664   -565.1958      -25.211422  ]
 [ -17.240616     98.79716      19.788578  ]
 [   0.14737886    0.02568332    0.        ]
 [   0.            0.            0.1496    ]]

iter 11 cost=763.737765 -> 625.022647 |dtheta|=4.435652e-01  lambda=1.000e-06

============================================================
Iteration 12
============================================================
Theta offsets (Unity frame):
  Source   : dSx=   0.000, dSy=   0.000, dSz=   0.000  (mm)
  Object   : dOx=  -9.980, dOy=   4.789, dOz= -15.252  (mm)
  Object offset: offset_x=   0.004, offset_z=  -0.038  (mm)
  Detector : dDx=   0.000, dDy=   0.000, dDz=   0.000  (mm)
  Obj Stage rotY :    9.886 deg
============================================================

Unity geometry (world coordinates):
  Source   : x=   0.000, y=  45.000, z=   0.000
  Object   : x=   0.020, y=  19.789, z= 573.747
  Detector : x=   0.000, y=   0.000, z= 674.000
  Obj rotY :   0.0000 deg
view   0 | SOD= 574.264 mm | SDD= 675.501 mm | M= 1.176 | incident=3.8197°
[[  98.471664   -565.1958      -25.211422  ]
 [ -17.240616     98.79716      19.788578  ]
 [   0.14737886    0.02568332    0.        ]
 [   0.            0.            0.1496    ]]
Residual vector length: 630, Jacobian shape: (630, 6)
view   0 | SOD= 574.091 mm | SDD= 675.501 mm | M= 1.177 | incident=3.8197°
[[  98.52683    -565.01337     -25.16439   ]
 [ -17.2578       98.96702      19.83561   ]
 [   0.14737606    0.02569938    0.        ]
 [   0.            0.            0.1496    ]]

iter 12 cost=625.022647 -> 524.788642 |dtheta|=2.483673e-01  lambda=1.000e-06

============================================================
Iteration 13
============================================================
Theta offsets (Unity frame):
  Source   : dSx=   0.000, dSy=   0.000, dSz=   0.000  (mm)
  Object   : dOx= -10.019, dOy=   4.836, dOz= -15.485  (mm)
  Object offset: offset_x=   0.019, offset_z=   0.024  (mm)
  Detector : dDx=   0.000, dDy=   0.000, dDz=   0.000  (mm)
  Obj Stage rotY :    9.892 deg
============================================================

Unity geometry (world coordinates):
  Source   : x=   0.000, y=  45.000, z=   0.000
  Object   : x=  -0.019, y=  19.836, z= 573.515
  Detector : x=   0.000, y=   0.000, z= 674.000
  Obj rotY :   0.0000 deg
view   0 | SOD= 574.091 mm | SDD= 675.501 mm | M= 1.177 | incident=3.8197°
[[  98.52683    -565.01337     -25.16439   ]
 [ -17.2578       98.96702      19.83561   ]
 [   0.14737606    0.02569938    0.        ]
 [   0.            0.            0.1496    ]]
Residual vector length: 630, Jacobian shape: (630, 6)
view   0 | SOD= 573.770 mm | SDD= 675.501 mm | M= 1.177 | incident=3.8197°
[[  98.215546   -564.74274     -25.127918  ]
 [ -17.258411     99.29173      19.872082  ]
 [   0.14738807    0.02563042    0.        ]
 [   0.            0.            0.1496    ]]

iter 13 cost=524.788642 -> 434.962638 |dtheta|=3.526353e-01  lambda=1.000e-06

============================================================
Iteration 14
============================================================
Theta offsets (Unity frame):
  Source   : dSx=   0.000, dSy=   0.000, dSz=   0.000  (mm)
  Object   : dOx=  -9.991, dOy=   4.872, dOz= -15.830  (mm)
  Object offset: offset_x=  -0.017, offset_z=   0.050  (mm)
  Detector : dDx=   0.000, dDy=   0.000, dDz=   0.000  (mm)
  Obj Stage rotY :    9.865 deg
============================================================

Unity geometry (world coordinates):
  Source   : x=   0.000, y=  45.000, z=   0.000
  Object   : x=   0.009, y=  19.872, z= 573.170
  Detector : x=   0.000, y=   0.000, z= 674.000
  Obj rotY :   0.0000 deg
view   0 | SOD= 573.770 mm | SDD= 675.501 mm | M= 1.177 | incident=3.8197°
[[  98.215546   -564.74274     -25.127918  ]
 [ -17.258411     99.29173      19.872082  ]
 [   0.14738807    0.02563042    0.        ]
 [   0.            0.            0.1496    ]]
Residual vector length: 630, Jacobian shape: (630, 6)
view   0 | SOD= 573.432 mm | SDD= 675.501 mm | M= 1.178 | incident=3.8197°
[[  98.585045   -564.3347      -25.130497  ]
 [ -17.363266     99.61707      19.869503  ]
 [   0.14736971    0.02573571    0.        ]
 [   0.            0.            0.1496    ]]

iter 14 cost=434.962638 -> 370.309375 |dtheta|=2.843290e-01  lambda=1.000e-06

============================================================
Iteration 15
============================================================
Theta offsets (Unity frame):
  Source   : dSx=   0.000, dSy=   0.000, dSz=   0.000  (mm)
  Object   : dOx= -10.014, dOy=   4.870, dOz= -16.103  (mm)
  Object offset: offset_x=  -0.018, offset_z=  -0.016  (mm)
  Detector : dDx=   0.000, dDy=   0.000, dDz=   0.000  (mm)
  Obj Stage rotY :    9.906 deg
============================================================

Unity geometry (world coordinates):
  Source   : x=   0.000, y=  45.000, z=   0.000
  Object   : x=  -0.014, y=  19.870, z= 572.897
  Detector : x=   0.000, y=   0.000, z= 674.000
  Obj rotY :   0.0000 deg
view   0 | SOD= 573.432 mm | SDD= 675.501 mm | M= 1.178 | incident=3.8197°
[[  98.585045   -564.3347      -25.130497  ]
 [ -17.363266     99.61707      19.869503  ]
 [   0.14736971    0.02573571    0.        ]
 [   0.            0.            0.1496    ]]
Residual vector length: 630, Jacobian shape: (630, 6)
view   0 | SOD= 573.073 mm | SDD= 675.501 mm | M= 1.179 | incident=3.8197°
[[  98.39056    -564.0044      -25.125332  ]
 [ -17.431156     99.969475     19.874668  ]
 [   0.14737462    0.02570761    0.        ]
 [   0.            0.            0.1496    ]]

iter 15 cost=370.309375 -> 275.698470 |dtheta|=3.792361e-01  lambda=1.000e-06

============================================================
Iteration 16
============================================================
Theta offsets (Unity frame):
  Source   : dSx=   0.000, dSy=   0.000, dSz=   0.000  (mm)
  Object   : dOx=  -9.994, dOy=   4.875, dOz= -16.481  (mm)
  Object offset: offset_x=  -0.013, offset_z=   0.003  (mm)
  Detector : dDx=   0.000, dDy=   0.000, dDz=   0.000  (mm)
  Obj Stage rotY :    9.895 deg
============================================================

Unity geometry (world coordinates):
  Source   : x=   0.000, y=  45.000, z=   0.000
  Object   : x=   0.006, y=  19.875, z= 572.519
  Detector : x=   0.000, y=   0.000, z= 674.000
  Obj rotY :   0.0000 deg
view   0 | SOD= 573.073 mm | SDD= 675.501 mm | M= 1.179 | incident=3.8197°
[[  98.39056    -564.0044      -25.125332  ]
 [ -17.431156     99.969475     19.874668  ]
 [   0.14737462    0.02570761    0.        ]
 [   0.            0.            0.1496    ]]
Residual vector length: 630, Jacobian shape: (630, 6)
view   0 | SOD= 572.574 mm | SDD= 675.501 mm | M= 1.180 | incident=3.8197°
[[  98.49833    -563.4781      -25.124832  ]
 [ -17.578571    100.45123      19.875168  ]
 [   0.14736474    0.02576425    0.        ]
 [   0.            0.            0.1496    ]]

iter 16 cost=275.698470 -> 184.085670 |dtheta|=4.828713e-01  lambda=1.000e-06

============================================================
Iteration 17
============================================================
Theta offsets (Unity frame):
  Source   : dSx=   0.000, dSy=   0.000, dSz=   0.000  (mm)
  Object   : dOx=  -9.972, dOy=   4.875, dOz= -16.962  (mm)
  Object offset: offset_x=  -0.012, offset_z=  -0.015  (mm)
  Detector : dDx=   0.000, dDy=   0.000, dDz=   0.000  (mm)
  Obj Stage rotY :    9.917 deg
============================================================

Unity geometry (world coordinates):
  Source   : x=   0.000, y=  45.000, z=   0.000
  Object   : x=   0.028, y=  19.875, z= 572.038
  Detector : x=   0.000, y=   0.000, z= 674.000
  Obj rotY :   0.0000 deg
view   0 | SOD= 572.574 mm | SDD= 675.501 mm | M= 1.180 | incident=3.8197°
[[  98.49833    -563.4781      -25.124832  ]
 [ -17.578571    100.45123      19.875168  ]
 [   0.14736474    0.02576425    0.        ]
 [   0.            0.            0.1496    ]]
Residual vector length: 630, Jacobian shape: (630, 6)
view   0 | SOD= 572.340 mm | SDD= 675.501 mm | M= 1.180 | incident=3.8197°
[[  98.82087    -563.18585     -25.083353  ]
 [ -17.67926     100.66936      19.916647  ]
 [   0.14734827    0.02585819    0.        ]
 [   0.            0.            0.1496    ]]

iter 17 cost=184.085670 -> 146.743695 |dtheta|=2.418019e-01  lambda=1.000e-06

============================================================
Iteration 18
============================================================
Theta offsets (Unity frame):
  Source   : dSx=   0.000, dSy=   0.000, dSz=   0.000  (mm)
  Object   : dOx=  -9.979, dOy=   4.917, dOz= -17.198  (mm)
  Object offset: offset_x=  -0.009, offset_z=  -0.012  (mm)
  Detector : dDx=   0.000, dDy=   0.000, dDz=   0.000  (mm)
  Obj Stage rotY :    9.953 deg
============================================================

Unity geometry (world coordinates):
  Source   : x=   0.000, y=  45.000, z=   0.000
  Object   : x=   0.021, y=  19.917, z= 571.802
  Detector : x=   0.000, y=   0.000, z= 674.000
  Obj rotY :   0.0000 deg
view   0 | SOD= 572.340 mm | SDD= 675.501 mm | M= 1.180 | incident=3.8197°
[[  98.82087    -563.18585     -25.083353  ]
 [ -17.67926     100.66936      19.916647  ]
 [   0.14734827    0.02585819    0.        ]
 [   0.            0.            0.1496    ]]
Residual vector length: 630, Jacobian shape: (630, 6)
view   0 | SOD= 572.264 mm | SDD= 675.501 mm | M= 1.180 | incident=3.8197°
[[  99.133446   -563.05426     -25.067345  ]
 [ -17.737583    100.73576      19.932655  ]
 [   0.1473338     0.02594051    0.        ]
 [   0.            0.            0.1496    ]]

iter 18 cost=146.743695 -> 125.488813 |dtheta|=1.120138e-01  lambda=1.000e-06

============================================================
Iteration 19
============================================================
Theta offsets (Unity frame):
  Source   : dSx=   0.000, dSy=   0.000, dSz=   0.000  (mm)
  Object   : dOx=  -9.988, dOy=   4.933, dOz= -17.300  (mm)
  Object offset: offset_x=  -0.011, offset_z=   0.014  (mm)
  Detector : dDx=   0.000, dDy=   0.000, dDz=   0.000  (mm)
  Obj Stage rotY :    9.986 deg
============================================================

Unity geometry (world coordinates):
  Source   : x=   0.000, y=  45.000, z=   0.000
  Object   : x=   0.012, y=  19.933, z= 571.700
  Detector : x=   0.000, y=   0.000, z= 674.000
  Obj rotY :   0.0000 deg
view   0 | SOD= 572.264 mm | SDD= 675.501 mm | M= 1.180 | incident=3.8197°
[[  99.133446   -563.05426     -25.067345  ]
 [ -17.737583    100.73576      19.932655  ]
 [   0.1473338     0.02594051    0.        ]
 [   0.            0.            0.1496    ]]
Residual vector length: 630, Jacobian shape: (630, 6)
view   0 | SOD= 571.931 mm | SDD= 675.501 mm | M= 1.181 | incident=3.8197°
[[  99.20654    -562.70276     -25.065912  ]
 [ -17.811342    101.06134      19.934088  ]
 [   0.14732806    0.02597311    0.        ]
 [   0.            0.            0.1496    ]]

iter 19 cost=125.488813 -> 80.225007 |dtheta|=3.274212e-01  lambda=1.000e-06

============================================================
Iteration 20
============================================================
Theta offsets (Unity frame):
  Source   : dSx=   0.000, dSy=   0.000, dSz=   0.000  (mm)
  Object   : dOx=  -9.994, dOy=   4.934, dOz= -17.627  (mm)
  Object offset: offset_x=  -0.011, offset_z=   0.008  (mm)
  Detector : dDx=   0.000, dDy=   0.000, dDz=   0.000  (mm)
  Obj Stage rotY :    9.998 deg
============================================================

Unity geometry (world coordinates):
  Source   : x=   0.000, y=  45.000, z=   0.000
  Object   : x=   0.006, y=  19.934, z= 571.373
  Detector : x=   0.000, y=   0.000, z= 674.000
  Obj rotY :   0.0000 deg
view   0 | SOD= 571.931 mm | SDD= 675.501 mm | M= 1.181 | incident=3.8197°
[[  99.20654    -562.70276     -25.065912  ]
 [ -17.811342    101.06134      19.934088  ]
 [   0.14732806    0.02597311    0.        ]
 [   0.            0.            0.1496    ]]
Residual vector length: 630, Jacobian shape: (630, 6)
view   0 | SOD= 571.705 mm | SDD= 675.501 mm | M= 1.182 | incident=3.8197°
[[  99.24363    -562.4668      -25.063133  ]
 [ -17.856583    101.2828       19.936867  ]
 [   0.14732483    0.02599138    0.        ]
 [   0.            0.            0.1496    ]]

iter 20 cost=80.225007 -> 55.888433 |dtheta|=2.209831e-01  lambda=1.000e-06

============================================================
Iteration 21
============================================================
Theta offsets (Unity frame):
  Source   : dSx=   0.000, dSy=   0.000, dSz=   0.000  (mm)
  Object   : dOx= -10.011, dOy=   4.937, dOz= -17.847  (mm)
  Object offset: offset_x=  -0.001, offset_z=   0.002  (mm)
  Detector : dDx=   0.000, dDy=   0.000, dDz=   0.000  (mm)
  Obj Stage rotY :   10.005 deg
============================================================

Unity geometry (world coordinates):
  Source   : x=   0.000, y=  45.000, z=   0.000
  Object   : x=  -0.011, y=  19.937, z= 571.153
  Detector : x=   0.000, y=   0.000, z= 674.000
  Obj rotY :   0.0000 deg
view   0 | SOD= 571.705 mm | SDD= 675.501 mm | M= 1.182 | incident=3.8197°
[[  99.24363    -562.4668      -25.063133  ]
 [ -17.856583    101.2828       19.936867  ]
 [   0.14732483    0.02599138    0.        ]
 [   0.            0.            0.1496    ]]
Residual vector length: 630, Jacobian shape: (630, 6)
view   0 | SOD= 571.526 mm | SDD= 675.501 mm | M= 1.182 | incident=3.8197°
[[  99.31606    -562.2726      -25.047258  ]
 [ -17.905632    101.45556      19.952742  ]
 [   0.14732008    0.02601835    0.        ]
 [   0.            0.            0.1496    ]]

iter 21 cost=55.888433 -> 40.268535 |dtheta|=1.734531e-01  lambda=1.000e-06

============================================================
Iteration 22
============================================================
Theta offsets (Unity frame):
  Source   : dSx=   0.000, dSy=   0.000, dSz=   0.000  (mm)
  Object   : dOx= -10.011, dOy=   4.953, dOz= -18.019  (mm)
  Object offset: offset_x=  -0.001, offset_z=  -0.004  (mm)
  Detector : dDx=   0.000, dDy=   0.000, dDz=   0.000  (mm)
  Obj Stage rotY :   10.016 deg
============================================================

Unity geometry (world coordinates):
  Source   : x=   0.000, y=  45.000, z=   0.000
  Object   : x=  -0.011, y=  19.953, z= 570.981
  Detector : x=   0.000, y=   0.000, z= 674.000
  Obj rotY :   0.0000 deg
view   0 | SOD= 571.526 mm | SDD= 675.501 mm | M= 1.182 | incident=3.8197°
[[  99.31606    -562.2726      -25.047258  ]
 [ -17.905632    101.45556      19.952742  ]
 [   0.14732008    0.02601835    0.        ]
 [   0.            0.            0.1496    ]]
Residual vector length: 630, Jacobian shape: (630, 6)
view   0 | SOD= 571.452 mm | SDD= 675.501 mm | M= 1.182 | incident=3.8197°
[[  99.043594   -562.2456      -25.042889  ]
 [ -17.865164    101.53774      19.957111  ]
 [   0.14733233    0.02594889    0.        ]
 [   0.            0.            0.1496    ]]

iter 22 cost=40.268535 -> 35.958220 |dtheta|=7.916563e-02  lambda=1.000e-06

============================================================
Iteration 23
============================================================
Theta offsets (Unity frame):
  Source   : dSx=   0.000, dSy=   0.000, dSz=   0.000  (mm)
  Object   : dOx= -10.010, dOy=   4.957, dOz= -18.093  (mm)
  Object offset: offset_x=  -0.007, offset_z=  -0.004  (mm)
  Detector : dDx=   0.000, dDy=   0.000, dDz=   0.000  (mm)
  Obj Stage rotY :    9.989 deg
============================================================

Unity geometry (world coordinates):
  Source   : x=   0.000, y=  45.000, z=   0.000
  Object   : x=  -0.010, y=  19.957, z= 570.907
  Detector : x=   0.000, y=   0.000, z= 674.000
  Obj rotY :   0.0000 deg
view   0 | SOD= 571.452 mm | SDD= 675.501 mm | M= 1.182 | incident=3.8197°
[[  99.043594   -562.2456      -25.042889  ]
 [ -17.865164    101.53774      19.957111  ]
 [   0.14733233    0.02594889    0.        ]
 [   0.            0.            0.1496    ]]
Residual vector length: 630, Jacobian shape: (630, 6)
view   0 | SOD= 571.373 mm | SDD= 675.501 mm | M= 1.182 | incident=3.8197°
[[  99.06839    -562.1621      -25.032139  ]
 [ -17.88924     101.61264      19.967861  ]
 [   0.14733042    0.02595974    0.        ]
 [   0.            0.            0.1496    ]]

iter 23 cost=35.958220 -> 28.672240 |dtheta|=8.491017e-02  lambda=1.000e-06

============================================================
Iteration 24
============================================================
Theta offsets (Unity frame):
  Source   : dSx=   0.000, dSy=   0.000, dSz=   0.000  (mm)
  Object   : dOx= -10.009, dOy=   4.968, dOz= -18.177  (mm)
  Object offset: offset_x=  -0.005, offset_z=   0.002  (mm)
  Detector : dDx=   0.000, dDy=   0.000, dDz=   0.000  (mm)
  Obj Stage rotY :    9.993 deg
============================================================

Unity geometry (world coordinates):
  Source   : x=   0.000, y=  45.000, z=   0.000
  Object   : x=  -0.009, y=  19.968, z= 570.823
  Detector : x=   0.000, y=   0.000, z= 674.000
  Obj rotY :   0.0000 deg
view   0 | SOD= 571.373 mm | SDD= 675.501 mm | M= 1.182 | incident=3.8197°
[[  99.06839    -562.1621      -25.032139  ]
 [ -17.88924     101.61264      19.967861  ]
 [   0.14733042    0.02595974    0.        ]
 [   0.            0.            0.1496    ]]
Residual vector length: 630, Jacobian shape: (630, 6)
view   0 | SOD= 571.251 mm | SDD= 675.501 mm | M= 1.182 | incident=3.8197°
[[  99.03794    -562.04297     -25.027132  ]
 [ -17.917528    101.73216      19.972868  ]
 [   0.14733051    0.02595926    0.        ]
 [   0.            0.            0.1496    ]]

iter 24 cost=28.672240 -> 21.889453 |dtheta|=1.215887e-01  lambda=1.000e-06

============================================================
Iteration 25
============================================================
Theta offsets (Unity frame):
  Source   : dSx=   0.000, dSy=   0.000, dSz=   0.000  (mm)
  Object   : dOx= -10.009, dOy=   4.973, dOz= -18.298  (mm)
  Object offset: offset_x=   0.002, offset_z=   0.000  (mm)
  Detector : dDx=   0.000, dDy=   0.000, dDz=   0.000  (mm)
  Obj Stage rotY :    9.993 deg
============================================================

Unity geometry (world coordinates):
  Source   : x=   0.000, y=  45.000, z=   0.000
  Object   : x=  -0.009, y=  19.973, z= 570.702
  Detector : x=   0.000, y=   0.000, z= 674.000
  Obj rotY :   0.0000 deg
view   0 | SOD= 571.251 mm | SDD= 675.501 mm | M= 1.182 | incident=3.8197°
[[  99.03794    -562.04297     -25.027132  ]
 [ -17.917528    101.73216      19.972868  ]
 [   0.14733051    0.02595926    0.        ]
 [   0.            0.            0.1496    ]]
Residual vector length: 630, Jacobian shape: (630, 6)
view   0 | SOD= 571.160 mm | SDD= 675.501 mm | M= 1.183 | incident=3.8197°
[[  98.968346   -561.96375     -25.020979  ]
 [ -17.913998    101.824265     19.979021  ]
 [   0.14733335    0.02594303    0.        ]
 [   0.            0.            0.1496    ]]

iter 25 cost=21.889453 -> 17.739146 |dtheta|=9.195748e-02  lambda=1.000e-06

============================================================
Iteration 26
============================================================
Theta offsets (Unity frame):
  Source   : dSx=   0.000, dSy=   0.000, dSz=   0.000  (mm)
  Object   : dOx= -10.010, dOy=   4.979, dOz= -18.390  (mm)
  Object offset: offset_x=  -0.005, offset_z=   0.002  (mm)
  Detector : dDx=   0.000, dDy=   0.000, dDz=   0.000  (mm)
  Obj Stage rotY :    9.986 deg
============================================================

Unity geometry (world coordinates):
  Source   : x=   0.000, y=  45.000, z=   0.000
  Object   : x=  -0.010, y=  19.979, z= 570.610
  Detector : x=   0.000, y=   0.000, z= 674.000
  Obj rotY :   0.0000 deg
view   0 | SOD= 571.160 mm | SDD= 675.501 mm | M= 1.183 | incident=3.8197°
[[  98.968346   -561.96375     -25.020979  ]
 [ -17.913998    101.824265     19.979021  ]
 [   0.14733335    0.02594303    0.        ]
 [   0.            0.            0.1496    ]]
Residual vector length: 630, Jacobian shape: (630, 6)
view   0 | SOD= 571.110 mm | SDD= 675.501 mm | M= 1.183 | incident=3.8197°
[[  98.87773    -561.92847     -25.020412  ]
 [ -17.906586    101.876816     19.979588  ]
 [   0.14733718    0.02592127    0.        ]
 [   0.            0.            0.1496    ]]

iter 26 cost=17.739146 -> 15.572986 |dtheta|=5.082628e-02  lambda=1.000e-06

============================================================
Iteration 27
============================================================
Theta offsets (Unity frame):
  Source   : dSx=   0.000, dSy=   0.000, dSz=   0.000  (mm)
  Object   : dOx= -10.013, dOy=   4.980, dOz= -18.440  (mm)
  Object offset: offset_x=  -0.004, offset_z=   0.001  (mm)
  Detector : dDx=   0.000, dDy=   0.000, dDz=   0.000  (mm)
  Obj Stage rotY :    9.978 deg
============================================================

Unity geometry (world coordinates):
  Source   : x=   0.000, y=  45.000, z=   0.000
  Object   : x=  -0.013, y=  19.980, z= 570.560
  Detector : x=   0.000, y=   0.000, z= 674.000
  Obj rotY :   0.0000 deg
view   0 | SOD= 571.110 mm | SDD= 675.501 mm | M= 1.183 | incident=3.8197°
[[  98.87773    -561.92847     -25.020412  ]
 [ -17.906586    101.876816     19.979588  ]
 [   0.14733718    0.02592127    0.        ]
 [   0.            0.            0.1496    ]]
Residual vector length: 630, Jacobian shape: (630, 6)
view   0 | SOD= 570.999 mm | SDD= 675.501 mm | M= 1.183 | incident=3.8197°
[[  98.84253    -561.822       -25.012877  ]
 [ -17.923647    101.98642      19.987123  ]
 [   0.1473379     0.02591724    0.        ]
 [   0.            0.            0.1496    ]]

iter 27 cost=15.572986 -> 10.935601 |dtheta|=1.135907e-01  lambda=1.000e-06

============================================================
Iteration 28
============================================================
Theta offsets (Unity frame):
  Source   : dSx=   0.000, dSy=   0.000, dSz=   0.000  (mm)
  Object   : dOx= -10.013, dOy=   4.987, dOz= -18.553  (mm)
  Object offset: offset_x=  -0.003, offset_z=   0.004  (mm)
  Detector : dDx=   0.000, dDy=   0.000, dDz=   0.000  (mm)
  Obj Stage rotY :    9.976 deg
============================================================

Unity geometry (world coordinates):
  Source   : x=   0.000, y=  45.000, z=   0.000
  Object   : x=  -0.013, y=  19.987, z= 570.447
  Detector : x=   0.000, y=   0.000, z= 674.000
  Obj rotY :   0.0000 deg
view   0 | SOD= 570.999 mm | SDD= 675.501 mm | M= 1.183 | incident=3.8197°
[[  98.84253    -561.822       -25.012877  ]
 [ -17.923647    101.98642      19.987123  ]
 [   0.1473379     0.02591724    0.        ]
 [   0.            0.            0.1496    ]]
Residual vector length: 630, Jacobian shape: (630, 6)
view   0 | SOD= 570.912 mm | SDD= 675.501 mm | M= 1.183 | incident=3.8197°
[[  98.859474   -561.7312      -25.01127   ]
 [ -17.943163    102.07086      19.98873   ]
 [   0.14733647    0.02592533    0.        ]
 [   0.            0.            0.1496    ]]

iter 28 cost=10.935601 -> 8.386419 |dtheta|=8.796865e-02  lambda=1.000e-06

============================================================
Iteration 29
============================================================
Theta offsets (Unity frame):
  Source   : dSx=   0.000, dSy=   0.000, dSz=   0.000  (mm)
  Object   : dOx= -10.010, dOy=   4.989, dOz= -18.641  (mm)
  Object offset: offset_x=  -0.007, offset_z=   0.005  (mm)
  Detector : dDx=   0.000, dDy=   0.000, dDz=   0.000  (mm)
  Obj Stage rotY :    9.980 deg
============================================================

Unity geometry (world coordinates):
  Source   : x=   0.000, y=  45.000, z=   0.000
  Object   : x=  -0.010, y=  19.989, z= 570.359
  Detector : x=   0.000, y=   0.000, z= 674.000
  Obj rotY :   0.0000 deg
view   0 | SOD= 570.912 mm | SDD= 675.501 mm | M= 1.183 | incident=3.8197°
[[  98.859474   -561.7312      -25.01127   ]
 [ -17.943163    102.07086      19.98873   ]
 [   0.14733647    0.02592533    0.        ]
 [   0.            0.            0.1496    ]]
Residual vector length: 630, Jacobian shape: (630, 6)
view   0 | SOD= 570.851 mm | SDD= 675.501 mm | M= 1.183 | incident=3.8197°
[[  98.830124   -561.6739      -25.009693  ]
 [ -17.958408    102.130646     19.990307  ]
 [   0.14733702    0.0259222     0.        ]
 [   0.            0.            0.1496    ]]

iter 29 cost=8.386419 -> 6.753223 |dtheta|=6.273786e-02  lambda=1.000e-06

============================================================
Iteration 30
============================================================
Theta offsets (Unity frame):
  Source   : dSx=   0.000, dSy=   0.000, dSz=   0.000  (mm)
  Object   : dOx= -10.007, dOy=   4.990, dOz= -18.703  (mm)
  Object offset: offset_x=  -0.003, offset_z=   0.006  (mm)
  Detector : dDx=   0.000, dDy=   0.000, dDz=   0.000  (mm)
  Obj Stage rotY :    9.978 deg
============================================================

Unity geometry (world coordinates):
  Source   : x=   0.000, y=  45.000, z=   0.000
  Object   : x=  -0.007, y=  19.990, z= 570.297
  Detector : x=   0.000, y=   0.000, z= 674.000
  Obj rotY :   0.0000 deg
view   0 | SOD= 570.851 mm | SDD= 675.501 mm | M= 1.183 | incident=3.8197°
[[  98.830124   -561.6739      -25.009693  ]
 [ -17.958408    102.130646     19.990307  ]
 [   0.14733702    0.0259222     0.        ]
 [   0.            0.            0.1496    ]]
Residual vector length: 630, Jacobian shape: (630, 6)
view   0 | SOD= 570.791 mm | SDD= 675.501 mm | M= 1.183 | incident=3.8197°
[[  98.788445   -561.6204      -25.007708  ]
 [ -17.965834    102.19013      19.992292  ]
 [   0.14733836    0.0259146     0.        ]
 [   0.            0.            0.1496    ]]

iter 30 cost=6.753223 -> 5.029674 |dtheta|=6.133664e-02  lambda=1.000e-06

============================================================
Iteration 31
============================================================
Theta offsets (Unity frame):
  Source   : dSx=   0.000, dSy=   0.000, dSz=   0.000  (mm)
  Object   : dOx= -10.005, dOy=   4.992, dOz= -18.764  (mm)
  Object offset: offset_x=  -0.002, offset_z=   0.007  (mm)
  Detector : dDx=   0.000, dDy=   0.000, dDz=   0.000  (mm)
  Obj Stage rotY :    9.975 deg
============================================================

Unity geometry (world coordinates):
  Source   : x=   0.000, y=  45.000, z=   0.000
  Object   : x=  -0.005, y=  19.992, z= 570.236
  Detector : x=   0.000, y=   0.000, z= 674.000
  Obj rotY :   0.0000 deg
view   0 | SOD= 570.791 mm | SDD= 675.501 mm | M= 1.183 | incident=3.8197°
[[  98.788445   -561.6204      -25.007708  ]
 [ -17.965834    102.19013      19.992292  ]
 [   0.14733836    0.0259146     0.        ]
 [   0.            0.            0.1496    ]]
Residual vector length: 630, Jacobian shape: (630, 6)
view   0 | SOD= 570.753 mm | SDD= 675.501 mm | M= 1.184 | incident=3.8197°
[[  98.7938     -561.5812      -25.006863  ]
 [ -17.979683    102.226        19.993137  ]
 [   0.14733762    0.02591886    0.        ]
 [   0.            0.            0.1496    ]]

iter 31 cost=5.029674 -> 4.290207 |dtheta|=3.567076e-02  lambda=1.000e-06

============================================================
Iteration 32
============================================================
Theta offsets (Unity frame):
  Source   : dSx=   0.000, dSy=   0.000, dSz=   0.000  (mm)
  Object   : dOx= -10.003, dOy=   4.993, dOz= -18.800  (mm)
  Object offset: offset_x=  -0.000, offset_z=   0.005  (mm)
  Detector : dDx=   0.000, dDy=   0.000, dDz=   0.000  (mm)
  Obj Stage rotY :    9.977 deg
============================================================

Unity geometry (world coordinates):
  Source   : x=   0.000, y=  45.000, z=   0.000
  Object   : x=  -0.003, y=  19.993, z= 570.200
  Detector : x=   0.000, y=   0.000, z= 674.000
  Obj rotY :   0.0000 deg
view   0 | SOD= 570.753 mm | SDD= 675.501 mm | M= 1.184 | incident=3.8197°
[[  98.7938     -561.5812      -25.006863  ]
 [ -17.979683    102.226        19.993137  ]
 [   0.14733762    0.02591886    0.        ]
 [   0.            0.            0.1496    ]]
Residual vector length: 630, Jacobian shape: (630, 6)
view   0 | SOD= 570.736 mm | SDD= 675.501 mm | M= 1.184 | incident=3.8197°
[[  98.75132    -561.5714      -25.006756  ]
 [ -17.978155    102.24349      19.993244  ]
 [   0.14733933    0.02590909    0.        ]
 [   0.            0.            0.1496    ]]

iter 32 cost=4.290207 -> 4.137092 |dtheta|=1.578306e-02  lambda=1.000e-06

============================================================
Iteration 33
============================================================
Theta offsets (Unity frame):
  Source   : dSx=   0.000, dSy=   0.000, dSz=   0.000  (mm)
  Object   : dOx= -10.001, dOy=   4.993, dOz= -18.815  (mm)
  Object offset: offset_x=  -0.000, offset_z=   0.003  (mm)
  Detector : dDx=   0.000, dDy=   0.000, dDz=   0.000  (mm)
  Obj Stage rotY :    9.973 deg
============================================================

Unity geometry (world coordinates):
  Source   : x=   0.000, y=  45.000, z=   0.000
  Object   : x=  -0.001, y=  19.993, z= 570.185
  Detector : x=   0.000, y=   0.000, z= 674.000
  Obj rotY :   0.0000 deg
view   0 | SOD= 570.736 mm | SDD= 675.501 mm | M= 1.184 | incident=3.8197°
[[  98.75132    -561.5714      -25.006756  ]
 [ -17.978155    102.24349      19.993244  ]
 [   0.14733933    0.02590909    0.        ]
 [   0.            0.            0.1496    ]]
Residual vector length: 630, Jacobian shape: (630, 6)
view   0 | SOD= 570.699 mm | SDD= 675.501 mm | M= 1.184 | incident=3.8197°
[[  98.8305     -561.51996     -25.006023  ]
 [ -18.004318    102.27638      19.993977  ]
 [   0.14733522    0.02593248    0.        ]
 [   0.            0.            0.1496    ]]

iter 33 cost=4.137092 -> 3.538163 |dtheta|=3.762924e-02  lambda=1.000e-06

============================================================
Iteration 34
============================================================
Theta offsets (Unity frame):
  Source   : dSx=   0.000, dSy=   0.000, dSz=   0.000  (mm)
  Object   : dOx= -10.000, dOy=   4.994, dOz= -18.851  (mm)
  Object offset: offset_x=   0.003, offset_z=   0.002  (mm)
  Detector : dDx=   0.000, dDy=   0.000, dDz=   0.000  (mm)
  Obj Stage rotY :    9.982 deg
============================================================

Unity geometry (world coordinates):
  Source   : x=   0.000, y=  45.000, z=   0.000
  Object   : x=  -0.000, y=  19.994, z= 570.149
  Detector : x=   0.000, y=   0.000, z= 674.000
  Obj rotY :   0.0000 deg
view   0 | SOD= 570.699 mm | SDD= 675.501 mm | M= 1.184 | incident=3.8197°
[[  98.8305     -561.51996     -25.006023  ]
 [ -18.004318    102.27638      19.993977  ]
 [   0.14733522    0.02593248    0.        ]
 [   0.            0.            0.1496    ]]
Residual vector length: 630, Jacobian shape: (630, 6)
view   0 | SOD= 570.685 mm | SDD= 675.501 mm | M= 1.184 | incident=3.8197°
[[  98.84724    -561.50275     -25.005154  ]
 [ -18.013039    102.28917      19.994846  ]
 [   0.14733422    0.02593813    0.        ]
 [   0.            0.            0.1496    ]]

iter 34 cost=3.538163 -> 3.408500 |dtheta|=1.591589e-02  lambda=1.000e-06

============================================================
Iteration 35
============================================================
Theta offsets (Unity frame):
  Source   : dSx=   0.000, dSy=   0.000, dSz=   0.000  (mm)
  Object   : dOx=  -9.999, dOy=   4.995, dOz= -18.867  (mm)
  Object offset: offset_x=   0.004, offset_z=   0.004  (mm)
  Detector : dDx=   0.000, dDy=   0.000, dDz=   0.000  (mm)
  Obj Stage rotY :    9.985 deg
============================================================

Unity geometry (world coordinates):
  Source   : x=   0.000, y=  45.000, z=   0.000
  Object   : x=   0.001, y=  19.995, z= 570.133
  Detector : x=   0.000, y=   0.000, z= 674.000
  Obj rotY :   0.0000 deg
view   0 | SOD= 570.685 mm | SDD= 675.501 mm | M= 1.184 | incident=3.8197°
[[  98.84724    -561.50275     -25.005154  ]
 [ -18.013039    102.28917      19.994846  ]
 [   0.14733422    0.02593813    0.        ]
 [   0.            0.            0.1496    ]]
Residual vector length: 630, Jacobian shape: (630, 6)
view   0 | SOD= 570.668 mm | SDD= 675.501 mm | M= 1.184 | incident=3.8197°
[[  98.83696    -561.4874      -25.004303  ]
 [ -18.015594    102.305824     19.995697  ]
 [   0.14733453    0.02593641    0.        ]
 [   0.            0.            0.1496    ]]

iter 35 cost=3.408500 -> 3.191474 |dtheta|=1.627647e-02  lambda=1.000e-06

============================================================
Iteration 36
============================================================
Theta offsets (Unity frame):
  Source   : dSx=   0.000, dSy=   0.000, dSz=   0.000  (mm)
  Object   : dOx=  -9.999, dOy=   4.996, dOz= -18.883  (mm)
  Object offset: offset_x=   0.004, offset_z=   0.003  (mm)
  Detector : dDx=   0.000, dDy=   0.000, dDz=   0.000  (mm)
  Obj Stage rotY :    9.984 deg
============================================================

Unity geometry (world coordinates):
  Source   : x=   0.000, y=  45.000, z=   0.000
  Object   : x=   0.001, y=  19.996, z= 570.117
  Detector : x=   0.000, y=   0.000, z= 674.000
  Obj rotY :   0.0000 deg
view   0 | SOD= 570.668 mm | SDD= 675.501 mm | M= 1.184 | incident=3.8197°
[[  98.83696    -561.4874      -25.004303  ]
 [ -18.015594    102.305824     19.995697  ]
 [   0.14733453    0.02593641    0.        ]
 [   0.            0.            0.1496    ]]
Residual vector length: 630, Jacobian shape: (630, 6)
view   0 | SOD= 570.651 mm | SDD= 675.501 mm | M= 1.184 | incident=3.8197°
[[  98.900925   -561.4588      -25.003178  ]
 [ -18.031149    102.320435     19.996822  ]
 [   0.14733142    0.02595406    0.        ]
 [   0.            0.            0.1496    ]]

iter 36 cost=3.191474 -> 3.061397 |dtheta|=1.786156e-02  lambda=1.000e-06

============================================================
Iteration 37
============================================================
Theta offsets (Unity frame):
  Source   : dSx=   0.000, dSy=   0.000, dSz=   0.000  (mm)
  Object   : dOx=  -9.998, dOy=   4.997, dOz= -18.899  (mm)
  Object offset: offset_x=   0.004, offset_z=   0.002  (mm)
  Detector : dDx=   0.000, dDy=   0.000, dDz=   0.000  (mm)
  Obj Stage rotY :    9.991 deg
============================================================

Unity geometry (world coordinates):
  Source   : x=   0.000, y=  45.000, z=   0.000
  Object   : x=   0.002, y=  19.997, z= 570.101
  Detector : x=   0.000, y=   0.000, z= 674.000
  Obj rotY :   0.0000 deg
view   0 | SOD= 570.651 mm | SDD= 675.501 mm | M= 1.184 | incident=3.8197°
[[  98.900925   -561.4588      -25.003178  ]
 [ -18.031149    102.320435     19.996822  ]
 [   0.14733142    0.02595406    0.        ]
 [   0.            0.            0.1496    ]]
Residual vector length: 630, Jacobian shape: (630, 6)
view   0 | SOD= 570.622 mm | SDD= 675.501 mm | M= 1.184 | incident=3.8197°
[[  98.89031    -561.43164     -25.000942  ]
 [ -18.036436    102.34857      19.999058  ]
 [   0.14733163    0.02595288    0.        ]
 [   0.            0.            0.1496    ]]

iter 37 cost=3.061397 -> 2.923677 |dtheta|=2.747533e-02  lambda=1.000e-06

============================================================
Iteration 38
============================================================
Theta offsets (Unity frame):
  Source   : dSx=   0.000, dSy=   0.000, dSz=   0.000  (mm)
  Object   : dOx=  -9.998, dOy=   4.999, dOz= -18.927  (mm)
  Object offset: offset_x=   0.005, offset_z=   0.001  (mm)
  Detector : dDx=   0.000, dDy=   0.000, dDz=   0.000  (mm)
  Obj Stage rotY :    9.990 deg
============================================================

Unity geometry (world coordinates):
  Source   : x=   0.000, y=  45.000, z=   0.000
  Object   : x=   0.002, y=  19.999, z= 570.073
  Detector : x=   0.000, y=   0.000, z= 674.000
  Obj rotY :   0.0000 deg
view   0 | SOD= 570.622 mm | SDD= 675.501 mm | M= 1.184 | incident=3.8197°
[[  98.89031    -561.43164     -25.000942  ]
 [ -18.036436    102.34857      19.999058  ]
 [   0.14733163    0.02595288    0.        ]
 [   0.            0.            0.1496    ]]
Residual vector length: 630, Jacobian shape: (630, 6)
view   0 | SOD= 570.598 mm | SDD= 675.501 mm | M= 1.184 | incident=3.8197°
[[  98.92334    -561.4013      -24.999662  ]
 [ -18.048523    102.37092      20.000338  ]
 [   0.14732987    0.02596289    0.        ]
 [   0.            0.            0.1496    ]]

iter 38 cost=2.923677 -> 2.911174 |dtheta|=2.360724e-02  lambda=1.000e-06

============================================================
Iteration 39
============================================================
Theta offsets (Unity frame):
  Source   : dSx=   0.000, dSy=   0.000, dSz=   0.000  (mm)
  Object   : dOx=  -9.998, dOy=   5.000, dOz= -18.950  (mm)
  Object offset: offset_x=   0.006, offset_z=   0.000  (mm)
  Detector : dDx=   0.000, dDy=   0.000, dDz=   0.000  (mm)
  Obj Stage rotY :    9.994 deg
============================================================

Unity geometry (world coordinates):
  Source   : x=   0.000, y=  45.000, z=   0.000
  Object   : x=   0.002, y=  20.000, z= 570.050
  Detector : x=   0.000, y=   0.000, z= 674.000
  Obj rotY :   0.0000 deg
view   0 | SOD= 570.598 mm | SDD= 675.501 mm | M= 1.184 | incident=3.8197°
[[  98.92334    -561.4013      -24.999662  ]
 [ -18.048523    102.37092      20.000338  ]
 [   0.14732987    0.02596289    0.        ]
 [   0.            0.            0.1496    ]]
Residual vector length: 630, Jacobian shape: (630, 6)
view   0 | SOD= 570.580 mm | SDD= 675.501 mm | M= 1.184 | incident=3.8197°
[[  98.96435    -561.376       -24.998444  ]
 [ -18.058855    102.38719      20.001556  ]
 [   0.14732786    0.02597429    0.        ]
 [   0.            0.            0.1496    ]]

iter 39 cost=2.911174 -> 2.709197 |dtheta|=1.859248e-02  lambda=1.000e-06

============================================================
Iteration 40
============================================================
Theta offsets (Unity frame):
  Source   : dSx=   0.000, dSy=   0.000, dSz=   0.000  (mm)
  Object   : dOx=  -9.997, dOy=   5.002, dOz= -18.968  (mm)
  Object offset: offset_x=   0.005, offset_z=   0.000  (mm)
  Detector : dDx=   0.000, dDy=   0.000, dDz=   0.000  (mm)
  Obj Stage rotY :    9.999 deg
============================================================

Unity geometry (world coordinates):
  Source   : x=   0.000, y=  45.000, z=   0.000
  Object   : x=   0.003, y=  20.002, z= 570.032
  Detector : x=   0.000, y=   0.000, z= 674.000
  Obj rotY :   0.0000 deg
view   0 | SOD= 570.580 mm | SDD= 675.501 mm | M= 1.184 | incident=3.8197°
[[  98.96435    -561.376       -24.998444  ]
 [ -18.058855    102.38719      20.001556  ]
 [   0.14732786    0.02597429    0.        ]
 [   0.            0.            0.1496    ]]
Residual vector length: 630, Jacobian shape: (630, 6)
view   0 | SOD= 570.571 mm | SDD= 675.501 mm | M= 1.184 | incident=3.8197°
[[  98.94911    -561.3693      -24.997417  ]
 [ -18.057886    102.39672      20.002583  ]
 [   0.14732848    0.02597069    0.        ]
 [   0.            0.            0.1496    ]]

iter 40 cost=2.709197 -> 2.763503 |dtheta|=9.296985e-03  lambda=1.000e-06

============================================================
Iteration 41
============================================================
Theta offsets (Unity frame):
  Source   : dSx=   0.000, dSy=   0.000, dSz=   0.000  (mm)
  Object   : dOx=  -9.997, dOy=   5.002, dOz= -18.968  (mm)
  Object offset: offset_x=   0.005, offset_z=   0.000  (mm)
  Detector : dDx=   0.000, dDy=   0.000, dDz=   0.000  (mm)
  Obj Stage rotY :    9.999 deg
============================================================

Unity geometry (world coordinates):
  Source   : x=   0.000, y=  45.000, z=   0.000
  Object   : x=   0.003, y=  20.002, z= 570.032
  Detector : x=   0.000, y=   0.000, z= 674.000
  Obj rotY :   0.0000 deg
view   0 | SOD= 570.580 mm | SDD= 675.501 mm | M= 1.184 | incident=3.8197°
[[  98.96435    -561.376       -24.998444  ]
 [ -18.058855    102.38719      20.001556  ]
 [   0.14732786    0.02597429    0.        ]
 [   0.            0.            0.1496    ]]
Residual vector length: 630, Jacobian shape: (630, 6)
view   0 | SOD= 570.571 mm | SDD= 675.501 mm | M= 1.184 | incident=3.8197°
[[  98.94911    -561.3693      -24.997417  ]
 [ -18.057886    102.39672      20.002583  ]
 [   0.14732848    0.02597069    0.        ]
 [   0.            0.            0.1496    ]]

iter 41 cost=2.709197 -> 2.763503 |dtheta|=9.296985e-03  lambda=5.000e-06

============================================================
Iteration 42
============================================================
Theta offsets (Unity frame):
  Source   : dSx=   0.000, dSy=   0.000, dSz=   0.000  (mm)
  Object   : dOx=  -9.997, dOy=   5.002, dOz= -18.968  (mm)
  Object offset: offset_x=   0.005, offset_z=   0.000  (mm)
  Detector : dDx=   0.000, dDy=   0.000, dDz=   0.000  (mm)
  Obj Stage rotY :    9.999 deg
============================================================

Unity geometry (world coordinates):
  Source   : x=   0.000, y=  45.000, z=   0.000
  Object   : x=   0.003, y=  20.002, z= 570.032
  Detector : x=   0.000, y=   0.000, z= 674.000
  Obj rotY :   0.0000 deg
view   0 | SOD= 570.580 mm | SDD= 675.501 mm | M= 1.184 | incident=3.8197°
[[  98.96435    -561.376       -24.998444  ]
 [ -18.058855    102.38719      20.001556  ]
 [   0.14732786    0.02597429    0.        ]
 [   0.            0.            0.1496    ]]
Residual vector length: 630, Jacobian shape: (630, 6)
view   0 | SOD= 570.571 mm | SDD= 675.501 mm | M= 1.184 | incident=3.8197°
[[  98.94911    -561.3693      -24.997417  ]
 [ -18.057886    102.39672      20.002583  ]
 [   0.14732848    0.02597069    0.        ]
 [   0.            0.            0.1496    ]]

iter 42 cost=2.709197 -> 2.763503 |dtheta|=9.296985e-03  lambda=2.500e-05

============================================================
Iteration 43
============================================================
Theta offsets (Unity frame):
  Source   : dSx=   0.000, dSy=   0.000, dSz=   0.000  (mm)
  Object   : dOx=  -9.997, dOy=   5.002, dOz= -18.968  (mm)
  Object offset: offset_x=   0.005, offset_z=   0.000  (mm)
  Detector : dDx=   0.000, dDy=   0.000, dDz=   0.000  (mm)
  Obj Stage rotY :    9.999 deg
============================================================

Unity geometry (world coordinates):
  Source   : x=   0.000, y=  45.000, z=   0.000
  Object   : x=   0.003, y=  20.002, z= 570.032
  Detector : x=   0.000, y=   0.000, z= 674.000
  Obj rotY :   0.0000 deg
view   0 | SOD= 570.580 mm | SDD= 675.501 mm | M= 1.184 | incident=3.8197°
[[  98.96435    -561.376       -24.998444  ]
 [ -18.058855    102.38719      20.001556  ]
 [   0.14732786    0.02597429    0.        ]
 [   0.            0.            0.1496    ]]
Residual vector length: 630, Jacobian shape: (630, 6)
view   0 | SOD= 570.571 mm | SDD= 675.501 mm | M= 1.184 | incident=3.8197°
[[  98.94911    -561.3693      -24.997417  ]
 [ -18.057886    102.39672      20.002583  ]
 [   0.14732848    0.02597069    0.        ]
 [   0.            0.            0.1496    ]]

iter 43 cost=2.709197 -> 2.763503 |dtheta|=9.296983e-03  lambda=1.250e-04

============================================================
Iteration 44
============================================================
Theta offsets (Unity frame):
  Source   : dSx=   0.000, dSy=   0.000, dSz=   0.000  (mm)
  Object   : dOx=  -9.997, dOy=   5.002, dOz= -18.968  (mm)
  Object offset: offset_x=   0.005, offset_z=   0.000  (mm)
  Detector : dDx=   0.000, dDy=   0.000, dDz=   0.000  (mm)
  Obj Stage rotY :    9.999 deg
============================================================

Unity geometry (world coordinates):
  Source   : x=   0.000, y=  45.000, z=   0.000
  Object   : x=   0.003, y=  20.002, z= 570.032
  Detector : x=   0.000, y=   0.000, z= 674.000
  Obj rotY :   0.0000 deg
view   0 | SOD= 570.580 mm | SDD= 675.501 mm | M= 1.184 | incident=3.8197°
[[  98.96435    -561.376       -24.998444  ]
 [ -18.058855    102.38719      20.001556  ]
 [   0.14732786    0.02597429    0.        ]
 [   0.            0.            0.1496    ]]
Residual vector length: 630, Jacobian shape: (630, 6)
view   0 | SOD= 570.571 mm | SDD= 675.501 mm | M= 1.184 | incident=3.8197°
[[  98.94911    -561.3693      -24.997417  ]
 [ -18.057886    102.39672      20.002583  ]
 [   0.14732848    0.02597069    0.        ]
 [   0.            0.            0.1496    ]]

iter 44 cost=2.709197 -> 2.763503 |dtheta|=9.296977e-03  lambda=6.250e-04

============================================================
Iteration 45
============================================================
Theta offsets (Unity frame):
  Source   : dSx=   0.000, dSy=   0.000, dSz=   0.000  (mm)
  Object   : dOx=  -9.997, dOy=   5.002, dOz= -18.968  (mm)
  Object offset: offset_x=   0.005, offset_z=   0.000  (mm)
  Detector : dDx=   0.000, dDy=   0.000, dDz=   0.000  (mm)
  Obj Stage rotY :    9.999 deg
============================================================

Unity geometry (world coordinates):
  Source   : x=   0.000, y=  45.000, z=   0.000
  Object   : x=   0.003, y=  20.002, z= 570.032
  Detector : x=   0.000, y=   0.000, z= 674.000
  Obj rotY :   0.0000 deg
view   0 | SOD= 570.580 mm | SDD= 675.501 mm | M= 1.184 | incident=3.8197°
[[  98.96435    -561.376       -24.998444  ]
 [ -18.058855    102.38719      20.001556  ]
 [   0.14732786    0.02597429    0.        ]
 [   0.            0.            0.1496    ]]
Residual vector length: 630, Jacobian shape: (630, 6)
view   0 | SOD= 570.571 mm | SDD= 675.501 mm | M= 1.184 | incident=3.8197°
[[  98.94911    -561.3693      -24.997417  ]
 [ -18.057886    102.39672      20.002583  ]
 [   0.14732848    0.02597069    0.        ]
 [   0.            0.            0.1496    ]]

iter 45 cost=2.709197 -> 2.763503 |dtheta|=9.296946e-03  lambda=3.125e-03

============================================================
Iteration 46
============================================================
Theta offsets (Unity frame):
  Source   : dSx=   0.000, dSy=   0.000, dSz=   0.000  (mm)
  Object   : dOx=  -9.997, dOy=   5.002, dOz= -18.968  (mm)
  Object offset: offset_x=   0.005, offset_z=   0.000  (mm)
  Detector : dDx=   0.000, dDy=   0.000, dDz=   0.000  (mm)
  Obj Stage rotY :    9.999 deg
============================================================

Unity geometry (world coordinates):
  Source   : x=   0.000, y=  45.000, z=   0.000
  Object   : x=   0.003, y=  20.002, z= 570.032
  Detector : x=   0.000, y=   0.000, z= 674.000
  Obj rotY :   0.0000 deg
view   0 | SOD= 570.580 mm | SDD= 675.501 mm | M= 1.184 | incident=3.8197°
[[  98.96435    -561.376       -24.998444  ]
 [ -18.058855    102.38719      20.001556  ]
 [   0.14732786    0.02597429    0.        ]
 [   0.            0.            0.1496    ]]
Residual vector length: 630, Jacobian shape: (630, 6)
view   0 | SOD= 570.571 mm | SDD= 675.501 mm | M= 1.184 | incident=3.8197°
[[  98.94911    -561.3693      -24.997417  ]
 [ -18.057886    102.39672      20.002583  ]
 [   0.14732848    0.02597069    0.        ]
 [   0.            0.            0.1496    ]]

iter 46 cost=2.709197 -> 2.763503 |dtheta|=9.296791e-03  lambda=1.562e-02

============================================================
Iteration 47
============================================================
Theta offsets (Unity frame):
  Source   : dSx=   0.000, dSy=   0.000, dSz=   0.000  (mm)
  Object   : dOx=  -9.997, dOy=   5.002, dOz= -18.968  (mm)
  Object offset: offset_x=   0.005, offset_z=   0.000  (mm)
  Detector : dDx=   0.000, dDy=   0.000, dDz=   0.000  (mm)
  Obj Stage rotY :    9.999 deg
============================================================

Unity geometry (world coordinates):
  Source   : x=   0.000, y=  45.000, z=   0.000
  Object   : x=   0.003, y=  20.002, z= 570.032
  Detector : x=   0.000, y=   0.000, z= 674.000
  Obj rotY :   0.0000 deg
view   0 | SOD= 570.580 mm | SDD= 675.501 mm | M= 1.184 | incident=3.8197°
[[  98.96435    -561.376       -24.998444  ]
 [ -18.058855    102.38719      20.001556  ]
 [   0.14732786    0.02597429    0.        ]
 [   0.            0.            0.1496    ]]
Residual vector length: 630, Jacobian shape: (630, 6)
view   0 | SOD= 570.571 mm | SDD= 675.501 mm | M= 1.184 | incident=3.8197°
[[  98.94911    -561.3693      -24.997417  ]
 [ -18.057886    102.39672      20.002583  ]
 [   0.14732848    0.02597069    0.        ]
 [   0.            0.            0.1496    ]]

iter 47 cost=2.709197 -> 2.763503 |dtheta|=9.296015e-03  lambda=7.812e-02

============================================================
Iteration 48
============================================================
Theta offsets (Unity frame):
  Source   : dSx=   0.000, dSy=   0.000, dSz=   0.000  (mm)
  Object   : dOx=  -9.997, dOy=   5.002, dOz= -18.968  (mm)
  Object offset: offset_x=   0.005, offset_z=   0.000  (mm)
  Detector : dDx=   0.000, dDy=   0.000, dDz=   0.000  (mm)
  Obj Stage rotY :    9.999 deg
============================================================

Unity geometry (world coordinates):
  Source   : x=   0.000, y=  45.000, z=   0.000
  Object   : x=   0.003, y=  20.002, z= 570.032
  Detector : x=   0.000, y=   0.000, z= 674.000
  Obj rotY :   0.0000 deg
view   0 | SOD= 570.580 mm | SDD= 675.501 mm | M= 1.184 | incident=3.8197°
[[  98.96435    -561.376       -24.998444  ]
 [ -18.058855    102.38719      20.001556  ]
 [   0.14732786    0.02597429    0.        ]
 [   0.            0.            0.1496    ]]
Residual vector length: 630, Jacobian shape: (630, 6)
view   0 | SOD= 570.571 mm | SDD= 675.501 mm | M= 1.184 | incident=3.8197°
[[  98.94911    -561.3693      -24.99742   ]
 [ -18.057886    102.39672      20.00258   ]
 [   0.14732848    0.02597069    0.        ]
 [   0.            0.            0.1496    ]]

iter 48 cost=2.709197 -> 2.763503 |dtheta|=9.292138e-03  lambda=3.906e-01

============================================================
Iteration 49
============================================================
Theta offsets (Unity frame):
  Source   : dSx=   0.000, dSy=   0.000, dSz=   0.000  (mm)
  Object   : dOx=  -9.997, dOy=   5.002, dOz= -18.968  (mm)
  Object offset: offset_x=   0.005, offset_z=   0.000  (mm)
  Detector : dDx=   0.000, dDy=   0.000, dDz=   0.000  (mm)
  Obj Stage rotY :    9.999 deg
============================================================

Unity geometry (world coordinates):
  Source   : x=   0.000, y=  45.000, z=   0.000
  Object   : x=   0.003, y=  20.002, z= 570.032
  Detector : x=   0.000, y=   0.000, z= 674.000
  Obj rotY :   0.0000 deg
view   0 | SOD= 570.580 mm | SDD= 675.501 mm | M= 1.184 | incident=3.8197°
[[  98.96435    -561.376       -24.998444  ]
 [ -18.058855    102.38719      20.001556  ]
 [   0.14732786    0.02597429    0.        ]
 [   0.            0.            0.1496    ]]
Residual vector length: 630, Jacobian shape: (630, 6)
view   0 | SOD= 570.571 mm | SDD= 675.501 mm | M= 1.184 | incident=3.8197°
[[  98.949135   -561.3693      -24.99742   ]
 [ -18.05789     102.39672      20.00258   ]
 [   0.14732848    0.0259707     0.        ]
 [   0.            0.            0.1496    ]]

iter 49 cost=2.709197 -> 2.754627 |dtheta|=9.272803e-03  lambda=1.953e+00

============================================================
Iteration 50
============================================================
Theta offsets (Unity frame):
  Source   : dSx=   0.000, dSy=   0.000, dSz=   0.000  (mm)
  Object   : dOx=  -9.997, dOy=   5.002, dOz= -18.968  (mm)
  Object offset: offset_x=   0.005, offset_z=   0.000  (mm)
  Detector : dDx=   0.000, dDy=   0.000, dDz=   0.000  (mm)
  Obj Stage rotY :    9.999 deg
============================================================

Unity geometry (world coordinates):
  Source   : x=   0.000, y=  45.000, z=   0.000
  Object   : x=   0.003, y=  20.002, z= 570.032
  Detector : x=   0.000, y=   0.000, z= 674.000
  Obj rotY :   0.0000 deg
view   0 | SOD= 570.580 mm | SDD= 675.501 mm | M= 1.184 | incident=3.8197°
[[  98.96435    -561.376       -24.998444  ]
 [ -18.058855    102.38719      20.001556  ]
 [   0.14732786    0.02597429    0.        ]
 [   0.            0.            0.1496    ]]
Residual vector length: 630, Jacobian shape: (630, 6)
view   0 | SOD= 570.571 mm | SDD= 675.501 mm | M= 1.184 | incident=3.8197°
[[  98.949265   -561.36945     -24.997425  ]
 [ -18.057888    102.3966       20.002575  ]
 [   0.14732848    0.02597073    0.        ]
 [   0.            0.            0.1496    ]]

iter 50 cost=2.709197 -> 2.765202 |dtheta|=9.177333e-03  lambda=9.766e+00

============================================================
Iteration 51
============================================================
Theta offsets (Unity frame):
  Source   : dSx=   0.000, dSy=   0.000, dSz=   0.000  (mm)
  Object   : dOx=  -9.997, dOy=   5.002, dOz= -18.968  (mm)
  Object offset: offset_x=   0.005, offset_z=   0.000  (mm)
  Detector : dDx=   0.000, dDy=   0.000, dDz=   0.000  (mm)
  Obj Stage rotY :    9.999 deg
============================================================

Unity geometry (world coordinates):
  Source   : x=   0.000, y=  45.000, z=   0.000
  Object   : x=   0.003, y=  20.002, z= 570.032
  Detector : x=   0.000, y=   0.000, z= 674.000
  Obj rotY :   0.0000 deg
view   0 | SOD= 570.580 mm | SDD= 675.501 mm | M= 1.184 | incident=3.8197°
[[  98.96435    -561.376       -24.998444  ]
 [ -18.058855    102.38719      20.001556  ]
 [   0.14732786    0.02597429    0.        ]
 [   0.            0.            0.1496    ]]
Residual vector length: 630, Jacobian shape: (630, 6)
view   0 | SOD= 570.572 mm | SDD= 675.501 mm | M= 1.184 | incident=3.8197°
[[  98.94984    -561.36975     -24.997444  ]
 [ -18.057901    102.396164     20.002556  ]
 [   0.14732845    0.02597086    0.        ]
 [   0.            0.            0.1496    ]]

iter 51 cost=2.709197 -> 2.765202 |dtheta|=8.728300e-03  lambda=4.883e+01

============================================================
Iteration 52
============================================================
Theta offsets (Unity frame):
  Source   : dSx=   0.000, dSy=   0.000, dSz=   0.000  (mm)
  Object   : dOx=  -9.997, dOy=   5.002, dOz= -18.968  (mm)
  Object offset: offset_x=   0.005, offset_z=   0.000  (mm)
  Detector : dDx=   0.000, dDy=   0.000, dDz=   0.000  (mm)
  Obj Stage rotY :    9.999 deg
============================================================

Unity geometry (world coordinates):
  Source   : x=   0.000, y=  45.000, z=   0.000
  Object   : x=   0.003, y=  20.002, z= 570.032
  Detector : x=   0.000, y=   0.000, z= 674.000
  Obj rotY :   0.0000 deg
view   0 | SOD= 570.580 mm | SDD= 675.501 mm | M= 1.184 | incident=3.8197°
[[  98.96435    -561.376       -24.998444  ]
 [ -18.058855    102.38719      20.001556  ]
 [   0.14732786    0.02597429    0.        ]
 [   0.            0.            0.1496    ]]
Residual vector length: 630, Jacobian shape: (630, 6)
view   0 | SOD= 570.573 mm | SDD= 675.501 mm | M= 1.184 | incident=3.8197°
[[  98.95212    -561.37115     -24.997526  ]
 [ -18.057943    102.394356     20.002474  ]
 [   0.14732836    0.02597137    0.        ]
 [   0.            0.            0.1496    ]]

iter 52 cost=2.709197 -> 2.802509 |dtheta|=7.017260e-03  lambda=2.441e+02

============================================================
Iteration 53
============================================================
Theta offsets (Unity frame):
  Source   : dSx=   0.000, dSy=   0.000, dSz=   0.000  (mm)
  Object   : dOx=  -9.997, dOy=   5.002, dOz= -18.968  (mm)
  Object offset: offset_x=   0.005, offset_z=   0.000  (mm)
  Detector : dDx=   0.000, dDy=   0.000, dDz=   0.000  (mm)
  Obj Stage rotY :    9.999 deg
============================================================

Unity geometry (world coordinates):
  Source   : x=   0.000, y=  45.000, z=   0.000
  Object   : x=   0.003, y=  20.002, z= 570.032
  Detector : x=   0.000, y=   0.000, z= 674.000
  Obj rotY :   0.0000 deg
view   0 | SOD= 570.580 mm | SDD= 675.501 mm | M= 1.184 | incident=3.8197°
[[  98.96435    -561.376       -24.998444  ]
 [ -18.058855    102.38719      20.001556  ]
 [   0.14732786    0.02597429    0.        ]
 [   0.            0.            0.1496    ]]
Residual vector length: 630, Jacobian shape: (630, 6)
view   0 | SOD= 570.577 mm | SDD= 675.501 mm | M= 1.184 | incident=3.8197°
[[  98.95734    -561.3738      -24.997711  ]
 [ -18.05817     102.390785     20.002289  ]
 [   0.14732815    0.02597258    0.        ]
 [   0.            0.            0.1496    ]]

iter 53 cost=2.709197 -> 2.803706 |dtheta|=3.576841e-03  lambda=1.221e+03

============================================================
Iteration 54
============================================================
Theta offsets (Unity frame):
  Source   : dSx=   0.000, dSy=   0.000, dSz=   0.000  (mm)
  Object   : dOx=  -9.997, dOy=   5.002, dOz= -18.968  (mm)
  Object offset: offset_x=   0.005, offset_z=   0.000  (mm)
  Detector : dDx=   0.000, dDy=   0.000, dDz=   0.000  (mm)
  Obj Stage rotY :    9.999 deg
============================================================

Unity geometry (world coordinates):
  Source   : x=   0.000, y=  45.000, z=   0.000
  Object   : x=   0.003, y=  20.002, z= 570.032
  Detector : x=   0.000, y=   0.000, z= 674.000
  Obj rotY :   0.0000 deg
view   0 | SOD= 570.580 mm | SDD= 675.501 mm | M= 1.184 | incident=3.8197°
[[  98.96435    -561.376       -24.998444  ]
 [ -18.058855    102.38719      20.001556  ]
 [   0.14732786    0.02597429    0.        ]
 [   0.            0.            0.1496    ]]
Residual vector length: 630, Jacobian shape: (630, 6)
view   0 | SOD= 570.579 mm | SDD= 675.501 mm | M= 1.184 | incident=3.8197°
[[  98.96211    -561.3755      -24.997955  ]
 [ -18.058558    102.388176     20.002045  ]
 [   0.14732794    0.02597373    0.        ]
 [   0.            0.            0.1496    ]]

iter 54 cost=2.709197 -> 2.799531 |dtheta|=1.119355e-03  lambda=6.104e+03

============================================================
Iteration 55
============================================================
Theta offsets (Unity frame):
  Source   : dSx=   0.000, dSy=   0.000, dSz=   0.000  (mm)
  Object   : dOx=  -9.997, dOy=   5.002, dOz= -18.968  (mm)
  Object offset: offset_x=   0.005, offset_z=   0.000  (mm)
  Detector : dDx=   0.000, dDy=   0.000, dDz=   0.000  (mm)
  Obj Stage rotY :    9.999 deg
============================================================

Unity geometry (world coordinates):
  Source   : x=   0.000, y=  45.000, z=   0.000
  Object   : x=   0.003, y=  20.002, z= 570.032
  Detector : x=   0.000, y=   0.000, z= 674.000
  Obj rotY :   0.0000 deg
view   0 | SOD= 570.580 mm | SDD= 675.501 mm | M= 1.184 | incident=3.8197°
[[  98.96435    -561.376       -24.998444  ]
 [ -18.058855    102.38719      20.001556  ]
 [   0.14732786    0.02597429    0.        ]
 [   0.            0.            0.1496    ]]
Residual vector length: 630, Jacobian shape: (630, 6)
view   0 | SOD= 570.580 mm | SDD= 675.501 mm | M= 1.184 | incident=3.8197°
[[  98.96386    -561.37585     -24.99823   ]
 [ -18.058784    102.38746      20.00177   ]
 [   0.14732787    0.02597417    0.        ]
 [   0.            0.            0.1496    ]]

iter 55 cost=2.709197 -> 2.782916 |dtheta|=3.083048e-04  lambda=3.052e+04

============================================================
Iteration 56
============================================================
Theta offsets (Unity frame):
  Source   : dSx=   0.000, dSy=   0.000, dSz=   0.000  (mm)
  Object   : dOx=  -9.997, dOy=   5.002, dOz= -18.968  (mm)
  Object offset: offset_x=   0.005, offset_z=   0.000  (mm)
  Detector : dDx=   0.000, dDy=   0.000, dDz=   0.000  (mm)
  Obj Stage rotY :    9.999 deg
============================================================

Unity geometry (world coordinates):
  Source   : x=   0.000, y=  45.000, z=   0.000
  Object   : x=   0.003, y=  20.002, z= 570.032
  Detector : x=   0.000, y=   0.000, z= 674.000
  Obj rotY :   0.0000 deg
view   0 | SOD= 570.580 mm | SDD= 675.501 mm | M= 1.184 | incident=3.8197°
[[  98.96435    -561.376       -24.998444  ]
 [ -18.058855    102.38719      20.001556  ]
 [   0.14732786    0.02597429    0.        ]
 [   0.            0.            0.1496    ]]
Residual vector length: 630, Jacobian shape: (630, 6)
view   0 | SOD= 570.580 mm | SDD= 675.501 mm | M= 1.184 | incident=3.8197°
[[  98.96425    -561.376       -24.998388  ]
 [ -18.058842    102.38726      20.001612  ]
 [   0.14732786    0.02597426    0.        ]
 [   0.            0.            0.1496    ]]

iter 56 cost=2.709197 -> 2.735535 |dtheta|=7.300579e-05  lambda=1.526e+05

============================================================
Iteration 57
============================================================
Theta offsets (Unity frame):
  Source   : dSx=   0.000, dSy=   0.000, dSz=   0.000  (mm)
  Object   : dOx=  -9.997, dOy=   5.002, dOz= -18.968  (mm)
  Object offset: offset_x=   0.005, offset_z=   0.000  (mm)
  Detector : dDx=   0.000, dDy=   0.000, dDz=   0.000  (mm)
  Obj Stage rotY :    9.999 deg
============================================================

Unity geometry (world coordinates):
  Source   : x=   0.000, y=  45.000, z=   0.000
  Object   : x=   0.003, y=  20.002, z= 570.032
  Detector : x=   0.000, y=   0.000, z= 674.000
  Obj rotY :   0.0000 deg
view   0 | SOD= 570.580 mm | SDD= 675.501 mm | M= 1.184 | incident=3.8197°
[[  98.96435    -561.376       -24.998444  ]
 [ -18.058855    102.38719      20.001556  ]
 [   0.14732786    0.02597429    0.        ]
 [   0.            0.            0.1496    ]]
Residual vector length: 630, Jacobian shape: (630, 6)
view   0 | SOD= 570.580 mm | SDD= 675.501 mm | M= 1.184 | incident=3.8197°
[[  98.96432    -561.3759      -24.998432  ]
 [ -18.05886     102.38725      20.001568  ]
 [   0.14732786    0.02597428    0.        ]
 [   0.            0.            0.1496    ]]

iter 57 cost=2.709197 -> 2.722986 |dtheta|=1.528848e-05  lambda=7.629e+05

============================================================
Iteration 58
============================================================
Theta offsets (Unity frame):
  Source   : dSx=   0.000, dSy=   0.000, dSz=   0.000  (mm)
  Object   : dOx=  -9.997, dOy=   5.002, dOz= -18.968  (mm)
  Object offset: offset_x=   0.005, offset_z=   0.000  (mm)
  Detector : dDx=   0.000, dDy=   0.000, dDz=   0.000  (mm)
  Obj Stage rotY :    9.999 deg
============================================================

Unity geometry (world coordinates):
  Source   : x=   0.000, y=  45.000, z=   0.000
  Object   : x=   0.003, y=  20.002, z= 570.032
  Detector : x=   0.000, y=   0.000, z= 674.000
  Obj rotY :   0.0000 deg
view   0 | SOD= 570.580 mm | SDD= 675.501 mm | M= 1.184 | incident=3.8197°
[[  98.96435    -561.376       -24.998444  ]
 [ -18.058855    102.38719      20.001556  ]
 [   0.14732786    0.02597429    0.        ]
 [   0.            0.            0.1496    ]]
Residual vector length: 630, Jacobian shape: (630, 6)
view   0 | SOD= 570.580 mm | SDD= 675.501 mm | M= 1.184 | incident=3.8197°
[[  98.96433    -561.376       -24.998436  ]
 [ -18.058851    102.38719      20.001564  ]
 [   0.14732786    0.02597428    0.        ]
 [   0.            0.            0.1496    ]]

iter 58 cost=2.709197 -> 2.718778 |dtheta|=1.169804e-05  lambda=1.000e+06

============================================================
Iteration 59
============================================================
Theta offsets (Unity frame):
  Source   : dSx=   0.000, dSy=   0.000, dSz=   0.000  (mm)
  Object   : dOx=  -9.997, dOy=   5.002, dOz= -18.968  (mm)
  Object offset: offset_x=   0.005, offset_z=   0.000  (mm)
  Detector : dDx=   0.000, dDy=   0.000, dDz=   0.000  (mm)
  Obj Stage rotY :    9.999 deg
============================================================

Unity geometry (world coordinates):
  Source   : x=   0.000, y=  45.000, z=   0.000
  Object   : x=   0.003, y=  20.002, z= 570.032
  Detector : x=   0.000, y=   0.000, z= 674.000
  Obj rotY :   0.0000 deg
view   0 | SOD= 570.580 mm | SDD= 675.501 mm | M= 1.184 | incident=3.8197°
[[  98.96435    -561.376       -24.998444  ]
 [ -18.058855    102.38719      20.001556  ]
 [   0.14732786    0.02597429    0.        ]
 [   0.            0.            0.1496    ]]
Residual vector length: 630, Jacobian shape: (630, 6)
view   0 | SOD= 570.580 mm | SDD= 675.501 mm | M= 1.184 | incident=3.8197°
[[  98.96433    -561.376       -24.998436  ]
 [ -18.058851    102.38719      20.001564  ]
 [   0.14732786    0.02597428    0.        ]
 [   0.            0.            0.1496    ]]

iter 59 cost=2.709197 -> 2.718778 |dtheta|=1.169804e-05  lambda=1.000e+06

============================================================
Iteration 60
============================================================
Theta offsets (Unity frame):
  Source   : dSx=   0.000, dSy=   0.000, dSz=   0.000  (mm)
  Object   : dOx=  -9.997, dOy=   5.002, dOz= -18.968  (mm)
  Object offset: offset_x=   0.005, offset_z=   0.000  (mm)
  Detector : dDx=   0.000, dDy=   0.000, dDz=   0.000  (mm)
  Obj Stage rotY :    9.999 deg
============================================================

Unity geometry (world coordinates):
  Source   : x=   0.000, y=  45.000, z=   0.000
  Object   : x=   0.003, y=  20.002, z= 570.032
  Detector : x=   0.000, y=   0.000, z= 674.000
  Obj rotY :   0.0000 deg
view   0 | SOD= 570.580 mm | SDD= 675.501 mm | M= 1.184 | incident=3.8197°
[[  98.96435    -561.376       -24.998444  ]
 [ -18.058855    102.38719      20.001556  ]
 [   0.14732786    0.02597429    0.        ]
 [   0.            0.            0.1496    ]]
Residual vector length: 630, Jacobian shape: (630, 6)
view   0 | SOD= 570.580 mm | SDD= 675.501 mm | M= 1.184 | incident=3.8197°
[[  98.96433    -561.376       -24.998436  ]
 [ -18.058851    102.38719      20.001564  ]
 [   0.14732786    0.02597428    0.        ]
 [   0.            0.            0.1496    ]]

iter 60 cost=2.709197 -> 2.718778 |dtheta|=1.169804e-05  lambda=1.000e+06

============================================================
Iteration 61
============================================================
Theta offsets (Unity frame):
  Source   : dSx=   0.000, dSy=   0.000, dSz=   0.000  (mm)
  Object   : dOx=  -9.997, dOy=   5.002, dOz= -18.968  (mm)
  Object offset: offset_x=   0.005, offset_z=   0.000  (mm)
  Detector : dDx=   0.000, dDy=   0.000, dDz=   0.000  (mm)
  Obj Stage rotY :    9.999 deg
============================================================

Unity geometry (world coordinates):
  Source   : x=   0.000, y=  45.000, z=   0.000
  Object   : x=   0.003, y=  20.002, z= 570.032
  Detector : x=   0.000, y=   0.000, z= 674.000
  Obj rotY :   0.0000 deg
view   0 | SOD= 570.580 mm | SDD= 675.501 mm | M= 1.184 | incident=3.8197°
[[  98.96435    -561.376       -24.998444  ]
 [ -18.058855    102.38719      20.001556  ]
 [   0.14732786    0.02597429    0.        ]
 [   0.            0.            0.1496    ]]
Residual vector length: 630, Jacobian shape: (630, 6)
view   0 | SOD= 570.580 mm | SDD= 675.501 mm | M= 1.184 | incident=3.8197°
[[  98.96433    -561.376       -24.998436  ]
 [ -18.058851    102.38719      20.001564  ]
 [   0.14732786    0.02597428    0.        ]
 [   0.            0.            0.1496    ]]

iter 61 cost=2.709197 -> 2.718778 |dtheta|=1.169804e-05  lambda=1.000e+06

============================================================
Iteration 62
============================================================
Theta offsets (Unity frame):
  Source   : dSx=   0.000, dSy=   0.000, dSz=   0.000  (mm)
  Object   : dOx=  -9.997, dOy=   5.002, dOz= -18.968  (mm)
  Object offset: offset_x=   0.005, offset_z=   0.000  (mm)
  Detector : dDx=   0.000, dDy=   0.000, dDz=   0.000  (mm)
  Obj Stage rotY :    9.999 deg
============================================================

Unity geometry (world coordinates):
  Source   : x=   0.000, y=  45.000, z=   0.000
  Object   : x=   0.003, y=  20.002, z= 570.032
  Detector : x=   0.000, y=   0.000, z= 674.000
  Obj rotY :   0.0000 deg
view   0 | SOD= 570.580 mm | SDD= 675.501 mm | M= 1.184 | incident=3.8197°
[[  98.96435    -561.376       -24.998444  ]
 [ -18.058855    102.38719      20.001556  ]
 [   0.14732786    0.02597429    0.        ]
 [   0.            0.            0.1496    ]]
Residual vector length: 630, Jacobian shape: (630, 6)
view   0 | SOD= 570.580 mm | SDD= 675.501 mm | M= 1.184 | incident=3.8197°
[[  98.96433    -561.376       -24.998436  ]
 [ -18.058851    102.38719      20.001564  ]
 [   0.14732786    0.02597428    0.        ]
 [   0.            0.            0.1496    ]]

iter 62 cost=2.709197 -> 2.718778 |dtheta|=1.169804e-05  lambda=1.000e+06

============================================================
Iteration 63
============================================================
Theta offsets (Unity frame):
  Source   : dSx=   0.000, dSy=   0.000, dSz=   0.000  (mm)
  Object   : dOx=  -9.997, dOy=   5.002, dOz= -18.968  (mm)
  Object offset: offset_x=   0.005, offset_z=   0.000  (mm)
  Detector : dDx=   0.000, dDy=   0.000, dDz=   0.000  (mm)
  Obj Stage rotY :    9.999 deg
============================================================

Unity geometry (world coordinates):
  Source   : x=   0.000, y=  45.000, z=   0.000
  Object   : x=   0.003, y=  20.002, z= 570.032
  Detector : x=   0.000, y=   0.000, z= 674.000
  Obj rotY :   0.0000 deg
view   0 | SOD= 570.580 mm | SDD= 675.501 mm | M= 1.184 | incident=3.8197°
[[  98.96435    -561.376       -24.998444  ]
 [ -18.058855    102.38719      20.001556  ]
 [   0.14732786    0.02597429    0.        ]
 [   0.            0.            0.1496    ]]
Residual vector length: 630, Jacobian shape: (630, 6)
view   0 | SOD= 570.580 mm | SDD= 675.501 mm | M= 1.184 | incident=3.8197°
[[  98.96433    -561.376       -24.998436  ]
 [ -18.058851    102.38719      20.001564  ]
 [   0.14732786    0.02597428    0.        ]
 [   0.            0.            0.1496    ]]

iter 63 cost=2.709197 -> 2.718778 |dtheta|=1.169804e-05  lambda=1.000e+06

============================================================
Iteration 64
============================================================
Theta offsets (Unity frame):
  Source   : dSx=   0.000, dSy=   0.000, dSz=   0.000  (mm)
  Object   : dOx=  -9.997, dOy=   5.002, dOz= -18.968  (mm)
  Object offset: offset_x=   0.005, offset_z=   0.000  (mm)
  Detector : dDx=   0.000, dDy=   0.000, dDz=   0.000  (mm)
  Obj Stage rotY :    9.999 deg
============================================================

Unity geometry (world coordinates):
  Source   : x=   0.000, y=  45.000, z=   0.000
  Object   : x=   0.003, y=  20.002, z= 570.032
  Detector : x=   0.000, y=   0.000, z= 674.000
  Obj rotY :   0.0000 deg
view   0 | SOD= 570.580 mm | SDD= 675.501 mm | M= 1.184 | incident=3.8197°
[[  98.96435    -561.376       -24.998444  ]
 [ -18.058855    102.38719      20.001556  ]
 [   0.14732786    0.02597429    0.        ]
 [   0.            0.            0.1496    ]]
Residual vector length: 630, Jacobian shape: (630, 6)
view   0 | SOD= 570.580 mm | SDD= 675.501 mm | M= 1.184 | incident=3.8197°
[[  98.96433    -561.376       -24.998436  ]
 [ -18.058851    102.38719      20.001564  ]
 [   0.14732786    0.02597428    0.        ]
 [   0.            0.            0.1496    ]]

iter 64 cost=2.709197 -> 2.718778 |dtheta|=1.169804e-05  lambda=1.000e+06
Stalled.

Estimated theta:
  dSx: +0.000000
  dSy: +0.000000
  dOx: -9.997166
  dOy: +5.001555
  dOz: -18.967919
  dDx: +0.000000
  dDy: +0.000000
  dDz: +0.000000
alpha: +9.998647e+00 deg)
offset_x: +0.004771
offset_z: +0.000283

Final cost table:
Fake theta: [  0.   0. -10.   5. -19.   0.   0.   0.  10.   0.   0.]
Final estimated theta: [  0.           0.          -9.99716631   5.00155525 -18.96791945
   0.           0.           0.           9.99864745   0.00477091
   0.00028256]
Diff from Expected: [ 0.          0.          0.00283369  0.00155525  0.03208055  0.
  0.          0.         -0.00135255  0.00477091  0.00028256]
################################################################################

