Phantom already exists, skipping: cuboid_phantom_7_normal.npy

################################################################################
Running cuboid=normal scenario=G0 N_ANGLES=12, K=7
view   0 | SOD= 570.548 mm | SDD= 675.501 mm | M= 1.184 | incident=3.8197°
[[  98.97946    -561.3404      -25.        ]
 [ -18.05941     102.420006     20.        ]
 [   0.14732724    0.02597777    0.        ]
 [   0.            0.            0.1496    ]]
           image          x1         y1  area1          x2          y2  area2          x3          y3  area3          x4          y4  area4          x5          y5  area5          x6          y6  area6          x7          y7  area7
0   proj_000.png  509.640587  62.330073    409  400.831492  135.348066    362  424.750663  204.655172    377  447.184066  270.326923    364  550.561934  341.172205    331  530.678756  419.888601    386  509.648101  502.708861    395
1   proj_001.png  432.086207  62.460591    406  357.508571  134.728571    350  440.563830  204.015957    376  520.072829  270.400560    357  594.625000  344.219512    328  515.053571  421.760204    392  432.064677  502.604478    402
2   proj_002.png  367.829517  62.521628    393  347.595628  133.882514    366  466.140162  203.654987    371  582.603306  272.033058    363  608.084239  348.125000    368  489.179487  422.669231    390  367.835443  498.762025    395
3   proj_003.png  334.739946  62.801609    373  372.101928  133.129477    363  494.719346  203.670300    367  618.360656  274.978142    366  586.500000  352.000000    394  459.841146  422.541667    384  334.753316  492.535809    377
4   proj_004.png  340.207493  63.000000    347  423.548813  132.670185    379  518.683117  204.129870    385  617.355556  278.208333    360  534.238554  354.800000    415  435.537879  421.457071    396  340.428571  485.708571    350
5   proj_005.png  381.953846  63.360000    325  488.509044  132.472868    387  531.909574  204.803191    376  577.629213  281.132022    356  465.750572  355.437071    437  422.779528  419.477690    381  381.923547  480.201835    327
6   proj_006.png  447.152589  63.365123    367  550.554896  132.747774    337  530.611825  205.583548    389  509.677966  282.801453    413  400.816156  353.935933    359  424.700787  417.393701    381  447.200549  477.225275    364
7   proj_007.png  520.211957  63.396739    368  594.549708  133.394737    342  515.039801  206.437811    402  432.072816  282.575243    412  357.449036  350.818182    363  440.536269  415.463731    386  520.118280  477.443548    372
8   proj_008.png  582.623978  63.168937    367  608.021277  134.170213    376  489.159898  206.705584    394  367.774436  280.641604    399  347.644562  346.713528    377  466.185676  414.488064    377  582.574932  480.956403    367
9   proj_009.png  618.294595  63.000000    370  586.476190  134.984962    399  459.827411  206.664975    394  334.701847  277.646438    379  372.111413  343.035326    368  494.742627  414.592493    373  618.382353  486.794118    374
10  proj_010.png  617.367978  62.870787    356  534.085784  135.541667    408  435.465649  206.264631    393  340.344214  274.421365    337  423.614555  340.512129    371  518.731070  415.697128    383  617.294118  493.778711    357
11  proj_011.png  577.709859  62.478873    355  465.788991  135.655963    436  422.779528  205.467192    381  381.925234  271.604361    321  488.604113  339.727506    389  531.912000  417.661333    375  577.737430  499.843575    358

============================================================
Iteration 0
============================================================
Theta offsets (Unity frame):
  Source   : dSx=   0.000, dSy=   0.000, dSz=   0.000  (mm)
  Object   : dOx=   0.000, dOy=   0.000, dOz=   0.000  (mm)
  Object offset: offset_x=   0.000, offset_z=   0.000  (mm)
  Detector : dDx=   0.000, dDy=   0.000, dDz=   0.000  (mm)
  Obj Stage rotY :    0.000 deg
============================================================

Unity geometry (world coordinates):
  Source   : x=   0.000, y=  45.000, z=   0.000
  Object   : x=  10.000, y=  15.000, z= 589.000
  Detector : x=   0.000, y=   0.000, z= 674.000
  Obj rotY :   0.0000 deg
view   0 | SOD= 589.848 mm | SDD= 675.501 mm | M= 1.145 | incident=3.8197°
[[ -10.     -589.      -30.    ]
 [ -10.       85.       15.    ]
 [   0.1496    0.        0.    ]
 [   0.        0.        0.1496]]
Residual vector length: 420, Jacobian shape: (420, 6)
view   0 | SOD= 588.403 mm | SDD= 675.501 mm | M= 1.148 | incident=3.8197°
[[  27.92015    -587.09753     -27.477839  ]
 [  -8.965215     85.89242      17.522161  ]
 [   0.14937581    0.00818702    0.        ]
 [   0.            0.            0.1496    ]]

iter 00 cost=326997.263165 -> 68818.088621 |dtheta|=7.290594e+00  lambda=1.000e-02

============================================================
Iteration 1
============================================================
Theta offsets (Unity frame):
  Source   : dSx=   0.000, dSy=   0.000, dSz=   0.000  (mm)
  Object   : dOx=  -5.961, dOy=   2.522, dOz=  -1.166  (mm)
  Object offset: offset_x=   0.213, offset_z=  -0.089  (mm)
  Detector : dDx=   0.000, dDy=   0.000, dDz=   0.000  (mm)
  Obj Stage rotY :    3.137 deg
============================================================

Unity geometry (world coordinates):
  Source   : x=   0.000, y=  45.000, z=   0.000
  Object   : x=   4.039, y=  17.522, z= 587.834
  Detector : x=   0.000, y=   0.000, z= 674.000
  Obj rotY :   0.0000 deg
view   0 | SOD= 588.403 mm | SDD= 675.501 mm | M= 1.148 | incident=3.8197°
[[  27.92015    -587.09753     -27.477839  ]
 [  -8.965215     85.89242      17.522161  ]
 [   0.14937581    0.00818702    0.        ]
 [   0.            0.            0.1496    ]]
Residual vector length: 420, Jacobian shape: (420, 6)
view   0 | SOD= 585.611 mm | SDD= 675.501 mm | M= 1.153 | incident=3.8197°
[[  60.838585   -581.8533      -26.18751   ]
 [ -11.331431     88.2717       18.81249   ]
 [   0.1487399     0.01601874    0.        ]
 [   0.            0.            0.1496    ]]

iter 01 cost=68818.088621 -> 18147.172051 |dtheta|=4.755011e+00  lambda=3.333e-03

============================================================
Iteration 2
============================================================
Theta offsets (Unity frame):
  Source   : dSx=   0.000, dSy=   0.000, dSz=   0.000  (mm)
  Object   : dOx=  -8.338, dOy=   3.812, dOz=  -3.651  (mm)
  Object offset: offset_x=   0.153, offset_z=  -0.326  (mm)
  Detector : dDx=   0.000, dDy=   0.000, dDz=   0.000  (mm)
  Obj Stage rotY :    6.147 deg
============================================================

Unity geometry (world coordinates):
  Source   : x=   0.000, y=  45.000, z=   0.000
  Object   : x=   1.662, y=  18.812, z= 585.349
  Detector : x=   0.000, y=   0.000, z= 674.000
  Obj rotY :   0.0000 deg
view   0 | SOD= 585.611 mm | SDD= 675.501 mm | M= 1.153 | incident=3.8197°
[[  60.838585   -581.8533      -26.18751   ]
 [ -11.331431     88.2717       18.81249   ]
 [   0.1487399     0.01601874    0.        ]
 [   0.            0.            0.1496    ]]
Residual vector length: 420, Jacobian shape: (420, 6)
view   0 | SOD= 584.860 mm | SDD= 675.501 mm | M= 1.155 | incident=3.8197°
[[  76.81614    -579.2251      -25.666904  ]
 [ -12.789932     88.79191      19.333096  ]
 [   0.14827202    0.01988883    0.        ]
 [   0.            0.            0.1496    ]]

iter 02 cost=18147.172051 -> 8210.915694 |dtheta|=2.238986e+00  lambda=1.111e-03

============================================================
Iteration 3
============================================================
Theta offsets (Unity frame):
  Source   : dSx=   0.000, dSy=   0.000, dSz=   0.000  (mm)
  Object   : dOx=  -9.291, dOy=   4.333, dOz=  -4.833  (mm)
  Object offset: offset_x=   0.163, offset_z=   0.129  (mm)
  Detector : dDx=   0.000, dDy=   0.000, dDz=   0.000  (mm)
  Obj Stage rotY :    7.640 deg
============================================================

Unity geometry (world coordinates):
  Source   : x=   0.000, y=  45.000, z=   0.000
  Object   : x=   0.709, y=  19.333, z= 584.167
  Detector : x=   0.000, y=   0.000, z= 674.000
  Obj rotY :   0.0000 deg
view   0 | SOD= 584.860 mm | SDD= 675.501 mm | M= 1.155 | incident=3.8197°
[[  76.81614    -579.2251      -25.666904  ]
 [ -12.789932     88.79191      19.333096  ]
 [   0.14827202    0.01988883    0.        ]
 [   0.            0.            0.1496    ]]
Residual vector length: 420, Jacobian shape: (420, 6)
view   0 | SOD= 581.000 mm | SDD= 675.501 mm | M= 1.163 | incident=3.8197°
[[  84.33469    -574.2848      -25.40415   ]
 [ -13.9868145    92.505165     19.59585   ]
 [   0.14799967    0.02182329    0.        ]
 [   0.            0.            0.1496    ]]

iter 03 cost=8210.915694 -> 3933.940492 |dtheta|=3.751853e+00  lambda=3.704e-04

============================================================
Iteration 4
============================================================
Theta offsets (Unity frame):
  Source   : dSx=   0.000, dSy=   0.000, dSz=   0.000  (mm)
  Object   : dOx=  -9.723, dOy=   4.596, dOz=  -8.467  (mm)
  Object offset: offset_x=   0.066, offset_z=  -0.089  (mm)
  Detector : dDx=   0.000, dDy=   0.000, dDz=   0.000  (mm)
  Obj Stage rotY :    8.388 deg
============================================================

Unity geometry (world coordinates):
  Source   : x=   0.000, y=  45.000, z=   0.000
  Object   : x=   0.277, y=  19.596, z= 580.533
  Detector : x=   0.000, y=   0.000, z= 674.000
  Obj rotY :   0.0000 deg
view   0 | SOD= 581.000 mm | SDD= 675.501 mm | M= 1.163 | incident=3.8197°
[[  84.33469    -574.2848      -25.40415   ]
 [ -13.9868145    92.505165     19.59585   ]
 [   0.14799967    0.02182329    0.        ]
 [   0.            0.            0.1496    ]]
Residual vector length: 420, Jacobian shape: (420, 6)
view   0 | SOD= 578.587 mm | SDD= 675.501 mm | M= 1.168 | incident=3.8197°
[[  89.25595    -571.0996      -25.3205    ]
 [ -14.92137      94.80058      19.6795    ]
 [   0.14780219    0.02312304    0.        ]
 [   0.            0.            0.1496    ]]

iter 04 cost=3933.940492 -> 2186.796178 |dtheta|=2.455033e+00  lambda=1.235e-04

============================================================
Iteration 5
============================================================
Theta offsets (Unity frame):
  Source   : dSx=   0.000, dSy=   0.000, dSz=   0.000  (mm)
  Object   : dOx=  -9.903, dOy=   4.680, dOz= -10.861  (mm)
  Object offset: offset_x=  -0.008, offset_z=  -0.107  (mm)
  Detector : dDx=   0.000, dDy=   0.000, dDz=   0.000  (mm)
  Obj Stage rotY :    8.892 deg
============================================================

Unity geometry (world coordinates):
  Source   : x=   0.000, y=  45.000, z=   0.000
  Object   : x=   0.097, y=  19.680, z= 578.139
  Detector : x=   0.000, y=   0.000, z= 674.000
  Obj rotY :   0.0000 deg
view   0 | SOD= 578.587 mm | SDD= 675.501 mm | M= 1.168 | incident=3.8197°
[[  89.25595    -571.0996      -25.3205    ]
 [ -14.92137      94.80058      19.6795    ]
 [   0.14780219    0.02312304    0.        ]
 [   0.            0.            0.1496    ]]
Residual vector length: 420, Jacobian shape: (420, 6)
view   0 | SOD= 577.332 mm | SDD= 675.501 mm | M= 1.170 | incident=3.8197°
[[  93.150085   -569.205       -25.31806   ]
 [ -15.754699     95.938416     19.68194   ]
 [   0.14763421    0.02417234    0.        ]
 [   0.            0.            0.1496    ]]

iter 05 cost=2186.796178 -> 1518.633105 |dtheta|=1.304992e+00  lambda=4.115e-05

============================================================
Iteration 6
============================================================
Theta offsets (Unity frame):
  Source   : dSx=   0.000, dSy=   0.000, dSz=   0.000  (mm)
  Object   : dOx=  -9.873, dOy=   4.682, dOz= -12.098  (mm)
  Object offset: offset_x=  -0.081, offset_z=  -0.126  (mm)
  Detector : dDx=   0.000, dDy=   0.000, dDz=   0.000  (mm)
  Obj Stage rotY :    9.299 deg
============================================================

Unity geometry (world coordinates):
  Source   : x=   0.000, y=  45.000, z=   0.000
  Object   : x=   0.127, y=  19.682, z= 576.902
  Detector : x=   0.000, y=   0.000, z= 674.000
  Obj rotY :   0.0000 deg
view   0 | SOD= 577.332 mm | SDD= 675.501 mm | M= 1.170 | incident=3.8197°
[[  93.150085   -569.205       -25.31806   ]
 [ -15.754699     95.938416     19.68194   ]
 [   0.14763421    0.02417234    0.        ]
 [   0.            0.            0.1496    ]]
Residual vector length: 420, Jacobian shape: (420, 6)
view   0 | SOD= 576.246 mm | SDD= 675.501 mm | M= 1.172 | incident=3.8197°
[[  95.5947     -567.7         -25.245024  ]
 [ -16.26888      96.95218      19.754976  ]
 [   0.14752518    0.02482907    0.        ]
 [   0.            0.            0.1496    ]]

iter 06 cost=1518.633105 -> 1051.911461 |dtheta|=1.109128e+00  lambda=1.372e-05

============================================================
Iteration 7
============================================================
Theta offsets (Unity frame):
  Source   : dSx=   0.000, dSy=   0.000, dSz=   0.000  (mm)
  Object   : dOx=  -9.941, dOy=   4.755, dOz= -13.172  (mm)
  Object offset: offset_x=  -0.106, offset_z=  -0.135  (mm)
  Detector : dDx=   0.000, dDy=   0.000, dDz=   0.000  (mm)
  Obj Stage rotY :    9.554 deg
============================================================

Unity geometry (world coordinates):
  Source   : x=   0.000, y=  45.000, z=   0.000
  Object   : x=   0.059, y=  19.755, z= 575.828
  Detector : x=   0.000, y=   0.000, z= 674.000
  Obj rotY :   0.0000 deg
view   0 | SOD= 576.246 mm | SDD= 675.501 mm | M= 1.172 | incident=3.8197°
[[  95.5947     -567.7         -25.245024  ]
 [ -16.26888      96.95218      19.754976  ]
 [   0.14752518    0.02482907    0.        ]
 [   0.            0.            0.1496    ]]
Residual vector length: 420, Jacobian shape: (420, 6)
view   0 | SOD= 576.178 mm | SDD= 675.501 mm | M= 1.172 | incident=3.8197°
[[  97.6426     -567.28143     -25.267145  ]
 [ -16.5883       96.96798      19.732855  ]
 [   0.14743578    0.02535451    0.        ]
 [   0.            0.            0.1496    ]]

iter 07 cost=1051.911461 -> 961.799319 |dtheta|=2.362482e-01  lambda=4.572e-06

============================================================
Iteration 8
============================================================
Theta offsets (Unity frame):
  Source   : dSx=   0.000, dSy=   0.000, dSz=   0.000  (mm)
  Object   : dOx= -10.002, dOy=   4.733, dOz= -13.266  (mm)
  Object offset: offset_x=  -0.084, offset_z=  -0.111  (mm)
  Detector : dDx=   0.000, dDy=   0.000, dDz=   0.000  (mm)
  Obj Stage rotY :    9.758 deg
============================================================

Unity geometry (world coordinates):
  Source   : x=   0.000, y=  45.000, z=   0.000
  Object   : x=  -0.002, y=  19.733, z= 575.734
  Detector : x=   0.000, y=   0.000, z= 674.000
  Obj rotY :   0.0000 deg
view   0 | SOD= 576.178 mm | SDD= 675.501 mm | M= 1.172 | incident=3.8197°
[[  97.6426     -567.28143     -25.267145  ]
 [ -16.5883       96.96798      19.732855  ]
 [   0.14743578    0.02535451    0.        ]
 [   0.            0.            0.1496    ]]
Residual vector length: 420, Jacobian shape: (420, 6)
view   0 | SOD= 575.114 mm | SDD= 675.501 mm | M= 1.175 | incident=3.8197°
[[  97.67494    -566.1972      -25.221272  ]
 [ -16.757792     98.017456     19.778728  ]
 [   0.14742807    0.02539931    0.        ]
 [   0.            0.            0.1496    ]]

iter 08 cost=961.799319 -> 625.671584 |dtheta|=1.127506e+00  lambda=1.524e-06

============================================================
Iteration 9
============================================================
Theta offsets (Unity frame):
  Source   : dSx=   0.000, dSy=   0.000, dSz=   0.000  (mm)
  Object   : dOx= -10.024, dOy=   4.779, dOz= -14.390  (mm)
  Object offset: offset_x=  -0.103, offset_z=  -0.049  (mm)
  Detector : dDx=   0.000, dDy=   0.000, dDz=   0.000  (mm)
  Obj Stage rotY :    9.775 deg
============================================================

Unity geometry (world coordinates):
  Source   : x=   0.000, y=  45.000, z=   0.000
  Object   : x=  -0.024, y=  19.779, z= 574.610
  Detector : x=   0.000, y=   0.000, z= 674.000
  Obj rotY :   0.0000 deg
view   0 | SOD= 575.114 mm | SDD= 675.501 mm | M= 1.175 | incident=3.8197°
[[  97.67494    -566.1972      -25.221272  ]
 [ -16.757792     98.017456     19.778728  ]
 [   0.14742807    0.02539931    0.        ]
 [   0.            0.            0.1496    ]]
Residual vector length: 420, Jacobian shape: (420, 6)
view   0 | SOD= 574.794 mm | SDD= 675.501 mm | M= 1.175 | incident=3.8197°
[[  97.880295   -565.8376      -25.212912  ]
 [ -16.864388     98.3233       19.787088  ]
 [   0.14741611    0.02546855    0.        ]
 [   0.            0.            0.1496    ]]

iter 09 cost=625.671584 -> 541.405816 |dtheta|=3.198867e-01  lambda=1.000e-06

============================================================
Iteration 10
============================================================
Theta offsets (Unity frame):
  Source   : dSx=   0.000, dSy=   0.000, dSz=   0.000  (mm)
  Object   : dOx= -10.023, dOy=   4.787, dOz= -14.709  (mm)
  Object offset: offset_x=  -0.098, offset_z=  -0.050  (mm)
  Detector : dDx=   0.000, dDy=   0.000, dDz=   0.000  (mm)
  Obj Stage rotY :    9.802 deg
============================================================

Unity geometry (world coordinates):
  Source   : x=   0.000, y=  45.000, z=   0.000
  Object   : x=  -0.023, y=  19.787, z= 574.291
  Detector : x=   0.000, y=   0.000, z= 674.000
  Obj rotY :   0.0000 deg
view   0 | SOD= 574.794 mm | SDD= 675.501 mm | M= 1.175 | incident=3.8197°
[[  97.880295   -565.8376      -25.212912  ]
 [ -16.864388     98.3233       19.787088  ]
 [   0.14741611    0.02546855    0.        ]
 [   0.            0.            0.1496    ]]
Residual vector length: 420, Jacobian shape: (420, 6)
view   0 | SOD= 573.943 mm | SDD= 675.501 mm | M= 1.177 | incident=3.8197°
[[  97.819786   -564.98517     -25.166538  ]
 [ -17.151377     99.136536     19.833462  ]
 [   0.14740743    0.02551882    0.        ]
 [   0.            0.            0.1496    ]]

iter 10 cost=541.405816 -> 334.584330 |dtheta|=8.963824e-01  lambda=1.000e-06

============================================================
Iteration 11
============================================================
Theta offsets (Unity frame):
  Source   : dSx=   0.000, dSy=   0.000, dSz=   0.000  (mm)
  Object   : dOx=  -9.969, dOy=   4.833, dOz= -15.600  (mm)
  Object offset: offset_x=  -0.042, offset_z=  -0.010  (mm)
  Detector : dDx=   0.000, dDy=   0.000, dDz=   0.000  (mm)
  Obj Stage rotY :    9.822 deg
============================================================

Unity geometry (world coordinates):
  Source   : x=   0.000, y=  45.000, z=   0.000
  Object   : x=   0.031, y=  19.833, z= 573.400
  Detector : x=   0.000, y=   0.000, z= 674.000
  Obj rotY :   0.0000 deg
view   0 | SOD= 573.943 mm | SDD= 675.501 mm | M= 1.177 | incident=3.8197°
[[  97.819786   -564.98517     -25.166538  ]
 [ -17.151377     99.136536     19.833462  ]
 [   0.14740743    0.02551882    0.        ]
 [   0.            0.            0.1496    ]]
Residual vector length: 420, Jacobian shape: (420, 6)
view   0 | SOD= 573.475 mm | SDD= 675.501 mm | M= 1.178 | incident=3.8197°
[[  99.423904   -564.2317      -25.12174   ]
 [ -17.512531     99.546814     19.87826   ]
 [   0.14733125    0.02595503    0.        ]
 [   0.            0.            0.1496    ]]

iter 11 cost=334.584330 -> 245.055628 |dtheta|=5.086178e-01  lambda=1.000e-06

============================================================
Iteration 12
============================================================
Theta offsets (Unity frame):
  Source   : dSx=   0.000, dSy=   0.000, dSz=   0.000  (mm)
  Object   : dOx=  -9.995, dOy=   4.878, dOz= -16.076  (mm)
  Object offset: offset_x=  -0.029, offset_z=   0.001  (mm)
  Detector : dDx=   0.000, dDy=   0.000, dDz=   0.000  (mm)
  Obj Stage rotY :    9.991 deg
============================================================

Unity geometry (world coordinates):
  Source   : x=   0.000, y=  45.000, z=   0.000
  Object   : x=   0.005, y=  19.878, z= 572.924
  Detector : x=   0.000, y=   0.000, z= 674.000
  Obj rotY :   0.0000 deg
view   0 | SOD= 573.475 mm | SDD= 675.501 mm | M= 1.178 | incident=3.8197°
[[  99.423904   -564.2317      -25.12174   ]
 [ -17.512531     99.546814     19.87826   ]
 [   0.14733125    0.02595503    0.        ]
 [   0.            0.            0.1496    ]]
Residual vector length: 420, Jacobian shape: (420, 6)
view   0 | SOD= 573.080 mm | SDD= 675.501 mm | M= 1.179 | incident=3.8197°
[[  98.702415   -563.9589      -25.072878  ]
 [ -17.514488     99.94592      19.927122  ]
 [   0.1473593     0.02579533    0.        ]
 [   0.            0.            0.1496    ]]

iter 12 cost=245.055628 -> 179.704816 |dtheta|=4.077691e-01  lambda=1.000e-06

============================================================
Iteration 13
============================================================
Theta offsets (Unity frame):
  Source   : dSx=   0.000, dSy=   0.000, dSz=   0.000  (mm)
  Object   : dOx=  -9.991, dOy=   4.927, dOz= -16.474  (mm)
  Object offset: offset_x=   0.009, offset_z=   0.005  (mm)
  Detector : dDx=   0.000, dDy=   0.000, dDz=   0.000  (mm)
  Obj Stage rotY :    9.929 deg
============================================================

Unity geometry (world coordinates):
  Source   : x=   0.000, y=  45.000, z=   0.000
  Object   : x=   0.009, y=  19.927, z= 572.526
  Detector : x=   0.000, y=   0.000, z= 674.000
  Obj rotY :   0.0000 deg
view   0 | SOD= 573.080 mm | SDD= 675.501 mm | M= 1.179 | incident=3.8197°
[[  98.702415   -563.9589      -25.072878  ]
 [ -17.514488     99.94592      19.927122  ]
 [   0.1473593     0.02579533    0.        ]
 [   0.            0.            0.1496    ]]
Residual vector length: 420, Jacobian shape: (420, 6)
view   0 | SOD= 572.545 mm | SDD= 675.501 mm | M= 1.180 | incident=3.8197°
[[  98.45349    -563.4598      -25.056501  ]
 [ -17.614069    100.471176     19.943499  ]
 [   0.1473651     0.02576218    0.        ]
 [   0.            0.            0.1496    ]]

iter 13 cost=179.704816 -> 122.167806 |dtheta|=5.077560e-01  lambda=1.000e-06

============================================================
Iteration 14
============================================================
Theta offsets (Unity frame):
  Source   : dSx=   0.000, dSy=   0.000, dSz=   0.000  (mm)
  Object   : dOx=  -9.998, dOy=   4.943, dOz= -16.979  (mm)
  Object offset: offset_x=   0.047, offset_z=  -0.024  (mm)
  Detector : dDx=   0.000, dDy=   0.000, dDz=   0.000  (mm)
  Obj Stage rotY :    9.916 deg
============================================================

Unity geometry (world coordinates):
  Source   : x=   0.000, y=  45.000, z=   0.000
  Object   : x=   0.002, y=  19.943, z= 572.021
  Detector : x=   0.000, y=   0.000, z= 674.000
  Obj rotY :   0.0000 deg
view   0 | SOD= 572.545 mm | SDD= 675.501 mm | M= 1.180 | incident=3.8197°
[[  98.45349    -563.4598      -25.056501  ]
 [ -17.614069    100.471176     19.943499  ]
 [   0.1473651     0.02576218    0.        ]
 [   0.            0.            0.1496    ]]
Residual vector length: 420, Jacobian shape: (420, 6)
view   0 | SOD= 572.199 mm | SDD= 675.501 mm | M= 1.181 | incident=3.8197°
[[  98.416954   -563.11383     -25.072578  ]
 [ -17.66015     100.81549      19.927422  ]
 [   0.14736472    0.02576429    0.        ]
 [   0.            0.            0.1496    ]]

iter 14 cost=122.167806 -> 80.247109 |dtheta|=3.620605e-01  lambda=1.000e-06

============================================================
Iteration 15
============================================================
Theta offsets (Unity frame):
  Source   : dSx=   0.000, dSy=   0.000, dSz=   0.000  (mm)
  Object   : dOx= -10.002, dOy=   4.927, dOz= -17.340  (mm)
  Object offset: offset_x=   0.036, offset_z=  -0.010  (mm)
  Detector : dDx=   0.000, dDy=   0.000, dDz=   0.000  (mm)
  Obj Stage rotY :    9.917 deg
============================================================

Unity geometry (world coordinates):
  Source   : x=   0.000, y=  45.000, z=   0.000
  Object   : x=  -0.002, y=  19.927, z= 571.660
  Detector : x=   0.000, y=   0.000, z= 674.000
  Obj rotY :   0.0000 deg
view   0 | SOD= 572.199 mm | SDD= 675.501 mm | M= 1.181 | incident=3.8197°
[[  98.416954   -563.11383     -25.072578  ]
 [ -17.66015     100.81549      19.927422  ]
 [   0.14736472    0.02576429    0.        ]
 [   0.            0.            0.1496    ]]
Residual vector length: 420, Jacobian shape: (420, 6)
view   0 | SOD= 571.991 mm | SDD= 675.501 mm | M= 1.181 | incident=3.8197°
[[  98.60154    -562.87006     -25.06454   ]
 [ -17.697493    101.020424     19.93546   ]
 [   0.1473561     0.02581355    0.        ]
 [   0.            0.            0.1496    ]]

iter 15 cost=80.247109 -> 59.493852 |dtheta|=2.296086e-01  lambda=1.000e-06

============================================================
Iteration 16
============================================================
Theta offsets (Unity frame):
  Source   : dSx=   0.000, dSy=   0.000, dSz=   0.000  (mm)
  Object   : dOx= -10.013, dOy=   4.935, dOz= -17.567  (mm)
  Object offset: offset_x=   0.014, offset_z=   0.008  (mm)
  Detector : dDx=   0.000, dDy=   0.000, dDz=   0.000  (mm)
  Obj Stage rotY :    9.936 deg
============================================================

Unity geometry (world coordinates):
  Source   : x=   0.000, y=  45.000, z=   0.000
  Object   : x=  -0.013, y=  19.935, z= 571.433
  Detector : x=   0.000, y=   0.000, z= 674.000
  Obj rotY :   0.0000 deg
view   0 | SOD= 571.991 mm | SDD= 675.501 mm | M= 1.181 | incident=3.8197°
[[  98.60154    -562.87006     -25.06454   ]
 [ -17.697493    101.020424     19.93546   ]
 [   0.1473561     0.02581355    0.        ]
 [   0.            0.            0.1496    ]]
Residual vector length: 420, Jacobian shape: (420, 6)
view   0 | SOD= 571.857 mm | SDD= 675.501 mm | M= 1.181 | incident=3.8197°
[[  98.60159    -562.7347      -25.050411  ]
 [ -17.708546    101.153824     19.949589  ]
 [   0.14735566    0.02581602    0.        ]
 [   0.            0.            0.1496    ]]

iter 16 cost=59.493852 -> 46.247230 |dtheta|=1.319240e-01  lambda=1.000e-06

============================================================
Iteration 17
============================================================
Theta offsets (Unity frame):
  Source   : dSx=   0.000, dSy=   0.000, dSz=   0.000  (mm)
  Object   : dOx= -10.024, dOy=   4.950, dOz= -17.698  (mm)
  Object offset: offset_x=   0.011, offset_z=   0.006  (mm)
  Detector : dDx=   0.000, dDy=   0.000, dDz=   0.000  (mm)
  Obj Stage rotY :    9.937 deg
============================================================

Unity geometry (world coordinates):
  Source   : x=   0.000, y=  45.000, z=   0.000
  Object   : x=  -0.024, y=  19.950, z= 571.302
  Detector : x=   0.000, y=   0.000, z= 674.000
  Obj rotY :   0.0000 deg
view   0 | SOD= 571.857 mm | SDD= 675.501 mm | M= 1.181 | incident=3.8197°
[[  98.60159    -562.7347      -25.050411  ]
 [ -17.708546    101.153824     19.949589  ]
 [   0.14735566    0.02581602    0.        ]
 [   0.            0.            0.1496    ]]
Residual vector length: 420, Jacobian shape: (420, 6)
view   0 | SOD= 571.664 mm | SDD= 675.501 mm | M= 1.182 | incident=3.8197°
[[  98.94369    -562.4792      -25.043375  ]
 [ -17.824436    101.328926     19.956625  ]
 [   0.14733782    0.02591767    0.        ]
 [   0.            0.            0.1496    ]]

iter 17 cost=46.247230 -> 35.775259 |dtheta|=2.075353e-01  lambda=1.000e-06

============================================================
Iteration 18
============================================================
Theta offsets (Unity frame):
  Source   : dSx=   0.000, dSy=   0.000, dSz=   0.000  (mm)
  Object   : dOx= -10.009, dOy=   4.957, dOz= -17.901  (mm)
  Object offset: offset_x=   0.009, offset_z=   0.016  (mm)
  Detector : dDx=   0.000, dDy=   0.000, dDz=   0.000  (mm)
  Obj Stage rotY :    9.977 deg
============================================================

Unity geometry (world coordinates):
  Source   : x=   0.000, y=  45.000, z=   0.000
  Object   : x=  -0.009, y=  19.957, z= 571.099
  Detector : x=   0.000, y=   0.000, z= 674.000
  Obj rotY :   0.0000 deg
view   0 | SOD= 571.664 mm | SDD= 675.501 mm | M= 1.182 | incident=3.8197°
[[  98.94369    -562.4792      -25.043375  ]
 [ -17.824436    101.328926     19.956625  ]
 [   0.14733782    0.02591767    0.        ]
 [   0.            0.            0.1496    ]]
Residual vector length: 420, Jacobian shape: (420, 6)
view   0 | SOD= 571.458 mm | SDD= 675.501 mm | M= 1.182 | incident=3.8197°
[[  99.023926   -562.25543     -25.039305  ]
 [ -17.868973    101.530685     19.960695  ]
 [   0.14733295    0.02594537    0.        ]
 [   0.            0.            0.1496    ]]

iter 18 cost=35.775259 -> 22.535485 |dtheta|=2.101787e-01  lambda=1.000e-06

============================================================
Iteration 19
============================================================
Theta offsets (Unity frame):
  Source   : dSx=   0.000, dSy=   0.000, dSz=   0.000  (mm)
  Object   : dOx= -10.019, dOy=   4.961, dOz= -18.110  (mm)
  Object offset: offset_x=   0.008, offset_z=   0.019  (mm)
  Detector : dDx=   0.000, dDy=   0.000, dDz=   0.000  (mm)
  Obj Stage rotY :    9.987 deg
============================================================

Unity geometry (world coordinates):
  Source   : x=   0.000, y=  45.000, z=   0.000
  Object   : x=  -0.019, y=  19.961, z= 570.890
  Detector : x=   0.000, y=   0.000, z= 674.000
  Obj rotY :   0.0000 deg
view   0 | SOD= 571.458 mm | SDD= 675.501 mm | M= 1.182 | incident=3.8197°
[[  99.023926   -562.25543     -25.039305  ]
 [ -17.868973    101.530685     19.960695  ]
 [   0.14733295    0.02594537    0.        ]
 [   0.            0.            0.1496    ]]
Residual vector length: 420, Jacobian shape: (420, 6)
view   0 | SOD= 571.276 mm | SDD= 675.501 mm | M= 1.182 | incident=3.8197°
[[  98.95764    -562.0829      -25.030975  ]
 [ -17.889723    101.71128      19.969025  ]
 [   0.14733472    0.02593526    0.        ]
 [   0.            0.            0.1496    ]]

iter 19 cost=22.535485 -> 15.835380 |dtheta|=1.732122e-01  lambda=1.000e-06

============================================================
Iteration 20
============================================================
Theta offsets (Unity frame):
  Source   : dSx=   0.000, dSy=   0.000, dSz=   0.000  (mm)
  Object   : dOx= -10.012, dOy=   4.969, dOz= -18.282  (mm)
  Object offset: offset_x=  -0.003, offset_z=   0.010  (mm)
  Detector : dDx=   0.000, dDy=   0.000, dDz=   0.000  (mm)
  Obj Stage rotY :    9.983 deg
============================================================

Unity geometry (world coordinates):
  Source   : x=   0.000, y=  45.000, z=   0.000
  Object   : x=  -0.012, y=  19.969, z= 570.718
  Detector : x=   0.000, y=   0.000, z= 674.000
  Obj rotY :   0.0000 deg
view   0 | SOD= 571.276 mm | SDD= 675.501 mm | M= 1.182 | incident=3.8197°
[[  98.95764    -562.0829      -25.030975  ]
 [ -17.889723    101.71128      19.969025  ]
 [   0.14733472    0.02593526    0.        ]
 [   0.            0.            0.1496    ]]
Residual vector length: 420, Jacobian shape: (420, 6)
view   0 | SOD= 571.199 mm | SDD= 675.501 mm | M= 1.183 | incident=3.8197°
[[  98.8353    -562.0257     -25.030024 ]
 [ -17.88203    101.791336    19.969976 ]
 [   0.1473398    0.0259064    0.       ]
 [   0.           0.           0.1496   ]]

iter 20 cost=15.835380 -> 13.004457 |dtheta|=7.585549e-02  lambda=1.000e-06

============================================================
Iteration 21
============================================================
Theta offsets (Unity frame):
  Source   : dSx=   0.000, dSy=   0.000, dSz=   0.000  (mm)
  Object   : dOx= -10.012, dOy=   4.970, dOz= -18.357  (mm)
  Object offset: offset_x=  -0.004, offset_z=   0.007  (mm)
  Detector : dDx=   0.000, dDy=   0.000, dDz=   0.000  (mm)
  Obj Stage rotY :    9.972 deg
============================================================

Unity geometry (world coordinates):
  Source   : x=   0.000, y=  45.000, z=   0.000
  Object   : x=  -0.012, y=  19.970, z= 570.643
  Detector : x=   0.000, y=   0.000, z= 674.000
  Obj rotY :   0.0000 deg
view   0 | SOD= 571.199 mm | SDD= 675.501 mm | M= 1.183 | incident=3.8197°
[[  98.8353    -562.0257     -25.030024 ]
 [ -17.88203    101.791336    19.969976 ]
 [   0.1473398    0.0259064    0.       ]
 [   0.           0.           0.1496   ]]
Residual vector length: 420, Jacobian shape: (420, 6)
view   0 | SOD= 571.167 mm | SDD= 675.501 mm | M= 1.183 | incident=3.8197°
[[  98.77035    -562.005       -25.033417  ]
 [ -17.877478    101.824234     19.966583  ]
 [   0.14734252    0.02589097    0.        ]
 [   0.            0.            0.1496    ]]

iter 21 cost=13.004457 -> 11.808424 |dtheta|=3.216503e-02  lambda=1.000e-06

============================================================
Iteration 22
============================================================
Theta offsets (Unity frame):
  Source   : dSx=   0.000, dSy=   0.000, dSz=   0.000  (mm)
  Object   : dOx= -10.010, dOy=   4.967, dOz= -18.389  (mm)
  Object offset: offset_x=  -0.005, offset_z=   0.007  (mm)
  Detector : dDx=   0.000, dDy=   0.000, dDz=   0.000  (mm)
  Obj Stage rotY :    9.966 deg
============================================================

Unity geometry (world coordinates):
  Source   : x=   0.000, y=  45.000, z=   0.000
  Object   : x=  -0.010, y=  19.967, z= 570.611
  Detector : x=   0.000, y=   0.000, z= 674.000
  Obj rotY :   0.0000 deg
view   0 | SOD= 571.167 mm | SDD= 675.501 mm | M= 1.183 | incident=3.8197°
[[  98.77035    -562.005       -25.033417  ]
 [ -17.877478    101.824234     19.966583  ]
 [   0.14734252    0.02589097    0.        ]
 [   0.            0.            0.1496    ]]
Residual vector length: 420, Jacobian shape: (420, 6)
view   0 | SOD= 571.077 mm | SDD= 675.501 mm | M= 1.183 | incident=3.8197°
[[  98.71729    -561.9228      -25.032478  ]
 [ -17.896461    101.91243      19.967522  ]
 [   0.14734384    0.02588341    0.        ]
 [   0.            0.            0.1496    ]]

iter 22 cost=11.808424 -> 8.654984 |dtheta|=9.034149e-02  lambda=1.000e-06

============================================================
Iteration 23
============================================================
Theta offsets (Unity frame):
  Source   : dSx=   0.000, dSy=   0.000, dSz=   0.000  (mm)
  Object   : dOx= -10.007, dOy=   4.968, dOz= -18.479  (mm)
  Object offset: offset_x=   0.000, offset_z=   0.007  (mm)
  Detector : dDx=   0.000, dDy=   0.000, dDz=   0.000  (mm)
  Obj Stage rotY :    9.963 deg
============================================================

Unity geometry (world coordinates):
  Source   : x=   0.000, y=  45.000, z=   0.000
  Object   : x=  -0.007, y=  19.968, z= 570.521
  Detector : x=   0.000, y=   0.000, z= 674.000
  Obj rotY :   0.0000 deg
view   0 | SOD= 571.077 mm | SDD= 675.501 mm | M= 1.183 | incident=3.8197°
[[  98.71729    -561.9228      -25.032478  ]
 [ -17.896461    101.91243      19.967522  ]
 [   0.14734384    0.02588341    0.        ]
 [   0.            0.            0.1496    ]]
Residual vector length: 420, Jacobian shape: (420, 6)
view   0 | SOD= 571.010 mm | SDD= 675.501 mm | M= 1.183 | incident=3.8197°
[[  98.93152    -561.8172      -25.024729  ]
 [ -17.956472    101.969795     19.975271  ]
 [   0.14733315    0.02594428    0.        ]
 [   0.            0.            0.1496    ]]

iter 23 cost=8.654984 -> 6.811517 |dtheta|=6.635780e-02  lambda=1.000e-06

============================================================
Iteration 24
============================================================
Theta offsets (Unity frame):
  Source   : dSx=   0.000, dSy=   0.000, dSz=   0.000  (mm)
  Object   : dOx= -10.004, dOy=   4.975, dOz= -18.540  (mm)
  Object offset: offset_x=   0.005, offset_z=   0.001  (mm)
  Detector : dDx=   0.000, dDy=   0.000, dDz=   0.000  (mm)
  Obj Stage rotY :    9.987 deg
============================================================

Unity geometry (world coordinates):
  Source   : x=   0.000, y=  45.000, z=   0.000
  Object   : x=  -0.004, y=  19.975, z= 570.460
  Detector : x=   0.000, y=   0.000, z= 674.000
  Obj rotY :   0.0000 deg
view   0 | SOD= 571.010 mm | SDD= 675.501 mm | M= 1.183 | incident=3.8197°
[[  98.93152    -561.8172      -25.024729  ]
 [ -17.956472    101.969795     19.975271  ]
 [   0.14733315    0.02594428    0.        ]
 [   0.            0.            0.1496    ]]
Residual vector length: 420, Jacobian shape: (420, 6)
view   0 | SOD= 570.944 mm | SDD= 675.501 mm | M= 1.183 | incident=3.8197°
[[  98.93306    -561.7504      -25.023548  ]
 [ -17.968008    102.03426      19.976452  ]
 [   0.14733262    0.02594718    0.        ]
 [   0.            0.            0.1496    ]]

iter 24 cost=6.811517 -> 5.522929 |dtheta|=7.023023e-02  lambda=1.000e-06

============================================================
Iteration 25
============================================================
Theta offsets (Unity frame):
  Source   : dSx=   0.000, dSy=   0.000, dSz=   0.000  (mm)
  Object   : dOx= -10.006, dOy=   4.976, dOz= -18.610  (mm)
  Object offset: offset_x=   0.004, offset_z=   0.006  (mm)
  Detector : dDx=   0.000, dDy=   0.000, dDz=   0.000  (mm)
  Obj Stage rotY :    9.988 deg
============================================================

Unity geometry (world coordinates):
  Source   : x=   0.000, y=  45.000, z=   0.000
  Object   : x=  -0.006, y=  19.976, z= 570.390
  Detector : x=   0.000, y=   0.000, z= 674.000
  Obj rotY :   0.0000 deg
view   0 | SOD= 570.944 mm | SDD= 675.501 mm | M= 1.183 | incident=3.8197°
[[  98.93306    -561.7504      -25.023548  ]
 [ -17.968008    102.03426      19.976452  ]
 [   0.14733262    0.02594718    0.        ]
 [   0.            0.            0.1496    ]]
Residual vector length: 420, Jacobian shape: (420, 6)
view   0 | SOD= 570.848 mm | SDD= 675.501 mm | M= 1.183 | incident=3.8197°
[[  98.92476    -561.65436     -25.015015  ]
 [ -17.98623     102.1286       19.984985  ]
 [   0.14733224    0.02594938    0.        ]
 [   0.            0.            0.1496    ]]

iter 25 cost=5.522929 -> 3.871572 |dtheta|=9.460360e-02  lambda=1.000e-06

============================================================
Iteration 26
============================================================
Theta offsets (Unity frame):
  Source   : dSx=   0.000, dSy=   0.000, dSz=   0.000  (mm)
  Object   : dOx= -10.005, dOy=   4.985, dOz= -18.704  (mm)
  Object offset: offset_x=   0.003, offset_z=   0.004  (mm)
  Detector : dDx=   0.000, dDy=   0.000, dDz=   0.000  (mm)
  Obj Stage rotY :    9.989 deg
============================================================

Unity geometry (world coordinates):
  Source   : x=   0.000, y=  45.000, z=   0.000
  Object   : x=  -0.005, y=  19.985, z= 570.296
  Detector : x=   0.000, y=   0.000, z= 674.000
  Obj rotY :   0.0000 deg
view   0 | SOD= 570.848 mm | SDD= 675.501 mm | M= 1.183 | incident=3.8197°
[[  98.92476    -561.65436     -25.015015  ]
 [ -17.98623     102.1286       19.984985  ]
 [   0.14733224    0.02594938    0.        ]
 [   0.            0.            0.1496    ]]
Residual vector length: 420, Jacobian shape: (420, 6)
view   0 | SOD= 570.811 mm | SDD= 675.501 mm | M= 1.183 | incident=3.8197°
[[  99.01877    -561.6004      -25.013435  ]
 [ -18.007679    102.16219      19.986565  ]
 [   0.14732772    0.02597501    0.        ]
 [   0.            0.            0.1496    ]]

iter 26 cost=3.871572 -> 3.218333 |dtheta|=3.814277e-02  lambda=1.000e-06

============================================================
Iteration 27
============================================================
Theta offsets (Unity frame):
  Source   : dSx=   0.000, dSy=   0.000, dSz=   0.000  (mm)
  Object   : dOx= -10.007, dOy=   4.987, dOz= -18.741  (mm)
  Object offset: offset_x=   0.003, offset_z=   0.004  (mm)
  Detector : dDx=   0.000, dDy=   0.000, dDz=   0.000  (mm)
  Obj Stage rotY :    9.999 deg
============================================================

Unity geometry (world coordinates):
  Source   : x=   0.000, y=  45.000, z=   0.000
  Object   : x=  -0.007, y=  19.987, z= 570.259
  Detector : x=   0.000, y=   0.000, z= 674.000
  Obj rotY :   0.0000 deg
view   0 | SOD= 570.811 mm | SDD= 675.501 mm | M= 1.183 | incident=3.8197°
[[  99.01877    -561.6004      -25.013435  ]
 [ -18.007679    102.16219      19.986565  ]
 [   0.14732772    0.02597501    0.        ]
 [   0.            0.            0.1496    ]]
Residual vector length: 420, Jacobian shape: (420, 6)
view   0 | SOD= 570.793 mm | SDD= 675.501 mm | M= 1.183 | incident=3.8197°
[[  98.99602    -561.5858      -25.01104   ]
 [ -18.006716    102.180954     19.98896   ]
 [   0.14732866    0.02596975    0.        ]
 [   0.            0.            0.1496    ]]

iter 27 cost=3.218333 -> 2.839460 |dtheta|=2.128786e-02  lambda=1.000e-06

============================================================
Iteration 28
============================================================
Theta offsets (Unity frame):
  Source   : dSx=   0.000, dSy=   0.000, dSz=   0.000  (mm)
  Object   : dOx= -10.007, dOy=   4.989, dOz= -18.762  (mm)
  Object offset: offset_x=   0.002, offset_z=   0.006  (mm)
  Detector : dDx=   0.000, dDy=   0.000, dDz=   0.000  (mm)
  Obj Stage rotY :    9.997 deg
============================================================

Unity geometry (world coordinates):
  Source   : x=   0.000, y=  45.000, z=   0.000
  Object   : x=  -0.007, y=  19.989, z= 570.238
  Detector : x=   0.000, y=   0.000, z= 674.000
  Obj rotY :   0.0000 deg
view   0 | SOD= 570.793 mm | SDD= 675.501 mm | M= 1.183 | incident=3.8197°
[[  98.99602    -561.5858      -25.01104   ]
 [ -18.006716    102.180954     19.98896   ]
 [   0.14732866    0.02596975    0.        ]
 [   0.            0.            0.1496    ]]
Residual vector length: 420, Jacobian shape: (420, 6)
view   0 | SOD= 570.773 mm | SDD= 675.501 mm | M= 1.183 | incident=3.8197°
[[  98.9658     -561.5713      -25.00973   ]
 [ -18.005848    102.201004     19.99027   ]
 [   0.14732987    0.02596285    0.        ]
 [   0.            0.            0.1496    ]]

iter 28 cost=2.839460 -> 2.742591 |dtheta|=1.805059e-02  lambda=1.000e-06

============================================================
Iteration 29
============================================================
Theta offsets (Unity frame):
  Source   : dSx=   0.000, dSy=   0.000, dSz=   0.000  (mm)
  Object   : dOx= -10.006, dOy=   4.990, dOz= -18.779  (mm)
  Object offset: offset_x=   0.002, offset_z=   0.004  (mm)
  Detector : dDx=   0.000, dDy=   0.000, dDz=   0.000  (mm)
  Obj Stage rotY :    9.994 deg
============================================================

Unity geometry (world coordinates):
  Source   : x=   0.000, y=  45.000, z=   0.000
  Object   : x=  -0.006, y=  19.990, z= 570.221
  Detector : x=   0.000, y=   0.000, z= 674.000
  Obj rotY :   0.0000 deg
view   0 | SOD= 570.773 mm | SDD= 675.501 mm | M= 1.183 | incident=3.8197°
[[  98.9658     -561.5713      -25.00973   ]
 [ -18.005848    102.201004     19.99027   ]
 [   0.14732987    0.02596285    0.        ]
 [   0.            0.            0.1496    ]]
Residual vector length: 420, Jacobian shape: (420, 6)
view   0 | SOD= 570.745 mm | SDD= 675.501 mm | M= 1.184 | incident=3.8197°
[[  98.987564   -561.5392      -25.006454  ]
 [ -18.018572    102.22702      19.993546  ]
 [   0.14732853    0.0259705     0.        ]
 [   0.            0.            0.1496    ]]

iter 29 cost=2.742591 -> 2.595756 |dtheta|=2.894129e-02  lambda=1.000e-06

============================================================
Iteration 30
============================================================
Theta offsets (Unity frame):
  Source   : dSx=   0.000, dSy=   0.000, dSz=   0.000  (mm)
  Object   : dOx= -10.006, dOy=   4.994, dOz= -18.808  (mm)
  Object offset: offset_x=   0.004, offset_z=   0.005  (mm)
  Detector : dDx=   0.000, dDy=   0.000, dDz=   0.000  (mm)
  Obj Stage rotY :    9.997 deg
============================================================

Unity geometry (world coordinates):
  Source   : x=   0.000, y=  45.000, z=   0.000
  Object   : x=  -0.006, y=  19.994, z= 570.192
  Detector : x=   0.000, y=   0.000, z= 674.000
  Obj rotY :   0.0000 deg
view   0 | SOD= 570.745 mm | SDD= 675.501 mm | M= 1.184 | incident=3.8197°
[[  98.987564   -561.5392      -25.006454  ]
 [ -18.018572    102.22702      19.993546  ]
 [   0.14732853    0.0259705     0.        ]
 [   0.            0.            0.1496    ]]
Residual vector length: 420, Jacobian shape: (420, 6)
view   0 | SOD= 570.703 mm | SDD= 675.501 mm | M= 1.184 | incident=3.8197°
[[  99.00439    -561.49335     -25.004898  ]
 [ -18.029768    102.26794      19.995102  ]
 [   0.14732742    0.02597672    0.        ]
 [   0.            0.            0.1496    ]]

iter 30 cost=2.595756 -> 2.248909 |dtheta|=4.184904e-02  lambda=1.000e-06

============================================================
Iteration 31
============================================================
Theta offsets (Unity frame):
  Source   : dSx=   0.000, dSy=   0.000, dSz=   0.000  (mm)
  Object   : dOx= -10.005, dOy=   4.995, dOz= -18.849  (mm)
  Object offset: offset_x=   0.003, offset_z=   0.004  (mm)
  Detector : dDx=   0.000, dDy=   0.000, dDz=   0.000  (mm)
  Obj Stage rotY :   10.000 deg
============================================================

Unity geometry (world coordinates):
  Source   : x=   0.000, y=  45.000, z=   0.000
  Object   : x=  -0.005, y=  19.995, z= 570.151
  Detector : x=   0.000, y=   0.000, z= 674.000
  Obj rotY :   0.0000 deg
view   0 | SOD= 570.703 mm | SDD= 675.501 mm | M= 1.184 | incident=3.8197°
[[  99.00439    -561.49335     -25.004898  ]
 [ -18.029768    102.26794      19.995102  ]
 [   0.14732742    0.02597672    0.        ]
 [   0.            0.            0.1496    ]]
Residual vector length: 420, Jacobian shape: (420, 6)
view   0 | SOD= 570.693 mm | SDD= 675.501 mm | M= 1.184 | incident=3.8197°
[[  98.97891    -561.48755     -25.004757  ]
 [ -18.025501    102.27898      19.995243  ]
 [   0.14732859    0.02597012    0.        ]
 [   0.            0.            0.1496    ]]

iter 31 cost=2.248909 -> 2.161216 |dtheta|=1.020256e-02  lambda=1.000e-06

============================================================
Iteration 32
============================================================
Theta offsets (Unity frame):
  Source   : dSx=   0.000, dSy=   0.000, dSz=   0.000  (mm)
  Object   : dOx= -10.006, dOy=   4.995, dOz= -18.859  (mm)
  Object offset: offset_x=   0.002, offset_z=   0.004  (mm)
  Detector : dDx=   0.000, dDy=   0.000, dDz=   0.000  (mm)
  Obj Stage rotY :    9.997 deg
============================================================

Unity geometry (world coordinates):
  Source   : x=   0.000, y=  45.000, z=   0.000
  Object   : x=  -0.006, y=  19.995, z= 570.141
  Detector : x=   0.000, y=   0.000, z= 674.000
  Obj rotY :   0.0000 deg
view   0 | SOD= 570.693 mm | SDD= 675.501 mm | M= 1.184 | incident=3.8197°
[[  98.97891    -561.48755     -25.004757  ]
 [ -18.025501    102.27898      19.995243  ]
 [   0.14732859    0.02597012    0.        ]
 [   0.            0.            0.1496    ]]
Residual vector length: 420, Jacobian shape: (420, 6)
view   0 | SOD= 570.684 mm | SDD= 675.501 mm | M= 1.184 | incident=3.8197°
[[  98.93411    -561.4865      -25.004074  ]
 [ -18.019888    102.28889      19.995926  ]
 [   0.14733055    0.02595893    0.        ]
 [   0.            0.            0.1496    ]]

iter 32 cost=2.161216 -> 2.187194 |dtheta|=1.010827e-02  lambda=1.000e-06

============================================================
Iteration 33
============================================================
Theta offsets (Unity frame):
  Source   : dSx=   0.000, dSy=   0.000, dSz=   0.000  (mm)
  Object   : dOx= -10.006, dOy=   4.995, dOz= -18.859  (mm)
  Object offset: offset_x=   0.002, offset_z=   0.004  (mm)
  Detector : dDx=   0.000, dDy=   0.000, dDz=   0.000  (mm)
  Obj Stage rotY :    9.997 deg
============================================================

Unity geometry (world coordinates):
  Source   : x=   0.000, y=  45.000, z=   0.000
  Object   : x=  -0.006, y=  19.995, z= 570.141
  Detector : x=   0.000, y=   0.000, z= 674.000
  Obj rotY :   0.0000 deg
view   0 | SOD= 570.693 mm | SDD= 675.501 mm | M= 1.184 | incident=3.8197°
[[  98.97891    -561.48755     -25.004757  ]
 [ -18.025501    102.27898      19.995243  ]
 [   0.14732859    0.02597012    0.        ]
 [   0.            0.            0.1496    ]]
Residual vector length: 420, Jacobian shape: (420, 6)
view   0 | SOD= 570.684 mm | SDD= 675.501 mm | M= 1.184 | incident=3.8197°
[[  98.93411    -561.4865      -25.004074  ]
 [ -18.019888    102.28889      19.995926  ]
 [   0.14733055    0.02595893    0.        ]
 [   0.            0.            0.1496    ]]

iter 33 cost=2.161216 -> 2.187194 |dtheta|=1.010827e-02  lambda=5.000e-06

============================================================
Iteration 34
============================================================
Theta offsets (Unity frame):
  Source   : dSx=   0.000, dSy=   0.000, dSz=   0.000  (mm)
  Object   : dOx= -10.006, dOy=   4.995, dOz= -18.859  (mm)
  Object offset: offset_x=   0.002, offset_z=   0.004  (mm)
  Detector : dDx=   0.000, dDy=   0.000, dDz=   0.000  (mm)
  Obj Stage rotY :    9.997 deg
============================================================

Unity geometry (world coordinates):
  Source   : x=   0.000, y=  45.000, z=   0.000
  Object   : x=  -0.006, y=  19.995, z= 570.141
  Detector : x=   0.000, y=   0.000, z= 674.000
  Obj rotY :   0.0000 deg
view   0 | SOD= 570.693 mm | SDD= 675.501 mm | M= 1.184 | incident=3.8197°
[[  98.97891    -561.48755     -25.004757  ]
 [ -18.025501    102.27898      19.995243  ]
 [   0.14732859    0.02597012    0.        ]
 [   0.            0.            0.1496    ]]
Residual vector length: 420, Jacobian shape: (420, 6)
view   0 | SOD= 570.684 mm | SDD= 675.501 mm | M= 1.184 | incident=3.8197°
[[  98.93411    -561.4865      -25.004074  ]
 [ -18.019888    102.28889      19.995926  ]
 [   0.14733055    0.02595893    0.        ]
 [   0.            0.            0.1496    ]]

iter 34 cost=2.161216 -> 2.187194 |dtheta|=1.010827e-02  lambda=2.500e-05

============================================================
Iteration 35
============================================================
Theta offsets (Unity frame):
  Source   : dSx=   0.000, dSy=   0.000, dSz=   0.000  (mm)
  Object   : dOx= -10.006, dOy=   4.995, dOz= -18.859  (mm)
  Object offset: offset_x=   0.002, offset_z=   0.004  (mm)
  Detector : dDx=   0.000, dDy=   0.000, dDz=   0.000  (mm)
  Obj Stage rotY :    9.997 deg
============================================================

Unity geometry (world coordinates):
  Source   : x=   0.000, y=  45.000, z=   0.000
  Object   : x=  -0.006, y=  19.995, z= 570.141
  Detector : x=   0.000, y=   0.000, z= 674.000
  Obj rotY :   0.0000 deg
view   0 | SOD= 570.693 mm | SDD= 675.501 mm | M= 1.184 | incident=3.8197°
[[  98.97891    -561.48755     -25.004757  ]
 [ -18.025501    102.27898      19.995243  ]
 [   0.14732859    0.02597012    0.        ]
 [   0.            0.            0.1496    ]]
Residual vector length: 420, Jacobian shape: (420, 6)
view   0 | SOD= 570.684 mm | SDD= 675.501 mm | M= 1.184 | incident=3.8197°
[[  98.93411    -561.4865      -25.004074  ]
 [ -18.019888    102.28889      19.995926  ]
 [   0.14733055    0.02595893    0.        ]
 [   0.            0.            0.1496    ]]

iter 35 cost=2.161216 -> 2.187194 |dtheta|=1.010826e-02  lambda=1.250e-04

============================================================
Iteration 36
============================================================
Theta offsets (Unity frame):
  Source   : dSx=   0.000, dSy=   0.000, dSz=   0.000  (mm)
  Object   : dOx= -10.006, dOy=   4.995, dOz= -18.859  (mm)
  Object offset: offset_x=   0.002, offset_z=   0.004  (mm)
  Detector : dDx=   0.000, dDy=   0.000, dDz=   0.000  (mm)
  Obj Stage rotY :    9.997 deg
============================================================

Unity geometry (world coordinates):
  Source   : x=   0.000, y=  45.000, z=   0.000
  Object   : x=  -0.006, y=  19.995, z= 570.141
  Detector : x=   0.000, y=   0.000, z= 674.000
  Obj rotY :   0.0000 deg
view   0 | SOD= 570.693 mm | SDD= 675.501 mm | M= 1.184 | incident=3.8197°
[[  98.97891    -561.48755     -25.004757  ]
 [ -18.025501    102.27898      19.995243  ]
 [   0.14732859    0.02597012    0.        ]
 [   0.            0.            0.1496    ]]
Residual vector length: 420, Jacobian shape: (420, 6)
view   0 | SOD= 570.684 mm | SDD= 675.501 mm | M= 1.184 | incident=3.8197°
[[  98.93411    -561.4865      -25.004074  ]
 [ -18.019888    102.28889      19.995926  ]
 [   0.14733055    0.02595893    0.        ]
 [   0.            0.            0.1496    ]]

iter 36 cost=2.161216 -> 2.187194 |dtheta|=1.010825e-02  lambda=6.250e-04

============================================================
Iteration 37
============================================================
Theta offsets (Unity frame):
  Source   : dSx=   0.000, dSy=   0.000, dSz=   0.000  (mm)
  Object   : dOx= -10.006, dOy=   4.995, dOz= -18.859  (mm)
  Object offset: offset_x=   0.002, offset_z=   0.004  (mm)
  Detector : dDx=   0.000, dDy=   0.000, dDz=   0.000  (mm)
  Obj Stage rotY :    9.997 deg
============================================================

Unity geometry (world coordinates):
  Source   : x=   0.000, y=  45.000, z=   0.000
  Object   : x=  -0.006, y=  19.995, z= 570.141
  Detector : x=   0.000, y=   0.000, z= 674.000
  Obj rotY :   0.0000 deg
view   0 | SOD= 570.693 mm | SDD= 675.501 mm | M= 1.184 | incident=3.8197°
[[  98.97891    -561.48755     -25.004757  ]
 [ -18.025501    102.27898      19.995243  ]
 [   0.14732859    0.02597012    0.        ]
 [   0.            0.            0.1496    ]]
Residual vector length: 420, Jacobian shape: (420, 6)
view   0 | SOD= 570.684 mm | SDD= 675.501 mm | M= 1.184 | incident=3.8197°
[[  98.93411    -561.4865      -25.004074  ]
 [ -18.019888    102.28889      19.995926  ]
 [   0.14733055    0.02595893    0.        ]
 [   0.            0.            0.1496    ]]

iter 37 cost=2.161216 -> 2.187194 |dtheta|=1.010818e-02  lambda=3.125e-03

============================================================
Iteration 38
============================================================
Theta offsets (Unity frame):
  Source   : dSx=   0.000, dSy=   0.000, dSz=   0.000  (mm)
  Object   : dOx= -10.006, dOy=   4.995, dOz= -18.859  (mm)
  Object offset: offset_x=   0.002, offset_z=   0.004  (mm)
  Detector : dDx=   0.000, dDy=   0.000, dDz=   0.000  (mm)
  Obj Stage rotY :    9.997 deg
============================================================

Unity geometry (world coordinates):
  Source   : x=   0.000, y=  45.000, z=   0.000
  Object   : x=  -0.006, y=  19.995, z= 570.141
  Detector : x=   0.000, y=   0.000, z= 674.000
  Obj rotY :   0.0000 deg
view   0 | SOD= 570.693 mm | SDD= 675.501 mm | M= 1.184 | incident=3.8197°
[[  98.97891    -561.48755     -25.004757  ]
 [ -18.025501    102.27898      19.995243  ]
 [   0.14732859    0.02597012    0.        ]
 [   0.            0.            0.1496    ]]
Residual vector length: 420, Jacobian shape: (420, 6)
view   0 | SOD= 570.684 mm | SDD= 675.501 mm | M= 1.184 | incident=3.8197°
[[  98.93411    -561.4865      -25.004074  ]
 [ -18.019888    102.28889      19.995926  ]
 [   0.14733055    0.02595893    0.        ]
 [   0.            0.            0.1496    ]]

iter 38 cost=2.161216 -> 2.187194 |dtheta|=1.010781e-02  lambda=1.562e-02

============================================================
Iteration 39
============================================================
Theta offsets (Unity frame):
  Source   : dSx=   0.000, dSy=   0.000, dSz=   0.000  (mm)
  Object   : dOx= -10.006, dOy=   4.995, dOz= -18.859  (mm)
  Object offset: offset_x=   0.002, offset_z=   0.004  (mm)
  Detector : dDx=   0.000, dDy=   0.000, dDz=   0.000  (mm)
  Obj Stage rotY :    9.997 deg
============================================================

Unity geometry (world coordinates):
  Source   : x=   0.000, y=  45.000, z=   0.000
  Object   : x=  -0.006, y=  19.995, z= 570.141
  Detector : x=   0.000, y=   0.000, z= 674.000
  Obj rotY :   0.0000 deg
view   0 | SOD= 570.693 mm | SDD= 675.501 mm | M= 1.184 | incident=3.8197°
[[  98.97891    -561.48755     -25.004757  ]
 [ -18.025501    102.27898      19.995243  ]
 [   0.14732859    0.02597012    0.        ]
 [   0.            0.            0.1496    ]]
Residual vector length: 420, Jacobian shape: (420, 6)
view   0 | SOD= 570.684 mm | SDD= 675.501 mm | M= 1.184 | incident=3.8197°
[[  98.93411    -561.4865      -25.004074  ]
 [ -18.019888    102.28889      19.995926  ]
 [   0.14733055    0.02595893    0.        ]
 [   0.            0.            0.1496    ]]

iter 39 cost=2.161216 -> 2.187194 |dtheta|=1.010596e-02  lambda=7.812e-02

============================================================
Iteration 40
============================================================
Theta offsets (Unity frame):
  Source   : dSx=   0.000, dSy=   0.000, dSz=   0.000  (mm)
  Object   : dOx= -10.006, dOy=   4.995, dOz= -18.859  (mm)
  Object offset: offset_x=   0.002, offset_z=   0.004  (mm)
  Detector : dDx=   0.000, dDy=   0.000, dDz=   0.000  (mm)
  Obj Stage rotY :    9.997 deg
============================================================

Unity geometry (world coordinates):
  Source   : x=   0.000, y=  45.000, z=   0.000
  Object   : x=  -0.006, y=  19.995, z= 570.141
  Detector : x=   0.000, y=   0.000, z= 674.000
  Obj rotY :   0.0000 deg
view   0 | SOD= 570.693 mm | SDD= 675.501 mm | M= 1.184 | incident=3.8197°
[[  98.97891    -561.48755     -25.004757  ]
 [ -18.025501    102.27898      19.995243  ]
 [   0.14732859    0.02597012    0.        ]
 [   0.            0.            0.1496    ]]
Residual vector length: 420, Jacobian shape: (420, 6)
view   0 | SOD= 570.684 mm | SDD= 675.501 mm | M= 1.184 | incident=3.8197°
[[  98.93413    -561.4866      -25.004074  ]
 [ -18.019878    102.288826     19.995926  ]
 [   0.14733055    0.02595893    0.        ]
 [   0.            0.            0.1496    ]]

iter 40 cost=2.161216 -> 2.187194 |dtheta|=1.009673e-02  lambda=3.906e-01

============================================================
Iteration 41
============================================================
Theta offsets (Unity frame):
  Source   : dSx=   0.000, dSy=   0.000, dSz=   0.000  (mm)
  Object   : dOx= -10.006, dOy=   4.995, dOz= -18.859  (mm)
  Object offset: offset_x=   0.002, offset_z=   0.004  (mm)
  Detector : dDx=   0.000, dDy=   0.000, dDz=   0.000  (mm)
  Obj Stage rotY :    9.997 deg
============================================================

Unity geometry (world coordinates):
  Source   : x=   0.000, y=  45.000, z=   0.000
  Object   : x=  -0.006, y=  19.995, z= 570.141
  Detector : x=   0.000, y=   0.000, z= 674.000
  Obj rotY :   0.0000 deg
view   0 | SOD= 570.693 mm | SDD= 675.501 mm | M= 1.184 | incident=3.8197°
[[  98.97891    -561.48755     -25.004757  ]
 [ -18.025501    102.27898      19.995243  ]
 [   0.14732859    0.02597012    0.        ]
 [   0.            0.            0.1496    ]]
Residual vector length: 420, Jacobian shape: (420, 6)
view   0 | SOD= 570.684 mm | SDD= 675.501 mm | M= 1.184 | incident=3.8197°
[[  98.93416    -561.4866      -25.004076  ]
 [ -18.01988     102.288826     19.995924  ]
 [   0.14733055    0.02595894    0.        ]
 [   0.            0.            0.1496    ]]

iter 41 cost=2.161216 -> 2.187194 |dtheta|=1.005093e-02  lambda=1.953e+00

============================================================
Iteration 42
============================================================
Theta offsets (Unity frame):
  Source   : dSx=   0.000, dSy=   0.000, dSz=   0.000  (mm)
  Object   : dOx= -10.006, dOy=   4.995, dOz= -18.859  (mm)
  Object offset: offset_x=   0.002, offset_z=   0.004  (mm)
  Detector : dDx=   0.000, dDy=   0.000, dDz=   0.000  (mm)
  Obj Stage rotY :    9.997 deg
============================================================

Unity geometry (world coordinates):
  Source   : x=   0.000, y=  45.000, z=   0.000
  Object   : x=  -0.006, y=  19.995, z= 570.141
  Detector : x=   0.000, y=   0.000, z= 674.000
  Obj rotY :   0.0000 deg
view   0 | SOD= 570.693 mm | SDD= 675.501 mm | M= 1.184 | incident=3.8197°
[[  98.97891    -561.48755     -25.004757  ]
 [ -18.025501    102.27898      19.995243  ]
 [   0.14732859    0.02597012    0.        ]
 [   0.            0.            0.1496    ]]
Residual vector length: 420, Jacobian shape: (420, 6)
view   0 | SOD= 570.684 mm | SDD= 675.501 mm | M= 1.184 | incident=3.8197°
[[  98.93436    -561.48676     -25.004084  ]
 [ -18.019854    102.28859      19.995916  ]
 [   0.14733055    0.02595898    0.        ]
 [   0.            0.            0.1496    ]]

iter 42 cost=2.161216 -> 2.187194 |dtheta|=9.829562e-03  lambda=9.766e+00

============================================================
Iteration 43
============================================================
Theta offsets (Unity frame):
  Source   : dSx=   0.000, dSy=   0.000, dSz=   0.000  (mm)
  Object   : dOx= -10.006, dOy=   4.995, dOz= -18.859  (mm)
  Object offset: offset_x=   0.002, offset_z=   0.004  (mm)
  Detector : dDx=   0.000, dDy=   0.000, dDz=   0.000  (mm)
  Obj Stage rotY :    9.997 deg
============================================================

Unity geometry (world coordinates):
  Source   : x=   0.000, y=  45.000, z=   0.000
  Object   : x=  -0.006, y=  19.995, z= 570.141
  Detector : x=   0.000, y=   0.000, z= 674.000
  Obj rotY :   0.0000 deg
view   0 | SOD= 570.693 mm | SDD= 675.501 mm | M= 1.184 | incident=3.8197°
[[  98.97891    -561.48755     -25.004757  ]
 [ -18.025501    102.27898      19.995243  ]
 [   0.14732859    0.02597012    0.        ]
 [   0.            0.            0.1496    ]]
Residual vector length: 420, Jacobian shape: (420, 6)
view   0 | SOD= 570.685 mm | SDD= 675.501 mm | M= 1.184 | incident=3.8197°
[[  98.935265   -561.4877      -25.004114  ]
 [ -18.019756    102.28755      19.995886  ]
 [   0.14733052    0.02595916    0.        ]
 [   0.            0.            0.1496    ]]

iter 43 cost=2.161216 -> 2.151437 |dtheta|=8.885582e-03  lambda=4.883e+01

============================================================
Iteration 44
============================================================
Theta offsets (Unity frame):
  Source   : dSx=   0.000, dSy=   0.000, dSz=   0.000  (mm)
  Object   : dOx= -10.005, dOy=   4.996, dOz= -18.867  (mm)
  Object offset: offset_x=   0.002, offset_z=   0.004  (mm)
  Detector : dDx=   0.000, dDy=   0.000, dDz=   0.000  (mm)
  Obj Stage rotY :    9.993 deg
============================================================

Unity geometry (world coordinates):
  Source   : x=   0.000, y=  45.000, z=   0.000
  Object   : x=  -0.005, y=  19.996, z= 570.133
  Detector : x=   0.000, y=   0.000, z= 674.000
  Obj rotY :   0.0000 deg
view   0 | SOD= 570.685 mm | SDD= 675.501 mm | M= 1.184 | incident=3.8197°
[[  98.935265   -561.4877      -25.004114  ]
 [ -18.019756    102.28755      19.995886  ]
 [   0.14733052    0.02595916    0.        ]
 [   0.            0.            0.1496    ]]
Residual vector length: 420, Jacobian shape: (420, 6)
view   0 | SOD= 570.666 mm | SDD= 675.501 mm | M= 1.184 | incident=3.8197°
[[  98.958206   -561.4641      -25.003178  ]
 [ -18.029667    102.30533      19.996822  ]
 [   0.14732924    0.02596645    0.        ]
 [   0.            0.            0.1496    ]]

iter 44 cost=2.151437 -> 2.095406 |dtheta|=1.976822e-02  lambda=1.628e+01

============================================================
Iteration 45
============================================================
Theta offsets (Unity frame):
  Source   : dSx=   0.000, dSy=   0.000, dSz=   0.000  (mm)
  Object   : dOx= -10.005, dOy=   4.997, dOz= -18.887  (mm)
  Object offset: offset_x=   0.003, offset_z=   0.005  (mm)
  Detector : dDx=   0.000, dDy=   0.000, dDz=   0.000  (mm)
  Obj Stage rotY :    9.996 deg
============================================================

Unity geometry (world coordinates):
  Source   : x=   0.000, y=  45.000, z=   0.000
  Object   : x=  -0.005, y=  19.997, z= 570.113
  Detector : x=   0.000, y=   0.000, z= 674.000
  Obj rotY :   0.0000 deg
view   0 | SOD= 570.666 mm | SDD= 675.501 mm | M= 1.184 | incident=3.8197°
[[  98.958206   -561.4641      -25.003178  ]
 [ -18.029667    102.30533      19.996822  ]
 [   0.14732924    0.02596645    0.        ]
 [   0.            0.            0.1496    ]]
Residual vector length: 420, Jacobian shape: (420, 6)
view   0 | SOD= 570.635 mm | SDD= 675.501 mm | M= 1.184 | incident=3.8197°
[[  98.93231    -561.4374      -25.003105  ]
 [ -18.030903    102.3364       19.996895  ]
 [   0.1473302     0.02596097    0.        ]
 [   0.            0.            0.1496    ]]

iter 45 cost=2.095406 -> 1.847975 |dtheta|=2.922507e-02  lambda=5.425e+00

============================================================
Iteration 46
============================================================
Theta offsets (Unity frame):
  Source   : dSx=   0.000, dSy=   0.000, dSz=   0.000  (mm)
  Object   : dOx= -10.005, dOy=   4.997, dOz= -18.916  (mm)
  Object offset: offset_x=   0.003, offset_z=   0.003  (mm)
  Detector : dDx=   0.000, dDy=   0.000, dDz=   0.000  (mm)
  Obj Stage rotY :    9.993 deg
============================================================

Unity geometry (world coordinates):
  Source   : x=   0.000, y=  45.000, z=   0.000
  Object   : x=  -0.005, y=  19.997, z= 570.084
  Detector : x=   0.000, y=   0.000, z= 674.000
  Obj rotY :   0.0000 deg
view   0 | SOD= 570.635 mm | SDD= 675.501 mm | M= 1.184 | incident=3.8197°
[[  98.93231    -561.4374      -25.003105  ]
 [ -18.030903    102.3364       19.996895  ]
 [   0.1473302     0.02596097    0.        ]
 [   0.            0.            0.1496    ]]
Residual vector length: 420, Jacobian shape: (420, 6)
view   0 | SOD= 570.628 mm | SDD= 675.501 mm | M= 1.184 | incident=3.8197°
[[  98.909485   -561.4336      -25.001677  ]
 [ -18.027946    102.344734     19.998323  ]
 [   0.14733121    0.02595525    0.        ]
 [   0.            0.            0.1496    ]]

iter 46 cost=1.847975 -> 1.981596 |dtheta|=1.023227e-02  lambda=1.808e+00

============================================================
Iteration 47
============================================================
Theta offsets (Unity frame):
  Source   : dSx=   0.000, dSy=   0.000, dSz=   0.000  (mm)
  Object   : dOx= -10.005, dOy=   4.997, dOz= -18.916  (mm)
  Object offset: offset_x=   0.003, offset_z=   0.003  (mm)
  Detector : dDx=   0.000, dDy=   0.000, dDz=   0.000  (mm)
  Obj Stage rotY :    9.993 deg
============================================================

Unity geometry (world coordinates):
  Source   : x=   0.000, y=  45.000, z=   0.000
  Object   : x=  -0.005, y=  19.997, z= 570.084
  Detector : x=   0.000, y=   0.000, z= 674.000
  Obj rotY :   0.0000 deg
view   0 | SOD= 570.635 mm | SDD= 675.501 mm | M= 1.184 | incident=3.8197°
[[  98.93231    -561.4374      -25.003105  ]
 [ -18.030903    102.3364       19.996895  ]
 [   0.1473302     0.02596097    0.        ]
 [   0.            0.            0.1496    ]]
Residual vector length: 420, Jacobian shape: (420, 6)
view   0 | SOD= 570.628 mm | SDD= 675.501 mm | M= 1.184 | incident=3.8197°
[[  98.90968   -561.43365    -25.001684 ]
 [ -18.027956   102.34461     19.998316 ]
 [   0.1473312    0.0259553    0.       ]
 [   0.           0.           0.1496   ]]

iter 47 cost=1.847975 -> 1.995944 |dtheta|=1.012119e-02  lambda=9.042e+00

============================================================
Iteration 48
============================================================
Theta offsets (Unity frame):
  Source   : dSx=   0.000, dSy=   0.000, dSz=   0.000  (mm)
  Object   : dOx= -10.005, dOy=   4.997, dOz= -18.916  (mm)
  Object offset: offset_x=   0.003, offset_z=   0.003  (mm)
  Detector : dDx=   0.000, dDy=   0.000, dDz=   0.000  (mm)
  Obj Stage rotY :    9.993 deg
============================================================

Unity geometry (world coordinates):
  Source   : x=   0.000, y=  45.000, z=   0.000
  Object   : x=  -0.005, y=  19.997, z= 570.084
  Detector : x=   0.000, y=   0.000, z= 674.000
  Obj rotY :   0.0000 deg
view   0 | SOD= 570.635 mm | SDD= 675.501 mm | M= 1.184 | incident=3.8197°
[[  98.93231    -561.4374      -25.003105  ]
 [ -18.030903    102.3364       19.996895  ]
 [   0.1473302     0.02596097    0.        ]
 [   0.            0.            0.1496    ]]
Residual vector length: 420, Jacobian shape: (420, 6)
view   0 | SOD= 570.628 mm | SDD= 675.501 mm | M= 1.184 | incident=3.8197°
[[  98.910576   -561.434       -25.00172   ]
 [ -18.028023    102.3441       19.99828   ]
 [   0.14733116    0.02595551    0.        ]
 [   0.            0.            0.1496    ]]

iter 48 cost=1.847975 -> 1.995890 |dtheta|=9.602261e-03  lambda=4.521e+01

============================================================
Iteration 49
============================================================
Theta offsets (Unity frame):
  Source   : dSx=   0.000, dSy=   0.000, dSz=   0.000  (mm)
  Object   : dOx= -10.005, dOy=   4.997, dOz= -18.916  (mm)
  Object offset: offset_x=   0.003, offset_z=   0.003  (mm)
  Detector : dDx=   0.000, dDy=   0.000, dDz=   0.000  (mm)
  Obj Stage rotY :    9.993 deg
============================================================

Unity geometry (world coordinates):
  Source   : x=   0.000, y=  45.000, z=   0.000
  Object   : x=  -0.005, y=  19.997, z= 570.084
  Detector : x=   0.000, y=   0.000, z= 674.000
  Obj rotY :   0.0000 deg
view   0 | SOD= 570.635 mm | SDD= 675.501 mm | M= 1.184 | incident=3.8197°
[[  98.93231    -561.4374      -25.003105  ]
 [ -18.030903    102.3364       19.996895  ]
 [   0.1473302     0.02596097    0.        ]
 [   0.            0.            0.1496    ]]
Residual vector length: 420, Jacobian shape: (420, 6)
view   0 | SOD= 570.630 mm | SDD= 675.501 mm | M= 1.184 | incident=3.8197°
[[  98.91404    -561.43524     -25.001854  ]
 [ -18.028288    102.34219      19.998146  ]
 [   0.14733101    0.02595634    0.        ]
 [   0.            0.            0.1496    ]]

iter 49 cost=1.847975 -> 1.982532 |dtheta|=7.678179e-03  lambda=2.261e+02

============================================================
Iteration 50
============================================================
Theta offsets (Unity frame):
  Source   : dSx=   0.000, dSy=   0.000, dSz=   0.000  (mm)
  Object   : dOx= -10.005, dOy=   4.997, dOz= -18.916  (mm)
  Object offset: offset_x=   0.003, offset_z=   0.003  (mm)
  Detector : dDx=   0.000, dDy=   0.000, dDz=   0.000  (mm)
  Obj Stage rotY :    9.993 deg
============================================================

Unity geometry (world coordinates):
  Source   : x=   0.000, y=  45.000, z=   0.000
  Object   : x=  -0.005, y=  19.997, z= 570.084
  Detector : x=   0.000, y=   0.000, z= 674.000
  Obj rotY :   0.0000 deg
view   0 | SOD= 570.635 mm | SDD= 675.501 mm | M= 1.184 | incident=3.8197°
[[  98.93231    -561.4374      -25.003105  ]
 [ -18.030903    102.3364       19.996895  ]
 [   0.1473302     0.02596097    0.        ]
 [   0.            0.            0.1496    ]]
Residual vector length: 420, Jacobian shape: (420, 6)
view   0 | SOD= 570.634 mm | SDD= 675.501 mm | M= 1.184 | incident=3.8197°
[[  98.921684   -561.43744     -25.002136  ]
 [ -18.029003    102.33854      19.997864  ]
 [   0.14733069    0.02595819    0.        ]
 [   0.            0.            0.1496    ]]

iter 50 cost=1.847975 -> 1.988270 |dtheta|=4.068744e-03  lambda=1.130e+03

============================================================
Iteration 51
============================================================
Theta offsets (Unity frame):
  Source   : dSx=   0.000, dSy=   0.000, dSz=   0.000  (mm)
  Object   : dOx= -10.005, dOy=   4.997, dOz= -18.916  (mm)
  Object offset: offset_x=   0.003, offset_z=   0.003  (mm)
  Detector : dDx=   0.000, dDy=   0.000, dDz=   0.000  (mm)
  Obj Stage rotY :    9.993 deg
============================================================

Unity geometry (world coordinates):
  Source   : x=   0.000, y=  45.000, z=   0.000
  Object   : x=  -0.005, y=  19.997, z= 570.084
  Detector : x=   0.000, y=   0.000, z= 674.000
  Obj rotY :   0.0000 deg
view   0 | SOD= 570.635 mm | SDD= 675.501 mm | M= 1.184 | incident=3.8197°
[[  98.93231    -561.4374      -25.003105  ]
 [ -18.030903    102.3364       19.996895  ]
 [   0.1473302     0.02596097    0.        ]
 [   0.            0.            0.1496    ]]
Residual vector length: 420, Jacobian shape: (420, 6)
view   0 | SOD= 570.635 mm | SDD= 675.501 mm | M= 1.184 | incident=3.8197°
[[  98.928825   -561.4381      -25.002466  ]
 [ -18.03003     102.33643      19.997534  ]
 [   0.14733037    0.02596001    0.        ]
 [   0.            0.            0.1496    ]]

iter 51 cost=1.847975 -> 1.979704 |dtheta|=1.598637e-03  lambda=5.651e+03

============================================================
Iteration 52
============================================================
Theta offsets (Unity frame):
  Source   : dSx=   0.000, dSy=   0.000, dSz=   0.000  (mm)
  Object   : dOx= -10.005, dOy=   4.997, dOz= -18.916  (mm)
  Object offset: offset_x=   0.003, offset_z=   0.003  (mm)
  Detector : dDx=   0.000, dDy=   0.000, dDz=   0.000  (mm)
  Obj Stage rotY :    9.993 deg
============================================================

Unity geometry (world coordinates):
  Source   : x=   0.000, y=  45.000, z=   0.000
  Object   : x=  -0.005, y=  19.997, z= 570.084
  Detector : x=   0.000, y=   0.000, z= 674.000
  Obj rotY :   0.0000 deg
view   0 | SOD= 570.635 mm | SDD= 675.501 mm | M= 1.184 | incident=3.8197°
[[  98.93231    -561.4374      -25.003105  ]
 [ -18.030903    102.3364       19.996895  ]
 [   0.1473302     0.02596097    0.        ]
 [   0.            0.            0.1496    ]]
Residual vector length: 420, Jacobian shape: (420, 6)
view   0 | SOD= 570.635 mm | SDD= 675.501 mm | M= 1.184 | incident=3.8197°
[[  98.93159    -561.4377      -25.00283   ]
 [ -18.030659    102.336266     19.99717   ]
 [   0.14733024    0.02596076    0.        ]
 [   0.            0.            0.1496    ]]

iter 52 cost=1.847975 -> 1.916427 |dtheta|=5.165496e-04  lambda=2.826e+04

============================================================
Iteration 53
============================================================
Theta offsets (Unity frame):
  Source   : dSx=   0.000, dSy=   0.000, dSz=   0.000  (mm)
  Object   : dOx= -10.005, dOy=   4.997, dOz= -18.916  (mm)
  Object offset: offset_x=   0.003, offset_z=   0.003  (mm)
  Detector : dDx=   0.000, dDy=   0.000, dDz=   0.000  (mm)
  Obj Stage rotY :    9.993 deg
============================================================

Unity geometry (world coordinates):
  Source   : x=   0.000, y=  45.000, z=   0.000
  Object   : x=  -0.005, y=  19.997, z= 570.084
  Detector : x=   0.000, y=   0.000, z= 674.000
  Obj rotY :   0.0000 deg
view   0 | SOD= 570.635 mm | SDD= 675.501 mm | M= 1.184 | incident=3.8197°
[[  98.93231    -561.4374      -25.003105  ]
 [ -18.030903    102.3364       19.996895  ]
 [   0.1473302     0.02596097    0.        ]
 [   0.            0.            0.1496    ]]
Residual vector length: 420, Jacobian shape: (420, 6)
view   0 | SOD= 570.635 mm | SDD= 675.501 mm | M= 1.184 | incident=3.8197°
[[  98.932175   -561.43744     -25.003035  ]
 [ -18.030848    102.33635      19.996965  ]
 [   0.14733021    0.02596093    0.        ]
 [   0.            0.            0.1496    ]]

iter 53 cost=1.847975 -> 1.872863 |dtheta|=1.236543e-04  lambda=1.413e+05

============================================================
Iteration 54
============================================================
Theta offsets (Unity frame):
  Source   : dSx=   0.000, dSy=   0.000, dSz=   0.000  (mm)
  Object   : dOx= -10.005, dOy=   4.997, dOz= -18.916  (mm)
  Object offset: offset_x=   0.003, offset_z=   0.003  (mm)
  Detector : dDx=   0.000, dDy=   0.000, dDz=   0.000  (mm)
  Obj Stage rotY :    9.993 deg
============================================================

Unity geometry (world coordinates):
  Source   : x=   0.000, y=  45.000, z=   0.000
  Object   : x=  -0.005, y=  19.997, z= 570.084
  Detector : x=   0.000, y=   0.000, z= 674.000
  Obj rotY :   0.0000 deg
view   0 | SOD= 570.635 mm | SDD= 675.501 mm | M= 1.184 | incident=3.8197°
[[  98.93231    -561.4374      -25.003105  ]
 [ -18.030903    102.3364       19.996895  ]
 [   0.1473302     0.02596097    0.        ]
 [   0.            0.            0.1496    ]]
Residual vector length: 420, Jacobian shape: (420, 6)
view   0 | SOD= 570.635 mm | SDD= 675.501 mm | M= 1.184 | incident=3.8197°
[[  98.93229    -561.43744     -25.00309   ]
 [ -18.030884    102.33635      19.99691   ]
 [   0.1473302     0.02596097    0.        ]
 [   0.            0.            0.1496    ]]

iter 54 cost=1.847975 -> 1.846466 |dtheta|=2.582664e-05  lambda=7.064e+05

============================================================
Iteration 55
============================================================
Theta offsets (Unity frame):
  Source   : dSx=   0.000, dSy=   0.000, dSz=   0.000  (mm)
  Object   : dOx= -10.005, dOy=   4.997, dOz= -18.916  (mm)
  Object offset: offset_x=   0.003, offset_z=   0.003  (mm)
  Detector : dDx=   0.000, dDy=   0.000, dDz=   0.000  (mm)
  Obj Stage rotY :    9.993 deg
============================================================

Unity geometry (world coordinates):
  Source   : x=   0.000, y=  45.000, z=   0.000
  Object   : x=  -0.005, y=  19.997, z= 570.084
  Detector : x=   0.000, y=   0.000, z= 674.000
  Obj rotY :   0.0000 deg
view   0 | SOD= 570.635 mm | SDD= 675.501 mm | M= 1.184 | incident=3.8197°
[[  98.93229    -561.43744     -25.00309   ]
 [ -18.030884    102.33635      19.99691   ]
 [   0.1473302     0.02596097    0.        ]
 [   0.            0.            0.1496    ]]
Residual vector length: 420, Jacobian shape: (420, 6)
view   0 | SOD= 570.635 mm | SDD= 675.501 mm | M= 1.184 | incident=3.8197°
[[  98.932205   -561.4374      -25.003052  ]
 [ -18.030867    102.33641      19.996948  ]
 [   0.14733021    0.02596094    0.        ]
 [   0.            0.            0.1496    ]]

iter 55 cost=1.846466 -> 1.871074 |dtheta|=6.996438e-05  lambda=2.355e+05

============================================================
Iteration 56
============================================================
Theta offsets (Unity frame):
  Source   : dSx=   0.000, dSy=   0.000, dSz=   0.000  (mm)
  Object   : dOx= -10.005, dOy=   4.997, dOz= -18.916  (mm)
  Object offset: offset_x=   0.003, offset_z=   0.003  (mm)
  Detector : dDx=   0.000, dDy=   0.000, dDz=   0.000  (mm)
  Obj Stage rotY :    9.993 deg
============================================================

Unity geometry (world coordinates):
  Source   : x=   0.000, y=  45.000, z=   0.000
  Object   : x=  -0.005, y=  19.997, z= 570.084
  Detector : x=   0.000, y=   0.000, z= 674.000
  Obj rotY :   0.0000 deg
view   0 | SOD= 570.635 mm | SDD= 675.501 mm | M= 1.184 | incident=3.8197°
[[  98.93229    -561.43744     -25.00309   ]
 [ -18.030884    102.33635      19.99691   ]
 [   0.1473302     0.02596097    0.        ]
 [   0.            0.            0.1496    ]]
Residual vector length: 420, Jacobian shape: (420, 6)
view   0 | SOD= 570.635 mm | SDD= 675.501 mm | M= 1.184 | incident=3.8197°
[[  98.932274   -561.43744     -25.00308   ]
 [ -18.030878    102.33635      19.99692   ]
 [   0.1473302     0.02596096    0.        ]
 [   0.            0.            0.1496    ]]

iter 56 cost=1.846466 -> 1.845466 |dtheta|=1.689247e-05  lambda=1.000e+06

============================================================
Iteration 57
============================================================
Theta offsets (Unity frame):
  Source   : dSx=   0.000, dSy=   0.000, dSz=   0.000  (mm)
  Object   : dOx= -10.005, dOy=   4.997, dOz= -18.916  (mm)
  Object offset: offset_x=   0.003, offset_z=   0.003  (mm)
  Detector : dDx=   0.000, dDy=   0.000, dDz=   0.000  (mm)
  Obj Stage rotY :    9.993 deg
============================================================

Unity geometry (world coordinates):
  Source   : x=   0.000, y=  45.000, z=   0.000
  Object   : x=  -0.005, y=  19.997, z= 570.084
  Detector : x=   0.000, y=   0.000, z= 674.000
  Obj rotY :   0.0000 deg
view   0 | SOD= 570.635 mm | SDD= 675.501 mm | M= 1.184 | incident=3.8197°
[[  98.932274   -561.43744     -25.00308   ]
 [ -18.030878    102.33635      19.99692   ]
 [   0.1473302     0.02596096    0.        ]
 [   0.            0.            0.1496    ]]
Residual vector length: 420, Jacobian shape: (420, 6)
view   0 | SOD= 570.635 mm | SDD= 675.501 mm | M= 1.184 | incident=3.8197°
[[  98.93219    -561.4374      -25.003052  ]
 [ -18.030869    102.33641      19.996948  ]
 [   0.14733021    0.02596094    0.        ]
 [   0.            0.            0.1496    ]]

iter 57 cost=1.845466 -> 1.871074 |dtheta|=4.848884e-05  lambda=3.333e+05

============================================================
Iteration 58
============================================================
Theta offsets (Unity frame):
  Source   : dSx=   0.000, dSy=   0.000, dSz=   0.000  (mm)
  Object   : dOx= -10.005, dOy=   4.997, dOz= -18.916  (mm)
  Object offset: offset_x=   0.003, offset_z=   0.003  (mm)
  Detector : dDx=   0.000, dDy=   0.000, dDz=   0.000  (mm)
  Obj Stage rotY :    9.993 deg
============================================================

Unity geometry (world coordinates):
  Source   : x=   0.000, y=  45.000, z=   0.000
  Object   : x=  -0.005, y=  19.997, z= 570.084
  Detector : x=   0.000, y=   0.000, z= 674.000
  Obj rotY :   0.0000 deg
view   0 | SOD= 570.635 mm | SDD= 675.501 mm | M= 1.184 | incident=3.8197°
[[  98.932274   -561.43744     -25.00308   ]
 [ -18.030878    102.33635      19.99692   ]
 [   0.1473302     0.02596096    0.        ]
 [   0.            0.            0.1496    ]]
Residual vector length: 420, Jacobian shape: (420, 6)
view   0 | SOD= 570.635 mm | SDD= 675.501 mm | M= 1.184 | incident=3.8197°
[[  98.93225    -561.43744     -25.00307   ]
 [ -18.03087     102.33635      19.99693   ]
 [   0.14733021    0.02596095    0.        ]
 [   0.            0.            0.1496    ]]

iter 58 cost=1.845466 -> 1.851830 |dtheta|=1.642211e-05  lambda=1.000e+06

============================================================
Iteration 59
============================================================
Theta offsets (Unity frame):
  Source   : dSx=   0.000, dSy=   0.000, dSz=   0.000  (mm)
  Object   : dOx= -10.005, dOy=   4.997, dOz= -18.916  (mm)
  Object offset: offset_x=   0.003, offset_z=   0.003  (mm)
  Detector : dDx=   0.000, dDy=   0.000, dDz=   0.000  (mm)
  Obj Stage rotY :    9.993 deg
============================================================

Unity geometry (world coordinates):
  Source   : x=   0.000, y=  45.000, z=   0.000
  Object   : x=  -0.005, y=  19.997, z= 570.084
  Detector : x=   0.000, y=   0.000, z= 674.000
  Obj rotY :   0.0000 deg
view   0 | SOD= 570.635 mm | SDD= 675.501 mm | M= 1.184 | incident=3.8197°
[[  98.932274   -561.43744     -25.00308   ]
 [ -18.030878    102.33635      19.99692   ]
 [   0.1473302     0.02596096    0.        ]
 [   0.            0.            0.1496    ]]
Residual vector length: 420, Jacobian shape: (420, 6)
view   0 | SOD= 570.635 mm | SDD= 675.501 mm | M= 1.184 | incident=3.8197°
[[  98.93225    -561.43744     -25.00307   ]
 [ -18.03087     102.33635      19.99693   ]
 [   0.14733021    0.02596095    0.        ]
 [   0.            0.            0.1496    ]]

iter 59 cost=1.845466 -> 1.851830 |dtheta|=1.642211e-05  lambda=1.000e+06

============================================================
Iteration 60
============================================================
Theta offsets (Unity frame):
  Source   : dSx=   0.000, dSy=   0.000, dSz=   0.000  (mm)
  Object   : dOx= -10.005, dOy=   4.997, dOz= -18.916  (mm)
  Object offset: offset_x=   0.003, offset_z=   0.003  (mm)
  Detector : dDx=   0.000, dDy=   0.000, dDz=   0.000  (mm)
  Obj Stage rotY :    9.993 deg
============================================================

Unity geometry (world coordinates):
  Source   : x=   0.000, y=  45.000, z=   0.000
  Object   : x=  -0.005, y=  19.997, z= 570.084
  Detector : x=   0.000, y=   0.000, z= 674.000
  Obj rotY :   0.0000 deg
view   0 | SOD= 570.635 mm | SDD= 675.501 mm | M= 1.184 | incident=3.8197°
[[  98.932274   -561.43744     -25.00308   ]
 [ -18.030878    102.33635      19.99692   ]
 [   0.1473302     0.02596096    0.        ]
 [   0.            0.            0.1496    ]]
Residual vector length: 420, Jacobian shape: (420, 6)
view   0 | SOD= 570.635 mm | SDD= 675.501 mm | M= 1.184 | incident=3.8197°
[[  98.93225    -561.43744     -25.00307   ]
 [ -18.03087     102.33635      19.99693   ]
 [   0.14733021    0.02596095    0.        ]
 [   0.            0.            0.1496    ]]

iter 60 cost=1.845466 -> 1.851830 |dtheta|=1.642211e-05  lambda=1.000e+06

============================================================
Iteration 61
============================================================
Theta offsets (Unity frame):
  Source   : dSx=   0.000, dSy=   0.000, dSz=   0.000  (mm)
  Object   : dOx= -10.005, dOy=   4.997, dOz= -18.916  (mm)
  Object offset: offset_x=   0.003, offset_z=   0.003  (mm)
  Detector : dDx=   0.000, dDy=   0.000, dDz=   0.000  (mm)
  Obj Stage rotY :    9.993 deg
============================================================

Unity geometry (world coordinates):
  Source   : x=   0.000, y=  45.000, z=   0.000
  Object   : x=  -0.005, y=  19.997, z= 570.084
  Detector : x=   0.000, y=   0.000, z= 674.000
  Obj rotY :   0.0000 deg
view   0 | SOD= 570.635 mm | SDD= 675.501 mm | M= 1.184 | incident=3.8197°
[[  98.932274   -561.43744     -25.00308   ]
 [ -18.030878    102.33635      19.99692   ]
 [   0.1473302     0.02596096    0.        ]
 [   0.            0.            0.1496    ]]
Residual vector length: 420, Jacobian shape: (420, 6)
view   0 | SOD= 570.635 mm | SDD= 675.501 mm | M= 1.184 | incident=3.8197°
[[  98.93225    -561.43744     -25.00307   ]
 [ -18.03087     102.33635      19.99693   ]
 [   0.14733021    0.02596095    0.        ]
 [   0.            0.            0.1496    ]]

iter 61 cost=1.845466 -> 1.851830 |dtheta|=1.642211e-05  lambda=1.000e+06

============================================================
Iteration 62
============================================================
Theta offsets (Unity frame):
  Source   : dSx=   0.000, dSy=   0.000, dSz=   0.000  (mm)
  Object   : dOx= -10.005, dOy=   4.997, dOz= -18.916  (mm)
  Object offset: offset_x=   0.003, offset_z=   0.003  (mm)
  Detector : dDx=   0.000, dDy=   0.000, dDz=   0.000  (mm)
  Obj Stage rotY :    9.993 deg
============================================================

Unity geometry (world coordinates):
  Source   : x=   0.000, y=  45.000, z=   0.000
  Object   : x=  -0.005, y=  19.997, z= 570.084
  Detector : x=   0.000, y=   0.000, z= 674.000
  Obj rotY :   0.0000 deg
view   0 | SOD= 570.635 mm | SDD= 675.501 mm | M= 1.184 | incident=3.8197°
[[  98.932274   -561.43744     -25.00308   ]
 [ -18.030878    102.33635      19.99692   ]
 [   0.1473302     0.02596096    0.        ]
 [   0.            0.            0.1496    ]]
Residual vector length: 420, Jacobian shape: (420, 6)
view   0 | SOD= 570.635 mm | SDD= 675.501 mm | M= 1.184 | incident=3.8197°
[[  98.93225    -561.43744     -25.00307   ]
 [ -18.03087     102.33635      19.99693   ]
 [   0.14733021    0.02596095    0.        ]
 [   0.            0.            0.1496    ]]

iter 62 cost=1.845466 -> 1.851830 |dtheta|=1.642211e-05  lambda=1.000e+06

============================================================
Iteration 63
============================================================
Theta offsets (Unity frame):
  Source   : dSx=   0.000, dSy=   0.000, dSz=   0.000  (mm)
  Object   : dOx= -10.005, dOy=   4.997, dOz= -18.916  (mm)
  Object offset: offset_x=   0.003, offset_z=   0.003  (mm)
  Detector : dDx=   0.000, dDy=   0.000, dDz=   0.000  (mm)
  Obj Stage rotY :    9.993 deg
============================================================

Unity geometry (world coordinates):
  Source   : x=   0.000, y=  45.000, z=   0.000
  Object   : x=  -0.005, y=  19.997, z= 570.084
  Detector : x=   0.000, y=   0.000, z= 674.000
  Obj rotY :   0.0000 deg
view   0 | SOD= 570.635 mm | SDD= 675.501 mm | M= 1.184 | incident=3.8197°
[[  98.932274   -561.43744     -25.00308   ]
 [ -18.030878    102.33635      19.99692   ]
 [   0.1473302     0.02596096    0.        ]
 [   0.            0.            0.1496    ]]
Residual vector length: 420, Jacobian shape: (420, 6)
view   0 | SOD= 570.635 mm | SDD= 675.501 mm | M= 1.184 | incident=3.8197°
[[  98.93225    -561.43744     -25.00307   ]
 [ -18.03087     102.33635      19.99693   ]
 [   0.14733021    0.02596095    0.        ]
 [   0.            0.            0.1496    ]]

iter 63 cost=1.845466 -> 1.851830 |dtheta|=1.642211e-05  lambda=1.000e+06

============================================================
Iteration 64
============================================================
Theta offsets (Unity frame):
  Source   : dSx=   0.000, dSy=   0.000, dSz=   0.000  (mm)
  Object   : dOx= -10.005, dOy=   4.997, dOz= -18.916  (mm)
  Object offset: offset_x=   0.003, offset_z=   0.003  (mm)
  Detector : dDx=   0.000, dDy=   0.000, dDz=   0.000  (mm)
  Obj Stage rotY :    9.993 deg
============================================================

Unity geometry (world coordinates):
  Source   : x=   0.000, y=  45.000, z=   0.000
  Object   : x=  -0.005, y=  19.997, z= 570.084
  Detector : x=   0.000, y=   0.000, z= 674.000
  Obj rotY :   0.0000 deg
view   0 | SOD= 570.635 mm | SDD= 675.501 mm | M= 1.184 | incident=3.8197°
[[  98.932274   -561.43744     -25.00308   ]
 [ -18.030878    102.33635      19.99692   ]
 [   0.1473302     0.02596096    0.        ]
 [   0.            0.            0.1496    ]]
Residual vector length: 420, Jacobian shape: (420, 6)
view   0 | SOD= 570.635 mm | SDD= 675.501 mm | M= 1.184 | incident=3.8197°
[[  98.93225    -561.43744     -25.00307   ]
 [ -18.03087     102.33635      19.99693   ]
 [   0.14733021    0.02596095    0.        ]
 [   0.            0.            0.1496    ]]

iter 64 cost=1.845466 -> 1.851830 |dtheta|=1.642211e-05  lambda=1.000e+06
Stalled.

Estimated theta:
  dSx: +0.000000
  dSy: +0.000000
  dOx: -10.004888
  dOy: +4.996919
  dOz: -18.915668
  dDx: +0.000000
  dDy: +0.000000
  dDz: +0.000000
alpha: +9.993464e+00 deg)
offset_x: +0.003169
offset_z: +0.002979

Final cost table:
Fake theta: [  0.   0. -10.   5. -19.   0.   0.   0.  10.   0.   0.]
Final estimated theta: [  0.           0.         -10.00488786   4.99691892 -18.91566795
   0.           0.           0.           9.99346371   0.00316941
   0.00297933]
Diff from Expected: [ 0.          0.         -0.00488786 -0.00308108  0.08433205  0.
  0.          0.         -0.00653629  0.00316941  0.00297933]
################################################################################

