Phantom already exists, skipping: cuboid_phantom_7_normal.npy

################################################################################
Running cuboid=normal scenario=G4 N_ANGLES=10, K=7
view   0 | SOD= 568.374 mm | SDD= 691.050 mm | M= 1.216 | incident=3.1588°
[[  24.733675   -567.4833      -20.        ]
 [   3.6013086   122.35616      15.        ]
 [   0.14939497    0.00782946    0.        ]
 [   0.            0.            0.1496    ]]
          image          x1         y1  area1          x2          y2  area2          x3          y3  area3          x4          y4  area4          x5          y5  area5          x6          y6  area6          x7          y7  area7
0  proj_000.png  470.156171  86.881612    397  354.079487  162.135897    390  361.571429  234.652291    371  368.525424  303.096045    354  478.397183  375.042254    355  474.400531  454.901857    377  470.225131  538.751309    382
1  proj_001.png  375.075426  86.912409    411  296.053097  162.000000    339  378.700265  234.071618    377  457.971831  303.053521    355  536.520376  378.081505    319  457.603053  456.870229    393  375.059850  539.299252    401
2  proj_002.png  297.535714  87.540816    392  285.972900  161.737127    369  410.520216  233.808625    371  533.343407  304.906593    364  550.938667  382.253333    375  425.314433  457.876289    388  297.642132  534.814721    394
3  proj_003.png  268.671309  88.615599    359  325.596257  161.411765    374  445.042216  233.865435    379  566.834711  307.851240    363  513.997494  386.140351    399  390.027569  457.506266    399  268.693989  527.489071    366
4  proj_004.png  296.540373  89.667702    322  398.583770  161.382199    382  469.404199  234.401575    381  543.786325  311.054131    351  438.140845  388.035211    426  365.740360  455.652956    389  296.605590  520.329193    322
5  proj_005.png  368.581197  90.410256    351  478.397759  161.397759    357  474.496000  235.120000    375  470.145729  313.113065    398  354.240409  387.304348    391  361.549865  453.398922    371  368.593123  515.871060    349
6  proj_006.png  457.926431  90.452316    367  536.550152  161.510638    329  457.474359  235.582051    390  375.077108  313.089157    415  296.054913  384.072254    346  378.744737  451.328947    380  458.024793  515.625344    363
7  proj_007.png  533.338798  89.871585    366  550.994723  161.831135    379  425.323907  235.964010    389  297.616751  311.241117    394  285.940701  379.814016    371  410.520107  450.351206    373  533.426997  519.903581    363
8  proj_008.png  566.825485  88.817175    361  514.042821  162.146096    397  389.984655  235.849105    391  268.612188  308.052632    361  325.557065  376.092391    368  445.077333  450.784000    375  566.805556  526.927778    360
9  proj_009.png  543.769006  87.599415    342  438.299287  162.258907    421  365.668407  235.315927    383  296.556250  305.006250    320  398.581579  374.402632    380  469.447090  452.492063    378  543.750725  534.373913    345

============================================================
Iteration 0
============================================================
Theta offsets (Unity frame):
  Source   : dSx=   0.000, dSy=   0.000, dSz=   0.000  (mm)
  Object   : dOx=   0.000, dOy=   0.000, dOz=   0.000  (mm)
  Object offset: offset_x=   0.000, offset_z=   0.000  (mm)
  Detector : dDx=   0.000, dDy=   0.000, dDz=   0.000  (mm)
  Obj Stage rotY :    0.000 deg
============================================================

Unity geometry (world coordinates):
  Source   : x=  -5.000, y=  38.000, z=   0.000
  Object   : x=   7.000, y=  20.000, z= 576.000
  Detector : x=  10.000, y=   3.000, z= 690.000
  Obj rotY :   0.0000 deg
view   0 | SOD= 576.406 mm | SDD= 691.050 mm | M= 1.199 | incident=3.1588°
[[ -12.     -576.      -18.    ]
 [   3.      114.       17.    ]
 [   0.1496    0.        0.    ]
 [   0.        0.        0.1496]]
Residual vector length: 350, Jacobian shape: (350, 6)
view   0 | SOD= 575.486 mm | SDD= 691.050 mm | M= 1.201 | incident=3.1588°
[[   4.3683734  -575.14514     -19.306353  ]
 [   4.6094737   115.01782      15.693647  ]
 [   0.14956579    0.00319916    0.        ]
 [   0.            0.            0.1496    ]]

iter 00 cost=123958.909537 -> 23462.412130 |dtheta|=4.471488e+00  lambda=1.000e-02

============================================================
Iteration 1
============================================================
Theta offsets (Unity frame):
  Source   : dSx=   0.000, dSy=   0.000, dSz=   0.000  (mm)
  Object   : dOx=  -4.014, dOy=  -1.306, dOz=  -0.814  (mm)
  Object offset: offset_x=  -0.054, offset_z=  -0.079  (mm)
  Detector : dDx=   0.000, dDy=   0.000, dDz=   0.000  (mm)
  Obj Stage rotY :    1.225 deg
============================================================

Unity geometry (world coordinates):
  Source   : x=  -5.000, y=  38.000, z=   0.000
  Object   : x=   2.986, y=  18.694, z= 575.186
  Detector : x=  10.000, y=   3.000, z= 690.000
  Obj rotY :   0.0000 deg
view   0 | SOD= 575.486 mm | SDD= 691.050 mm | M= 1.201 | incident=3.1588°
[[   4.3683734  -575.14514     -19.306353  ]
 [   4.6094737   115.01782      15.693647  ]
 [   0.14956579    0.00319916    0.        ]
 [   0.            0.            0.1496    ]]
Residual vector length: 350, Jacobian shape: (350, 6)
view   0 | SOD= 575.441 mm | SDD= 691.050 mm | M= 1.201 | incident=3.1588°
[[  18.756292   -574.7882      -19.965458  ]
 [   4.1981764   115.22128      15.034542  ]
 [   0.1494628     0.00640556    0.        ]
 [   0.            0.            0.1496    ]]

iter 01 cost=23462.412130 -> 5062.373957 |dtheta|=2.232283e+00  lambda=3.333e-03

============================================================
Iteration 2
============================================================
Theta offsets (Unity frame):
  Source   : dSx=   0.000, dSy=   0.000, dSz=   0.000  (mm)
  Object   : dOx=  -5.710, dOy=  -1.965, dOz=  -0.956  (mm)
  Object offset: offset_x=  -0.418, offset_z=   0.020  (mm)
  Detector : dDx=   0.000, dDy=   0.000, dDz=   0.000  (mm)
  Obj Stage rotY :    2.454 deg
============================================================

Unity geometry (world coordinates):
  Source   : x=  -5.000, y=  38.000, z=   0.000
  Object   : x=   1.290, y=  18.035, z= 575.044
  Detector : x=  10.000, y=   3.000, z= 690.000
  Obj rotY :   0.0000 deg
view   0 | SOD= 575.441 mm | SDD= 691.050 mm | M= 1.201 | incident=3.1588°
[[  18.756292   -574.7882      -19.965458  ]
 [   4.1981764   115.22128      15.034542  ]
 [   0.1494628     0.00640556    0.        ]
 [   0.            0.            0.1496    ]]
Residual vector length: 350, Jacobian shape: (350, 6)
view   0 | SOD= 574.128 mm | SDD= 691.050 mm | M= 1.204 | incident=3.1588°
[[  23.55733    -573.2943      -20.039043  ]
 [   3.8463829   116.58718      14.960957  ]
 [   0.1494108     0.00752162    0.        ]
 [   0.            0.            0.1496    ]]

iter 02 cost=5062.373957 -> 1146.228070 |dtheta|=1.720999e+00  lambda=1.111e-03

============================================================
Iteration 3
============================================================
Theta offsets (Unity frame):
  Source   : dSx=   0.000, dSy=   0.000, dSz=   0.000  (mm)
  Object   : dOx=  -6.599, dOy=  -2.039, dOz=  -2.328  (mm)
  Object offset: offset_x=  -0.105, offset_z=   0.082  (mm)
  Detector : dDx=   0.000, dDy=   0.000, dDz=   0.000  (mm)
  Obj Stage rotY :    2.882 deg
============================================================

Unity geometry (world coordinates):
  Source   : x=  -5.000, y=  38.000, z=   0.000
  Object   : x=   0.401, y=  17.961, z= 573.672
  Detector : x=  10.000, y=   3.000, z= 690.000
  Obj rotY :   0.0000 deg
view   0 | SOD= 574.128 mm | SDD= 691.050 mm | M= 1.204 | incident=3.1588°
[[  23.55733    -573.2943      -20.039043  ]
 [   3.8463829   116.58718      14.960957  ]
 [   0.1494108     0.00752162    0.        ]
 [   0.            0.            0.1496    ]]
Residual vector length: 350, Jacobian shape: (350, 6)
view   0 | SOD= 572.905 mm | SDD= 691.050 mm | M= 1.206 | incident=3.1588°
[[  23.09777    -572.0872      -20.066566  ]
 [   4.0608416   117.81321      14.933434  ]
 [   0.14941807    0.00737565    0.        ]
 [   0.            0.            0.1496    ]]

iter 03 cost=1146.228070 -> 538.557705 |dtheta|=1.231310e+00  lambda=3.704e-04

============================================================
Iteration 4
============================================================
Theta offsets (Unity frame):
  Source   : dSx=   0.000, dSy=   0.000, dSz=   0.000  (mm)
  Object   : dOx=  -6.871, dOy=  -2.067, dOz=  -3.522  (mm)
  Object offset: offset_x=   0.007, offset_z=   0.052  (mm)
  Detector : dDx=   0.000, dDy=   0.000, dDz=   0.000  (mm)
  Obj Stage rotY :    2.826 deg
============================================================

Unity geometry (world coordinates):
  Source   : x=  -5.000, y=  38.000, z=   0.000
  Object   : x=   0.129, y=  17.933, z= 572.478
  Detector : x=  10.000, y=   3.000, z= 690.000
  Obj rotY :   0.0000 deg
view   0 | SOD= 572.905 mm | SDD= 691.050 mm | M= 1.206 | incident=3.1588°
[[  23.09777    -572.0872      -20.066566  ]
 [   4.0608416   117.81321      14.933434  ]
 [   0.14941807    0.00737565    0.        ]
 [   0.            0.            0.1496    ]]
Residual vector length: 350, Jacobian shape: (350, 6)
view   0 | SOD= 572.291 mm | SDD= 691.050 mm | M= 1.208 | incident=3.1588°
[[  25.328018   -571.37683     -20.092607  ]
 [   3.6050415   118.44427      14.9073925 ]
 [   0.14938822    0.00795736    0.        ]
 [   0.            0.            0.1496    ]]

iter 04 cost=538.557705 -> 372.637539 |dtheta|=6.684693e-01  lambda=1.235e-04

============================================================
Iteration 5
============================================================
Theta offsets (Unity frame):
  Source   : dSx=   0.000, dSy=   0.000, dSz=   0.000  (mm)
  Object   : dOx=  -6.921, dOy=  -2.093, dOz=  -4.149  (mm)
  Object offset: offset_x=   0.021, offset_z=   0.064  (mm)
  Detector : dDx=   0.000, dDy=   0.000, dDz=   0.000  (mm)
  Obj Stage rotY :    3.049 deg
============================================================

Unity geometry (world coordinates):
  Source   : x=  -5.000, y=  38.000, z=   0.000
  Object   : x=   0.079, y=  17.907, z= 571.851
  Detector : x=  10.000, y=   3.000, z= 690.000
  Obj rotY :   0.0000 deg
view   0 | SOD= 572.291 mm | SDD= 691.050 mm | M= 1.208 | incident=3.1588°
[[  25.328018   -571.37683     -20.092607  ]
 [   3.6050415   118.44427      14.9073925 ]
 [   0.14938822    0.00795736    0.        ]
 [   0.            0.            0.1496    ]]
Residual vector length: 350, Jacobian shape: (350, 6)
view   0 | SOD= 571.522 mm | SDD= 691.050 mm | M= 1.209 | incident=3.1588°
[[  25.243713   -570.61145     -20.066551  ]
 [   3.6232207   119.21285      14.933449  ]
 [   0.1493894     0.00793517    0.        ]
 [   0.            0.            0.1496    ]]

iter 05 cost=372.637539 -> 250.651914 |dtheta|=7.630446e-01  lambda=4.115e-05

============================================================
Iteration 6
============================================================
Theta offsets (Unity frame):
  Source   : dSx=   0.000, dSy=   0.000, dSz=   0.000  (mm)
  Object   : dOx=  -6.973, dOy=  -2.067, dOz=  -4.910  (mm)
  Object offset: offset_x=   0.031, offset_z=   0.057  (mm)
  Detector : dDx=   0.000, dDy=   0.000, dDz=   0.000  (mm)
  Obj Stage rotY :    3.041 deg
============================================================

Unity geometry (world coordinates):
  Source   : x=  -5.000, y=  38.000, z=   0.000
  Object   : x=   0.027, y=  17.933, z= 571.090
  Detector : x=  10.000, y=   3.000, z= 690.000
  Obj rotY :   0.0000 deg
view   0 | SOD= 571.522 mm | SDD= 691.050 mm | M= 1.209 | incident=3.1588°
[[  25.243713   -570.61145     -20.066551  ]
 [   3.6232207   119.21285      14.933449  ]
 [   0.1493894     0.00793517    0.        ]
 [   0.            0.            0.1496    ]]
Residual vector length: 350, Jacobian shape: (350, 6)
view   0 | SOD= 570.907 mm | SDD= 691.050 mm | M= 1.210 | incident=3.1588°
[[  24.638784   -570.0223      -20.063202  ]
 [   3.7228215   119.82376      14.936798  ]
 [   0.14939743    0.00778259    0.        ]
 [   0.            0.            0.1496    ]]

iter 06 cost=250.651914 -> 155.857481 |dtheta|=6.022947e-01  lambda=1.372e-05

============================================================
Iteration 7
============================================================
Theta offsets (Unity frame):
  Source   : dSx=   0.000, dSy=   0.000, dSz=   0.000  (mm)
  Object   : dOx=  -6.961, dOy=  -2.063, dOz=  -5.509  (mm)
  Object offset: offset_x=   0.010, offset_z=   0.041  (mm)
  Detector : dDx=   0.000, dDy=   0.000, dDz=   0.000  (mm)
  Obj Stage rotY :    2.982 deg
============================================================

Unity geometry (world coordinates):
  Source   : x=  -5.000, y=  38.000, z=   0.000
  Object   : x=   0.039, y=  17.937, z= 570.491
  Detector : x=  10.000, y=   3.000, z= 690.000
  Obj rotY :   0.0000 deg
view   0 | SOD= 570.907 mm | SDD= 691.050 mm | M= 1.210 | incident=3.1588°
[[  24.638784   -570.0223      -20.063202  ]
 [   3.7228215   119.82376      14.936798  ]
 [   0.14939743    0.00778259    0.        ]
 [   0.            0.            0.1496    ]]
Residual vector length: 350, Jacobian shape: (350, 6)
view   0 | SOD= 570.407 mm | SDD= 691.050 mm | M= 1.212 | incident=3.1588°
[[  24.392601   -569.53174     -20.060373  ]
 [   3.782659    120.32347      14.939627  ]
 [   0.14940086    0.00771632    0.        ]
 [   0.            0.            0.1496    ]]

iter 07 cost=155.857481 -> 104.121853 |dtheta|=4.751897e-01  lambda=4.572e-06

============================================================
Iteration 8
============================================================
Theta offsets (Unity frame):
  Source   : dSx=   0.000, dSy=   0.000, dSz=   0.000  (mm)
  Object   : dOx=  -6.959, dOy=  -2.060, dOz=  -5.981  (mm)
  Object offset: offset_x=  -0.025, offset_z=   0.013  (mm)
  Detector : dDx=   0.000, dDy=   0.000, dDz=   0.000  (mm)
  Obj Stage rotY :    2.957 deg
============================================================

Unity geometry (world coordinates):
  Source   : x=  -5.000, y=  38.000, z=   0.000
  Object   : x=   0.041, y=  17.940, z= 570.019
  Detector : x=  10.000, y=   3.000, z= 690.000
  Obj rotY :   0.0000 deg
view   0 | SOD= 570.407 mm | SDD= 691.050 mm | M= 1.212 | incident=3.1588°
[[  24.392601   -569.53174     -20.060373  ]
 [   3.782659    120.32347      14.939627  ]
 [   0.14940086    0.00771632    0.        ]
 [   0.            0.            0.1496    ]]
Residual vector length: 350, Jacobian shape: (350, 6)
view   0 | SOD= 570.026 mm | SDD= 691.050 mm | M= 1.212 | incident=3.1588°
[[  25.038416   -569.1228      -20.03976   ]
 [   3.6185954   120.70777      14.960239  ]
 [   0.1493917     0.00789171    0.        ]
 [   0.            0.            0.1496    ]]

iter 08 cost=104.121853 -> 71.131221 |dtheta|=3.787610e-01  lambda=1.524e-06

============================================================
Iteration 9
============================================================
Theta offsets (Unity frame):
  Source   : dSx=   0.000, dSy=   0.000, dSz=   0.000  (mm)
  Object   : dOx=  -6.959, dOy=  -2.040, dOz=  -6.353  (mm)
  Object offset: offset_x=  -0.023, offset_z=   0.004  (mm)
  Detector : dDx=   0.000, dDy=   0.000, dDz=   0.000  (mm)
  Obj Stage rotY :    3.024 deg
============================================================

Unity geometry (world coordinates):
  Source   : x=  -5.000, y=  38.000, z=   0.000
  Object   : x=   0.041, y=  17.960, z= 569.647
  Detector : x=  10.000, y=   3.000, z= 690.000
  Obj rotY :   0.0000 deg
view   0 | SOD= 570.026 mm | SDD= 691.050 mm | M= 1.212 | incident=3.1588°
[[  25.038416   -569.1228      -20.03976   ]
 [   3.6185954   120.70777      14.960239  ]
 [   0.1493917     0.00789171    0.        ]
 [   0.            0.            0.1496    ]]
Residual vector length: 350, Jacobian shape: (350, 6)
view   0 | SOD= 569.665 mm | SDD= 691.050 mm | M= 1.213 | incident=3.1588°
[[  25.374184   -568.7461      -20.044035  ]
 [   3.5232742   121.070915     14.955965  ]
 [   0.14938673    0.00798507    0.        ]
 [   0.            0.            0.1496    ]]

iter 09 cost=71.131221 -> 46.526669 |dtheta|=3.582630e-01  lambda=1.000e-06

============================================================
Iteration 10
============================================================
Theta offsets (Unity frame):
  Source   : dSx=   0.000, dSy=   0.000, dSz=   0.000  (mm)
  Object   : dOx=  -6.970, dOy=  -2.044, dOz=  -6.709  (mm)
  Object offset: offset_x=  -0.010, offset_z=  -0.001  (mm)
  Detector : dDx=   0.000, dDy=   0.000, dDz=   0.000  (mm)
  Obj Stage rotY :    3.060 deg
============================================================

Unity geometry (world coordinates):
  Source   : x=  -5.000, y=  38.000, z=   0.000
  Object   : x=   0.030, y=  17.956, z= 569.291
  Detector : x=  10.000, y=   3.000, z= 690.000
  Obj rotY :   0.0000 deg
view   0 | SOD= 569.665 mm | SDD= 691.050 mm | M= 1.213 | incident=3.1588°
[[  25.374184   -568.7461      -20.044035  ]
 [   3.5232742   121.070915     14.955965  ]
 [   0.14938673    0.00798507    0.        ]
 [   0.            0.            0.1496    ]]
Residual vector length: 350, Jacobian shape: (350, 6)
view   0 | SOD= 569.392 mm | SDD= 691.050 mm | M= 1.214 | incident=3.1588°
[[  25.34144    -568.47485     -20.03139   ]
 [   3.5242848   121.34327      14.968611  ]
 [   0.14938714    0.00797776    0.        ]
 [   0.            0.            0.1496    ]]

iter 10 cost=46.526669 -> 30.071466 |dtheta|=2.733874e-01  lambda=1.000e-06

============================================================
Iteration 11
============================================================
Theta offsets (Unity frame):
  Source   : dSx=   0.000, dSy=   0.000, dSz=   0.000  (mm)
  Object   : dOx=  -6.975, dOy=  -2.031, dOz=  -6.982  (mm)
  Object offset: offset_x=  -0.016, offset_z=  -0.001  (mm)
  Detector : dDx=   0.000, dDy=   0.000, dDz=   0.000  (mm)
  Obj Stage rotY :    3.057 deg
============================================================

Unity geometry (world coordinates):
  Source   : x=  -5.000, y=  38.000, z=   0.000
  Object   : x=   0.025, y=  17.969, z= 569.018
  Detector : x=  10.000, y=   3.000, z= 690.000
  Obj rotY :   0.0000 deg
view   0 | SOD= 569.392 mm | SDD= 691.050 mm | M= 1.214 | incident=3.1588°
[[  25.34144    -568.47485     -20.03139   ]
 [   3.5242848   121.34327      14.968611  ]
 [   0.14938714    0.00797776    0.        ]
 [   0.            0.            0.1496    ]]
Residual vector length: 350, Jacobian shape: (350, 6)
view   0 | SOD= 569.194 mm | SDD= 691.050 mm | M= 1.214 | incident=3.1588°
[[  25.09228    -568.2879      -20.017273  ]
 [   3.5699453   121.53945      14.982727  ]
 [   0.14939053    0.00791391    0.        ]
 [   0.            0.            0.1496    ]]

iter 11 cost=30.071466 -> 18.552311 |dtheta|=2.141210e-01  lambda=1.000e-06

============================================================
Iteration 12
============================================================
Theta offsets (Unity frame):
  Source   : dSx=   0.000, dSy=   0.000, dSz=   0.000  (mm)
  Object   : dOx=  -6.988, dOy=  -2.017, dOz=  -7.193  (mm)
  Object offset: offset_x=  -0.007, offset_z=   0.013  (mm)
  Detector : dDx=   0.000, dDy=   0.000, dDz=   0.000  (mm)
  Obj Stage rotY :    3.032 deg
============================================================

Unity geometry (world coordinates):
  Source   : x=  -5.000, y=  38.000, z=   0.000
  Object   : x=   0.012, y=  17.983, z= 568.807
  Detector : x=  10.000, y=   3.000, z= 690.000
  Obj rotY :   0.0000 deg
view   0 | SOD= 569.194 mm | SDD= 691.050 mm | M= 1.214 | incident=3.1588°
[[  25.09228    -568.2879      -20.017273  ]
 [   3.5699453   121.53945      14.982727  ]
 [   0.14939053    0.00791391    0.        ]
 [   0.            0.            0.1496    ]]
Residual vector length: 350, Jacobian shape: (350, 6)
view   0 | SOD= 569.058 mm | SDD= 691.050 mm | M= 1.214 | incident=3.1588°
[[  24.84473    -568.1624      -20.020153  ]
 [   3.6121325   121.67396      14.979847  ]
 [   0.14939384    0.00785117    0.        ]
 [   0.            0.            0.1496    ]]

iter 12 cost=18.552311 -> 12.192489 |dtheta|=1.296307e-01  lambda=1.000e-06

============================================================
Iteration 13
============================================================
Theta offsets (Unity frame):
  Source   : dSx=   0.000, dSy=   0.000, dSz=   0.000  (mm)
  Object   : dOx=  -6.990, dOy=  -2.020, dOz=  -7.320  (mm)
  Object offset: offset_x=  -0.003, offset_z=   0.004  (mm)
  Detector : dDx=   0.000, dDy=   0.000, dDz=   0.000  (mm)
  Obj Stage rotY :    3.008 deg
============================================================

Unity geometry (world coordinates):
  Source   : x=  -5.000, y=  38.000, z=   0.000
  Object   : x=   0.010, y=  17.980, z= 568.680
  Detector : x=  10.000, y=   3.000, z= 690.000
  Obj rotY :   0.0000 deg
view   0 | SOD= 569.058 mm | SDD= 691.050 mm | M= 1.214 | incident=3.1588°
[[  24.84473    -568.1624      -20.020153  ]
 [   3.6121325   121.67396      14.979847  ]
 [   0.14939384    0.00785117    0.        ]
 [   0.            0.            0.1496    ]]
Residual vector length: 350, Jacobian shape: (350, 6)
view   0 | SOD= 568.989 mm | SDD= 691.050 mm | M= 1.215 | incident=3.1588°
[[  24.64742    -568.1019      -20.019447  ]
 [   3.6499321   121.74159      14.980553  ]
 [   0.14939651    0.00780025    0.        ]
 [   0.            0.            0.1496    ]]

iter 13 cost=12.192489 -> 9.669955 |dtheta|=7.263408e-02  lambda=1.000e-06

============================================================
Iteration 14
============================================================
Theta offsets (Unity frame):
  Source   : dSx=   0.000, dSy=   0.000, dSz=   0.000  (mm)
  Object   : dOx=  -6.988, dOy=  -2.019, dOz=  -7.390  (mm)
  Object offset: offset_x=  -0.004, offset_z=   0.005  (mm)
  Detector : dDx=   0.000, dDy=   0.000, dDz=   0.000  (mm)
  Obj Stage rotY :    2.989 deg
============================================================

Unity geometry (world coordinates):
  Source   : x=  -5.000, y=  38.000, z=   0.000
  Object   : x=   0.012, y=  17.981, z= 568.610
  Detector : x=  10.000, y=   3.000, z= 690.000
  Obj rotY :   0.0000 deg
view   0 | SOD= 568.989 mm | SDD= 691.050 mm | M= 1.215 | incident=3.1588°
[[  24.64742    -568.1019      -20.019447  ]
 [   3.6499321   121.74159      14.980553  ]
 [   0.14939651    0.00780025    0.        ]
 [   0.            0.            0.1496    ]]
Residual vector length: 350, Jacobian shape: (350, 6)
view   0 | SOD= 568.903 mm | SDD= 691.050 mm | M= 1.215 | incident=3.1588°
[[  24.82802    -568.0083      -20.01468   ]
 [   3.6066418   121.828384     14.985319  ]
 [   0.14939396    0.00784874    0.        ]
 [   0.            0.            0.1496    ]]

iter 14 cost=9.669955 -> 6.988569 |dtheta|=9.353350e-02  lambda=1.000e-06

============================================================
Iteration 15
============================================================
Theta offsets (Unity frame):
  Source   : dSx=   0.000, dSy=   0.000, dSz=   0.000  (mm)
  Object   : dOx=  -6.990, dOy=  -2.015, dOz=  -7.482  (mm)
  Object offset: offset_x=  -0.004, offset_z=   0.010  (mm)
  Detector : dDx=   0.000, dDy=   0.000, dDz=   0.000  (mm)
  Obj Stage rotY :    3.007 deg
============================================================

Unity geometry (world coordinates):
  Source   : x=  -5.000, y=  38.000, z=   0.000
  Object   : x=   0.010, y=  17.985, z= 568.518
  Detector : x=  10.000, y=   3.000, z= 690.000
  Obj rotY :   0.0000 deg
view   0 | SOD= 568.903 mm | SDD= 691.050 mm | M= 1.215 | incident=3.1588°
[[  24.82802    -568.0083      -20.01468   ]
 [   3.6066418   121.828384     14.985319  ]
 [   0.14939396    0.00784874    0.        ]
 [   0.            0.            0.1496    ]]
Residual vector length: 350, Jacobian shape: (350, 6)
view   0 | SOD= 568.799 mm | SDD= 691.050 mm | M= 1.215 | incident=3.1588°
[[  24.810116   -567.90497     -20.013083  ]
 [   3.6065545   121.93227      14.9869175 ]
 [   0.14939417    0.00784488    0.        ]
 [   0.            0.            0.1496    ]]

iter 15 cost=6.988569 -> 5.105312 |dtheta|=1.036911e-01  lambda=1.000e-06

============================================================
Iteration 16
============================================================
Theta offsets (Unity frame):
  Source   : dSx=   0.000, dSy=   0.000, dSz=   0.000  (mm)
  Object   : dOx=  -6.989, dOy=  -2.013, dOz=  -7.585  (mm)
  Object offset: offset_x=  -0.006, offset_z=   0.010  (mm)
  Detector : dDx=   0.000, dDy=   0.000, dDz=   0.000  (mm)
  Obj Stage rotY :    3.006 deg
============================================================

Unity geometry (world coordinates):
  Source   : x=  -5.000, y=  38.000, z=   0.000
  Object   : x=   0.011, y=  17.987, z= 568.415
  Detector : x=  10.000, y=   3.000, z= 690.000
  Obj rotY :   0.0000 deg
view   0 | SOD= 568.799 mm | SDD= 691.050 mm | M= 1.215 | incident=3.1588°
[[  24.810116   -567.90497     -20.013083  ]
 [   3.6065545   121.93227      14.9869175 ]
 [   0.14939417    0.00784488    0.        ]
 [   0.            0.            0.1496    ]]
Residual vector length: 350, Jacobian shape: (350, 6)
view   0 | SOD= 568.720 mm | SDD= 691.050 mm | M= 1.215 | incident=3.1588°
[[  24.719025   -567.83        -20.013187  ]
 [   3.626696    122.01061      14.986813  ]
 [   0.14939544    0.00782079    0.        ]
 [   0.            0.            0.1496    ]]

iter 16 cost=5.105312 -> 3.434697 |dtheta|=7.772352e-02  lambda=1.000e-06

============================================================
Iteration 17
============================================================
Theta offsets (Unity frame):
  Source   : dSx=   0.000, dSy=   0.000, dSz=   0.000  (mm)
  Object   : dOx=  -6.996, dOy=  -2.013, dOz=  -7.662  (mm)
  Object offset: offset_x=  -0.004, offset_z=   0.008  (mm)
  Detector : dDx=   0.000, dDy=   0.000, dDz=   0.000  (mm)
  Obj Stage rotY :    2.997 deg
============================================================

Unity geometry (world coordinates):
  Source   : x=  -5.000, y=  38.000, z=   0.000
  Object   : x=   0.004, y=  17.987, z= 568.338
  Detector : x=  10.000, y=   3.000, z= 690.000
  Obj rotY :   0.0000 deg
view   0 | SOD= 568.720 mm | SDD= 691.050 mm | M= 1.215 | incident=3.1588°
[[  24.719025   -567.83        -20.013187  ]
 [   3.626696    122.01061      14.986813  ]
 [   0.14939544    0.00782079    0.        ]
 [   0.            0.            0.1496    ]]
Residual vector length: 350, Jacobian shape: (350, 6)
view   0 | SOD= 568.659 mm | SDD= 691.050 mm | M= 1.215 | incident=3.1588°
[[  24.743832   -567.76825     -20.00892   ]
 [   3.622529    122.0715       14.991079  ]
 [   0.14939511    0.00782706    0.        ]
 [   0.            0.            0.1496    ]]

iter 17 cost=3.434697 -> 2.461835 |dtheta|=5.860283e-02  lambda=1.000e-06

============================================================
Iteration 18
============================================================
Theta offsets (Unity frame):
  Source   : dSx=   0.000, dSy=   0.000, dSz=   0.000  (mm)
  Object   : dOx=  -7.000, dOy=  -2.009, dOz=  -7.720  (mm)
  Object offset: offset_x=  -0.004, offset_z=   0.006  (mm)
  Detector : dDx=   0.000, dDy=   0.000, dDz=   0.000  (mm)
  Obj Stage rotY :    2.999 deg
============================================================

Unity geometry (world coordinates):
  Source   : x=  -5.000, y=  38.000, z=   0.000
  Object   : x=  -0.000, y=  17.991, z= 568.280
  Detector : x=  10.000, y=   3.000, z= 690.000
  Obj rotY :   0.0000 deg
view   0 | SOD= 568.659 mm | SDD= 691.050 mm | M= 1.215 | incident=3.1588°
[[  24.743832   -567.76825     -20.00892   ]
 [   3.622529    122.0715       14.991079  ]
 [   0.14939511    0.00782706    0.        ]
 [   0.            0.            0.1496    ]]
Residual vector length: 350, Jacobian shape: (350, 6)
view   0 | SOD= 568.618 mm | SDD= 691.050 mm | M= 1.215 | incident=3.1588°
[[  24.633896  -567.7318     -20.009462 ]
 [   3.6440127  122.11198     14.990538 ]
 [   0.1493966    0.0077986    0.       ]
 [   0.           0.           0.1496   ]]

iter 18 cost=2.461835 -> 2.041335 |dtheta|=4.178154e-02  lambda=1.000e-06

============================================================
Iteration 19
============================================================
Theta offsets (Unity frame):
  Source   : dSx=   0.000, dSy=   0.000, dSz=   0.000  (mm)
  Object   : dOx=  -7.001, dOy=  -2.009, dOz=  -7.761  (mm)
  Object offset: offset_x=  -0.004, offset_z=   0.005  (mm)
  Detector : dDx=   0.000, dDy=   0.000, dDz=   0.000  (mm)
  Obj Stage rotY :    2.988 deg
============================================================

Unity geometry (world coordinates):
  Source   : x=  -5.000, y=  38.000, z=   0.000
  Object   : x=  -0.001, y=  17.991, z= 568.239
  Detector : x=  10.000, y=   3.000, z= 690.000
  Obj rotY :   0.0000 deg
view   0 | SOD= 568.618 mm | SDD= 691.050 mm | M= 1.215 | incident=3.1588°
[[  24.633896  -567.7318     -20.009462 ]
 [   3.6440127  122.11198     14.990538 ]
 [   0.1493966    0.0077986    0.       ]
 [   0.           0.           0.1496   ]]
Residual vector length: 350, Jacobian shape: (350, 6)
view   0 | SOD= 568.573 mm | SDD= 691.050 mm | M= 1.215 | incident=3.1588°
[[  24.627092   -567.68695     -20.007109  ]
 [   3.6471355   122.1571       14.992891  ]
 [   0.1493967     0.00779645    0.        ]
 [   0.            0.            0.1496    ]]

iter 19 cost=2.041335 -> 1.585727 |dtheta|=4.257968e-02  lambda=1.000e-06

============================================================
Iteration 20
============================================================
Theta offsets (Unity frame):
  Source   : dSx=   0.000, dSy=   0.000, dSz=   0.000  (mm)
  Object   : dOx=  -7.003, dOy=  -2.007, dOz=  -7.803  (mm)
  Object offset: offset_x=  -0.006, offset_z=   0.002  (mm)
  Detector : dDx=   0.000, dDy=   0.000, dDz=   0.000  (mm)
  Obj Stage rotY :    2.987 deg
============================================================

Unity geometry (world coordinates):
  Source   : x=  -5.000, y=  38.000, z=   0.000
  Object   : x=  -0.003, y=  17.993, z= 568.197
  Detector : x=  10.000, y=   3.000, z= 690.000
  Obj rotY :   0.0000 deg
view   0 | SOD= 568.573 mm | SDD= 691.050 mm | M= 1.215 | incident=3.1588°
[[  24.627092   -567.68695     -20.007109  ]
 [   3.6471355   122.1571       14.992891  ]
 [   0.1493967     0.00779645    0.        ]
 [   0.            0.            0.1496    ]]
Residual vector length: 350, Jacobian shape: (350, 6)
view   0 | SOD= 568.538 mm | SDD= 691.050 mm | M= 1.215 | incident=3.1588°
[[  24.692347   -567.6493      -20.006695  ]
 [   3.6302192   122.192245     14.993305  ]
 [   0.14939578    0.00781425    0.        ]
 [   0.            0.            0.1496    ]]

iter 20 cost=1.585727 -> 1.363968 |dtheta|=3.591229e-02  lambda=1.000e-06

============================================================
Iteration 21
============================================================
Theta offsets (Unity frame):
  Source   : dSx=   0.000, dSy=   0.000, dSz=   0.000  (mm)
  Object   : dOx=  -7.003, dOy=  -2.007, dOz=  -7.838  (mm)
  Object offset: offset_x=  -0.005, offset_z=   0.002  (mm)
  Detector : dDx=   0.000, dDy=   0.000, dDz=   0.000  (mm)
  Obj Stage rotY :    2.994 deg
============================================================

Unity geometry (world coordinates):
  Source   : x=  -5.000, y=  38.000, z=   0.000
  Object   : x=  -0.003, y=  17.993, z= 568.162
  Detector : x=  10.000, y=   3.000, z= 690.000
  Obj rotY :   0.0000 deg
view   0 | SOD= 568.538 mm | SDD= 691.050 mm | M= 1.215 | incident=3.1588°
[[  24.692347   -567.6493      -20.006695  ]
 [   3.6302192   122.192245     14.993305  ]
 [   0.14939578    0.00781425    0.        ]
 [   0.            0.            0.1496    ]]
Residual vector length: 350, Jacobian shape: (350, 6)
view   0 | SOD= 568.521 mm | SDD= 691.050 mm | M= 1.216 | incident=3.1588°
[[  24.684244   -567.6327      -20.0067    ]
 [   3.6298065   122.20911      14.9932995 ]
 [   0.14939587    0.00781258    0.        ]
 [   0.            0.            0.1496    ]]

iter 21 cost=1.363968 -> 1.237473 |dtheta|=1.620043e-02  lambda=1.000e-06

============================================================
Iteration 22
============================================================
Theta offsets (Unity frame):
  Source   : dSx=   0.000, dSy=   0.000, dSz=   0.000  (mm)
  Object   : dOx=  -7.002, dOy=  -2.007, dOz=  -7.854  (mm)
  Object offset: offset_x=  -0.005, offset_z=   0.002  (mm)
  Detector : dDx=   0.000, dDy=   0.000, dDz=   0.000  (mm)
  Obj Stage rotY :    2.994 deg
============================================================

Unity geometry (world coordinates):
  Source   : x=  -5.000, y=  38.000, z=   0.000
  Object   : x=  -0.002, y=  17.993, z= 568.146
  Detector : x=  10.000, y=   3.000, z= 690.000
  Obj rotY :   0.0000 deg
view   0 | SOD= 568.521 mm | SDD= 691.050 mm | M= 1.216 | incident=3.1588°
[[  24.684244   -567.6327      -20.0067    ]
 [   3.6298065   122.20911      14.9932995 ]
 [   0.14939587    0.00781258    0.        ]
 [   0.            0.            0.1496    ]]
Residual vector length: 350, Jacobian shape: (350, 6)
view   0 | SOD= 568.497 mm | SDD= 691.050 mm | M= 1.216 | incident=3.1588°
[[  24.772722   -567.6044      -20.006268  ]
 [   3.606594    122.23402      14.993732  ]
 [   0.1493946     0.00783677    0.        ]
 [   0.            0.            0.1496    ]]

iter 22 cost=1.237473 -> 1.188712 |dtheta|=2.463627e-02  lambda=1.000e-06

============================================================
Iteration 23
============================================================
Theta offsets (Unity frame):
  Source   : dSx=   0.000, dSy=   0.000, dSz=   0.000  (mm)
  Object   : dOx=  -7.001, dOy=  -2.006, dOz=  -7.877  (mm)
  Object offset: offset_x=  -0.004, offset_z=  -0.000  (mm)
  Detector : dDx=   0.000, dDy=   0.000, dDz=   0.000  (mm)
  Obj Stage rotY :    3.003 deg
============================================================

Unity geometry (world coordinates):
  Source   : x=  -5.000, y=  38.000, z=   0.000
  Object   : x=  -0.001, y=  17.994, z= 568.123
  Detector : x=  10.000, y=   3.000, z= 690.000
  Obj rotY :   0.0000 deg
view   0 | SOD= 568.497 mm | SDD= 691.050 mm | M= 1.216 | incident=3.1588°
[[  24.772722   -567.6044      -20.006268  ]
 [   3.606594    122.23402      14.993732  ]
 [   0.1493946     0.00783677    0.        ]
 [   0.            0.            0.1496    ]]
Residual vector length: 350, Jacobian shape: (350, 6)
view   0 | SOD= 568.484 mm | SDD= 691.050 mm | M= 1.216 | incident=3.1588°
[[  24.743137   -567.5924      -20.004793  ]
 [   3.6130116   122.24709      14.995207  ]
 [   0.149395      0.00782897    0.        ]
 [   0.            0.            0.1496    ]]

iter 23 cost=1.188712 -> 1.135937 |dtheta|=1.549885e-02  lambda=1.000e-06

============================================================
Iteration 24
============================================================
Theta offsets (Unity frame):
  Source   : dSx=   0.000, dSy=   0.000, dSz=   0.000  (mm)
  Object   : dOx=  -7.002, dOy=  -2.005, dOz=  -7.892  (mm)
  Object offset: offset_x=  -0.004, offset_z=   0.002  (mm)
  Detector : dDx=   0.000, dDy=   0.000, dDz=   0.000  (mm)
  Obj Stage rotY :    3.000 deg
============================================================

Unity geometry (world coordinates):
  Source   : x=  -5.000, y=  38.000, z=   0.000
  Object   : x=  -0.002, y=  17.995, z= 568.108
  Detector : x=  10.000, y=   3.000, z= 690.000
  Obj rotY :   0.0000 deg
view   0 | SOD= 568.484 mm | SDD= 691.050 mm | M= 1.216 | incident=3.1588°
[[  24.743137   -567.5924      -20.004793  ]
 [   3.6130116   122.24709      14.995207  ]
 [   0.149395      0.00782897    0.        ]
 [   0.            0.            0.1496    ]]
Residual vector length: 350, Jacobian shape: (350, 6)
view   0 | SOD= 568.471 mm | SDD= 691.050 mm | M= 1.216 | incident=3.1588°
[[  24.766718   -567.5788      -20.005331  ]
 [   3.609638    122.25984      14.994669  ]
 [   0.14939469    0.00783481    0.        ]
 [   0.            0.            0.1496    ]]

iter 24 cost=1.135937 -> 1.076121 |dtheta|=1.277263e-02  lambda=1.000e-06

============================================================
Iteration 25
============================================================
Theta offsets (Unity frame):
  Source   : dSx=   0.000, dSy=   0.000, dSz=   0.000  (mm)
  Object   : dOx=  -7.003, dOy=  -2.005, dOz=  -7.905  (mm)
  Object offset: offset_x=  -0.005, offset_z=   0.002  (mm)
  Detector : dDx=   0.000, dDy=   0.000, dDz=   0.000  (mm)
  Obj Stage rotY :    3.002 deg
============================================================

Unity geometry (world coordinates):
  Source   : x=  -5.000, y=  38.000, z=   0.000
  Object   : x=  -0.003, y=  17.995, z= 568.095
  Detector : x=  10.000, y=   3.000, z= 690.000
  Obj rotY :   0.0000 deg
view   0 | SOD= 568.471 mm | SDD= 691.050 mm | M= 1.216 | incident=3.1588°
[[  24.766718   -567.5788      -20.005331  ]
 [   3.609638    122.25984      14.994669  ]
 [   0.14939469    0.00783481    0.        ]
 [   0.            0.            0.1496    ]]
Residual vector length: 350, Jacobian shape: (350, 6)
view   0 | SOD= 568.468 mm | SDD= 691.050 mm | M= 1.216 | incident=3.1588°
[[  24.71156    -567.57794     -20.00571   ]
 [   3.6208353   122.262764     14.994289  ]
 [   0.14939545    0.00782044    0.        ]
 [   0.            0.            0.1496    ]]

iter 25 cost=1.076121 -> 1.038619 |dtheta|=7.047699e-03  lambda=1.000e-06

============================================================
Iteration 26
============================================================
Theta offsets (Unity frame):
  Source   : dSx=   0.000, dSy=   0.000, dSz=   0.000  (mm)
  Object   : dOx=  -7.002, dOy=  -2.006, dOz=  -7.909  (mm)
  Object offset: offset_x=  -0.005, offset_z=   0.002  (mm)
  Detector : dDx=   0.000, dDy=   0.000, dDz=   0.000  (mm)
  Obj Stage rotY :    2.997 deg
============================================================

Unity geometry (world coordinates):
  Source   : x=  -5.000, y=  38.000, z=   0.000
  Object   : x=  -0.002, y=  17.994, z= 568.091
  Detector : x=  10.000, y=   3.000, z= 690.000
  Obj rotY :   0.0000 deg
view   0 | SOD= 568.468 mm | SDD= 691.050 mm | M= 1.216 | incident=3.1588°
[[  24.71156    -567.57794     -20.00571   ]
 [   3.6208353   122.262764     14.994289  ]
 [   0.14939545    0.00782044    0.        ]
 [   0.            0.            0.1496    ]]
Residual vector length: 350, Jacobian shape: (350, 6)
view   0 | SOD= 568.464 mm | SDD= 691.050 mm | M= 1.216 | incident=3.1588°
[[  24.740108   -567.5727      -20.005615  ]
 [   3.6126547   122.2669       14.994385  ]
 [   0.14939503    0.00782839    0.        ]
 [   0.            0.            0.1496    ]]

iter 26 cost=1.038619 -> 1.074106 |dtheta|=5.106680e-03  lambda=1.000e-06

============================================================
Iteration 27
============================================================
Theta offsets (Unity frame):
  Source   : dSx=   0.000, dSy=   0.000, dSz=   0.000  (mm)
  Object   : dOx=  -7.002, dOy=  -2.006, dOz=  -7.909  (mm)
  Object offset: offset_x=  -0.005, offset_z=   0.002  (mm)
  Detector : dDx=   0.000, dDy=   0.000, dDz=   0.000  (mm)
  Obj Stage rotY :    2.997 deg
============================================================

Unity geometry (world coordinates):
  Source   : x=  -5.000, y=  38.000, z=   0.000
  Object   : x=  -0.002, y=  17.994, z= 568.091
  Detector : x=  10.000, y=   3.000, z= 690.000
  Obj rotY :   0.0000 deg
view   0 | SOD= 568.468 mm | SDD= 691.050 mm | M= 1.216 | incident=3.1588°
[[  24.71156    -567.57794     -20.00571   ]
 [   3.6208353   122.262764     14.994289  ]
 [   0.14939545    0.00782044    0.        ]
 [   0.            0.            0.1496    ]]
Residual vector length: 350, Jacobian shape: (350, 6)
view   0 | SOD= 568.464 mm | SDD= 691.050 mm | M= 1.216 | incident=3.1588°
[[  24.740108   -567.5727      -20.005615  ]
 [   3.6126547   122.2669       14.994385  ]
 [   0.14939503    0.00782839    0.        ]
 [   0.            0.            0.1496    ]]

iter 27 cost=1.038619 -> 1.074106 |dtheta|=5.106680e-03  lambda=5.000e-06

============================================================
Iteration 28
============================================================
Theta offsets (Unity frame):
  Source   : dSx=   0.000, dSy=   0.000, dSz=   0.000  (mm)
  Object   : dOx=  -7.002, dOy=  -2.006, dOz=  -7.909  (mm)
  Object offset: offset_x=  -0.005, offset_z=   0.002  (mm)
  Detector : dDx=   0.000, dDy=   0.000, dDz=   0.000  (mm)
  Obj Stage rotY :    2.997 deg
============================================================

Unity geometry (world coordinates):
  Source   : x=  -5.000, y=  38.000, z=   0.000
  Object   : x=  -0.002, y=  17.994, z= 568.091
  Detector : x=  10.000, y=   3.000, z= 690.000
  Obj rotY :   0.0000 deg
view   0 | SOD= 568.468 mm | SDD= 691.050 mm | M= 1.216 | incident=3.1588°
[[  24.71156    -567.57794     -20.00571   ]
 [   3.6208353   122.262764     14.994289  ]
 [   0.14939545    0.00782044    0.        ]
 [   0.            0.            0.1496    ]]
Residual vector length: 350, Jacobian shape: (350, 6)
view   0 | SOD= 568.464 mm | SDD= 691.050 mm | M= 1.216 | incident=3.1588°
[[  24.740108   -567.5727      -20.005615  ]
 [   3.6126547   122.2669       14.994385  ]
 [   0.14939503    0.00782839    0.        ]
 [   0.            0.            0.1496    ]]

iter 28 cost=1.038619 -> 1.074106 |dtheta|=5.106680e-03  lambda=2.500e-05

============================================================
Iteration 29
============================================================
Theta offsets (Unity frame):
  Source   : dSx=   0.000, dSy=   0.000, dSz=   0.000  (mm)
  Object   : dOx=  -7.002, dOy=  -2.006, dOz=  -7.909  (mm)
  Object offset: offset_x=  -0.005, offset_z=   0.002  (mm)
  Detector : dDx=   0.000, dDy=   0.000, dDz=   0.000  (mm)
  Obj Stage rotY :    2.997 deg
============================================================

Unity geometry (world coordinates):
  Source   : x=  -5.000, y=  38.000, z=   0.000
  Object   : x=  -0.002, y=  17.994, z= 568.091
  Detector : x=  10.000, y=   3.000, z= 690.000
  Obj rotY :   0.0000 deg
view   0 | SOD= 568.468 mm | SDD= 691.050 mm | M= 1.216 | incident=3.1588°
[[  24.71156    -567.57794     -20.00571   ]
 [   3.6208353   122.262764     14.994289  ]
 [   0.14939545    0.00782044    0.        ]
 [   0.            0.            0.1496    ]]
Residual vector length: 350, Jacobian shape: (350, 6)
view   0 | SOD= 568.464 mm | SDD= 691.050 mm | M= 1.216 | incident=3.1588°
[[  24.740108   -567.5727      -20.005615  ]
 [   3.6126547   122.2669       14.994385  ]
 [   0.14939503    0.00782839    0.        ]
 [   0.            0.            0.1496    ]]

iter 29 cost=1.038619 -> 1.074106 |dtheta|=5.106678e-03  lambda=1.250e-04

============================================================
Iteration 30
============================================================
Theta offsets (Unity frame):
  Source   : dSx=   0.000, dSy=   0.000, dSz=   0.000  (mm)
  Object   : dOx=  -7.002, dOy=  -2.006, dOz=  -7.909  (mm)
  Object offset: offset_x=  -0.005, offset_z=   0.002  (mm)
  Detector : dDx=   0.000, dDy=   0.000, dDz=   0.000  (mm)
  Obj Stage rotY :    2.997 deg
============================================================

Unity geometry (world coordinates):
  Source   : x=  -5.000, y=  38.000, z=   0.000
  Object   : x=  -0.002, y=  17.994, z= 568.091
  Detector : x=  10.000, y=   3.000, z= 690.000
  Obj rotY :   0.0000 deg
view   0 | SOD= 568.468 mm | SDD= 691.050 mm | M= 1.216 | incident=3.1588°
[[  24.71156    -567.57794     -20.00571   ]
 [   3.6208353   122.262764     14.994289  ]
 [   0.14939545    0.00782044    0.        ]
 [   0.            0.            0.1496    ]]
Residual vector length: 350, Jacobian shape: (350, 6)
view   0 | SOD= 568.464 mm | SDD= 691.050 mm | M= 1.216 | incident=3.1588°
[[  24.740108   -567.5727      -20.005615  ]
 [   3.6126547   122.2669       14.994385  ]
 [   0.14939503    0.00782839    0.        ]
 [   0.            0.            0.1496    ]]

iter 30 cost=1.038619 -> 1.074106 |dtheta|=5.106672e-03  lambda=6.250e-04

============================================================
Iteration 31
============================================================
Theta offsets (Unity frame):
  Source   : dSx=   0.000, dSy=   0.000, dSz=   0.000  (mm)
  Object   : dOx=  -7.002, dOy=  -2.006, dOz=  -7.909  (mm)
  Object offset: offset_x=  -0.005, offset_z=   0.002  (mm)
  Detector : dDx=   0.000, dDy=   0.000, dDz=   0.000  (mm)
  Obj Stage rotY :    2.997 deg
============================================================

Unity geometry (world coordinates):
  Source   : x=  -5.000, y=  38.000, z=   0.000
  Object   : x=  -0.002, y=  17.994, z= 568.091
  Detector : x=  10.000, y=   3.000, z= 690.000
  Obj rotY :   0.0000 deg
view   0 | SOD= 568.468 mm | SDD= 691.050 mm | M= 1.216 | incident=3.1588°
[[  24.71156    -567.57794     -20.00571   ]
 [   3.6208353   122.262764     14.994289  ]
 [   0.14939545    0.00782044    0.        ]
 [   0.            0.            0.1496    ]]
Residual vector length: 350, Jacobian shape: (350, 6)
view   0 | SOD= 568.464 mm | SDD= 691.050 mm | M= 1.216 | incident=3.1588°
[[  24.740108   -567.5727      -20.005615  ]
 [   3.6126547   122.2669       14.994385  ]
 [   0.14939503    0.00782839    0.        ]
 [   0.            0.            0.1496    ]]

iter 31 cost=1.038619 -> 1.074106 |dtheta|=5.106638e-03  lambda=3.125e-03

============================================================
Iteration 32
============================================================
Theta offsets (Unity frame):
  Source   : dSx=   0.000, dSy=   0.000, dSz=   0.000  (mm)
  Object   : dOx=  -7.002, dOy=  -2.006, dOz=  -7.909  (mm)
  Object offset: offset_x=  -0.005, offset_z=   0.002  (mm)
  Detector : dDx=   0.000, dDy=   0.000, dDz=   0.000  (mm)
  Obj Stage rotY :    2.997 deg
============================================================

Unity geometry (world coordinates):
  Source   : x=  -5.000, y=  38.000, z=   0.000
  Object   : x=  -0.002, y=  17.994, z= 568.091
  Detector : x=  10.000, y=   3.000, z= 690.000
  Obj rotY :   0.0000 deg
view   0 | SOD= 568.468 mm | SDD= 691.050 mm | M= 1.216 | incident=3.1588°
[[  24.71156    -567.57794     -20.00571   ]
 [   3.6208353   122.262764     14.994289  ]
 [   0.14939545    0.00782044    0.        ]
 [   0.            0.            0.1496    ]]
Residual vector length: 350, Jacobian shape: (350, 6)
view   0 | SOD= 568.464 mm | SDD= 691.050 mm | M= 1.216 | incident=3.1588°
[[  24.740108   -567.5727      -20.005615  ]
 [   3.6126547   122.2669       14.994385  ]
 [   0.14939503    0.00782839    0.        ]
 [   0.            0.            0.1496    ]]

iter 32 cost=1.038619 -> 1.074106 |dtheta|=5.106471e-03  lambda=1.562e-02

============================================================
Iteration 33
============================================================
Theta offsets (Unity frame):
  Source   : dSx=   0.000, dSy=   0.000, dSz=   0.000  (mm)
  Object   : dOx=  -7.002, dOy=  -2.006, dOz=  -7.909  (mm)
  Object offset: offset_x=  -0.005, offset_z=   0.002  (mm)
  Detector : dDx=   0.000, dDy=   0.000, dDz=   0.000  (mm)
  Obj Stage rotY :    2.997 deg
============================================================

Unity geometry (world coordinates):
  Source   : x=  -5.000, y=  38.000, z=   0.000
  Object   : x=  -0.002, y=  17.994, z= 568.091
  Detector : x=  10.000, y=   3.000, z= 690.000
  Obj rotY :   0.0000 deg
view   0 | SOD= 568.468 mm | SDD= 691.050 mm | M= 1.216 | incident=3.1588°
[[  24.71156    -567.57794     -20.00571   ]
 [   3.6208353   122.262764     14.994289  ]
 [   0.14939545    0.00782044    0.        ]
 [   0.            0.            0.1496    ]]
Residual vector length: 350, Jacobian shape: (350, 6)
view   0 | SOD= 568.464 mm | SDD= 691.050 mm | M= 1.216 | incident=3.1588°
[[  24.740108   -567.5727      -20.005615  ]
 [   3.612655    122.2669       14.994385  ]
 [   0.14939503    0.00782839    0.        ]
 [   0.            0.            0.1496    ]]

iter 33 cost=1.038619 -> 1.074106 |dtheta|=5.105634e-03  lambda=7.812e-02

============================================================
Iteration 34
============================================================
Theta offsets (Unity frame):
  Source   : dSx=   0.000, dSy=   0.000, dSz=   0.000  (mm)
  Object   : dOx=  -7.002, dOy=  -2.006, dOz=  -7.909  (mm)
  Object offset: offset_x=  -0.005, offset_z=   0.002  (mm)
  Detector : dDx=   0.000, dDy=   0.000, dDz=   0.000  (mm)
  Obj Stage rotY :    2.997 deg
============================================================

Unity geometry (world coordinates):
  Source   : x=  -5.000, y=  38.000, z=   0.000
  Object   : x=  -0.002, y=  17.994, z= 568.091
  Detector : x=  10.000, y=   3.000, z= 690.000
  Obj rotY :   0.0000 deg
view   0 | SOD= 568.468 mm | SDD= 691.050 mm | M= 1.216 | incident=3.1588°
[[  24.71156    -567.57794     -20.00571   ]
 [   3.6208353   122.262764     14.994289  ]
 [   0.14939545    0.00782044    0.        ]
 [   0.            0.            0.1496    ]]
Residual vector length: 350, Jacobian shape: (350, 6)
view   0 | SOD= 568.464 mm | SDD= 691.050 mm | M= 1.216 | incident=3.1588°
[[  24.740103   -567.5727      -20.005615  ]
 [   3.6126559   122.2669       14.994385  ]
 [   0.14939503    0.00782839    0.        ]
 [   0.            0.            0.1496    ]]

iter 34 cost=1.038619 -> 1.084001 |dtheta|=5.101456e-03  lambda=3.906e-01

============================================================
Iteration 35
============================================================
Theta offsets (Unity frame):
  Source   : dSx=   0.000, dSy=   0.000, dSz=   0.000  (mm)
  Object   : dOx=  -7.002, dOy=  -2.006, dOz=  -7.909  (mm)
  Object offset: offset_x=  -0.005, offset_z=   0.002  (mm)
  Detector : dDx=   0.000, dDy=   0.000, dDz=   0.000  (mm)
  Obj Stage rotY :    2.997 deg
============================================================

Unity geometry (world coordinates):
  Source   : x=  -5.000, y=  38.000, z=   0.000
  Object   : x=  -0.002, y=  17.994, z= 568.091
  Detector : x=  10.000, y=   3.000, z= 690.000
  Obj rotY :   0.0000 deg
view   0 | SOD= 568.468 mm | SDD= 691.050 mm | M= 1.216 | incident=3.1588°
[[  24.71156    -567.57794     -20.00571   ]
 [   3.6208353   122.262764     14.994289  ]
 [   0.14939545    0.00782044    0.        ]
 [   0.            0.            0.1496    ]]
Residual vector length: 350, Jacobian shape: (350, 6)
view   0 | SOD= 568.464 mm | SDD= 691.050 mm | M= 1.216 | incident=3.1588°
[[  24.74008    -567.5727      -20.005617  ]
 [   3.6126618   122.2669       14.994383  ]
 [   0.14939503    0.00782839    0.        ]
 [   0.            0.            0.1496    ]]

iter 35 cost=1.038619 -> 1.084001 |dtheta|=5.080744e-03  lambda=1.953e+00

============================================================
Iteration 36
============================================================
Theta offsets (Unity frame):
  Source   : dSx=   0.000, dSy=   0.000, dSz=   0.000  (mm)
  Object   : dOx=  -7.002, dOy=  -2.006, dOz=  -7.909  (mm)
  Object offset: offset_x=  -0.005, offset_z=   0.002  (mm)
  Detector : dDx=   0.000, dDy=   0.000, dDz=   0.000  (mm)
  Obj Stage rotY :    2.997 deg
============================================================

Unity geometry (world coordinates):
  Source   : x=  -5.000, y=  38.000, z=   0.000
  Object   : x=  -0.002, y=  17.994, z= 568.091
  Detector : x=  10.000, y=   3.000, z= 690.000
  Obj rotY :   0.0000 deg
view   0 | SOD= 568.468 mm | SDD= 691.050 mm | M= 1.216 | incident=3.1588°
[[  24.71156    -567.57794     -20.00571   ]
 [   3.6208353   122.262764     14.994289  ]
 [   0.14939545    0.00782044    0.        ]
 [   0.            0.            0.1496    ]]
Residual vector length: 350, Jacobian shape: (350, 6)
view   0 | SOD= 568.464 mm | SDD= 691.050 mm | M= 1.216 | incident=3.1588°
[[  24.739973   -567.5728      -20.005623  ]
 [   3.6126964   122.26678      14.994377  ]
 [   0.14939503    0.00782836    0.        ]
 [   0.            0.            0.1496    ]]

iter 36 cost=1.038619 -> 1.094821 |dtheta|=4.981409e-03  lambda=9.766e+00

============================================================
Iteration 37
============================================================
Theta offsets (Unity frame):
  Source   : dSx=   0.000, dSy=   0.000, dSz=   0.000  (mm)
  Object   : dOx=  -7.002, dOy=  -2.006, dOz=  -7.909  (mm)
  Object offset: offset_x=  -0.005, offset_z=   0.002  (mm)
  Detector : dDx=   0.000, dDy=   0.000, dDz=   0.000  (mm)
  Obj Stage rotY :    2.997 deg
============================================================

Unity geometry (world coordinates):
  Source   : x=  -5.000, y=  38.000, z=   0.000
  Object   : x=  -0.002, y=  17.994, z= 568.091
  Detector : x=  10.000, y=   3.000, z= 690.000
  Obj rotY :   0.0000 deg
view   0 | SOD= 568.468 mm | SDD= 691.050 mm | M= 1.216 | incident=3.1588°
[[  24.71156    -567.57794     -20.00571   ]
 [   3.6208353   122.262764     14.994289  ]
 [   0.14939545    0.00782044    0.        ]
 [   0.            0.            0.1496    ]]
Residual vector length: 350, Jacobian shape: (350, 6)
view   0 | SOD= 568.464 mm | SDD= 691.050 mm | M= 1.216 | incident=3.1588°
[[  24.739403   -567.57336     -20.005644  ]
 [   3.6128738   122.26623      14.994356  ]
 [   0.14939505    0.00782819    0.        ]
 [   0.            0.            0.1496    ]]

iter 37 cost=1.038619 -> 1.099261 |dtheta|=4.570527e-03  lambda=4.883e+01

============================================================
Iteration 38
============================================================
Theta offsets (Unity frame):
  Source   : dSx=   0.000, dSy=   0.000, dSz=   0.000  (mm)
  Object   : dOx=  -7.002, dOy=  -2.006, dOz=  -7.909  (mm)
  Object offset: offset_x=  -0.005, offset_z=   0.002  (mm)
  Detector : dDx=   0.000, dDy=   0.000, dDz=   0.000  (mm)
  Obj Stage rotY :    2.997 deg
============================================================

Unity geometry (world coordinates):
  Source   : x=  -5.000, y=  38.000, z=   0.000
  Object   : x=  -0.002, y=  17.994, z= 568.091
  Detector : x=  10.000, y=   3.000, z= 690.000
  Obj rotY :   0.0000 deg
view   0 | SOD= 568.468 mm | SDD= 691.050 mm | M= 1.216 | incident=3.1588°
[[  24.71156    -567.57794     -20.00571   ]
 [   3.6208353   122.262764     14.994289  ]
 [   0.14939545    0.00782044    0.        ]
 [   0.            0.            0.1496    ]]
Residual vector length: 350, Jacobian shape: (350, 6)
view   0 | SOD= 568.466 mm | SDD= 691.050 mm | M= 1.216 | incident=3.1588°
[[  24.736425   -567.57477     -20.005707  ]
 [   3.613703    122.26493      14.994293  ]
 [   0.1493951     0.00782737    0.        ]
 [   0.            0.            0.1496    ]]

iter 38 cost=1.038619 -> 1.090211 |dtheta|=3.504381e-03  lambda=2.441e+02

============================================================
Iteration 39
============================================================
Theta offsets (Unity frame):
  Source   : dSx=   0.000, dSy=   0.000, dSz=   0.000  (mm)
  Object   : dOx=  -7.002, dOy=  -2.006, dOz=  -7.909  (mm)
  Object offset: offset_x=  -0.005, offset_z=   0.002  (mm)
  Detector : dDx=   0.000, dDy=   0.000, dDz=   0.000  (mm)
  Obj Stage rotY :    2.997 deg
============================================================

Unity geometry (world coordinates):
  Source   : x=  -5.000, y=  38.000, z=   0.000
  Object   : x=  -0.002, y=  17.994, z= 568.091
  Detector : x=  10.000, y=   3.000, z= 690.000
  Obj rotY :   0.0000 deg
view   0 | SOD= 568.468 mm | SDD= 691.050 mm | M= 1.216 | incident=3.1588°
[[  24.71156    -567.57794     -20.00571   ]
 [   3.6208353   122.262764     14.994289  ]
 [   0.14939545    0.00782044    0.        ]
 [   0.            0.            0.1496    ]]
Residual vector length: 350, Jacobian shape: (350, 6)
view   0 | SOD= 568.467 mm | SDD= 691.050 mm | M= 1.216 | incident=3.1588°
[[  24.727001   -567.5765      -20.005787  ]
 [   3.6162086   122.26361      14.994213  ]
 [   0.14939523    0.00782479    0.        ]
 [   0.            0.            0.1496    ]]

iter 39 cost=1.038619 -> 1.075353 |dtheta|=2.019869e-03  lambda=1.221e+03

============================================================
Iteration 40
============================================================
Theta offsets (Unity frame):
  Source   : dSx=   0.000, dSy=   0.000, dSz=   0.000  (mm)
  Object   : dOx=  -7.002, dOy=  -2.006, dOz=  -7.909  (mm)
  Object offset: offset_x=  -0.005, offset_z=   0.002  (mm)
  Detector : dDx=   0.000, dDy=   0.000, dDz=   0.000  (mm)
  Obj Stage rotY :    2.997 deg
============================================================

Unity geometry (world coordinates):
  Source   : x=  -5.000, y=  38.000, z=   0.000
  Object   : x=  -0.002, y=  17.994, z= 568.091
  Detector : x=  10.000, y=   3.000, z= 690.000
  Obj rotY :   0.0000 deg
view   0 | SOD= 568.468 mm | SDD= 691.050 mm | M= 1.216 | incident=3.1588°
[[  24.71156    -567.57794     -20.00571   ]
 [   3.6208353   122.262764     14.994289  ]
 [   0.14939545    0.00782044    0.        ]
 [   0.            0.            0.1496    ]]
Residual vector length: 350, Jacobian shape: (350, 6)
view   0 | SOD= 568.468 mm | SDD= 691.050 mm | M= 1.216 | incident=3.1588°
[[  24.716652   -567.5775      -20.005802  ]
 [   3.6191075   122.262955     14.994198  ]
 [   0.14939538    0.00782192    0.        ]
 [   0.            0.            0.1496    ]]

iter 40 cost=1.038619 -> 1.066933 |dtheta|=7.493508e-04  lambda=6.104e+03

============================================================
Iteration 41
============================================================
Theta offsets (Unity frame):
  Source   : dSx=   0.000, dSy=   0.000, dSz=   0.000  (mm)
  Object   : dOx=  -7.002, dOy=  -2.006, dOz=  -7.909  (mm)
  Object offset: offset_x=  -0.005, offset_z=   0.002  (mm)
  Detector : dDx=   0.000, dDy=   0.000, dDz=   0.000  (mm)
  Obj Stage rotY :    2.997 deg
============================================================

Unity geometry (world coordinates):
  Source   : x=  -5.000, y=  38.000, z=   0.000
  Object   : x=  -0.002, y=  17.994, z= 568.091
  Detector : x=  10.000, y=   3.000, z= 690.000
  Obj rotY :   0.0000 deg
view   0 | SOD= 568.468 mm | SDD= 691.050 mm | M= 1.216 | incident=3.1588°
[[  24.71156    -567.57794     -20.00571   ]
 [   3.6208353   122.262764     14.994289  ]
 [   0.14939545    0.00782044    0.        ]
 [   0.            0.            0.1496    ]]
Residual vector length: 350, Jacobian shape: (350, 6)
view   0 | SOD= 568.468 mm | SDD= 691.050 mm | M= 1.216 | incident=3.1588°
[[  24.712688   -567.5778      -20.00575   ]
 [   3.6204004   122.262825     14.994249  ]
 [   0.14939544    0.00782078    0.        ]
 [   0.            0.            0.1496    ]]

iter 41 cost=1.038619 -> 1.025803 |dtheta|=1.948420e-04  lambda=3.052e+04

============================================================
Iteration 42
============================================================
Theta offsets (Unity frame):
  Source   : dSx=   0.000, dSy=   0.000, dSz=   0.000  (mm)
  Object   : dOx=  -7.002, dOy=  -2.006, dOz=  -7.909  (mm)
  Object offset: offset_x=  -0.005, offset_z=   0.002  (mm)
  Detector : dDx=   0.000, dDy=   0.000, dDz=   0.000  (mm)
  Obj Stage rotY :    2.997 deg
============================================================

Unity geometry (world coordinates):
  Source   : x=  -5.000, y=  38.000, z=   0.000
  Object   : x=  -0.002, y=  17.994, z= 568.091
  Detector : x=  10.000, y=   3.000, z= 690.000
  Obj rotY :   0.0000 deg
view   0 | SOD= 568.468 mm | SDD= 691.050 mm | M= 1.216 | incident=3.1588°
[[  24.712688   -567.5778      -20.00575   ]
 [   3.6204004   122.262825     14.994249  ]
 [   0.14939544    0.00782078    0.        ]
 [   0.            0.            0.1496    ]]
Residual vector length: 350, Jacobian shape: (350, 6)
view   0 | SOD= 568.468 mm | SDD= 691.050 mm | M= 1.216 | incident=3.1588°
[[  24.71743    -567.5775      -20.00569   ]
 [   3.6190383   122.26296      14.99431   ]
 [   0.14939536    0.0078221     0.        ]
 [   0.            0.            0.1496    ]]

iter 42 cost=1.025803 -> 1.025467 |dtheta|=5.856058e-04  lambda=1.017e+04

============================================================
Iteration 43
============================================================
Theta offsets (Unity frame):
  Source   : dSx=   0.000, dSy=   0.000, dSz=   0.000  (mm)
  Object   : dOx=  -7.002, dOy=  -2.006, dOz=  -7.909  (mm)
  Object offset: offset_x=  -0.005, offset_z=   0.002  (mm)
  Detector : dDx=   0.000, dDy=   0.000, dDz=   0.000  (mm)
  Obj Stage rotY :    2.997 deg
============================================================

Unity geometry (world coordinates):
  Source   : x=  -5.000, y=  38.000, z=   0.000
  Object   : x=  -0.002, y=  17.994, z= 568.091
  Detector : x=  10.000, y=   3.000, z= 690.000
  Obj rotY :   0.0000 deg
view   0 | SOD= 568.468 mm | SDD= 691.050 mm | M= 1.216 | incident=3.1588°
[[  24.71743    -567.5775      -20.00569   ]
 [   3.6190383   122.26296      14.99431   ]
 [   0.14939536    0.0078221     0.        ]
 [   0.            0.            0.1496    ]]
Residual vector length: 350, Jacobian shape: (350, 6)
view   0 | SOD= 568.467 mm | SDD= 691.050 mm | M= 1.216 | incident=3.1588°
[[  24.726336   -567.5769      -20.00569   ]
 [   3.616321    122.263176     14.99431   ]
 [   0.14939523    0.00782462    0.        ]
 [   0.            0.            0.1496    ]]

iter 43 cost=1.025467 -> 1.079051 |dtheta|=1.080435e-03  lambda=3.391e+03

============================================================
Iteration 44
============================================================
Theta offsets (Unity frame):
  Source   : dSx=   0.000, dSy=   0.000, dSz=   0.000  (mm)
  Object   : dOx=  -7.002, dOy=  -2.006, dOz=  -7.909  (mm)
  Object offset: offset_x=  -0.005, offset_z=   0.002  (mm)
  Detector : dDx=   0.000, dDy=   0.000, dDz=   0.000  (mm)
  Obj Stage rotY :    2.997 deg
============================================================

Unity geometry (world coordinates):
  Source   : x=  -5.000, y=  38.000, z=   0.000
  Object   : x=  -0.002, y=  17.994, z= 568.091
  Detector : x=  10.000, y=   3.000, z= 690.000
  Obj rotY :   0.0000 deg
view   0 | SOD= 568.468 mm | SDD= 691.050 mm | M= 1.216 | incident=3.1588°
[[  24.71743    -567.5775      -20.00569   ]
 [   3.6190383   122.26296      14.99431   ]
 [   0.14939536    0.0078221     0.        ]
 [   0.            0.            0.1496    ]]
Residual vector length: 350, Jacobian shape: (350, 6)
view   0 | SOD= 568.468 mm | SDD= 691.050 mm | M= 1.216 | incident=3.1588°
[[  24.719595   -567.5774      -20.005703  ]
 [   3.6182673   122.26297      14.994297  ]
 [   0.14939533    0.00782274    0.        ]
 [   0.            0.            0.1496    ]]

iter 44 cost=1.025467 -> 1.063209 |dtheta|=3.044646e-04  lambda=1.695e+04

============================================================
Iteration 45
============================================================
Theta offsets (Unity frame):
  Source   : dSx=   0.000, dSy=   0.000, dSz=   0.000  (mm)
  Object   : dOx=  -7.002, dOy=  -2.006, dOz=  -7.909  (mm)
  Object offset: offset_x=  -0.005, offset_z=   0.002  (mm)
  Detector : dDx=   0.000, dDy=   0.000, dDz=   0.000  (mm)
  Obj Stage rotY :    2.997 deg
============================================================

Unity geometry (world coordinates):
  Source   : x=  -5.000, y=  38.000, z=   0.000
  Object   : x=  -0.002, y=  17.994, z= 568.091
  Detector : x=  10.000, y=   3.000, z= 690.000
  Obj rotY :   0.0000 deg
view   0 | SOD= 568.468 mm | SDD= 691.050 mm | M= 1.216 | incident=3.1588°
[[  24.71743    -567.5775      -20.00569   ]
 [   3.6190383   122.26296      14.99431   ]
 [   0.14939536    0.0078221     0.        ]
 [   0.            0.            0.1496    ]]
Residual vector length: 350, Jacobian shape: (350, 6)
view   0 | SOD= 568.468 mm | SDD= 691.050 mm | M= 1.216 | incident=3.1588°
[[  24.717869   -567.57745     -20.005693  ]
 [   3.6188648   122.26296      14.994307  ]
 [   0.14939536    0.00782223    0.        ]
 [   0.            0.            0.1496    ]]

iter 45 cost=1.025467 -> 1.035384 |dtheta|=6.954361e-05  lambda=8.477e+04

============================================================
Iteration 46
============================================================
Theta offsets (Unity frame):
  Source   : dSx=   0.000, dSy=   0.000, dSz=   0.000  (mm)
  Object   : dOx=  -7.002, dOy=  -2.006, dOz=  -7.909  (mm)
  Object offset: offset_x=  -0.005, offset_z=   0.002  (mm)
  Detector : dDx=   0.000, dDy=   0.000, dDz=   0.000  (mm)
  Obj Stage rotY :    2.997 deg
============================================================

Unity geometry (world coordinates):
  Source   : x=  -5.000, y=  38.000, z=   0.000
  Object   : x=  -0.002, y=  17.994, z= 568.091
  Detector : x=  10.000, y=   3.000, z= 690.000
  Obj rotY :   0.0000 deg
view   0 | SOD= 568.468 mm | SDD= 691.050 mm | M= 1.216 | incident=3.1588°
[[  24.71743    -567.5775      -20.00569   ]
 [   3.6190383   122.26296      14.99431   ]
 [   0.14939536    0.0078221     0.        ]
 [   0.            0.            0.1496    ]]
Residual vector length: 350, Jacobian shape: (350, 6)
view   0 | SOD= 568.468 mm | SDD= 691.050 mm | M= 1.216 | incident=3.1588°
[[  24.717518   -567.5775      -20.00569   ]
 [   3.619002    122.26296      14.99431   ]
 [   0.14939536    0.00782213    0.        ]
 [   0.            0.            0.1496    ]]

iter 46 cost=1.025467 -> 1.025467 |dtheta|=1.441605e-05  lambda=4.239e+05

============================================================
Iteration 47
============================================================
Theta offsets (Unity frame):
  Source   : dSx=   0.000, dSy=   0.000, dSz=   0.000  (mm)
  Object   : dOx=  -7.002, dOy=  -2.006, dOz=  -7.909  (mm)
  Object offset: offset_x=  -0.005, offset_z=   0.002  (mm)
  Detector : dDx=   0.000, dDy=   0.000, dDz=   0.000  (mm)
  Obj Stage rotY :    2.997 deg
============================================================

Unity geometry (world coordinates):
  Source   : x=  -5.000, y=  38.000, z=   0.000
  Object   : x=  -0.002, y=  17.994, z= 568.091
  Detector : x=  10.000, y=   3.000, z= 690.000
  Obj rotY :   0.0000 deg
view   0 | SOD= 568.468 mm | SDD= 691.050 mm | M= 1.216 | incident=3.1588°
[[  24.71743    -567.5775      -20.00569   ]
 [   3.6190383   122.26296      14.99431   ]
 [   0.14939536    0.0078221     0.        ]
 [   0.            0.            0.1496    ]]
Residual vector length: 350, Jacobian shape: (350, 6)
view   0 | SOD= 568.468 mm | SDD= 691.050 mm | M= 1.216 | incident=3.1588°
[[  24.717466   -567.5775      -20.00569   ]
 [   3.6190233   122.26296      14.99431   ]
 [   0.14939536    0.00782211    0.        ]
 [   0.            0.            0.1496    ]]

iter 47 cost=1.025467 -> 1.025467 |dtheta|=6.144319e-06  lambda=1.000e+06

============================================================
Iteration 48
============================================================
Theta offsets (Unity frame):
  Source   : dSx=   0.000, dSy=   0.000, dSz=   0.000  (mm)
  Object   : dOx=  -7.002, dOy=  -2.006, dOz=  -7.909  (mm)
  Object offset: offset_x=  -0.005, offset_z=   0.002  (mm)
  Detector : dDx=   0.000, dDy=   0.000, dDz=   0.000  (mm)
  Obj Stage rotY :    2.997 deg
============================================================

Unity geometry (world coordinates):
  Source   : x=  -5.000, y=  38.000, z=   0.000
  Object   : x=  -0.002, y=  17.994, z= 568.091
  Detector : x=  10.000, y=   3.000, z= 690.000
  Obj rotY :   0.0000 deg
view   0 | SOD= 568.468 mm | SDD= 691.050 mm | M= 1.216 | incident=3.1588°
[[  24.71743    -567.5775      -20.00569   ]
 [   3.6190383   122.26296      14.99431   ]
 [   0.14939536    0.0078221     0.        ]
 [   0.            0.            0.1496    ]]
Residual vector length: 350, Jacobian shape: (350, 6)
view   0 | SOD= 568.468 mm | SDD= 691.050 mm | M= 1.216 | incident=3.1588°
[[  24.717466   -567.5775      -20.00569   ]
 [   3.6190233   122.26296      14.99431   ]
 [   0.14939536    0.00782211    0.        ]
 [   0.            0.            0.1496    ]]

iter 48 cost=1.025467 -> 1.025467 |dtheta|=6.144319e-06  lambda=1.000e+06

============================================================
Iteration 49
============================================================
Theta offsets (Unity frame):
  Source   : dSx=   0.000, dSy=   0.000, dSz=   0.000  (mm)
  Object   : dOx=  -7.002, dOy=  -2.006, dOz=  -7.909  (mm)
  Object offset: offset_x=  -0.005, offset_z=   0.002  (mm)
  Detector : dDx=   0.000, dDy=   0.000, dDz=   0.000  (mm)
  Obj Stage rotY :    2.997 deg
============================================================

Unity geometry (world coordinates):
  Source   : x=  -5.000, y=  38.000, z=   0.000
  Object   : x=  -0.002, y=  17.994, z= 568.091
  Detector : x=  10.000, y=   3.000, z= 690.000
  Obj rotY :   0.0000 deg
view   0 | SOD= 568.468 mm | SDD= 691.050 mm | M= 1.216 | incident=3.1588°
[[  24.71743    -567.5775      -20.00569   ]
 [   3.6190383   122.26296      14.99431   ]
 [   0.14939536    0.0078221     0.        ]
 [   0.            0.            0.1496    ]]
Residual vector length: 350, Jacobian shape: (350, 6)
view   0 | SOD= 568.468 mm | SDD= 691.050 mm | M= 1.216 | incident=3.1588°
[[  24.717466   -567.5775      -20.00569   ]
 [   3.6190233   122.26296      14.99431   ]
 [   0.14939536    0.00782211    0.        ]
 [   0.            0.            0.1496    ]]

iter 49 cost=1.025467 -> 1.025467 |dtheta|=6.144319e-06  lambda=1.000e+06

============================================================
Iteration 50
============================================================
Theta offsets (Unity frame):
  Source   : dSx=   0.000, dSy=   0.000, dSz=   0.000  (mm)
  Object   : dOx=  -7.002, dOy=  -2.006, dOz=  -7.909  (mm)
  Object offset: offset_x=  -0.005, offset_z=   0.002  (mm)
  Detector : dDx=   0.000, dDy=   0.000, dDz=   0.000  (mm)
  Obj Stage rotY :    2.997 deg
============================================================

Unity geometry (world coordinates):
  Source   : x=  -5.000, y=  38.000, z=   0.000
  Object   : x=  -0.002, y=  17.994, z= 568.091
  Detector : x=  10.000, y=   3.000, z= 690.000
  Obj rotY :   0.0000 deg
view   0 | SOD= 568.468 mm | SDD= 691.050 mm | M= 1.216 | incident=3.1588°
[[  24.71743    -567.5775      -20.00569   ]
 [   3.6190383   122.26296      14.99431   ]
 [   0.14939536    0.0078221     0.        ]
 [   0.            0.            0.1496    ]]
Residual vector length: 350, Jacobian shape: (350, 6)
view   0 | SOD= 568.468 mm | SDD= 691.050 mm | M= 1.216 | incident=3.1588°
[[  24.717466   -567.5775      -20.00569   ]
 [   3.6190233   122.26296      14.99431   ]
 [   0.14939536    0.00782211    0.        ]
 [   0.            0.            0.1496    ]]

iter 50 cost=1.025467 -> 1.025467 |dtheta|=6.144319e-06  lambda=1.000e+06

============================================================
Iteration 51
============================================================
Theta offsets (Unity frame):
  Source   : dSx=   0.000, dSy=   0.000, dSz=   0.000  (mm)
  Object   : dOx=  -7.002, dOy=  -2.006, dOz=  -7.909  (mm)
  Object offset: offset_x=  -0.005, offset_z=   0.002  (mm)
  Detector : dDx=   0.000, dDy=   0.000, dDz=   0.000  (mm)
  Obj Stage rotY :    2.997 deg
============================================================

Unity geometry (world coordinates):
  Source   : x=  -5.000, y=  38.000, z=   0.000
  Object   : x=  -0.002, y=  17.994, z= 568.091
  Detector : x=  10.000, y=   3.000, z= 690.000
  Obj rotY :   0.0000 deg
view   0 | SOD= 568.468 mm | SDD= 691.050 mm | M= 1.216 | incident=3.1588°
[[  24.71743    -567.5775      -20.00569   ]
 [   3.6190383   122.26296      14.99431   ]
 [   0.14939536    0.0078221     0.        ]
 [   0.            0.            0.1496    ]]
Residual vector length: 350, Jacobian shape: (350, 6)
view   0 | SOD= 568.468 mm | SDD= 691.050 mm | M= 1.216 | incident=3.1588°
[[  24.717466   -567.5775      -20.00569   ]
 [   3.6190233   122.26296      14.99431   ]
 [   0.14939536    0.00782211    0.        ]
 [   0.            0.            0.1496    ]]

iter 51 cost=1.025467 -> 1.025467 |dtheta|=6.144319e-06  lambda=1.000e+06

============================================================
Iteration 52
============================================================
Theta offsets (Unity frame):
  Source   : dSx=   0.000, dSy=   0.000, dSz=   0.000  (mm)
  Object   : dOx=  -7.002, dOy=  -2.006, dOz=  -7.909  (mm)
  Object offset: offset_x=  -0.005, offset_z=   0.002  (mm)
  Detector : dDx=   0.000, dDy=   0.000, dDz=   0.000  (mm)
  Obj Stage rotY :    2.997 deg
============================================================

Unity geometry (world coordinates):
  Source   : x=  -5.000, y=  38.000, z=   0.000
  Object   : x=  -0.002, y=  17.994, z= 568.091
  Detector : x=  10.000, y=   3.000, z= 690.000
  Obj rotY :   0.0000 deg
view   0 | SOD= 568.468 mm | SDD= 691.050 mm | M= 1.216 | incident=3.1588°
[[  24.71743    -567.5775      -20.00569   ]
 [   3.6190383   122.26296      14.99431   ]
 [   0.14939536    0.0078221     0.        ]
 [   0.            0.            0.1496    ]]
Residual vector length: 350, Jacobian shape: (350, 6)
view   0 | SOD= 568.468 mm | SDD= 691.050 mm | M= 1.216 | incident=3.1588°
[[  24.717466   -567.5775      -20.00569   ]
 [   3.6190233   122.26296      14.99431   ]
 [   0.14939536    0.00782211    0.        ]
 [   0.            0.            0.1496    ]]

iter 52 cost=1.025467 -> 1.025467 |dtheta|=6.144319e-06  lambda=1.000e+06

============================================================
Iteration 53
============================================================
Theta offsets (Unity frame):
  Source   : dSx=   0.000, dSy=   0.000, dSz=   0.000  (mm)
  Object   : dOx=  -7.002, dOy=  -2.006, dOz=  -7.909  (mm)
  Object offset: offset_x=  -0.005, offset_z=   0.002  (mm)
  Detector : dDx=   0.000, dDy=   0.000, dDz=   0.000  (mm)
  Obj Stage rotY :    2.997 deg
============================================================

Unity geometry (world coordinates):
  Source   : x=  -5.000, y=  38.000, z=   0.000
  Object   : x=  -0.002, y=  17.994, z= 568.091
  Detector : x=  10.000, y=   3.000, z= 690.000
  Obj rotY :   0.0000 deg
view   0 | SOD= 568.468 mm | SDD= 691.050 mm | M= 1.216 | incident=3.1588°
[[  24.71743    -567.5775      -20.00569   ]
 [   3.6190383   122.26296      14.99431   ]
 [   0.14939536    0.0078221     0.        ]
 [   0.            0.            0.1496    ]]
Residual vector length: 350, Jacobian shape: (350, 6)
view   0 | SOD= 568.468 mm | SDD= 691.050 mm | M= 1.216 | incident=3.1588°
[[  24.717466   -567.5775      -20.00569   ]
 [   3.6190233   122.26296      14.99431   ]
 [   0.14939536    0.00782211    0.        ]
 [   0.            0.            0.1496    ]]

iter 53 cost=1.025467 -> 1.025467 |dtheta|=6.144319e-06  lambda=1.000e+06
Stalled.

Estimated theta:
  dSx: +0.000000
  dSy: +0.000000
  dOx: -7.001972
  dOy: -2.005689
  dOz: -7.908917
  dDx: +0.000000
  dDy: +0.000000
  dDz: +0.000000
alpha: +2.997178e+00 deg)
offset_x: -0.004851
offset_z: +0.002429

Final cost table:
Fake theta: [ 0.  0. -7. -2. -8.  0.  0.  0.  3.  0.  0.]
Final estimated theta: [ 0.          0.         -7.00197212 -2.00568921 -7.90891651  0.
  0.          0.          2.99717808 -0.00485133  0.00242863]
Diff from Expected: [ 0.          0.         -0.00197212 -0.00568921  0.09108349  0.
  0.          0.         -0.00282192 -0.00485133  0.00242863]
################################################################################

