Phantom already exists, skipping: cuboid_phantom_7_normal.npy

################################################################################
Running cuboid=normal scenario=G0 N_ANGLES=15, K=7
view   0 | SOD= 570.548 mm | SDD= 675.501 mm | M= 1.184 | incident=3.8197°
[[  98.97946    -561.3404      -25.        ]
 [ -18.05941     102.420006     20.        ]
 [   0.14732724    0.02597777    0.        ]
 [   0.            0.            0.1496    ]]
           image          x1         y1  area1          x2          y2  area2          x3          y3  area3          x4          y4  area4          x5          y5  area5          x6          y6  area6          x7          y7  area7
0   proj_000.png  509.640587  62.330073    409  400.831492  135.348066    362  424.750663  204.655172    377  447.184066  270.326923    364  550.561934  341.172205    331  530.678756  419.888601    386  509.648101  502.708861    395
1   proj_001.png  447.290557  62.346247    413  363.631579  134.856725    342  436.454054  204.121622    370  505.826923  270.195055    364  587.895706  343.500000    326  519.257069  421.393316    389  447.300493  502.921182    406
2   proj_002.png  390.500000  62.500000    392  347.244382  134.162921    356  455.070845  203.697548    367  560.049046  271.223433    367  606.862360  346.519663    356  500.430025  422.503817    393  390.524876  500.773632    402
3   proj_003.png  350.046512  62.627907    387  353.434316  133.549598    373  477.615591  203.559140    372  600.832869  273.178273    359  603.596354  349.671875    384  477.360825  422.814433    388  350.079692  496.473008    389
4   proj_004.png  332.751366  62.874317    366  380.667582  133.000000    364  500.080429  203.806971    373  621.234501  275.652291    371  578.127182  352.618454    401  454.377215  422.488608    395  332.710811  491.178378    370
5   proj_005.png  340.207493  63.000000    347  423.548813  132.670185    379  518.683117  204.129870    385  617.355556  278.208333    360  534.238554  354.800000    415  435.537879  421.457071    396  340.428571  485.708571    350
6   proj_006.png  371.310976  63.207317    328  475.377892  132.478149    389  530.371353  204.700265    377  588.413598  280.563739    353  479.786848  355.503401    441  424.176623  419.950649    385  371.341463  481.149390    328
7   proj_007.png  419.250000  63.425824    364  527.353760  132.573816    359  533.131579  205.334211    380  539.202500  282.205000    400  424.969697  354.858586    396  421.989583  418.026042    384  419.162921  477.960674    356
8   proj_008.png  476.596354  63.408854    384  571.255319  132.990881    329  526.023499  206.026110    383  478.506977  282.844186    430  379.965714  352.885714    350  429.648148  416.526455    378  476.628947  476.763158    380
9   proj_009.png  534.000000  63.217270    359  600.000000  133.500000    342  510.557252  206.442748    393  417.526185  282.276808    401  352.621547  349.883978    362  445.155673  415.205805    379  534.027174  477.989130    368
10  proj_010.png  582.623978  63.168937    367  608.021277  134.170213    376  489.159898  206.705584    394  367.774436  280.641604    399  347.644562  346.713528    377  466.185676  414.488064    377  582.574932  480.956403    367
11  proj_011.png  614.000000  63.086387    382  593.594388  134.818878    392  465.606771  206.611979    384  338.219895  278.455497    382  364.609890  343.758242    364  489.108992  414.512262    367  613.994595  485.554054    370
12  proj_012.png  622.460452  62.878531    354  558.079404  135.332506    403  444.201531  206.484694    392  333.322034  275.748588    354  400.544236  341.388740    373  510.236842  415.228947    380  622.415512  491.008310    361
13  proj_013.png  605.855524  62.773371    353  507.884892  135.664269    417  428.907035  205.927136    398  353.347432  273.314199    331  448.933687  340.079576    377  525.492268  416.471649    388  605.800554  496.349030    361
14  proj_014.png  565.905028  62.396648    358  451.832547  135.632075    424  422.055118  205.251969    381  393.648318  271.382263    327  501.755968  339.970822    377  532.816000  418.157333    375  565.840782  500.787709    358

============================================================
Iteration 0
============================================================
Theta offsets (Unity frame):
  Source   : dSx=   0.000, dSy=   0.000, dSz=   0.000  (mm)
  Object   : dOx=   0.000, dOy=   0.000, dOz=   0.000  (mm)
  Object offset: offset_x=   0.000, offset_z=   0.000  (mm)
  Detector : dDx=   0.000, dDy=   0.000, dDz=   0.000  (mm)
  Obj Stage rotY :    0.000 deg
============================================================

Unity geometry (world coordinates):
  Source   : x=   0.000, y=  45.000, z=   0.000
  Object   : x=  10.000, y=  15.000, z= 589.000
  Detector : x=   0.000, y=   0.000, z= 674.000
  Obj rotY :   0.0000 deg
view   0 | SOD= 589.848 mm | SDD= 675.501 mm | M= 1.145 | incident=3.8197°
[[ -10.     -589.      -30.    ]
 [ -10.       85.       15.    ]
 [   0.1496    0.        0.    ]
 [   0.        0.        0.1496]]
Residual vector length: 525, Jacobian shape: (525, 6)
view   0 | SOD= 588.538 mm | SDD= 675.501 mm | M= 1.148 | incident=3.8197°
[[  42.643425   -586.3409      -27.619064  ]
 [ -11.089427     85.51384      17.380936  ]
 [   0.14912383    0.01192646    0.        ]
 [   0.            0.            0.1496    ]]

iter 00 cost=408878.351713 -> 79396.714578 |dtheta|=8.080035e+00  lambda=1.000e-02

============================================================
Iteration 1
============================================================
Theta offsets (Unity frame):
  Source   : dSx=   0.000, dSy=   0.000, dSz=   0.000  (mm)
  Object   : dOx=  -6.059, dOy=   2.381, dOz=  -1.362  (mm)
  Object offset: offset_x=   0.296, offset_z=   0.236  (mm)
  Detector : dDx=   0.000, dDy=   0.000, dDz=   0.000  (mm)
  Obj Stage rotY :    4.573 deg
============================================================

Unity geometry (world coordinates):
  Source   : x=   0.000, y=  45.000, z=   0.000
  Object   : x=   3.941, y=  17.381, z= 587.638
  Detector : x=   0.000, y=   0.000, z= 674.000
  Obj rotY :   0.0000 deg
view   0 | SOD= 588.538 mm | SDD= 675.501 mm | M= 1.148 | incident=3.8197°
[[  42.643425   -586.3409      -27.619064  ]
 [ -11.089427     85.51384      17.380936  ]
 [   0.14912383    0.01192646    0.        ]
 [   0.            0.            0.1496    ]]
Residual vector length: 525, Jacobian shape: (525, 6)
view   0 | SOD= 585.964 mm | SDD= 675.501 mm | M= 1.153 | incident=3.8197°
[[  81.52692    -579.6616      -26.45347   ]
 [ -14.32905      87.48729      18.54653   ]
 [   0.14807934    0.02127604    0.        ]
 [   0.            0.            0.1496    ]]

iter 01 cost=79396.714578 -> 18143.754404 |dtheta|=5.114847e+00  lambda=3.333e-03

============================================================
Iteration 2
============================================================
Theta offsets (Unity frame):
  Source   : dSx=   0.000, dSy=   0.000, dSz=   0.000  (mm)
  Object   : dOx=  -8.492, dOy=   3.547, dOz=  -3.788  (mm)
  Object offset: offset_x=   0.233, offset_z=   0.152  (mm)
  Detector : dDx=   0.000, dDy=   0.000, dDz=   0.000  (mm)
  Obj Stage rotY :    8.176 deg
============================================================

Unity geometry (world coordinates):
  Source   : x=   0.000, y=  45.000, z=   0.000
  Object   : x=   1.508, y=  18.547, z= 585.212
  Detector : x=   0.000, y=   0.000, z= 674.000
  Obj rotY :   0.0000 deg
view   0 | SOD= 585.964 mm | SDD= 675.501 mm | M= 1.153 | incident=3.8197°
[[  81.52692    -579.6616      -26.45347   ]
 [ -14.32905      87.48729      18.54653   ]
 [   0.14807934    0.02127604    0.        ]
 [   0.            0.            0.1496    ]]
Residual vector length: 525, Jacobian shape: (525, 6)
view   0 | SOD= 584.189 mm | SDD= 675.501 mm | M= 1.156 | incident=3.8197°
[[  86.88188    -577.1138      -25.852243  ]
 [ -14.466382     89.2229       19.147757  ]
 [   0.14789905    0.02249511    0.        ]
 [   0.            0.            0.1496    ]]

iter 02 cost=18143.754404 -> 8650.340827 |dtheta|=2.139848e+00  lambda=1.111e-03

============================================================
Iteration 3
============================================================
Theta offsets (Unity frame):
  Source   : dSx=   0.000, dSy=   0.000, dSz=   0.000  (mm)
  Object   : dOx=  -9.286, dOy=   4.148, dOz=  -5.619  (mm)
  Object offset: offset_x=   0.172, offset_z=   0.235  (mm)
  Detector : dDx=   0.000, dDy=   0.000, dDz=   0.000  (mm)
  Obj Stage rotY :    8.648 deg
============================================================

Unity geometry (world coordinates):
  Source   : x=   0.000, y=  45.000, z=   0.000
  Object   : x=   0.714, y=  19.148, z= 583.381
  Detector : x=   0.000, y=   0.000, z= 674.000
  Obj rotY :   0.0000 deg
view   0 | SOD= 584.189 mm | SDD= 675.501 mm | M= 1.156 | incident=3.8197°
[[  86.88188    -577.1138      -25.852243  ]
 [ -14.466382     89.2229       19.147757  ]
 [   0.14789905    0.02249511    0.        ]
 [   0.            0.            0.1496    ]]
Residual vector length: 525, Jacobian shape: (525, 6)
view   0 | SOD= 582.664 mm | SDD= 675.501 mm | M= 1.159 | incident=3.8197°
[[  95.63002    -574.1827      -25.826344  ]
 [ -15.643318     90.568565     19.173656  ]
 [   0.14754717    0.02469806    0.        ]
 [   0.            0.            0.1496    ]]

iter 03 cost=8650.340827 -> 5709.447258 |dtheta|=1.685133e+00  lambda=3.704e-04

============================================================
Iteration 4
============================================================
Theta offsets (Unity frame):
  Source   : dSx=   0.000, dSy=   0.000, dSz=   0.000  (mm)
  Object   : dOx=  -9.644, dOy=   4.174, dOz=  -7.020  (mm)
  Object offset: offset_x=   0.121, offset_z=   0.112  (mm)
  Detector : dDx=   0.000, dDy=   0.000, dDz=   0.000  (mm)
  Obj Stage rotY :    9.503 deg
============================================================

Unity geometry (world coordinates):
  Source   : x=   0.000, y=  45.000, z=   0.000
  Object   : x=   0.356, y=  19.174, z= 581.980
  Detector : x=   0.000, y=   0.000, z= 674.000
  Obj rotY :   0.0000 deg
view   0 | SOD= 582.664 mm | SDD= 675.501 mm | M= 1.159 | incident=3.8197°
[[  95.63002    -574.1827      -25.826344  ]
 [ -15.643318     90.568565     19.173656  ]
 [   0.14754717    0.02469806    0.        ]
 [   0.            0.            0.1496    ]]
Residual vector length: 525, Jacobian shape: (525, 6)
view   0 | SOD= 580.594 mm | SDD= 675.501 mm | M= 1.163 | incident=3.8197°
[[  95.79044    -572.072       -25.443825  ]
 [ -15.780636     92.62936      19.556175  ]
 [   0.14753608    0.02476414    0.        ]
 [   0.            0.            0.1496    ]]

iter 04 cost=5709.447258 -> 3549.750189 |dtheta|=2.134653e+00  lambda=1.235e-04

============================================================
Iteration 5
============================================================
Theta offsets (Unity frame):
  Source   : dSx=   0.000, dSy=   0.000, dSz=   0.000  (mm)
  Object   : dOx=  -9.847, dOy=   4.556, dOz=  -9.109  (mm)
  Object offset: offset_x=   0.076, offset_z=   0.146  (mm)
  Detector : dDx=   0.000, dDy=   0.000, dDz=   0.000  (mm)
  Obj Stage rotY :    9.528 deg
============================================================

Unity geometry (world coordinates):
  Source   : x=   0.000, y=  45.000, z=   0.000
  Object   : x=   0.153, y=  19.556, z= 579.891
  Detector : x=   0.000, y=   0.000, z= 674.000
  Obj rotY :   0.0000 deg
view   0 | SOD= 580.594 mm | SDD= 675.501 mm | M= 1.163 | incident=3.8197°
[[  95.79044    -572.072       -25.443825  ]
 [ -15.780636     92.62936      19.556175  ]
 [   0.14753608    0.02476414    0.        ]
 [   0.            0.            0.1496    ]]
Residual vector length: 525, Jacobian shape: (525, 6)
view   0 | SOD= 578.292 mm | SDD= 675.501 mm | M= 1.168 | incident=3.8197°
[[  97.77218    -569.40393     -25.335386  ]
 [ -16.27909      94.87635      19.664614  ]
 [   0.14744262    0.02531464    0.        ]
 [   0.            0.            0.1496    ]]

iter 05 cost=3549.750189 -> 2075.912593 |dtheta|=2.282742e+00  lambda=4.115e-05

============================================================
Iteration 6
============================================================
Theta offsets (Unity frame):
  Source   : dSx=   0.000, dSy=   0.000, dSz=   0.000  (mm)
  Object   : dOx=  -9.950, dOy=   4.665, dOz= -11.373  (mm)
  Object offset: offset_x=  -0.060, offset_z=   0.110  (mm)
  Detector : dDx=   0.000, dDy=   0.000, dDz=   0.000  (mm)
  Obj Stage rotY :    9.742 deg
============================================================

Unity geometry (world coordinates):
  Source   : x=   0.000, y=  45.000, z=   0.000
  Object   : x=   0.050, y=  19.665, z= 577.627
  Detector : x=   0.000, y=   0.000, z= 674.000
  Obj rotY :   0.0000 deg
view   0 | SOD= 578.292 mm | SDD= 675.501 mm | M= 1.168 | incident=3.8197°
[[  97.77218    -569.40393     -25.335386  ]
 [ -16.27909      94.87635      19.664614  ]
 [   0.14744262    0.02531464    0.        ]
 [   0.            0.            0.1496    ]]
Residual vector length: 525, Jacobian shape: (525, 6)
view   0 | SOD= 577.098 mm | SDD= 675.501 mm | M= 1.171 | incident=3.8197°
[[  97.61598    -568.21844     -25.310017  ]
 [ -16.375353     96.07211      19.689983  ]
 [   0.14744492    0.02530134    0.        ]
 [   0.            0.            0.1496    ]]

iter 06 cost=2075.912593 -> 1519.370166 |dtheta|=1.145065e+00  lambda=1.372e-05

============================================================
Iteration 7
============================================================
Theta offsets (Unity frame):
  Source   : dSx=   0.000, dSy=   0.000, dSz=   0.000  (mm)
  Object   : dOx=  -9.980, dOy=   4.690, dOz= -12.514  (mm)
  Object offset: offset_x=  -0.129, offset_z=   0.056  (mm)
  Detector : dDx=   0.000, dDy=   0.000, dDz=   0.000  (mm)
  Obj Stage rotY :    9.737 deg
============================================================

Unity geometry (world coordinates):
  Source   : x=   0.000, y=  45.000, z=   0.000
  Object   : x=   0.020, y=  19.690, z= 576.486
  Detector : x=   0.000, y=   0.000, z= 674.000
  Obj rotY :   0.0000 deg
view   0 | SOD= 577.098 mm | SDD= 675.501 mm | M= 1.171 | incident=3.8197°
[[  97.61598    -568.21844     -25.310017  ]
 [ -16.375353     96.07211      19.689983  ]
 [   0.14744492    0.02530134    0.        ]
 [   0.            0.            0.1496    ]]
Residual vector length: 525, Jacobian shape: (525, 6)
view   0 | SOD= 575.738 mm | SDD= 675.501 mm | M= 1.173 | incident=3.8197°
[[  96.82869    -566.9774      -25.206547  ]
 [ -16.570786     97.41445      19.793453  ]
 [   0.14746739    0.02516997    0.        ]
 [   0.            0.            0.1496    ]]

iter 07 cost=1519.370166 -> 962.416158 |dtheta|=1.367626e+00  lambda=4.572e-06

============================================================
Iteration 8
============================================================
Theta offsets (Unity frame):
  Source   : dSx=   0.000, dSy=   0.000, dSz=   0.000  (mm)
  Object   : dOx= -10.005, dOy=   4.793, dOz= -13.874  (mm)
  Object offset: offset_x=  -0.051, offset_z=   0.060  (mm)
  Detector : dDx=   0.000, dDy=   0.000, dDz=   0.000  (mm)
  Obj Stage rotY :    9.686 deg
============================================================

Unity geometry (world coordinates):
  Source   : x=   0.000, y=  45.000, z=   0.000
  Object   : x=  -0.005, y=  19.793, z= 575.126
  Detector : x=   0.000, y=   0.000, z= 674.000
  Obj rotY :   0.0000 deg
view   0 | SOD= 575.738 mm | SDD= 675.501 mm | M= 1.173 | incident=3.8197°
[[  96.82869    -566.9774      -25.206547  ]
 [ -16.570786     97.41445      19.793453  ]
 [   0.14746739    0.02516997    0.        ]
 [   0.            0.            0.1496    ]]
Residual vector length: 525, Jacobian shape: (525, 6)
view   0 | SOD= 575.353 mm | SDD= 675.501 mm | M= 1.174 | incident=3.8197°
[[  98.017876   -566.3835      -25.174894  ]
 [ -16.84152      97.757545     19.825106  ]
 [   0.14741172    0.02549401    0.        ]
 [   0.            0.            0.1496    ]]

iter 08 cost=962.416158 -> 812.626919 |dtheta|=3.869564e-01  lambda=1.524e-06

============================================================
Iteration 9
============================================================
Theta offsets (Unity frame):
  Source   : dSx=   0.000, dSy=   0.000, dSz=   0.000  (mm)
  Object   : dOx= -10.020, dOy=   4.825, dOz= -14.238  (mm)
  Object offset: offset_x=  -0.045, offset_z=   0.040  (mm)
  Detector : dDx=   0.000, dDy=   0.000, dDz=   0.000  (mm)
  Obj Stage rotY :    9.812 deg
============================================================

Unity geometry (world coordinates):
  Source   : x=   0.000, y=  45.000, z=   0.000
  Object   : x=  -0.020, y=  19.825, z= 574.762
  Detector : x=   0.000, y=   0.000, z= 674.000
  Obj rotY :   0.0000 deg
view   0 | SOD= 575.353 mm | SDD= 675.501 mm | M= 1.174 | incident=3.8197°
[[  98.017876   -566.3835      -25.174894  ]
 [ -16.84152      97.757545     19.825106  ]
 [   0.14741172    0.02549401    0.        ]
 [   0.            0.            0.1496    ]]
Residual vector length: 525, Jacobian shape: (525, 6)
view   0 | SOD= 575.116 mm | SDD= 675.501 mm | M= 1.175 | incident=3.8197°
[[  98.48415    -566.062       -25.166285  ]
 [ -17.040226     97.963646     19.833715  ]
 [   0.14738612    0.02564161    0.        ]
 [   0.            0.            0.1496    ]]

iter 09 cost=812.626919 -> 736.805955 |dtheta|=2.518715e-01  lambda=1.000e-06

============================================================
Iteration 10
============================================================
Theta offsets (Unity frame):
  Source   : dSx=   0.000, dSy=   0.000, dSz=   0.000  (mm)
  Object   : dOx= -10.017, dOy=   4.834, dOz= -14.476  (mm)
  Object offset: offset_x=   0.014, offset_z=   0.041  (mm)
  Detector : dDx=   0.000, dDy=   0.000, dDz=   0.000  (mm)
  Obj Stage rotY :    9.869 deg
============================================================

Unity geometry (world coordinates):
  Source   : x=   0.000, y=  45.000, z=   0.000
  Object   : x=  -0.017, y=  19.834, z= 574.524
  Detector : x=   0.000, y=   0.000, z= 674.000
  Obj rotY :   0.0000 deg
view   0 | SOD= 575.116 mm | SDD= 675.501 mm | M= 1.175 | incident=3.8197°
[[  98.48415    -566.062       -25.166285  ]
 [ -17.040226     97.963646     19.833715  ]
 [   0.14738612    0.02564161    0.        ]
 [   0.            0.            0.1496    ]]
Residual vector length: 525, Jacobian shape: (525, 6)
view   0 | SOD= 574.692 mm | SDD= 675.501 mm | M= 1.175 | incident=3.8197°
[[  97.9007     -565.7331      -25.154953  ]
 [ -17.103577     98.38284      19.845047  ]
 [   0.14740616    0.02552617    0.        ]
 [   0.            0.            0.1496    ]]

iter 10 cost=736.805955 -> 609.441202 |dtheta|=4.552264e-01  lambda=1.000e-06

============================================================
Iteration 11
============================================================
Theta offsets (Unity frame):
  Source   : dSx=   0.000, dSy=   0.000, dSz=   0.000  (mm)
  Object   : dOx= -10.000, dOy=   4.845, dOz= -14.924  (mm)
  Object offset: offset_x=   0.065, offset_z=   0.066  (mm)
  Detector : dDx=   0.000, dDy=   0.000, dDz=   0.000  (mm)
  Obj Stage rotY :    9.824 deg
============================================================

Unity geometry (world coordinates):
  Source   : x=   0.000, y=  45.000, z=   0.000
  Object   : x=   0.000, y=  19.845, z= 574.076
  Detector : x=   0.000, y=   0.000, z= 674.000
  Obj rotY :   0.0000 deg
view   0 | SOD= 574.692 mm | SDD= 675.501 mm | M= 1.175 | incident=3.8197°
[[  97.9007     -565.7331      -25.154953  ]
 [ -17.103577     98.38284      19.845047  ]
 [   0.14740616    0.02552617    0.        ]
 [   0.            0.            0.1496    ]]
Residual vector length: 525, Jacobian shape: (525, 6)
view   0 | SOD= 573.658 mm | SDD= 675.501 mm | M= 1.178 | incident=3.8197°
[[  98.715546   -564.54144     -25.131111  ]
 [ -17.412397     99.37899      19.868889  ]
 [   0.14736275    0.02577558    0.        ]
 [   0.            0.            0.1496    ]]

iter 11 cost=609.441202 -> 336.552609 |dtheta|=1.014092e+00  lambda=1.000e-06

============================================================
Iteration 12
============================================================
Theta offsets (Unity frame):
  Source   : dSx=   0.000, dSy=   0.000, dSz=   0.000  (mm)
  Object   : dOx=  -9.980, dOy=   4.869, dOz= -15.931  (mm)
  Object offset: offset_x=   0.009, offset_z=   0.039  (mm)
  Detector : dDx=   0.000, dDy=   0.000, dDz=   0.000  (mm)
  Obj Stage rotY :    9.921 deg
============================================================

Unity geometry (world coordinates):
  Source   : x=   0.000, y=  45.000, z=   0.000
  Object   : x=   0.020, y=  19.869, z= 573.068
  Detector : x=   0.000, y=   0.000, z= 674.000
  Obj rotY :   0.0000 deg
view   0 | SOD= 573.658 mm | SDD= 675.501 mm | M= 1.178 | incident=3.8197°
[[  98.715546   -564.54144     -25.131111  ]
 [ -17.412397     99.37899      19.868889  ]
 [   0.14736275    0.02577558    0.        ]
 [   0.            0.            0.1496    ]]
Residual vector length: 525, Jacobian shape: (525, 6)
view   0 | SOD= 573.138 mm | SDD= 675.501 mm | M= 1.179 | incident=3.8197°
[[  99.548355   -563.8674      -25.115892  ]
 [ -17.676167     99.86031      19.884108  ]
 [   0.14731997    0.02601897    0.        ]
 [   0.            0.            0.1496    ]]

iter 12 cost=336.552609 -> 238.254681 |dtheta|=5.004313e-01  lambda=1.000e-06

============================================================
Iteration 13
============================================================
Theta offsets (Unity frame):
  Source   : dSx=   0.000, dSy=   0.000, dSz=   0.000  (mm)
  Object   : dOx=  -9.980, dOy=   4.884, dOz= -16.422  (mm)
  Object offset: offset_x=   0.019, offset_z=   0.009  (mm)
  Detector : dDx=   0.000, dDy=   0.000, dDz=   0.000  (mm)
  Obj Stage rotY :   10.016 deg
============================================================

Unity geometry (world coordinates):
  Source   : x=   0.000, y=  45.000, z=   0.000
  Object   : x=   0.020, y=  19.884, z= 572.578
  Detector : x=   0.000, y=   0.000, z= 674.000
  Obj rotY :   0.0000 deg
view   0 | SOD= 573.138 mm | SDD= 675.501 mm | M= 1.179 | incident=3.8197°
[[  99.548355   -563.8674      -25.115892  ]
 [ -17.676167     99.86031      19.884108  ]
 [   0.14731997    0.02601897    0.        ]
 [   0.            0.            0.1496    ]]
Residual vector length: 525, Jacobian shape: (525, 6)
view   0 | SOD= 572.908 mm | SDD= 675.501 mm | M= 1.179 | incident=3.8197°
[[  99.63682    -563.6196      -25.085804  ]
 [ -17.720701    100.08456      19.914196  ]
 [   0.14731476    0.02604849    0.        ]
 [   0.            0.            0.1496    ]]

iter 13 cost=238.254681 -> 196.755361 |dtheta|=2.448069e-01  lambda=1.000e-06

============================================================
Iteration 14
============================================================
Theta offsets (Unity frame):
  Source   : dSx=   0.000, dSy=   0.000, dSz=   0.000  (mm)
  Object   : dOx=  -9.974, dOy=   4.914, dOz= -16.663  (mm)
  Object offset: offset_x=  -0.002, offset_z=   0.022  (mm)
  Detector : dDx=   0.000, dDy=   0.000, dDz=   0.000  (mm)
  Obj Stage rotY :   10.028 deg
============================================================

Unity geometry (world coordinates):
  Source   : x=   0.000, y=  45.000, z=   0.000
  Object   : x=   0.026, y=  19.914, z= 572.337
  Detector : x=   0.000, y=   0.000, z= 674.000
  Obj rotY :   0.0000 deg
view   0 | SOD= 572.908 mm | SDD= 675.501 mm | M= 1.179 | incident=3.8197°
[[  99.63682    -563.6196      -25.085804  ]
 [ -17.720701    100.08456      19.914196  ]
 [   0.14731476    0.02604849    0.        ]
 [   0.            0.            0.1496    ]]
Residual vector length: 525, Jacobian shape: (525, 6)
view   0 | SOD= 572.557 mm | SDD= 675.501 mm | M= 1.180 | incident=3.8197°
[[  99.90542    -563.2148      -25.083626  ]
 [ -17.828972    100.42265      19.916374  ]
 [   0.14729993    0.02613214    0.        ]
 [   0.            0.            0.1496    ]]

iter 14 cost=196.755361 -> 141.592539 |dtheta|=3.317248e-01  lambda=1.000e-06

============================================================
Iteration 15
============================================================
Theta offsets (Unity frame):
  Source   : dSx=   0.000, dSy=   0.000, dSz=   0.000  (mm)
  Object   : dOx=  -9.988, dOy=   4.916, dOz= -16.992  (mm)
  Object offset: offset_x=   0.001, offset_z=  -0.001  (mm)
  Detector : dDx=   0.000, dDy=   0.000, dDz=   0.000  (mm)
  Obj Stage rotY :   10.060 deg
============================================================

Unity geometry (world coordinates):
  Source   : x=   0.000, y=  45.000, z=   0.000
  Object   : x=   0.012, y=  19.916, z= 572.008
  Detector : x=   0.000, y=   0.000, z= 674.000
  Obj rotY :   0.0000 deg
view   0 | SOD= 572.557 mm | SDD= 675.501 mm | M= 1.180 | incident=3.8197°
[[  99.90542    -563.2148      -25.083626  ]
 [ -17.828972    100.42265      19.916374  ]
 [   0.14729993    0.02613214    0.        ]
 [   0.            0.            0.1496    ]]
Residual vector length: 525, Jacobian shape: (525, 6)
view   0 | SOD= 572.232 mm | SDD= 675.501 mm | M= 1.180 | incident=3.8197°
[[  99.74763    -562.91327     -25.067741  ]
 [ -17.853878    100.747696     19.932259  ]
 [   0.14730516    0.02610265    0.        ]
 [   0.            0.            0.1496    ]]

iter 15 cost=141.592539 -> 101.141043 |dtheta|=3.347278e-01  lambda=1.000e-06

============================================================
Iteration 16
============================================================
Theta offsets (Unity frame):
  Source   : dSx=   0.000, dSy=   0.000, dSz=   0.000  (mm)
  Object   : dOx=  -9.999, dOy=   4.932, dOz= -17.326  (mm)
  Object offset: offset_x=   0.000, offset_z=   0.008  (mm)
  Detector : dDx=   0.000, dDy=   0.000, dDz=   0.000  (mm)
  Obj Stage rotY :   10.049 deg
============================================================

Unity geometry (world coordinates):
  Source   : x=   0.000, y=  45.000, z=   0.000
  Object   : x=   0.001, y=  19.932, z= 571.674
  Detector : x=   0.000, y=   0.000, z= 674.000
  Obj rotY :   0.0000 deg
view   0 | SOD= 572.232 mm | SDD= 675.501 mm | M= 1.180 | incident=3.8197°
[[  99.74763    -562.91327     -25.067741  ]
 [ -17.853878    100.747696     19.932259  ]
 [   0.14730516    0.02610265    0.        ]
 [   0.            0.            0.1496    ]]
Residual vector length: 525, Jacobian shape: (525, 6)
view   0 | SOD= 571.888 mm | SDD= 675.501 mm | M= 1.181 | incident=3.8197°
[[  99.3196     -562.6398      -25.05048   ]
 [ -17.845732    101.09834      19.94952   ]
 [   0.14732228    0.02600584    0.        ]
 [   0.            0.            0.1496    ]]

iter 16 cost=101.141043 -> 63.130041 |dtheta|=3.496534e-01  lambda=1.000e-06

============================================================
Iteration 17
============================================================
Theta offsets (Unity frame):
  Source   : dSx=   0.000, dSy=   0.000, dSz=   0.000  (mm)
  Object   : dOx=  -9.997, dOy=   4.950, dOz= -17.673  (mm)
  Object offset: offset_x=  -0.004, offset_z=   0.012  (mm)
  Detector : dDx=   0.000, dDy=   0.000, dDz=   0.000  (mm)
  Obj Stage rotY :   10.011 deg
============================================================

Unity geometry (world coordinates):
  Source   : x=   0.000, y=  45.000, z=   0.000
  Object   : x=   0.003, y=  19.950, z= 571.327
  Detector : x=   0.000, y=   0.000, z= 674.000
  Obj rotY :   0.0000 deg
view   0 | SOD= 571.888 mm | SDD= 675.501 mm | M= 1.181 | incident=3.8197°
[[  99.3196     -562.6398      -25.05048   ]
 [ -17.845732    101.09834      19.94952   ]
 [   0.14732228    0.02600584    0.        ]
 [   0.            0.            0.1496    ]]
Residual vector length: 525, Jacobian shape: (525, 6)
view   0 | SOD= 571.728 mm | SDD= 675.501 mm | M= 1.182 | incident=3.8197°
[[  99.52043    -562.44257     -25.048782  ]
 [ -17.906832    101.24926      19.951218  ]
 [   0.14731202    0.02606397    0.        ]
 [   0.            0.            0.1496    ]]

iter 17 cost=63.130041 -> 49.418594 |dtheta|=1.615648e-01  lambda=1.000e-06

============================================================
Iteration 18
============================================================
Theta offsets (Unity frame):
  Source   : dSx=   0.000, dSy=   0.000, dSz=   0.000  (mm)
  Object   : dOx= -10.002, dOy=   4.951, dOz= -17.833  (mm)
  Object offset: offset_x=  -0.005, offset_z=   0.012  (mm)
  Detector : dDx=   0.000, dDy=   0.000, dDz=   0.000  (mm)
  Obj Stage rotY :   10.034 deg
============================================================

Unity geometry (world coordinates):
  Source   : x=   0.000, y=  45.000, z=   0.000
  Object   : x=  -0.002, y=  19.951, z= 571.167
  Detector : x=   0.000, y=   0.000, z= 674.000
  Obj rotY :   0.0000 deg
view   0 | SOD= 571.728 mm | SDD= 675.501 mm | M= 1.182 | incident=3.8197°
[[  99.52043    -562.44257     -25.048782  ]
 [ -17.906832    101.24926      19.951218  ]
 [   0.14731202    0.02606397    0.        ]
 [   0.            0.            0.1496    ]]
Residual vector length: 525, Jacobian shape: (525, 6)
view   0 | SOD= 571.541 mm | SDD= 675.501 mm | M= 1.182 | incident=3.8197°
[[  99.35047    -562.2824      -25.036602  ]
 [ -17.932753    101.4349       19.963398  ]
 [   0.14731766    0.026032      0.        ]
 [   0.            0.            0.1496    ]]

iter 18 cost=49.418594 -> 34.194057 |dtheta|=1.866420e-01  lambda=1.000e-06

============================================================
Iteration 19
============================================================
Theta offsets (Unity frame):
  Source   : dSx=   0.000, dSy=   0.000, dSz=   0.000  (mm)
  Object   : dOx= -10.006, dOy=   4.963, dOz= -18.018  (mm)
  Object offset: offset_x=   0.014, offset_z=   0.010  (mm)
  Detector : dDx=   0.000, dDy=   0.000, dDz=   0.000  (mm)
  Obj Stage rotY :   10.021 deg
============================================================

Unity geometry (world coordinates):
  Source   : x=   0.000, y=  45.000, z=   0.000
  Object   : x=  -0.006, y=  19.963, z= 570.982
  Detector : x=   0.000, y=   0.000, z= 674.000
  Obj rotY :   0.0000 deg
view   0 | SOD= 571.541 mm | SDD= 675.501 mm | M= 1.182 | incident=3.8197°
[[  99.35047    -562.2824      -25.036602  ]
 [ -17.932753    101.4349       19.963398  ]
 [   0.14731766    0.026032      0.        ]
 [   0.            0.            0.1496    ]]
Residual vector length: 525, Jacobian shape: (525, 6)
view   0 | SOD= 571.368 mm | SDD= 675.501 mm | M= 1.182 | incident=3.8197°
[[  99.1429     -562.1433      -25.035381  ]
 [ -17.936953    101.60987      19.964619  ]
 [   0.14732563    0.02598686    0.        ]
 [   0.            0.            0.1496    ]]

iter 19 cost=34.194057 -> 24.268395 |dtheta|=1.689180e-01  lambda=1.000e-06

============================================================
Iteration 20
============================================================
Theta offsets (Unity frame):
  Source   : dSx=   0.000, dSy=   0.000, dSz=   0.000  (mm)
  Object   : dOx= -10.005, dOy=   4.965, dOz= -18.185  (mm)
  Object offset: offset_x=   0.018, offset_z=   0.005  (mm)
  Detector : dDx=   0.000, dDy=   0.000, dDz=   0.000  (mm)
  Obj Stage rotY :   10.004 deg
============================================================

Unity geometry (world coordinates):
  Source   : x=   0.000, y=  45.000, z=   0.000
  Object   : x=  -0.005, y=  19.965, z= 570.815
  Detector : x=   0.000, y=   0.000, z= 674.000
  Obj rotY :   0.0000 deg
view   0 | SOD= 571.368 mm | SDD= 675.501 mm | M= 1.182 | incident=3.8197°
[[  99.1429     -562.1433      -25.035381  ]
 [ -17.936953    101.60987      19.964619  ]
 [   0.14732563    0.02598686    0.        ]
 [   0.            0.            0.1496    ]]
Residual vector length: 525, Jacobian shape: (525, 6)
view   0 | SOD= 571.326 mm | SDD= 675.501 mm | M= 1.182 | incident=3.8197°
[[  99.24688    -562.0824      -25.033129  ]
 [ -17.966682    101.6472       19.966871  ]
 [   0.14732039    0.02601654    0.        ]
 [   0.            0.            0.1496    ]]

iter 20 cost=24.268395 -> 22.018998 |dtheta|=4.779691e-02  lambda=1.000e-06

============================================================
Iteration 21
============================================================
Theta offsets (Unity frame):
  Source   : dSx=   0.000, dSy=   0.000, dSz=   0.000  (mm)
  Object   : dOx= -10.005, dOy=   4.967, dOz= -18.232  (mm)
  Object offset: offset_x=   0.021, offset_z=   0.009  (mm)
  Detector : dDx=   0.000, dDy=   0.000, dDz=   0.000  (mm)
  Obj Stage rotY :   10.015 deg
============================================================

Unity geometry (world coordinates):
  Source   : x=   0.000, y=  45.000, z=   0.000
  Object   : x=  -0.005, y=  19.967, z= 570.768
  Detector : x=   0.000, y=   0.000, z= 674.000
  Obj rotY :   0.0000 deg
view   0 | SOD= 571.326 mm | SDD= 675.501 mm | M= 1.182 | incident=3.8197°
[[  99.24688    -562.0824      -25.033129  ]
 [ -17.966682    101.6472       19.966871  ]
 [   0.14732039    0.02601654    0.        ]
 [   0.            0.            0.1496    ]]
Residual vector length: 525, Jacobian shape: (525, 6)
view   0 | SOD= 571.181 mm | SDD= 675.501 mm | M= 1.183 | incident=3.8197°
[[  98.98266    -561.98236     -25.026165  ]
 [ -17.953068    101.79625      19.973835  ]
 [   0.14733127    0.02595487    0.        ]
 [   0.            0.            0.1496    ]]

iter 21 cost=22.018998 -> 15.424775 |dtheta|=1.416092e-01  lambda=1.000e-06

============================================================
Iteration 22
============================================================
Theta offsets (Unity frame):
  Source   : dSx=   0.000, dSy=   0.000, dSz=   0.000  (mm)
  Object   : dOx= -10.004, dOy=   4.974, dOz= -18.371  (mm)
  Object offset: offset_x=   0.023, offset_z=   0.004  (mm)
  Detector : dDx=   0.000, dDy=   0.000, dDz=   0.000  (mm)
  Obj Stage rotY :    9.991 deg
============================================================

Unity geometry (world coordinates):
  Source   : x=   0.000, y=  45.000, z=   0.000
  Object   : x=  -0.004, y=  19.974, z= 570.629
  Detector : x=   0.000, y=   0.000, z= 674.000
  Obj rotY :   0.0000 deg
view   0 | SOD= 571.181 mm | SDD= 675.501 mm | M= 1.183 | incident=3.8197°
[[  98.98266    -561.98236     -25.026165  ]
 [ -17.953068    101.79625      19.973835  ]
 [   0.14733127    0.02595487    0.        ]
 [   0.            0.            0.1496    ]]
Residual vector length: 525, Jacobian shape: (525, 6)
view   0 | SOD= 571.048 mm | SDD= 675.501 mm | M= 1.183 | incident=3.8197°
[[  98.98988    -561.84595     -25.01807   ]
 [ -17.97014     101.928406     19.98193   ]
 [   0.14733033    0.02596027    0.        ]
 [   0.            0.            0.1496    ]]

iter 22 cost=15.424775 -> 11.167724 |dtheta|=1.322556e-01  lambda=1.000e-06

============================================================
Iteration 23
============================================================
Theta offsets (Unity frame):
  Source   : dSx=   0.000, dSy=   0.000, dSz=   0.000  (mm)
  Object   : dOx= -10.006, dOy=   4.982, dOz= -18.503  (mm)
  Object offset: offset_x=   0.016, offset_z=   0.002  (mm)
  Detector : dDx=   0.000, dDy=   0.000, dDz=   0.000  (mm)
  Obj Stage rotY :    9.993 deg
============================================================

Unity geometry (world coordinates):
  Source   : x=   0.000, y=  45.000, z=   0.000
  Object   : x=  -0.006, y=  19.982, z= 570.497
  Detector : x=   0.000, y=   0.000, z= 674.000
  Obj rotY :   0.0000 deg
view   0 | SOD= 571.048 mm | SDD= 675.501 mm | M= 1.183 | incident=3.8197°
[[  98.98988    -561.84595     -25.01807   ]
 [ -17.97014     101.928406     19.98193   ]
 [   0.14733033    0.02596027    0.        ]
 [   0.            0.            0.1496    ]]
Residual vector length: 525, Jacobian shape: (525, 6)
view   0 | SOD= 570.949 mm | SDD= 675.501 mm | M= 1.183 | incident=3.8197°
[[  98.92467    -561.75684     -25.015295  ]
 [ -17.965105    102.02988      19.984705  ]
 [   0.14733307    0.02594467    0.        ]
 [   0.            0.            0.1496    ]]

iter 23 cost=11.167724 -> 7.390152 |dtheta|=1.018163e-01  lambda=1.000e-06

============================================================
Iteration 24
============================================================
Theta offsets (Unity frame):
  Source   : dSx=   0.000, dSy=   0.000, dSz=   0.000  (mm)
  Object   : dOx= -10.006, dOy=   4.985, dOz= -18.604  (mm)
  Object offset: offset_x=   0.005, offset_z=   0.004  (mm)
  Detector : dDx=   0.000, dDy=   0.000, dDz=   0.000  (mm)
  Obj Stage rotY :    9.987 deg
============================================================

Unity geometry (world coordinates):
  Source   : x=   0.000, y=  45.000, z=   0.000
  Object   : x=  -0.006, y=  19.985, z= 570.396
  Detector : x=   0.000, y=   0.000, z= 674.000
  Obj rotY :   0.0000 deg
view   0 | SOD= 570.949 mm | SDD= 675.501 mm | M= 1.183 | incident=3.8197°
[[  98.92467    -561.75684     -25.015295  ]
 [ -17.965105    102.02988      19.984705  ]
 [   0.14733307    0.02594467    0.        ]
 [   0.            0.            0.1496    ]]
Residual vector length: 525, Jacobian shape: (525, 6)
view   0 | SOD= 570.899 mm | SDD= 675.501 mm | M= 1.183 | incident=3.8197°
[[  98.94857    -561.7024      -25.010017  ]
 [ -17.981386    102.07721      19.989983  ]
 [   0.1473315     0.02595359    0.        ]
 [   0.            0.            0.1496    ]]

iter 24 cost=7.390152 -> 6.332194 |dtheta|=5.582641e-02  lambda=1.000e-06

============================================================
Iteration 25
============================================================
Theta offsets (Unity frame):
  Source   : dSx=   0.000, dSy=   0.000, dSz=   0.000  (mm)
  Object   : dOx= -10.004, dOy=   4.990, dOz= -18.659  (mm)
  Object offset: offset_x=   0.004, offset_z=   0.010  (mm)
  Detector : dDx=   0.000, dDy=   0.000, dDz=   0.000  (mm)
  Obj Stage rotY :    9.991 deg
============================================================

Unity geometry (world coordinates):
  Source   : x=   0.000, y=  45.000, z=   0.000
  Object   : x=  -0.004, y=  19.990, z= 570.341
  Detector : x=   0.000, y=   0.000, z= 674.000
  Obj rotY :   0.0000 deg
view   0 | SOD= 570.899 mm | SDD= 675.501 mm | M= 1.183 | incident=3.8197°
[[  98.94857    -561.7024      -25.010017  ]
 [ -17.981386    102.07721      19.989983  ]
 [   0.1473315     0.02595359    0.        ]
 [   0.            0.            0.1496    ]]
Residual vector length: 525, Jacobian shape: (525, 6)
view   0 | SOD= 570.825 mm | SDD= 675.501 mm | M= 1.183 | incident=3.8197°
[[  98.93382    -561.63        -25.00713   ]
 [ -17.991968    102.15034      19.99287   ]
 [   0.14733167    0.02595267    0.        ]
 [   0.            0.            0.1496    ]]

iter 25 cost=6.332194 -> 4.702094 |dtheta|=7.173479e-02  lambda=1.000e-06

============================================================
Iteration 26
============================================================
Theta offsets (Unity frame):
  Source   : dSx=   0.000, dSy=   0.000, dSz=   0.000  (mm)
  Object   : dOx= -10.006, dOy=   4.993, dOz= -18.730  (mm)
  Object offset: offset_x=   0.004, offset_z=   0.008  (mm)
  Detector : dDx=   0.000, dDy=   0.000, dDz=   0.000  (mm)
  Obj Stage rotY :    9.990 deg
============================================================

Unity geometry (world coordinates):
  Source   : x=   0.000, y=  45.000, z=   0.000
  Object   : x=  -0.006, y=  19.993, z= 570.270
  Detector : x=   0.000, y=   0.000, z= 674.000
  Obj rotY :   0.0000 deg
view   0 | SOD= 570.825 mm | SDD= 675.501 mm | M= 1.183 | incident=3.8197°
[[  98.93382    -561.63        -25.00713   ]
 [ -17.991968    102.15034      19.99287   ]
 [   0.14733167    0.02595267    0.        ]
 [   0.            0.            0.1496    ]]
Residual vector length: 525, Jacobian shape: (525, 6)
view   0 | SOD= 570.769 mm | SDD= 675.501 mm | M= 1.183 | incident=3.8197°
[[  98.99919    -561.5612      -25.006987  ]
 [ -18.011072    102.20424      19.993013  ]
 [   0.14732836    0.02597142    0.        ]
 [   0.            0.            0.1496    ]]

iter 26 cost=4.702094 -> 3.799645 |dtheta|=5.749023e-02  lambda=1.000e-06

============================================================
Iteration 27
============================================================
Theta offsets (Unity frame):
  Source   : dSx=   0.000, dSy=   0.000, dSz=   0.000  (mm)
  Object   : dOx= -10.006, dOy=   4.993, dOz= -18.787  (mm)
  Object offset: offset_x=   0.000, offset_z=   0.008  (mm)
  Detector : dDx=   0.000, dDy=   0.000, dDz=   0.000  (mm)
  Obj Stage rotY :    9.998 deg
============================================================

Unity geometry (world coordinates):
  Source   : x=   0.000, y=  45.000, z=   0.000
  Object   : x=  -0.006, y=  19.993, z= 570.213
  Detector : x=   0.000, y=   0.000, z= 674.000
  Obj rotY :   0.0000 deg
view   0 | SOD= 570.769 mm | SDD= 675.501 mm | M= 1.183 | incident=3.8197°
[[  98.99919    -561.5612      -25.006987  ]
 [ -18.011072    102.20424      19.993013  ]
 [   0.14732836    0.02597142    0.        ]
 [   0.            0.            0.1496    ]]
Residual vector length: 525, Jacobian shape: (525, 6)
view   0 | SOD= 570.720 mm | SDD= 675.501 mm | M= 1.184 | incident=3.8197°
[[  99.01447    -561.5086      -25.004961  ]
 [ -18.02394     102.25192      19.995039  ]
 [   0.14732726    0.02597767    0.        ]
 [   0.            0.            0.1496    ]]

iter 27 cost=3.799645 -> 3.242968 |dtheta|=4.660472e-02  lambda=1.000e-06

============================================================
Iteration 28
============================================================
Theta offsets (Unity frame):
  Source   : dSx=   0.000, dSy=   0.000, dSz=   0.000  (mm)
  Object   : dOx= -10.006, dOy=   4.995, dOz= -18.834  (mm)
  Object offset: offset_x=  -0.000, offset_z=   0.005  (mm)
  Detector : dDx=   0.000, dDy=   0.000, dDz=   0.000  (mm)
  Obj Stage rotY :   10.000 deg
============================================================

Unity geometry (world coordinates):
  Source   : x=   0.000, y=  45.000, z=   0.000
  Object   : x=  -0.006, y=  19.995, z= 570.166
  Detector : x=   0.000, y=   0.000, z= 674.000
  Obj rotY :   0.0000 deg
view   0 | SOD= 570.720 mm | SDD= 675.501 mm | M= 1.184 | incident=3.8197°
[[  99.01447    -561.5086      -25.004961  ]
 [ -18.02394     102.25192      19.995039  ]
 [   0.14732726    0.02597767    0.        ]
 [   0.            0.            0.1496    ]]
Residual vector length: 525, Jacobian shape: (525, 6)
view   0 | SOD= 570.693 mm | SDD= 675.501 mm | M= 1.184 | incident=3.8197°
[[  99.02581    -561.4794      -25.003525  ]
 [ -18.03163     102.27777      19.996475  ]
 [   0.14732651    0.02598189    0.        ]
 [   0.            0.            0.1496    ]]

iter 28 cost=3.242968 -> 2.922413 |dtheta|=2.485086e-02  lambda=1.000e-06

============================================================
Iteration 29
============================================================
Theta offsets (Unity frame):
  Source   : dSx=   0.000, dSy=   0.000, dSz=   0.000  (mm)
  Object   : dOx= -10.005, dOy=   4.996, dOz= -18.858  (mm)
  Object offset: offset_x=  -0.001, offset_z=   0.003  (mm)
  Detector : dDx=   0.000, dDy=   0.000, dDz=   0.000  (mm)
  Obj Stage rotY :   10.002 deg
============================================================

Unity geometry (world coordinates):
  Source   : x=   0.000, y=  45.000, z=   0.000
  Object   : x=  -0.005, y=  19.996, z= 570.142
  Detector : x=   0.000, y=   0.000, z= 674.000
  Obj rotY :   0.0000 deg
view   0 | SOD= 570.693 mm | SDD= 675.501 mm | M= 1.184 | incident=3.8197°
[[  99.02581    -561.4794      -25.003525  ]
 [ -18.03163     102.27777      19.996475  ]
 [   0.14732651    0.02598189    0.        ]
 [   0.            0.            0.1496    ]]
Residual vector length: 525, Jacobian shape: (525, 6)
view   0 | SOD= 570.679 mm | SDD= 675.501 mm | M= 1.184 | incident=3.8197°
[[  98.97799    -561.4732      -25.004147  ]
 [ -18.023462    102.29384      19.995853  ]
 [   0.1473287     0.02596946    0.        ]
 [   0.            0.            0.1496    ]]

iter 29 cost=2.922413 -> 2.835207 |dtheta|=1.602728e-02  lambda=1.000e-06

============================================================
Iteration 30
============================================================
Theta offsets (Unity frame):
  Source   : dSx=   0.000, dSy=   0.000, dSz=   0.000  (mm)
  Object   : dOx= -10.004, dOy=   4.996, dOz= -18.873  (mm)
  Object offset: offset_x=  -0.003, offset_z=   0.004  (mm)
  Detector : dDx=   0.000, dDy=   0.000, dDz=   0.000  (mm)
  Obj Stage rotY :    9.997 deg
============================================================

Unity geometry (world coordinates):
  Source   : x=   0.000, y=  45.000, z=   0.000
  Object   : x=  -0.004, y=  19.996, z= 570.127
  Detector : x=   0.000, y=   0.000, z= 674.000
  Obj rotY :   0.0000 deg
view   0 | SOD= 570.679 mm | SDD= 675.501 mm | M= 1.184 | incident=3.8197°
[[  98.97799    -561.4732      -25.004147  ]
 [ -18.023462    102.29384      19.995853  ]
 [   0.1473287     0.02596946    0.        ]
 [   0.            0.            0.1496    ]]
Residual vector length: 525, Jacobian shape: (525, 6)
view   0 | SOD= 570.662 mm | SDD= 675.501 mm | M= 1.184 | incident=3.8197°
[[  98.990486  -561.4539     -25.002325 ]
 [ -18.031418   102.30948     19.997675 ]
 [   0.1473279    0.025974     0.       ]
 [   0.           0.           0.1496   ]]

iter 30 cost=2.835207 -> 2.698750 |dtheta|=1.765878e-02  lambda=1.000e-06

============================================================
Iteration 31
============================================================
Theta offsets (Unity frame):
  Source   : dSx=   0.000, dSy=   0.000, dSz=   0.000  (mm)
  Object   : dOx= -10.003, dOy=   4.998, dOz= -18.891  (mm)
  Object offset: offset_x=  -0.002, offset_z=   0.004  (mm)
  Detector : dDx=   0.000, dDy=   0.000, dDz=   0.000  (mm)
  Obj Stage rotY :    9.999 deg
============================================================

Unity geometry (world coordinates):
  Source   : x=   0.000, y=  45.000, z=   0.000
  Object   : x=  -0.003, y=  19.998, z= 570.109
  Detector : x=   0.000, y=   0.000, z= 674.000
  Obj rotY :   0.0000 deg
view   0 | SOD= 570.662 mm | SDD= 675.501 mm | M= 1.184 | incident=3.8197°
[[  98.990486  -561.4539     -25.002325 ]
 [ -18.031418   102.30948     19.997675 ]
 [   0.1473279    0.025974     0.       ]
 [   0.           0.           0.1496   ]]
Residual vector length: 525, Jacobian shape: (525, 6)
view   0 | SOD= 570.646 mm | SDD= 675.501 mm | M= 1.184 | incident=3.8197°
[[  98.975494   -561.4401      -25.00373   ]
 [ -18.031706    102.32591      19.99627   ]
 [   0.14732848    0.02597074    0.        ]
 [   0.            0.            0.1496    ]]

iter 31 cost=2.698750 -> 2.604287 |dtheta|=1.452173e-02  lambda=1.000e-06

============================================================
Iteration 32
============================================================
Theta offsets (Unity frame):
  Source   : dSx=   0.000, dSy=   0.000, dSz=   0.000  (mm)
  Object   : dOx= -10.004, dOy=   4.996, dOz= -18.905  (mm)
  Object offset: offset_x=  -0.002, offset_z=   0.002  (mm)
  Detector : dDx=   0.000, dDy=   0.000, dDz=   0.000  (mm)
  Obj Stage rotY :    9.997 deg
============================================================

Unity geometry (world coordinates):
  Source   : x=   0.000, y=  45.000, z=   0.000
  Object   : x=  -0.004, y=  19.996, z= 570.095
  Detector : x=   0.000, y=   0.000, z= 674.000
  Obj rotY :   0.0000 deg
view   0 | SOD= 570.646 mm | SDD= 675.501 mm | M= 1.184 | incident=3.8197°
[[  98.975494   -561.4401      -25.00373   ]
 [ -18.031706    102.32591      19.99627   ]
 [   0.14732848    0.02597074    0.        ]
 [   0.            0.            0.1496    ]]
Residual vector length: 525, Jacobian shape: (525, 6)
view   0 | SOD= 570.638 mm | SDD= 675.501 mm | M= 1.184 | incident=3.8197°
[[  99.0218     -561.42426     -25.001976  ]
 [ -18.043575    102.331505     19.998024  ]
 [   0.1473262     0.02598365    0.        ]
 [   0.            0.            0.1496    ]]

iter 32 cost=2.604287 -> 2.579705 |dtheta|=9.394505e-03  lambda=1.000e-06

============================================================
Iteration 33
============================================================
Theta offsets (Unity frame):
  Source   : dSx=   0.000, dSy=   0.000, dSz=   0.000  (mm)
  Object   : dOx= -10.003, dOy=   4.998, dOz= -18.913  (mm)
  Object offset: offset_x=  -0.002, offset_z=   0.003  (mm)
  Detector : dDx=   0.000, dDy=   0.000, dDz=   0.000  (mm)
  Obj Stage rotY :   10.002 deg
============================================================

Unity geometry (world coordinates):
  Source   : x=   0.000, y=  45.000, z=   0.000
  Object   : x=  -0.003, y=  19.998, z= 570.087
  Detector : x=   0.000, y=   0.000, z= 674.000
  Obj rotY :   0.0000 deg
view   0 | SOD= 570.638 mm | SDD= 675.501 mm | M= 1.184 | incident=3.8197°
[[  99.0218     -561.42426     -25.001976  ]
 [ -18.043575    102.331505     19.998024  ]
 [   0.1473262     0.02598365    0.        ]
 [   0.            0.            0.1496    ]]
Residual vector length: 525, Jacobian shape: (525, 6)
view   0 | SOD= 570.642 mm | SDD= 675.501 mm | M= 1.184 | incident=3.8197°
[[  99.04534    -561.4244      -25.002804  ]
 [ -18.047848    102.32648      19.997196  ]
 [   0.14732511    0.02598982    0.        ]
 [   0.            0.            0.1496    ]]

iter 33 cost=2.579705 -> 2.540425 |dtheta|=4.666983e-03  lambda=1.000e-06

============================================================
Iteration 34
============================================================
Theta offsets (Unity frame):
  Source   : dSx=   0.000, dSy=   0.000, dSz=   0.000  (mm)
  Object   : dOx= -10.003, dOy=   4.997, dOz= -18.909  (mm)
  Object offset: offset_x=  -0.001, offset_z=   0.003  (mm)
  Detector : dDx=   0.000, dDy=   0.000, dDz=   0.000  (mm)
  Obj Stage rotY :   10.005 deg
============================================================

Unity geometry (world coordinates):
  Source   : x=   0.000, y=  45.000, z=   0.000
  Object   : x=  -0.003, y=  19.997, z= 570.091
  Detector : x=   0.000, y=   0.000, z= 674.000
  Obj rotY :   0.0000 deg
view   0 | SOD= 570.642 mm | SDD= 675.501 mm | M= 1.184 | incident=3.8197°
[[  99.04534    -561.4244      -25.002804  ]
 [ -18.047848    102.32648      19.997196  ]
 [   0.14732511    0.02598982    0.        ]
 [   0.            0.            0.1496    ]]
Residual vector length: 525, Jacobian shape: (525, 6)
view   0 | SOD= 570.634 mm | SDD= 675.501 mm | M= 1.184 | incident=3.8197°
[[  99.06434    -561.41254     -25.003036  ]
 [ -18.052933    102.33407      19.996964  ]
 [   0.14732417    0.02599517    0.        ]
 [   0.            0.            0.1496    ]]

iter 34 cost=2.540425 -> 2.533002 |dtheta|=7.501409e-03  lambda=1.000e-06

============================================================
Iteration 35
============================================================
Theta offsets (Unity frame):
  Source   : dSx=   0.000, dSy=   0.000, dSz=   0.000  (mm)
  Object   : dOx= -10.003, dOy=   4.997, dOz= -18.916  (mm)
  Object offset: offset_x=  -0.001, offset_z=   0.002  (mm)
  Detector : dDx=   0.000, dDy=   0.000, dDz=   0.000  (mm)
  Obj Stage rotY :   10.007 deg
============================================================

Unity geometry (world coordinates):
  Source   : x=   0.000, y=  45.000, z=   0.000
  Object   : x=  -0.003, y=  19.997, z= 570.084
  Detector : x=   0.000, y=   0.000, z= 674.000
  Obj rotY :   0.0000 deg
view   0 | SOD= 570.634 mm | SDD= 675.501 mm | M= 1.184 | incident=3.8197°
[[  99.06434    -561.41254     -25.003036  ]
 [ -18.052933    102.33407      19.996964  ]
 [   0.14732417    0.02599517    0.        ]
 [   0.            0.            0.1496    ]]
Residual vector length: 525, Jacobian shape: (525, 6)
view   0 | SOD= 570.628 mm | SDD= 675.501 mm | M= 1.184 | incident=3.8197°
[[  99.04894    -561.4096      -25.00218   ]
 [ -18.051529    102.33996      19.99782   ]
 [   0.14732483    0.02599144    0.        ]
 [   0.            0.            0.1496    ]]

iter 35 cost=2.533002 -> 2.397451 |dtheta|=6.316310e-03  lambda=1.000e-06

============================================================
Iteration 36
============================================================
Theta offsets (Unity frame):
  Source   : dSx=   0.000, dSy=   0.000, dSz=   0.000  (mm)
  Object   : dOx= -10.002, dOy=   4.998, dOz= -18.922  (mm)
  Object offset: offset_x=  -0.002, offset_z=   0.002  (mm)
  Detector : dDx=   0.000, dDy=   0.000, dDz=   0.000  (mm)
  Obj Stage rotY :   10.005 deg
============================================================

Unity geometry (world coordinates):
  Source   : x=   0.000, y=  45.000, z=   0.000
  Object   : x=  -0.002, y=  19.998, z= 570.078
  Detector : x=   0.000, y=   0.000, z= 674.000
  Obj rotY :   0.0000 deg
view   0 | SOD= 570.628 mm | SDD= 675.501 mm | M= 1.184 | incident=3.8197°
[[  99.04894    -561.4096      -25.00218   ]
 [ -18.051529    102.33996      19.99782   ]
 [   0.14732483    0.02599144    0.        ]
 [   0.            0.            0.1496    ]]
Residual vector length: 525, Jacobian shape: (525, 6)
view   0 | SOD= 570.613 mm | SDD= 675.501 mm | M= 1.184 | incident=3.8197°
[[  99.04196    -561.39557     -25.001938  ]
 [ -18.055641    102.35448      19.998062  ]
 [   0.14732493    0.0259908     0.        ]
 [   0.            0.            0.1496    ]]

iter 36 cost=2.397451 -> 2.331749 |dtheta|=1.574602e-02  lambda=1.000e-06

============================================================
Iteration 37
============================================================
Theta offsets (Unity frame):
  Source   : dSx=   0.000, dSy=   0.000, dSz=   0.000  (mm)
  Object   : dOx= -10.003, dOy=   4.998, dOz= -18.937  (mm)
  Object offset: offset_x=   0.002, offset_z=   0.002  (mm)
  Detector : dDx=   0.000, dDy=   0.000, dDz=   0.000  (mm)
  Obj Stage rotY :   10.005 deg
============================================================

Unity geometry (world coordinates):
  Source   : x=   0.000, y=  45.000, z=   0.000
  Object   : x=  -0.003, y=  19.998, z= 570.063
  Detector : x=   0.000, y=   0.000, z= 674.000
  Obj rotY :   0.0000 deg
view   0 | SOD= 570.613 mm | SDD= 675.501 mm | M= 1.184 | incident=3.8197°
[[  99.04196    -561.39557     -25.001938  ]
 [ -18.055641    102.35448      19.998062  ]
 [   0.14732493    0.0259908     0.        ]
 [   0.            0.            0.1496    ]]
Residual vector length: 525, Jacobian shape: (525, 6)
view   0 | SOD= 570.600 mm | SDD= 675.501 mm | M= 1.184 | incident=3.8197°
[[  99.01535    -561.38727     -25.002296  ]
 [ -18.051855    102.368164     19.997704  ]
 [   0.14732613    0.02598406    0.        ]
 [   0.            0.            0.1496    ]]

iter 37 cost=2.331749 -> 2.133560 |dtheta|=1.478013e-02  lambda=1.000e-06

============================================================
Iteration 38
============================================================
Theta offsets (Unity frame):
  Source   : dSx=   0.000, dSy=   0.000, dSz=   0.000  (mm)
  Object   : dOx= -10.001, dOy=   4.998, dOz= -18.951  (mm)
  Object offset: offset_x=  -0.002, offset_z=   0.004  (mm)
  Detector : dDx=   0.000, dDy=   0.000, dDz=   0.000  (mm)
  Obj Stage rotY :   10.002 deg
============================================================

Unity geometry (world coordinates):
  Source   : x=   0.000, y=  45.000, z=   0.000
  Object   : x=  -0.001, y=  19.998, z= 570.049
  Detector : x=   0.000, y=   0.000, z= 674.000
  Obj rotY :   0.0000 deg
view   0 | SOD= 570.600 mm | SDD= 675.501 mm | M= 1.184 | incident=3.8197°
[[  99.01535    -561.38727     -25.002296  ]
 [ -18.051855    102.368164     19.997704  ]
 [   0.14732613    0.02598406    0.        ]
 [   0.            0.            0.1496    ]]
Residual vector length: 525, Jacobian shape: (525, 6)
view   0 | SOD= 570.584 mm | SDD= 675.501 mm | M= 1.184 | incident=3.8197°
[[  98.975746   -561.37775     -25.002165  ]
 [ -18.048649    102.385216     19.997835  ]
 [   0.14732781    0.02597455    0.        ]
 [   0.            0.            0.1496    ]]

iter 38 cost=2.133560 -> 2.122817 |dtheta|=1.470084e-02  lambda=1.000e-06

============================================================
Iteration 39
============================================================
Theta offsets (Unity frame):
  Source   : dSx=   0.000, dSy=   0.000, dSz=   0.000  (mm)
  Object   : dOx= -10.002, dOy=   4.998, dOz= -18.965  (mm)
  Object offset: offset_x=  -0.000, offset_z=   0.001  (mm)
  Detector : dDx=   0.000, dDy=   0.000, dDz=   0.000  (mm)
  Obj Stage rotY :    9.999 deg
============================================================

Unity geometry (world coordinates):
  Source   : x=   0.000, y=  45.000, z=   0.000
  Object   : x=  -0.002, y=  19.998, z= 570.035
  Detector : x=   0.000, y=   0.000, z= 674.000
  Obj rotY :   0.0000 deg
view   0 | SOD= 570.584 mm | SDD= 675.501 mm | M= 1.184 | incident=3.8197°
[[  98.975746   -561.37775     -25.002165  ]
 [ -18.048649    102.385216     19.997835  ]
 [   0.14732781    0.02597455    0.        ]
 [   0.            0.            0.1496    ]]
Residual vector length: 525, Jacobian shape: (525, 6)
view   0 | SOD= 570.578 mm | SDD= 675.501 mm | M= 1.184 | incident=3.8197°
[[  99.01826    -561.36365     -25.00206   ]
 [ -18.057549    102.390274     19.99794   ]
 [   0.1473258     0.02598596    0.        ]
 [   0.            0.            0.1496    ]]

iter 39 cost=2.122817 -> 1.966826 |dtheta|=8.463859e-03  lambda=1.000e-06

============================================================
Iteration 40
============================================================
Theta offsets (Unity frame):
  Source   : dSx=   0.000, dSy=   0.000, dSz=   0.000  (mm)
  Object   : dOx= -10.002, dOy=   4.998, dOz= -18.972  (mm)
  Object offset: offset_x=  -0.001, offset_z=   0.002  (mm)
  Detector : dDx=   0.000, dDy=   0.000, dDz=   0.000  (mm)
  Obj Stage rotY :   10.003 deg
============================================================

Unity geometry (world coordinates):
  Source   : x=   0.000, y=  45.000, z=   0.000
  Object   : x=  -0.002, y=  19.998, z= 570.028
  Detector : x=   0.000, y=   0.000, z= 674.000
  Obj rotY :   0.0000 deg
view   0 | SOD= 570.578 mm | SDD= 675.501 mm | M= 1.184 | incident=3.8197°
[[  99.01826    -561.36365     -25.00206   ]
 [ -18.057549    102.390274     19.99794   ]
 [   0.1473258     0.02598596    0.        ]
 [   0.            0.            0.1496    ]]
Residual vector length: 525, Jacobian shape: (525, 6)
view   0 | SOD= 570.572 mm | SDD= 675.501 mm | M= 1.184 | incident=3.8197°
[[  98.98788    -561.363       -25.001642  ]
 [ -18.052238    102.397224     19.998358  ]
 [   0.14732718    0.02597804    0.        ]
 [   0.            0.            0.1496    ]]

iter 40 cost=1.966826 -> 2.009955 |dtheta|=6.221194e-03  lambda=1.000e-06

============================================================
Iteration 41
============================================================
Theta offsets (Unity frame):
  Source   : dSx=   0.000, dSy=   0.000, dSz=   0.000  (mm)
  Object   : dOx= -10.002, dOy=   4.998, dOz= -18.972  (mm)
  Object offset: offset_x=  -0.001, offset_z=   0.002  (mm)
  Detector : dDx=   0.000, dDy=   0.000, dDz=   0.000  (mm)
  Obj Stage rotY :   10.003 deg
============================================================

Unity geometry (world coordinates):
  Source   : x=   0.000, y=  45.000, z=   0.000
  Object   : x=  -0.002, y=  19.998, z= 570.028
  Detector : x=   0.000, y=   0.000, z= 674.000
  Obj rotY :   0.0000 deg
view   0 | SOD= 570.578 mm | SDD= 675.501 mm | M= 1.184 | incident=3.8197°
[[  99.01826    -561.36365     -25.00206   ]
 [ -18.057549    102.390274     19.99794   ]
 [   0.1473258     0.02598596    0.        ]
 [   0.            0.            0.1496    ]]
Residual vector length: 525, Jacobian shape: (525, 6)
view   0 | SOD= 570.572 mm | SDD= 675.501 mm | M= 1.184 | incident=3.8197°
[[  98.98788    -561.363       -25.001642  ]
 [ -18.052238    102.397224     19.998358  ]
 [   0.14732718    0.02597804    0.        ]
 [   0.            0.            0.1496    ]]

iter 41 cost=1.966826 -> 2.009955 |dtheta|=6.221194e-03  lambda=5.000e-06

============================================================
Iteration 42
============================================================
Theta offsets (Unity frame):
  Source   : dSx=   0.000, dSy=   0.000, dSz=   0.000  (mm)
  Object   : dOx= -10.002, dOy=   4.998, dOz= -18.972  (mm)
  Object offset: offset_x=  -0.001, offset_z=   0.002  (mm)
  Detector : dDx=   0.000, dDy=   0.000, dDz=   0.000  (mm)
  Obj Stage rotY :   10.003 deg
============================================================

Unity geometry (world coordinates):
  Source   : x=   0.000, y=  45.000, z=   0.000
  Object   : x=  -0.002, y=  19.998, z= 570.028
  Detector : x=   0.000, y=   0.000, z= 674.000
  Obj rotY :   0.0000 deg
view   0 | SOD= 570.578 mm | SDD= 675.501 mm | M= 1.184 | incident=3.8197°
[[  99.01826    -561.36365     -25.00206   ]
 [ -18.057549    102.390274     19.99794   ]
 [   0.1473258     0.02598596    0.        ]
 [   0.            0.            0.1496    ]]
Residual vector length: 525, Jacobian shape: (525, 6)
view   0 | SOD= 570.572 mm | SDD= 675.501 mm | M= 1.184 | incident=3.8197°
[[  98.98788    -561.363       -25.001642  ]
 [ -18.052238    102.397224     19.998358  ]
 [   0.14732718    0.02597804    0.        ]
 [   0.            0.            0.1496    ]]

iter 42 cost=1.966826 -> 2.009955 |dtheta|=6.221194e-03  lambda=2.500e-05

============================================================
Iteration 43
============================================================
Theta offsets (Unity frame):
  Source   : dSx=   0.000, dSy=   0.000, dSz=   0.000  (mm)
  Object   : dOx= -10.002, dOy=   4.998, dOz= -18.972  (mm)
  Object offset: offset_x=  -0.001, offset_z=   0.002  (mm)
  Detector : dDx=   0.000, dDy=   0.000, dDz=   0.000  (mm)
  Obj Stage rotY :   10.003 deg
============================================================

Unity geometry (world coordinates):
  Source   : x=   0.000, y=  45.000, z=   0.000
  Object   : x=  -0.002, y=  19.998, z= 570.028
  Detector : x=   0.000, y=   0.000, z= 674.000
  Obj rotY :   0.0000 deg
view   0 | SOD= 570.578 mm | SDD= 675.501 mm | M= 1.184 | incident=3.8197°
[[  99.01826    -561.36365     -25.00206   ]
 [ -18.057549    102.390274     19.99794   ]
 [   0.1473258     0.02598596    0.        ]
 [   0.            0.            0.1496    ]]
Residual vector length: 525, Jacobian shape: (525, 6)
view   0 | SOD= 570.572 mm | SDD= 675.501 mm | M= 1.184 | incident=3.8197°
[[  98.98788    -561.363       -25.001642  ]
 [ -18.052238    102.397224     19.998358  ]
 [   0.14732718    0.02597804    0.        ]
 [   0.            0.            0.1496    ]]

iter 43 cost=1.966826 -> 2.009955 |dtheta|=6.221193e-03  lambda=1.250e-04

============================================================
Iteration 44
============================================================
Theta offsets (Unity frame):
  Source   : dSx=   0.000, dSy=   0.000, dSz=   0.000  (mm)
  Object   : dOx= -10.002, dOy=   4.998, dOz= -18.972  (mm)
  Object offset: offset_x=  -0.001, offset_z=   0.002  (mm)
  Detector : dDx=   0.000, dDy=   0.000, dDz=   0.000  (mm)
  Obj Stage rotY :   10.003 deg
============================================================

Unity geometry (world coordinates):
  Source   : x=   0.000, y=  45.000, z=   0.000
  Object   : x=  -0.002, y=  19.998, z= 570.028
  Detector : x=   0.000, y=   0.000, z= 674.000
  Obj rotY :   0.0000 deg
view   0 | SOD= 570.578 mm | SDD= 675.501 mm | M= 1.184 | incident=3.8197°
[[  99.01826    -561.36365     -25.00206   ]
 [ -18.057549    102.390274     19.99794   ]
 [   0.1473258     0.02598596    0.        ]
 [   0.            0.            0.1496    ]]
Residual vector length: 525, Jacobian shape: (525, 6)
view   0 | SOD= 570.572 mm | SDD= 675.501 mm | M= 1.184 | incident=3.8197°
[[  98.98788    -561.363       -25.001642  ]
 [ -18.052238    102.397224     19.998358  ]
 [   0.14732718    0.02597804    0.        ]
 [   0.            0.            0.1496    ]]

iter 44 cost=1.966826 -> 2.009955 |dtheta|=6.221189e-03  lambda=6.250e-04

============================================================
Iteration 45
============================================================
Theta offsets (Unity frame):
  Source   : dSx=   0.000, dSy=   0.000, dSz=   0.000  (mm)
  Object   : dOx= -10.002, dOy=   4.998, dOz= -18.972  (mm)
  Object offset: offset_x=  -0.001, offset_z=   0.002  (mm)
  Detector : dDx=   0.000, dDy=   0.000, dDz=   0.000  (mm)
  Obj Stage rotY :   10.003 deg
============================================================

Unity geometry (world coordinates):
  Source   : x=   0.000, y=  45.000, z=   0.000
  Object   : x=  -0.002, y=  19.998, z= 570.028
  Detector : x=   0.000, y=   0.000, z= 674.000
  Obj rotY :   0.0000 deg
view   0 | SOD= 570.578 mm | SDD= 675.501 mm | M= 1.184 | incident=3.8197°
[[  99.01826    -561.36365     -25.00206   ]
 [ -18.057549    102.390274     19.99794   ]
 [   0.1473258     0.02598596    0.        ]
 [   0.            0.            0.1496    ]]
Residual vector length: 525, Jacobian shape: (525, 6)
view   0 | SOD= 570.572 mm | SDD= 675.501 mm | M= 1.184 | incident=3.8197°
[[  98.98788    -561.363       -25.001642  ]
 [ -18.052238    102.397224     19.998358  ]
 [   0.14732718    0.02597804    0.        ]
 [   0.            0.            0.1496    ]]

iter 45 cost=1.966826 -> 2.009955 |dtheta|=6.221168e-03  lambda=3.125e-03

============================================================
Iteration 46
============================================================
Theta offsets (Unity frame):
  Source   : dSx=   0.000, dSy=   0.000, dSz=   0.000  (mm)
  Object   : dOx= -10.002, dOy=   4.998, dOz= -18.972  (mm)
  Object offset: offset_x=  -0.001, offset_z=   0.002  (mm)
  Detector : dDx=   0.000, dDy=   0.000, dDz=   0.000  (mm)
  Obj Stage rotY :   10.003 deg
============================================================

Unity geometry (world coordinates):
  Source   : x=   0.000, y=  45.000, z=   0.000
  Object   : x=  -0.002, y=  19.998, z= 570.028
  Detector : x=   0.000, y=   0.000, z= 674.000
  Obj rotY :   0.0000 deg
view   0 | SOD= 570.578 mm | SDD= 675.501 mm | M= 1.184 | incident=3.8197°
[[  99.01826    -561.36365     -25.00206   ]
 [ -18.057549    102.390274     19.99794   ]
 [   0.1473258     0.02598596    0.        ]
 [   0.            0.            0.1496    ]]
Residual vector length: 525, Jacobian shape: (525, 6)
view   0 | SOD= 570.572 mm | SDD= 675.501 mm | M= 1.184 | incident=3.8197°
[[  98.98788    -561.363       -25.001642  ]
 [ -18.052238    102.397224     19.998358  ]
 [   0.14732718    0.02597804    0.        ]
 [   0.            0.            0.1496    ]]

iter 46 cost=1.966826 -> 2.009955 |dtheta|=6.221063e-03  lambda=1.562e-02

============================================================
Iteration 47
============================================================
Theta offsets (Unity frame):
  Source   : dSx=   0.000, dSy=   0.000, dSz=   0.000  (mm)
  Object   : dOx= -10.002, dOy=   4.998, dOz= -18.972  (mm)
  Object offset: offset_x=  -0.001, offset_z=   0.002  (mm)
  Detector : dDx=   0.000, dDy=   0.000, dDz=   0.000  (mm)
  Obj Stage rotY :   10.003 deg
============================================================

Unity geometry (world coordinates):
  Source   : x=   0.000, y=  45.000, z=   0.000
  Object   : x=  -0.002, y=  19.998, z= 570.028
  Detector : x=   0.000, y=   0.000, z= 674.000
  Obj rotY :   0.0000 deg
view   0 | SOD= 570.578 mm | SDD= 675.501 mm | M= 1.184 | incident=3.8197°
[[  99.01826    -561.36365     -25.00206   ]
 [ -18.057549    102.390274     19.99794   ]
 [   0.1473258     0.02598596    0.        ]
 [   0.            0.            0.1496    ]]
Residual vector length: 525, Jacobian shape: (525, 6)
view   0 | SOD= 570.572 mm | SDD= 675.501 mm | M= 1.184 | incident=3.8197°
[[  98.98788    -561.363       -25.001642  ]
 [ -18.05224     102.397224     19.998358  ]
 [   0.14732718    0.02597804    0.        ]
 [   0.            0.            0.1496    ]]

iter 47 cost=1.966826 -> 2.009955 |dtheta|=6.220541e-03  lambda=7.812e-02

============================================================
Iteration 48
============================================================
Theta offsets (Unity frame):
  Source   : dSx=   0.000, dSy=   0.000, dSz=   0.000  (mm)
  Object   : dOx= -10.002, dOy=   4.998, dOz= -18.972  (mm)
  Object offset: offset_x=  -0.001, offset_z=   0.002  (mm)
  Detector : dDx=   0.000, dDy=   0.000, dDz=   0.000  (mm)
  Obj Stage rotY :   10.003 deg
============================================================

Unity geometry (world coordinates):
  Source   : x=   0.000, y=  45.000, z=   0.000
  Object   : x=  -0.002, y=  19.998, z= 570.028
  Detector : x=   0.000, y=   0.000, z= 674.000
  Obj rotY :   0.0000 deg
view   0 | SOD= 570.578 mm | SDD= 675.501 mm | M= 1.184 | incident=3.8197°
[[  99.01826    -561.36365     -25.00206   ]
 [ -18.057549    102.390274     19.99794   ]
 [   0.1473258     0.02598596    0.        ]
 [   0.            0.            0.1496    ]]
Residual vector length: 525, Jacobian shape: (525, 6)
view   0 | SOD= 570.572 mm | SDD= 675.501 mm | M= 1.184 | incident=3.8197°
[[  98.987885   -561.363       -25.001642  ]
 [ -18.052242    102.397224     19.998358  ]
 [   0.14732718    0.02597805    0.        ]
 [   0.            0.            0.1496    ]]

iter 48 cost=1.966826 -> 2.026624 |dtheta|=6.217931e-03  lambda=3.906e-01

============================================================
Iteration 49
============================================================
Theta offsets (Unity frame):
  Source   : dSx=   0.000, dSy=   0.000, dSz=   0.000  (mm)
  Object   : dOx= -10.002, dOy=   4.998, dOz= -18.972  (mm)
  Object offset: offset_x=  -0.001, offset_z=   0.002  (mm)
  Detector : dDx=   0.000, dDy=   0.000, dDz=   0.000  (mm)
  Obj Stage rotY :   10.003 deg
============================================================

Unity geometry (world coordinates):
  Source   : x=   0.000, y=  45.000, z=   0.000
  Object   : x=  -0.002, y=  19.998, z= 570.028
  Detector : x=   0.000, y=   0.000, z= 674.000
  Obj rotY :   0.0000 deg
view   0 | SOD= 570.578 mm | SDD= 675.501 mm | M= 1.184 | incident=3.8197°
[[  99.01826    -561.36365     -25.00206   ]
 [ -18.057549    102.390274     19.99794   ]
 [   0.1473258     0.02598596    0.        ]
 [   0.            0.            0.1496    ]]
Residual vector length: 525, Jacobian shape: (525, 6)
view   0 | SOD= 570.572 mm | SDD= 675.501 mm | M= 1.184 | incident=3.8197°
[[  98.987946   -561.36304     -25.001642  ]
 [ -18.05224     102.39716      19.998358  ]
 [   0.14732718    0.02597806    0.        ]
 [   0.            0.            0.1496    ]]

iter 49 cost=1.966826 -> 2.026624 |dtheta|=6.204917e-03  lambda=1.953e+00

============================================================
Iteration 50
============================================================
Theta offsets (Unity frame):
  Source   : dSx=   0.000, dSy=   0.000, dSz=   0.000  (mm)
  Object   : dOx= -10.002, dOy=   4.998, dOz= -18.972  (mm)
  Object offset: offset_x=  -0.001, offset_z=   0.002  (mm)
  Detector : dDx=   0.000, dDy=   0.000, dDz=   0.000  (mm)
  Obj Stage rotY :   10.003 deg
============================================================

Unity geometry (world coordinates):
  Source   : x=   0.000, y=  45.000, z=   0.000
  Object   : x=  -0.002, y=  19.998, z= 570.028
  Detector : x=   0.000, y=   0.000, z= 674.000
  Obj rotY :   0.0000 deg
view   0 | SOD= 570.578 mm | SDD= 675.501 mm | M= 1.184 | incident=3.8197°
[[  99.01826    -561.36365     -25.00206   ]
 [ -18.057549    102.390274     19.99794   ]
 [   0.1473258     0.02598596    0.        ]
 [   0.            0.            0.1496    ]]
Residual vector length: 525, Jacobian shape: (525, 6)
view   0 | SOD= 570.572 mm | SDD= 675.501 mm | M= 1.184 | incident=3.8197°
[[  98.98818    -561.363       -25.001646  ]
 [ -18.052282    102.397156     19.998354  ]
 [   0.14732717    0.02597812    0.        ]
 [   0.            0.            0.1496    ]]

iter 50 cost=1.966826 -> 2.026624 |dtheta|=6.140701e-03  lambda=9.766e+00

============================================================
Iteration 51
============================================================
Theta offsets (Unity frame):
  Source   : dSx=   0.000, dSy=   0.000, dSz=   0.000  (mm)
  Object   : dOx= -10.002, dOy=   4.998, dOz= -18.972  (mm)
  Object offset: offset_x=  -0.001, offset_z=   0.002  (mm)
  Detector : dDx=   0.000, dDy=   0.000, dDz=   0.000  (mm)
  Obj Stage rotY :   10.003 deg
============================================================

Unity geometry (world coordinates):
  Source   : x=   0.000, y=  45.000, z=   0.000
  Object   : x=  -0.002, y=  19.998, z= 570.028
  Detector : x=   0.000, y=   0.000, z= 674.000
  Obj rotY :   0.0000 deg
view   0 | SOD= 570.578 mm | SDD= 675.501 mm | M= 1.184 | incident=3.8197°
[[  99.01826    -561.36365     -25.00206   ]
 [ -18.057549    102.390274     19.99794   ]
 [   0.1473258     0.02598596    0.        ]
 [   0.            0.            0.1496    ]]
Residual vector length: 525, Jacobian shape: (525, 6)
view   0 | SOD= 570.572 mm | SDD= 675.501 mm | M= 1.184 | incident=3.8197°
[[  98.98937    -561.3631      -25.001661  ]
 [ -18.052435    102.39682      19.998339  ]
 [   0.14732713    0.02597842    0.        ]
 [   0.            0.            0.1496    ]]

iter 51 cost=1.966826 -> 2.027140 |dtheta|=5.839630e-03  lambda=4.883e+01

============================================================
Iteration 52
============================================================
Theta offsets (Unity frame):
  Source   : dSx=   0.000, dSy=   0.000, dSz=   0.000  (mm)
  Object   : dOx= -10.002, dOy=   4.998, dOz= -18.972  (mm)
  Object offset: offset_x=  -0.001, offset_z=   0.002  (mm)
  Detector : dDx=   0.000, dDy=   0.000, dDz=   0.000  (mm)
  Obj Stage rotY :   10.003 deg
============================================================

Unity geometry (world coordinates):
  Source   : x=   0.000, y=  45.000, z=   0.000
  Object   : x=  -0.002, y=  19.998, z= 570.028
  Detector : x=   0.000, y=   0.000, z= 674.000
  Obj rotY :   0.0000 deg
view   0 | SOD= 570.578 mm | SDD= 675.501 mm | M= 1.184 | incident=3.8197°
[[  99.01826    -561.36365     -25.00206   ]
 [ -18.057549    102.390274     19.99794   ]
 [   0.1473258     0.02598596    0.        ]
 [   0.            0.            0.1496    ]]
Residual vector length: 525, Jacobian shape: (525, 6)
view   0 | SOD= 570.573 mm | SDD= 675.501 mm | M= 1.184 | incident=3.8197°
[[  98.994064   -561.3634      -25.001719  ]
 [ -18.053068    102.39559      19.998281  ]
 [   0.14732692    0.0259796     0.        ]
 [   0.            0.            0.1496    ]]

iter 52 cost=1.966826 -> 2.053485 |dtheta|=4.705976e-03  lambda=2.441e+02

============================================================
Iteration 53
============================================================
Theta offsets (Unity frame):
  Source   : dSx=   0.000, dSy=   0.000, dSz=   0.000  (mm)
  Object   : dOx= -10.002, dOy=   4.998, dOz= -18.972  (mm)
  Object offset: offset_x=  -0.001, offset_z=   0.002  (mm)
  Detector : dDx=   0.000, dDy=   0.000, dDz=   0.000  (mm)
  Obj Stage rotY :   10.003 deg
============================================================

Unity geometry (world coordinates):
  Source   : x=   0.000, y=  45.000, z=   0.000
  Object   : x=  -0.002, y=  19.998, z= 570.028
  Detector : x=   0.000, y=   0.000, z= 674.000
  Obj rotY :   0.0000 deg
view   0 | SOD= 570.578 mm | SDD= 675.501 mm | M= 1.184 | incident=3.8197°
[[  99.01826    -561.36365     -25.00206   ]
 [ -18.057549    102.390274     19.99794   ]
 [   0.1473258     0.02598596    0.        ]
 [   0.            0.            0.1496    ]]
Residual vector length: 525, Jacobian shape: (525, 6)
view   0 | SOD= 570.575 mm | SDD= 675.501 mm | M= 1.184 | incident=3.8197°
[[  99.00475    -561.36365     -25.001827  ]
 [ -18.054655    102.39314      19.998173  ]
 [   0.14732644    0.02598232    0.        ]
 [   0.            0.            0.1496    ]]

iter 53 cost=1.966826 -> 2.121365 |dtheta|=2.474478e-03  lambda=1.221e+03

============================================================
Iteration 54
============================================================
Theta offsets (Unity frame):
  Source   : dSx=   0.000, dSy=   0.000, dSz=   0.000  (mm)
  Object   : dOx= -10.002, dOy=   4.998, dOz= -18.972  (mm)
  Object offset: offset_x=  -0.001, offset_z=   0.002  (mm)
  Detector : dDx=   0.000, dDy=   0.000, dDz=   0.000  (mm)
  Obj Stage rotY :   10.003 deg
============================================================

Unity geometry (world coordinates):
  Source   : x=   0.000, y=  45.000, z=   0.000
  Object   : x=  -0.002, y=  19.998, z= 570.028
  Detector : x=   0.000, y=   0.000, z= 674.000
  Obj rotY :   0.0000 deg
view   0 | SOD= 570.578 mm | SDD= 675.501 mm | M= 1.184 | incident=3.8197°
[[  99.01826    -561.36365     -25.00206   ]
 [ -18.057549    102.390274     19.99794   ]
 [   0.1473258     0.02598596    0.        ]
 [   0.            0.            0.1496    ]]
Residual vector length: 525, Jacobian shape: (525, 6)
view   0 | SOD= 570.577 mm | SDD= 675.501 mm | M= 1.184 | incident=3.8197°
[[  99.0141     -561.3636      -25.001926  ]
 [ -18.056345    102.3913       19.998074  ]
 [   0.14732601    0.02598478    0.        ]
 [   0.            0.            0.1496    ]]

iter 54 cost=1.966826 -> 2.079820 |dtheta|=8.561773e-04  lambda=6.104e+03

============================================================
Iteration 55
============================================================
Theta offsets (Unity frame):
  Source   : dSx=   0.000, dSy=   0.000, dSz=   0.000  (mm)
  Object   : dOx= -10.002, dOy=   4.998, dOz= -18.972  (mm)
  Object offset: offset_x=  -0.001, offset_z=   0.002  (mm)
  Detector : dDx=   0.000, dDy=   0.000, dDz=   0.000  (mm)
  Obj Stage rotY :   10.003 deg
============================================================

Unity geometry (world coordinates):
  Source   : x=   0.000, y=  45.000, z=   0.000
  Object   : x=  -0.002, y=  19.998, z= 570.028
  Detector : x=   0.000, y=   0.000, z= 674.000
  Obj rotY :   0.0000 deg
view   0 | SOD= 570.578 mm | SDD= 675.501 mm | M= 1.184 | incident=3.8197°
[[  99.01826    -561.36365     -25.00206   ]
 [ -18.057549    102.390274     19.99794   ]
 [   0.1473258     0.02598596    0.        ]
 [   0.            0.            0.1496    ]]
Residual vector length: 525, Jacobian shape: (525, 6)
view   0 | SOD= 570.577 mm | SDD= 675.501 mm | M= 1.184 | incident=3.8197°
[[  99.01737    -561.3636      -25.002007  ]
 [ -18.057192    102.390526     19.997993  ]
 [   0.14732584    0.02598569    0.        ]
 [   0.            0.            0.1496    ]]

iter 55 cost=1.966826 -> 2.071281 |dtheta|=2.411273e-04  lambda=3.052e+04

============================================================
Iteration 56
============================================================
Theta offsets (Unity frame):
  Source   : dSx=   0.000, dSy=   0.000, dSz=   0.000  (mm)
  Object   : dOx= -10.002, dOy=   4.998, dOz= -18.972  (mm)
  Object offset: offset_x=  -0.001, offset_z=   0.002  (mm)
  Detector : dDx=   0.000, dDy=   0.000, dDz=   0.000  (mm)
  Obj Stage rotY :   10.003 deg
============================================================

Unity geometry (world coordinates):
  Source   : x=   0.000, y=  45.000, z=   0.000
  Object   : x=  -0.002, y=  19.998, z= 570.028
  Detector : x=   0.000, y=   0.000, z= 674.000
  Obj rotY :   0.0000 deg
view   0 | SOD= 570.578 mm | SDD= 675.501 mm | M= 1.184 | incident=3.8197°
[[  99.01826    -561.36365     -25.00206   ]
 [ -18.057549    102.390274     19.99794   ]
 [   0.1473258     0.02598596    0.        ]
 [   0.            0.            0.1496    ]]
Residual vector length: 525, Jacobian shape: (525, 6)
view   0 | SOD= 570.578 mm | SDD= 675.501 mm | M= 1.184 | incident=3.8197°
[[  99.01809    -561.36365     -25.002047  ]
 [ -18.057459    102.39029      19.997953  ]
 [   0.1473258     0.02598591    0.        ]
 [   0.            0.            0.1496    ]]

iter 56 cost=1.966826 -> 1.970382 |dtheta|=5.494009e-05  lambda=1.526e+05

============================================================
Iteration 57
============================================================
Theta offsets (Unity frame):
  Source   : dSx=   0.000, dSy=   0.000, dSz=   0.000  (mm)
  Object   : dOx= -10.002, dOy=   4.998, dOz= -18.972  (mm)
  Object offset: offset_x=  -0.001, offset_z=   0.002  (mm)
  Detector : dDx=   0.000, dDy=   0.000, dDz=   0.000  (mm)
  Obj Stage rotY :   10.003 deg
============================================================

Unity geometry (world coordinates):
  Source   : x=   0.000, y=  45.000, z=   0.000
  Object   : x=  -0.002, y=  19.998, z= 570.028
  Detector : x=   0.000, y=   0.000, z= 674.000
  Obj rotY :   0.0000 deg
view   0 | SOD= 570.578 mm | SDD= 675.501 mm | M= 1.184 | incident=3.8197°
[[  99.01826    -561.36365     -25.00206   ]
 [ -18.057549    102.390274     19.99794   ]
 [   0.1473258     0.02598596    0.        ]
 [   0.            0.            0.1496    ]]
Residual vector length: 525, Jacobian shape: (525, 6)
view   0 | SOD= 570.578 mm | SDD= 675.501 mm | M= 1.184 | incident=3.8197°
[[  99.01822    -561.36365     -25.002058  ]
 [ -18.05753     102.39028      19.997942  ]
 [   0.1473258     0.02598595    0.        ]
 [   0.            0.            0.1496    ]]

iter 57 cost=1.966826 -> 1.966826 |dtheta|=1.134165e-05  lambda=7.629e+05

============================================================
Iteration 58
============================================================
Theta offsets (Unity frame):
  Source   : dSx=   0.000, dSy=   0.000, dSz=   0.000  (mm)
  Object   : dOx= -10.002, dOy=   4.998, dOz= -18.972  (mm)
  Object offset: offset_x=  -0.001, offset_z=   0.002  (mm)
  Detector : dDx=   0.000, dDy=   0.000, dDz=   0.000  (mm)
  Obj Stage rotY :   10.003 deg
============================================================

Unity geometry (world coordinates):
  Source   : x=   0.000, y=  45.000, z=   0.000
  Object   : x=  -0.002, y=  19.998, z= 570.028
  Detector : x=   0.000, y=   0.000, z= 674.000
  Obj rotY :   0.0000 deg
view   0 | SOD= 570.578 mm | SDD= 675.501 mm | M= 1.184 | incident=3.8197°
[[  99.01826    -561.36365     -25.00206   ]
 [ -18.057549    102.390274     19.99794   ]
 [   0.1473258     0.02598596    0.        ]
 [   0.            0.            0.1496    ]]
Residual vector length: 525, Jacobian shape: (525, 6)
view   0 | SOD= 570.578 mm | SDD= 675.501 mm | M= 1.184 | incident=3.8197°
[[  99.01823    -561.36365     -25.002058  ]
 [ -18.057533    102.39028      19.997942  ]
 [   0.1473258     0.02598596    0.        ]
 [   0.            0.            0.1496    ]]

iter 58 cost=1.966826 -> 1.966826 |dtheta|=8.669894e-06  lambda=1.000e+06

============================================================
Iteration 59
============================================================
Theta offsets (Unity frame):
  Source   : dSx=   0.000, dSy=   0.000, dSz=   0.000  (mm)
  Object   : dOx= -10.002, dOy=   4.998, dOz= -18.972  (mm)
  Object offset: offset_x=  -0.001, offset_z=   0.002  (mm)
  Detector : dDx=   0.000, dDy=   0.000, dDz=   0.000  (mm)
  Obj Stage rotY :   10.003 deg
============================================================

Unity geometry (world coordinates):
  Source   : x=   0.000, y=  45.000, z=   0.000
  Object   : x=  -0.002, y=  19.998, z= 570.028
  Detector : x=   0.000, y=   0.000, z= 674.000
  Obj rotY :   0.0000 deg
view   0 | SOD= 570.578 mm | SDD= 675.501 mm | M= 1.184 | incident=3.8197°
[[  99.01826    -561.36365     -25.00206   ]
 [ -18.057549    102.390274     19.99794   ]
 [   0.1473258     0.02598596    0.        ]
 [   0.            0.            0.1496    ]]
Residual vector length: 525, Jacobian shape: (525, 6)
view   0 | SOD= 570.578 mm | SDD= 675.501 mm | M= 1.184 | incident=3.8197°
[[  99.01823    -561.36365     -25.002058  ]
 [ -18.057533    102.39028      19.997942  ]
 [   0.1473258     0.02598596    0.        ]
 [   0.            0.            0.1496    ]]

iter 59 cost=1.966826 -> 1.966826 |dtheta|=8.669894e-06  lambda=1.000e+06

============================================================
Iteration 60
============================================================
Theta offsets (Unity frame):
  Source   : dSx=   0.000, dSy=   0.000, dSz=   0.000  (mm)
  Object   : dOx= -10.002, dOy=   4.998, dOz= -18.972  (mm)
  Object offset: offset_x=  -0.001, offset_z=   0.002  (mm)
  Detector : dDx=   0.000, dDy=   0.000, dDz=   0.000  (mm)
  Obj Stage rotY :   10.003 deg
============================================================

Unity geometry (world coordinates):
  Source   : x=   0.000, y=  45.000, z=   0.000
  Object   : x=  -0.002, y=  19.998, z= 570.028
  Detector : x=   0.000, y=   0.000, z= 674.000
  Obj rotY :   0.0000 deg
view   0 | SOD= 570.578 mm | SDD= 675.501 mm | M= 1.184 | incident=3.8197°
[[  99.01826    -561.36365     -25.00206   ]
 [ -18.057549    102.390274     19.99794   ]
 [   0.1473258     0.02598596    0.        ]
 [   0.            0.            0.1496    ]]
Residual vector length: 525, Jacobian shape: (525, 6)
view   0 | SOD= 570.578 mm | SDD= 675.501 mm | M= 1.184 | incident=3.8197°
[[  99.01823    -561.36365     -25.002058  ]
 [ -18.057533    102.39028      19.997942  ]
 [   0.1473258     0.02598596    0.        ]
 [   0.            0.            0.1496    ]]

iter 60 cost=1.966826 -> 1.966826 |dtheta|=8.669894e-06  lambda=1.000e+06

============================================================
Iteration 61
============================================================
Theta offsets (Unity frame):
  Source   : dSx=   0.000, dSy=   0.000, dSz=   0.000  (mm)
  Object   : dOx= -10.002, dOy=   4.998, dOz= -18.972  (mm)
  Object offset: offset_x=  -0.001, offset_z=   0.002  (mm)
  Detector : dDx=   0.000, dDy=   0.000, dDz=   0.000  (mm)
  Obj Stage rotY :   10.003 deg
============================================================

Unity geometry (world coordinates):
  Source   : x=   0.000, y=  45.000, z=   0.000
  Object   : x=  -0.002, y=  19.998, z= 570.028
  Detector : x=   0.000, y=   0.000, z= 674.000
  Obj rotY :   0.0000 deg
view   0 | SOD= 570.578 mm | SDD= 675.501 mm | M= 1.184 | incident=3.8197°
[[  99.01826    -561.36365     -25.00206   ]
 [ -18.057549    102.390274     19.99794   ]
 [   0.1473258     0.02598596    0.        ]
 [   0.            0.            0.1496    ]]
Residual vector length: 525, Jacobian shape: (525, 6)
view   0 | SOD= 570.578 mm | SDD= 675.501 mm | M= 1.184 | incident=3.8197°
[[  99.01823    -561.36365     -25.002058  ]
 [ -18.057533    102.39028      19.997942  ]
 [   0.1473258     0.02598596    0.        ]
 [   0.            0.            0.1496    ]]

iter 61 cost=1.966826 -> 1.966826 |dtheta|=8.669894e-06  lambda=1.000e+06

============================================================
Iteration 62
============================================================
Theta offsets (Unity frame):
  Source   : dSx=   0.000, dSy=   0.000, dSz=   0.000  (mm)
  Object   : dOx= -10.002, dOy=   4.998, dOz= -18.972  (mm)
  Object offset: offset_x=  -0.001, offset_z=   0.002  (mm)
  Detector : dDx=   0.000, dDy=   0.000, dDz=   0.000  (mm)
  Obj Stage rotY :   10.003 deg
============================================================

Unity geometry (world coordinates):
  Source   : x=   0.000, y=  45.000, z=   0.000
  Object   : x=  -0.002, y=  19.998, z= 570.028
  Detector : x=   0.000, y=   0.000, z= 674.000
  Obj rotY :   0.0000 deg
view   0 | SOD= 570.578 mm | SDD= 675.501 mm | M= 1.184 | incident=3.8197°
[[  99.01826    -561.36365     -25.00206   ]
 [ -18.057549    102.390274     19.99794   ]
 [   0.1473258     0.02598596    0.        ]
 [   0.            0.            0.1496    ]]
Residual vector length: 525, Jacobian shape: (525, 6)
view   0 | SOD= 570.578 mm | SDD= 675.501 mm | M= 1.184 | incident=3.8197°
[[  99.01823    -561.36365     -25.002058  ]
 [ -18.057533    102.39028      19.997942  ]
 [   0.1473258     0.02598596    0.        ]
 [   0.            0.            0.1496    ]]

iter 62 cost=1.966826 -> 1.966826 |dtheta|=8.669894e-06  lambda=1.000e+06

============================================================
Iteration 63
============================================================
Theta offsets (Unity frame):
  Source   : dSx=   0.000, dSy=   0.000, dSz=   0.000  (mm)
  Object   : dOx= -10.002, dOy=   4.998, dOz= -18.972  (mm)
  Object offset: offset_x=  -0.001, offset_z=   0.002  (mm)
  Detector : dDx=   0.000, dDy=   0.000, dDz=   0.000  (mm)
  Obj Stage rotY :   10.003 deg
============================================================

Unity geometry (world coordinates):
  Source   : x=   0.000, y=  45.000, z=   0.000
  Object   : x=  -0.002, y=  19.998, z= 570.028
  Detector : x=   0.000, y=   0.000, z= 674.000
  Obj rotY :   0.0000 deg
view   0 | SOD= 570.578 mm | SDD= 675.501 mm | M= 1.184 | incident=3.8197°
[[  99.01826    -561.36365     -25.00206   ]
 [ -18.057549    102.390274     19.99794   ]
 [   0.1473258     0.02598596    0.        ]
 [   0.            0.            0.1496    ]]
Residual vector length: 525, Jacobian shape: (525, 6)
view   0 | SOD= 570.578 mm | SDD= 675.501 mm | M= 1.184 | incident=3.8197°
[[  99.01823    -561.36365     -25.002058  ]
 [ -18.057533    102.39028      19.997942  ]
 [   0.1473258     0.02598596    0.        ]
 [   0.            0.            0.1496    ]]

iter 63 cost=1.966826 -> 1.966826 |dtheta|=8.669894e-06  lambda=1.000e+06

============================================================
Iteration 64
============================================================
Theta offsets (Unity frame):
  Source   : dSx=   0.000, dSy=   0.000, dSz=   0.000  (mm)
  Object   : dOx= -10.002, dOy=   4.998, dOz= -18.972  (mm)
  Object offset: offset_x=  -0.001, offset_z=   0.002  (mm)
  Detector : dDx=   0.000, dDy=   0.000, dDz=   0.000  (mm)
  Obj Stage rotY :   10.003 deg
============================================================

Unity geometry (world coordinates):
  Source   : x=   0.000, y=  45.000, z=   0.000
  Object   : x=  -0.002, y=  19.998, z= 570.028
  Detector : x=   0.000, y=   0.000, z= 674.000
  Obj rotY :   0.0000 deg
view   0 | SOD= 570.578 mm | SDD= 675.501 mm | M= 1.184 | incident=3.8197°
[[  99.01826    -561.36365     -25.00206   ]
 [ -18.057549    102.390274     19.99794   ]
 [   0.1473258     0.02598596    0.        ]
 [   0.            0.            0.1496    ]]
Residual vector length: 525, Jacobian shape: (525, 6)
view   0 | SOD= 570.578 mm | SDD= 675.501 mm | M= 1.184 | incident=3.8197°
[[  99.01823    -561.36365     -25.002058  ]
 [ -18.057533    102.39028      19.997942  ]
 [   0.1473258     0.02598596    0.        ]
 [   0.            0.            0.1496    ]]

iter 64 cost=1.966826 -> 1.966826 |dtheta|=8.669894e-06  lambda=1.000e+06
Stalled.

Estimated theta:
  dSx: +0.000000
  dSy: +0.000000
  dOx: -10.001872
  dOy: +4.997939
  dOz: -18.972281
  dDx: +0.000000
  dDy: +0.000000
  dDz: +0.000000
alpha: +1.000319e+01 deg)
offset_x: -0.000585
offset_z: +0.001915

Final cost table:
Fake theta: [  0.   0. -10.   5. -19.   0.   0.   0.  10.   0.   0.]
Final estimated theta: [  0.           0.         -10.00187236   4.99793948 -18.97228095
   0.           0.           0.          10.0031879   -0.00058475
   0.00191521]
Diff from Expected: [ 0.          0.         -0.00187236 -0.00206052  0.02771905  0.
  0.          0.          0.0031879  -0.00058475  0.00191521]
################################################################################

