Phantom already exists, skipping: cuboid_phantom_1_normal.npy

################################################################################
Running cuboid=normal scenario=G4 N_ANGLES=180, K=1
view   0 | SOD= 568.374 mm | SDD= 691.050 mm | M= 1.216 | incident=3.1588°
[[  24.733675   -567.4833      -20.        ]
 [   3.6013086   122.35616      15.        ]
 [   0.14939497    0.00782946    0.        ]
 [   0.            0.            0.1496    ]]
            image          x1         y1  area1
0    proj_000.png  470.166240  86.962916    782
1    proj_001.png  465.098340  86.901660    783
2    proj_002.png  460.000000  86.892994    785
3    proj_003.png  454.825478  86.889172    785
4    proj_004.png  449.606870  86.866412    786
5    proj_005.png  444.367347  86.863520    784
6    proj_006.png  438.998728  86.849873    786
7    proj_007.png  433.602792  86.793147    788
8    proj_008.png  428.351077  86.813688    789
9    proj_009.png  422.875635  86.899746    788
10   proj_010.png  417.500000  86.828715    794
11   proj_011.png  412.142132  86.870558    788
12   proj_012.png  406.822335  86.855330    788
13   proj_013.png  401.423858  86.802030    788
14   proj_014.png  396.053503  86.872611    785
15   proj_015.png  390.874840  86.905492    783
16   proj_016.png  385.517110  86.820025    789
17   proj_017.png  380.251918  86.919437    782
18   proj_018.png  375.081841  86.890026    782
19   proj_019.png  369.964149  86.874520    781
20   proj_020.png  364.845466  86.946360    783
21   proj_021.png  359.873563  86.951469    783
22   proj_022.png  355.016624  86.988491    782
23   proj_023.png  350.181586  87.000000    782
24   proj_024.png  345.425641  87.014103    780
25   proj_025.png  340.818999  87.055199    779
26   proj_026.png  336.181001  87.055199    779
27   proj_027.png  331.867949  87.146154    780
28   proj_028.png  327.500000  87.117949    780
29   proj_029.png  323.300385  87.141207    779
30   proj_030.png  319.240051  87.209243    779
31   proj_031.png  315.246787  87.249357    778
32   proj_032.png  311.481434  87.355954    781
33   proj_033.png  307.807494  87.403101    774
34   proj_034.png  304.217617  87.477979    772
35   proj_035.png  300.907912  87.504540    771
36   proj_036.png  297.654145  87.573834    772
37   proj_037.png  294.597403  87.697403    770
38   proj_038.png  291.641361  87.786649    764
39   proj_039.png  288.913725  87.763399    765
40   proj_040.png  286.288158  87.813158    760
41   proj_041.png  283.922572  87.868766    762
42   proj_042.png  281.627141  87.935441    759
43   proj_043.png  279.540397  87.964238    755
44   proj_044.png  277.647292  88.029062    757
45   proj_045.png  275.916667  88.083333    756
46   proj_046.png  274.414667  88.109333    750
47   proj_047.png  273.034713  88.165554    749
48   proj_048.png  271.860776  88.248996    747
49   proj_049.png  270.904570  88.314516    744
50   proj_050.png  270.021622  88.425676    740
51   proj_051.png  269.461749  88.495902    732
52   proj_052.png  268.976965  88.532520    738
53   proj_053.png  268.702446  88.578804    736
54   proj_054.png  268.537620  88.589603    731
55   proj_055.png  268.603283  88.670315    731
56   proj_056.png  268.918256  88.782016    734
57   proj_057.png  269.365385  88.785714    728
58   proj_058.png  269.982192  88.852055    730
59   proj_059.png  270.727524  88.979253    723
60   proj_060.png  271.745152  89.031856    722
61   proj_061.png  272.867220  89.135546    723
62   proj_062.png  274.286908  89.203343    718
63   proj_063.png  275.716084  89.262937    715
64   proj_064.png  277.435574  89.253501    714
65   proj_065.png  279.313202  89.358146    712
66   proj_066.png  281.289326  89.390449    712
67   proj_067.png  283.471751  89.430791    708
68   proj_068.png  285.737288  89.504237    708
69   proj_069.png  288.229137  89.557284    707
70   proj_070.png  290.857752  89.594595    703
71   proj_071.png  293.624467  89.725462    703
72   proj_072.png  296.510699  89.744650    701
73   proj_073.png  299.556999  89.867244    693
74   proj_074.png  302.741703  89.890332    693
75   proj_075.png  306.068814  89.838946    683
76   proj_076.png  309.553623  89.937681    690
77   proj_077.png  313.130307  89.973646    683
78   proj_078.png  316.748170  90.014641    683
79   proj_079.png  320.600291  90.037791    688
80   proj_080.png  324.540936  90.089181    684
81   proj_081.png  328.540936  90.089181    684
82   proj_082.png  332.626453  90.101744    688
83   proj_083.png  336.948680  90.137830    682
84   proj_084.png  341.228198  90.215116    688
85   proj_085.png  345.645441  90.256151    691
86   proj_086.png  350.037572  90.322254    692
87   proj_087.png  354.520744  90.324750    699
88   proj_088.png  359.116379  90.364943    696
89   proj_089.png  363.862267  90.365854    697
90   proj_090.png  368.556509  90.383405    699
91   proj_091.png  373.368946  90.398860    702
92   proj_092.png  378.128940  90.468481    698
93   proj_093.png  383.085014  90.429395    694
94   proj_094.png  388.043103  90.500000    696
95   proj_095.png  393.000000  90.464080    696
96   proj_096.png  398.000000  90.458092    692
97   proj_097.png  403.000000  90.500000    694
98   proj_098.png  408.011511  90.482014    695
99   proj_099.png  413.061693  90.489240    697
100  proj_100.png  418.083095  90.491404    698
101  proj_101.png  423.106169  90.493544    697
102  proj_102.png  428.159026  90.481375    698
103  proj_103.png  433.190544  90.457020    698
104  proj_104.png  438.241774  90.489270    699
105  proj_105.png  443.224286  90.477143    700
106  proj_106.png  448.121951  90.489240    697
107  proj_107.png  453.030086  90.471347    698
108  proj_108.png  458.000000  90.422190    694
109  proj_109.png  462.875000  90.370690    696
110  proj_110.png  467.621429  90.361429    700
111  proj_111.png  472.412268  90.345221    701
112  proj_112.png  477.054363  90.399142    699
113  proj_113.png  481.697013  90.297297    703
114  proj_114.png  486.227143  90.274286    700
115  proj_115.png  490.657670  90.250000    704
116  proj_116.png  495.068670  90.240343    699
117  proj_117.png  499.417021  90.184397    705
118  proj_118.png  503.563920  90.133523    704
119  proj_119.png  507.672365  90.126781    702
120  proj_120.png  511.654286  90.095714    700
121  proj_121.png  515.563300  90.021337    703
122  proj_122.png  519.447293  89.960114    702
123  proj_123.png  523.152542  89.961864    708
124  proj_124.png  526.632394  89.832394    710
125  proj_125.png  530.140449  89.787921    712
126  proj_126.png  533.429775  89.752809    712
127  proj_127.png  536.549930  89.758087    711
128  proj_128.png  539.603933  89.731742    712
129  proj_129.png  542.500000  89.636111    720
130  proj_130.png  545.288112  89.584615    715
131  proj_131.png  547.833333  89.535014    714
132  proj_132.png  550.373611  89.472222    720
133  proj_133.png  552.608877  89.417476    721
134  proj_134.png  554.659722  89.438889    720
135  proj_135.png  556.622746  89.392510    721
136  proj_136.png  558.538889  89.348611    720
137  proj_137.png  560.220690  89.220690    725
138  proj_138.png  561.619835  89.173554    726
139  proj_139.png  562.954545  89.059229    726
140  proj_140.png  564.035568  89.000000    731
141  proj_141.png  565.020548  88.995890    730
142  proj_142.png  565.847411  88.905995    734
143  proj_143.png  566.439726  88.778082    730
144  proj_144.png  566.881793  88.656250    736
145  proj_145.png  567.061141  88.658967    736
146  proj_146.png  567.158537  88.619241    738
147  proj_147.png  567.054201  88.558266    738
148  proj_148.png  566.752022  88.467655    742
149  proj_149.png  566.307588  88.456640    738
150  proj_150.png  565.656716  88.424695    737
151  proj_151.png  564.792453  88.326146    742
152  proj_152.png  563.748649  88.214865    740
153  proj_153.png  562.534946  88.229839    744
154  proj_154.png  561.151882  88.098118    744
155  proj_155.png  559.634899  88.000000    745
156  proj_156.png  557.900937  87.969210    747
157  proj_157.png  555.941176  87.951872    748
158  proj_158.png  553.841333  87.861333    750
159  proj_159.png  551.530040  87.777036    749
160  proj_160.png  549.105333  87.800000    750
161  proj_161.png  546.500000  87.709677    744
162  proj_162.png  543.727637  87.624833    749
163  proj_163.png  540.815508  87.560160    748
164  proj_164.png  537.734584  87.537534    746
165  proj_165.png  534.312668  87.500000    742
166  proj_166.png  530.982667  87.442667    750
167  proj_167.png  527.442231  87.306773    753
168  proj_168.png  523.779392  87.306473    757
169  proj_169.png  519.905459  87.254328    751
170  proj_170.png  515.981530  87.212401    758
171  proj_171.png  511.824468  87.208777    752
172  proj_172.png  507.672368  87.135526    760
173  proj_173.png  503.274278  87.104987    762
174  proj_174.png  498.784314  87.037908    765
175  proj_175.png  494.205229  87.026144    765
176  proj_176.png  489.618370  87.019405    773
177  proj_177.png  484.897668  86.988342    772
178  proj_178.png  480.126923  86.956410    780
179  proj_179.png  475.166240  86.962916    782

============================================================
Iteration 0
============================================================
Theta offsets (Unity frame):
  Source   : dSx=   0.000, dSy=   0.000, dSz=   0.000  (mm)
  Object   : dOx=   0.000, dOy=   0.000, dOz=   0.000  (mm)
  Object offset: offset_x=   0.000, offset_z=   0.000  (mm)
  Detector : dDx=   0.000, dDy=   0.000, dDz=   0.000  (mm)
  Obj Stage rotY :    0.000 deg
============================================================

Unity geometry (world coordinates):
  Source   : x=  -5.000, y=  38.000, z=   0.000
  Object   : x=   7.000, y=  20.000, z= 576.000
  Detector : x=  10.000, y=   3.000, z= 690.000
  Obj rotY :   0.0000 deg
view   0 | SOD= 576.406 mm | SDD= 691.050 mm | M= 1.199 | incident=3.1588°
[[ -12.     -576.      -18.    ]
 [   3.      114.       17.    ]
 [   0.1496    0.        0.    ]
 [   0.        0.        0.1496]]
Residual vector length: 360, Jacobian shape: (360, 6)
view   0 | SOD= 576.743 mm | SDD= 691.050 mm | M= 1.198 | incident=3.1588°
[[ -10.034393   -576.32166     -19.617153  ]
 [  10.441473    113.53759      15.382847  ]
 [   0.14959529   -0.00118733    0.        ]
 [   0.            0.            0.1496    ]]

iter 00 cost=302595.455451 -> 8274.925458 |dtheta|=6.068516e+00  lambda=1.000e-02

============================================================
Iteration 1
============================================================
Theta offsets (Unity frame):
  Source   : dSx=   0.000, dSy=   0.000, dSz=   0.000  (mm)
  Object   : dOx=  -5.767, dOy=  -1.617, dOz=  -0.001  (mm)
  Object offset: offset_x=  -0.773, offset_z=   0.384  (mm)
  Detector : dDx=   0.000, dDy=   0.000, dDz=   0.000  (mm)
  Obj Stage rotY :   -0.455 deg
============================================================

Unity geometry (world coordinates):
  Source   : x=  -5.000, y=  38.000, z=   0.000
  Object   : x=   1.233, y=  18.383, z= 575.999
  Detector : x=  10.000, y=   3.000, z= 690.000
  Obj rotY :   0.0000 deg
view   0 | SOD= 576.743 mm | SDD= 691.050 mm | M= 1.198 | incident=3.1588°
[[ -10.034393   -576.32166     -19.617153  ]
 [  10.441473    113.53759      15.382847  ]
 [   0.14959529   -0.00118733    0.        ]
 [   0.            0.            0.1496    ]]
Residual vector length: 360, Jacobian shape: (360, 6)
view   0 | SOD= 576.962 mm | SDD= 691.050 mm | M= 1.198 | incident=3.1588°
[[  -9.121113   -576.54834     -19.843834  ]
 [  11.590265    113.30387      15.156166  ]
 [   0.14959487   -0.0012384     0.        ]
 [   0.            0.            0.1496    ]]

iter 01 cost=8274.925458 -> 205.905224 |dtheta|=1.024443e+00  lambda=3.333e-03

============================================================
Iteration 2
============================================================
Theta offsets (Unity frame):
  Source   : dSx=   0.000, dSy=   0.000, dSz=   0.000  (mm)
  Object   : dOx=  -6.721, dOy=  -1.844, dOz=  -0.030  (mm)
  Object offset: offset_x=  -0.931, offset_z=   0.634  (mm)
  Detector : dDx=   0.000, dDy=   0.000, dDz=   0.000  (mm)
  Obj Stage rotY :   -0.474 deg
============================================================

Unity geometry (world coordinates):
  Source   : x=  -5.000, y=  38.000, z=   0.000
  Object   : x=   0.279, y=  18.156, z= 575.970
  Detector : x=  10.000, y=   3.000, z= 690.000
  Obj rotY :   0.0000 deg
view   0 | SOD= 576.962 mm | SDD= 691.050 mm | M= 1.198 | incident=3.1588°
[[  -9.121113   -576.54834     -19.843834  ]
 [  11.590265    113.30387      15.156166  ]
 [   0.14959487   -0.0012384     0.        ]
 [   0.            0.            0.1496    ]]
Residual vector length: 360, Jacobian shape: (360, 6)
view   0 | SOD= 576.944 mm | SDD= 691.050 mm | M= 1.198 | incident=3.1588°
[[  -8.474326   -576.5379      -19.902124  ]
 [  11.634593    113.332115     15.097876  ]
 [   0.1495959    -0.00110776    0.        ]
 [   0.            0.            0.1496    ]]

iter 02 cost=205.905224 -> 10.564245 |dtheta|=1.723454e-01  lambda=1.111e-03

============================================================
Iteration 3
============================================================
Theta offsets (Unity frame):
  Source   : dSx=   0.000, dSy=   0.000, dSz=   0.000  (mm)
  Object   : dOx=  -6.873, dOy=  -1.902, dOz=  -0.056  (mm)
  Object offset: offset_x=  -0.923, offset_z=   0.641  (mm)
  Detector : dDx=   0.000, dDy=   0.000, dDz=   0.000  (mm)
  Obj Stage rotY :   -0.424 deg
============================================================

Unity geometry (world coordinates):
  Source   : x=  -5.000, y=  38.000, z=   0.000
  Object   : x=   0.127, y=  18.098, z= 575.944
  Detector : x=  10.000, y=   3.000, z= 690.000
  Obj rotY :   0.0000 deg
view   0 | SOD= 576.944 mm | SDD= 691.050 mm | M= 1.198 | incident=3.1588°
[[  -8.474326   -576.5379      -19.902124  ]
 [  11.634593    113.332115     15.097876  ]
 [   0.1495959    -0.00110776    0.        ]
 [   0.            0.            0.1496    ]]
Residual vector length: 360, Jacobian shape: (360, 6)
view   0 | SOD= 576.939 mm | SDD= 691.050 mm | M= 1.198 | incident=3.1588°
[[  -8.455165   -576.53406     -19.9021    ]
 [  11.661784    113.33569      15.0979    ]
 [   0.14959589   -0.0011095     0.        ]
 [   0.            0.            0.1496    ]]

iter 03 cost=10.564245 -> 6.940916 |dtheta|=2.845036e-02  lambda=3.704e-04

============================================================
Iteration 4
============================================================
Theta offsets (Unity frame):
  Source   : dSx=   0.000, dSy=   0.000, dSz=   0.000  (mm)
  Object   : dOx=  -6.892, dOy=  -1.902, dOz=  -0.072  (mm)
  Object offset: offset_x=  -0.929, offset_z=   0.652  (mm)
  Detector : dDx=   0.000, dDy=   0.000, dDz=   0.000  (mm)
  Obj Stage rotY :   -0.425 deg
============================================================

Unity geometry (world coordinates):
  Source   : x=  -5.000, y=  38.000, z=   0.000
  Object   : x=   0.108, y=  18.098, z= 575.928
  Detector : x=  10.000, y=   3.000, z= 690.000
  Obj rotY :   0.0000 deg
view   0 | SOD= 576.939 mm | SDD= 691.050 mm | M= 1.198 | incident=3.1588°
[[  -8.455165   -576.53406     -19.9021    ]
 [  11.661784    113.33569      15.0979    ]
 [   0.14959589   -0.0011095     0.        ]
 [   0.            0.            0.1496    ]]
Residual vector length: 360, Jacobian shape: (360, 6)
view   0 | SOD= 576.942 mm | SDD= 691.050 mm | M= 1.198 | incident=3.1588°
[[  -8.30814    -576.53876     -19.901348  ]
 [  11.633659    113.33608      15.098652  ]
 [   0.14959615   -0.00107152    0.        ]
 [   0.            0.            0.1496    ]]

iter 04 cost=6.940916 -> 6.702982 |dtheta|=1.603425e-02  lambda=1.235e-04

============================================================
Iteration 5
============================================================
Theta offsets (Unity frame):
  Source   : dSx=   0.000, dSy=   0.000, dSz=   0.000  (mm)
  Object   : dOx=  -6.896, dOy=  -1.901, dOz=  -0.067  (mm)
  Object offset: offset_x=  -0.926, offset_z=   0.651  (mm)
  Detector : dDx=   0.000, dDy=   0.000, dDz=   0.000  (mm)
  Obj Stage rotY :   -0.410 deg
============================================================

Unity geometry (world coordinates):
  Source   : x=  -5.000, y=  38.000, z=   0.000
  Object   : x=   0.104, y=  18.099, z= 575.933
  Detector : x=  10.000, y=   3.000, z= 690.000
  Obj rotY :   0.0000 deg
view   0 | SOD= 576.942 mm | SDD= 691.050 mm | M= 1.198 | incident=3.1588°
[[  -8.30814    -576.53876     -19.901348  ]
 [  11.633659    113.33608      15.098652  ]
 [   0.14959615   -0.00107152    0.        ]
 [   0.            0.            0.1496    ]]
Residual vector length: 360, Jacobian shape: (360, 6)
view   0 | SOD= 576.962 mm | SDD= 691.050 mm | M= 1.198 | incident=3.1588°
[[  -8.1289835  -576.5615      -19.900917  ]
 [  11.592074    113.319695     15.099083  ]
 [   0.1495965    -0.00102366    0.        ]
 [   0.            0.            0.1496    ]]

iter 05 cost=6.702982 -> 6.665722 |dtheta|=2.901453e-02  lambda=4.115e-05

============================================================
Iteration 6
============================================================
Theta offsets (Unity frame):
  Source   : dSx=   0.000, dSy=   0.000, dSz=   0.000  (mm)
  Object   : dOx=  -6.896, dOy=  -1.901, dOz=  -0.045  (mm)
  Object offset: offset_x=  -0.920, offset_z=   0.649  (mm)
  Detector : dDx=   0.000, dDy=   0.000, dDz=   0.000  (mm)
  Obj Stage rotY :   -0.392 deg
============================================================

Unity geometry (world coordinates):
  Source   : x=  -5.000, y=  38.000, z=   0.000
  Object   : x=   0.104, y=  18.099, z= 575.955
  Detector : x=  10.000, y=   3.000, z= 690.000
  Obj rotY :   0.0000 deg
view   0 | SOD= 576.962 mm | SDD= 691.050 mm | M= 1.198 | incident=3.1588°
[[  -8.1289835  -576.5615      -19.900917  ]
 [  11.592074    113.319695     15.099083  ]
 [   0.1495965    -0.00102366    0.        ]
 [   0.            0.            0.1496    ]]
Residual vector length: 360, Jacobian shape: (360, 6)
view   0 | SOD= 576.976 mm | SDD= 691.050 mm | M= 1.198 | incident=3.1588°
[[  -8.018194   -576.57666     -19.900805  ]
 [  11.565542    113.30848      15.0991955 ]
 [   0.14959669   -0.00099388    0.        ]
 [   0.            0.            0.1496    ]]

iter 06 cost=6.665722 -> 6.621144 |dtheta|=1.890627e-02  lambda=1.372e-05

============================================================
Iteration 7
============================================================
Theta offsets (Unity frame):
  Source   : dSx=   0.000, dSy=   0.000, dSz=   0.000  (mm)
  Object   : dOx=  -6.896, dOy=  -1.901, dOz=  -0.031  (mm)
  Object offset: offset_x=  -0.916, offset_z=   0.648  (mm)
  Detector : dDx=   0.000, dDy=   0.000, dDz=   0.000  (mm)
  Obj Stage rotY :   -0.381 deg
============================================================

Unity geometry (world coordinates):
  Source   : x=  -5.000, y=  38.000, z=   0.000
  Object   : x=   0.104, y=  18.099, z= 575.969
  Detector : x=  10.000, y=   3.000, z= 690.000
  Obj rotY :   0.0000 deg
view   0 | SOD= 576.976 mm | SDD= 691.050 mm | M= 1.198 | incident=3.1588°
[[  -8.018194   -576.57666     -19.900805  ]
 [  11.565542    113.30848      15.0991955 ]
 [   0.14959669   -0.00099388    0.        ]
 [   0.            0.            0.1496    ]]
Residual vector length: 360, Jacobian shape: (360, 6)
view   0 | SOD= 576.950 mm | SDD= 691.050 mm | M= 1.198 | incident=3.1588°
[[  -7.9542556  -576.55145     -19.90096   ]
 [  11.551968    113.335846     15.099039  ]
 [   0.14959681   -0.00097707    0.        ]
 [   0.            0.            0.1496    ]]

iter 07 cost=6.621144 -> 6.605916 |dtheta|=2.566486e-02  lambda=4.572e-06

============================================================
Iteration 8
============================================================
Theta offsets (Unity frame):
  Source   : dSx=   0.000, dSy=   0.000, dSz=   0.000  (mm)
  Object   : dOx=  -6.896, dOy=  -1.901, dOz=  -0.056  (mm)
  Object offset: offset_x=  -0.915, offset_z=   0.647  (mm)
  Detector : dDx=   0.000, dDy=   0.000, dDz=   0.000  (mm)
  Obj Stage rotY :   -0.374 deg
============================================================

Unity geometry (world coordinates):
  Source   : x=  -5.000, y=  38.000, z=   0.000
  Object   : x=   0.104, y=  18.099, z= 575.944
  Detector : x=  10.000, y=   3.000, z= 690.000
  Obj rotY :   0.0000 deg
view   0 | SOD= 576.950 mm | SDD= 691.050 mm | M= 1.198 | incident=3.1588°
[[  -7.9542556  -576.55145     -19.90096   ]
 [  11.551968    113.335846     15.099039  ]
 [   0.14959681   -0.00097707    0.        ]
 [   0.            0.            0.1496    ]]
Residual vector length: 360, Jacobian shape: (360, 6)
view   0 | SOD= 576.953 mm | SDD= 691.050 mm | M= 1.198 | incident=3.1588°
[[  -7.842296  -576.55646    -19.90086  ]
 [  11.525706   113.33476     15.09914  ]
 [   0.149597    -0.0009471    0.       ]
 [   0.           0.           0.1496   ]]

iter 08 cost=6.605916 -> 6.583892 |dtheta|=1.297411e-02  lambda=1.524e-06

============================================================
Iteration 9
============================================================
Theta offsets (Unity frame):
  Source   : dSx=   0.000, dSy=   0.000, dSz=   0.000  (mm)
  Object   : dOx=  -6.896, dOy=  -1.901, dOz=  -0.051  (mm)
  Object offset: offset_x=  -0.912, offset_z=   0.645  (mm)
  Detector : dDx=   0.000, dDy=   0.000, dDz=   0.000  (mm)
  Obj Stage rotY :   -0.363 deg
============================================================

Unity geometry (world coordinates):
  Source   : x=  -5.000, y=  38.000, z=   0.000
  Object   : x=   0.104, y=  18.099, z= 575.949
  Detector : x=  10.000, y=   3.000, z= 690.000
  Obj rotY :   0.0000 deg
view   0 | SOD= 576.953 mm | SDD= 691.050 mm | M= 1.198 | incident=3.1588°
[[  -7.842296  -576.55646    -19.90086  ]
 [  11.525706   113.33476     15.09914  ]
 [   0.149597    -0.0009471    0.       ]
 [   0.           0.           0.1496   ]]
Residual vector length: 360, Jacobian shape: (360, 6)
view   0 | SOD= 576.961 mm | SDD= 691.050 mm | M= 1.198 | incident=3.1588°
[[  -7.7045836  -576.566       -19.900654  ]
 [  11.493651    113.32999      15.099346  ]
 [   0.14959723   -0.00091029    0.        ]
 [   0.            0.            0.1496    ]]

iter 09 cost=6.583892 -> 6.545678 |dtheta|=1.757332e-02  lambda=1.000e-06

============================================================
Iteration 10
============================================================
Theta offsets (Unity frame):
  Source   : dSx=   0.000, dSy=   0.000, dSz=   0.000  (mm)
  Object   : dOx=  -6.897, dOy=  -1.901, dOz=  -0.041  (mm)
  Object offset: offset_x=  -0.907, offset_z=   0.644  (mm)
  Detector : dDx=   0.000, dDy=   0.000, dDz=   0.000  (mm)
  Obj Stage rotY :   -0.349 deg
============================================================

Unity geometry (world coordinates):
  Source   : x=  -5.000, y=  38.000, z=   0.000
  Object   : x=   0.103, y=  18.099, z= 575.958
  Detector : x=  10.000, y=   3.000, z= 690.000
  Obj rotY :   0.0000 deg
view   0 | SOD= 576.961 mm | SDD= 691.050 mm | M= 1.198 | incident=3.1588°
[[  -7.7045836  -576.566       -19.900654  ]
 [  11.493651    113.32999      15.099346  ]
 [   0.14959723   -0.00091029    0.        ]
 [   0.            0.            0.1496    ]]
Residual vector length: 360, Jacobian shape: (360, 6)
view   0 | SOD= 576.953 mm | SDD= 691.050 mm | M= 1.198 | incident=3.1588°
[[  -7.61383    -576.5594      -19.901064  ]
 [  11.473045    113.33967      15.098936  ]
 [   0.14959738   -0.00088614    0.        ]
 [   0.            0.            0.1496    ]]

iter 10 cost=6.545678 -> 6.513964 |dtheta|=1.153089e-02  lambda=1.000e-06

============================================================
Iteration 11
============================================================
Theta offsets (Unity frame):
  Source   : dSx=   0.000, dSy=   0.000, dSz=   0.000  (mm)
  Object   : dOx=  -6.897, dOy=  -1.901, dOz=  -0.048  (mm)
  Object offset: offset_x=  -0.905, offset_z=   0.642  (mm)
  Detector : dDx=   0.000, dDy=   0.000, dDz=   0.000  (mm)
  Obj Stage rotY :   -0.339 deg
============================================================

Unity geometry (world coordinates):
  Source   : x=  -5.000, y=  38.000, z=   0.000
  Object   : x=   0.103, y=  18.099, z= 575.952
  Detector : x=  10.000, y=   3.000, z= 690.000
  Obj rotY :   0.0000 deg
view   0 | SOD= 576.953 mm | SDD= 691.050 mm | M= 1.198 | incident=3.1588°
[[  -7.61383    -576.5594      -19.901064  ]
 [  11.473045    113.33967      15.098936  ]
 [   0.14959738   -0.00088614    0.        ]
 [   0.            0.            0.1496    ]]
Residual vector length: 360, Jacobian shape: (360, 6)
view   0 | SOD= 576.927 mm | SDD= 691.050 mm | M= 1.198 | incident=3.1588°
[[  -7.600669   -576.5332      -19.901423  ]
 [  11.471473    113.36628      15.0985775 ]
 [   0.14959739   -0.00088294    0.        ]
 [   0.            0.            0.1496    ]]

iter 11 cost=6.513964 -> 6.497674 |dtheta|=2.595386e-02  lambda=1.000e-06

============================================================
Iteration 12
============================================================
Theta offsets (Unity frame):
  Source   : dSx=   0.000, dSy=   0.000, dSz=   0.000  (mm)
  Object   : dOx=  -6.897, dOy=  -1.901, dOz=  -0.074  (mm)
  Object offset: offset_x=  -0.905, offset_z=   0.642  (mm)
  Detector : dDx=   0.000, dDy=   0.000, dDz=   0.000  (mm)
  Obj Stage rotY :   -0.338 deg
============================================================

Unity geometry (world coordinates):
  Source   : x=  -5.000, y=  38.000, z=   0.000
  Object   : x=   0.103, y=  18.099, z= 575.926
  Detector : x=  10.000, y=   3.000, z= 690.000
  Obj rotY :   0.0000 deg
view   0 | SOD= 576.927 mm | SDD= 691.050 mm | M= 1.198 | incident=3.1588°
[[  -7.600669   -576.5332      -19.901423  ]
 [  11.471473    113.36628      15.0985775 ]
 [   0.14959739   -0.00088294    0.        ]
 [   0.            0.            0.1496    ]]
Residual vector length: 360, Jacobian shape: (360, 6)
view   0 | SOD= 576.948 mm | SDD= 691.050 mm | M= 1.198 | incident=3.1588°
[[  -7.489591   -576.5556      -19.901133  ]
 [  11.443818    113.34767      15.098867  ]
 [   0.14959757   -0.00085286    0.        ]
 [   0.            0.            0.1496    ]]

iter 12 cost=6.497674 -> 6.494244 |dtheta|=2.560454e-02  lambda=1.000e-06

============================================================
Iteration 13
============================================================
Theta offsets (Unity frame):
  Source   : dSx=   0.000, dSy=   0.000, dSz=   0.000  (mm)
  Object   : dOx=  -6.897, dOy=  -1.901, dOz=  -0.051  (mm)
  Object offset: offset_x=  -0.901, offset_z=   0.640  (mm)
  Detector : dDx=   0.000, dDy=   0.000, dDz=   0.000  (mm)
  Obj Stage rotY :   -0.327 deg
============================================================

Unity geometry (world coordinates):
  Source   : x=  -5.000, y=  38.000, z=   0.000
  Object   : x=   0.103, y=  18.099, z= 575.949
  Detector : x=  10.000, y=   3.000, z= 690.000
  Obj rotY :   0.0000 deg
view   0 | SOD= 576.948 mm | SDD= 691.050 mm | M= 1.198 | incident=3.1588°
[[  -7.489591   -576.5556      -19.901133  ]
 [  11.443818    113.34767      15.098867  ]
 [   0.14959757   -0.00085286    0.        ]
 [   0.            0.            0.1496    ]]
Residual vector length: 360, Jacobian shape: (360, 6)
view   0 | SOD= 576.956 mm | SDD= 691.050 mm | M= 1.198 | incident=3.1588°
[[  -7.5060906  -576.56354     -19.901054  ]
 [  11.44885     113.33913      15.098946  ]
 [   0.14959754   -0.00085753    0.        ]
 [   0.            0.            0.1496    ]]

iter 13 cost=6.494244 -> 6.493287 |dtheta|=7.855875e-03  lambda=1.000e-06

============================================================
Iteration 14
============================================================
Theta offsets (Unity frame):
  Source   : dSx=   0.000, dSy=   0.000, dSz=   0.000  (mm)
  Object   : dOx=  -6.897, dOy=  -1.901, dOz=  -0.044  (mm)
  Object offset: offset_x=  -0.902, offset_z=   0.641  (mm)
  Detector : dDx=   0.000, dDy=   0.000, dDz=   0.000  (mm)
  Obj Stage rotY :   -0.328 deg
============================================================

Unity geometry (world coordinates):
  Source   : x=  -5.000, y=  38.000, z=   0.000
  Object   : x=   0.103, y=  18.099, z= 575.956
  Detector : x=  10.000, y=   3.000, z= 690.000
  Obj rotY :   0.0000 deg
view   0 | SOD= 576.956 mm | SDD= 691.050 mm | M= 1.198 | incident=3.1588°
[[  -7.5060906  -576.56354     -19.901054  ]
 [  11.44885     113.33913      15.098946  ]
 [   0.14959754   -0.00085753    0.        ]
 [   0.            0.            0.1496    ]]
Residual vector length: 360, Jacobian shape: (360, 6)
view   0 | SOD= 576.959 mm | SDD= 691.050 mm | M= 1.198 | incident=3.1588°
[[  -7.416042   -576.56793     -19.90125   ]
 [  11.426922    113.33783      15.098749  ]
 [   0.14959767   -0.00083325    0.        ]
 [   0.            0.            0.1496    ]]

iter 14 cost=6.493287 -> 6.466621 |dtheta|=1.075288e-02  lambda=1.000e-06

============================================================
Iteration 15
============================================================
Theta offsets (Unity frame):
  Source   : dSx=   0.000, dSy=   0.000, dSz=   0.000  (mm)
  Object   : dOx=  -6.897, dOy=  -1.901, dOz=  -0.039  (mm)
  Object offset: offset_x=  -0.899, offset_z=   0.640  (mm)
  Detector : dDx=   0.000, dDy=   0.000, dDz=   0.000  (mm)
  Obj Stage rotY :   -0.319 deg
============================================================

Unity geometry (world coordinates):
  Source   : x=  -5.000, y=  38.000, z=   0.000
  Object   : x=   0.103, y=  18.099, z= 575.961
  Detector : x=  10.000, y=   3.000, z= 690.000
  Obj rotY :   0.0000 deg
view   0 | SOD= 576.959 mm | SDD= 691.050 mm | M= 1.198 | incident=3.1588°
[[  -7.416042   -576.56793     -19.90125   ]
 [  11.426922    113.33783      15.098749  ]
 [   0.14959767   -0.00083325    0.        ]
 [   0.            0.            0.1496    ]]
Residual vector length: 360, Jacobian shape: (360, 6)
view   0 | SOD= 576.976 mm | SDD= 691.050 mm | M= 1.198 | incident=3.1588°
[[  -7.4026337 -576.585      -19.900963 ]
 [  11.424436   113.32119     15.099037 ]
 [   0.1495977   -0.0008298    0.       ]
 [   0.           0.           0.1496   ]]

iter 15 cost=6.466621 -> 6.439877 |dtheta|=1.632474e-02  lambda=1.000e-06

============================================================
Iteration 16
============================================================
Theta offsets (Unity frame):
  Source   : dSx=   0.000, dSy=   0.000, dSz=   0.000  (mm)
  Object   : dOx=  -6.897, dOy=  -1.901, dOz=  -0.023  (mm)
  Object offset: offset_x=  -0.898, offset_z=   0.640  (mm)
  Detector : dDx=   0.000, dDy=   0.000, dDz=   0.000  (mm)
  Obj Stage rotY :   -0.318 deg
============================================================

Unity geometry (world coordinates):
  Source   : x=  -5.000, y=  38.000, z=   0.000
  Object   : x=   0.103, y=  18.099, z= 575.977
  Detector : x=  10.000, y=   3.000, z= 690.000
  Obj rotY :   0.0000 deg
view   0 | SOD= 576.976 mm | SDD= 691.050 mm | M= 1.198 | incident=3.1588°
[[  -7.4026337 -576.585      -19.900963 ]
 [  11.424436   113.32119     15.099037 ]
 [   0.1495977   -0.0008298    0.       ]
 [   0.           0.           0.1496   ]]
Residual vector length: 360, Jacobian shape: (360, 6)
view   0 | SOD= 576.947 mm | SDD= 691.050 mm | M= 1.198 | incident=3.1588°
[[  -7.3044624  -576.5572      -19.90112   ]
 [  11.401139    113.352264     15.098881  ]
 [   0.14959784   -0.00080346    0.        ]
 [   0.            0.            0.1496    ]]

iter 16 cost=6.439877 -> 6.444146 |dtheta|=2.911689e-02  lambda=1.000e-06

============================================================
Iteration 17
============================================================
Theta offsets (Unity frame):
  Source   : dSx=   0.000, dSy=   0.000, dSz=   0.000  (mm)
  Object   : dOx=  -6.897, dOy=  -1.901, dOz=  -0.023  (mm)
  Object offset: offset_x=  -0.898, offset_z=   0.640  (mm)
  Detector : dDx=   0.000, dDy=   0.000, dDz=   0.000  (mm)
  Obj Stage rotY :   -0.318 deg
============================================================

Unity geometry (world coordinates):
  Source   : x=  -5.000, y=  38.000, z=   0.000
  Object   : x=   0.103, y=  18.099, z= 575.977
  Detector : x=  10.000, y=   3.000, z= 690.000
  Obj rotY :   0.0000 deg
view   0 | SOD= 576.976 mm | SDD= 691.050 mm | M= 1.198 | incident=3.1588°
[[  -7.4026337 -576.585      -19.900963 ]
 [  11.424436   113.32119     15.099037 ]
 [   0.1495977   -0.0008298    0.       ]
 [   0.           0.           0.1496   ]]
Residual vector length: 360, Jacobian shape: (360, 6)
view   0 | SOD= 576.947 mm | SDD= 691.050 mm | M= 1.198 | incident=3.1588°
[[  -7.3044624  -576.5572      -19.90112   ]
 [  11.401139    113.352264     15.098881  ]
 [   0.14959784   -0.00080346    0.        ]
 [   0.            0.            0.1496    ]]

iter 17 cost=6.439877 -> 6.444146 |dtheta|=2.911688e-02  lambda=5.000e-06

============================================================
Iteration 18
============================================================
Theta offsets (Unity frame):
  Source   : dSx=   0.000, dSy=   0.000, dSz=   0.000  (mm)
  Object   : dOx=  -6.897, dOy=  -1.901, dOz=  -0.023  (mm)
  Object offset: offset_x=  -0.898, offset_z=   0.640  (mm)
  Detector : dDx=   0.000, dDy=   0.000, dDz=   0.000  (mm)
  Obj Stage rotY :   -0.318 deg
============================================================

Unity geometry (world coordinates):
  Source   : x=  -5.000, y=  38.000, z=   0.000
  Object   : x=   0.103, y=  18.099, z= 575.977
  Detector : x=  10.000, y=   3.000, z= 690.000
  Obj rotY :   0.0000 deg
view   0 | SOD= 576.976 mm | SDD= 691.050 mm | M= 1.198 | incident=3.1588°
[[  -7.4026337 -576.585      -19.900963 ]
 [  11.424436   113.32119     15.099037 ]
 [   0.1495977   -0.0008298    0.       ]
 [   0.           0.           0.1496   ]]
Residual vector length: 360, Jacobian shape: (360, 6)
view   0 | SOD= 576.947 mm | SDD= 691.050 mm | M= 1.198 | incident=3.1588°
[[  -7.3044624  -576.5572      -19.90112   ]
 [  11.401139    113.352264     15.098881  ]
 [   0.14959784   -0.00080346    0.        ]
 [   0.            0.            0.1496    ]]

iter 18 cost=6.439877 -> 6.444146 |dtheta|=2.911687e-02  lambda=2.500e-05

============================================================
Iteration 19
============================================================
Theta offsets (Unity frame):
  Source   : dSx=   0.000, dSy=   0.000, dSz=   0.000  (mm)
  Object   : dOx=  -6.897, dOy=  -1.901, dOz=  -0.023  (mm)
  Object offset: offset_x=  -0.898, offset_z=   0.640  (mm)
  Detector : dDx=   0.000, dDy=   0.000, dDz=   0.000  (mm)
  Obj Stage rotY :   -0.318 deg
============================================================

Unity geometry (world coordinates):
  Source   : x=  -5.000, y=  38.000, z=   0.000
  Object   : x=   0.103, y=  18.099, z= 575.977
  Detector : x=  10.000, y=   3.000, z= 690.000
  Obj rotY :   0.0000 deg
view   0 | SOD= 576.976 mm | SDD= 691.050 mm | M= 1.198 | incident=3.1588°
[[  -7.4026337 -576.585      -19.900963 ]
 [  11.424436   113.32119     15.099037 ]
 [   0.1495977   -0.0008298    0.       ]
 [   0.           0.           0.1496   ]]
Residual vector length: 360, Jacobian shape: (360, 6)
view   0 | SOD= 576.947 mm | SDD= 691.050 mm | M= 1.198 | incident=3.1588°
[[  -7.3044624  -576.5572      -19.90112   ]
 [  11.401139    113.352264     15.098881  ]
 [   0.14959784   -0.00080346    0.        ]
 [   0.            0.            0.1496    ]]

iter 19 cost=6.439877 -> 6.444146 |dtheta|=2.911681e-02  lambda=1.250e-04

============================================================
Iteration 20
============================================================
Theta offsets (Unity frame):
  Source   : dSx=   0.000, dSy=   0.000, dSz=   0.000  (mm)
  Object   : dOx=  -6.897, dOy=  -1.901, dOz=  -0.023  (mm)
  Object offset: offset_x=  -0.898, offset_z=   0.640  (mm)
  Detector : dDx=   0.000, dDy=   0.000, dDz=   0.000  (mm)
  Obj Stage rotY :   -0.318 deg
============================================================

Unity geometry (world coordinates):
  Source   : x=  -5.000, y=  38.000, z=   0.000
  Object   : x=   0.103, y=  18.099, z= 575.977
  Detector : x=  10.000, y=   3.000, z= 690.000
  Obj rotY :   0.0000 deg
view   0 | SOD= 576.976 mm | SDD= 691.050 mm | M= 1.198 | incident=3.1588°
[[  -7.4026337 -576.585      -19.900963 ]
 [  11.424436   113.32119     15.099037 ]
 [   0.1495977   -0.0008298    0.       ]
 [   0.           0.           0.1496   ]]
Residual vector length: 360, Jacobian shape: (360, 6)
view   0 | SOD= 576.947 mm | SDD= 691.050 mm | M= 1.198 | incident=3.1588°
[[  -7.304463   -576.5572      -19.90112   ]
 [  11.401139    113.352264     15.098881  ]
 [   0.14959784   -0.00080346    0.        ]
 [   0.            0.            0.1496    ]]

iter 20 cost=6.439877 -> 6.444146 |dtheta|=2.911651e-02  lambda=6.250e-04

============================================================
Iteration 21
============================================================
Theta offsets (Unity frame):
  Source   : dSx=   0.000, dSy=   0.000, dSz=   0.000  (mm)
  Object   : dOx=  -6.897, dOy=  -1.901, dOz=  -0.023  (mm)
  Object offset: offset_x=  -0.898, offset_z=   0.640  (mm)
  Detector : dDx=   0.000, dDy=   0.000, dDz=   0.000  (mm)
  Obj Stage rotY :   -0.318 deg
============================================================

Unity geometry (world coordinates):
  Source   : x=  -5.000, y=  38.000, z=   0.000
  Object   : x=   0.103, y=  18.099, z= 575.977
  Detector : x=  10.000, y=   3.000, z= 690.000
  Obj rotY :   0.0000 deg
view   0 | SOD= 576.976 mm | SDD= 691.050 mm | M= 1.198 | incident=3.1588°
[[  -7.4026337 -576.585      -19.900963 ]
 [  11.424436   113.32119     15.099037 ]
 [   0.1495977   -0.0008298    0.       ]
 [   0.           0.           0.1496   ]]
Residual vector length: 360, Jacobian shape: (360, 6)
view   0 | SOD= 576.947 mm | SDD= 691.050 mm | M= 1.198 | incident=3.1588°
[[  -7.3044643  -576.5572      -19.90112   ]
 [  11.401139    113.352264     15.098881  ]
 [   0.14959784   -0.00080346    0.        ]
 [   0.            0.            0.1496    ]]

iter 21 cost=6.439877 -> 6.444146 |dtheta|=2.911499e-02  lambda=3.125e-03

============================================================
Iteration 22
============================================================
Theta offsets (Unity frame):
  Source   : dSx=   0.000, dSy=   0.000, dSz=   0.000  (mm)
  Object   : dOx=  -6.897, dOy=  -1.901, dOz=  -0.023  (mm)
  Object offset: offset_x=  -0.898, offset_z=   0.640  (mm)
  Detector : dDx=   0.000, dDy=   0.000, dDz=   0.000  (mm)
  Obj Stage rotY :   -0.318 deg
============================================================

Unity geometry (world coordinates):
  Source   : x=  -5.000, y=  38.000, z=   0.000
  Object   : x=   0.103, y=  18.099, z= 575.977
  Detector : x=  10.000, y=   3.000, z= 690.000
  Obj rotY :   0.0000 deg
view   0 | SOD= 576.976 mm | SDD= 691.050 mm | M= 1.198 | incident=3.1588°
[[  -7.4026337 -576.585      -19.900963 ]
 [  11.424436   113.32119     15.099037 ]
 [   0.1495977   -0.0008298    0.       ]
 [   0.           0.           0.1496   ]]
Residual vector length: 360, Jacobian shape: (360, 6)
view   0 | SOD= 576.947 mm | SDD= 691.050 mm | M= 1.198 | incident=3.1588°
[[  -7.304472   -576.5572      -19.90112   ]
 [  11.401141    113.352264     15.098881  ]
 [   0.14959784   -0.00080347    0.        ]
 [   0.            0.            0.1496    ]]

iter 22 cost=6.439877 -> 6.439192 |dtheta|=2.910743e-02  lambda=1.562e-02

============================================================
Iteration 23
============================================================
Theta offsets (Unity frame):
  Source   : dSx=   0.000, dSy=   0.000, dSz=   0.000  (mm)
  Object   : dOx=  -6.897, dOy=  -1.901, dOz=  -0.050  (mm)
  Object offset: offset_x=  -0.895, offset_z=   0.638  (mm)
  Detector : dDx=   0.000, dDy=   0.000, dDz=   0.000  (mm)
  Obj Stage rotY :   -0.308 deg
============================================================

Unity geometry (world coordinates):
  Source   : x=  -5.000, y=  38.000, z=   0.000
  Object   : x=   0.103, y=  18.099, z= 575.950
  Detector : x=  10.000, y=   3.000, z= 690.000
  Obj rotY :   0.0000 deg
view   0 | SOD= 576.947 mm | SDD= 691.050 mm | M= 1.198 | incident=3.1588°
[[  -7.304472   -576.5572      -19.90112   ]
 [  11.401141    113.352264     15.098881  ]
 [   0.14959784   -0.00080347    0.        ]
 [   0.            0.            0.1496    ]]
Residual vector length: 360, Jacobian shape: (360, 6)
view   0 | SOD= 576.948 mm | SDD= 691.050 mm | M= 1.198 | incident=3.1588°
[[  -7.193752   -576.55975     -19.901146  ]
 [  11.375664    113.35343      15.098854  ]
 [   0.149598     -0.00077393    0.        ]
 [   0.            0.            0.1496    ]]

iter 23 cost=6.439192 -> 6.425259 |dtheta|=1.213114e-02  lambda=5.208e-03

============================================================
Iteration 24
============================================================
Theta offsets (Unity frame):
  Source   : dSx=   0.000, dSy=   0.000, dSz=   0.000  (mm)
  Object   : dOx=  -6.897, dOy=  -1.901, dOz=  -0.048  (mm)
  Object offset: offset_x=  -0.892, offset_z=   0.637  (mm)
  Detector : dDx=   0.000, dDy=   0.000, dDz=   0.000  (mm)
  Obj Stage rotY :   -0.296 deg
============================================================

Unity geometry (world coordinates):
  Source   : x=  -5.000, y=  38.000, z=   0.000
  Object   : x=   0.103, y=  18.099, z= 575.952
  Detector : x=  10.000, y=   3.000, z= 690.000
  Obj rotY :   0.0000 deg
view   0 | SOD= 576.948 mm | SDD= 691.050 mm | M= 1.198 | incident=3.1588°
[[  -7.193752   -576.55975     -19.901146  ]
 [  11.375664    113.35343      15.098854  ]
 [   0.149598     -0.00077393    0.        ]
 [   0.            0.            0.1496    ]]
Residual vector length: 360, Jacobian shape: (360, 6)
view   0 | SOD= 576.939 mm | SDD= 691.050 mm | M= 1.198 | incident=3.1588°
[[  -7.151127   -576.55115     -19.901247  ]
 [  11.366542    113.36338      15.098753  ]
 [   0.14959806   -0.00076271    0.        ]
 [   0.            0.            0.1496    ]]

iter 24 cost=6.425259 -> 6.411871 |dtheta|=9.507279e-03  lambda=1.736e-03

============================================================
Iteration 25
============================================================
Theta offsets (Unity frame):
  Source   : dSx=   0.000, dSy=   0.000, dSz=   0.000  (mm)
  Object   : dOx=  -6.897, dOy=  -1.901, dOz=  -0.056  (mm)
  Object offset: offset_x=  -0.891, offset_z=   0.636  (mm)
  Detector : dDx=   0.000, dDy=   0.000, dDz=   0.000  (mm)
  Obj Stage rotY :   -0.292 deg
============================================================

Unity geometry (world coordinates):
  Source   : x=  -5.000, y=  38.000, z=   0.000
  Object   : x=   0.103, y=  18.099, z= 575.944
  Detector : x=  10.000, y=   3.000, z= 690.000
  Obj rotY :   0.0000 deg
view   0 | SOD= 576.939 mm | SDD= 691.050 mm | M= 1.198 | incident=3.1588°
[[  -7.151127   -576.55115     -19.901247  ]
 [  11.366542    113.36338      15.098753  ]
 [   0.14959806   -0.00076271    0.        ]
 [   0.            0.            0.1496    ]]
Residual vector length: 360, Jacobian shape: (360, 6)
view   0 | SOD= 576.939 mm | SDD= 691.050 mm | M= 1.198 | incident=3.1588°
[[  -7.049145   -576.55225     -19.901207  ]
 [  11.34272     113.365654     15.098793  ]
 [   0.1495982    -0.00073544    0.        ]
 [   0.            0.            0.1496    ]]

iter 25 cost=6.411871 -> 6.385726 |dtheta|=1.110488e-02  lambda=5.787e-04

============================================================
Iteration 26
============================================================
Theta offsets (Unity frame):
  Source   : dSx=   0.000, dSy=   0.000, dSz=   0.000  (mm)
  Object   : dOx=  -6.897, dOy=  -1.901, dOz=  -0.055  (mm)
  Object offset: offset_x=  -0.888, offset_z=   0.635  (mm)
  Detector : dDx=   0.000, dDy=   0.000, dDz=   0.000  (mm)
  Obj Stage rotY :   -0.282 deg
============================================================

Unity geometry (world coordinates):
  Source   : x=  -5.000, y=  38.000, z=   0.000
  Object   : x=   0.103, y=  18.099, z= 575.945
  Detector : x=  10.000, y=   3.000, z= 690.000
  Obj rotY :   0.0000 deg
view   0 | SOD= 576.939 mm | SDD= 691.050 mm | M= 1.198 | incident=3.1588°
[[  -7.049145   -576.55225     -19.901207  ]
 [  11.34272     113.365654     15.098793  ]
 [   0.1495982    -0.00073544    0.        ]
 [   0.            0.            0.1496    ]]
Residual vector length: 360, Jacobian shape: (360, 6)
view   0 | SOD= 576.959 mm | SDD= 691.050 mm | M= 1.198 | incident=3.1588°
[[  -6.8979707  -576.5748      -19.901003  ]
 [  11.306313    113.34807      15.098997  ]
 [   0.14959839   -0.00069476    0.        ]
 [   0.            0.            0.1496    ]]

iter 26 cost=6.385726 -> 6.324349 |dtheta|=2.762745e-02  lambda=1.929e-04

============================================================
Iteration 27
============================================================
Theta offsets (Unity frame):
  Source   : dSx=   0.000, dSy=   0.000, dSz=   0.000  (mm)
  Object   : dOx=  -6.897, dOy=  -1.901, dOz=  -0.033  (mm)
  Object offset: offset_x=  -0.882, offset_z=   0.633  (mm)
  Detector : dDx=   0.000, dDy=   0.000, dDz=   0.000  (mm)
  Obj Stage rotY :   -0.266 deg
============================================================

Unity geometry (world coordinates):
  Source   : x=  -5.000, y=  38.000, z=   0.000
  Object   : x=   0.103, y=  18.099, z= 575.967
  Detector : x=  10.000, y=   3.000, z= 690.000
  Obj rotY :   0.0000 deg
view   0 | SOD= 576.959 mm | SDD= 691.050 mm | M= 1.198 | incident=3.1588°
[[  -6.8979707  -576.5748      -19.901003  ]
 [  11.306313    113.34807      15.098997  ]
 [   0.14959839   -0.00069476    0.        ]
 [   0.            0.            0.1496    ]]
Residual vector length: 360, Jacobian shape: (360, 6)
view   0 | SOD= 576.929 mm | SDD= 691.050 mm | M= 1.198 | incident=3.1588°
[[  -6.7146072  -576.54663     -19.901438  ]
 [  11.26437     113.38217      15.098562  ]
 [   0.1495986    -0.00064591    0.        ]
 [   0.            0.            0.1496    ]]

iter 27 cost=6.324349 -> 6.268780 |dtheta|=3.331735e-02  lambda=6.430e-05

============================================================
Iteration 28
============================================================
Theta offsets (Unity frame):
  Source   : dSx=   0.000, dSy=   0.000, dSz=   0.000  (mm)
  Object   : dOx=  -6.898, dOy=  -1.901, dOz=  -0.059  (mm)
  Object offset: offset_x=  -0.877, offset_z=   0.630  (mm)
  Detector : dDx=   0.000, dDy=   0.000, dDz=   0.000  (mm)
  Obj Stage rotY :   -0.247 deg
============================================================

Unity geometry (world coordinates):
  Source   : x=  -5.000, y=  38.000, z=   0.000
  Object   : x=   0.102, y=  18.099, z= 575.941
  Detector : x=  10.000, y=   3.000, z= 690.000
  Obj rotY :   0.0000 deg
view   0 | SOD= 576.929 mm | SDD= 691.050 mm | M= 1.198 | incident=3.1588°
[[  -6.7146072  -576.54663     -19.901438  ]
 [  11.26437     113.38217      15.098562  ]
 [   0.1495986    -0.00064591    0.        ]
 [   0.            0.            0.1496    ]]
Residual vector length: 360, Jacobian shape: (360, 6)
view   0 | SOD= 576.970 mm | SDD= 691.050 mm | M= 1.198 | incident=3.1588°
[[  -6.6451187  -576.58887     -19.9011    ]
 [  11.247486    113.34221      15.0989    ]
 [   0.14959869   -0.00062718    0.        ]
 [   0.            0.            0.1496    ]]

iter 28 cost=6.268780 -> 6.274691 |dtheta|=4.129651e-02  lambda=2.143e-05

============================================================
Iteration 29
============================================================
Theta offsets (Unity frame):
  Source   : dSx=   0.000, dSy=   0.000, dSz=   0.000  (mm)
  Object   : dOx=  -6.898, dOy=  -1.901, dOz=  -0.059  (mm)
  Object offset: offset_x=  -0.877, offset_z=   0.630  (mm)
  Detector : dDx=   0.000, dDy=   0.000, dDz=   0.000  (mm)
  Obj Stage rotY :   -0.247 deg
============================================================

Unity geometry (world coordinates):
  Source   : x=  -5.000, y=  38.000, z=   0.000
  Object   : x=   0.102, y=  18.099, z= 575.941
  Detector : x=  10.000, y=   3.000, z= 690.000
  Obj rotY :   0.0000 deg
view   0 | SOD= 576.929 mm | SDD= 691.050 mm | M= 1.198 | incident=3.1588°
[[  -6.7146072  -576.54663     -19.901438  ]
 [  11.26437     113.38217      15.098562  ]
 [   0.1495986    -0.00064591    0.        ]
 [   0.            0.            0.1496    ]]
Residual vector length: 360, Jacobian shape: (360, 6)
view   0 | SOD= 576.970 mm | SDD= 691.050 mm | M= 1.198 | incident=3.1588°
[[  -6.6451187  -576.58887     -19.9011    ]
 [  11.247486    113.34221      15.0989    ]
 [   0.14959869   -0.00062718    0.        ]
 [   0.            0.            0.1496    ]]

iter 29 cost=6.268780 -> 6.274691 |dtheta|=4.129643e-02  lambda=1.072e-04

============================================================
Iteration 30
============================================================
Theta offsets (Unity frame):
  Source   : dSx=   0.000, dSy=   0.000, dSz=   0.000  (mm)
  Object   : dOx=  -6.898, dOy=  -1.901, dOz=  -0.059  (mm)
  Object offset: offset_x=  -0.877, offset_z=   0.630  (mm)
  Detector : dDx=   0.000, dDy=   0.000, dDz=   0.000  (mm)
  Obj Stage rotY :   -0.247 deg
============================================================

Unity geometry (world coordinates):
  Source   : x=  -5.000, y=  38.000, z=   0.000
  Object   : x=   0.102, y=  18.099, z= 575.941
  Detector : x=  10.000, y=   3.000, z= 690.000
  Obj rotY :   0.0000 deg
view   0 | SOD= 576.929 mm | SDD= 691.050 mm | M= 1.198 | incident=3.1588°
[[  -6.7146072  -576.54663     -19.901438  ]
 [  11.26437     113.38217      15.098562  ]
 [   0.1495986    -0.00064591    0.        ]
 [   0.            0.            0.1496    ]]
Residual vector length: 360, Jacobian shape: (360, 6)
view   0 | SOD= 576.970 mm | SDD= 691.050 mm | M= 1.198 | incident=3.1588°
[[  -6.6451187  -576.58887     -19.9011    ]
 [  11.247486    113.34221      15.0989    ]
 [   0.14959869   -0.00062718    0.        ]
 [   0.            0.            0.1496    ]]

iter 30 cost=6.268780 -> 6.274691 |dtheta|=4.129606e-02  lambda=5.358e-04

============================================================
Iteration 31
============================================================
Theta offsets (Unity frame):
  Source   : dSx=   0.000, dSy=   0.000, dSz=   0.000  (mm)
  Object   : dOx=  -6.898, dOy=  -1.901, dOz=  -0.059  (mm)
  Object offset: offset_x=  -0.877, offset_z=   0.630  (mm)
  Detector : dDx=   0.000, dDy=   0.000, dDz=   0.000  (mm)
  Obj Stage rotY :   -0.247 deg
============================================================

Unity geometry (world coordinates):
  Source   : x=  -5.000, y=  38.000, z=   0.000
  Object   : x=   0.102, y=  18.099, z= 575.941
  Detector : x=  10.000, y=   3.000, z= 690.000
  Obj rotY :   0.0000 deg
view   0 | SOD= 576.929 mm | SDD= 691.050 mm | M= 1.198 | incident=3.1588°
[[  -6.7146072  -576.54663     -19.901438  ]
 [  11.26437     113.38217      15.098562  ]
 [   0.1495986    -0.00064591    0.        ]
 [   0.            0.            0.1496    ]]
Residual vector length: 360, Jacobian shape: (360, 6)
view   0 | SOD= 576.970 mm | SDD= 691.050 mm | M= 1.198 | incident=3.1588°
[[  -6.645118   -576.58887     -19.9011    ]
 [  11.247486    113.34221      15.0989    ]
 [   0.14959869   -0.00062718    0.        ]
 [   0.            0.            0.1496    ]]

iter 31 cost=6.268780 -> 6.274691 |dtheta|=4.129418e-02  lambda=2.679e-03

============================================================
Iteration 32
============================================================
Theta offsets (Unity frame):
  Source   : dSx=   0.000, dSy=   0.000, dSz=   0.000  (mm)
  Object   : dOx=  -6.898, dOy=  -1.901, dOz=  -0.059  (mm)
  Object offset: offset_x=  -0.877, offset_z=   0.630  (mm)
  Detector : dDx=   0.000, dDy=   0.000, dDz=   0.000  (mm)
  Obj Stage rotY :   -0.247 deg
============================================================

Unity geometry (world coordinates):
  Source   : x=  -5.000, y=  38.000, z=   0.000
  Object   : x=   0.102, y=  18.099, z= 575.941
  Detector : x=  10.000, y=   3.000, z= 690.000
  Obj rotY :   0.0000 deg
view   0 | SOD= 576.929 mm | SDD= 691.050 mm | M= 1.198 | incident=3.1588°
[[  -6.7146072  -576.54663     -19.901438  ]
 [  11.26437     113.38217      15.098562  ]
 [   0.1495986    -0.00064591    0.        ]
 [   0.            0.            0.1496    ]]
Residual vector length: 360, Jacobian shape: (360, 6)
view   0 | SOD= 576.970 mm | SDD= 691.050 mm | M= 1.198 | incident=3.1588°
[[  -6.6451173  -576.58887     -19.9011    ]
 [  11.247487    113.34221      15.0989    ]
 [   0.14959869   -0.00062718    0.        ]
 [   0.            0.            0.1496    ]]

iter 32 cost=6.268780 -> 6.274691 |dtheta|=4.128479e-02  lambda=1.340e-02

============================================================
Iteration 33
============================================================
Theta offsets (Unity frame):
  Source   : dSx=   0.000, dSy=   0.000, dSz=   0.000  (mm)
  Object   : dOx=  -6.898, dOy=  -1.901, dOz=  -0.059  (mm)
  Object offset: offset_x=  -0.877, offset_z=   0.630  (mm)
  Detector : dDx=   0.000, dDy=   0.000, dDz=   0.000  (mm)
  Obj Stage rotY :   -0.247 deg
============================================================

Unity geometry (world coordinates):
  Source   : x=  -5.000, y=  38.000, z=   0.000
  Object   : x=   0.102, y=  18.099, z= 575.941
  Detector : x=  10.000, y=   3.000, z= 690.000
  Obj rotY :   0.0000 deg
view   0 | SOD= 576.929 mm | SDD= 691.050 mm | M= 1.198 | incident=3.1588°
[[  -6.7146072  -576.54663     -19.901438  ]
 [  11.26437     113.38217      15.098562  ]
 [   0.1495986    -0.00064591    0.        ]
 [   0.            0.            0.1496    ]]
Residual vector length: 360, Jacobian shape: (360, 6)
view   0 | SOD= 576.970 mm | SDD= 691.050 mm | M= 1.198 | incident=3.1588°
[[  -6.645111   -576.5888      -19.901102  ]
 [  11.247488    113.34227      15.098898  ]
 [   0.14959869   -0.00062718    0.        ]
 [   0.            0.            0.1496    ]]

iter 33 cost=6.268780 -> 6.277681 |dtheta|=4.123792e-02  lambda=6.698e-02

============================================================
Iteration 34
============================================================
Theta offsets (Unity frame):
  Source   : dSx=   0.000, dSy=   0.000, dSz=   0.000  (mm)
  Object   : dOx=  -6.898, dOy=  -1.901, dOz=  -0.059  (mm)
  Object offset: offset_x=  -0.877, offset_z=   0.630  (mm)
  Detector : dDx=   0.000, dDy=   0.000, dDz=   0.000  (mm)
  Obj Stage rotY :   -0.247 deg
============================================================

Unity geometry (world coordinates):
  Source   : x=  -5.000, y=  38.000, z=   0.000
  Object   : x=   0.102, y=  18.099, z= 575.941
  Detector : x=  10.000, y=   3.000, z= 690.000
  Obj rotY :   0.0000 deg
view   0 | SOD= 576.929 mm | SDD= 691.050 mm | M= 1.198 | incident=3.1588°
[[  -6.7146072  -576.54663     -19.901438  ]
 [  11.26437     113.38217      15.098562  ]
 [   0.1495986    -0.00064591    0.        ]
 [   0.            0.            0.1496    ]]
Residual vector length: 360, Jacobian shape: (360, 6)
view   0 | SOD= 576.970 mm | SDD= 691.050 mm | M= 1.198 | incident=3.1588°
[[  -6.6450834  -576.58856     -19.901102  ]
 [  11.247491    113.342514     15.098898  ]
 [   0.14959869   -0.00062717    0.        ]
 [   0.            0.            0.1496    ]]

iter 34 cost=6.268780 -> 6.274691 |dtheta|=4.100523e-02  lambda=3.349e-01

============================================================
Iteration 35
============================================================
Theta offsets (Unity frame):
  Source   : dSx=   0.000, dSy=   0.000, dSz=   0.000  (mm)
  Object   : dOx=  -6.898, dOy=  -1.901, dOz=  -0.059  (mm)
  Object offset: offset_x=  -0.877, offset_z=   0.630  (mm)
  Detector : dDx=   0.000, dDy=   0.000, dDz=   0.000  (mm)
  Obj Stage rotY :   -0.247 deg
============================================================

Unity geometry (world coordinates):
  Source   : x=  -5.000, y=  38.000, z=   0.000
  Object   : x=   0.102, y=  18.099, z= 575.941
  Detector : x=  10.000, y=   3.000, z= 690.000
  Obj rotY :   0.0000 deg
view   0 | SOD= 576.929 mm | SDD= 691.050 mm | M= 1.198 | incident=3.1588°
[[  -6.7146072  -576.54663     -19.901438  ]
 [  11.26437     113.38217      15.098562  ]
 [   0.1495986    -0.00064591    0.        ]
 [   0.            0.            0.1496    ]]
Residual vector length: 360, Jacobian shape: (360, 6)
view   0 | SOD= 576.969 mm | SDD= 691.050 mm | M= 1.198 | incident=3.1588°
[[  -6.6449594  -576.58734     -19.90111   ]
 [  11.247511    113.343735     15.09889   ]
 [   0.14959869   -0.00062715    0.        ]
 [   0.            0.            0.1496    ]]

iter 35 cost=6.268780 -> 6.268803 |dtheta|=3.988216e-02  lambda=1.674e+00

============================================================
Iteration 36
============================================================
Theta offsets (Unity frame):
  Source   : dSx=   0.000, dSy=   0.000, dSz=   0.000  (mm)
  Object   : dOx=  -6.898, dOy=  -1.901, dOz=  -0.059  (mm)
  Object offset: offset_x=  -0.877, offset_z=   0.630  (mm)
  Detector : dDx=   0.000, dDy=   0.000, dDz=   0.000  (mm)
  Obj Stage rotY :   -0.247 deg
============================================================

Unity geometry (world coordinates):
  Source   : x=  -5.000, y=  38.000, z=   0.000
  Object   : x=   0.102, y=  18.099, z= 575.941
  Detector : x=  10.000, y=   3.000, z= 690.000
  Obj rotY :   0.0000 deg
view   0 | SOD= 576.929 mm | SDD= 691.050 mm | M= 1.198 | incident=3.1588°
[[  -6.7146072  -576.54663     -19.901438  ]
 [  11.26437     113.38217      15.098562  ]
 [   0.1495986    -0.00064591    0.        ]
 [   0.            0.            0.1496    ]]
Residual vector length: 360, Jacobian shape: (360, 6)
view   0 | SOD= 576.964 mm | SDD= 691.050 mm | M= 1.198 | incident=3.1588°
[[  -6.6447067  -576.5824      -19.901142  ]
 [  11.247662    113.34868      15.098858  ]
 [   0.14959869   -0.00062713    0.        ]
 [   0.            0.            0.1496    ]]

iter 36 cost=6.268780 -> 6.256614 |dtheta|=3.511890e-02  lambda=8.372e+00

============================================================
Iteration 37
============================================================
Theta offsets (Unity frame):
  Source   : dSx=   0.000, dSy=   0.000, dSz=   0.000  (mm)
  Object   : dOx=  -6.897, dOy=  -1.901, dOz=  -0.025  (mm)
  Object offset: offset_x=  -0.875, offset_z=   0.630  (mm)
  Detector : dDx=   0.000, dDy=   0.000, dDz=   0.000  (mm)
  Obj Stage rotY :   -0.240 deg
============================================================

Unity geometry (world coordinates):
  Source   : x=  -5.000, y=  38.000, z=   0.000
  Object   : x=   0.103, y=  18.099, z= 575.975
  Detector : x=  10.000, y=   3.000, z= 690.000
  Obj rotY :   0.0000 deg
view   0 | SOD= 576.964 mm | SDD= 691.050 mm | M= 1.198 | incident=3.1588°
[[  -6.6447067  -576.5824      -19.901142  ]
 [  11.247662    113.34868      15.098858  ]
 [   0.14959869   -0.00062713    0.        ]
 [   0.            0.            0.1496    ]]
Residual vector length: 360, Jacobian shape: (360, 6)
view   0 | SOD= 576.929 mm | SDD= 691.050 mm | M= 1.198 | incident=3.1588°
[[  -6.4446325  -576.55005     -19.90115   ]
 [  11.201984    113.38731      15.09885   ]
 [   0.1495989    -0.00057384    0.        ]
 [   0.            0.            0.1496    ]]

iter 37 cost=6.256614 -> 6.160359 |dtheta|=3.780986e-02  lambda=2.791e+00

============================================================
Iteration 38
============================================================
Theta offsets (Unity frame):
  Source   : dSx=   0.000, dSy=   0.000, dSz=   0.000  (mm)
  Object   : dOx=  -6.898, dOy=  -1.901, dOz=  -0.056  (mm)
  Object offset: offset_x=  -0.869, offset_z=   0.627  (mm)
  Detector : dDx=   0.000, dDy=   0.000, dDz=   0.000  (mm)
  Obj Stage rotY :   -0.220 deg
============================================================

Unity geometry (world coordinates):
  Source   : x=  -5.000, y=  38.000, z=   0.000
  Object   : x=   0.102, y=  18.099, z= 575.944
  Detector : x=  10.000, y=   3.000, z= 690.000
  Obj rotY :   0.0000 deg
view   0 | SOD= 576.929 mm | SDD= 691.050 mm | M= 1.198 | incident=3.1588°
[[  -6.4446325  -576.55005     -19.90115   ]
 [  11.201984    113.38731      15.09885   ]
 [   0.1495989    -0.00057384    0.        ]
 [   0.            0.            0.1496    ]]
Residual vector length: 360, Jacobian shape: (360, 6)
view   0 | SOD= 576.927 mm | SDD= 691.050 mm | M= 1.198 | incident=3.1588°
[[  -6.2968464  -576.5497      -19.901503  ]
 [  11.167853    113.39235      15.098497  ]
 [   0.14959905   -0.0005344     0.        ]
 [   0.            0.            0.1496    ]]

iter 38 cost=6.160359 -> 6.116123 |dtheta|=1.591363e-02  lambda=9.303e-01

============================================================
Iteration 39
============================================================
Theta offsets (Unity frame):
  Source   : dSx=   0.000, dSy=   0.000, dSz=   0.000  (mm)
  Object   : dOx=  -6.898, dOy=  -1.902, dOz=  -0.056  (mm)
  Object offset: offset_x=  -0.865, offset_z=   0.625  (mm)
  Detector : dDx=   0.000, dDy=   0.000, dDz=   0.000  (mm)
  Obj Stage rotY :   -0.205 deg
============================================================

Unity geometry (world coordinates):
  Source   : x=  -5.000, y=  38.000, z=   0.000
  Object   : x=   0.102, y=  18.098, z= 575.944
  Detector : x=  10.000, y=   3.000, z= 690.000
  Obj rotY :   0.0000 deg
view   0 | SOD= 576.927 mm | SDD= 691.050 mm | M= 1.198 | incident=3.1588°
[[  -6.2968464  -576.5497      -19.901503  ]
 [  11.167853    113.39235      15.098497  ]
 [   0.14959905   -0.0005344     0.        ]
 [   0.            0.            0.1496    ]]
Residual vector length: 360, Jacobian shape: (360, 6)
view   0 | SOD= 576.938 mm | SDD= 691.050 mm | M= 1.198 | incident=3.1588°
[[  -6.2146206  -576.5615      -19.901154  ]
 [  11.14896     113.383064     15.098846  ]
 [   0.14959912   -0.00051247    0.        ]
 [   0.            0.            0.1496    ]]

iter 39 cost=6.116123 -> 6.021912 |dtheta|=1.454125e-02  lambda=3.101e-01

============================================================
Iteration 40
============================================================
Theta offsets (Unity frame):
  Source   : dSx=   0.000, dSy=   0.000, dSz=   0.000  (mm)
  Object   : dOx=  -6.898, dOy=  -1.901, dOz=  -0.045  (mm)
  Object offset: offset_x=  -0.862, offset_z=   0.624  (mm)
  Detector : dDx=   0.000, dDy=   0.000, dDz=   0.000  (mm)
  Obj Stage rotY :   -0.196 deg
============================================================

Unity geometry (world coordinates):
  Source   : x=  -5.000, y=  38.000, z=   0.000
  Object   : x=   0.102, y=  18.099, z= 575.955
  Detector : x=  10.000, y=   3.000, z= 690.000
  Obj rotY :   0.0000 deg
view   0 | SOD= 576.938 mm | SDD= 691.050 mm | M= 1.198 | incident=3.1588°
[[  -6.2146206  -576.5615      -19.901154  ]
 [  11.14896     113.383064     15.098846  ]
 [   0.14959912   -0.00051247    0.        ]
 [   0.            0.            0.1496    ]]
Residual vector length: 360, Jacobian shape: (360, 6)
view   0 | SOD= 576.918 mm | SDD= 691.050 mm | M= 1.198 | incident=3.1588°
[[  -6.0881305  -576.5426      -19.901493  ]
 [  11.119383    113.40586      15.098507  ]
 [   0.14959924   -0.00047863    0.        ]
 [   0.            0.            0.1496    ]]

iter 40 cost=6.021912 -> 6.035034 |dtheta|=2.258662e-02  lambda=1.034e-01

============================================================
Iteration 41
============================================================
Theta offsets (Unity frame):
  Source   : dSx=   0.000, dSy=   0.000, dSz=   0.000  (mm)
  Object   : dOx=  -6.898, dOy=  -1.901, dOz=  -0.045  (mm)
  Object offset: offset_x=  -0.862, offset_z=   0.624  (mm)
  Detector : dDx=   0.000, dDy=   0.000, dDz=   0.000  (mm)
  Obj Stage rotY :   -0.196 deg
============================================================

Unity geometry (world coordinates):
  Source   : x=  -5.000, y=  38.000, z=   0.000
  Object   : x=   0.102, y=  18.099, z= 575.955
  Detector : x=  10.000, y=   3.000, z= 690.000
  Obj rotY :   0.0000 deg
view   0 | SOD= 576.938 mm | SDD= 691.050 mm | M= 1.198 | incident=3.1588°
[[  -6.2146206  -576.5615      -19.901154  ]
 [  11.14896     113.383064     15.098846  ]
 [   0.14959912   -0.00051247    0.        ]
 [   0.            0.            0.1496    ]]
Residual vector length: 360, Jacobian shape: (360, 6)
view   0 | SOD= 576.918 mm | SDD= 691.050 mm | M= 1.198 | incident=3.1588°
[[  -6.088359   -576.5427      -19.901491  ]
 [  11.119433    113.40574      15.098509  ]
 [   0.14959924   -0.00047869    0.        ]
 [   0.            0.            0.1496    ]]

iter 41 cost=6.021912 -> 6.047245 |dtheta|=2.245598e-02  lambda=5.168e-01

============================================================
Iteration 42
============================================================
Theta offsets (Unity frame):
  Source   : dSx=   0.000, dSy=   0.000, dSz=   0.000  (mm)
  Object   : dOx=  -6.898, dOy=  -1.901, dOz=  -0.045  (mm)
  Object offset: offset_x=  -0.862, offset_z=   0.624  (mm)
  Detector : dDx=   0.000, dDy=   0.000, dDz=   0.000  (mm)
  Obj Stage rotY :   -0.196 deg
============================================================

Unity geometry (world coordinates):
  Source   : x=  -5.000, y=  38.000, z=   0.000
  Object   : x=   0.102, y=  18.099, z= 575.955
  Detector : x=  10.000, y=   3.000, z= 690.000
  Obj rotY :   0.0000 deg
view   0 | SOD= 576.938 mm | SDD= 691.050 mm | M= 1.198 | incident=3.1588°
[[  -6.2146206  -576.5615      -19.901154  ]
 [  11.14896     113.383064     15.098846  ]
 [   0.14959912   -0.00051247    0.        ]
 [   0.            0.            0.1496    ]]
Residual vector length: 360, Jacobian shape: (360, 6)
view   0 | SOD= 576.919 mm | SDD= 691.050 mm | M= 1.198 | incident=3.1588°
[[  -6.0894814  -576.5434      -19.901484  ]
 [  11.119679    113.405045     15.098516  ]
 [   0.14959924   -0.00047899    0.        ]
 [   0.            0.            0.1496    ]]

iter 42 cost=6.021912 -> 6.049808 |dtheta|=2.183382e-02  lambda=2.584e+00

============================================================
Iteration 43
============================================================
Theta offsets (Unity frame):
  Source   : dSx=   0.000, dSy=   0.000, dSz=   0.000  (mm)
  Object   : dOx=  -6.898, dOy=  -1.901, dOz=  -0.045  (mm)
  Object offset: offset_x=  -0.862, offset_z=   0.624  (mm)
  Detector : dDx=   0.000, dDy=   0.000, dDz=   0.000  (mm)
  Obj Stage rotY :   -0.196 deg
============================================================

Unity geometry (world coordinates):
  Source   : x=  -5.000, y=  38.000, z=   0.000
  Object   : x=   0.102, y=  18.099, z= 575.955
  Detector : x=  10.000, y=   3.000, z= 690.000
  Obj rotY :   0.0000 deg
view   0 | SOD= 576.938 mm | SDD= 691.050 mm | M= 1.198 | incident=3.1588°
[[  -6.2146206  -576.5615      -19.901154  ]
 [  11.14896     113.383064     15.098846  ]
 [   0.14959912   -0.00051247    0.        ]
 [   0.            0.            0.1496    ]]
Residual vector length: 360, Jacobian shape: (360, 6)
view   0 | SOD= 576.922 mm | SDD= 691.050 mm | M= 1.198 | incident=3.1588°
[[  -6.0946493  -576.5463      -19.901455  ]
 [  11.120828    113.40195      15.098545  ]
 [   0.14959922   -0.00048036    0.        ]
 [   0.            0.            0.1496    ]]

iter 43 cost=6.021912 -> 6.043618 |dtheta|=1.933740e-02  lambda=1.292e+01

============================================================
Iteration 44
============================================================
Theta offsets (Unity frame):
  Source   : dSx=   0.000, dSy=   0.000, dSz=   0.000  (mm)
  Object   : dOx=  -6.898, dOy=  -1.901, dOz=  -0.045  (mm)
  Object offset: offset_x=  -0.862, offset_z=   0.624  (mm)
  Detector : dDx=   0.000, dDy=   0.000, dDz=   0.000  (mm)
  Obj Stage rotY :   -0.196 deg
============================================================

Unity geometry (world coordinates):
  Source   : x=  -5.000, y=  38.000, z=   0.000
  Object   : x=   0.102, y=  18.099, z= 575.955
  Detector : x=  10.000, y=   3.000, z= 690.000
  Obj rotY :   0.0000 deg
view   0 | SOD= 576.938 mm | SDD= 691.050 mm | M= 1.198 | incident=3.1588°
[[  -6.2146206  -576.5615      -19.901154  ]
 [  11.14896     113.383064     15.098846  ]
 [   0.14959912   -0.00051247    0.        ]
 [   0.            0.            0.1496    ]]
Residual vector length: 360, Jacobian shape: (360, 6)
view   0 | SOD= 576.929 mm | SDD= 691.050 mm | M= 1.198 | incident=3.1588°
[[  -6.113911   -576.5531      -19.901392  ]
 [  11.125235    113.39461      15.098608  ]
 [   0.14959921   -0.00048549    0.        ]
 [   0.            0.            0.1496    ]]

iter 44 cost=6.021912 -> 6.036518 |dtheta|=1.344398e-02  lambda=6.460e+01

============================================================
Iteration 45
============================================================
Theta offsets (Unity frame):
  Source   : dSx=   0.000, dSy=   0.000, dSz=   0.000  (mm)
  Object   : dOx=  -6.898, dOy=  -1.901, dOz=  -0.045  (mm)
  Object offset: offset_x=  -0.862, offset_z=   0.624  (mm)
  Detector : dDx=   0.000, dDy=   0.000, dDz=   0.000  (mm)
  Obj Stage rotY :   -0.196 deg
============================================================

Unity geometry (world coordinates):
  Source   : x=  -5.000, y=  38.000, z=   0.000
  Object   : x=   0.102, y=  18.099, z= 575.955
  Detector : x=  10.000, y=   3.000, z= 690.000
  Obj rotY :   0.0000 deg
view   0 | SOD= 576.938 mm | SDD= 691.050 mm | M= 1.198 | incident=3.1588°
[[  -6.2146206  -576.5615      -19.901154  ]
 [  11.14896     113.383064     15.098846  ]
 [   0.14959912   -0.00051247    0.        ]
 [   0.            0.            0.1496    ]]
Residual vector length: 360, Jacobian shape: (360, 6)
view   0 | SOD= 576.935 mm | SDD= 691.050 mm | M= 1.198 | incident=3.1588°
[[  -6.157166   -576.5587      -19.901344  ]
 [  11.135427    113.387634     15.098656  ]
 [   0.14959918   -0.00049708    0.        ]
 [   0.            0.            0.1496    ]]

iter 45 cost=6.021912 -> 6.044535 |dtheta|=6.675120e-03  lambda=3.230e+02

============================================================
Iteration 46
============================================================
Theta offsets (Unity frame):
  Source   : dSx=   0.000, dSy=   0.000, dSz=   0.000  (mm)
  Object   : dOx=  -6.898, dOy=  -1.901, dOz=  -0.045  (mm)
  Object offset: offset_x=  -0.862, offset_z=   0.624  (mm)
  Detector : dDx=   0.000, dDy=   0.000, dDz=   0.000  (mm)
  Obj Stage rotY :   -0.196 deg
============================================================

Unity geometry (world coordinates):
  Source   : x=  -5.000, y=  38.000, z=   0.000
  Object   : x=   0.102, y=  18.099, z= 575.955
  Detector : x=  10.000, y=   3.000, z= 690.000
  Obj rotY :   0.0000 deg
view   0 | SOD= 576.938 mm | SDD= 691.050 mm | M= 1.198 | incident=3.1588°
[[  -6.2146206  -576.5615      -19.901154  ]
 [  11.14896     113.383064     15.098846  ]
 [   0.14959912   -0.00051247    0.        ]
 [   0.            0.            0.1496    ]]
Residual vector length: 360, Jacobian shape: (360, 6)
view   0 | SOD= 576.937 mm | SDD= 691.050 mm | M= 1.198 | incident=3.1588°
[[  -6.196059   -576.56067     -19.901323  ]
 [  11.144665    113.384476     15.098677  ]
 [   0.14959913   -0.00050751    0.        ]
 [   0.            0.            0.1496    ]]

iter 46 cost=6.021912 -> 6.045272 |dtheta|=2.102745e-03  lambda=1.615e+03

============================================================
Iteration 47
============================================================
Theta offsets (Unity frame):
  Source   : dSx=   0.000, dSy=   0.000, dSz=   0.000  (mm)
  Object   : dOx=  -6.898, dOy=  -1.901, dOz=  -0.045  (mm)
  Object offset: offset_x=  -0.862, offset_z=   0.624  (mm)
  Detector : dDx=   0.000, dDy=   0.000, dDz=   0.000  (mm)
  Obj Stage rotY :   -0.196 deg
============================================================

Unity geometry (world coordinates):
  Source   : x=  -5.000, y=  38.000, z=   0.000
  Object   : x=   0.102, y=  18.099, z= 575.955
  Detector : x=  10.000, y=   3.000, z= 690.000
  Obj rotY :   0.0000 deg
view   0 | SOD= 576.938 mm | SDD= 691.050 mm | M= 1.198 | incident=3.1588°
[[  -6.2146206  -576.5615      -19.901154  ]
 [  11.14896     113.383064     15.098846  ]
 [   0.14959912   -0.00051247    0.        ]
 [   0.            0.            0.1496    ]]
Residual vector length: 360, Jacobian shape: (360, 6)
view   0 | SOD= 576.938 mm | SDD= 691.050 mm | M= 1.198 | incident=3.1588°
[[  -6.2103157  -576.5612      -19.901268  ]
 [  11.14799     113.38346      15.098732  ]
 [   0.14959912   -0.00051133    0.        ]
 [   0.            0.            0.1496    ]]

iter 47 cost=6.021912 -> 6.061365 |dtheta|=5.308214e-04  lambda=8.075e+03

============================================================
Iteration 48
============================================================
Theta offsets (Unity frame):
  Source   : dSx=   0.000, dSy=   0.000, dSz=   0.000  (mm)
  Object   : dOx=  -6.898, dOy=  -1.901, dOz=  -0.045  (mm)
  Object offset: offset_x=  -0.862, offset_z=   0.624  (mm)
  Detector : dDx=   0.000, dDy=   0.000, dDz=   0.000  (mm)
  Obj Stage rotY :   -0.196 deg
============================================================

Unity geometry (world coordinates):
  Source   : x=  -5.000, y=  38.000, z=   0.000
  Object   : x=   0.102, y=  18.099, z= 575.955
  Detector : x=  10.000, y=   3.000, z= 690.000
  Obj rotY :   0.0000 deg
view   0 | SOD= 576.938 mm | SDD= 691.050 mm | M= 1.198 | incident=3.1588°
[[  -6.2146206  -576.5615      -19.901154  ]
 [  11.14896     113.383064     15.098846  ]
 [   0.14959912   -0.00051247    0.        ]
 [   0.            0.            0.1496    ]]
Residual vector length: 360, Jacobian shape: (360, 6)
view   0 | SOD= 576.938 mm | SDD= 691.050 mm | M= 1.198 | incident=3.1588°
[[  -6.213729   -576.56146     -19.901197  ]
 [  11.148756    113.38315      15.098803  ]
 [   0.14959912   -0.00051223    0.        ]
 [   0.            0.            0.1496    ]]

iter 48 cost=6.021912 -> 6.034857 |dtheta|=1.292889e-04  lambda=4.038e+04

============================================================
Iteration 49
============================================================
Theta offsets (Unity frame):
  Source   : dSx=   0.000, dSy=   0.000, dSz=   0.000  (mm)
  Object   : dOx=  -6.898, dOy=  -1.901, dOz=  -0.045  (mm)
  Object offset: offset_x=  -0.862, offset_z=   0.624  (mm)
  Detector : dDx=   0.000, dDy=   0.000, dDz=   0.000  (mm)
  Obj Stage rotY :   -0.196 deg
============================================================

Unity geometry (world coordinates):
  Source   : x=  -5.000, y=  38.000, z=   0.000
  Object   : x=   0.102, y=  18.099, z= 575.955
  Detector : x=  10.000, y=   3.000, z= 690.000
  Obj rotY :   0.0000 deg
view   0 | SOD= 576.938 mm | SDD= 691.050 mm | M= 1.198 | incident=3.1588°
[[  -6.2146206  -576.5615      -19.901154  ]
 [  11.14896     113.383064     15.098846  ]
 [   0.14959912   -0.00051247    0.        ]
 [   0.            0.            0.1496    ]]
Residual vector length: 360, Jacobian shape: (360, 6)
view   0 | SOD= 576.938 mm | SDD= 691.050 mm | M= 1.198 | incident=3.1588°
[[  -6.214442   -576.5615      -19.901165  ]
 [  11.148918    113.38307      15.098835  ]
 [   0.14959912   -0.00051242    0.        ]
 [   0.            0.            0.1496    ]]

iter 49 cost=6.021912 -> 6.029730 |dtheta|=2.809290e-05  lambda=2.019e+05

============================================================
Iteration 50
============================================================
Theta offsets (Unity frame):
  Source   : dSx=   0.000, dSy=   0.000, dSz=   0.000  (mm)
  Object   : dOx=  -6.898, dOy=  -1.901, dOz=  -0.045  (mm)
  Object offset: offset_x=  -0.862, offset_z=   0.624  (mm)
  Detector : dDx=   0.000, dDy=   0.000, dDz=   0.000  (mm)
  Obj Stage rotY :   -0.196 deg
============================================================

Unity geometry (world coordinates):
  Source   : x=  -5.000, y=  38.000, z=   0.000
  Object   : x=   0.102, y=  18.099, z= 575.955
  Detector : x=  10.000, y=   3.000, z= 690.000
  Obj rotY :   0.0000 deg
view   0 | SOD= 576.938 mm | SDD= 691.050 mm | M= 1.198 | incident=3.1588°
[[  -6.2146206  -576.5615      -19.901154  ]
 [  11.14896     113.383064     15.098846  ]
 [   0.14959912   -0.00051247    0.        ]
 [   0.            0.            0.1496    ]]
Residual vector length: 360, Jacobian shape: (360, 6)
view   0 | SOD= 576.938 mm | SDD= 691.050 mm | M= 1.198 | incident=3.1588°
[[  -6.214585   -576.5615      -19.901155  ]
 [  11.148952    113.383064     15.098845  ]
 [   0.14959912   -0.00051246    0.        ]
 [   0.            0.            0.1496    ]]

iter 50 cost=6.021912 -> 6.022479 |dtheta|=5.788928e-06  lambda=1.000e+06

============================================================
Iteration 51
============================================================
Theta offsets (Unity frame):
  Source   : dSx=   0.000, dSy=   0.000, dSz=   0.000  (mm)
  Object   : dOx=  -6.898, dOy=  -1.901, dOz=  -0.045  (mm)
  Object offset: offset_x=  -0.862, offset_z=   0.624  (mm)
  Detector : dDx=   0.000, dDy=   0.000, dDz=   0.000  (mm)
  Obj Stage rotY :   -0.196 deg
============================================================

Unity geometry (world coordinates):
  Source   : x=  -5.000, y=  38.000, z=   0.000
  Object   : x=   0.102, y=  18.099, z= 575.955
  Detector : x=  10.000, y=   3.000, z= 690.000
  Obj rotY :   0.0000 deg
view   0 | SOD= 576.938 mm | SDD= 691.050 mm | M= 1.198 | incident=3.1588°
[[  -6.2146206  -576.5615      -19.901154  ]
 [  11.14896     113.383064     15.098846  ]
 [   0.14959912   -0.00051247    0.        ]
 [   0.            0.            0.1496    ]]
Residual vector length: 360, Jacobian shape: (360, 6)
view   0 | SOD= 576.938 mm | SDD= 691.050 mm | M= 1.198 | incident=3.1588°
[[  -6.214585   -576.5615      -19.901155  ]
 [  11.148952    113.383064     15.098845  ]
 [   0.14959912   -0.00051246    0.        ]
 [   0.            0.            0.1496    ]]

iter 51 cost=6.021912 -> 6.022479 |dtheta|=5.788928e-06  lambda=1.000e+06

============================================================
Iteration 52
============================================================
Theta offsets (Unity frame):
  Source   : dSx=   0.000, dSy=   0.000, dSz=   0.000  (mm)
  Object   : dOx=  -6.898, dOy=  -1.901, dOz=  -0.045  (mm)
  Object offset: offset_x=  -0.862, offset_z=   0.624  (mm)
  Detector : dDx=   0.000, dDy=   0.000, dDz=   0.000  (mm)
  Obj Stage rotY :   -0.196 deg
============================================================

Unity geometry (world coordinates):
  Source   : x=  -5.000, y=  38.000, z=   0.000
  Object   : x=   0.102, y=  18.099, z= 575.955
  Detector : x=  10.000, y=   3.000, z= 690.000
  Obj rotY :   0.0000 deg
view   0 | SOD= 576.938 mm | SDD= 691.050 mm | M= 1.198 | incident=3.1588°
[[  -6.2146206  -576.5615      -19.901154  ]
 [  11.14896     113.383064     15.098846  ]
 [   0.14959912   -0.00051247    0.        ]
 [   0.            0.            0.1496    ]]
Residual vector length: 360, Jacobian shape: (360, 6)
view   0 | SOD= 576.938 mm | SDD= 691.050 mm | M= 1.198 | incident=3.1588°
[[  -6.214585   -576.5615      -19.901155  ]
 [  11.148952    113.383064     15.098845  ]
 [   0.14959912   -0.00051246    0.        ]
 [   0.            0.            0.1496    ]]

iter 52 cost=6.021912 -> 6.022479 |dtheta|=5.788928e-06  lambda=1.000e+06

============================================================
Iteration 53
============================================================
Theta offsets (Unity frame):
  Source   : dSx=   0.000, dSy=   0.000, dSz=   0.000  (mm)
  Object   : dOx=  -6.898, dOy=  -1.901, dOz=  -0.045  (mm)
  Object offset: offset_x=  -0.862, offset_z=   0.624  (mm)
  Detector : dDx=   0.000, dDy=   0.000, dDz=   0.000  (mm)
  Obj Stage rotY :   -0.196 deg
============================================================

Unity geometry (world coordinates):
  Source   : x=  -5.000, y=  38.000, z=   0.000
  Object   : x=   0.102, y=  18.099, z= 575.955
  Detector : x=  10.000, y=   3.000, z= 690.000
  Obj rotY :   0.0000 deg
view   0 | SOD= 576.938 mm | SDD= 691.050 mm | M= 1.198 | incident=3.1588°
[[  -6.2146206  -576.5615      -19.901154  ]
 [  11.14896     113.383064     15.098846  ]
 [   0.14959912   -0.00051247    0.        ]
 [   0.            0.            0.1496    ]]
Residual vector length: 360, Jacobian shape: (360, 6)
view   0 | SOD= 576.938 mm | SDD= 691.050 mm | M= 1.198 | incident=3.1588°
[[  -6.214585   -576.5615      -19.901155  ]
 [  11.148952    113.383064     15.098845  ]
 [   0.14959912   -0.00051246    0.        ]
 [   0.            0.            0.1496    ]]

iter 53 cost=6.021912 -> 6.022479 |dtheta|=5.788928e-06  lambda=1.000e+06

============================================================
Iteration 54
============================================================
Theta offsets (Unity frame):
  Source   : dSx=   0.000, dSy=   0.000, dSz=   0.000  (mm)
  Object   : dOx=  -6.898, dOy=  -1.901, dOz=  -0.045  (mm)
  Object offset: offset_x=  -0.862, offset_z=   0.624  (mm)
  Detector : dDx=   0.000, dDy=   0.000, dDz=   0.000  (mm)
  Obj Stage rotY :   -0.196 deg
============================================================

Unity geometry (world coordinates):
  Source   : x=  -5.000, y=  38.000, z=   0.000
  Object   : x=   0.102, y=  18.099, z= 575.955
  Detector : x=  10.000, y=   3.000, z= 690.000
  Obj rotY :   0.0000 deg
view   0 | SOD= 576.938 mm | SDD= 691.050 mm | M= 1.198 | incident=3.1588°
[[  -6.2146206  -576.5615      -19.901154  ]
 [  11.14896     113.383064     15.098846  ]
 [   0.14959912   -0.00051247    0.        ]
 [   0.            0.            0.1496    ]]
Residual vector length: 360, Jacobian shape: (360, 6)
view   0 | SOD= 576.938 mm | SDD= 691.050 mm | M= 1.198 | incident=3.1588°
[[  -6.214585   -576.5615      -19.901155  ]
 [  11.148952    113.383064     15.098845  ]
 [   0.14959912   -0.00051246    0.        ]
 [   0.            0.            0.1496    ]]

iter 54 cost=6.021912 -> 6.022479 |dtheta|=5.788928e-06  lambda=1.000e+06

============================================================
Iteration 55
============================================================
Theta offsets (Unity frame):
  Source   : dSx=   0.000, dSy=   0.000, dSz=   0.000  (mm)
  Object   : dOx=  -6.898, dOy=  -1.901, dOz=  -0.045  (mm)
  Object offset: offset_x=  -0.862, offset_z=   0.624  (mm)
  Detector : dDx=   0.000, dDy=   0.000, dDz=   0.000  (mm)
  Obj Stage rotY :   -0.196 deg
============================================================

Unity geometry (world coordinates):
  Source   : x=  -5.000, y=  38.000, z=   0.000
  Object   : x=   0.102, y=  18.099, z= 575.955
  Detector : x=  10.000, y=   3.000, z= 690.000
  Obj rotY :   0.0000 deg
view   0 | SOD= 576.938 mm | SDD= 691.050 mm | M= 1.198 | incident=3.1588°
[[  -6.2146206  -576.5615      -19.901154  ]
 [  11.14896     113.383064     15.098846  ]
 [   0.14959912   -0.00051247    0.        ]
 [   0.            0.            0.1496    ]]
Residual vector length: 360, Jacobian shape: (360, 6)
view   0 | SOD= 576.938 mm | SDD= 691.050 mm | M= 1.198 | incident=3.1588°
[[  -6.214585   -576.5615      -19.901155  ]
 [  11.148952    113.383064     15.098845  ]
 [   0.14959912   -0.00051246    0.        ]
 [   0.            0.            0.1496    ]]

iter 55 cost=6.021912 -> 6.022479 |dtheta|=5.788928e-06  lambda=1.000e+06

============================================================
Iteration 56
============================================================
Theta offsets (Unity frame):
  Source   : dSx=   0.000, dSy=   0.000, dSz=   0.000  (mm)
  Object   : dOx=  -6.898, dOy=  -1.901, dOz=  -0.045  (mm)
  Object offset: offset_x=  -0.862, offset_z=   0.624  (mm)
  Detector : dDx=   0.000, dDy=   0.000, dDz=   0.000  (mm)
  Obj Stage rotY :   -0.196 deg
============================================================

Unity geometry (world coordinates):
  Source   : x=  -5.000, y=  38.000, z=   0.000
  Object   : x=   0.102, y=  18.099, z= 575.955
  Detector : x=  10.000, y=   3.000, z= 690.000
  Obj rotY :   0.0000 deg
view   0 | SOD= 576.938 mm | SDD= 691.050 mm | M= 1.198 | incident=3.1588°
[[  -6.2146206  -576.5615      -19.901154  ]
 [  11.14896     113.383064     15.098846  ]
 [   0.14959912   -0.00051247    0.        ]
 [   0.            0.            0.1496    ]]
Residual vector length: 360, Jacobian shape: (360, 6)
view   0 | SOD= 576.938 mm | SDD= 691.050 mm | M= 1.198 | incident=3.1588°
[[  -6.214585   -576.5615      -19.901155  ]
 [  11.148952    113.383064     15.098845  ]
 [   0.14959912   -0.00051246    0.        ]
 [   0.            0.            0.1496    ]]

iter 56 cost=6.021912 -> 6.022479 |dtheta|=5.788928e-06  lambda=1.000e+06
Stalled.

Estimated theta:
  dSx: +0.000000
  dSy: +0.000000
  dOx: -6.898369
  dOy: -1.901153
  dOz: -0.044534
  dDx: +0.000000
  dDy: +0.000000
  dDz: +0.000000
alpha: -1.962732e-01 deg)
offset_x: -0.862119
offset_z: +0.623957

Final cost table:
Fake theta: [ 0.  0. -7. -2. -8.  0.  0.  0.  3.  0.  0.]
Final estimated theta: [ 0.          0.         -6.89836933 -1.90115276 -0.0445341   0.
  0.          0.         -0.19627317 -0.86211913  0.62395743]
Diff from Expected: [ 0.          0.          0.10163067  0.09884724  7.9554659   0.
  0.          0.         -3.19627317 -0.86211913  0.62395743]
################################################################################

