Phantom already exists, skipping: cuboid_phantom_2_normal.npy

################################################################################
Running cuboid=normal scenario=G0 N_ANGLES=6, K=2
view   0 | SOD= 570.548 mm | SDD= 675.501 mm | M= 1.184 | incident=3.8197°
[[  98.97946    -561.3404      -25.        ]
 [ -18.05941     102.420006     20.        ]
 [   0.14732724    0.02597777    0.        ]
 [   0.            0.            0.1496    ]]
          image          x1         y1  area1          x2          y2  area2
0  proj_000.png  509.668464  62.415094    742  509.696477  502.943089    738
1  proj_001.png  367.787586  62.507586    725  367.803279  498.792350    732
2  proj_002.png  340.384273  63.038576    674  340.330370  485.780741    675
3  proj_003.png  447.261002  63.335357    659  447.251515  477.159091    660
4  proj_004.png  582.577381  63.239583    672  582.570370  480.928889    675
5  proj_005.png  617.363766  62.706134    701  617.334758  493.792023    702

============================================================
Iteration 0
============================================================
Theta offsets (Unity frame):
  Source   : dSx=   0.000, dSy=   0.000, dSz=   0.000  (mm)
  Object   : dOx=   0.000, dOy=   0.000, dOz=   0.000  (mm)
  Object offset: offset_x=   0.000, offset_z=   0.000  (mm)
  Detector : dDx=   0.000, dDy=   0.000, dDz=   0.000  (mm)
  Obj Stage rotY :    0.000 deg
============================================================

Unity geometry (world coordinates):
  Source   : x=   0.000, y=  45.000, z=   0.000
  Object   : x=  10.000, y=  15.000, z= 589.000
  Detector : x=   0.000, y=   0.000, z= 674.000
  Obj rotY :   0.0000 deg
view   0 | SOD= 589.848 mm | SDD= 675.501 mm | M= 1.145 | incident=3.8197°
[[ -10.     -589.      -30.    ]
 [ -10.       85.       15.    ]
 [   0.1496    0.        0.    ]
 [   0.        0.        0.1496]]
Residual vector length: 30, Jacobian shape: (30, 6)
view   0 | SOD= 584.321 mm | SDD= 675.501 mm | M= 1.156 | incident=3.8197°
[[  89.6158     -576.76196     -27.311108  ]
 [ -11.862532     89.55489      17.688892  ]
 [   0.14789467    0.02252397    0.        ]
 [   0.            0.            0.1496    ]]

iter 00 cost=44403.636293 -> 3140.286683 |dtheta|=1.400926e+01  lambda=1.000e-02

============================================================
Iteration 1
============================================================
Theta offsets (Unity frame):
  Source   : dSx=   0.000, dSy=   0.000, dSz=   0.000  (mm)
  Object   : dOx=  -8.865, dOy=   2.689, dOz=  -5.204  (mm)
  Object offset: offset_x=  -2.891, offset_z=  -0.116  (mm)
  Detector : dDx=   0.000, dDy=   0.000, dDz=   0.000  (mm)
  Obj Stage rotY :    8.659 deg
============================================================

Unity geometry (world coordinates):
  Source   : x=   0.000, y=  45.000, z=   0.000
  Object   : x=   1.135, y=  17.689, z= 583.796
  Detector : x=   0.000, y=   0.000, z= 674.000
  Obj rotY :   0.0000 deg
view   0 | SOD= 584.321 mm | SDD= 675.501 mm | M= 1.156 | incident=3.8197°
[[  89.6158     -576.76196     -27.311108  ]
 [ -11.862532     89.55489      17.688892  ]
 [   0.14789467    0.02252397    0.        ]
 [   0.            0.            0.1496    ]]
Residual vector length: 30, Jacobian shape: (30, 6)
view   0 | SOD= 578.816 mm | SDD= 675.501 mm | M= 1.167 | incident=3.8197°
[[ 130.34088    -563.3669      -25.622929  ]
 [ -22.020613     93.18619      19.377071  ]
 [   0.14572752    0.03381792    0.        ]
 [   0.            0.            0.1496    ]]

iter 01 cost=3140.286683 -> 287.628063 |dtheta|=7.939337e+00  lambda=3.333e-03

============================================================
Iteration 2
============================================================
Theta offsets (Unity frame):
  Source   : dSx=   0.000, dSy=   0.000, dSz=   0.000  (mm)
  Object   : dOx= -10.009, dOy=   4.377, dOz= -10.558  (mm)
  Object offset: offset_x=   0.394, offset_z=  -0.193  (mm)
  Detector : dDx=   0.000, dDy=   0.000, dDz=   0.000  (mm)
  Obj Stage rotY :   13.065 deg
============================================================

Unity geometry (world coordinates):
  Source   : x=   0.000, y=  45.000, z=   0.000
  Object   : x=  -0.009, y=  19.377, z= 578.442
  Detector : x=   0.000, y=   0.000, z= 674.000
  Obj rotY :   0.0000 deg
view   0 | SOD= 578.816 mm | SDD= 675.501 mm | M= 1.167 | incident=3.8197°
[[ 130.34088    -563.3669      -25.622929  ]
 [ -22.020613     93.18619      19.377071  ]
 [   0.14572752    0.03381792    0.        ]
 [   0.            0.            0.1496    ]]
Residual vector length: 30, Jacobian shape: (30, 6)
view   0 | SOD= 576.331 mm | SDD= 675.501 mm | M= 1.172 | incident=3.8197°
[[ 132.59538    -560.3027      -25.226292  ]
 [ -24.086206     95.23287      19.773708  ]
 [   0.14550166    0.0347768     0.        ]
 [   0.            0.            0.1496    ]]

iter 02 cost=287.628063 -> 100.499050 |dtheta|=2.748305e+00  lambda=1.111e-03

============================================================
Iteration 3
============================================================
Theta offsets (Unity frame):
  Source   : dSx=   0.000, dSy=   0.000, dSz=   0.000  (mm)
  Object   : dOx=  -9.956, dOy=   4.774, dOz= -13.112  (mm)
  Object offset: offset_x=   1.244, offset_z=  -0.111  (mm)
  Detector : dDx=   0.000, dDy=   0.000, dDz=   0.000  (mm)
  Obj Stage rotY :   13.442 deg
============================================================

Unity geometry (world coordinates):
  Source   : x=   0.000, y=  45.000, z=   0.000
  Object   : x=   0.044, y=  19.774, z= 575.888
  Detector : x=   0.000, y=   0.000, z= 674.000
  Obj rotY :   0.0000 deg
view   0 | SOD= 576.331 mm | SDD= 675.501 mm | M= 1.172 | incident=3.8197°
[[ 132.59538    -560.3027      -25.226292  ]
 [ -24.086206     95.23287      19.773708  ]
 [   0.14550166    0.0347768     0.        ]
 [   0.            0.            0.1496    ]]
Residual vector length: 30, Jacobian shape: (30, 6)
view   0 | SOD= 575.043 mm | SDD= 675.501 mm | M= 1.175 | incident=3.8197°
[[ 120.90583    -561.62585     -25.147646  ]
 [ -21.796394     97.09417      19.852354  ]
 [   0.14620848    0.03167396    0.        ]
 [   0.            0.            0.1496    ]]

iter 03 cost=100.499050 -> 58.633269 |dtheta|=1.876895e+00  lambda=3.704e-04

============================================================
Iteration 4
============================================================
Theta offsets (Unity frame):
  Source   : dSx=   0.000, dSy=   0.000, dSz=   0.000  (mm)
  Object   : dOx= -10.055, dOy=   4.852, dOz= -14.461  (mm)
  Object offset: offset_x=   0.800, offset_z=  -0.047  (mm)
  Detector : dDx=   0.000, dDy=   0.000, dDz=   0.000  (mm)
  Obj Stage rotY :   12.223 deg
============================================================

Unity geometry (world coordinates):
  Source   : x=   0.000, y=  45.000, z=   0.000
  Object   : x=  -0.055, y=  19.852, z= 574.539
  Detector : x=   0.000, y=   0.000, z= 674.000
  Obj rotY :   0.0000 deg
view   0 | SOD= 575.043 mm | SDD= 675.501 mm | M= 1.175 | incident=3.8197°
[[ 120.90583    -561.62585     -25.147646  ]
 [ -21.796394     97.09417      19.852354  ]
 [   0.14620848    0.03167396    0.        ]
 [   0.            0.            0.1496    ]]
Residual vector length: 30, Jacobian shape: (30, 6)
view   0 | SOD= 572.029 mm | SDD= 675.501 mm | M= 1.181 | incident=3.8197°
[[ 116.33496    -559.50977     -25.150642  ]
 [ -21.672993    100.209755     19.849358  ]
 [   0.14643031    0.03063203    0.        ]
 [   0.            0.            0.1496    ]]

iter 04 cost=58.633269 -> 15.731290 |dtheta|=3.021233e+00  lambda=1.235e-04

============================================================
Iteration 5
============================================================
Theta offsets (Unity frame):
  Source   : dSx=   0.000, dSy=   0.000, dSz=   0.000  (mm)
  Object   : dOx= -10.023, dOy=   4.849, dOz= -17.453  (mm)
  Object offset: offset_x=   0.718, offset_z=  -0.071  (mm)
  Detector : dDx=   0.000, dDy=   0.000, dDz=   0.000  (mm)
  Obj Stage rotY :   11.815 deg
============================================================

Unity geometry (world coordinates):
  Source   : x=   0.000, y=  45.000, z=   0.000
  Object   : x=  -0.023, y=  19.849, z= 571.547
  Detector : x=   0.000, y=   0.000, z= 674.000
  Obj rotY :   0.0000 deg
view   0 | SOD= 572.029 mm | SDD= 675.501 mm | M= 1.181 | incident=3.8197°
[[ 116.33496    -559.50977     -25.150642  ]
 [ -21.672993    100.209755     19.849358  ]
 [   0.14643031    0.03063203    0.        ]
 [   0.            0.            0.1496    ]]
Residual vector length: 30, Jacobian shape: (30, 6)
view   0 | SOD= 571.485 mm | SDD= 675.501 mm | M= 1.182 | incident=3.8197°
[[ 112.048256   -559.83356     -25.036596  ]
 [ -20.658342    100.97272      19.963404  ]
 [   0.14667155    0.02945535    0.        ]
 [   0.            0.            0.1496    ]]

iter 05 cost=15.731290 -> 4.356425 |dtheta|=8.051017e-01  lambda=4.115e-05

============================================================
Iteration 6
============================================================
Theta offsets (Unity frame):
  Source   : dSx=   0.000, dSy=   0.000, dSz=   0.000  (mm)
  Object   : dOx= -10.042, dOy=   4.963, dOz= -18.028  (mm)
  Object offset: offset_x=   0.415, offset_z=  -0.036  (mm)
  Detector : dDx=   0.000, dDy=   0.000, dDz=   0.000  (mm)
  Obj Stage rotY :   11.355 deg
============================================================

Unity geometry (world coordinates):
  Source   : x=   0.000, y=  45.000, z=   0.000
  Object   : x=  -0.042, y=  19.963, z= 570.972
  Detector : x=   0.000, y=   0.000, z= 674.000
  Obj rotY :   0.0000 deg
view   0 | SOD= 571.485 mm | SDD= 675.501 mm | M= 1.182 | incident=3.8197°
[[ 112.048256   -559.83356     -25.036596  ]
 [ -20.658342    100.97272      19.963404  ]
 [   0.14667155    0.02945535    0.        ]
 [   0.            0.            0.1496    ]]
Residual vector length: 30, Jacobian shape: (30, 6)
view   0 | SOD= 571.095 mm | SDD= 675.501 mm | M= 1.183 | incident=3.8197°
[[ 110.65985   -559.7131     -25.006618 ]
 [ -20.510622   101.39988     19.993382 ]
 [   0.1467396    0.0291144    0.       ]
 [   0.           0.           0.1496   ]]

iter 06 cost=4.356425 -> 2.220797 |dtheta|=3.874662e-01  lambda=1.372e-05

============================================================
Iteration 7
============================================================
Theta offsets (Unity frame):
  Source   : dSx=   0.000, dSy=   0.000, dSz=   0.000  (mm)
  Object   : dOx= -10.004, dOy=   4.993, dOz= -18.386  (mm)
  Object offset: offset_x=   0.389, offset_z=  -0.066  (mm)
  Detector : dDx=   0.000, dDy=   0.000, dDz=   0.000  (mm)
  Obj Stage rotY :   11.222 deg
============================================================

Unity geometry (world coordinates):
  Source   : x=   0.000, y=  45.000, z=   0.000
  Object   : x=  -0.004, y=  19.993, z= 570.614
  Detector : x=   0.000, y=   0.000, z= 674.000
  Obj rotY :   0.0000 deg
view   0 | SOD= 571.095 mm | SDD= 675.501 mm | M= 1.183 | incident=3.8197°
[[ 110.65985   -559.7131     -25.006618 ]
 [ -20.510622   101.39988     19.993382 ]
 [   0.1467396    0.0291144    0.       ]
 [   0.           0.           0.1496   ]]
Residual vector length: 30, Jacobian shape: (30, 6)
view   0 | SOD= 570.633 mm | SDD= 675.501 mm | M= 1.184 | incident=3.8197°
[[ 110.977905   -559.179       -24.990454  ]
 [ -20.66604     101.83978      20.009546  ]
 [   0.14671871    0.02921949    0.        ]
 [   0.            0.            0.1496    ]]

iter 07 cost=2.220797 -> 1.403422 |dtheta|=4.508993e-01  lambda=4.572e-06

============================================================
Iteration 8
============================================================
Theta offsets (Unity frame):
  Source   : dSx=   0.000, dSy=   0.000, dSz=   0.000  (mm)
  Object   : dOx= -10.018, dOy=   5.010, dOz= -18.835  (mm)
  Object offset: offset_x=   0.395, offset_z=  -0.080  (mm)
  Detector : dDx=   0.000, dDy=   0.000, dDz=   0.000  (mm)
  Obj Stage rotY :   11.263 deg
============================================================

Unity geometry (world coordinates):
  Source   : x=   0.000, y=  45.000, z=   0.000
  Object   : x=  -0.018, y=  20.010, z= 570.165
  Detector : x=   0.000, y=   0.000, z= 674.000
  Obj rotY :   0.0000 deg
view   0 | SOD= 570.633 mm | SDD= 675.501 mm | M= 1.184 | incident=3.8197°
[[ 110.977905   -559.179       -24.990454  ]
 [ -20.66604     101.83978      20.009546  ]
 [   0.14671871    0.02921949    0.        ]
 [   0.            0.            0.1496    ]]
Residual vector length: 30, Jacobian shape: (30, 6)
view   0 | SOD= 570.159 mm | SDD= 675.501 mm | M= 1.185 | incident=3.8197°
[[ 110.53362    -558.7836      -24.978426  ]
 [ -20.687693    102.31918      20.021574  ]
 [   0.14673737    0.02912568    0.        ]
 [   0.            0.            0.1496    ]]

iter 08 cost=1.403422 -> 1.544333 |dtheta|=4.497497e-01  lambda=1.524e-06

============================================================
Iteration 9
============================================================
Theta offsets (Unity frame):
  Source   : dSx=   0.000, dSy=   0.000, dSz=   0.000  (mm)
  Object   : dOx= -10.018, dOy=   5.010, dOz= -18.835  (mm)
  Object offset: offset_x=   0.395, offset_z=  -0.080  (mm)
  Detector : dDx=   0.000, dDy=   0.000, dDz=   0.000  (mm)
  Obj Stage rotY :   11.263 deg
============================================================

Unity geometry (world coordinates):
  Source   : x=   0.000, y=  45.000, z=   0.000
  Object   : x=  -0.018, y=  20.010, z= 570.165
  Detector : x=   0.000, y=   0.000, z= 674.000
  Obj rotY :   0.0000 deg
view   0 | SOD= 570.633 mm | SDD= 675.501 mm | M= 1.184 | incident=3.8197°
[[ 110.977905   -559.179       -24.990454  ]
 [ -20.66604     101.83978      20.009546  ]
 [   0.14671871    0.02921949    0.        ]
 [   0.            0.            0.1496    ]]
Residual vector length: 30, Jacobian shape: (30, 6)
view   0 | SOD= 570.159 mm | SDD= 675.501 mm | M= 1.185 | incident=3.8197°
[[ 110.53362    -558.7836      -24.978426  ]
 [ -20.687693    102.31918      20.021574  ]
 [   0.14673737    0.02912568    0.        ]
 [   0.            0.            0.1496    ]]

iter 09 cost=1.403422 -> 1.544333 |dtheta|=4.497493e-01  lambda=7.621e-06

============================================================
Iteration 10
============================================================
Theta offsets (Unity frame):
  Source   : dSx=   0.000, dSy=   0.000, dSz=   0.000  (mm)
  Object   : dOx= -10.018, dOy=   5.010, dOz= -18.835  (mm)
  Object offset: offset_x=   0.395, offset_z=  -0.080  (mm)
  Detector : dDx=   0.000, dDy=   0.000, dDz=   0.000  (mm)
  Obj Stage rotY :   11.263 deg
============================================================

Unity geometry (world coordinates):
  Source   : x=   0.000, y=  45.000, z=   0.000
  Object   : x=  -0.018, y=  20.010, z= 570.165
  Detector : x=   0.000, y=   0.000, z= 674.000
  Obj rotY :   0.0000 deg
view   0 | SOD= 570.633 mm | SDD= 675.501 mm | M= 1.184 | incident=3.8197°
[[ 110.977905   -559.179       -24.990454  ]
 [ -20.66604     101.83978      20.009546  ]
 [   0.14671871    0.02921949    0.        ]
 [   0.            0.            0.1496    ]]
Residual vector length: 30, Jacobian shape: (30, 6)
view   0 | SOD= 570.159 mm | SDD= 675.501 mm | M= 1.185 | incident=3.8197°
[[ 110.53362    -558.7836      -24.978426  ]
 [ -20.687693    102.31918      20.021574  ]
 [   0.14673737    0.02912568    0.        ]
 [   0.            0.            0.1496    ]]

iter 10 cost=1.403422 -> 1.544333 |dtheta|=4.497469e-01  lambda=3.810e-05

============================================================
Iteration 11
============================================================
Theta offsets (Unity frame):
  Source   : dSx=   0.000, dSy=   0.000, dSz=   0.000  (mm)
  Object   : dOx= -10.018, dOy=   5.010, dOz= -18.835  (mm)
  Object offset: offset_x=   0.395, offset_z=  -0.080  (mm)
  Detector : dDx=   0.000, dDy=   0.000, dDz=   0.000  (mm)
  Obj Stage rotY :   11.263 deg
============================================================

Unity geometry (world coordinates):
  Source   : x=   0.000, y=  45.000, z=   0.000
  Object   : x=  -0.018, y=  20.010, z= 570.165
  Detector : x=   0.000, y=   0.000, z= 674.000
  Obj rotY :   0.0000 deg
view   0 | SOD= 570.633 mm | SDD= 675.501 mm | M= 1.184 | incident=3.8197°
[[ 110.977905   -559.179       -24.990454  ]
 [ -20.66604     101.83978      20.009546  ]
 [   0.14671871    0.02921949    0.        ]
 [   0.            0.            0.1496    ]]
Residual vector length: 30, Jacobian shape: (30, 6)
view   0 | SOD= 570.159 mm | SDD= 675.501 mm | M= 1.185 | incident=3.8197°
[[ 110.53361    -558.7836      -24.978426  ]
 [ -20.68769     102.31918      20.021574  ]
 [   0.14673737    0.02912568    0.        ]
 [   0.            0.            0.1496    ]]

iter 11 cost=1.403422 -> 1.544333 |dtheta|=4.497352e-01  lambda=1.905e-04

============================================================
Iteration 12
============================================================
Theta offsets (Unity frame):
  Source   : dSx=   0.000, dSy=   0.000, dSz=   0.000  (mm)
  Object   : dOx= -10.018, dOy=   5.010, dOz= -18.835  (mm)
  Object offset: offset_x=   0.395, offset_z=  -0.080  (mm)
  Detector : dDx=   0.000, dDy=   0.000, dDz=   0.000  (mm)
  Obj Stage rotY :   11.263 deg
============================================================

Unity geometry (world coordinates):
  Source   : x=   0.000, y=  45.000, z=   0.000
  Object   : x=  -0.018, y=  20.010, z= 570.165
  Detector : x=   0.000, y=   0.000, z= 674.000
  Obj rotY :   0.0000 deg
view   0 | SOD= 570.633 mm | SDD= 675.501 mm | M= 1.184 | incident=3.8197°
[[ 110.977905   -559.179       -24.990454  ]
 [ -20.66604     101.83978      20.009546  ]
 [   0.14671871    0.02921949    0.        ]
 [   0.            0.            0.1496    ]]
Residual vector length: 30, Jacobian shape: (30, 6)
view   0 | SOD= 570.159 mm | SDD= 675.501 mm | M= 1.185 | incident=3.8197°
[[ 110.53358    -558.78375     -24.978428  ]
 [ -20.687666    102.31913      20.021572  ]
 [   0.14673737    0.02912566    0.        ]
 [   0.            0.            0.1496    ]]

iter 12 cost=1.403422 -> 1.544333 |dtheta|=4.496765e-01  lambda=9.526e-04

============================================================
Iteration 13
============================================================
Theta offsets (Unity frame):
  Source   : dSx=   0.000, dSy=   0.000, dSz=   0.000  (mm)
  Object   : dOx= -10.018, dOy=   5.010, dOz= -18.835  (mm)
  Object offset: offset_x=   0.395, offset_z=  -0.080  (mm)
  Detector : dDx=   0.000, dDy=   0.000, dDz=   0.000  (mm)
  Obj Stage rotY :   11.263 deg
============================================================

Unity geometry (world coordinates):
  Source   : x=   0.000, y=  45.000, z=   0.000
  Object   : x=  -0.018, y=  20.010, z= 570.165
  Detector : x=   0.000, y=   0.000, z= 674.000
  Obj rotY :   0.0000 deg
view   0 | SOD= 570.633 mm | SDD= 675.501 mm | M= 1.184 | incident=3.8197°
[[ 110.977905   -559.179       -24.990454  ]
 [ -20.66604     101.83978      20.009546  ]
 [   0.14671871    0.02921949    0.        ]
 [   0.            0.            0.1496    ]]
Residual vector length: 30, Jacobian shape: (30, 6)
view   0 | SOD= 570.159 mm | SDD= 675.501 mm | M= 1.185 | incident=3.8197°
[[ 110.53341    -558.7841      -24.978434  ]
 [ -20.687534    102.31878      20.021566  ]
 [   0.14673738    0.0291256     0.        ]
 [   0.            0.            0.1496    ]]

iter 13 cost=1.403422 -> 1.544333 |dtheta|=4.493834e-01  lambda=4.763e-03

============================================================
Iteration 14
============================================================
Theta offsets (Unity frame):
  Source   : dSx=   0.000, dSy=   0.000, dSz=   0.000  (mm)
  Object   : dOx= -10.018, dOy=   5.010, dOz= -18.835  (mm)
  Object offset: offset_x=   0.395, offset_z=  -0.080  (mm)
  Detector : dDx=   0.000, dDy=   0.000, dDz=   0.000  (mm)
  Obj Stage rotY :   11.263 deg
============================================================

Unity geometry (world coordinates):
  Source   : x=   0.000, y=  45.000, z=   0.000
  Object   : x=  -0.018, y=  20.010, z= 570.165
  Detector : x=   0.000, y=   0.000, z= 674.000
  Obj rotY :   0.0000 deg
view   0 | SOD= 570.633 mm | SDD= 675.501 mm | M= 1.184 | incident=3.8197°
[[ 110.977905   -559.179       -24.990454  ]
 [ -20.66604     101.83978      20.009546  ]
 [   0.14671871    0.02921949    0.        ]
 [   0.            0.            0.1496    ]]
Residual vector length: 30, Jacobian shape: (30, 6)
view   0 | SOD= 570.161 mm | SDD= 675.501 mm | M= 1.185 | incident=3.8197°
[[ 110.532524   -558.78595     -24.978468  ]
 [ -20.686928    102.31728      20.021532  ]
 [   0.14673744    0.02912527    0.        ]
 [   0.            0.            0.1496    ]]

iter 14 cost=1.403422 -> 1.543951 |dtheta|=4.479237e-01  lambda=2.381e-02

============================================================
Iteration 15
============================================================
Theta offsets (Unity frame):
  Source   : dSx=   0.000, dSy=   0.000, dSz=   0.000  (mm)
  Object   : dOx= -10.018, dOy=   5.010, dOz= -18.835  (mm)
  Object offset: offset_x=   0.395, offset_z=  -0.080  (mm)
  Detector : dDx=   0.000, dDy=   0.000, dDz=   0.000  (mm)
  Obj Stage rotY :   11.263 deg
============================================================

Unity geometry (world coordinates):
  Source   : x=   0.000, y=  45.000, z=   0.000
  Object   : x=  -0.018, y=  20.010, z= 570.165
  Detector : x=   0.000, y=   0.000, z= 674.000
  Obj rotY :   0.0000 deg
view   0 | SOD= 570.633 mm | SDD= 675.501 mm | M= 1.184 | incident=3.8197°
[[ 110.977905   -559.179       -24.990454  ]
 [ -20.66604     101.83978      20.009546  ]
 [   0.14671871    0.02921949    0.        ]
 [   0.            0.            0.1496    ]]
Residual vector length: 30, Jacobian shape: (30, 6)
view   0 | SOD= 570.168 mm | SDD= 675.501 mm | M= 1.185 | incident=3.8197°
[[ 110.52825    -558.7947      -24.97863   ]
 [ -20.683966    102.309975     20.02137   ]
 [   0.14673777    0.02912366    0.        ]
 [   0.            0.            0.1496    ]]

iter 15 cost=1.403422 -> 1.520342 |dtheta|=4.407720e-01  lambda=1.191e-01

============================================================
Iteration 16
============================================================
Theta offsets (Unity frame):
  Source   : dSx=   0.000, dSy=   0.000, dSz=   0.000  (mm)
  Object   : dOx= -10.018, dOy=   5.010, dOz= -18.835  (mm)
  Object offset: offset_x=   0.395, offset_z=  -0.080  (mm)
  Detector : dDx=   0.000, dDy=   0.000, dDz=   0.000  (mm)
  Obj Stage rotY :   11.263 deg
============================================================

Unity geometry (world coordinates):
  Source   : x=   0.000, y=  45.000, z=   0.000
  Object   : x=  -0.018, y=  20.010, z= 570.165
  Detector : x=   0.000, y=   0.000, z= 674.000
  Obj rotY :   0.0000 deg
view   0 | SOD= 570.633 mm | SDD= 675.501 mm | M= 1.184 | incident=3.8197°
[[ 110.977905   -559.179       -24.990454  ]
 [ -20.66604     101.83978      20.009546  ]
 [   0.14671871    0.02921949    0.        ]
 [   0.            0.            0.1496    ]]
Residual vector length: 30, Jacobian shape: (30, 6)
view   0 | SOD= 570.204 mm | SDD= 675.501 mm | M= 1.185 | incident=3.8197°
[[ 110.510155   -558.83435     -24.979378  ]
 [ -20.67077     102.27652      20.020622  ]
 [   0.14673914    0.02911671    0.        ]
 [   0.            0.            0.1496    ]]

iter 16 cost=1.403422 -> 1.434958 |dtheta|=4.083344e-01  lambda=5.954e-01

============================================================
Iteration 17
============================================================
Theta offsets (Unity frame):
  Source   : dSx=   0.000, dSy=   0.000, dSz=   0.000  (mm)
  Object   : dOx= -10.018, dOy=   5.010, dOz= -18.835  (mm)
  Object offset: offset_x=   0.395, offset_z=  -0.080  (mm)
  Detector : dDx=   0.000, dDy=   0.000, dDz=   0.000  (mm)
  Obj Stage rotY :   11.263 deg
============================================================

Unity geometry (world coordinates):
  Source   : x=   0.000, y=  45.000, z=   0.000
  Object   : x=  -0.018, y=  20.010, z= 570.165
  Detector : x=   0.000, y=   0.000, z= 674.000
  Obj rotY :   0.0000 deg
view   0 | SOD= 570.633 mm | SDD= 675.501 mm | M= 1.184 | incident=3.8197°
[[ 110.977905   -559.179       -24.990454  ]
 [ -20.66604     101.83978      20.009546  ]
 [   0.14671871    0.02921949    0.        ]
 [   0.            0.            0.1496    ]]
Residual vector length: 30, Jacobian shape: (30, 6)
view   0 | SOD= 570.322 mm | SDD= 675.501 mm | M= 1.184 | incident=3.8197°
[[ 110.469765   -558.96295     -24.982025  ]
 [ -20.631336    102.163734     20.017975  ]
 [   0.14674266    0.029099      0.        ]
 [   0.            0.            0.1496    ]]

iter 17 cost=1.403422 -> 1.290721 |dtheta|=3.004149e-01  lambda=2.977e+00

============================================================
Iteration 18
============================================================
Theta offsets (Unity frame):
  Source   : dSx=   0.000, dSy=   0.000, dSz=   0.000  (mm)
  Object   : dOx= -10.008, dOy=   5.018, dOz= -19.130  (mm)
  Object offset: offset_x=   0.373, offset_z=  -0.096  (mm)
  Detector : dDx=   0.000, dDy=   0.000, dDz=   0.000  (mm)
  Obj Stage rotY :   11.216 deg
============================================================

Unity geometry (world coordinates):
  Source   : x=   0.000, y=  45.000, z=   0.000
  Object   : x=  -0.008, y=  20.018, z= 569.870
  Detector : x=   0.000, y=   0.000, z= 674.000
  Obj rotY :   0.0000 deg
view   0 | SOD= 570.322 mm | SDD= 675.501 mm | M= 1.184 | incident=3.8197°
[[ 110.469765   -558.96295     -24.982025  ]
 [ -20.631336    102.163734     20.017975  ]
 [   0.14674266    0.029099      0.        ]
 [   0.            0.            0.1496    ]]
Residual vector length: 30, Jacobian shape: (30, 6)
view   0 | SOD= 570.445 mm | SDD= 675.501 mm | M= 1.184 | incident=3.8197°
[[ 109.88478    -559.20276     -24.998108  ]
 [ -20.465076    102.07246      20.001892  ]
 [   0.14677563    0.02893225    0.        ]
 [   0.            0.            0.1496    ]]

iter 18 cost=1.290721 -> 1.113688 |dtheta|=1.243339e-01  lambda=9.923e-01

============================================================
Iteration 19
============================================================
Theta offsets (Unity frame):
  Source   : dSx=   0.000, dSy=   0.000, dSz=   0.000  (mm)
  Object   : dOx= -10.021, dOy=   5.002, dOz= -19.029  (mm)
  Object offset: offset_x=   0.359, offset_z=  -0.074  (mm)
  Detector : dDx=   0.000, dDy=   0.000, dDz=   0.000  (mm)
  Obj Stage rotY :   11.151 deg
============================================================

Unity geometry (world coordinates):
  Source   : x=   0.000, y=  45.000, z=   0.000
  Object   : x=  -0.021, y=  20.002, z= 569.971
  Detector : x=   0.000, y=   0.000, z= 674.000
  Obj rotY :   0.0000 deg
view   0 | SOD= 570.445 mm | SDD= 675.501 mm | M= 1.184 | incident=3.8197°
[[ 109.88478    -559.20276     -24.998108  ]
 [ -20.465076    102.07246      20.001892  ]
 [   0.14677563    0.02893225    0.        ]
 [   0.            0.            0.1496    ]]
Residual vector length: 30, Jacobian shape: (30, 6)
view   0 | SOD= 570.561 mm | SDD= 675.501 mm | M= 1.184 | incident=3.8197°
[[ 109.3033     -559.4345      -25.008017  ]
 [ -20.32146     101.983246     19.991983  ]
 [   0.14680725    0.02877131    0.        ]
 [   0.            0.            0.1496    ]]

iter 19 cost=1.113688 -> 1.036908 |dtheta|=1.340405e-01  lambda=3.308e-01

============================================================
Iteration 20
============================================================
Theta offsets (Unity frame):
  Source   : dSx=   0.000, dSy=   0.000, dSz=   0.000  (mm)
  Object   : dOx= -10.009, dOy=   4.992, dOz= -18.914  (mm)
  Object offset: offset_x=   0.338, offset_z=  -0.074  (mm)
  Detector : dDx=   0.000, dDy=   0.000, dDz=   0.000  (mm)
  Obj Stage rotY :   11.088 deg
============================================================

Unity geometry (world coordinates):
  Source   : x=   0.000, y=  45.000, z=   0.000
  Object   : x=  -0.009, y=  19.992, z= 570.086
  Detector : x=   0.000, y=   0.000, z= 674.000
  Obj rotY :   0.0000 deg
view   0 | SOD= 570.561 mm | SDD= 675.501 mm | M= 1.184 | incident=3.8197°
[[ 109.3033     -559.4345      -25.008017  ]
 [ -20.32146     101.983246     19.991983  ]
 [   0.14680725    0.02877131    0.        ]
 [   0.            0.            0.1496    ]]
Residual vector length: 30, Jacobian shape: (30, 6)
view   0 | SOD= 570.541 mm | SDD= 675.501 mm | M= 1.184 | incident=3.8197°
[[ 109.69847    -559.3371      -25.00223   ]
 [ -20.416203    101.98441      19.99777   ]
 [   0.1467859     0.02888005    0.        ]
 [   0.            0.            0.1496    ]]

iter 20 cost=1.036908 -> 1.098486 |dtheta|=5.124090e-02  lambda=1.103e-01

============================================================
Iteration 21
============================================================
Theta offsets (Unity frame):
  Source   : dSx=   0.000, dSy=   0.000, dSz=   0.000  (mm)
  Object   : dOx= -10.009, dOy=   4.992, dOz= -18.914  (mm)
  Object offset: offset_x=   0.338, offset_z=  -0.074  (mm)
  Detector : dDx=   0.000, dDy=   0.000, dDz=   0.000  (mm)
  Obj Stage rotY :   11.088 deg
============================================================

Unity geometry (world coordinates):
  Source   : x=   0.000, y=  45.000, z=   0.000
  Object   : x=  -0.009, y=  19.992, z= 570.086
  Detector : x=   0.000, y=   0.000, z= 674.000
  Obj rotY :   0.0000 deg
view   0 | SOD= 570.561 mm | SDD= 675.501 mm | M= 1.184 | incident=3.8197°
[[ 109.3033     -559.4345      -25.008017  ]
 [ -20.32146     101.983246     19.991983  ]
 [   0.14680725    0.02877131    0.        ]
 [   0.            0.            0.1496    ]]
Residual vector length: 30, Jacobian shape: (30, 6)
view   0 | SOD= 570.542 mm | SDD= 675.501 mm | M= 1.184 | incident=3.8197°
[[ 109.6882     -559.33984     -25.002192  ]
 [ -20.413923    101.984184     19.997808  ]
 [   0.14678645    0.02887727    0.        ]
 [   0.            0.            0.1496    ]]

iter 21 cost=1.036908 -> 1.094560 |dtheta|=4.999138e-02  lambda=5.513e-01

============================================================
Iteration 22
============================================================
Theta offsets (Unity frame):
  Source   : dSx=   0.000, dSy=   0.000, dSz=   0.000  (mm)
  Object   : dOx= -10.009, dOy=   4.992, dOz= -18.914  (mm)
  Object offset: offset_x=   0.338, offset_z=  -0.074  (mm)
  Detector : dDx=   0.000, dDy=   0.000, dDz=   0.000  (mm)
  Obj Stage rotY :   11.088 deg
============================================================

Unity geometry (world coordinates):
  Source   : x=   0.000, y=  45.000, z=   0.000
  Object   : x=  -0.009, y=  19.992, z= 570.086
  Detector : x=   0.000, y=   0.000, z= 674.000
  Obj rotY :   0.0000 deg
view   0 | SOD= 570.561 mm | SDD= 675.501 mm | M= 1.184 | incident=3.8197°
[[ 109.3033     -559.4345      -25.008017  ]
 [ -20.32146     101.983246     19.991983  ]
 [   0.14680725    0.02877131    0.        ]
 [   0.            0.            0.1496    ]]
Residual vector length: 30, Jacobian shape: (30, 6)
view   0 | SOD= 570.544 mm | SDD= 675.501 mm | M= 1.184 | incident=3.8197°
[[ 109.643684   -559.3514      -25.002028  ]
 [ -20.404062    101.98329      19.997972  ]
 [   0.14678884    0.0288652     0.        ]
 [   0.            0.            0.1496    ]]

iter 22 cost=1.036908 -> 1.030815 |dtheta|=4.461494e-02  lambda=2.756e+00

============================================================
Iteration 23
============================================================
Theta offsets (Unity frame):
  Source   : dSx=   0.000, dSy=   0.000, dSz=   0.000  (mm)
  Object   : dOx= -10.012, dOy=   4.998, dOz= -18.931  (mm)
  Object offset: offset_x=   0.355, offset_z=  -0.072  (mm)
  Detector : dDx=   0.000, dDy=   0.000, dDz=   0.000  (mm)
  Obj Stage rotY :   11.125 deg
============================================================

Unity geometry (world coordinates):
  Source   : x=   0.000, y=  45.000, z=   0.000
  Object   : x=  -0.012, y=  19.998, z= 570.069
  Detector : x=   0.000, y=   0.000, z= 674.000
  Obj rotY :   0.0000 deg
view   0 | SOD= 570.544 mm | SDD= 675.501 mm | M= 1.184 | incident=3.8197°
[[ 109.643684   -559.3514      -25.002028  ]
 [ -20.404062    101.98329      19.997972  ]
 [   0.14678884    0.0288652     0.        ]
 [   0.            0.            0.1496    ]]
Residual vector length: 30, Jacobian shape: (30, 6)
view   0 | SOD= 570.572 mm | SDD= 675.501 mm | M= 1.184 | incident=3.8197°
[[ 108.44808    -559.61316     -25.000555  ]
 [ -20.123356    102.01016      19.999445  ]
 [   0.14685288    0.02853752    0.        ]
 [   0.            0.            0.1496    ]]

iter 23 cost=1.030815 -> 0.848246 |dtheta|=1.366355e-01  lambda=9.188e-01

============================================================
Iteration 24
============================================================
Theta offsets (Unity frame):
  Source   : dSx=   0.000, dSy=   0.000, dSz=   0.000  (mm)
  Object   : dOx= -10.017, dOy=   4.999, dOz= -18.919  (mm)
  Object offset: offset_x=   0.312, offset_z=  -0.057  (mm)
  Detector : dDx=   0.000, dDy=   0.000, dDz=   0.000  (mm)
  Obj Stage rotY :   10.997 deg
============================================================

Unity geometry (world coordinates):
  Source   : x=   0.000, y=  45.000, z=   0.000
  Object   : x=  -0.017, y=  19.999, z= 570.081
  Detector : x=   0.000, y=   0.000, z= 674.000
  Obj rotY :   0.0000 deg
view   0 | SOD= 570.572 mm | SDD= 675.501 mm | M= 1.184 | incident=3.8197°
[[ 108.44808    -559.61316     -25.000555  ]
 [ -20.123356    102.01016      19.999445  ]
 [   0.14685288    0.02853752    0.        ]
 [   0.            0.            0.1496    ]]
Residual vector length: 30, Jacobian shape: (30, 6)
view   0 | SOD= 570.686 mm | SDD= 675.501 mm | M= 1.184 | incident=3.8197°
[[ 107.93842    -559.8268      -25.007015  ]
 [ -19.992785    101.92061      19.992985  ]
 [   0.14688043    0.02839541    0.        ]
 [   0.            0.            0.1496    ]]

iter 24 cost=0.848246 -> 0.882258 |dtheta|=1.256042e-01  lambda=3.063e-01

============================================================
Iteration 25
============================================================
Theta offsets (Unity frame):
  Source   : dSx=   0.000, dSy=   0.000, dSz=   0.000  (mm)
  Object   : dOx= -10.017, dOy=   4.999, dOz= -18.919  (mm)
  Object offset: offset_x=   0.312, offset_z=  -0.057  (mm)
  Detector : dDx=   0.000, dDy=   0.000, dDz=   0.000  (mm)
  Obj Stage rotY :   10.997 deg
============================================================

Unity geometry (world coordinates):
  Source   : x=   0.000, y=  45.000, z=   0.000
  Object   : x=  -0.017, y=  19.999, z= 570.081
  Detector : x=   0.000, y=   0.000, z= 674.000
  Obj rotY :   0.0000 deg
view   0 | SOD= 570.572 mm | SDD= 675.501 mm | M= 1.184 | incident=3.8197°
[[ 108.44808    -559.61316     -25.000555  ]
 [ -20.123356    102.01016      19.999445  ]
 [   0.14685288    0.02853752    0.        ]
 [   0.            0.            0.1496    ]]
Residual vector length: 30, Jacobian shape: (30, 6)
view   0 | SOD= 570.677 mm | SDD= 675.501 mm | M= 1.184 | incident=3.8197°
[[ 107.973      -559.81146     -25.006659  ]
 [ -20.002298    101.92739      19.993341  ]
 [   0.14687854    0.0284052     0.        ]
 [   0.            0.            0.1496    ]]

iter 25 cost=0.848246 -> 0.880930 |dtheta|=1.168177e-01  lambda=1.531e+00

============================================================
Iteration 26
============================================================
Theta offsets (Unity frame):
  Source   : dSx=   0.000, dSy=   0.000, dSz=   0.000  (mm)
  Object   : dOx= -10.017, dOy=   4.999, dOz= -18.919  (mm)
  Object offset: offset_x=   0.312, offset_z=  -0.057  (mm)
  Detector : dDx=   0.000, dDy=   0.000, dDz=   0.000  (mm)
  Obj Stage rotY :   10.997 deg
============================================================

Unity geometry (world coordinates):
  Source   : x=   0.000, y=  45.000, z=   0.000
  Object   : x=  -0.017, y=  19.999, z= 570.081
  Detector : x=   0.000, y=   0.000, z= 674.000
  Obj rotY :   0.0000 deg
view   0 | SOD= 570.572 mm | SDD= 675.501 mm | M= 1.184 | incident=3.8197°
[[ 108.44808    -559.61316     -25.000555  ]
 [ -20.123356    102.01016      19.999445  ]
 [   0.14685288    0.02853752    0.        ]
 [   0.            0.            0.1496    ]]
Residual vector length: 30, Jacobian shape: (30, 6)
view   0 | SOD= 570.648 mm | SDD= 675.501 mm | M= 1.184 | incident=3.8197°
[[ 108.092674   -559.75854     -25.005434  ]
 [ -20.035242    101.95079      19.994566  ]
 [   0.14687198    0.02843907    0.        ]
 [   0.            0.            0.1496    ]]

iter 26 cost=0.848246 -> 0.864482 |dtheta|=8.669708e-02  lambda=7.657e+00

============================================================
Iteration 27
============================================================
Theta offsets (Unity frame):
  Source   : dSx=   0.000, dSy=   0.000, dSz=   0.000  (mm)
  Object   : dOx= -10.017, dOy=   4.999, dOz= -18.919  (mm)
  Object offset: offset_x=   0.312, offset_z=  -0.057  (mm)
  Detector : dDx=   0.000, dDy=   0.000, dDz=   0.000  (mm)
  Obj Stage rotY :   10.997 deg
============================================================

Unity geometry (world coordinates):
  Source   : x=   0.000, y=  45.000, z=   0.000
  Object   : x=  -0.017, y=  19.999, z= 570.081
  Detector : x=   0.000, y=   0.000, z= 674.000
  Obj rotY :   0.0000 deg
view   0 | SOD= 570.572 mm | SDD= 675.501 mm | M= 1.184 | incident=3.8197°
[[ 108.44808    -559.61316     -25.000555  ]
 [ -20.123356    102.01016      19.999445  ]
 [   0.14685288    0.02853752    0.        ]
 [   0.            0.            0.1496    ]]
Residual vector length: 30, Jacobian shape: (30, 6)
view   0 | SOD= 570.601 mm | SDD= 675.501 mm | M= 1.184 | incident=3.8197°
[[ 108.288284   -559.6736      -25.003475  ]
 [ -20.088802    101.98743      19.996525  ]
 [   0.14686126    0.02849438    0.        ]
 [   0.            0.            0.1496    ]]

iter 27 cost=0.848246 -> 0.840217 |dtheta|=3.890758e-02  lambda=3.828e+01

============================================================
Iteration 28
============================================================
Theta offsets (Unity frame):
  Source   : dSx=   0.000, dSy=   0.000, dSz=   0.000  (mm)
  Object   : dOx= -10.008, dOy=   4.997, dOz= -18.886  (mm)
  Object offset: offset_x=   0.303, offset_z=  -0.060  (mm)
  Detector : dDx=   0.000, dDy=   0.000, dDz=   0.000  (mm)
  Obj Stage rotY :   10.980 deg
============================================================

Unity geometry (world coordinates):
  Source   : x=   0.000, y=  45.000, z=   0.000
  Object   : x=  -0.008, y=  19.997, z= 570.114
  Detector : x=   0.000, y=   0.000, z= 674.000
  Obj rotY :   0.0000 deg
view   0 | SOD= 570.601 mm | SDD= 675.501 mm | M= 1.184 | incident=3.8197°
[[ 108.288284   -559.6736      -25.003475  ]
 [ -20.088802    101.98743      19.996525  ]
 [   0.14686126    0.02849438    0.        ]
 [   0.            0.            0.1496    ]]
Residual vector length: 30, Jacobian shape: (30, 6)
view   0 | SOD= 570.563 mm | SDD= 675.501 mm | M= 1.184 | incident=3.8197°
[[ 108.4563     -559.6023      -24.99989   ]
 [ -20.13672     102.016815     20.00011   ]
 [   0.14685196    0.02854231    0.        ]
 [   0.            0.            0.1496    ]]

iter 28 cost=0.840217 -> 0.747457 |dtheta|=3.939125e-02  lambda=1.276e+01

============================================================
Iteration 29
============================================================
Theta offsets (Unity frame):
  Source   : dSx=   0.000, dSy=   0.000, dSz=   0.000  (mm)
  Object   : dOx= -10.009, dOy=   5.000, dOz= -18.919  (mm)
  Object offset: offset_x=   0.312, offset_z=  -0.065  (mm)
  Detector : dDx=   0.000, dDy=   0.000, dDz=   0.000  (mm)
  Obj Stage rotY :   10.999 deg
============================================================

Unity geometry (world coordinates):
  Source   : x=   0.000, y=  45.000, z=   0.000
  Object   : x=  -0.009, y=  20.000, z= 570.081
  Detector : x=   0.000, y=   0.000, z= 674.000
  Obj rotY :   0.0000 deg
view   0 | SOD= 570.563 mm | SDD= 675.501 mm | M= 1.184 | incident=3.8197°
[[ 108.4563     -559.6023      -24.99989   ]
 [ -20.13672     102.016815     20.00011   ]
 [   0.14685196    0.02854231    0.        ]
 [   0.            0.            0.1496    ]]
Residual vector length: 30, Jacobian shape: (30, 6)
view   0 | SOD= 570.643 mm | SDD= 675.501 mm | M= 1.184 | incident=3.8197°
[[ 107.62903    -559.8429      -25.00352   ]
 [ -19.941612    101.9741       19.99648   ]
 [   0.14689587    0.02831538    0.        ]
 [   0.            0.            0.1496    ]]

iter 29 cost=0.747457 -> 0.762667 |dtheta|=1.139164e-01  lambda=4.254e+00

============================================================
Iteration 30
============================================================
Theta offsets (Unity frame):
  Source   : dSx=   0.000, dSy=   0.000, dSz=   0.000  (mm)
  Object   : dOx= -10.009, dOy=   5.000, dOz= -18.919  (mm)
  Object offset: offset_x=   0.312, offset_z=  -0.065  (mm)
  Detector : dDx=   0.000, dDy=   0.000, dDz=   0.000  (mm)
  Obj Stage rotY :   10.999 deg
============================================================

Unity geometry (world coordinates):
  Source   : x=   0.000, y=  45.000, z=   0.000
  Object   : x=  -0.009, y=  20.000, z= 570.081
  Detector : x=   0.000, y=   0.000, z= 674.000
  Obj rotY :   0.0000 deg
view   0 | SOD= 570.563 mm | SDD= 675.501 mm | M= 1.184 | incident=3.8197°
[[ 108.4563     -559.6023      -24.99989   ]
 [ -20.13672     102.016815     20.00011   ]
 [   0.14685196    0.02854231    0.        ]
 [   0.            0.            0.1496    ]]
Residual vector length: 30, Jacobian shape: (30, 6)
view   0 | SOD= 570.608 mm | SDD= 675.501 mm | M= 1.184 | incident=3.8197°
[[ 107.95062    -559.7451      -25.00294   ]
 [ -20.018496    101.99495      19.99706   ]
 [   0.14687881    0.02840383    0.        ]
 [   0.            0.            0.1496    ]]

iter 30 cost=0.747457 -> 0.772861 |dtheta|=6.651228e-02  lambda=2.127e+01

============================================================
Iteration 31
============================================================
Theta offsets (Unity frame):
  Source   : dSx=   0.000, dSy=   0.000, dSz=   0.000  (mm)
  Object   : dOx= -10.009, dOy=   5.000, dOz= -18.919  (mm)
  Object offset: offset_x=   0.312, offset_z=  -0.065  (mm)
  Detector : dDx=   0.000, dDy=   0.000, dDz=   0.000  (mm)
  Obj Stage rotY :   10.999 deg
============================================================

Unity geometry (world coordinates):
  Source   : x=   0.000, y=  45.000, z=   0.000
  Object   : x=  -0.009, y=  20.000, z= 570.081
  Detector : x=   0.000, y=   0.000, z= 674.000
  Obj rotY :   0.0000 deg
view   0 | SOD= 570.563 mm | SDD= 675.501 mm | M= 1.184 | incident=3.8197°
[[ 108.4563     -559.6023      -24.99989   ]
 [ -20.13672     102.016815     20.00011   ]
 [   0.14685196    0.02854231    0.        ]
 [   0.            0.            0.1496    ]]
Residual vector length: 30, Jacobian shape: (30, 6)
view   0 | SOD= 570.580 mm | SDD= 675.501 mm | M= 1.184 | incident=3.8197°
[[ 108.28512    -559.6519      -25.0026    ]
 [ -20.096825    102.00819      19.9974    ]
 [   0.14686105    0.02849546    0.        ]
 [   0.            0.            0.1496    ]]

iter 31 cost=0.747457 -> 0.855782 |dtheta|=2.247293e-02  lambda=1.063e+02

============================================================
Iteration 32
============================================================
Theta offsets (Unity frame):
  Source   : dSx=   0.000, dSy=   0.000, dSz=   0.000  (mm)
  Object   : dOx= -10.009, dOy=   5.000, dOz= -18.919  (mm)
  Object offset: offset_x=   0.312, offset_z=  -0.065  (mm)
  Detector : dDx=   0.000, dDy=   0.000, dDz=   0.000  (mm)
  Obj Stage rotY :   10.999 deg
============================================================

Unity geometry (world coordinates):
  Source   : x=   0.000, y=  45.000, z=   0.000
  Object   : x=  -0.009, y=  20.000, z= 570.081
  Detector : x=   0.000, y=   0.000, z= 674.000
  Obj rotY :   0.0000 deg
view   0 | SOD= 570.563 mm | SDD= 675.501 mm | M= 1.184 | incident=3.8197°
[[ 108.4563     -559.6023      -24.99989   ]
 [ -20.13672     102.016815     20.00011   ]
 [   0.14685196    0.02854231    0.        ]
 [   0.            0.            0.1496    ]]
Residual vector length: 30, Jacobian shape: (30, 6)
view   0 | SOD= 570.568 mm | SDD= 675.501 mm | M= 1.184 | incident=3.8197°
[[ 108.41656    -559.6151      -25.001837  ]
 [ -20.127377    102.01356      19.998163  ]
 [   0.14685407    0.02853141    0.        ]
 [   0.            0.            0.1496    ]]

iter 32 cost=0.747457 -> 0.823424 |dtheta|=6.007076e-03  lambda=5.317e+02

============================================================
Iteration 33
============================================================
Theta offsets (Unity frame):
  Source   : dSx=   0.000, dSy=   0.000, dSz=   0.000  (mm)
  Object   : dOx= -10.009, dOy=   5.000, dOz= -18.919  (mm)
  Object offset: offset_x=   0.312, offset_z=  -0.065  (mm)
  Detector : dDx=   0.000, dDy=   0.000, dDz=   0.000  (mm)
  Obj Stage rotY :   10.999 deg
============================================================

Unity geometry (world coordinates):
  Source   : x=   0.000, y=  45.000, z=   0.000
  Object   : x=  -0.009, y=  20.000, z= 570.081
  Detector : x=   0.000, y=   0.000, z= 674.000
  Obj rotY :   0.0000 deg
view   0 | SOD= 570.563 mm | SDD= 675.501 mm | M= 1.184 | incident=3.8197°
[[ 108.4563     -559.6023      -24.99989   ]
 [ -20.13672     102.016815     20.00011   ]
 [   0.14685196    0.02854231    0.        ]
 [   0.            0.            0.1496    ]]
Residual vector length: 30, Jacobian shape: (30, 6)
view   0 | SOD= 570.565 mm | SDD= 675.501 mm | M= 1.184 | incident=3.8197°
[[ 108.44789    -559.60516     -25.000704  ]
 [ -20.134754    102.01596      19.999296  ]
 [   0.1468524     0.02854001    0.        ]
 [   0.            0.            0.1496    ]]

iter 33 cost=0.747457 -> 0.787756 |dtheta|=1.537989e-03  lambda=2.659e+03

============================================================
Iteration 34
============================================================
Theta offsets (Unity frame):
  Source   : dSx=   0.000, dSy=   0.000, dSz=   0.000  (mm)
  Object   : dOx= -10.009, dOy=   5.000, dOz= -18.919  (mm)
  Object offset: offset_x=   0.312, offset_z=  -0.065  (mm)
  Detector : dDx=   0.000, dDy=   0.000, dDz=   0.000  (mm)
  Obj Stage rotY :   10.999 deg
============================================================

Unity geometry (world coordinates):
  Source   : x=   0.000, y=  45.000, z=   0.000
  Object   : x=  -0.009, y=  20.000, z= 570.081
  Detector : x=   0.000, y=   0.000, z= 674.000
  Obj rotY :   0.0000 deg
view   0 | SOD= 570.563 mm | SDD= 675.501 mm | M= 1.184 | incident=3.8197°
[[ 108.4563     -559.6023      -24.99989   ]
 [ -20.13672     102.016815     20.00011   ]
 [   0.14685196    0.02854231    0.        ]
 [   0.            0.            0.1496    ]]
Residual vector length: 30, Jacobian shape: (30, 6)
view   0 | SOD= 570.564 mm | SDD= 675.501 mm | M= 1.184 | incident=3.8197°
[[ 108.454575   -559.6029      -25.0001    ]
 [ -20.136312    102.01659      19.9999    ]
 [   0.14685205    0.02854184    0.        ]
 [   0.            0.            0.1496    ]]

iter 34 cost=0.747457 -> 0.727367 |dtheta|=3.439790e-04  lambda=1.329e+04

============================================================
Iteration 35
============================================================
Theta offsets (Unity frame):
  Source   : dSx=   0.000, dSy=   0.000, dSz=   0.000  (mm)
  Object   : dOx= -10.009, dOy=   5.000, dOz= -18.919  (mm)
  Object offset: offset_x=   0.312, offset_z=  -0.065  (mm)
  Detector : dDx=   0.000, dDy=   0.000, dDz=   0.000  (mm)
  Obj Stage rotY :   10.999 deg
============================================================

Unity geometry (world coordinates):
  Source   : x=   0.000, y=  45.000, z=   0.000
  Object   : x=  -0.009, y=  20.000, z= 570.081
  Detector : x=   0.000, y=   0.000, z= 674.000
  Obj rotY :   0.0000 deg
view   0 | SOD= 570.564 mm | SDD= 675.501 mm | M= 1.184 | incident=3.8197°
[[ 108.454575   -559.6029      -25.0001    ]
 [ -20.136312    102.01659      19.9999    ]
 [   0.14685205    0.02854184    0.        ]
 [   0.            0.            0.1496    ]]
Residual vector length: 30, Jacobian shape: (30, 6)
view   0 | SOD= 570.564 mm | SDD= 675.501 mm | M= 1.184 | incident=3.8197°
[[ 108.449715   -559.60474     -25.000862  ]
 [ -20.135435    102.015884     19.999138  ]
 [   0.1468523     0.02854056    0.        ]
 [   0.            0.            0.1496    ]]

iter 35 cost=0.727367 -> 0.840008 |dtheta|=1.129022e-03  lambda=4.431e+03

============================================================
Iteration 36
============================================================
Theta offsets (Unity frame):
  Source   : dSx=   0.000, dSy=   0.000, dSz=   0.000  (mm)
  Object   : dOx= -10.009, dOy=   5.000, dOz= -18.919  (mm)
  Object offset: offset_x=   0.312, offset_z=  -0.065  (mm)
  Detector : dDx=   0.000, dDy=   0.000, dDz=   0.000  (mm)
  Obj Stage rotY :   10.999 deg
============================================================

Unity geometry (world coordinates):
  Source   : x=   0.000, y=  45.000, z=   0.000
  Object   : x=  -0.009, y=  20.000, z= 570.081
  Detector : x=   0.000, y=   0.000, z= 674.000
  Obj rotY :   0.0000 deg
view   0 | SOD= 570.564 mm | SDD= 675.501 mm | M= 1.184 | incident=3.8197°
[[ 108.454575   -559.6029      -25.0001    ]
 [ -20.136312    102.01659      19.9999    ]
 [   0.14685205    0.02854184    0.        ]
 [   0.            0.            0.1496    ]]
Residual vector length: 30, Jacobian shape: (30, 6)
view   0 | SOD= 570.564 mm | SDD= 675.501 mm | M= 1.184 | incident=3.8197°
[[ 108.45354    -559.6033      -25.00028   ]
 [ -20.136147    102.016495     19.99972   ]
 [   0.14685209    0.02854157    0.        ]
 [   0.            0.            0.1496    ]]

iter 36 cost=0.727367 -> 0.781527 |dtheta|=2.500578e-04  lambda=2.215e+04

============================================================
Iteration 37
============================================================
Theta offsets (Unity frame):
  Source   : dSx=   0.000, dSy=   0.000, dSz=   0.000  (mm)
  Object   : dOx= -10.009, dOy=   5.000, dOz= -18.919  (mm)
  Object offset: offset_x=   0.312, offset_z=  -0.065  (mm)
  Detector : dDx=   0.000, dDy=   0.000, dDz=   0.000  (mm)
  Obj Stage rotY :   10.999 deg
============================================================

Unity geometry (world coordinates):
  Source   : x=   0.000, y=  45.000, z=   0.000
  Object   : x=  -0.009, y=  20.000, z= 570.081
  Detector : x=   0.000, y=   0.000, z= 674.000
  Obj rotY :   0.0000 deg
view   0 | SOD= 570.564 mm | SDD= 675.501 mm | M= 1.184 | incident=3.8197°
[[ 108.454575   -559.6029      -25.0001    ]
 [ -20.136312    102.01659      19.9999    ]
 [   0.14685205    0.02854184    0.        ]
 [   0.            0.            0.1496    ]]
Residual vector length: 30, Jacobian shape: (30, 6)
view   0 | SOD= 570.564 mm | SDD= 675.501 mm | M= 1.184 | incident=3.8197°
[[ 108.45436    -559.60297     -25.000137  ]
 [ -20.136284    102.016594     19.999863  ]
 [   0.14685206    0.02854178    0.        ]
 [   0.            0.            0.1496    ]]

iter 37 cost=0.727367 -> 0.761072 |dtheta|=5.124568e-05  lambda=1.108e+05

============================================================
Iteration 38
============================================================
Theta offsets (Unity frame):
  Source   : dSx=   0.000, dSy=   0.000, dSz=   0.000  (mm)
  Object   : dOx= -10.009, dOy=   5.000, dOz= -18.919  (mm)
  Object offset: offset_x=   0.312, offset_z=  -0.065  (mm)
  Detector : dDx=   0.000, dDy=   0.000, dDz=   0.000  (mm)
  Obj Stage rotY :   10.999 deg
============================================================

Unity geometry (world coordinates):
  Source   : x=   0.000, y=  45.000, z=   0.000
  Object   : x=  -0.009, y=  20.000, z= 570.081
  Detector : x=   0.000, y=   0.000, z= 674.000
  Obj rotY :   0.0000 deg
view   0 | SOD= 570.564 mm | SDD= 675.501 mm | M= 1.184 | incident=3.8197°
[[ 108.454575   -559.6029      -25.0001    ]
 [ -20.136312    102.01659      19.9999    ]
 [   0.14685205    0.02854184    0.        ]
 [   0.            0.            0.1496    ]]
Residual vector length: 30, Jacobian shape: (30, 6)
view   0 | SOD= 570.564 mm | SDD= 675.501 mm | M= 1.184 | incident=3.8197°
[[ 108.45454    -559.60297     -25.000107  ]
 [ -20.136307    102.01659      19.999893  ]
 [   0.14685205    0.02854182    0.        ]
 [   0.            0.            0.1496    ]]

iter 38 cost=0.727367 -> 0.746240 |dtheta|=1.030122e-05  lambda=5.539e+05

============================================================
Iteration 39
============================================================
Theta offsets (Unity frame):
  Source   : dSx=   0.000, dSy=   0.000, dSz=   0.000  (mm)
  Object   : dOx= -10.009, dOy=   5.000, dOz= -18.919  (mm)
  Object offset: offset_x=   0.312, offset_z=  -0.065  (mm)
  Detector : dDx=   0.000, dDy=   0.000, dDz=   0.000  (mm)
  Obj Stage rotY :   10.999 deg
============================================================

Unity geometry (world coordinates):
  Source   : x=   0.000, y=  45.000, z=   0.000
  Object   : x=  -0.009, y=  20.000, z= 570.081
  Detector : x=   0.000, y=   0.000, z= 674.000
  Obj rotY :   0.0000 deg
view   0 | SOD= 570.564 mm | SDD= 675.501 mm | M= 1.184 | incident=3.8197°
[[ 108.454575   -559.6029      -25.0001    ]
 [ -20.136312    102.01659      19.9999    ]
 [   0.14685205    0.02854184    0.        ]
 [   0.            0.            0.1496    ]]
Residual vector length: 30, Jacobian shape: (30, 6)
view   0 | SOD= 570.564 mm | SDD= 675.501 mm | M= 1.184 | incident=3.8197°
[[ 108.45455    -559.6029      -25.000103  ]
 [ -20.136309    102.01659      19.999897  ]
 [   0.14685205    0.02854183    0.        ]
 [   0.            0.            0.1496    ]]

iter 39 cost=0.727367 -> 0.736034 |dtheta|=5.708683e-06  lambda=1.000e+06

============================================================
Iteration 40
============================================================
Theta offsets (Unity frame):
  Source   : dSx=   0.000, dSy=   0.000, dSz=   0.000  (mm)
  Object   : dOx= -10.009, dOy=   5.000, dOz= -18.919  (mm)
  Object offset: offset_x=   0.312, offset_z=  -0.065  (mm)
  Detector : dDx=   0.000, dDy=   0.000, dDz=   0.000  (mm)
  Obj Stage rotY :   10.999 deg
============================================================

Unity geometry (world coordinates):
  Source   : x=   0.000, y=  45.000, z=   0.000
  Object   : x=  -0.009, y=  20.000, z= 570.081
  Detector : x=   0.000, y=   0.000, z= 674.000
  Obj rotY :   0.0000 deg
view   0 | SOD= 570.564 mm | SDD= 675.501 mm | M= 1.184 | incident=3.8197°
[[ 108.454575   -559.6029      -25.0001    ]
 [ -20.136312    102.01659      19.9999    ]
 [   0.14685205    0.02854184    0.        ]
 [   0.            0.            0.1496    ]]
Residual vector length: 30, Jacobian shape: (30, 6)
view   0 | SOD= 570.564 mm | SDD= 675.501 mm | M= 1.184 | incident=3.8197°
[[ 108.45455    -559.6029      -25.000103  ]
 [ -20.136309    102.01659      19.999897  ]
 [   0.14685205    0.02854183    0.        ]
 [   0.            0.            0.1496    ]]

iter 40 cost=0.727367 -> 0.736034 |dtheta|=5.708683e-06  lambda=1.000e+06

============================================================
Iteration 41
============================================================
Theta offsets (Unity frame):
  Source   : dSx=   0.000, dSy=   0.000, dSz=   0.000  (mm)
  Object   : dOx= -10.009, dOy=   5.000, dOz= -18.919  (mm)
  Object offset: offset_x=   0.312, offset_z=  -0.065  (mm)
  Detector : dDx=   0.000, dDy=   0.000, dDz=   0.000  (mm)
  Obj Stage rotY :   10.999 deg
============================================================

Unity geometry (world coordinates):
  Source   : x=   0.000, y=  45.000, z=   0.000
  Object   : x=  -0.009, y=  20.000, z= 570.081
  Detector : x=   0.000, y=   0.000, z= 674.000
  Obj rotY :   0.0000 deg
view   0 | SOD= 570.564 mm | SDD= 675.501 mm | M= 1.184 | incident=3.8197°
[[ 108.454575   -559.6029      -25.0001    ]
 [ -20.136312    102.01659      19.9999    ]
 [   0.14685205    0.02854184    0.        ]
 [   0.            0.            0.1496    ]]
Residual vector length: 30, Jacobian shape: (30, 6)
view   0 | SOD= 570.564 mm | SDD= 675.501 mm | M= 1.184 | incident=3.8197°
[[ 108.45455    -559.6029      -25.000103  ]
 [ -20.136309    102.01659      19.999897  ]
 [   0.14685205    0.02854183    0.        ]
 [   0.            0.            0.1496    ]]

iter 41 cost=0.727367 -> 0.736034 |dtheta|=5.708683e-06  lambda=1.000e+06

============================================================
Iteration 42
============================================================
Theta offsets (Unity frame):
  Source   : dSx=   0.000, dSy=   0.000, dSz=   0.000  (mm)
  Object   : dOx= -10.009, dOy=   5.000, dOz= -18.919  (mm)
  Object offset: offset_x=   0.312, offset_z=  -0.065  (mm)
  Detector : dDx=   0.000, dDy=   0.000, dDz=   0.000  (mm)
  Obj Stage rotY :   10.999 deg
============================================================

Unity geometry (world coordinates):
  Source   : x=   0.000, y=  45.000, z=   0.000
  Object   : x=  -0.009, y=  20.000, z= 570.081
  Detector : x=   0.000, y=   0.000, z= 674.000
  Obj rotY :   0.0000 deg
view   0 | SOD= 570.564 mm | SDD= 675.501 mm | M= 1.184 | incident=3.8197°
[[ 108.454575   -559.6029      -25.0001    ]
 [ -20.136312    102.01659      19.9999    ]
 [   0.14685205    0.02854184    0.        ]
 [   0.            0.            0.1496    ]]
Residual vector length: 30, Jacobian shape: (30, 6)
view   0 | SOD= 570.564 mm | SDD= 675.501 mm | M= 1.184 | incident=3.8197°
[[ 108.45455    -559.6029      -25.000103  ]
 [ -20.136309    102.01659      19.999897  ]
 [   0.14685205    0.02854183    0.        ]
 [   0.            0.            0.1496    ]]

iter 42 cost=0.727367 -> 0.736034 |dtheta|=5.708683e-06  lambda=1.000e+06

============================================================
Iteration 43
============================================================
Theta offsets (Unity frame):
  Source   : dSx=   0.000, dSy=   0.000, dSz=   0.000  (mm)
  Object   : dOx= -10.009, dOy=   5.000, dOz= -18.919  (mm)
  Object offset: offset_x=   0.312, offset_z=  -0.065  (mm)
  Detector : dDx=   0.000, dDy=   0.000, dDz=   0.000  (mm)
  Obj Stage rotY :   10.999 deg
============================================================

Unity geometry (world coordinates):
  Source   : x=   0.000, y=  45.000, z=   0.000
  Object   : x=  -0.009, y=  20.000, z= 570.081
  Detector : x=   0.000, y=   0.000, z= 674.000
  Obj rotY :   0.0000 deg
view   0 | SOD= 570.564 mm | SDD= 675.501 mm | M= 1.184 | incident=3.8197°
[[ 108.454575   -559.6029      -25.0001    ]
 [ -20.136312    102.01659      19.9999    ]
 [   0.14685205    0.02854184    0.        ]
 [   0.            0.            0.1496    ]]
Residual vector length: 30, Jacobian shape: (30, 6)
view   0 | SOD= 570.564 mm | SDD= 675.501 mm | M= 1.184 | incident=3.8197°
[[ 108.45455    -559.6029      -25.000103  ]
 [ -20.136309    102.01659      19.999897  ]
 [   0.14685205    0.02854183    0.        ]
 [   0.            0.            0.1496    ]]

iter 43 cost=0.727367 -> 0.736034 |dtheta|=5.708683e-06  lambda=1.000e+06

============================================================
Iteration 44
============================================================
Theta offsets (Unity frame):
  Source   : dSx=   0.000, dSy=   0.000, dSz=   0.000  (mm)
  Object   : dOx= -10.009, dOy=   5.000, dOz= -18.919  (mm)
  Object offset: offset_x=   0.312, offset_z=  -0.065  (mm)
  Detector : dDx=   0.000, dDy=   0.000, dDz=   0.000  (mm)
  Obj Stage rotY :   10.999 deg
============================================================

Unity geometry (world coordinates):
  Source   : x=   0.000, y=  45.000, z=   0.000
  Object   : x=  -0.009, y=  20.000, z= 570.081
  Detector : x=   0.000, y=   0.000, z= 674.000
  Obj rotY :   0.0000 deg
view   0 | SOD= 570.564 mm | SDD= 675.501 mm | M= 1.184 | incident=3.8197°
[[ 108.454575   -559.6029      -25.0001    ]
 [ -20.136312    102.01659      19.9999    ]
 [   0.14685205    0.02854184    0.        ]
 [   0.            0.            0.1496    ]]
Residual vector length: 30, Jacobian shape: (30, 6)
view   0 | SOD= 570.564 mm | SDD= 675.501 mm | M= 1.184 | incident=3.8197°
[[ 108.45455    -559.6029      -25.000103  ]
 [ -20.136309    102.01659      19.999897  ]
 [   0.14685205    0.02854183    0.        ]
 [   0.            0.            0.1496    ]]

iter 44 cost=0.727367 -> 0.736034 |dtheta|=5.708683e-06  lambda=1.000e+06

============================================================
Iteration 45
============================================================
Theta offsets (Unity frame):
  Source   : dSx=   0.000, dSy=   0.000, dSz=   0.000  (mm)
  Object   : dOx= -10.009, dOy=   5.000, dOz= -18.919  (mm)
  Object offset: offset_x=   0.312, offset_z=  -0.065  (mm)
  Detector : dDx=   0.000, dDy=   0.000, dDz=   0.000  (mm)
  Obj Stage rotY :   10.999 deg
============================================================

Unity geometry (world coordinates):
  Source   : x=   0.000, y=  45.000, z=   0.000
  Object   : x=  -0.009, y=  20.000, z= 570.081
  Detector : x=   0.000, y=   0.000, z= 674.000
  Obj rotY :   0.0000 deg
view   0 | SOD= 570.564 mm | SDD= 675.501 mm | M= 1.184 | incident=3.8197°
[[ 108.454575   -559.6029      -25.0001    ]
 [ -20.136312    102.01659      19.9999    ]
 [   0.14685205    0.02854184    0.        ]
 [   0.            0.            0.1496    ]]
Residual vector length: 30, Jacobian shape: (30, 6)
view   0 | SOD= 570.564 mm | SDD= 675.501 mm | M= 1.184 | incident=3.8197°
[[ 108.45455    -559.6029      -25.000103  ]
 [ -20.136309    102.01659      19.999897  ]
 [   0.14685205    0.02854183    0.        ]
 [   0.            0.            0.1496    ]]

iter 45 cost=0.727367 -> 0.736034 |dtheta|=5.708683e-06  lambda=1.000e+06
Stalled.

Estimated theta:
  dSx: +0.000000
  dSy: +0.000000
  dOx: -10.008872
  dOy: +4.999900
  dOz: -18.919217
  dDx: +0.000000
  dDy: +0.000000
  dDz: +0.000000
alpha: +1.099876e+01 deg)
offset_x: +0.311801
offset_z: -0.065266

Final cost table:
Fake theta: [  0.   0. -10.   5. -19.   0.   0.   0.  10.   0.   0.]
Final estimated theta: [  0.           0.         -10.00887245   4.99990047 -18.91921729
   0.           0.           0.          10.99875531   0.31180053
  -0.06526644]
Diff from Expected: [ 0.          0.         -0.00887245 -0.00009953  0.08078271  0.
  0.          0.          0.99875531  0.31180053 -0.06526644]
################################################################################

