Phantom already exists, skipping: cuboid_phantom_2_normal.npy

################################################################################
Running cuboid=normal scenario=G1 N_ANGLES=10, K=2
view   0 | SOD= 565.750 mm | SDD= 721.227 mm | M= 1.275 | incident=3.3432°
[[  57.21255    -562.1528      -28.        ]
 [ -18.490114    153.9744       12.        ]
 [   0.14903073    0.0130385     0.        ]
 [   0.            0.            0.1496    ]]
          image          x1          y1  area1          x2          y2  area2
0  proj_000.png  542.301513  120.926659    859  542.276923  595.507692    845
1  proj_001.png  442.513419  120.885648    857  442.532483  595.429234    862
2  proj_002.png  364.776190  120.805952    840  364.829964  589.560048    841
3  proj_003.png  339.733251  120.627792    806  339.748762  580.414604    808
4  proj_004.png  374.184106  120.479470    755  374.234211  571.802632    760
5  proj_005.png  452.963206  120.381078    761  452.943570  566.526247    762
6  proj_006.png  546.827858  120.325887    761  546.867628  566.688073    763
7  proj_007.png  622.866667  120.500000    780  622.820513  571.965385    780
8  proj_008.png  652.748451  120.614622    807  652.777086  580.733499    803
9  proj_009.png  623.031630  120.684915    822  623.023143  589.777101    821

============================================================
Iteration 0
============================================================
Theta offsets (Unity frame):
  Source   : dSx=   0.000, dSy=   0.000, dSz=   0.000  (mm)
  Object   : dOx=   0.000, dOy=   0.000, dOz=   0.000  (mm)
  Object offset: offset_x=   0.000, offset_z=   0.000  (mm)
  Detector : dDx=   0.000, dDy=   0.000, dDz=   0.000  (mm)
  Obj Stage rotY :    0.000 deg
============================================================

Unity geometry (world coordinates):
  Source   : x=   8.000, y=  50.000, z=   0.000
  Object   : x=   6.000, y=  28.000, z= 577.000
  Detector : x=  -5.000, y=  10.000, z= 720.000
  Obj rotY :   0.0000 deg
view   0 | SOD= 577.423 mm | SDD= 721.227 mm | M= 1.249 | incident=3.3432°
[[   2.     -577.      -22.    ]
 [ -11.      143.       18.    ]
 [   0.1496    0.        0.    ]
 [   0.        0.        0.1496]]
Residual vector length: 50, Jacobian shape: (50, 6)
view   0 | SOD= 589.511 mm | SDD= 721.227 mm | M= 1.223 | incident=3.3432°
[[  -3.3429182  -588.82434     -28.25563   ]
 [  -0.30986708  131.28664      11.7443695 ]
 [   0.14956293   -0.00333064    0.        ]
 [   0.            0.            0.1496    ]]

iter 00 cost=58728.071735 -> 3615.131697 |dtheta|=1.321349e+01  lambda=1.000e-02

============================================================
Iteration 1
============================================================
Theta offsets (Unity frame):
  Source   : dSx=   0.000, dSy=   0.000, dSz=   0.000  (mm)
  Object   : dOx=  -5.300, dOy=  -6.256, dOz=   9.788  (mm)
  Object offset: offset_x=  -2.468, offset_z=   1.965  (mm)
  Detector : dDx=   0.000, dDy=   0.000, dDz=   0.000  (mm)
  Obj Stage rotY :   -1.276 deg
============================================================

Unity geometry (world coordinates):
  Source   : x=   8.000, y=  50.000, z=   0.000
  Object   : x=   0.700, y=  21.744, z= 586.788
  Detector : x=  -5.000, y=  10.000, z= 720.000
  Obj rotY :   0.0000 deg
view   0 | SOD= 589.511 mm | SDD= 721.227 mm | M= 1.223 | incident=3.3432°
[[  -3.3429182  -588.82434     -28.25563   ]
 [  -0.30986708  131.28664      11.7443695 ]
 [   0.14956293   -0.00333064    0.        ]
 [   0.            0.            0.1496    ]]
Residual vector length: 50, Jacobian shape: (50, 6)
view   0 | SOD= 578.361 mm | SDD= 721.227 mm | M= 1.247 | incident=3.3432°
[[  35.18558    -576.5642      -28.925018  ]
 [ -11.270724    142.0531       11.074982  ]
 [   0.14943826    0.0069544     0.        ]
 [   0.            0.            0.1496    ]]

iter 01 cost=3615.131697 -> 858.794834 |dtheta|=1.116560e+01  lambda=3.333e-03

============================================================
Iteration 2
============================================================
Theta offsets (Unity frame):
  Source   : dSx=   0.000, dSy=   0.000, dSz=   0.000  (mm)
  Object   : dOx=  -5.893, dOy=  -6.925, dOz=  -0.374  (mm)
  Object offset: offset_x=  -0.452, offset_z=   0.950  (mm)
  Detector : dDx=   0.000, dDy=   0.000, dDz=   0.000  (mm)
  Obj Stage rotY :    2.664 deg
============================================================

Unity geometry (world coordinates):
  Source   : x=   8.000, y=  50.000, z=   0.000
  Object   : x=   0.107, y=  21.075, z= 576.626
  Detector : x=  -5.000, y=  10.000, z= 720.000
  Obj rotY :   0.0000 deg
view   0 | SOD= 578.361 mm | SDD= 721.227 mm | M= 1.247 | incident=3.3432°
[[  35.18558    -576.5642      -28.925018  ]
 [ -11.270724    142.0531       11.074982  ]
 [   0.14943826    0.0069544     0.        ]
 [   0.            0.            0.1496    ]]
Residual vector length: 50, Jacobian shape: (50, 6)
view   0 | SOD= 573.782 mm | SDD= 721.227 mm | M= 1.257 | incident=3.3432°
[[  25.854927   -572.4981      -28.332672  ]
 [  -8.521901    146.79823      11.667328  ]
 [   0.14953402    0.00444282    0.        ]
 [   0.            0.            0.1496    ]]

iter 02 cost=858.794834 -> 311.132543 |dtheta|=4.308078e+00  lambda=1.111e-03

============================================================
Iteration 3
============================================================
Theta offsets (Unity frame):
  Source   : dSx=   0.000, dSy=   0.000, dSz=   0.000  (mm)
  Object   : dOx=  -5.937, dOy=  -6.333, dOz=  -4.481  (mm)
  Object offset: offset_x=  -0.904, offset_z=   0.494  (mm)
  Detector : dDx=   0.000, dDy=   0.000, dDz=   0.000  (mm)
  Obj Stage rotY :    1.702 deg
============================================================

Unity geometry (world coordinates):
  Source   : x=   8.000, y=  50.000, z=   0.000
  Object   : x=   0.063, y=  21.667, z= 572.519
  Detector : x=  -5.000, y=  10.000, z= 720.000
  Obj rotY :   0.0000 deg
view   0 | SOD= 573.782 mm | SDD= 721.227 mm | M= 1.257 | incident=3.3432°
[[  25.854927   -572.4981      -28.332672  ]
 [  -8.521901    146.79823      11.667328  ]
 [   0.14953402    0.00444282    0.        ]
 [   0.            0.            0.1496    ]]
Residual vector length: 50, Jacobian shape: (50, 6)
view   0 | SOD= 572.819 mm | SDD= 721.227 mm | M= 1.259 | incident=3.3432°
[[  37.029633   -570.9201      -28.294632  ]
 [ -11.846998    147.53664      11.705368  ]
 [   0.149414      0.00745773    0.        ]
 [   0.            0.            0.1496    ]]

iter 03 cost=311.132543 -> 230.376154 |dtheta|=1.514490e+00  lambda=3.704e-04

============================================================
Iteration 4
============================================================
Theta offsets (Unity frame):
  Source   : dSx=   0.000, dSy=   0.000, dSz=   0.000  (mm)
  Object   : dOx=  -6.033, dOy=  -6.295, dOz=  -5.358  (mm)
  Object offset: offset_x=  -0.490, offset_z=   0.414  (mm)
  Detector : dDx=   0.000, dDy=   0.000, dDz=   0.000  (mm)
  Obj Stage rotY :    2.857 deg
============================================================

Unity geometry (world coordinates):
  Source   : x=   8.000, y=  50.000, z=   0.000
  Object   : x=  -0.033, y=  21.705, z= 571.642
  Detector : x=  -5.000, y=  10.000, z= 720.000
  Obj rotY :   0.0000 deg
view   0 | SOD= 572.819 mm | SDD= 721.227 mm | M= 1.259 | incident=3.3432°
[[  37.029633   -570.9201      -28.294632  ]
 [ -11.846998    147.53664      11.705368  ]
 [   0.149414      0.00745773    0.        ]
 [   0.            0.            0.1496    ]]
Residual vector length: 50, Jacobian shape: (50, 6)
view   0 | SOD= 570.256 mm | SDD= 721.227 mm | M= 1.265 | incident=3.3432°
[[  36.083008   -568.41675     -28.150555  ]
 [ -11.632796    150.11801      11.849445  ]
 [   0.14942585    0.00721632    0.        ]
 [   0.            0.            0.1496    ]]

iter 04 cost=230.376154 -> 101.249216 |dtheta|=2.426235e+00  lambda=1.235e-04

============================================================
Iteration 5
============================================================
Theta offsets (Unity frame):
  Source   : dSx=   0.000, dSy=   0.000, dSz=   0.000  (mm)
  Object   : dOx=  -6.004, dOy=  -6.151, dOz=  -7.770  (mm)
  Object offset: offset_x=  -0.618, offset_z=   0.265  (mm)
  Detector : dDx=   0.000, dDy=   0.000, dDz=   0.000  (mm)
  Obj Stage rotY :    2.765 deg
============================================================

Unity geometry (world coordinates):
  Source   : x=   8.000, y=  50.000, z=   0.000
  Object   : x=  -0.004, y=  21.849, z= 569.230
  Detector : x=  -5.000, y=  10.000, z= 720.000
  Obj rotY :   0.0000 deg
view   0 | SOD= 570.256 mm | SDD= 721.227 mm | M= 1.265 | incident=3.3432°
[[  36.083008   -568.41675     -28.150555  ]
 [ -11.632796    150.11801      11.849445  ]
 [   0.14942585    0.00721632    0.        ]
 [   0.            0.            0.1496    ]]
Residual vector length: 50, Jacobian shape: (50, 6)
view   0 | SOD= 568.266 mm | SDD= 721.227 mm | M= 1.269 | incident=3.3432°
[[  40.685318   -566.1096      -28.11885   ]
 [ -13.116715    151.99507      11.881149  ]
 [   0.14935935    0.0084821     0.        ]
 [   0.            0.            0.1496    ]]

iter 05 cost=101.249216 -> 31.524220 |dtheta|=2.028672e+00  lambda=4.115e-05

============================================================
Iteration 6
============================================================
Theta offsets (Unity frame):
  Source   : dSx=   0.000, dSy=   0.000, dSz=   0.000  (mm)
  Object   : dOx=  -6.006, dOy=  -6.119, dOz=  -9.736  (mm)
  Object offset: offset_x=  -0.516, offset_z=   0.242  (mm)
  Detector : dDx=   0.000, dDy=   0.000, dDz=   0.000  (mm)
  Obj Stage rotY :    3.250 deg
============================================================

Unity geometry (world coordinates):
  Source   : x=   8.000, y=  50.000, z=   0.000
  Object   : x=  -0.006, y=  21.881, z= 567.264
  Detector : x=  -5.000, y=  10.000, z= 720.000
  Obj rotY :   0.0000 deg
view   0 | SOD= 568.266 mm | SDD= 721.227 mm | M= 1.269 | incident=3.3432°
[[  40.685318   -566.1096      -28.11885   ]
 [ -13.116715    151.99507      11.881149  ]
 [   0.14935935    0.0084821     0.        ]
 [   0.            0.            0.1496    ]]
Residual vector length: 50, Jacobian shape: (50, 6)
view   0 | SOD= 567.642 mm | SDD= 721.227 mm | M= 1.271 | incident=3.3432°
[[  38.67647    -565.62695     -28.062874  ]
 [ -12.583505    152.66367      11.937126  ]
 [   0.14938843    0.00795339    0.        ]
 [   0.            0.            0.1496    ]]

iter 06 cost=31.524220 -> 19.025220 |dtheta|=6.645432e-01  lambda=1.372e-05

============================================================
Iteration 7
============================================================
Theta offsets (Unity frame):
  Source   : dSx=   0.000, dSy=   0.000, dSz=   0.000  (mm)
  Object   : dOx=  -5.994, dOy=  -6.063, dOz= -10.365  (mm)
  Object offset: offset_x=  -0.556, offset_z=   0.248  (mm)
  Detector : dDx=   0.000, dDy=   0.000, dDz=   0.000  (mm)
  Obj Stage rotY :    3.048 deg
============================================================

Unity geometry (world coordinates):
  Source   : x=   8.000, y=  50.000, z=   0.000
  Object   : x=   0.006, y=  21.937, z= 566.635
  Detector : x=  -5.000, y=  10.000, z= 720.000
  Obj rotY :   0.0000 deg
view   0 | SOD= 567.642 mm | SDD= 721.227 mm | M= 1.271 | incident=3.3432°
[[  38.67647    -565.62695     -28.062874  ]
 [ -12.583505    152.66367      11.937126  ]
 [   0.14938843    0.00795339    0.        ]
 [   0.            0.            0.1496    ]]
Residual vector length: 50, Jacobian shape: (50, 6)
view   0 | SOD= 567.052 mm | SDD= 721.227 mm | M= 1.272 | incident=3.3432°
[[  42.166218   -564.7862      -28.039644  ]
 [ -13.699235    153.1609       11.960356  ]
 [   0.14933436    0.00891128    0.        ]
 [   0.            0.            0.1496    ]]

iter 07 cost=19.025220 -> 11.154370 |dtheta|=6.478047e-01  lambda=4.572e-06

============================================================
Iteration 8
============================================================
Theta offsets (Unity frame):
  Source   : dSx=   0.000, dSy=   0.000, dSz=   0.000  (mm)
  Object   : dOx=  -5.968, dOy=  -6.040, dOz= -10.888  (mm)
  Object offset: offset_x=  -0.480, offset_z=   0.183  (mm)
  Detector : dDx=   0.000, dDy=   0.000, dDz=   0.000  (mm)
  Obj Stage rotY :    3.415 deg
============================================================

Unity geometry (world coordinates):
  Source   : x=   8.000, y=  50.000, z=   0.000
  Object   : x=   0.032, y=  21.960, z= 566.112
  Detector : x=  -5.000, y=  10.000, z= 720.000
  Obj rotY :   0.0000 deg
view   0 | SOD= 567.052 mm | SDD= 721.227 mm | M= 1.272 | incident=3.3432°
[[  42.166218   -564.7862      -28.039644  ]
 [ -13.699235    153.1609       11.960356  ]
 [   0.14933436    0.00891128    0.        ]
 [   0.            0.            0.1496    ]]
Residual vector length: 50, Jacobian shape: (50, 6)
view   0 | SOD= 566.685 mm | SDD= 721.227 mm | M= 1.273 | incident=3.3432°
[[  41.949974   -564.43396     -28.038578  ]
 [ -13.619569    153.53613      11.961422  ]
 [   0.149338      0.00884974    0.        ]
 [   0.            0.            0.1496    ]]

iter 08 cost=11.154370 -> 6.160407 |dtheta|=3.661138e-01  lambda=1.524e-06

============================================================
Iteration 9
============================================================
Theta offsets (Unity frame):
  Source   : dSx=   0.000, dSy=   0.000, dSz=   0.000  (mm)
  Object   : dOx=  -5.994, dOy=  -6.039, dOz= -11.252  (mm)
  Object offset: offset_x=  -0.493, offset_z=   0.179  (mm)
  Detector : dDx=   0.000, dDy=   0.000, dDz=   0.000  (mm)
  Obj Stage rotY :    3.391 deg
============================================================

Unity geometry (world coordinates):
  Source   : x=   8.000, y=  50.000, z=   0.000
  Object   : x=   0.006, y=  21.961, z= 565.748
  Detector : x=  -5.000, y=  10.000, z= 720.000
  Obj rotY :   0.0000 deg
view   0 | SOD= 566.685 mm | SDD= 721.227 mm | M= 1.273 | incident=3.3432°
[[  41.949974   -564.43396     -28.038578  ]
 [ -13.619569    153.53613      11.961422  ]
 [   0.149338      0.00884974    0.        ]
 [   0.            0.            0.1496    ]]
Residual vector length: 50, Jacobian shape: (50, 6)
view   0 | SOD= 566.505 mm | SDD= 721.227 mm | M= 1.273 | incident=3.3432°
[[  42.96981    -564.1761      -28.045536  ]
 [ -13.969802    153.68663      11.954464  ]
 [   0.14932086    0.00913472    0.        ]
 [   0.            0.            0.1496    ]]

iter 09 cost=6.160407 -> 4.954466 |dtheta|=1.926128e-01  lambda=1.000e-06

============================================================
Iteration 10
============================================================
Theta offsets (Unity frame):
  Source   : dSx=   0.000, dSy=   0.000, dSz=   0.000  (mm)
  Object   : dOx=  -5.990, dOy=  -6.046, dOz= -11.402  (mm)
  Object offset: offset_x=  -0.451, offset_z=   0.149  (mm)
  Detector : dDx=   0.000, dDy=   0.000, dDz=   0.000  (mm)
  Obj Stage rotY :    3.501 deg
============================================================

Unity geometry (world coordinates):
  Source   : x=   8.000, y=  50.000, z=   0.000
  Object   : x=   0.010, y=  21.954, z= 565.598
  Detector : x=  -5.000, y=  10.000, z= 720.000
  Obj rotY :   0.0000 deg
view   0 | SOD= 566.505 mm | SDD= 721.227 mm | M= 1.273 | incident=3.3432°
[[  42.96981    -564.1761      -28.045536  ]
 [ -13.969802    153.68663      11.954464  ]
 [   0.14932086    0.00913472    0.        ]
 [   0.            0.            0.1496    ]]
Residual vector length: 50, Jacobian shape: (50, 6)
view   0 | SOD= 566.446 mm | SDD= 721.227 mm | M= 1.273 | incident=3.3432°
[[  44.506054   -563.99927     -28.017424  ]
 [ -14.471401    153.69893      11.982576  ]
 [   0.14929432    0.00955861    0.        ]
 [   0.            0.            0.1496    ]]

iter 10 cost=4.954466 -> 4.073469 |dtheta|=1.852603e-01  lambda=1.000e-06

============================================================
Iteration 11
============================================================
Theta offsets (Unity frame):
  Source   : dSx=   0.000, dSy=   0.000, dSz=   0.000  (mm)
  Object   : dOx=  -5.983, dOy=  -6.017, dOz= -11.464  (mm)
  Object offset: offset_x=  -0.395, offset_z=   0.155  (mm)
  Detector : dDx=   0.000, dDy=   0.000, dDz=   0.000  (mm)
  Obj Stage rotY :    3.663 deg
============================================================

Unity geometry (world coordinates):
  Source   : x=   8.000, y=  50.000, z=   0.000
  Object   : x=   0.017, y=  21.983, z= 565.536
  Detector : x=  -5.000, y=  10.000, z= 720.000
  Obj rotY :   0.0000 deg
view   0 | SOD= 566.446 mm | SDD= 721.227 mm | M= 1.273 | incident=3.3432°
[[  44.506054   -563.99927     -28.017424  ]
 [ -14.471401    153.69893      11.982576  ]
 [   0.14929432    0.00955861    0.        ]
 [   0.            0.            0.1496    ]]
Residual vector length: 50, Jacobian shape: (50, 6)
view   0 | SOD= 566.117 mm | SDD= 721.227 mm | M= 1.274 | incident=3.3432°
[[  44.972824   -563.63257     -28.011267  ]
 [ -14.631768    154.01378      11.988733  ]
 [   0.14928591    0.00968907    0.        ]
 [   0.            0.            0.1496    ]]

iter 11 cost=4.073469 -> 2.641164 |dtheta|=2.976585e-01  lambda=1.000e-06

============================================================
Iteration 12
============================================================
Theta offsets (Unity frame):
  Source   : dSx=   0.000, dSy=   0.000, dSz=   0.000  (mm)
  Object   : dOx=  -5.991, dOy=  -6.011, dOz= -11.755  (mm)
  Object offset: offset_x=  -0.383, offset_z=   0.117  (mm)
  Detector : dDx=   0.000, dDy=   0.000, dDz=   0.000  (mm)
  Obj Stage rotY :    3.713 deg
============================================================

Unity geometry (world coordinates):
  Source   : x=   8.000, y=  50.000, z=   0.000
  Object   : x=   0.009, y=  21.989, z= 565.245
  Detector : x=  -5.000, y=  10.000, z= 720.000
  Obj rotY :   0.0000 deg
view   0 | SOD= 566.117 mm | SDD= 721.227 mm | M= 1.274 | incident=3.3432°
[[  44.972824   -563.63257     -28.011267  ]
 [ -14.631768    154.01378      11.988733  ]
 [   0.14928591    0.00968907    0.        ]
 [   0.            0.            0.1496    ]]
Residual vector length: 50, Jacobian shape: (50, 6)
view   0 | SOD= 566.092 mm | SDD= 721.227 mm | M= 1.274 | incident=3.3432°
[[  46.763878   -563.46155     -28.008183  ]
 [ -15.196723    153.98526      11.991817  ]
 [   0.1492533     0.01017918    0.        ]
 [   0.            0.            0.1496    ]]

iter 12 cost=2.641164 -> 2.439886 |dtheta|=2.027822e-01  lambda=1.000e-06

============================================================
Iteration 13
============================================================
Theta offsets (Unity frame):
  Source   : dSx=   0.000, dSy=   0.000, dSz=   0.000  (mm)
  Object   : dOx=  -6.004, dOy=  -6.008, dOz= -11.757  (mm)
  Object offset: offset_x=  -0.312, offset_z=   0.094  (mm)
  Detector : dDx=   0.000, dDy=   0.000, dDz=   0.000  (mm)
  Obj Stage rotY :    3.902 deg
============================================================

Unity geometry (world coordinates):
  Source   : x=   8.000, y=  50.000, z=   0.000
  Object   : x=  -0.004, y=  21.992, z= 565.243
  Detector : x=  -5.000, y=  10.000, z= 720.000
  Obj rotY :   0.0000 deg
view   0 | SOD= 566.092 mm | SDD= 721.227 mm | M= 1.274 | incident=3.3432°
[[  46.763878   -563.46155     -28.008183  ]
 [ -15.196723    153.98526      11.991817  ]
 [   0.1492533     0.01017918    0.        ]
 [   0.            0.            0.1496    ]]
Residual vector length: 50, Jacobian shape: (50, 6)
view   0 | SOD= 565.917 mm | SDD= 721.227 mm | M= 1.274 | incident=3.3432°
[[  47.34709    -563.23724     -28.00895   ]
 [ -15.370348    154.14378      11.991051  ]
 [   0.14924246    0.01033663    0.        ]
 [   0.            0.            0.1496    ]]

iter 13 cost=2.439886 -> 1.702476 |dtheta|=1.746084e-01  lambda=1.000e-06

============================================================
Iteration 14
============================================================
Theta offsets (Unity frame):
  Source   : dSx=   0.000, dSy=   0.000, dSz=   0.000  (mm)
  Object   : dOx=  -5.997, dOy=  -6.009, dOz= -11.920  (mm)
  Object offset: offset_x=  -0.320, offset_z=   0.082  (mm)
  Detector : dDx=   0.000, dDy=   0.000, dDz=   0.000  (mm)
  Obj Stage rotY :    3.962 deg
============================================================

Unity geometry (world coordinates):
  Source   : x=   8.000, y=  50.000, z=   0.000
  Object   : x=   0.003, y=  21.991, z= 565.080
  Detector : x=  -5.000, y=  10.000, z= 720.000
  Obj rotY :   0.0000 deg
view   0 | SOD= 565.917 mm | SDD= 721.227 mm | M= 1.274 | incident=3.3432°
[[  47.34709    -563.23724     -28.00895   ]
 [ -15.370348    154.14378      11.991051  ]
 [   0.14924246    0.01033663    0.        ]
 [   0.            0.            0.1496    ]]
Residual vector length: 50, Jacobian shape: (50, 6)
view   0 | SOD= 565.875 mm | SDD= 721.227 mm | M= 1.275 | incident=3.3432°
[[  48.49134    -563.09753     -28.00541   ]
 [ -15.739372    154.14955      11.994591  ]
 [   0.14922033    0.01065146    0.        ]
 [   0.            0.            0.1496    ]]

iter 14 cost=1.702476 -> 1.291472 |dtheta|=1.318114e-01  lambda=1.000e-06

============================================================
Iteration 15
============================================================
Theta offsets (Unity frame):
  Source   : dSx=   0.000, dSy=   0.000, dSz=   0.000  (mm)
  Object   : dOx=  -5.996, dOy=  -6.005, dOz= -11.952  (mm)
  Object offset: offset_x=  -0.280, offset_z=   0.073  (mm)
  Detector : dDx=   0.000, dDy=   0.000, dDz=   0.000  (mm)
  Obj Stage rotY :    4.083 deg
============================================================

Unity geometry (world coordinates):
  Source   : x=   8.000, y=  50.000, z=   0.000
  Object   : x=   0.004, y=  21.995, z= 565.048
  Detector : x=  -5.000, y=  10.000, z= 720.000
  Obj rotY :   0.0000 deg
view   0 | SOD= 565.875 mm | SDD= 721.227 mm | M= 1.275 | incident=3.3432°
[[  48.49134    -563.09753     -28.00541   ]
 [ -15.739372    154.14955      11.994591  ]
 [   0.14922033    0.01065146    0.        ]
 [   0.            0.            0.1496    ]]
Residual vector length: 50, Jacobian shape: (50, 6)
view   0 | SOD= 565.806 mm | SDD= 721.227 mm | M= 1.275 | incident=3.3432°
[[  49.14146    -562.97217     -28.001255  ]
 [ -15.962242    154.19626      11.998745  ]
 [   0.14920725    0.01083308    0.        ]
 [   0.            0.            0.1496    ]]

iter 15 cost=1.291472 -> 1.043395 |dtheta|=1.016983e-01  lambda=1.000e-06

============================================================
Iteration 16
============================================================
Theta offsets (Unity frame):
  Source   : dSx=   0.000, dSy=   0.000, dSz=   0.000  (mm)
  Object   : dOx=  -5.991, dOy=  -6.001, dOz= -12.021  (mm)
  Object offset: offset_x=  -0.254, offset_z=   0.074  (mm)
  Detector : dDx=   0.000, dDy=   0.000, dDz=   0.000  (mm)
  Obj Stage rotY :    4.153 deg
============================================================

Unity geometry (world coordinates):
  Source   : x=   8.000, y=  50.000, z=   0.000
  Object   : x=   0.009, y=  21.999, z= 564.979
  Detector : x=  -5.000, y=  10.000, z= 720.000
  Obj rotY :   0.0000 deg
view   0 | SOD= 565.806 mm | SDD= 721.227 mm | M= 1.275 | incident=3.3432°
[[  49.14146    -562.97217     -28.001255  ]
 [ -15.962242    154.19626      11.998745  ]
 [   0.14920725    0.01083308    0.        ]
 [   0.            0.            0.1496    ]]
Residual vector length: 50, Jacobian shape: (50, 6)
view   0 | SOD= 565.800 mm | SDD= 721.227 mm | M= 1.275 | incident=3.3432°
[[  49.831398   -562.9058      -28.000381  ]
 [ -16.169052    154.18059      11.999619  ]
 [   0.14919358    0.01101965    0.        ]
 [   0.            0.            0.1496    ]]

iter 16 cost=1.043395 -> 0.915398 |dtheta|=7.483009e-02  lambda=1.000e-06

============================================================
Iteration 17
============================================================
Theta offsets (Unity frame):
  Source   : dSx=   0.000, dSy=   0.000, dSz=   0.000  (mm)
  Object   : dOx=  -5.998, dOy=  -6.000, dOz= -12.026  (mm)
  Object offset: offset_x=  -0.234, offset_z=   0.073  (mm)
  Detector : dDx=   0.000, dDy=   0.000, dDz=   0.000  (mm)
  Obj Stage rotY :    4.224 deg
============================================================

Unity geometry (world coordinates):
  Source   : x=   8.000, y=  50.000, z=   0.000
  Object   : x=   0.002, y=  22.000, z= 564.974
  Detector : x=  -5.000, y=  10.000, z= 720.000
  Obj rotY :   0.0000 deg
view   0 | SOD= 565.800 mm | SDD= 721.227 mm | M= 1.275 | incident=3.3432°
[[  49.831398   -562.9058      -28.000381  ]
 [ -16.169052    154.18059      11.999619  ]
 [   0.14919358    0.01101965    0.        ]
 [   0.            0.            0.1496    ]]
Residual vector length: 50, Jacobian shape: (50, 6)
view   0 | SOD= 565.764 mm | SDD= 721.227 mm | M= 1.275 | incident=3.3432°
[[  49.868896   -562.86584     -27.999168  ]
 [ -16.183325    154.21579      12.000832  ]
 [   0.1491928     0.01103042    0.        ]
 [   0.            0.            0.1496    ]]

iter 17 cost=0.915398 -> 0.929920 |dtheta|=2.992173e-02  lambda=1.000e-06

============================================================
Iteration 18
============================================================
Theta offsets (Unity frame):
  Source   : dSx=   0.000, dSy=   0.000, dSz=   0.000  (mm)
  Object   : dOx=  -5.998, dOy=  -6.000, dOz= -12.026  (mm)
  Object offset: offset_x=  -0.234, offset_z=   0.073  (mm)
  Detector : dDx=   0.000, dDy=   0.000, dDz=   0.000  (mm)
  Obj Stage rotY :    4.224 deg
============================================================

Unity geometry (world coordinates):
  Source   : x=   8.000, y=  50.000, z=   0.000
  Object   : x=   0.002, y=  22.000, z= 564.974
  Detector : x=  -5.000, y=  10.000, z= 720.000
  Obj rotY :   0.0000 deg
view   0 | SOD= 565.800 mm | SDD= 721.227 mm | M= 1.275 | incident=3.3432°
[[  49.831398   -562.9058      -28.000381  ]
 [ -16.169052    154.18059      11.999619  ]
 [   0.14919358    0.01101965    0.        ]
 [   0.            0.            0.1496    ]]
Residual vector length: 50, Jacobian shape: (50, 6)
view   0 | SOD= 565.764 mm | SDD= 721.227 mm | M= 1.275 | incident=3.3432°
[[  49.868896   -562.86584     -27.999168  ]
 [ -16.183325    154.21579      12.000832  ]
 [   0.1491928     0.01103042    0.        ]
 [   0.            0.            0.1496    ]]

iter 18 cost=0.915398 -> 0.929920 |dtheta|=2.992173e-02  lambda=5.000e-06

============================================================
Iteration 19
============================================================
Theta offsets (Unity frame):
  Source   : dSx=   0.000, dSy=   0.000, dSz=   0.000  (mm)
  Object   : dOx=  -5.998, dOy=  -6.000, dOz= -12.026  (mm)
  Object offset: offset_x=  -0.234, offset_z=   0.073  (mm)
  Detector : dDx=   0.000, dDy=   0.000, dDz=   0.000  (mm)
  Obj Stage rotY :    4.224 deg
============================================================

Unity geometry (world coordinates):
  Source   : x=   8.000, y=  50.000, z=   0.000
  Object   : x=   0.002, y=  22.000, z= 564.974
  Detector : x=  -5.000, y=  10.000, z= 720.000
  Obj rotY :   0.0000 deg
view   0 | SOD= 565.800 mm | SDD= 721.227 mm | M= 1.275 | incident=3.3432°
[[  49.831398   -562.9058      -28.000381  ]
 [ -16.169052    154.18059      11.999619  ]
 [   0.14919358    0.01101965    0.        ]
 [   0.            0.            0.1496    ]]
Residual vector length: 50, Jacobian shape: (50, 6)
view   0 | SOD= 565.764 mm | SDD= 721.227 mm | M= 1.275 | incident=3.3432°
[[  49.868896   -562.86584     -27.999168  ]
 [ -16.183325    154.21579      12.000832  ]
 [   0.1491928     0.01103042    0.        ]
 [   0.            0.            0.1496    ]]

iter 19 cost=0.915398 -> 0.929920 |dtheta|=2.992171e-02  lambda=2.500e-05

============================================================
Iteration 20
============================================================
Theta offsets (Unity frame):
  Source   : dSx=   0.000, dSy=   0.000, dSz=   0.000  (mm)
  Object   : dOx=  -5.998, dOy=  -6.000, dOz= -12.026  (mm)
  Object offset: offset_x=  -0.234, offset_z=   0.073  (mm)
  Detector : dDx=   0.000, dDy=   0.000, dDz=   0.000  (mm)
  Obj Stage rotY :    4.224 deg
============================================================

Unity geometry (world coordinates):
  Source   : x=   8.000, y=  50.000, z=   0.000
  Object   : x=   0.002, y=  22.000, z= 564.974
  Detector : x=  -5.000, y=  10.000, z= 720.000
  Obj rotY :   0.0000 deg
view   0 | SOD= 565.800 mm | SDD= 721.227 mm | M= 1.275 | incident=3.3432°
[[  49.831398   -562.9058      -28.000381  ]
 [ -16.169052    154.18059      11.999619  ]
 [   0.14919358    0.01101965    0.        ]
 [   0.            0.            0.1496    ]]
Residual vector length: 50, Jacobian shape: (50, 6)
view   0 | SOD= 565.764 mm | SDD= 721.227 mm | M= 1.275 | incident=3.3432°
[[  49.868896   -562.86584     -27.999168  ]
 [ -16.183325    154.21579      12.000832  ]
 [   0.1491928     0.01103042    0.        ]
 [   0.            0.            0.1496    ]]

iter 20 cost=0.915398 -> 0.929920 |dtheta|=2.992160e-02  lambda=1.250e-04

============================================================
Iteration 21
============================================================
Theta offsets (Unity frame):
  Source   : dSx=   0.000, dSy=   0.000, dSz=   0.000  (mm)
  Object   : dOx=  -5.998, dOy=  -6.000, dOz= -12.026  (mm)
  Object offset: offset_x=  -0.234, offset_z=   0.073  (mm)
  Detector : dDx=   0.000, dDy=   0.000, dDz=   0.000  (mm)
  Obj Stage rotY :    4.224 deg
============================================================

Unity geometry (world coordinates):
  Source   : x=   8.000, y=  50.000, z=   0.000
  Object   : x=   0.002, y=  22.000, z= 564.974
  Detector : x=  -5.000, y=  10.000, z= 720.000
  Obj rotY :   0.0000 deg
view   0 | SOD= 565.800 mm | SDD= 721.227 mm | M= 1.275 | incident=3.3432°
[[  49.831398   -562.9058      -28.000381  ]
 [ -16.169052    154.18059      11.999619  ]
 [   0.14919358    0.01101965    0.        ]
 [   0.            0.            0.1496    ]]
Residual vector length: 50, Jacobian shape: (50, 6)
view   0 | SOD= 565.764 mm | SDD= 721.227 mm | M= 1.275 | incident=3.3432°
[[  49.868896   -562.86584     -27.999168  ]
 [ -16.183325    154.21579      12.000832  ]
 [   0.1491928     0.01103042    0.        ]
 [   0.            0.            0.1496    ]]

iter 21 cost=0.915398 -> 0.929920 |dtheta|=2.992107e-02  lambda=6.250e-04

============================================================
Iteration 22
============================================================
Theta offsets (Unity frame):
  Source   : dSx=   0.000, dSy=   0.000, dSz=   0.000  (mm)
  Object   : dOx=  -5.998, dOy=  -6.000, dOz= -12.026  (mm)
  Object offset: offset_x=  -0.234, offset_z=   0.073  (mm)
  Detector : dDx=   0.000, dDy=   0.000, dDz=   0.000  (mm)
  Obj Stage rotY :    4.224 deg
============================================================

Unity geometry (world coordinates):
  Source   : x=   8.000, y=  50.000, z=   0.000
  Object   : x=   0.002, y=  22.000, z= 564.974
  Detector : x=  -5.000, y=  10.000, z= 720.000
  Obj rotY :   0.0000 deg
view   0 | SOD= 565.800 mm | SDD= 721.227 mm | M= 1.275 | incident=3.3432°
[[  49.831398   -562.9058      -28.000381  ]
 [ -16.169052    154.18059      11.999619  ]
 [   0.14919358    0.01101965    0.        ]
 [   0.            0.            0.1496    ]]
Residual vector length: 50, Jacobian shape: (50, 6)
view   0 | SOD= 565.764 mm | SDD= 721.227 mm | M= 1.275 | incident=3.3432°
[[  49.868896   -562.86584     -27.999168  ]
 [ -16.183325    154.21579      12.000832  ]
 [   0.1491928     0.01103043    0.        ]
 [   0.            0.            0.1496    ]]

iter 22 cost=0.915398 -> 0.929920 |dtheta|=2.991841e-02  lambda=3.125e-03

============================================================
Iteration 23
============================================================
Theta offsets (Unity frame):
  Source   : dSx=   0.000, dSy=   0.000, dSz=   0.000  (mm)
  Object   : dOx=  -5.998, dOy=  -6.000, dOz= -12.026  (mm)
  Object offset: offset_x=  -0.234, offset_z=   0.073  (mm)
  Detector : dDx=   0.000, dDy=   0.000, dDz=   0.000  (mm)
  Obj Stage rotY :    4.224 deg
============================================================

Unity geometry (world coordinates):
  Source   : x=   8.000, y=  50.000, z=   0.000
  Object   : x=   0.002, y=  22.000, z= 564.974
  Detector : x=  -5.000, y=  10.000, z= 720.000
  Obj rotY :   0.0000 deg
view   0 | SOD= 565.800 mm | SDD= 721.227 mm | M= 1.275 | incident=3.3432°
[[  49.831398   -562.9058      -28.000381  ]
 [ -16.169052    154.18059      11.999619  ]
 [   0.14919358    0.01101965    0.        ]
 [   0.            0.            0.1496    ]]
Residual vector length: 50, Jacobian shape: (50, 6)
view   0 | SOD= 565.764 mm | SDD= 721.227 mm | M= 1.275 | incident=3.3432°
[[  49.868896   -562.86584     -27.999168  ]
 [ -16.183325    154.21579      12.000832  ]
 [   0.1491928     0.01103043    0.        ]
 [   0.            0.            0.1496    ]]

iter 23 cost=0.915398 -> 0.929920 |dtheta|=2.990512e-02  lambda=1.562e-02

============================================================
Iteration 24
============================================================
Theta offsets (Unity frame):
  Source   : dSx=   0.000, dSy=   0.000, dSz=   0.000  (mm)
  Object   : dOx=  -5.998, dOy=  -6.000, dOz= -12.026  (mm)
  Object offset: offset_x=  -0.234, offset_z=   0.073  (mm)
  Detector : dDx=   0.000, dDy=   0.000, dDz=   0.000  (mm)
  Obj Stage rotY :    4.224 deg
============================================================

Unity geometry (world coordinates):
  Source   : x=   8.000, y=  50.000, z=   0.000
  Object   : x=   0.002, y=  22.000, z= 564.974
  Detector : x=  -5.000, y=  10.000, z= 720.000
  Obj rotY :   0.0000 deg
view   0 | SOD= 565.800 mm | SDD= 721.227 mm | M= 1.275 | incident=3.3432°
[[  49.831398   -562.9058      -28.000381  ]
 [ -16.169052    154.18059      11.999619  ]
 [   0.14919358    0.01101965    0.        ]
 [   0.            0.            0.1496    ]]
Residual vector length: 50, Jacobian shape: (50, 6)
view   0 | SOD= 565.764 mm | SDD= 721.227 mm | M= 1.275 | incident=3.3432°
[[  49.868916   -562.86597     -27.999172  ]
 [ -16.183317    154.21567      12.000828  ]
 [   0.1491928     0.01103043    0.        ]
 [   0.            0.            0.1496    ]]

iter 24 cost=0.915398 -> 0.929920 |dtheta|=2.983889e-02  lambda=7.812e-02

============================================================
Iteration 25
============================================================
Theta offsets (Unity frame):
  Source   : dSx=   0.000, dSy=   0.000, dSz=   0.000  (mm)
  Object   : dOx=  -5.998, dOy=  -6.000, dOz= -12.026  (mm)
  Object offset: offset_x=  -0.234, offset_z=   0.073  (mm)
  Detector : dDx=   0.000, dDy=   0.000, dDz=   0.000  (mm)
  Obj Stage rotY :    4.224 deg
============================================================

Unity geometry (world coordinates):
  Source   : x=   8.000, y=  50.000, z=   0.000
  Object   : x=   0.002, y=  22.000, z= 564.974
  Detector : x=  -5.000, y=  10.000, z= 720.000
  Obj rotY :   0.0000 deg
view   0 | SOD= 565.800 mm | SDD= 721.227 mm | M= 1.275 | incident=3.3432°
[[  49.831398   -562.9058      -28.000381  ]
 [ -16.169052    154.18059      11.999619  ]
 [   0.14919358    0.01101965    0.        ]
 [   0.            0.            0.1496    ]]
Residual vector length: 50, Jacobian shape: (50, 6)
view   0 | SOD= 565.764 mm | SDD= 721.227 mm | M= 1.275 | incident=3.3432°
[[  49.86897    -562.8663      -27.99919   ]
 [ -16.183302    154.21536      12.000811  ]
 [   0.1491928     0.01103044    0.        ]
 [   0.            0.            0.1496    ]]

iter 25 cost=0.915398 -> 0.929920 |dtheta|=2.951293e-02  lambda=3.906e-01

============================================================
Iteration 26
============================================================
Theta offsets (Unity frame):
  Source   : dSx=   0.000, dSy=   0.000, dSz=   0.000  (mm)
  Object   : dOx=  -5.998, dOy=  -6.000, dOz= -12.026  (mm)
  Object offset: offset_x=  -0.234, offset_z=   0.073  (mm)
  Detector : dDx=   0.000, dDy=   0.000, dDz=   0.000  (mm)
  Obj Stage rotY :    4.224 deg
============================================================

Unity geometry (world coordinates):
  Source   : x=   8.000, y=  50.000, z=   0.000
  Object   : x=   0.002, y=  22.000, z= 564.974
  Detector : x=  -5.000, y=  10.000, z= 720.000
  Obj rotY :   0.0000 deg
view   0 | SOD= 565.800 mm | SDD= 721.227 mm | M= 1.275 | incident=3.3432°
[[  49.831398   -562.9058      -28.000381  ]
 [ -16.169052    154.18059      11.999619  ]
 [   0.14919358    0.01101965    0.        ]
 [   0.            0.            0.1496    ]]
Residual vector length: 50, Jacobian shape: (50, 6)
view   0 | SOD= 565.766 mm | SDD= 721.227 mm | M= 1.275 | incident=3.3432°
[[  49.869125   -562.8679      -27.999266  ]
 [ -16.183172    154.21371      12.000734  ]
 [   0.1491928     0.01103044    0.        ]
 [   0.            0.            0.1496    ]]

iter 26 cost=0.915398 -> 0.929920 |dtheta|=2.800299e-02  lambda=1.953e+00

============================================================
Iteration 27
============================================================
Theta offsets (Unity frame):
  Source   : dSx=   0.000, dSy=   0.000, dSz=   0.000  (mm)
  Object   : dOx=  -5.998, dOy=  -6.000, dOz= -12.026  (mm)
  Object offset: offset_x=  -0.234, offset_z=   0.073  (mm)
  Detector : dDx=   0.000, dDy=   0.000, dDz=   0.000  (mm)
  Obj Stage rotY :    4.224 deg
============================================================

Unity geometry (world coordinates):
  Source   : x=   8.000, y=  50.000, z=   0.000
  Object   : x=   0.002, y=  22.000, z= 564.974
  Detector : x=  -5.000, y=  10.000, z= 720.000
  Obj rotY :   0.0000 deg
view   0 | SOD= 565.800 mm | SDD= 721.227 mm | M= 1.275 | incident=3.3432°
[[  49.831398   -562.9058      -28.000381  ]
 [ -16.169052    154.18059      11.999619  ]
 [   0.14919358    0.01101965    0.        ]
 [   0.            0.            0.1496    ]]
Residual vector length: 50, Jacobian shape: (50, 6)
view   0 | SOD= 565.772 mm | SDD= 721.227 mm | M= 1.275 | incident=3.3432°
[[  49.867966   -562.87396     -27.999542  ]
 [ -16.182175    154.20787      12.000458  ]
 [   0.14919282    0.01102999    0.        ]
 [   0.            0.            0.1496    ]]

iter 27 cost=0.915398 -> 0.897373 |dtheta|=2.258947e-02  lambda=9.766e+00

============================================================
Iteration 28
============================================================
Theta offsets (Unity frame):
  Source   : dSx=   0.000, dSy=   0.000, dSz=   0.000  (mm)
  Object   : dOx=  -5.994, dOy=  -6.000, dOz= -12.046  (mm)
  Object offset: offset_x=  -0.237, offset_z=   0.065  (mm)
  Detector : dDx=   0.000, dDy=   0.000, dDz=   0.000  (mm)
  Obj Stage rotY :    4.228 deg
============================================================

Unity geometry (world coordinates):
  Source   : x=   8.000, y=  50.000, z=   0.000
  Object   : x=   0.006, y=  22.000, z= 564.954
  Detector : x=  -5.000, y=  10.000, z= 720.000
  Obj rotY :   0.0000 deg
view   0 | SOD= 565.772 mm | SDD= 721.227 mm | M= 1.275 | incident=3.3432°
[[  49.867966   -562.87396     -27.999542  ]
 [ -16.182175    154.20787      12.000458  ]
 [   0.14919282    0.01102999    0.        ]
 [   0.            0.            0.1496    ]]
Residual vector length: 50, Jacobian shape: (50, 6)
view   0 | SOD= 565.783 mm | SDD= 721.227 mm | M= 1.275 | incident=3.3432°
[[  51.06969    -562.77716     -27.99701   ]
 [ -16.541597    154.1592       12.002991  ]
 [   0.14916846    0.0113548     0.        ]
 [   0.            0.            0.1496    ]]

iter 28 cost=0.897373 -> 0.683801 |dtheta|=1.297953e-01  lambda=3.255e+00

============================================================
Iteration 29
============================================================
Theta offsets (Unity frame):
  Source   : dSx=   0.000, dSy=   0.000, dSz=   0.000  (mm)
  Object   : dOx=  -5.999, dOy=  -5.997, dOz= -12.028  (mm)
  Object offset: offset_x=  -0.208, offset_z=   0.058  (mm)
  Detector : dDx=   0.000, dDy=   0.000, dDz=   0.000  (mm)
  Obj Stage rotY :    4.353 deg
============================================================

Unity geometry (world coordinates):
  Source   : x=   8.000, y=  50.000, z=   0.000
  Object   : x=   0.001, y=  22.003, z= 564.972
  Detector : x=  -5.000, y=  10.000, z= 720.000
  Obj rotY :   0.0000 deg
view   0 | SOD= 565.783 mm | SDD= 721.227 mm | M= 1.275 | incident=3.3432°
[[  51.06969    -562.77716     -27.99701   ]
 [ -16.541597    154.1592       12.002991  ]
 [   0.14916846    0.0113548     0.        ]
 [   0.            0.            0.1496    ]]
Residual vector length: 50, Jacobian shape: (50, 6)
view   0 | SOD= 565.850 mm | SDD= 721.227 mm | M= 1.275 | incident=3.3432°
[[  51.655605   -562.79144     -28.002182  ]
 [ -16.724258    154.07202      11.997818  ]
 [   0.1491562     0.01151472    0.        ]
 [   0.            0.            0.1496    ]]

iter 29 cost=0.683801 -> 0.564645 |dtheta|=9.528636e-02  lambda=1.085e+00

============================================================
Iteration 30
============================================================
Theta offsets (Unity frame):
  Source   : dSx=   0.000, dSy=   0.000, dSz=   0.000  (mm)
  Object   : dOx=  -5.999, dOy=  -6.002, dOz= -11.959  (mm)
  Object offset: offset_x=  -0.185, offset_z=   0.056  (mm)
  Detector : dDx=   0.000, dDy=   0.000, dDz=   0.000  (mm)
  Obj Stage rotY :    4.414 deg
============================================================

Unity geometry (world coordinates):
  Source   : x=   8.000, y=  50.000, z=   0.000
  Object   : x=   0.001, y=  21.998, z= 565.041
  Detector : x=  -5.000, y=  10.000, z= 720.000
  Obj rotY :   0.0000 deg
view   0 | SOD= 565.850 mm | SDD= 721.227 mm | M= 1.275 | incident=3.3432°
[[  51.655605   -562.79144     -28.002182  ]
 [ -16.724258    154.07202      11.997818  ]
 [   0.1491562     0.01151472    0.        ]
 [   0.            0.            0.1496    ]]
Residual vector length: 50, Jacobian shape: (50, 6)
view   0 | SOD= 565.872 mm | SDD= 721.227 mm | M= 1.275 | incident=3.3432°
[[  52.40183    -562.7444      -28.00037   ]
 [ -16.954882    154.02518      11.99963   ]
 [   0.14914037    0.01171797    0.        ]
 [   0.            0.            0.1496    ]]

iter 30 cost=0.564645 -> 0.481667 |dtheta|=8.499622e-02  lambda=3.617e-01

============================================================
Iteration 31
============================================================
Theta offsets (Unity frame):
  Source   : dSx=   0.000, dSy=   0.000, dSz=   0.000  (mm)
  Object   : dOx=  -5.999, dOy=  -6.000, dOz= -11.934  (mm)
  Object offset: offset_x=  -0.163, offset_z=   0.054  (mm)
  Detector : dDx=   0.000, dDy=   0.000, dDz=   0.000  (mm)
  Obj Stage rotY :    4.493 deg
============================================================

Unity geometry (world coordinates):
  Source   : x=   8.000, y=  50.000, z=   0.000
  Object   : x=   0.001, y=  22.000, z= 565.066
  Detector : x=  -5.000, y=  10.000, z= 720.000
  Obj rotY :   0.0000 deg
view   0 | SOD= 565.872 mm | SDD= 721.227 mm | M= 1.275 | incident=3.3432°
[[  52.40183    -562.7444      -28.00037   ]
 [ -16.954882    154.02518      11.99963   ]
 [   0.14914037    0.01171797    0.        ]
 [   0.            0.            0.1496    ]]
Residual vector length: 50, Jacobian shape: (50, 6)
view   0 | SOD= 565.900 mm | SDD= 721.227 mm | M= 1.274 | incident=3.3432°
[[  52.655376   -562.7484      -28.000824  ]
 [ -17.037153    153.98862      11.999176  ]
 [   0.14913486    0.01178785    0.        ]
 [   0.            0.            0.1496    ]]

iter 31 cost=0.481667 -> 0.437075 |dtheta|=4.600180e-02  lambda=1.206e-01

============================================================
Iteration 32
============================================================
Theta offsets (Unity frame):
  Source   : dSx=   0.000, dSy=   0.000, dSz=   0.000  (mm)
  Object   : dOx=  -5.999, dOy=  -6.001, dOz= -11.899  (mm)
  Object offset: offset_x=  -0.151, offset_z=   0.047  (mm)
  Detector : dDx=   0.000, dDy=   0.000, dDz=   0.000  (mm)
  Obj Stage rotY :    4.519 deg
============================================================

Unity geometry (world coordinates):
  Source   : x=   8.000, y=  50.000, z=   0.000
  Object   : x=   0.001, y=  21.999, z= 565.101
  Detector : x=  -5.000, y=  10.000, z= 720.000
  Obj rotY :   0.0000 deg
view   0 | SOD= 565.900 mm | SDD= 721.227 mm | M= 1.274 | incident=3.3432°
[[  52.655376   -562.7484      -28.000824  ]
 [ -17.037153    153.98862      11.999176  ]
 [   0.14913486    0.01178785    0.        ]
 [   0.            0.            0.1496    ]]
Residual vector length: 50, Jacobian shape: (50, 6)
view   0 | SOD= 565.880 mm | SDD= 721.227 mm | M= 1.275 | incident=3.3432°
[[  53.314137   -562.6666      -28.00167   ]
 [ -17.242823    153.98584      11.998329  ]
 [   0.14912054    0.01196771    0.        ]
 [   0.            0.            0.1496    ]]

iter 32 cost=0.437075 -> 0.400028 |dtheta|=7.363400e-02  lambda=4.019e-02

============================================================
Iteration 33
============================================================
Theta offsets (Unity frame):
  Source   : dSx=   0.000, dSy=   0.000, dSz=   0.000  (mm)
  Object   : dOx=  -6.002, dOy=  -6.002, dOz= -11.909  (mm)
  Object offset: offset_x=  -0.129, offset_z=   0.038  (mm)
  Detector : dDx=   0.000, dDy=   0.000, dDz=   0.000  (mm)
  Obj Stage rotY :    4.588 deg
============================================================

Unity geometry (world coordinates):
  Source   : x=   8.000, y=  50.000, z=   0.000
  Object   : x=  -0.002, y=  21.998, z= 565.091
  Detector : x=  -5.000, y=  10.000, z= 720.000
  Obj rotY :   0.0000 deg
view   0 | SOD= 565.880 mm | SDD= 721.227 mm | M= 1.275 | incident=3.3432°
[[  53.314137   -562.6666      -28.00167   ]
 [ -17.242823    153.98584      11.998329  ]
 [   0.14912054    0.01196771    0.        ]
 [   0.            0.            0.1496    ]]
Residual vector length: 50, Jacobian shape: (50, 6)
view   0 | SOD= 565.832 mm | SDD= 721.227 mm | M= 1.275 | incident=3.3432°
[[  53.845737   -562.56793     -27.997097  ]
 [ -17.415625    154.01483      12.002903  ]
 [   0.1491087     0.01211429    0.        ]
 [   0.            0.            0.1496    ]]

iter 33 cost=0.400028 -> 0.303035 |dtheta|=7.463710e-02  lambda=1.340e-02

============================================================
Iteration 34
============================================================
Theta offsets (Unity frame):
  Source   : dSx=   0.000, dSy=   0.000, dSz=   0.000  (mm)
  Object   : dOx=  -6.002, dOy=  -5.997, dOz= -11.955  (mm)
  Object offset: offset_x=  -0.112, offset_z=   0.035  (mm)
  Detector : dDx=   0.000, dDy=   0.000, dDz=   0.000  (mm)
  Obj Stage rotY :    4.645 deg
============================================================

Unity geometry (world coordinates):
  Source   : x=   8.000, y=  50.000, z=   0.000
  Object   : x=  -0.002, y=  22.003, z= 565.045
  Detector : x=  -5.000, y=  10.000, z= 720.000
  Obj rotY :   0.0000 deg
view   0 | SOD= 565.832 mm | SDD= 721.227 mm | M= 1.275 | incident=3.3432°
[[  53.845737   -562.56793     -27.997097  ]
 [ -17.415625    154.01483      12.002903  ]
 [   0.1491087     0.01211429    0.        ]
 [   0.            0.            0.1496    ]]
Residual vector length: 50, Jacobian shape: (50, 6)
view   0 | SOD= 565.841 mm | SDD= 721.227 mm | M= 1.275 | incident=3.3432°
[[  54.240936   -562.5393      -28.000055  ]
 [ -17.540495    153.99153      11.999945  ]
 [   0.14909987    0.01222251    0.        ]
 [   0.            0.            0.1496    ]]

iter 34 cost=0.303035 -> 0.287690 |dtheta|=4.574954e-02  lambda=4.465e-03

============================================================
Iteration 35
============================================================
Theta offsets (Unity frame):
  Source   : dSx=   0.000, dSy=   0.000, dSz=   0.000  (mm)
  Object   : dOx=  -6.002, dOy=  -6.000, dOz= -11.943  (mm)
  Object offset: offset_x=  -0.097, offset_z=   0.033  (mm)
  Detector : dDx=   0.000, dDy=   0.000, dDz=   0.000  (mm)
  Obj Stage rotY :    4.686 deg
============================================================

Unity geometry (world coordinates):
  Source   : x=   8.000, y=  50.000, z=   0.000
  Object   : x=  -0.002, y=  22.000, z= 565.057
  Detector : x=  -5.000, y=  10.000, z= 720.000
  Obj rotY :   0.0000 deg
view   0 | SOD= 565.841 mm | SDD= 721.227 mm | M= 1.275 | incident=3.3432°
[[  54.240936   -562.5393      -28.000055  ]
 [ -17.540495    153.99153      11.999945  ]
 [   0.14909987    0.01222251    0.        ]
 [   0.            0.            0.1496    ]]
Residual vector length: 50, Jacobian shape: (50, 6)
view   0 | SOD= 565.823 mm | SDD= 721.227 mm | M= 1.275 | incident=3.3432°
[[  54.246758   -562.5205      -27.997952  ]
 [ -17.54829     154.00899      12.0020485 ]
 [   0.14909963    0.01222534    0.        ]
 [   0.            0.            0.1496    ]]

iter 35 cost=0.287690 -> 0.263788 |dtheta|=1.765387e-02  lambda=1.488e-03

============================================================
Iteration 36
============================================================
Theta offsets (Unity frame):
  Source   : dSx=   0.000, dSy=   0.000, dSz=   0.000  (mm)
  Object   : dOx=  -5.998, dOy=  -5.998, dOz= -11.960  (mm)
  Object offset: offset_x=  -0.098, offset_z=   0.032  (mm)
  Detector : dDx=   0.000, dDy=   0.000, dDz=   0.000  (mm)
  Obj Stage rotY :    4.687 deg
============================================================

Unity geometry (world coordinates):
  Source   : x=   8.000, y=  50.000, z=   0.000
  Object   : x=   0.002, y=  22.002, z= 565.040
  Detector : x=  -5.000, y=  10.000, z= 720.000
  Obj rotY :   0.0000 deg
view   0 | SOD= 565.823 mm | SDD= 721.227 mm | M= 1.275 | incident=3.3432°
[[  54.246758   -562.5205      -27.997952  ]
 [ -17.54829     154.00899      12.0020485 ]
 [   0.14909963    0.01222534    0.        ]
 [   0.            0.            0.1496    ]]
Residual vector length: 50, Jacobian shape: (50, 6)
view   0 | SOD= 565.784 mm | SDD= 721.227 mm | M= 1.275 | incident=3.3432°
[[  54.459324   -562.4604      -27.996967  ]
 [ -17.62291     154.04025      12.003033  ]
 [   0.14909472    0.0122851     0.        ]
 [   0.            0.            0.1496    ]]

iter 36 cost=0.263788 -> 0.251500 |dtheta|=4.434961e-02  lambda=4.961e-04

============================================================
Iteration 37
============================================================
Theta offsets (Unity frame):
  Source   : dSx=   0.000, dSy=   0.000, dSz=   0.000  (mm)
  Object   : dOx=  -5.999, dOy=  -5.997, dOz= -11.996  (mm)
  Object offset: offset_x=  -0.088, offset_z=   0.029  (mm)
  Detector : dDx=   0.000, dDy=   0.000, dDz=   0.000  (mm)
  Obj Stage rotY :    4.710 deg
============================================================

Unity geometry (world coordinates):
  Source   : x=   8.000, y=  50.000, z=   0.000
  Object   : x=   0.001, y=  22.003, z= 565.004
  Detector : x=  -5.000, y=  10.000, z= 720.000
  Obj rotY :   0.0000 deg
view   0 | SOD= 565.784 mm | SDD= 721.227 mm | M= 1.275 | incident=3.3432°
[[  54.459324   -562.4604      -27.996967  ]
 [ -17.62291     154.04025      12.003033  ]
 [   0.14909472    0.0122851     0.        ]
 [   0.            0.            0.1496    ]]
Residual vector length: 50, Jacobian shape: (50, 6)
view   0 | SOD= 565.762 mm | SDD= 721.227 mm | M= 1.275 | incident=3.3432°
[[  54.827885   -562.40234     -27.996859  ]
 [ -17.737993    154.04944      12.003141  ]
 [   0.1490864     0.01238574    0.        ]
 [   0.            0.            0.1496    ]]

iter 37 cost=0.251500 -> 0.232540 |dtheta|=4.417835e-02  lambda=1.654e-04

============================================================
Iteration 38
============================================================
Theta offsets (Unity frame):
  Source   : dSx=   0.000, dSy=   0.000, dSz=   0.000  (mm)
  Object   : dOx=  -6.000, dOy=  -5.997, dOz= -12.014  (mm)
  Object offset: offset_x=  -0.077, offset_z=   0.025  (mm)
  Detector : dDx=   0.000, dDy=   0.000, dDz=   0.000  (mm)
  Obj Stage rotY :    4.749 deg
============================================================

Unity geometry (world coordinates):
  Source   : x=   8.000, y=  50.000, z=   0.000
  Object   : x=  -0.000, y=  22.003, z= 564.986
  Detector : x=  -5.000, y=  10.000, z= 720.000
  Obj rotY :   0.0000 deg
view   0 | SOD= 565.762 mm | SDD= 721.227 mm | M= 1.275 | incident=3.3432°
[[  54.827885   -562.40234     -27.996859  ]
 [ -17.737993    154.04944      12.003141  ]
 [   0.1490864     0.01238574    0.        ]
 [   0.            0.            0.1496    ]]
Residual vector length: 50, Jacobian shape: (50, 6)
view   0 | SOD= 565.781 mm | SDD= 721.227 mm | M= 1.275 | incident=3.3432°
[[  54.981625   -562.40625     -27.999578  ]
 [ -17.78455     154.02527      12.000422  ]
 [   0.14908293    0.01242742    0.        ]
 [   0.            0.            0.1496    ]]

iter 38 cost=0.232540 -> 0.206032 |dtheta|=2.354183e-02  lambda=5.513e-05

============================================================
Iteration 39
============================================================
Theta offsets (Unity frame):
  Source   : dSx=   0.000, dSy=   0.000, dSz=   0.000  (mm)
  Object   : dOx=  -5.998, dOy=  -6.000, dOz= -11.997  (mm)
  Object offset: offset_x=  -0.074, offset_z=   0.027  (mm)
  Detector : dDx=   0.000, dDy=   0.000, dDz=   0.000  (mm)
  Obj Stage rotY :    4.765 deg
============================================================

Unity geometry (world coordinates):
  Source   : x=   8.000, y=  50.000, z=   0.000
  Object   : x=   0.002, y=  22.000, z= 565.003
  Detector : x=  -5.000, y=  10.000, z= 720.000
  Obj rotY :   0.0000 deg
view   0 | SOD= 565.781 mm | SDD= 721.227 mm | M= 1.275 | incident=3.3432°
[[  54.981625   -562.40625     -27.999578  ]
 [ -17.78455     154.02527      12.000422  ]
 [   0.14908293    0.01242742    0.        ]
 [   0.            0.            0.1496    ]]
Residual vector length: 50, Jacobian shape: (50, 6)
view   0 | SOD= 565.784 mm | SDD= 721.227 mm | M= 1.275 | incident=3.3432°
[[  55.183167   -562.3896      -28.000465  ]
 [ -17.844812    154.01524      11.999535  ]
 [   0.14907837    0.0124819     0.        ]
 [   0.            0.            0.1496    ]]

iter 39 cost=0.206032 -> 0.200265 |dtheta|=2.250447e-02  lambda=1.838e-05

============================================================
Iteration 40
============================================================
Theta offsets (Unity frame):
  Source   : dSx=   0.000, dSy=   0.000, dSz=   0.000  (mm)
  Object   : dOx=  -5.999, dOy=  -6.000, dOz= -11.992  (mm)
  Object offset: offset_x=  -0.068, offset_z=   0.025  (mm)
  Detector : dDx=   0.000, dDy=   0.000, dDz=   0.000  (mm)
  Obj Stage rotY :    4.786 deg
============================================================

Unity geometry (world coordinates):
  Source   : x=   8.000, y=  50.000, z=   0.000
  Object   : x=   0.001, y=  22.000, z= 565.008
  Detector : x=  -5.000, y=  10.000, z= 720.000
  Obj rotY :   0.0000 deg
view   0 | SOD= 565.784 mm | SDD= 721.227 mm | M= 1.275 | incident=3.3432°
[[  55.183167   -562.3896      -28.000465  ]
 [ -17.844812    154.01524      11.999535  ]
 [   0.14907837    0.0124819     0.        ]
 [   0.            0.            0.1496    ]]
Residual vector length: 50, Jacobian shape: (50, 6)
view   0 | SOD= 565.743 mm | SDD= 721.227 mm | M= 1.275 | incident=3.3432°
[[  55.61454    -562.3067      -27.997915  ]
 [ -17.983736    154.03978      12.002085  ]
 [   0.14906839    0.01260057    0.        ]
 [   0.            0.            0.1496    ]]

iter 40 cost=0.200265 -> 0.194253 |dtheta|=5.994359e-02  lambda=6.125e-06

============================================================
Iteration 41
============================================================
Theta offsets (Unity frame):
  Source   : dSx=   0.000, dSy=   0.000, dSz=   0.000  (mm)
  Object   : dOx=  -6.003, dOy=  -5.998, dOz= -12.027  (mm)
  Object offset: offset_x=  -0.052, offset_z=   0.019  (mm)
  Detector : dDx=   0.000, dDy=   0.000, dDz=   0.000  (mm)
  Obj Stage rotY :    4.832 deg
============================================================

Unity geometry (world coordinates):
  Source   : x=   8.000, y=  50.000, z=   0.000
  Object   : x=  -0.003, y=  22.002, z= 564.973
  Detector : x=  -5.000, y=  10.000, z= 720.000
  Obj rotY :   0.0000 deg
view   0 | SOD= 565.743 mm | SDD= 721.227 mm | M= 1.275 | incident=3.3432°
[[  55.61454    -562.3067      -27.997915  ]
 [ -17.983736    154.03978      12.002085  ]
 [   0.14906839    0.01260057    0.        ]
 [   0.            0.            0.1496    ]]
Residual vector length: 50, Jacobian shape: (50, 6)
view   0 | SOD= 565.722 mm | SDD= 721.227 mm | M= 1.275 | incident=3.3432°
[[  55.700314   -562.2762      -27.997133  ]
 [ -18.008703    154.0589       12.002867  ]
 [   0.14906645    0.01262362    0.        ]
 [   0.            0.            0.1496    ]]

iter 41 cost=0.194253 -> 0.170531 |dtheta|=2.349812e-02  lambda=2.042e-06

============================================================
Iteration 42
============================================================
Theta offsets (Unity frame):
  Source   : dSx=   0.000, dSy=   0.000, dSz=   0.000  (mm)
  Object   : dOx=  -6.000, dOy=  -5.997, dOz= -12.048  (mm)
  Object offset: offset_x=  -0.055, offset_z=   0.019  (mm)
  Detector : dDx=   0.000, dDy=   0.000, dDz=   0.000  (mm)
  Obj Stage rotY :    4.841 deg
============================================================

Unity geometry (world coordinates):
  Source   : x=   8.000, y=  50.000, z=   0.000
  Object   : x=  -0.000, y=  22.003, z= 564.952
  Detector : x=  -5.000, y=  10.000, z= 720.000
  Obj rotY :   0.0000 deg
view   0 | SOD= 565.722 mm | SDD= 721.227 mm | M= 1.275 | incident=3.3432°
[[  55.700314   -562.2762      -27.997133  ]
 [ -18.008703    154.0589       12.002867  ]
 [   0.14906645    0.01262362    0.        ]
 [   0.            0.            0.1496    ]]
Residual vector length: 50, Jacobian shape: (50, 6)
view   0 | SOD= 565.720 mm | SDD= 721.227 mm | M= 1.275 | incident=3.3432°
[[  55.939156   -562.2507      -27.997795  ]
 [ -18.084145    154.05203      12.002205  ]
 [   0.14906089    0.01268902    0.        ]
 [   0.            0.            0.1496    ]]

iter 42 cost=0.170531 -> 0.164245 |dtheta|=2.666402e-02  lambda=1.000e-06

============================================================
Iteration 43
============================================================
Theta offsets (Unity frame):
  Source   : dSx=   0.000, dSy=   0.000, dSz=   0.000  (mm)
  Object   : dOx=  -6.001, dOy=  -5.998, dOz= -12.047  (mm)
  Object offset: offset_x=  -0.047, offset_z=   0.016  (mm)
  Detector : dDx=   0.000, dDy=   0.000, dDz=   0.000  (mm)
  Obj Stage rotY :    4.866 deg
============================================================

Unity geometry (world coordinates):
  Source   : x=   8.000, y=  50.000, z=   0.000
  Object   : x=  -0.001, y=  22.002, z= 564.953
  Detector : x=  -5.000, y=  10.000, z= 720.000
  Obj rotY :   0.0000 deg
view   0 | SOD= 565.720 mm | SDD= 721.227 mm | M= 1.275 | incident=3.3432°
[[  55.939156   -562.2507      -27.997795  ]
 [ -18.084145    154.05203      12.002205  ]
 [   0.14906089    0.01268902    0.        ]
 [   0.            0.            0.1496    ]]
Residual vector length: 50, Jacobian shape: (50, 6)
view   0 | SOD= 565.738 mm | SDD= 721.227 mm | M= 1.275 | incident=3.3432°
[[  56.01161    -562.2615      -27.997189  ]
 [ -18.107399    154.03131      12.002811  ]
 [   0.14905919    0.01270894    0.        ]
 [   0.            0.            0.1496    ]]

iter 43 cost=0.164245 -> 0.160632 |dtheta|=2.125830e-02  lambda=1.000e-06

============================================================
Iteration 44
============================================================
Theta offsets (Unity frame):
  Source   : dSx=   0.000, dSy=   0.000, dSz=   0.000  (mm)
  Object   : dOx=  -6.001, dOy=  -5.997, dOz= -12.028  (mm)
  Object offset: offset_x=  -0.043, offset_z=   0.015  (mm)
  Detector : dDx=   0.000, dDy=   0.000, dDz=   0.000  (mm)
  Obj Stage rotY :    4.873 deg
============================================================

Unity geometry (world coordinates):
  Source   : x=   8.000, y=  50.000, z=   0.000
  Object   : x=  -0.001, y=  22.003, z= 564.972
  Detector : x=  -5.000, y=  10.000, z= 720.000
  Obj rotY :   0.0000 deg
view   0 | SOD= 565.738 mm | SDD= 721.227 mm | M= 1.275 | incident=3.3432°
[[  56.01161    -562.2615      -27.997189  ]
 [ -18.107399    154.03131      12.002811  ]
 [   0.14905919    0.01270894    0.        ]
 [   0.            0.            0.1496    ]]
Residual vector length: 50, Jacobian shape: (50, 6)
view   0 | SOD= 565.725 mm | SDD= 721.227 mm | M= 1.275 | incident=3.3432°
[[  55.78314    -562.27155     -27.996155  ]
 [ -18.0381      154.05202      12.003845  ]
 [   0.14906447    0.01264697    0.        ]
 [   0.            0.            0.1496    ]]

iter 44 cost=0.160632 -> 0.154992 |dtheta|=2.982541e-02  lambda=1.000e-06

============================================================
Iteration 45
============================================================
Theta offsets (Unity frame):
  Source   : dSx=   0.000, dSy=   0.000, dSz=   0.000  (mm)
  Object   : dOx=  -5.999, dOy=  -5.996, dOz= -12.043  (mm)
  Object offset: offset_x=  -0.051, offset_z=   0.018  (mm)
  Detector : dDx=   0.000, dDy=   0.000, dDz=   0.000  (mm)
  Obj Stage rotY :    4.849 deg
============================================================

Unity geometry (world coordinates):
  Source   : x=   8.000, y=  50.000, z=   0.000
  Object   : x=   0.001, y=  22.004, z= 564.957
  Detector : x=  -5.000, y=  10.000, z= 720.000
  Obj rotY :   0.0000 deg
view   0 | SOD= 565.725 mm | SDD= 721.227 mm | M= 1.275 | incident=3.3432°
[[  55.78314    -562.27155     -27.996155  ]
 [ -18.0381      154.05202      12.003845  ]
 [   0.14906447    0.01264697    0.        ]
 [   0.            0.            0.1496    ]]
Residual vector length: 50, Jacobian shape: (50, 6)
view   0 | SOD= 565.742 mm | SDD= 721.227 mm | M= 1.275 | incident=3.3432°
[[  55.792767   -562.2877      -27.997879  ]
 [ -18.038593    154.0348       12.002121  ]
 [   0.14906429    0.01264908    0.        ]
 [   0.            0.            0.1496    ]]

iter 45 cost=0.154992 -> 0.153458 |dtheta|=1.751379e-02  lambda=1.000e-06

============================================================
Iteration 46
============================================================
Theta offsets (Unity frame):
  Source   : dSx=   0.000, dSy=   0.000, dSz=   0.000  (mm)
  Object   : dOx=  -6.000, dOy=  -5.998, dOz= -12.026  (mm)
  Object offset: offset_x=  -0.050, offset_z=   0.017  (mm)
  Detector : dDx=   0.000, dDy=   0.000, dDz=   0.000  (mm)
  Obj Stage rotY :    4.850 deg
============================================================

Unity geometry (world coordinates):
  Source   : x=   8.000, y=  50.000, z=   0.000
  Object   : x=   0.000, y=  22.002, z= 564.974
  Detector : x=  -5.000, y=  10.000, z= 720.000
  Obj rotY :   0.0000 deg
view   0 | SOD= 565.742 mm | SDD= 721.227 mm | M= 1.275 | incident=3.3432°
[[  55.792767   -562.2877      -27.997879  ]
 [ -18.038593    154.0348       12.002121  ]
 [   0.14906429    0.01264908    0.        ]
 [   0.            0.            0.1496    ]]
Residual vector length: 50, Jacobian shape: (50, 6)
view   0 | SOD= 565.752 mm | SDD= 721.227 mm | M= 1.275 | incident=3.3432°
[[  55.847115   -562.29224     -27.998684  ]
 [ -18.055765    154.02287      12.001316  ]
 [   0.14906302    0.01266396    0.        ]
 [   0.            0.            0.1496    ]]

iter 46 cost=0.153458 -> 0.141299 |dtheta|=1.151068e-02  lambda=1.000e-06

============================================================
Iteration 47
============================================================
Theta offsets (Unity frame):
  Source   : dSx=   0.000, dSy=   0.000, dSz=   0.000  (mm)
  Object   : dOx=  -6.000, dOy=  -5.999, dOz= -12.016  (mm)
  Object offset: offset_x=  -0.047, offset_z=   0.018  (mm)
  Detector : dDx=   0.000, dDy=   0.000, dDz=   0.000  (mm)
  Obj Stage rotY :    4.856 deg
============================================================

Unity geometry (world coordinates):
  Source   : x=   8.000, y=  50.000, z=   0.000
  Object   : x=   0.000, y=  22.001, z= 564.984
  Detector : x=  -5.000, y=  10.000, z= 720.000
  Obj rotY :   0.0000 deg
view   0 | SOD= 565.752 mm | SDD= 721.227 mm | M= 1.275 | incident=3.3432°
[[  55.847115   -562.29224     -27.998684  ]
 [ -18.055765    154.02287      12.001316  ]
 [   0.14906302    0.01266396    0.        ]
 [   0.            0.            0.1496    ]]
Residual vector length: 50, Jacobian shape: (50, 6)
view   0 | SOD= 565.738 mm | SDD= 721.227 mm | M= 1.275 | incident=3.3432°
[[  55.976555   -562.26544     -27.996622  ]
 [ -18.094995    154.03227      12.003378  ]
 [   0.14906004    0.01269906    0.        ]
 [   0.            0.            0.1496    ]]

iter 47 cost=0.141299 -> 0.168371 |dtheta|=1.818341e-02  lambda=1.000e-06

============================================================
Iteration 48
============================================================
Theta offsets (Unity frame):
  Source   : dSx=   0.000, dSy=   0.000, dSz=   0.000  (mm)
  Object   : dOx=  -6.000, dOy=  -5.999, dOz= -12.016  (mm)
  Object offset: offset_x=  -0.047, offset_z=   0.018  (mm)
  Detector : dDx=   0.000, dDy=   0.000, dDz=   0.000  (mm)
  Obj Stage rotY :    4.856 deg
============================================================

Unity geometry (world coordinates):
  Source   : x=   8.000, y=  50.000, z=   0.000
  Object   : x=   0.000, y=  22.001, z= 564.984
  Detector : x=  -5.000, y=  10.000, z= 720.000
  Obj rotY :   0.0000 deg
view   0 | SOD= 565.752 mm | SDD= 721.227 mm | M= 1.275 | incident=3.3432°
[[  55.847115   -562.29224     -27.998684  ]
 [ -18.055765    154.02287      12.001316  ]
 [   0.14906302    0.01266396    0.        ]
 [   0.            0.            0.1496    ]]
Residual vector length: 50, Jacobian shape: (50, 6)
view   0 | SOD= 565.738 mm | SDD= 721.227 mm | M= 1.275 | incident=3.3432°
[[  55.976555   -562.26544     -27.996622  ]
 [ -18.094995    154.03227      12.003378  ]
 [   0.14906004    0.01269906    0.        ]
 [   0.            0.            0.1496    ]]

iter 48 cost=0.141299 -> 0.168371 |dtheta|=1.818340e-02  lambda=5.000e-06

============================================================
Iteration 49
============================================================
Theta offsets (Unity frame):
  Source   : dSx=   0.000, dSy=   0.000, dSz=   0.000  (mm)
  Object   : dOx=  -6.000, dOy=  -5.999, dOz= -12.016  (mm)
  Object offset: offset_x=  -0.047, offset_z=   0.018  (mm)
  Detector : dDx=   0.000, dDy=   0.000, dDz=   0.000  (mm)
  Obj Stage rotY :    4.856 deg
============================================================

Unity geometry (world coordinates):
  Source   : x=   8.000, y=  50.000, z=   0.000
  Object   : x=   0.000, y=  22.001, z= 564.984
  Detector : x=  -5.000, y=  10.000, z= 720.000
  Obj rotY :   0.0000 deg
view   0 | SOD= 565.752 mm | SDD= 721.227 mm | M= 1.275 | incident=3.3432°
[[  55.847115   -562.29224     -27.998684  ]
 [ -18.055765    154.02287      12.001316  ]
 [   0.14906302    0.01266396    0.        ]
 [   0.            0.            0.1496    ]]
Residual vector length: 50, Jacobian shape: (50, 6)
view   0 | SOD= 565.738 mm | SDD= 721.227 mm | M= 1.275 | incident=3.3432°
[[  55.976555   -562.26544     -27.996622  ]
 [ -18.094995    154.03227      12.003378  ]
 [   0.14906004    0.01269906    0.        ]
 [   0.            0.            0.1496    ]]

iter 49 cost=0.141299 -> 0.168371 |dtheta|=1.818339e-02  lambda=2.500e-05

============================================================
Iteration 50
============================================================
Theta offsets (Unity frame):
  Source   : dSx=   0.000, dSy=   0.000, dSz=   0.000  (mm)
  Object   : dOx=  -6.000, dOy=  -5.999, dOz= -12.016  (mm)
  Object offset: offset_x=  -0.047, offset_z=   0.018  (mm)
  Detector : dDx=   0.000, dDy=   0.000, dDz=   0.000  (mm)
  Obj Stage rotY :    4.856 deg
============================================================

Unity geometry (world coordinates):
  Source   : x=   8.000, y=  50.000, z=   0.000
  Object   : x=   0.000, y=  22.001, z= 564.984
  Detector : x=  -5.000, y=  10.000, z= 720.000
  Obj rotY :   0.0000 deg
view   0 | SOD= 565.752 mm | SDD= 721.227 mm | M= 1.275 | incident=3.3432°
[[  55.847115   -562.29224     -27.998684  ]
 [ -18.055765    154.02287      12.001316  ]
 [   0.14906302    0.01266396    0.        ]
 [   0.            0.            0.1496    ]]
Residual vector length: 50, Jacobian shape: (50, 6)
view   0 | SOD= 565.738 mm | SDD= 721.227 mm | M= 1.275 | incident=3.3432°
[[  55.97655    -562.26544     -27.996622  ]
 [ -18.094995    154.03227      12.003378  ]
 [   0.14906004    0.01269906    0.        ]
 [   0.            0.            0.1496    ]]

iter 50 cost=0.141299 -> 0.168371 |dtheta|=1.818330e-02  lambda=1.250e-04

============================================================
Iteration 51
============================================================
Theta offsets (Unity frame):
  Source   : dSx=   0.000, dSy=   0.000, dSz=   0.000  (mm)
  Object   : dOx=  -6.000, dOy=  -5.999, dOz= -12.016  (mm)
  Object offset: offset_x=  -0.047, offset_z=   0.018  (mm)
  Detector : dDx=   0.000, dDy=   0.000, dDz=   0.000  (mm)
  Obj Stage rotY :    4.856 deg
============================================================

Unity geometry (world coordinates):
  Source   : x=   8.000, y=  50.000, z=   0.000
  Object   : x=   0.000, y=  22.001, z= 564.984
  Detector : x=  -5.000, y=  10.000, z= 720.000
  Obj rotY :   0.0000 deg
view   0 | SOD= 565.752 mm | SDD= 721.227 mm | M= 1.275 | incident=3.3432°
[[  55.847115   -562.29224     -27.998684  ]
 [ -18.055765    154.02287      12.001316  ]
 [   0.14906302    0.01266396    0.        ]
 [   0.            0.            0.1496    ]]
Residual vector length: 50, Jacobian shape: (50, 6)
view   0 | SOD= 565.738 mm | SDD= 721.227 mm | M= 1.275 | incident=3.3432°
[[  55.97655    -562.26544     -27.996622  ]
 [ -18.094995    154.03227      12.003378  ]
 [   0.14906004    0.01269906    0.        ]
 [   0.            0.            0.1496    ]]

iter 51 cost=0.141299 -> 0.168371 |dtheta|=1.818285e-02  lambda=6.250e-04

============================================================
Iteration 52
============================================================
Theta offsets (Unity frame):
  Source   : dSx=   0.000, dSy=   0.000, dSz=   0.000  (mm)
  Object   : dOx=  -6.000, dOy=  -5.999, dOz= -12.016  (mm)
  Object offset: offset_x=  -0.047, offset_z=   0.018  (mm)
  Detector : dDx=   0.000, dDy=   0.000, dDz=   0.000  (mm)
  Obj Stage rotY :    4.856 deg
============================================================

Unity geometry (world coordinates):
  Source   : x=   8.000, y=  50.000, z=   0.000
  Object   : x=   0.000, y=  22.001, z= 564.984
  Detector : x=  -5.000, y=  10.000, z= 720.000
  Obj rotY :   0.0000 deg
view   0 | SOD= 565.752 mm | SDD= 721.227 mm | M= 1.275 | incident=3.3432°
[[  55.847115   -562.29224     -27.998684  ]
 [ -18.055765    154.02287      12.001316  ]
 [   0.14906302    0.01266396    0.        ]
 [   0.            0.            0.1496    ]]
Residual vector length: 50, Jacobian shape: (50, 6)
view   0 | SOD= 565.738 mm | SDD= 721.227 mm | M= 1.275 | incident=3.3432°
[[  55.976536   -562.26544     -27.996622  ]
 [ -18.094992    154.03227      12.003378  ]
 [   0.14906004    0.01269906    0.        ]
 [   0.            0.            0.1496    ]]

iter 52 cost=0.141299 -> 0.168371 |dtheta|=1.818061e-02  lambda=3.125e-03

============================================================
Iteration 53
============================================================
Theta offsets (Unity frame):
  Source   : dSx=   0.000, dSy=   0.000, dSz=   0.000  (mm)
  Object   : dOx=  -6.000, dOy=  -5.999, dOz= -12.016  (mm)
  Object offset: offset_x=  -0.047, offset_z=   0.018  (mm)
  Detector : dDx=   0.000, dDy=   0.000, dDz=   0.000  (mm)
  Obj Stage rotY :    4.856 deg
============================================================

Unity geometry (world coordinates):
  Source   : x=   8.000, y=  50.000, z=   0.000
  Object   : x=   0.000, y=  22.001, z= 564.984
  Detector : x=  -5.000, y=  10.000, z= 720.000
  Obj rotY :   0.0000 deg
view   0 | SOD= 565.752 mm | SDD= 721.227 mm | M= 1.275 | incident=3.3432°
[[  55.847115   -562.29224     -27.998684  ]
 [ -18.055765    154.02287      12.001316  ]
 [   0.14906302    0.01266396    0.        ]
 [   0.            0.            0.1496    ]]
Residual vector length: 50, Jacobian shape: (50, 6)
view   0 | SOD= 565.738 mm | SDD= 721.227 mm | M= 1.275 | incident=3.3432°
[[  55.97647    -562.26544     -27.996624  ]
 [ -18.09497     154.03227      12.003376  ]
 [   0.14906004    0.01269904    0.        ]
 [   0.            0.            0.1496    ]]

iter 53 cost=0.141299 -> 0.168371 |dtheta|=1.816944e-02  lambda=1.562e-02

============================================================
Iteration 54
============================================================
Theta offsets (Unity frame):
  Source   : dSx=   0.000, dSy=   0.000, dSz=   0.000  (mm)
  Object   : dOx=  -6.000, dOy=  -5.999, dOz= -12.016  (mm)
  Object offset: offset_x=  -0.047, offset_z=   0.018  (mm)
  Detector : dDx=   0.000, dDy=   0.000, dDz=   0.000  (mm)
  Obj Stage rotY :    4.856 deg
============================================================

Unity geometry (world coordinates):
  Source   : x=   8.000, y=  50.000, z=   0.000
  Object   : x=   0.000, y=  22.001, z= 564.984
  Detector : x=  -5.000, y=  10.000, z= 720.000
  Obj rotY :   0.0000 deg
view   0 | SOD= 565.752 mm | SDD= 721.227 mm | M= 1.275 | incident=3.3432°
[[  55.847115   -562.29224     -27.998684  ]
 [ -18.055765    154.02287      12.001316  ]
 [   0.14906302    0.01266396    0.        ]
 [   0.            0.            0.1496    ]]
Residual vector length: 50, Jacobian shape: (50, 6)
view   0 | SOD= 565.738 mm | SDD= 721.227 mm | M= 1.275 | incident=3.3432°
[[  55.976143   -562.26556     -27.996624  ]
 [ -18.094864    154.03223      12.003376  ]
 [   0.14906004    0.01269895    0.        ]
 [   0.            0.            0.1496    ]]

iter 54 cost=0.141299 -> 0.168371 |dtheta|=1.811380e-02  lambda=7.812e-02

============================================================
Iteration 55
============================================================
Theta offsets (Unity frame):
  Source   : dSx=   0.000, dSy=   0.000, dSz=   0.000  (mm)
  Object   : dOx=  -6.000, dOy=  -5.999, dOz= -12.016  (mm)
  Object offset: offset_x=  -0.047, offset_z=   0.018  (mm)
  Detector : dDx=   0.000, dDy=   0.000, dDz=   0.000  (mm)
  Obj Stage rotY :    4.856 deg
============================================================

Unity geometry (world coordinates):
  Source   : x=   8.000, y=  50.000, z=   0.000
  Object   : x=   0.000, y=  22.001, z= 564.984
  Detector : x=  -5.000, y=  10.000, z= 720.000
  Obj rotY :   0.0000 deg
view   0 | SOD= 565.752 mm | SDD= 721.227 mm | M= 1.275 | incident=3.3432°
[[  55.847115   -562.29224     -27.998684  ]
 [ -18.055765    154.02287      12.001316  ]
 [   0.14906302    0.01266396    0.        ]
 [   0.            0.            0.1496    ]]
Residual vector length: 50, Jacobian shape: (50, 6)
view   0 | SOD= 565.738 mm | SDD= 721.227 mm | M= 1.275 | incident=3.3432°
[[  55.97453    -562.2659      -27.996632  ]
 [ -18.094343    154.03203      12.003368  ]
 [   0.14906009    0.0126985     0.        ]
 [   0.            0.            0.1496    ]]

iter 55 cost=0.141299 -> 0.164846 |dtheta|=1.784099e-02  lambda=3.906e-01

============================================================
Iteration 56
============================================================
Theta offsets (Unity frame):
  Source   : dSx=   0.000, dSy=   0.000, dSz=   0.000  (mm)
  Object   : dOx=  -6.000, dOy=  -5.999, dOz= -12.016  (mm)
  Object offset: offset_x=  -0.047, offset_z=   0.018  (mm)
  Detector : dDx=   0.000, dDy=   0.000, dDz=   0.000  (mm)
  Obj Stage rotY :    4.856 deg
============================================================

Unity geometry (world coordinates):
  Source   : x=   8.000, y=  50.000, z=   0.000
  Object   : x=   0.000, y=  22.001, z= 564.984
  Detector : x=  -5.000, y=  10.000, z= 720.000
  Obj rotY :   0.0000 deg
view   0 | SOD= 565.752 mm | SDD= 721.227 mm | M= 1.275 | incident=3.3432°
[[  55.847115   -562.29224     -27.998684  ]
 [ -18.055765    154.02287      12.001316  ]
 [   0.14906302    0.01266396    0.        ]
 [   0.            0.            0.1496    ]]
Residual vector length: 50, Jacobian shape: (50, 6)
view   0 | SOD= 565.740 mm | SDD= 721.227 mm | M= 1.275 | incident=3.3432°
[[  55.96707    -562.2678      -27.996668  ]
 [ -18.091936    154.0312       12.003332  ]
 [   0.14906025    0.01269645    0.        ]
 [   0.            0.            0.1496    ]]

iter 56 cost=0.141299 -> 0.169807 |dtheta|=1.659930e-02  lambda=1.953e+00

============================================================
Iteration 57
============================================================
Theta offsets (Unity frame):
  Source   : dSx=   0.000, dSy=   0.000, dSz=   0.000  (mm)
  Object   : dOx=  -6.000, dOy=  -5.999, dOz= -12.016  (mm)
  Object offset: offset_x=  -0.047, offset_z=   0.018  (mm)
  Detector : dDx=   0.000, dDy=   0.000, dDz=   0.000  (mm)
  Obj Stage rotY :    4.856 deg
============================================================

Unity geometry (world coordinates):
  Source   : x=   8.000, y=  50.000, z=   0.000
  Object   : x=   0.000, y=  22.001, z= 564.984
  Detector : x=  -5.000, y=  10.000, z= 720.000
  Obj rotY :   0.0000 deg
view   0 | SOD= 565.752 mm | SDD= 721.227 mm | M= 1.275 | incident=3.3432°
[[  55.847115   -562.29224     -27.998684  ]
 [ -18.055765    154.02287      12.001316  ]
 [   0.14906302    0.01266396    0.        ]
 [   0.            0.            0.1496    ]]
Residual vector length: 50, Jacobian shape: (50, 6)
view   0 | SOD= 565.743 mm | SDD= 721.227 mm | M= 1.275 | incident=3.3432°
[[  55.940372   -562.2739      -27.996786  ]
 [ -18.083363    154.02875      12.003214  ]
 [   0.14906088    0.01268911    0.        ]
 [   0.            0.            0.1496    ]]

iter 57 cost=0.141299 -> 0.170064 |dtheta|=1.240604e-02  lambda=9.766e+00

============================================================
Iteration 58
============================================================
Theta offsets (Unity frame):
  Source   : dSx=   0.000, dSy=   0.000, dSz=   0.000  (mm)
  Object   : dOx=  -6.000, dOy=  -5.999, dOz= -12.016  (mm)
  Object offset: offset_x=  -0.047, offset_z=   0.018  (mm)
  Detector : dDx=   0.000, dDy=   0.000, dDz=   0.000  (mm)
  Obj Stage rotY :    4.856 deg
============================================================

Unity geometry (world coordinates):
  Source   : x=   8.000, y=  50.000, z=   0.000
  Object   : x=   0.000, y=  22.001, z= 564.984
  Detector : x=  -5.000, y=  10.000, z= 720.000
  Obj rotY :   0.0000 deg
view   0 | SOD= 565.752 mm | SDD= 721.227 mm | M= 1.275 | incident=3.3432°
[[  55.847115   -562.29224     -27.998684  ]
 [ -18.055765    154.02287      12.001316  ]
 [   0.14906302    0.01266396    0.        ]
 [   0.            0.            0.1496    ]]
Residual vector length: 50, Jacobian shape: (50, 6)
view   0 | SOD= 565.748 mm | SDD= 721.227 mm | M= 1.275 | incident=3.3432°
[[  55.89376    -562.2835      -27.996977  ]
 [ -18.068506    154.02548      12.003023  ]
 [   0.14906196    0.01267632    0.        ]
 [   0.            0.            0.1496    ]]

iter 58 cost=0.141299 -> 0.167493 |dtheta|=5.919333e-03  lambda=4.883e+01

============================================================
Iteration 59
============================================================
Theta offsets (Unity frame):
  Source   : dSx=   0.000, dSy=   0.000, dSz=   0.000  (mm)
  Object   : dOx=  -6.000, dOy=  -5.999, dOz= -12.016  (mm)
  Object offset: offset_x=  -0.047, offset_z=   0.018  (mm)
  Detector : dDx=   0.000, dDy=   0.000, dDz=   0.000  (mm)
  Obj Stage rotY :    4.856 deg
============================================================

Unity geometry (world coordinates):
  Source   : x=   8.000, y=  50.000, z=   0.000
  Object   : x=   0.000, y=  22.001, z= 564.984
  Detector : x=  -5.000, y=  10.000, z= 720.000
  Obj rotY :   0.0000 deg
view   0 | SOD= 565.752 mm | SDD= 721.227 mm | M= 1.275 | incident=3.3432°
[[  55.847115   -562.29224     -27.998684  ]
 [ -18.055765    154.02287      12.001316  ]
 [   0.14906302    0.01266396    0.        ]
 [   0.            0.            0.1496    ]]
Residual vector length: 50, Jacobian shape: (50, 6)
view   0 | SOD= 565.751 mm | SDD= 721.227 mm | M= 1.275 | incident=3.3432°
[[  55.86406    -562.2892      -27.9972    ]
 [ -18.059393    154.02383      12.0028    ]
 [   0.14906266    0.01266824    0.        ]
 [   0.            0.            0.1496    ]]

iter 59 cost=0.141299 -> 0.164997 |dtheta|=2.654277e-03  lambda=2.441e+02

============================================================
Iteration 60
============================================================
Theta offsets (Unity frame):
  Source   : dSx=   0.000, dSy=   0.000, dSz=   0.000  (mm)
  Object   : dOx=  -6.000, dOy=  -5.999, dOz= -12.016  (mm)
  Object offset: offset_x=  -0.047, offset_z=   0.018  (mm)
  Detector : dDx=   0.000, dDy=   0.000, dDz=   0.000  (mm)
  Obj Stage rotY :    4.856 deg
============================================================

Unity geometry (world coordinates):
  Source   : x=   8.000, y=  50.000, z=   0.000
  Object   : x=   0.000, y=  22.001, z= 564.984
  Detector : x=  -5.000, y=  10.000, z= 720.000
  Obj rotY :   0.0000 deg
view   0 | SOD= 565.752 mm | SDD= 721.227 mm | M= 1.275 | incident=3.3432°
[[  55.847115   -562.29224     -27.998684  ]
 [ -18.055765    154.02287      12.001316  ]
 [   0.14906302    0.01266396    0.        ]
 [   0.            0.            0.1496    ]]
Residual vector length: 50, Jacobian shape: (50, 6)
view   0 | SOD= 565.752 mm | SDD= 721.227 mm | M= 1.275 | incident=3.3432°
[[  55.852867   -562.29126     -27.997673  ]
 [ -18.056652    154.02318      12.002327  ]
 [   0.1490629     0.01266534    0.        ]
 [   0.            0.            0.1496    ]]

iter 60 cost=0.141299 -> 0.156726 |dtheta|=1.388783e-03  lambda=1.221e+03

============================================================
Iteration 61
============================================================
Theta offsets (Unity frame):
  Source   : dSx=   0.000, dSy=   0.000, dSz=   0.000  (mm)
  Object   : dOx=  -6.000, dOy=  -5.999, dOz= -12.016  (mm)
  Object offset: offset_x=  -0.047, offset_z=   0.018  (mm)
  Detector : dDx=   0.000, dDy=   0.000, dDz=   0.000  (mm)
  Obj Stage rotY :    4.856 deg
============================================================

Unity geometry (world coordinates):
  Source   : x=   8.000, y=  50.000, z=   0.000
  Object   : x=   0.000, y=  22.001, z= 564.984
  Detector : x=  -5.000, y=  10.000, z= 720.000
  Obj rotY :   0.0000 deg
view   0 | SOD= 565.752 mm | SDD= 721.227 mm | M= 1.275 | incident=3.3432°
[[  55.847115   -562.29224     -27.998684  ]
 [ -18.055765    154.02287      12.001316  ]
 [   0.14906302    0.01266396    0.        ]
 [   0.            0.            0.1496    ]]
Residual vector length: 50, Jacobian shape: (50, 6)
view   0 | SOD= 565.752 mm | SDD= 721.227 mm | M= 1.275 | incident=3.3432°
[[  55.848648   -562.292       -27.998291  ]
 [ -18.055965    154.02296      12.001709  ]
 [   0.14906299    0.01266432    0.        ]
 [   0.            0.            0.1496    ]]

iter 61 cost=0.141299 -> 0.158970 |dtheta|=4.814990e-04  lambda=6.104e+03

============================================================
Iteration 62
============================================================
Theta offsets (Unity frame):
  Source   : dSx=   0.000, dSy=   0.000, dSz=   0.000  (mm)
  Object   : dOx=  -6.000, dOy=  -5.999, dOz= -12.016  (mm)
  Object offset: offset_x=  -0.047, offset_z=   0.018  (mm)
  Detector : dDx=   0.000, dDy=   0.000, dDz=   0.000  (mm)
  Obj Stage rotY :    4.856 deg
============================================================

Unity geometry (world coordinates):
  Source   : x=   8.000, y=  50.000, z=   0.000
  Object   : x=   0.000, y=  22.001, z= 564.984
  Detector : x=  -5.000, y=  10.000, z= 720.000
  Obj rotY :   0.0000 deg
view   0 | SOD= 565.752 mm | SDD= 721.227 mm | M= 1.275 | incident=3.3432°
[[  55.847115   -562.29224     -27.998684  ]
 [ -18.055765    154.02287      12.001316  ]
 [   0.14906302    0.01266396    0.        ]
 [   0.            0.            0.1496    ]]
Residual vector length: 50, Jacobian shape: (50, 6)
view   0 | SOD= 565.752 mm | SDD= 721.227 mm | M= 1.275 | incident=3.3432°
[[  55.84745    -562.29224     -27.998587  ]
 [ -18.055803    154.02286      12.001413  ]
 [   0.149063      0.01266404    0.        ]
 [   0.            0.            0.1496    ]]

iter 62 cost=0.141299 -> 0.145383 |dtheta|=1.147980e-04  lambda=3.052e+04

============================================================
Iteration 63
============================================================
Theta offsets (Unity frame):
  Source   : dSx=   0.000, dSy=   0.000, dSz=   0.000  (mm)
  Object   : dOx=  -6.000, dOy=  -5.999, dOz= -12.016  (mm)
  Object offset: offset_x=  -0.047, offset_z=   0.018  (mm)
  Detector : dDx=   0.000, dDy=   0.000, dDz=   0.000  (mm)
  Obj Stage rotY :    4.856 deg
============================================================

Unity geometry (world coordinates):
  Source   : x=   8.000, y=  50.000, z=   0.000
  Object   : x=   0.000, y=  22.001, z= 564.984
  Detector : x=  -5.000, y=  10.000, z= 720.000
  Obj rotY :   0.0000 deg
view   0 | SOD= 565.752 mm | SDD= 721.227 mm | M= 1.275 | incident=3.3432°
[[  55.847115   -562.29224     -27.998684  ]
 [ -18.055765    154.02287      12.001316  ]
 [   0.14906302    0.01266396    0.        ]
 [   0.            0.            0.1496    ]]
Residual vector length: 50, Jacobian shape: (50, 6)
view   0 | SOD= 565.752 mm | SDD= 721.227 mm | M= 1.275 | incident=3.3432°
[[  55.847183   -562.29224     -27.998663  ]
 [ -18.055773    154.02287      12.001337  ]
 [   0.14906302    0.01266398    0.        ]
 [   0.            0.            0.1496    ]]

iter 63 cost=0.141299 -> 0.141299 |dtheta|=2.390315e-05  lambda=1.526e+05

============================================================
Iteration 64
============================================================
Theta offsets (Unity frame):
  Source   : dSx=   0.000, dSy=   0.000, dSz=   0.000  (mm)
  Object   : dOx=  -6.000, dOy=  -5.999, dOz= -12.016  (mm)
  Object offset: offset_x=  -0.047, offset_z=   0.018  (mm)
  Detector : dDx=   0.000, dDy=   0.000, dDz=   0.000  (mm)
  Obj Stage rotY :    4.856 deg
============================================================

Unity geometry (world coordinates):
  Source   : x=   8.000, y=  50.000, z=   0.000
  Object   : x=   0.000, y=  22.001, z= 564.984
  Detector : x=  -5.000, y=  10.000, z= 720.000
  Obj rotY :   0.0000 deg
view   0 | SOD= 565.752 mm | SDD= 721.227 mm | M= 1.275 | incident=3.3432°
[[  55.847115   -562.29224     -27.998684  ]
 [ -18.055765    154.02287      12.001316  ]
 [   0.14906302    0.01266396    0.        ]
 [   0.            0.            0.1496    ]]
Residual vector length: 50, Jacobian shape: (50, 6)
view   0 | SOD= 565.752 mm | SDD= 721.227 mm | M= 1.275 | incident=3.3432°
[[  55.84713    -562.29224     -27.99868   ]
 [ -18.055765    154.02287      12.00132   ]
 [   0.14906302    0.01266396    0.        ]
 [   0.            0.            0.1496    ]]

iter 64 cost=0.141299 -> 0.141299 |dtheta|=4.820488e-06  lambda=7.629e+05

============================================================
Iteration 65
============================================================
Theta offsets (Unity frame):
  Source   : dSx=   0.000, dSy=   0.000, dSz=   0.000  (mm)
  Object   : dOx=  -6.000, dOy=  -5.999, dOz= -12.016  (mm)
  Object offset: offset_x=  -0.047, offset_z=   0.018  (mm)
  Detector : dDx=   0.000, dDy=   0.000, dDz=   0.000  (mm)
  Obj Stage rotY :    4.856 deg
============================================================

Unity geometry (world coordinates):
  Source   : x=   8.000, y=  50.000, z=   0.000
  Object   : x=   0.000, y=  22.001, z= 564.984
  Detector : x=  -5.000, y=  10.000, z= 720.000
  Obj rotY :   0.0000 deg
view   0 | SOD= 565.752 mm | SDD= 721.227 mm | M= 1.275 | incident=3.3432°
[[  55.847115   -562.29224     -27.998684  ]
 [ -18.055765    154.02287      12.001316  ]
 [   0.14906302    0.01266396    0.        ]
 [   0.            0.            0.1496    ]]
Residual vector length: 50, Jacobian shape: (50, 6)
view   0 | SOD= 565.752 mm | SDD= 721.227 mm | M= 1.275 | incident=3.3432°
[[  55.847126   -562.29224     -27.99868   ]
 [ -18.055765    154.02287      12.00132   ]
 [   0.14906302    0.01266396    0.        ]
 [   0.            0.            0.1496    ]]

iter 65 cost=0.141299 -> 0.141299 |dtheta|=3.679561e-06  lambda=1.000e+06

============================================================
Iteration 66
============================================================
Theta offsets (Unity frame):
  Source   : dSx=   0.000, dSy=   0.000, dSz=   0.000  (mm)
  Object   : dOx=  -6.000, dOy=  -5.999, dOz= -12.016  (mm)
  Object offset: offset_x=  -0.047, offset_z=   0.018  (mm)
  Detector : dDx=   0.000, dDy=   0.000, dDz=   0.000  (mm)
  Obj Stage rotY :    4.856 deg
============================================================

Unity geometry (world coordinates):
  Source   : x=   8.000, y=  50.000, z=   0.000
  Object   : x=   0.000, y=  22.001, z= 564.984
  Detector : x=  -5.000, y=  10.000, z= 720.000
  Obj rotY :   0.0000 deg
view   0 | SOD= 565.752 mm | SDD= 721.227 mm | M= 1.275 | incident=3.3432°
[[  55.847115   -562.29224     -27.998684  ]
 [ -18.055765    154.02287      12.001316  ]
 [   0.14906302    0.01266396    0.        ]
 [   0.            0.            0.1496    ]]
Residual vector length: 50, Jacobian shape: (50, 6)
view   0 | SOD= 565.752 mm | SDD= 721.227 mm | M= 1.275 | incident=3.3432°
[[  55.847126   -562.29224     -27.99868   ]
 [ -18.055765    154.02287      12.00132   ]
 [   0.14906302    0.01266396    0.        ]
 [   0.            0.            0.1496    ]]

iter 66 cost=0.141299 -> 0.141299 |dtheta|=3.679561e-06  lambda=1.000e+06

============================================================
Iteration 67
============================================================
Theta offsets (Unity frame):
  Source   : dSx=   0.000, dSy=   0.000, dSz=   0.000  (mm)
  Object   : dOx=  -6.000, dOy=  -5.999, dOz= -12.016  (mm)
  Object offset: offset_x=  -0.047, offset_z=   0.018  (mm)
  Detector : dDx=   0.000, dDy=   0.000, dDz=   0.000  (mm)
  Obj Stage rotY :    4.856 deg
============================================================

Unity geometry (world coordinates):
  Source   : x=   8.000, y=  50.000, z=   0.000
  Object   : x=   0.000, y=  22.001, z= 564.984
  Detector : x=  -5.000, y=  10.000, z= 720.000
  Obj rotY :   0.0000 deg
view   0 | SOD= 565.752 mm | SDD= 721.227 mm | M= 1.275 | incident=3.3432°
[[  55.847115   -562.29224     -27.998684  ]
 [ -18.055765    154.02287      12.001316  ]
 [   0.14906302    0.01266396    0.        ]
 [   0.            0.            0.1496    ]]
Residual vector length: 50, Jacobian shape: (50, 6)
view   0 | SOD= 565.752 mm | SDD= 721.227 mm | M= 1.275 | incident=3.3432°
[[  55.847126   -562.29224     -27.99868   ]
 [ -18.055765    154.02287      12.00132   ]
 [   0.14906302    0.01266396    0.        ]
 [   0.            0.            0.1496    ]]

iter 67 cost=0.141299 -> 0.141299 |dtheta|=3.679561e-06  lambda=1.000e+06

============================================================
Iteration 68
============================================================
Theta offsets (Unity frame):
  Source   : dSx=   0.000, dSy=   0.000, dSz=   0.000  (mm)
  Object   : dOx=  -6.000, dOy=  -5.999, dOz= -12.016  (mm)
  Object offset: offset_x=  -0.047, offset_z=   0.018  (mm)
  Detector : dDx=   0.000, dDy=   0.000, dDz=   0.000  (mm)
  Obj Stage rotY :    4.856 deg
============================================================

Unity geometry (world coordinates):
  Source   : x=   8.000, y=  50.000, z=   0.000
  Object   : x=   0.000, y=  22.001, z= 564.984
  Detector : x=  -5.000, y=  10.000, z= 720.000
  Obj rotY :   0.0000 deg
view   0 | SOD= 565.752 mm | SDD= 721.227 mm | M= 1.275 | incident=3.3432°
[[  55.847115   -562.29224     -27.998684  ]
 [ -18.055765    154.02287      12.001316  ]
 [   0.14906302    0.01266396    0.        ]
 [   0.            0.            0.1496    ]]
Residual vector length: 50, Jacobian shape: (50, 6)
view   0 | SOD= 565.752 mm | SDD= 721.227 mm | M= 1.275 | incident=3.3432°
[[  55.847126   -562.29224     -27.99868   ]
 [ -18.055765    154.02287      12.00132   ]
 [   0.14906302    0.01266396    0.        ]
 [   0.            0.            0.1496    ]]

iter 68 cost=0.141299 -> 0.141299 |dtheta|=3.679561e-06  lambda=1.000e+06

============================================================
Iteration 69
============================================================
Theta offsets (Unity frame):
  Source   : dSx=   0.000, dSy=   0.000, dSz=   0.000  (mm)
  Object   : dOx=  -6.000, dOy=  -5.999, dOz= -12.016  (mm)
  Object offset: offset_x=  -0.047, offset_z=   0.018  (mm)
  Detector : dDx=   0.000, dDy=   0.000, dDz=   0.000  (mm)
  Obj Stage rotY :    4.856 deg
============================================================

Unity geometry (world coordinates):
  Source   : x=   8.000, y=  50.000, z=   0.000
  Object   : x=   0.000, y=  22.001, z= 564.984
  Detector : x=  -5.000, y=  10.000, z= 720.000
  Obj rotY :   0.0000 deg
view   0 | SOD= 565.752 mm | SDD= 721.227 mm | M= 1.275 | incident=3.3432°
[[  55.847115   -562.29224     -27.998684  ]
 [ -18.055765    154.02287      12.001316  ]
 [   0.14906302    0.01266396    0.        ]
 [   0.            0.            0.1496    ]]
Residual vector length: 50, Jacobian shape: (50, 6)
view   0 | SOD= 565.752 mm | SDD= 721.227 mm | M= 1.275 | incident=3.3432°
[[  55.847126   -562.29224     -27.99868   ]
 [ -18.055765    154.02287      12.00132   ]
 [   0.14906302    0.01266396    0.        ]
 [   0.            0.            0.1496    ]]

iter 69 cost=0.141299 -> 0.141299 |dtheta|=3.679561e-06  lambda=1.000e+06

============================================================
Iteration 70
============================================================
Theta offsets (Unity frame):
  Source   : dSx=   0.000, dSy=   0.000, dSz=   0.000  (mm)
  Object   : dOx=  -6.000, dOy=  -5.999, dOz= -12.016  (mm)
  Object offset: offset_x=  -0.047, offset_z=   0.018  (mm)
  Detector : dDx=   0.000, dDy=   0.000, dDz=   0.000  (mm)
  Obj Stage rotY :    4.856 deg
============================================================

Unity geometry (world coordinates):
  Source   : x=   8.000, y=  50.000, z=   0.000
  Object   : x=   0.000, y=  22.001, z= 564.984
  Detector : x=  -5.000, y=  10.000, z= 720.000
  Obj rotY :   0.0000 deg
view   0 | SOD= 565.752 mm | SDD= 721.227 mm | M= 1.275 | incident=3.3432°
[[  55.847115   -562.29224     -27.998684  ]
 [ -18.055765    154.02287      12.001316  ]
 [   0.14906302    0.01266396    0.        ]
 [   0.            0.            0.1496    ]]
Residual vector length: 50, Jacobian shape: (50, 6)
view   0 | SOD= 565.752 mm | SDD= 721.227 mm | M= 1.275 | incident=3.3432°
[[  55.847126   -562.29224     -27.99868   ]
 [ -18.055765    154.02287      12.00132   ]
 [   0.14906302    0.01266396    0.        ]
 [   0.            0.            0.1496    ]]

iter 70 cost=0.141299 -> 0.141299 |dtheta|=3.679561e-06  lambda=1.000e+06

============================================================
Iteration 71
============================================================
Theta offsets (Unity frame):
  Source   : dSx=   0.000, dSy=   0.000, dSz=   0.000  (mm)
  Object   : dOx=  -6.000, dOy=  -5.999, dOz= -12.016  (mm)
  Object offset: offset_x=  -0.047, offset_z=   0.018  (mm)
  Detector : dDx=   0.000, dDy=   0.000, dDz=   0.000  (mm)
  Obj Stage rotY :    4.856 deg
============================================================

Unity geometry (world coordinates):
  Source   : x=   8.000, y=  50.000, z=   0.000
  Object   : x=   0.000, y=  22.001, z= 564.984
  Detector : x=  -5.000, y=  10.000, z= 720.000
  Obj rotY :   0.0000 deg
view   0 | SOD= 565.752 mm | SDD= 721.227 mm | M= 1.275 | incident=3.3432°
[[  55.847115   -562.29224     -27.998684  ]
 [ -18.055765    154.02287      12.001316  ]
 [   0.14906302    0.01266396    0.        ]
 [   0.            0.            0.1496    ]]
Residual vector length: 50, Jacobian shape: (50, 6)
view   0 | SOD= 565.752 mm | SDD= 721.227 mm | M= 1.275 | incident=3.3432°
[[  55.847126   -562.29224     -27.99868   ]
 [ -18.055765    154.02287      12.00132   ]
 [   0.14906302    0.01266396    0.        ]
 [   0.            0.            0.1496    ]]

iter 71 cost=0.141299 -> 0.141299 |dtheta|=3.679561e-06  lambda=1.000e+06
Stalled.

Estimated theta:
  dSx: +0.000000
  dSy: +0.000000
  dOx: -5.999999
  dOy: -5.998683
  dOz: -12.016351
  dDx: +0.000000
  dDy: +0.000000
  dDz: +0.000000
alpha: +4.856022e+00 deg)
offset_x: -0.047413
offset_z: +0.017880

Final cost table:
Fake theta: [  0.   0.  -6.  -6. -12.   0.   0.   0.   5.   0.   0.]
Final estimated theta: [  0.           0.          -5.99999906  -5.99868335 -12.01635055
   0.           0.           0.           4.85602198  -0.04741253
   0.0178797 ]
Diff from Expected: [ 0.          0.          0.00000094  0.00131665 -0.01635055  0.
  0.          0.         -0.14397802 -0.04741253  0.0178797 ]
################################################################################

