Phantom already exists, skipping: cuboid_phantom_3_small.npy

################################################################################
Running cuboid=small scenario=G1 N_ANGLES=5, K=3
view   0 | SOD= 565.750 mm | SDD= 721.227 mm | M= 1.275 | incident=3.3432°
[[  57.21255    -562.1528      -28.        ]
 [ -18.490114    153.9744       12.        ]
 [   0.14903073    0.0130385     0.        ]
 [   0.            0.            0.1496    ]]
          image          x1          y1  area1          x2          y2  area2          x3          y3  area3
0  proj_000.png  549.489183  207.253606    832  444.651729  347.060179    781  549.489771  501.334537    831
1  proj_001.png  441.395433  207.270433    832  549.482670  347.010270    779  441.358944  501.393758    833
2  proj_002.png  410.970701  205.217834    785  582.498759  352.027295    806  411.003817  493.174300    786
3  proj_003.png  497.226512  204.108108    777  495.281139  355.189798    843  497.182051  488.347436    780
4  proj_004.png  582.134761  205.283375    794  409.333742  352.014724    815  582.135101  493.202020    792

============================================================
Iteration 0
============================================================
Theta offsets (Unity frame):
  Source   : dSx=   0.000, dSy=   0.000, dSz=   0.000  (mm)
  Object   : dOx=   0.000, dOy=   0.000, dOz=   0.000  (mm)
  Object offset: offset_x=   0.000, offset_z=   0.000  (mm)
  Detector : dDx=   0.000, dDy=   0.000, dDz=   0.000  (mm)
  Obj Stage rotY :    0.000 deg
============================================================

Unity geometry (world coordinates):
  Source   : x=   8.000, y=  50.000, z=   0.000
  Object   : x=   6.000, y=  28.000, z= 577.000
  Detector : x=  -5.000, y=  10.000, z= 720.000
  Obj rotY :   0.0000 deg
view   0 | SOD= 577.423 mm | SDD= 721.227 mm | M= 1.249 | incident=3.3432°
[[   2.     -577.      -22.    ]
 [ -11.      143.       18.    ]
 [   0.1496    0.        0.    ]
 [   0.        0.        0.1496]]
Residual vector length: 45, Jacobian shape: (45, 6)
view   0 | SOD= 570.183 mm | SDD= 721.227 mm | M= 1.265 | incident=3.3432°
[[  -7.7545986  -569.4581      -27.67825   ]
 [  -2.8083704   150.64221      12.321751  ]
 [   0.14955354   -0.00372799    0.        ]
 [   0.            0.            0.1496    ]]

iter 00 cost=43290.402428 -> 1643.880184 |dtheta|=1.112887e+01  lambda=1.000e-02

============================================================
Iteration 1
============================================================
Theta offsets (Unity frame):
  Source   : dSx=   0.000, dSy=   0.000, dSz=   0.000  (mm)
  Object   : dOx=  -4.919, dOy=  -5.678, dOz=  -8.054  (mm)
  Object offset: offset_x=   0.480, offset_z=   0.528  (mm)
  Detector : dDx=   0.000, dDy=   0.000, dDz=   0.000  (mm)
  Obj Stage rotY :   -1.428 deg
============================================================

Unity geometry (world coordinates):
  Source   : x=   8.000, y=  50.000, z=   0.000
  Object   : x=   1.081, y=  22.322, z= 568.946
  Detector : x=  -5.000, y=  10.000, z= 720.000
  Obj rotY :   0.0000 deg
view   0 | SOD= 570.183 mm | SDD= 721.227 mm | M= 1.265 | incident=3.3432°
[[  -7.7545986  -569.4581      -27.67825   ]
 [  -2.8083704   150.64221      12.321751  ]
 [   0.14955354   -0.00372799    0.        ]
 [   0.            0.            0.1496    ]]
Residual vector length: 45, Jacobian shape: (45, 6)
view   0 | SOD= 567.681 mm | SDD= 721.227 mm | M= 1.270 | incident=3.3432°
[[  31.130098   -566.135       -28.00134   ]
 [ -10.866017    152.75674      11.998659  ]
 [   0.14947854    0.00602694    0.        ]
 [   0.            0.            0.1496    ]]

iter 01 cost=1643.880184 -> 178.152998 |dtheta|=4.408445e+00  lambda=3.333e-03

============================================================
Iteration 2
============================================================
Theta offsets (Unity frame):
  Source   : dSx=   0.000, dSy=   0.000, dSz=   0.000  (mm)
  Object   : dOx=  -5.960, dOy=  -6.001, dOz=  -9.760  (mm)
  Object offset: offset_x=  -0.337, offset_z=  -0.311  (mm)
  Detector : dDx=   0.000, dDy=   0.000, dDz=   0.000  (mm)
  Obj Stage rotY :    2.309 deg
============================================================

Unity geometry (world coordinates):
  Source   : x=   8.000, y=  50.000, z=   0.000
  Object   : x=   0.040, y=  21.999, z= 567.240
  Detector : x=  -5.000, y=  10.000, z= 720.000
  Obj rotY :   0.0000 deg
view   0 | SOD= 567.681 mm | SDD= 721.227 mm | M= 1.270 | incident=3.3432°
[[  31.130098   -566.135       -28.00134   ]
 [ -10.866017    152.75674      11.998659  ]
 [   0.14947854    0.00602694    0.        ]
 [   0.            0.            0.1496    ]]
Residual vector length: 45, Jacobian shape: (45, 6)
view   0 | SOD= 567.439 mm | SDD= 721.227 mm | M= 1.271 | incident=3.3432°
[[  46.99502    -564.7962      -27.98626   ]
 [ -15.38934     152.61383      12.013741  ]
 [   0.14924724    0.01026734    0.        ]
 [   0.            0.            0.1496    ]]

iter 02 cost=178.152998 -> 29.502375 |dtheta|=1.747953e+00  lambda=1.111e-03

============================================================
Iteration 3
============================================================
Theta offsets (Unity frame):
  Source   : dSx=   0.000, dSy=   0.000, dSz=   0.000  (mm)
  Object   : dOx=  -5.990, dOy=  -5.986, dOz= -10.291  (mm)
  Object offset: offset_x=  -0.131, offset_z=  -0.020  (mm)
  Detector : dDx=   0.000, dDy=   0.000, dDz=   0.000  (mm)
  Obj Stage rotY :    3.935 deg
============================================================

Unity geometry (world coordinates):
  Source   : x=   8.000, y=  50.000, z=   0.000
  Object   : x=   0.010, y=  22.014, z= 566.709
  Detector : x=  -5.000, y=  10.000, z= 720.000
  Obj rotY :   0.0000 deg
view   0 | SOD= 567.439 mm | SDD= 721.227 mm | M= 1.271 | incident=3.3432°
[[  46.99502    -564.7962      -27.98626   ]
 [ -15.38934     152.61383      12.013741  ]
 [   0.14924724    0.01026734    0.        ]
 [   0.            0.            0.1496    ]]
Residual vector length: 45, Jacobian shape: (45, 6)
view   0 | SOD= 566.979 mm | SDD= 721.227 mm | M= 1.272 | incident=3.3432°
[[  52.28573    -563.86707     -28.027857  ]
 [ -16.985071    152.91086      11.972143  ]
 [   0.14914177    0.0117001     0.        ]
 [   0.            0.            0.1496    ]]

iter 03 cost=29.502375 -> 7.234050 |dtheta|=7.302425e-01  lambda=3.704e-04

============================================================
Iteration 4
============================================================
Theta offsets (Unity frame):
  Source   : dSx=   0.000, dSy=   0.000, dSz=   0.000  (mm)
  Object   : dOx=  -6.006, dOy=  -6.028, dOz= -10.755  (mm)
  Object offset: offset_x=  -0.020, offset_z=  -0.016  (mm)
  Detector : dDx=   0.000, dDy=   0.000, dDz=   0.000  (mm)
  Obj Stage rotY :    4.486 deg
============================================================

Unity geometry (world coordinates):
  Source   : x=   8.000, y=  50.000, z=   0.000
  Object   : x=  -0.006, y=  21.972, z= 566.245
  Detector : x=  -5.000, y=  10.000, z= 720.000
  Obj rotY :   0.0000 deg
view   0 | SOD= 566.979 mm | SDD= 721.227 mm | M= 1.272 | incident=3.3432°
[[  52.28573    -563.86707     -28.027857  ]
 [ -16.985071    152.91086      11.972143  ]
 [   0.14914177    0.0117001     0.        ]
 [   0.            0.            0.1496    ]]
Residual vector length: 45, Jacobian shape: (45, 6)
view   0 | SOD= 566.497 mm | SDD= 721.227 mm | M= 1.273 | incident=3.3432°
[[  56.6494     -562.9596      -28.037546  ]
 [ -18.243017    153.25276      11.962454  ]
 [   0.14904538    0.01286988    0.        ]
 [   0.            0.            0.1496    ]]

iter 04 cost=7.234050 -> 1.356204 |dtheta|=6.649323e-01  lambda=1.235e-04

============================================================
Iteration 5
============================================================
Theta offsets (Unity frame):
  Source   : dSx=   0.000, dSy=   0.000, dSz=   0.000  (mm)
  Object   : dOx=  -5.999, dOy=  -6.038, dOz= -11.245  (mm)
  Object offset: offset_x=  -0.010, offset_z=  -0.009  (mm)
  Detector : dDx=   0.000, dDy=   0.000, dDz=   0.000  (mm)
  Obj Stage rotY :    4.935 deg
============================================================

Unity geometry (world coordinates):
  Source   : x=   8.000, y=  50.000, z=   0.000
  Object   : x=   0.001, y=  21.962, z= 565.755
  Detector : x=  -5.000, y=  10.000, z= 720.000
  Obj rotY :   0.0000 deg
view   0 | SOD= 566.497 mm | SDD= 721.227 mm | M= 1.273 | incident=3.3432°
[[  56.6494     -562.9596      -28.037546  ]
 [ -18.243017    153.25276      11.962454  ]
 [   0.14904538    0.01286988    0.        ]
 [   0.            0.            0.1496    ]]
Residual vector length: 45, Jacobian shape: (45, 6)
view   0 | SOD= 566.370 mm | SDD= 721.227 mm | M= 1.273 | incident=3.3432°
[[  56.98462    -562.7992      -28.022186  ]
 [ -18.356363    153.36613      11.977814  ]
 [   0.14903729    0.01296323    0.        ]
 [   0.            0.            0.1496    ]]

iter 05 cost=1.356204 -> 0.912354 |dtheta|=1.358043e-01  lambda=4.115e-05

============================================================
Iteration 6
============================================================
Theta offsets (Unity frame):
  Source   : dSx=   0.000, dSy=   0.000, dSz=   0.000  (mm)
  Object   : dOx=  -6.000, dOy=  -6.022, dOz= -11.375  (mm)
  Object offset: offset_x=  -0.002, offset_z=  -0.005  (mm)
  Detector : dDx=   0.000, dDy=   0.000, dDz=   0.000  (mm)
  Obj Stage rotY :    4.971 deg
============================================================

Unity geometry (world coordinates):
  Source   : x=   8.000, y=  50.000, z=   0.000
  Object   : x=  -0.000, y=  21.978, z= 565.625
  Detector : x=  -5.000, y=  10.000, z= 720.000
  Obj rotY :   0.0000 deg
view   0 | SOD= 566.370 mm | SDD= 721.227 mm | M= 1.273 | incident=3.3432°
[[  56.98462    -562.7992      -28.022186  ]
 [ -18.356363    153.36613      11.977814  ]
 [   0.14903729    0.01296323    0.        ]
 [   0.            0.            0.1496    ]]
Residual vector length: 45, Jacobian shape: (45, 6)
view   0 | SOD= 566.245 mm | SDD= 721.227 mm | M= 1.274 | incident=3.3432°
[[  57.193916   -562.6518      -28.019537  ]
 [ -18.425764    153.48415      11.980463  ]
 [   0.14903224    0.01302123    0.        ]
 [   0.            0.            0.1496    ]]

iter 06 cost=0.912354 -> 0.376930 |dtheta|=1.364513e-01  lambda=1.372e-05

============================================================
Iteration 7
============================================================
Theta offsets (Unity frame):
  Source   : dSx=   0.000, dSy=   0.000, dSz=   0.000  (mm)
  Object   : dOx=  -6.009, dOy=  -6.020, dOz= -11.509  (mm)
  Object offset: offset_x=   0.005, offset_z=   0.003  (mm)
  Detector : dDx=   0.000, dDy=   0.000, dDz=   0.000  (mm)
  Obj Stage rotY :    4.993 deg
============================================================

Unity geometry (world coordinates):
  Source   : x=   8.000, y=  50.000, z=   0.000
  Object   : x=  -0.009, y=  21.980, z= 565.491
  Detector : x=  -5.000, y=  10.000, z= 720.000
  Obj rotY :   0.0000 deg
view   0 | SOD= 566.245 mm | SDD= 721.227 mm | M= 1.274 | incident=3.3432°
[[  57.193916   -562.6518      -28.019537  ]
 [ -18.425764    153.48415      11.980463  ]
 [   0.14903224    0.01302123    0.        ]
 [   0.            0.            0.1496    ]]
Residual vector length: 45, Jacobian shape: (45, 6)
view   0 | SOD= 566.255 mm | SDD= 721.227 mm | M= 1.274 | incident=3.3432°
[[  57.47788    -562.6327      -28.023182  ]
 [ -18.510939    153.46417      11.976818  ]
 [   0.1490255     0.01309805    0.        ]
 [   0.            0.            0.1496    ]]

iter 07 cost=0.376930 -> 0.364253 |dtheta|=3.262563e-02  lambda=4.572e-06

============================================================
Iteration 8
============================================================
Theta offsets (Unity frame):
  Source   : dSx=   0.000, dSy=   0.000, dSz=   0.000  (mm)
  Object   : dOx=  -6.004, dOy=  -6.023, dOz= -11.496  (mm)
  Object offset: offset_x=   0.008, offset_z=   0.001  (mm)
  Detector : dDx=   0.000, dDy=   0.000, dDz=   0.000  (mm)
  Obj Stage rotY :    5.023 deg
============================================================

Unity geometry (world coordinates):
  Source   : x=   8.000, y=  50.000, z=   0.000
  Object   : x=  -0.004, y=  21.977, z= 565.504
  Detector : x=  -5.000, y=  10.000, z= 720.000
  Obj rotY :   0.0000 deg
view   0 | SOD= 566.255 mm | SDD= 721.227 mm | M= 1.274 | incident=3.3432°
[[  57.47788    -562.6327      -28.023182  ]
 [ -18.510939    153.46417      11.976818  ]
 [   0.1490255     0.01309805    0.        ]
 [   0.            0.            0.1496    ]]
Residual vector length: 45, Jacobian shape: (45, 6)
view   0 | SOD= 566.182 mm | SDD= 721.227 mm | M= 1.274 | incident=3.3432°
[[  57.567524   -562.5502      -28.021048  ]
 [ -18.540445    153.53403      11.978952  ]
 [   0.14902332    0.01312285    0.        ]
 [   0.            0.            0.1496    ]]

iter 08 cost=0.364253 -> 0.326952 |dtheta|=7.184608e-02  lambda=1.524e-06

============================================================
Iteration 9
============================================================
Theta offsets (Unity frame):
  Source   : dSx=   0.000, dSy=   0.000, dSz=   0.000  (mm)
  Object   : dOx=  -6.004, dOy=  -6.021, dOz= -11.567  (mm)
  Object offset: offset_x=   0.006, offset_z=  -0.001  (mm)
  Detector : dDx=   0.000, dDy=   0.000, dDz=   0.000  (mm)
  Obj Stage rotY :    5.032 deg
============================================================

Unity geometry (world coordinates):
  Source   : x=   8.000, y=  50.000, z=   0.000
  Object   : x=  -0.004, y=  21.979, z= 565.432
  Detector : x=  -5.000, y=  10.000, z= 720.000
  Obj rotY :   0.0000 deg
view   0 | SOD= 566.182 mm | SDD= 721.227 mm | M= 1.274 | incident=3.3432°
[[  57.567524   -562.5502      -28.021048  ]
 [ -18.540445    153.53403      11.978952  ]
 [   0.14902332    0.01312285    0.        ]
 [   0.            0.            0.1496    ]]
Residual vector length: 45, Jacobian shape: (45, 6)
view   0 | SOD= 566.141 mm | SDD= 721.227 mm | M= 1.274 | incident=3.3432°
[[  57.4508     -562.52167     -28.017282  ]
 [ -18.517178    153.57736      11.9827175 ]
 [   0.14902589    0.01309371    0.        ]
 [   0.            0.            0.1496    ]]

iter 09 cost=0.326952 -> 0.259066 |dtheta|=4.507198e-02  lambda=1.000e-06

============================================================
Iteration 10
============================================================
Theta offsets (Unity frame):
  Source   : dSx=   0.000, dSy=   0.000, dSz=   0.000  (mm)
  Object   : dOx=  -6.004, dOy=  -6.017, dOz= -11.611  (mm)
  Object offset: offset_x=   0.009, offset_z=   0.002  (mm)
  Detector : dDx=   0.000, dDy=   0.000, dDz=   0.000  (mm)
  Obj Stage rotY :    5.021 deg
============================================================

Unity geometry (world coordinates):
  Source   : x=   8.000, y=  50.000, z=   0.000
  Object   : x=  -0.004, y=  21.983, z= 565.389
  Detector : x=  -5.000, y=  10.000, z= 720.000
  Obj rotY :   0.0000 deg
view   0 | SOD= 566.141 mm | SDD= 721.227 mm | M= 1.274 | incident=3.3432°
[[  57.4508     -562.52167     -28.017282  ]
 [ -18.517178    153.57736      11.9827175 ]
 [   0.14902589    0.01309371    0.        ]
 [   0.            0.            0.1496    ]]
Residual vector length: 45, Jacobian shape: (45, 6)
view   0 | SOD= 566.075 mm | SDD= 721.227 mm | M= 1.274 | incident=3.3432°
[[  57.420315   -562.4582      -28.014393  ]
 [ -18.516106    153.64423      11.985607  ]
 [   0.14902647    0.01308715    0.        ]
 [   0.            0.            0.1496    ]]

iter 10 cost=0.259066 -> 0.209165 |dtheta|=6.313704e-02  lambda=1.000e-06

============================================================
Iteration 11
============================================================
Theta offsets (Unity frame):
  Source   : dSx=   0.000, dSy=   0.000, dSz=   0.000  (mm)
  Object   : dOx=  -6.002, dOy=  -6.014, dOz= -11.674  (mm)
  Object offset: offset_x=   0.006, offset_z=  -0.001  (mm)
  Detector : dDx=   0.000, dDy=   0.000, dDz=   0.000  (mm)
  Obj Stage rotY :    5.019 deg
============================================================

Unity geometry (world coordinates):
  Source   : x=   8.000, y=  50.000, z=   0.000
  Object   : x=  -0.002, y=  21.986, z= 565.326
  Detector : x=  -5.000, y=  10.000, z= 720.000
  Obj rotY :   0.0000 deg
view   0 | SOD= 566.075 mm | SDD= 721.227 mm | M= 1.274 | incident=3.3432°
[[  57.420315   -562.4582      -28.014393  ]
 [ -18.516106    153.64423      11.985607  ]
 [   0.14902647    0.01308715    0.        ]
 [   0.            0.            0.1496    ]]
Residual vector length: 45, Jacobian shape: (45, 6)
view   0 | SOD= 566.072 mm | SDD= 721.227 mm | M= 1.274 | incident=3.3432°
[[  57.39696    -562.45776     -28.013458  ]
 [ -18.50975     153.64781      11.986542  ]
 [   0.149027      0.01308096    0.        ]
 [   0.            0.            0.1496    ]]

iter 11 cost=0.209165 -> 0.209125 |dtheta|=5.861830e-03  lambda=1.000e-06

============================================================
Iteration 12
============================================================
Theta offsets (Unity frame):
  Source   : dSx=   0.000, dSy=   0.000, dSz=   0.000  (mm)
  Object   : dOx=  -6.003, dOy=  -6.013, dOz= -11.678  (mm)
  Object offset: offset_x=   0.007, offset_z=   0.001  (mm)
  Detector : dDx=   0.000, dDy=   0.000, dDz=   0.000  (mm)
  Obj Stage rotY :    5.016 deg
============================================================

Unity geometry (world coordinates):
  Source   : x=   8.000, y=  50.000, z=   0.000
  Object   : x=  -0.003, y=  21.987, z= 565.322
  Detector : x=  -5.000, y=  10.000, z= 720.000
  Obj rotY :   0.0000 deg
view   0 | SOD= 566.072 mm | SDD= 721.227 mm | M= 1.274 | incident=3.3432°
[[  57.39696    -562.45776     -28.013458  ]
 [ -18.50975     153.64781      11.986542  ]
 [   0.149027      0.01308096    0.        ]
 [   0.            0.            0.1496    ]]
Residual vector length: 45, Jacobian shape: (45, 6)
view   0 | SOD= 565.976 mm | SDD= 721.227 mm | M= 1.274 | incident=3.3432°
[[  57.56237    -562.34357     -28.01088   ]
 [ -18.5618      153.73888      11.9891205 ]
 [   0.14902303    0.01312622    0.        ]
 [   0.            0.            0.1496    ]]

iter 12 cost=0.209125 -> 0.148488 |dtheta|=9.696951e-02  lambda=1.000e-06

============================================================
Iteration 13
============================================================
Theta offsets (Unity frame):
  Source   : dSx=   0.000, dSy=   0.000, dSz=   0.000  (mm)
  Object   : dOx=  -6.004, dOy=  -6.011, dOz= -11.774  (mm)
  Object offset: offset_x=   0.005, offset_z=  -0.001  (mm)
  Detector : dDx=   0.000, dDy=   0.000, dDz=   0.000  (mm)
  Obj Stage rotY :    5.034 deg
============================================================

Unity geometry (world coordinates):
  Source   : x=   8.000, y=  50.000, z=   0.000
  Object   : x=  -0.004, y=  21.989, z= 565.226
  Detector : x=  -5.000, y=  10.000, z= 720.000
  Obj rotY :   0.0000 deg
view   0 | SOD= 565.976 mm | SDD= 721.227 mm | M= 1.274 | incident=3.3432°
[[  57.56237    -562.34357     -28.01088   ]
 [ -18.5618      153.73888      11.9891205 ]
 [   0.14902303    0.01312622    0.        ]
 [   0.            0.            0.1496    ]]
Residual vector length: 45, Jacobian shape: (45, 6)
view   0 | SOD= 565.973 mm | SDD= 721.227 mm | M= 1.274 | incident=3.3432°
[[  57.476524   -562.3499      -28.008818  ]
 [ -18.540375    153.74397      11.991182  ]
 [   0.149025      0.01310389    0.        ]
 [   0.            0.            0.1496    ]]

iter 13 cost=0.148488 -> 0.145901 |dtheta|=9.495991e-03  lambda=1.000e-06

============================================================
Iteration 14
============================================================
Theta offsets (Unity frame):
  Source   : dSx=   0.000, dSy=   0.000, dSz=   0.000  (mm)
  Object   : dOx=  -6.001, dOy=  -6.009, dOz= -11.776  (mm)
  Object offset: offset_x=   0.003, offset_z=  -0.001  (mm)
  Detector : dDx=   0.000, dDy=   0.000, dDz=   0.000  (mm)
  Obj Stage rotY :    5.025 deg
============================================================

Unity geometry (world coordinates):
  Source   : x=   8.000, y=  50.000, z=   0.000
  Object   : x=  -0.001, y=  21.991, z= 565.224
  Detector : x=  -5.000, y=  10.000, z= 720.000
  Obj rotY :   0.0000 deg
view   0 | SOD= 565.973 mm | SDD= 721.227 mm | M= 1.274 | incident=3.3432°
[[  57.476524   -562.3499      -28.008818  ]
 [ -18.540375    153.74397      11.991182  ]
 [   0.149025      0.01310389    0.        ]
 [   0.            0.            0.1496    ]]
Residual vector length: 45, Jacobian shape: (45, 6)
view   0 | SOD= 565.926 mm | SDD= 721.227 mm | M= 1.274 | incident=3.3432°
[[  57.44177    -562.30664     -28.005209  ]
 [ -18.534088    153.79156      11.994791  ]
 [   0.14902574    0.01309535    0.        ]
 [   0.            0.            0.1496    ]]

iter 14 cost=0.145901 -> 0.119133 |dtheta|=4.766054e-02  lambda=1.000e-06

============================================================
Iteration 15
============================================================
Theta offsets (Unity frame):
  Source   : dSx=   0.000, dSy=   0.000, dSz=   0.000  (mm)
  Object   : dOx=  -6.002, dOy=  -6.005, dOz= -11.823  (mm)
  Object offset: offset_x=   0.003, offset_z=  -0.000  (mm)
  Detector : dDx=   0.000, dDy=   0.000, dDz=   0.000  (mm)
  Obj Stage rotY :    5.022 deg
============================================================

Unity geometry (world coordinates):
  Source   : x=   8.000, y=  50.000, z=   0.000
  Object   : x=  -0.002, y=  21.995, z= 565.177
  Detector : x=  -5.000, y=  10.000, z= 720.000
  Obj rotY :   0.0000 deg
view   0 | SOD= 565.926 mm | SDD= 721.227 mm | M= 1.274 | incident=3.3432°
[[  57.44177    -562.30664     -28.005209  ]
 [ -18.534088    153.79156      11.994791  ]
 [   0.14902574    0.01309535    0.        ]
 [   0.            0.            0.1496    ]]
Residual vector length: 45, Jacobian shape: (45, 6)
view   0 | SOD= 565.869 mm | SDD= 721.227 mm | M= 1.275 | incident=3.3432°
[[  57.531322   -562.23944     -28.002867  ]
 [ -18.563599    153.84616      11.997133  ]
 [   0.14902356    0.01312013    0.        ]
 [   0.            0.            0.1496    ]]

iter 15 cost=0.119133 -> 0.120399 |dtheta|=5.763377e-02  lambda=1.000e-06

============================================================
Iteration 16
============================================================
Theta offsets (Unity frame):
  Source   : dSx=   0.000, dSy=   0.000, dSz=   0.000  (mm)
  Object   : dOx=  -6.002, dOy=  -6.005, dOz= -11.823  (mm)
  Object offset: offset_x=   0.003, offset_z=  -0.000  (mm)
  Detector : dDx=   0.000, dDy=   0.000, dDz=   0.000  (mm)
  Obj Stage rotY :    5.022 deg
============================================================

Unity geometry (world coordinates):
  Source   : x=   8.000, y=  50.000, z=   0.000
  Object   : x=  -0.002, y=  21.995, z= 565.177
  Detector : x=  -5.000, y=  10.000, z= 720.000
  Obj rotY :   0.0000 deg
view   0 | SOD= 565.926 mm | SDD= 721.227 mm | M= 1.274 | incident=3.3432°
[[  57.44177    -562.30664     -28.005209  ]
 [ -18.534088    153.79156      11.994791  ]
 [   0.14902574    0.01309535    0.        ]
 [   0.            0.            0.1496    ]]
Residual vector length: 45, Jacobian shape: (45, 6)
view   0 | SOD= 565.869 mm | SDD= 721.227 mm | M= 1.275 | incident=3.3432°
[[  57.531322   -562.23944     -28.002867  ]
 [ -18.563599    153.84616      11.997133  ]
 [   0.14902356    0.01312013    0.        ]
 [   0.            0.            0.1496    ]]

iter 16 cost=0.119133 -> 0.120399 |dtheta|=5.763375e-02  lambda=5.000e-06

============================================================
Iteration 17
============================================================
Theta offsets (Unity frame):
  Source   : dSx=   0.000, dSy=   0.000, dSz=   0.000  (mm)
  Object   : dOx=  -6.002, dOy=  -6.005, dOz= -11.823  (mm)
  Object offset: offset_x=   0.003, offset_z=  -0.000  (mm)
  Detector : dDx=   0.000, dDy=   0.000, dDz=   0.000  (mm)
  Obj Stage rotY :    5.022 deg
============================================================

Unity geometry (world coordinates):
  Source   : x=   8.000, y=  50.000, z=   0.000
  Object   : x=  -0.002, y=  21.995, z= 565.177
  Detector : x=  -5.000, y=  10.000, z= 720.000
  Obj rotY :   0.0000 deg
view   0 | SOD= 565.926 mm | SDD= 721.227 mm | M= 1.274 | incident=3.3432°
[[  57.44177    -562.30664     -28.005209  ]
 [ -18.534088    153.79156      11.994791  ]
 [   0.14902574    0.01309535    0.        ]
 [   0.            0.            0.1496    ]]
Residual vector length: 45, Jacobian shape: (45, 6)
view   0 | SOD= 565.869 mm | SDD= 721.227 mm | M= 1.275 | incident=3.3432°
[[  57.531322   -562.23944     -28.002867  ]
 [ -18.563599    153.84616      11.997133  ]
 [   0.14902356    0.01312013    0.        ]
 [   0.            0.            0.1496    ]]

iter 17 cost=0.119133 -> 0.120399 |dtheta|=5.763368e-02  lambda=2.500e-05

============================================================
Iteration 18
============================================================
Theta offsets (Unity frame):
  Source   : dSx=   0.000, dSy=   0.000, dSz=   0.000  (mm)
  Object   : dOx=  -6.002, dOy=  -6.005, dOz= -11.823  (mm)
  Object offset: offset_x=   0.003, offset_z=  -0.000  (mm)
  Detector : dDx=   0.000, dDy=   0.000, dDz=   0.000  (mm)
  Obj Stage rotY :    5.022 deg
============================================================

Unity geometry (world coordinates):
  Source   : x=   8.000, y=  50.000, z=   0.000
  Object   : x=  -0.002, y=  21.995, z= 565.177
  Detector : x=  -5.000, y=  10.000, z= 720.000
  Obj rotY :   0.0000 deg
view   0 | SOD= 565.926 mm | SDD= 721.227 mm | M= 1.274 | incident=3.3432°
[[  57.44177    -562.30664     -28.005209  ]
 [ -18.534088    153.79156      11.994791  ]
 [   0.14902574    0.01309535    0.        ]
 [   0.            0.            0.1496    ]]
Residual vector length: 45, Jacobian shape: (45, 6)
view   0 | SOD= 565.869 mm | SDD= 721.227 mm | M= 1.275 | incident=3.3432°
[[  57.531322   -562.23944     -28.002867  ]
 [ -18.563599    153.84616      11.997133  ]
 [   0.14902356    0.01312013    0.        ]
 [   0.            0.            0.1496    ]]

iter 18 cost=0.119133 -> 0.120399 |dtheta|=5.763332e-02  lambda=1.250e-04

============================================================
Iteration 19
============================================================
Theta offsets (Unity frame):
  Source   : dSx=   0.000, dSy=   0.000, dSz=   0.000  (mm)
  Object   : dOx=  -6.002, dOy=  -6.005, dOz= -11.823  (mm)
  Object offset: offset_x=   0.003, offset_z=  -0.000  (mm)
  Detector : dDx=   0.000, dDy=   0.000, dDz=   0.000  (mm)
  Obj Stage rotY :    5.022 deg
============================================================

Unity geometry (world coordinates):
  Source   : x=   8.000, y=  50.000, z=   0.000
  Object   : x=  -0.002, y=  21.995, z= 565.177
  Detector : x=  -5.000, y=  10.000, z= 720.000
  Obj rotY :   0.0000 deg
view   0 | SOD= 565.926 mm | SDD= 721.227 mm | M= 1.274 | incident=3.3432°
[[  57.44177    -562.30664     -28.005209  ]
 [ -18.534088    153.79156      11.994791  ]
 [   0.14902574    0.01309535    0.        ]
 [   0.            0.            0.1496    ]]
Residual vector length: 45, Jacobian shape: (45, 6)
view   0 | SOD= 565.869 mm | SDD= 721.227 mm | M= 1.275 | incident=3.3432°
[[  57.53132    -562.23944     -28.002869  ]
 [ -18.563597    153.84616      11.997131  ]
 [   0.14902356    0.01312013    0.        ]
 [   0.            0.            0.1496    ]]

iter 19 cost=0.119133 -> 0.120399 |dtheta|=5.763153e-02  lambda=6.250e-04

============================================================
Iteration 20
============================================================
Theta offsets (Unity frame):
  Source   : dSx=   0.000, dSy=   0.000, dSz=   0.000  (mm)
  Object   : dOx=  -6.002, dOy=  -6.005, dOz= -11.823  (mm)
  Object offset: offset_x=   0.003, offset_z=  -0.000  (mm)
  Detector : dDx=   0.000, dDy=   0.000, dDz=   0.000  (mm)
  Obj Stage rotY :    5.022 deg
============================================================

Unity geometry (world coordinates):
  Source   : x=   8.000, y=  50.000, z=   0.000
  Object   : x=  -0.002, y=  21.995, z= 565.177
  Detector : x=  -5.000, y=  10.000, z= 720.000
  Obj rotY :   0.0000 deg
view   0 | SOD= 565.926 mm | SDD= 721.227 mm | M= 1.274 | incident=3.3432°
[[  57.44177    -562.30664     -28.005209  ]
 [ -18.534088    153.79156      11.994791  ]
 [   0.14902574    0.01309535    0.        ]
 [   0.            0.            0.1496    ]]
Residual vector length: 45, Jacobian shape: (45, 6)
view   0 | SOD= 565.869 mm | SDD= 721.227 mm | M= 1.275 | incident=3.3432°
[[  57.531303   -562.23944     -28.002869  ]
 [ -18.563593    153.84616      11.997131  ]
 [   0.14902356    0.01312013    0.        ]
 [   0.            0.            0.1496    ]]

iter 20 cost=0.119133 -> 0.120399 |dtheta|=5.762255e-02  lambda=3.125e-03

============================================================
Iteration 21
============================================================
Theta offsets (Unity frame):
  Source   : dSx=   0.000, dSy=   0.000, dSz=   0.000  (mm)
  Object   : dOx=  -6.002, dOy=  -6.005, dOz= -11.823  (mm)
  Object offset: offset_x=   0.003, offset_z=  -0.000  (mm)
  Detector : dDx=   0.000, dDy=   0.000, dDz=   0.000  (mm)
  Obj Stage rotY :    5.022 deg
============================================================

Unity geometry (world coordinates):
  Source   : x=   8.000, y=  50.000, z=   0.000
  Object   : x=  -0.002, y=  21.995, z= 565.177
  Detector : x=  -5.000, y=  10.000, z= 720.000
  Obj rotY :   0.0000 deg
view   0 | SOD= 565.926 mm | SDD= 721.227 mm | M= 1.274 | incident=3.3432°
[[  57.44177    -562.30664     -28.005209  ]
 [ -18.534088    153.79156      11.994791  ]
 [   0.14902574    0.01309535    0.        ]
 [   0.            0.            0.1496    ]]
Residual vector length: 45, Jacobian shape: (45, 6)
view   0 | SOD= 565.869 mm | SDD= 721.227 mm | M= 1.275 | incident=3.3432°
[[  57.53122    -562.2395      -28.002869  ]
 [ -18.563564    153.8461       11.997131  ]
 [   0.14902356    0.0131201     0.        ]
 [   0.            0.            0.1496    ]]

iter 21 cost=0.119133 -> 0.124223 |dtheta|=5.757773e-02  lambda=1.562e-02

============================================================
Iteration 22
============================================================
Theta offsets (Unity frame):
  Source   : dSx=   0.000, dSy=   0.000, dSz=   0.000  (mm)
  Object   : dOx=  -6.002, dOy=  -6.005, dOz= -11.823  (mm)
  Object offset: offset_x=   0.003, offset_z=  -0.000  (mm)
  Detector : dDx=   0.000, dDy=   0.000, dDz=   0.000  (mm)
  Obj Stage rotY :    5.022 deg
============================================================

Unity geometry (world coordinates):
  Source   : x=   8.000, y=  50.000, z=   0.000
  Object   : x=  -0.002, y=  21.995, z= 565.177
  Detector : x=  -5.000, y=  10.000, z= 720.000
  Obj rotY :   0.0000 deg
view   0 | SOD= 565.926 mm | SDD= 721.227 mm | M= 1.274 | incident=3.3432°
[[  57.44177    -562.30664     -28.005209  ]
 [ -18.534088    153.79156      11.994791  ]
 [   0.14902574    0.01309535    0.        ]
 [   0.            0.            0.1496    ]]
Residual vector length: 45, Jacobian shape: (45, 6)
view   0 | SOD= 565.869 mm | SDD= 721.227 mm | M= 1.275 | incident=3.3432°
[[  57.530796   -562.23975     -28.002872  ]
 [ -18.563437    153.84593      11.997128  ]
 [   0.14902358    0.01311999    0.        ]
 [   0.            0.            0.1496    ]]

iter 22 cost=0.119133 -> 0.120399 |dtheta|=5.735465e-02  lambda=7.812e-02

============================================================
Iteration 23
============================================================
Theta offsets (Unity frame):
  Source   : dSx=   0.000, dSy=   0.000, dSz=   0.000  (mm)
  Object   : dOx=  -6.002, dOy=  -6.005, dOz= -11.823  (mm)
  Object offset: offset_x=   0.003, offset_z=  -0.000  (mm)
  Detector : dDx=   0.000, dDy=   0.000, dDz=   0.000  (mm)
  Obj Stage rotY :    5.022 deg
============================================================

Unity geometry (world coordinates):
  Source   : x=   8.000, y=  50.000, z=   0.000
  Object   : x=  -0.002, y=  21.995, z= 565.177
  Detector : x=  -5.000, y=  10.000, z= 720.000
  Obj rotY :   0.0000 deg
view   0 | SOD= 565.926 mm | SDD= 721.227 mm | M= 1.274 | incident=3.3432°
[[  57.44177    -562.30664     -28.005209  ]
 [ -18.534088    153.79156      11.994791  ]
 [   0.14902574    0.01309535    0.        ]
 [   0.            0.            0.1496    ]]
Residual vector length: 45, Jacobian shape: (45, 6)
view   0 | SOD= 565.870 mm | SDD= 721.227 mm | M= 1.275 | incident=3.3432°
[[  57.52874    -562.241       -28.002895  ]
 [ -18.562794    153.8449       11.997105  ]
 [   0.14902362    0.01311943    0.        ]
 [   0.            0.            0.1496    ]]

iter 23 cost=0.119133 -> 0.120399 |dtheta|=5.626477e-02  lambda=3.906e-01

============================================================
Iteration 24
============================================================
Theta offsets (Unity frame):
  Source   : dSx=   0.000, dSy=   0.000, dSz=   0.000  (mm)
  Object   : dOx=  -6.002, dOy=  -6.005, dOz= -11.823  (mm)
  Object offset: offset_x=   0.003, offset_z=  -0.000  (mm)
  Detector : dDx=   0.000, dDy=   0.000, dDz=   0.000  (mm)
  Obj Stage rotY :    5.022 deg
============================================================

Unity geometry (world coordinates):
  Source   : x=   8.000, y=  50.000, z=   0.000
  Object   : x=  -0.002, y=  21.995, z= 565.177
  Detector : x=  -5.000, y=  10.000, z= 720.000
  Obj rotY :   0.0000 deg
view   0 | SOD= 565.926 mm | SDD= 721.227 mm | M= 1.274 | incident=3.3432°
[[  57.44177    -562.30664     -28.005209  ]
 [ -18.534088    153.79156      11.994791  ]
 [   0.14902574    0.01309535    0.        ]
 [   0.            0.            0.1496    ]]
Residual vector length: 45, Jacobian shape: (45, 6)
view   0 | SOD= 565.875 mm | SDD= 721.227 mm | M= 1.275 | incident=3.3432°
[[  57.51959    -562.2467      -28.00299   ]
 [ -18.559954    153.84052      11.997009  ]
 [   0.14902385    0.01311693    0.        ]
 [   0.            0.            0.1496    ]]

iter 24 cost=0.119133 -> 0.115894 |dtheta|=5.138451e-02  lambda=1.953e+00

============================================================
Iteration 25
============================================================
Theta offsets (Unity frame):
  Source   : dSx=   0.000, dSy=   0.000, dSz=   0.000  (mm)
  Object   : dOx=  -6.001, dOy=  -6.003, dOz= -11.874  (mm)
  Object offset: offset_x=   0.000, offset_z=  -0.002  (mm)
  Detector : dDx=   0.000, dDy=   0.000, dDz=   0.000  (mm)
  Obj Stage rotY :    5.030 deg
============================================================

Unity geometry (world coordinates):
  Source   : x=   8.000, y=  50.000, z=   0.000
  Object   : x=  -0.001, y=  21.997, z= 565.126
  Detector : x=  -5.000, y=  10.000, z= 720.000
  Obj rotY :   0.0000 deg
view   0 | SOD= 565.875 mm | SDD= 721.227 mm | M= 1.275 | incident=3.3432°
[[  57.51959    -562.2467      -28.00299   ]
 [ -18.559954    153.84052      11.997009  ]
 [   0.14902385    0.01311693    0.        ]
 [   0.            0.            0.1496    ]]
Residual vector length: 45, Jacobian shape: (45, 6)
view   0 | SOD= 565.843 mm | SDD= 721.227 mm | M= 1.275 | incident=3.3432°
[[  57.328865   -562.23425     -28.00121   ]
 [ -18.506496    153.87885      11.998791  ]
 [   0.1490283     0.01306611    0.        ]
 [   0.            0.            0.1496    ]]

iter 25 cost=0.115894 -> 0.108048 |dtheta|=3.637377e-02  lambda=6.510e-01

============================================================
Iteration 26
============================================================
Theta offsets (Unity frame):
  Source   : dSx=   0.000, dSy=   0.000, dSz=   0.000  (mm)
  Object   : dOx=  -6.000, dOy=  -6.001, dOz= -11.904  (mm)
  Object offset: offset_x=  -0.004, offset_z=  -0.003  (mm)
  Detector : dDx=   0.000, dDy=   0.000, dDz=   0.000  (mm)
  Obj Stage rotY :    5.011 deg
============================================================

Unity geometry (world coordinates):
  Source   : x=   8.000, y=  50.000, z=   0.000
  Object   : x=   0.000, y=  21.999, z= 565.096
  Detector : x=  -5.000, y=  10.000, z= 720.000
  Obj rotY :   0.0000 deg
view   0 | SOD= 565.843 mm | SDD= 721.227 mm | M= 1.275 | incident=3.3432°
[[  57.328865   -562.23425     -28.00121   ]
 [ -18.506496    153.87885      11.998791  ]
 [   0.1490283     0.01306611    0.        ]
 [   0.            0.            0.1496    ]]
Residual vector length: 45, Jacobian shape: (45, 6)
view   0 | SOD= 565.825 mm | SDD= 721.227 mm | M= 1.275 | incident=3.3432°
[[  57.38844    -562.2103      -28.001228  ]
 [ -18.529903    153.89398      11.998772  ]
 [   0.1490268     0.01308338    0.        ]
 [   0.            0.            0.1496    ]]

iter 26 cost=0.108048 -> 0.103826 |dtheta|=2.019312e-02  lambda=2.170e-01

============================================================
Iteration 27
============================================================
Theta offsets (Unity frame):
  Source   : dSx=   0.000, dSy=   0.000, dSz=   0.000  (mm)
  Object   : dOx=  -5.999, dOy=  -6.001, dOz= -11.923  (mm)
  Object offset: offset_x=  -0.001, offset_z=  -0.002  (mm)
  Detector : dDx=   0.000, dDy=   0.000, dDz=   0.000  (mm)
  Obj Stage rotY :    5.017 deg
============================================================

Unity geometry (world coordinates):
  Source   : x=   8.000, y=  50.000, z=   0.000
  Object   : x=   0.001, y=  21.999, z= 565.077
  Detector : x=  -5.000, y=  10.000, z= 720.000
  Obj rotY :   0.0000 deg
view   0 | SOD= 565.825 mm | SDD= 721.227 mm | M= 1.275 | incident=3.3432°
[[  57.38844    -562.2103      -28.001228  ]
 [ -18.529903    153.89398      11.998772  ]
 [   0.1490268     0.01308338    0.        ]
 [   0.            0.            0.1496    ]]
Residual vector length: 45, Jacobian shape: (45, 6)
view   0 | SOD= 565.867 mm | SDD= 721.227 mm | M= 1.275 | incident=3.3432°
[[  57.275543   -562.26404     -28.000866  ]
 [ -18.4942      153.856        11.999134  ]
 [   0.14902951    0.01305246    0.        ]
 [   0.            0.            0.1496    ]]

iter 27 cost=0.103826 -> 0.101611 |dtheta|=4.229094e-02  lambda=7.234e-02

============================================================
Iteration 28
============================================================
Theta offsets (Unity frame):
  Source   : dSx=   0.000, dSy=   0.000, dSz=   0.000  (mm)
  Object   : dOx=  -6.001, dOy=  -6.001, dOz= -11.882  (mm)
  Object offset: offset_x=   0.000, offset_z=  -0.001  (mm)
  Detector : dDx=   0.000, dDy=   0.000, dDz=   0.000  (mm)
  Obj Stage rotY :    5.005 deg
============================================================

Unity geometry (world coordinates):
  Source   : x=   8.000, y=  50.000, z=   0.000
  Object   : x=  -0.001, y=  21.999, z= 565.118
  Detector : x=  -5.000, y=  10.000, z= 720.000
  Obj rotY :   0.0000 deg
view   0 | SOD= 565.867 mm | SDD= 721.227 mm | M= 1.275 | incident=3.3432°
[[  57.275543   -562.26404     -28.000866  ]
 [ -18.4942      153.856        11.999134  ]
 [   0.14902951    0.01305246    0.        ]
 [   0.            0.            0.1496    ]]
Residual vector length: 45, Jacobian shape: (45, 6)
view   0 | SOD= 565.835 mm | SDD= 721.227 mm | M= 1.275 | incident=3.3432°
[[  57.320526   -562.2273      -28.000034  ]
 [ -18.511198    153.88618      11.999966  ]
 [   0.14902838    0.01306536    0.        ]
 [   0.            0.            0.1496    ]]

iter 28 cost=0.101611 -> 0.092777 |dtheta|=3.008261e-02  lambda=2.411e-02

============================================================
Iteration 29
============================================================
Theta offsets (Unity frame):
  Source   : dSx=   0.000, dSy=   0.000, dSz=   0.000  (mm)
  Object   : dOx=  -6.000, dOy=  -6.000, dOz= -11.912  (mm)
  Object offset: offset_x=   0.000, offset_z=  -0.003  (mm)
  Detector : dDx=   0.000, dDy=   0.000, dDz=   0.000  (mm)
  Obj Stage rotY :    5.010 deg
============================================================

Unity geometry (world coordinates):
  Source   : x=   8.000, y=  50.000, z=   0.000
  Object   : x=   0.000, y=  22.000, z= 565.088
  Detector : x=  -5.000, y=  10.000, z= 720.000
  Obj rotY :   0.0000 deg
view   0 | SOD= 565.835 mm | SDD= 721.227 mm | M= 1.275 | incident=3.3432°
[[  57.320526   -562.2273      -28.000034  ]
 [ -18.511198    153.88618      11.999966  ]
 [   0.14902838    0.01306536    0.        ]
 [   0.            0.            0.1496    ]]
Residual vector length: 45, Jacobian shape: (45, 6)
view   0 | SOD= 565.782 mm | SDD= 721.227 mm | M= 1.275 | incident=3.3432°
[[  57.290863   -562.17755     -27.998474  ]
 [ -18.511011    153.9391       12.001526  ]
 [   0.14902891    0.01305914    0.        ]
 [   0.            0.            0.1496    ]]

iter 29 cost=0.092777 -> 0.109866 |dtheta|=5.263460e-02  lambda=8.038e-03

============================================================
Iteration 30
============================================================
Theta offsets (Unity frame):
  Source   : dSx=   0.000, dSy=   0.000, dSz=   0.000  (mm)
  Object   : dOx=  -6.000, dOy=  -6.000, dOz= -11.912  (mm)
  Object offset: offset_x=   0.000, offset_z=  -0.003  (mm)
  Detector : dDx=   0.000, dDy=   0.000, dDz=   0.000  (mm)
  Obj Stage rotY :    5.010 deg
============================================================

Unity geometry (world coordinates):
  Source   : x=   8.000, y=  50.000, z=   0.000
  Object   : x=   0.000, y=  22.000, z= 565.088
  Detector : x=  -5.000, y=  10.000, z= 720.000
  Obj rotY :   0.0000 deg
view   0 | SOD= 565.835 mm | SDD= 721.227 mm | M= 1.275 | incident=3.3432°
[[  57.320526   -562.2273      -28.000034  ]
 [ -18.511198    153.88618      11.999966  ]
 [   0.14902838    0.01306536    0.        ]
 [   0.            0.            0.1496    ]]
Residual vector length: 45, Jacobian shape: (45, 6)
view   0 | SOD= 565.783 mm | SDD= 721.227 mm | M= 1.275 | incident=3.3432°
[[  57.290974   -562.1778      -27.998478  ]
 [ -18.511007    153.93884      12.001522  ]
 [   0.14902891    0.01305917    0.        ]
 [   0.            0.            0.1496    ]]

iter 30 cost=0.092777 -> 0.109866 |dtheta|=5.236597e-02  lambda=4.019e-02

============================================================
Iteration 31
============================================================
Theta offsets (Unity frame):
  Source   : dSx=   0.000, dSy=   0.000, dSz=   0.000  (mm)
  Object   : dOx=  -6.000, dOy=  -6.000, dOz= -11.912  (mm)
  Object offset: offset_x=   0.000, offset_z=  -0.003  (mm)
  Detector : dDx=   0.000, dDy=   0.000, dDz=   0.000  (mm)
  Obj Stage rotY :    5.010 deg
============================================================

Unity geometry (world coordinates):
  Source   : x=   8.000, y=  50.000, z=   0.000
  Object   : x=   0.000, y=  22.000, z= 565.088
  Detector : x=  -5.000, y=  10.000, z= 720.000
  Obj rotY :   0.0000 deg
view   0 | SOD= 565.835 mm | SDD= 721.227 mm | M= 1.275 | incident=3.3432°
[[  57.320526   -562.2273      -28.000034  ]
 [ -18.511198    153.88618      11.999966  ]
 [   0.14902838    0.01306536    0.        ]
 [   0.            0.            0.1496    ]]
Residual vector length: 45, Jacobian shape: (45, 6)
view   0 | SOD= 565.784 mm | SDD= 721.227 mm | M= 1.275 | incident=3.3432°
[[  57.291515   -562.179       -27.9985    ]
 [ -18.510977    153.93756      12.001499  ]
 [   0.14902891    0.01305927    0.        ]
 [   0.            0.            0.1496    ]]

iter 31 cost=0.092777 -> 0.109866 |dtheta|=5.106297e-02  lambda=2.009e-01

============================================================
Iteration 32
============================================================
Theta offsets (Unity frame):
  Source   : dSx=   0.000, dSy=   0.000, dSz=   0.000  (mm)
  Object   : dOx=  -6.000, dOy=  -6.000, dOz= -11.912  (mm)
  Object offset: offset_x=   0.000, offset_z=  -0.003  (mm)
  Detector : dDx=   0.000, dDy=   0.000, dDz=   0.000  (mm)
  Obj Stage rotY :    5.010 deg
============================================================

Unity geometry (world coordinates):
  Source   : x=   8.000, y=  50.000, z=   0.000
  Object   : x=   0.000, y=  22.000, z= 565.088
  Detector : x=  -5.000, y=  10.000, z= 720.000
  Obj rotY :   0.0000 deg
view   0 | SOD= 565.835 mm | SDD= 721.227 mm | M= 1.275 | incident=3.3432°
[[  57.320526   -562.2273      -28.000034  ]
 [ -18.511198    153.88618      11.999966  ]
 [   0.14902838    0.01306536    0.        ]
 [   0.            0.            0.1496    ]]
Residual vector length: 45, Jacobian shape: (45, 6)
view   0 | SOD= 565.790 mm | SDD= 721.227 mm | M= 1.275 | incident=3.3432°
[[  57.29391    -562.18463     -27.998596  ]
 [ -18.510826    153.93173      12.001404  ]
 [   0.14902887    0.01305974    0.        ]
 [   0.            0.            0.1496    ]]

iter 32 cost=0.092777 -> 0.101715 |dtheta|=4.541450e-02  lambda=1.005e+00

============================================================
Iteration 33
============================================================
Theta offsets (Unity frame):
  Source   : dSx=   0.000, dSy=   0.000, dSz=   0.000  (mm)
  Object   : dOx=  -6.000, dOy=  -6.000, dOz= -11.912  (mm)
  Object offset: offset_x=   0.000, offset_z=  -0.003  (mm)
  Detector : dDx=   0.000, dDy=   0.000, dDz=   0.000  (mm)
  Obj Stage rotY :    5.010 deg
============================================================

Unity geometry (world coordinates):
  Source   : x=   8.000, y=  50.000, z=   0.000
  Object   : x=   0.000, y=  22.000, z= 565.088
  Detector : x=  -5.000, y=  10.000, z= 720.000
  Obj rotY :   0.0000 deg
view   0 | SOD= 565.835 mm | SDD= 721.227 mm | M= 1.275 | incident=3.3432°
[[  57.320526   -562.2273      -28.000034  ]
 [ -18.511198    153.88618      11.999966  ]
 [   0.14902838    0.01306536    0.        ]
 [   0.            0.            0.1496    ]]
Residual vector length: 45, Jacobian shape: (45, 6)
view   0 | SOD= 565.806 mm | SDD= 721.227 mm | M= 1.275 | incident=3.3432°
[[  57.300915   -562.20056     -27.998867  ]
 [ -18.510443    153.91512      12.001133  ]
 [   0.14902875    0.01306112    0.        ]
 [   0.            0.            0.1496    ]]

iter 33 cost=0.092777 -> 0.097506 |dtheta|=2.926003e-02  lambda=5.023e+00

============================================================
Iteration 34
============================================================
Theta offsets (Unity frame):
  Source   : dSx=   0.000, dSy=   0.000, dSz=   0.000  (mm)
  Object   : dOx=  -6.000, dOy=  -6.000, dOz= -11.912  (mm)
  Object offset: offset_x=   0.000, offset_z=  -0.003  (mm)
  Detector : dDx=   0.000, dDy=   0.000, dDz=   0.000  (mm)
  Obj Stage rotY :    5.010 deg
============================================================

Unity geometry (world coordinates):
  Source   : x=   8.000, y=  50.000, z=   0.000
  Object   : x=   0.000, y=  22.000, z= 565.088
  Detector : x=  -5.000, y=  10.000, z= 720.000
  Obj rotY :   0.0000 deg
view   0 | SOD= 565.835 mm | SDD= 721.227 mm | M= 1.275 | incident=3.3432°
[[  57.320526   -562.2273      -28.000034  ]
 [ -18.511198    153.88618      11.999966  ]
 [   0.14902838    0.01306536    0.        ]
 [   0.            0.            0.1496    ]]
Residual vector length: 45, Jacobian shape: (45, 6)
view   0 | SOD= 565.825 mm | SDD= 721.227 mm | M= 1.275 | incident=3.3432°
[[  57.310074   -562.21875     -27.999195  ]
 [ -18.510271    153.89597      12.000805  ]
 [   0.14902858    0.01306299    0.        ]
 [   0.            0.            0.1496    ]]

iter 34 cost=0.092777 -> 0.093950 |dtheta|=1.063881e-02  lambda=2.512e+01

============================================================
Iteration 35
============================================================
Theta offsets (Unity frame):
  Source   : dSx=   0.000, dSy=   0.000, dSz=   0.000  (mm)
  Object   : dOx=  -6.000, dOy=  -6.000, dOz= -11.912  (mm)
  Object offset: offset_x=   0.000, offset_z=  -0.003  (mm)
  Detector : dDx=   0.000, dDy=   0.000, dDz=   0.000  (mm)
  Obj Stage rotY :    5.010 deg
============================================================

Unity geometry (world coordinates):
  Source   : x=   8.000, y=  50.000, z=   0.000
  Object   : x=   0.000, y=  22.000, z= 565.088
  Detector : x=  -5.000, y=  10.000, z= 720.000
  Obj rotY :   0.0000 deg
view   0 | SOD= 565.835 mm | SDD= 721.227 mm | M= 1.275 | incident=3.3432°
[[  57.320526   -562.2273      -28.000034  ]
 [ -18.511198    153.88618      11.999966  ]
 [   0.14902838    0.01306536    0.        ]
 [   0.            0.            0.1496    ]]
Residual vector length: 45, Jacobian shape: (45, 6)
view   0 | SOD= 565.833 mm | SDD= 721.227 mm | M= 1.275 | incident=3.3432°
[[  57.31643    -562.22614     -27.9994    ]
 [ -18.510757    153.88785      12.000601  ]
 [   0.14902845    0.01306441    0.        ]
 [   0.            0.            0.1496    ]]

iter 35 cost=0.092777 -> 0.095252 |dtheta|=2.906471e-03  lambda=1.256e+02

============================================================
Iteration 36
============================================================
Theta offsets (Unity frame):
  Source   : dSx=   0.000, dSy=   0.000, dSz=   0.000  (mm)
  Object   : dOx=  -6.000, dOy=  -6.000, dOz= -11.912  (mm)
  Object offset: offset_x=   0.000, offset_z=  -0.003  (mm)
  Detector : dDx=   0.000, dDy=   0.000, dDz=   0.000  (mm)
  Obj Stage rotY :    5.010 deg
============================================================

Unity geometry (world coordinates):
  Source   : x=   8.000, y=  50.000, z=   0.000
  Object   : x=   0.000, y=  22.000, z= 565.088
  Detector : x=  -5.000, y=  10.000, z= 720.000
  Obj rotY :   0.0000 deg
view   0 | SOD= 565.835 mm | SDD= 721.227 mm | M= 1.275 | incident=3.3432°
[[  57.320526   -562.2273      -28.000034  ]
 [ -18.511198    153.88618      11.999966  ]
 [   0.14902838    0.01306536    0.        ]
 [   0.            0.            0.1496    ]]
Residual vector length: 45, Jacobian shape: (45, 6)
view   0 | SOD= 565.835 mm | SDD= 721.227 mm | M= 1.275 | incident=3.3432°
[[  57.319546   -562.22754     -27.999622  ]
 [ -18.51107     153.88608      12.000378  ]
 [   0.14902839    0.01306513    0.        ]
 [   0.            0.            0.1496    ]]

iter 36 cost=0.092777 -> 0.090720 |dtheta|=1.107383e-03  lambda=6.279e+02

============================================================
Iteration 37
============================================================
Theta offsets (Unity frame):
  Source   : dSx=   0.000, dSy=   0.000, dSz=   0.000  (mm)
  Object   : dOx=  -6.000, dOy=  -6.000, dOz= -11.912  (mm)
  Object offset: offset_x=   0.001, offset_z=  -0.002  (mm)
  Detector : dDx=   0.000, dDy=   0.000, dDz=   0.000  (mm)
  Obj Stage rotY :    5.010 deg
============================================================

Unity geometry (world coordinates):
  Source   : x=   8.000, y=  50.000, z=   0.000
  Object   : x=  -0.000, y=  22.000, z= 565.088
  Detector : x=  -5.000, y=  10.000, z= 720.000
  Obj rotY :   0.0000 deg
view   0 | SOD= 565.835 mm | SDD= 721.227 mm | M= 1.275 | incident=3.3432°
[[  57.319546   -562.22754     -27.999622  ]
 [ -18.51107     153.88608      12.000378  ]
 [   0.14902839    0.01306513    0.        ]
 [   0.            0.            0.1496    ]]
Residual vector length: 45, Jacobian shape: (45, 6)
view   0 | SOD= 565.833 mm | SDD= 721.227 mm | M= 1.275 | incident=3.3432°
[[  57.325703   -562.22437     -27.999285  ]
 [ -18.51338     153.88838      12.000715  ]
 [   0.14902824    0.01306689    0.        ]
 [   0.            0.            0.1496    ]]

iter 37 cost=0.090720 -> 0.097912 |dtheta|=3.236403e-03  lambda=2.093e+02

============================================================
Iteration 38
============================================================
Theta offsets (Unity frame):
  Source   : dSx=   0.000, dSy=   0.000, dSz=   0.000  (mm)
  Object   : dOx=  -6.000, dOy=  -6.000, dOz= -11.912  (mm)
  Object offset: offset_x=   0.001, offset_z=  -0.002  (mm)
  Detector : dDx=   0.000, dDy=   0.000, dDz=   0.000  (mm)
  Obj Stage rotY :    5.010 deg
============================================================

Unity geometry (world coordinates):
  Source   : x=   8.000, y=  50.000, z=   0.000
  Object   : x=  -0.000, y=  22.000, z= 565.088
  Detector : x=  -5.000, y=  10.000, z= 720.000
  Obj rotY :   0.0000 deg
view   0 | SOD= 565.835 mm | SDD= 721.227 mm | M= 1.275 | incident=3.3432°
[[  57.319546   -562.22754     -27.999622  ]
 [ -18.51107     153.88608      12.000378  ]
 [   0.14902839    0.01306513    0.        ]
 [   0.            0.            0.1496    ]]
Residual vector length: 45, Jacobian shape: (45, 6)
view   0 | SOD= 565.835 mm | SDD= 721.227 mm | M= 1.275 | incident=3.3432°
[[  57.321323   -562.227       -27.999441  ]
 [ -18.51173     153.88637      12.000559  ]
 [   0.14902835    0.01306563    0.        ]
 [   0.            0.            0.1496    ]]

iter 38 cost=0.090720 -> 0.095252 |dtheta|=8.053300e-04  lambda=1.047e+03

============================================================
Iteration 39
============================================================
Theta offsets (Unity frame):
  Source   : dSx=   0.000, dSy=   0.000, dSz=   0.000  (mm)
  Object   : dOx=  -6.000, dOy=  -6.000, dOz= -11.912  (mm)
  Object offset: offset_x=   0.001, offset_z=  -0.002  (mm)
  Detector : dDx=   0.000, dDy=   0.000, dDz=   0.000  (mm)
  Obj Stage rotY :    5.010 deg
============================================================

Unity geometry (world coordinates):
  Source   : x=   8.000, y=  50.000, z=   0.000
  Object   : x=  -0.000, y=  22.000, z= 565.088
  Detector : x=  -5.000, y=  10.000, z= 720.000
  Obj rotY :   0.0000 deg
view   0 | SOD= 565.835 mm | SDD= 721.227 mm | M= 1.275 | incident=3.3432°
[[  57.319546   -562.22754     -27.999622  ]
 [ -18.51107     153.88608      12.000378  ]
 [   0.14902839    0.01306513    0.        ]
 [   0.            0.            0.1496    ]]
Residual vector length: 45, Jacobian shape: (45, 6)
view   0 | SOD= 565.835 mm | SDD= 721.227 mm | M= 1.275 | incident=3.3432°
[[  57.31997    -562.2275      -27.999563  ]
 [ -18.511206    153.88606      12.000437  ]
 [   0.14902839    0.01306524    0.        ]
 [   0.            0.            0.1496    ]]

iter 39 cost=0.090720 -> 0.094426 |dtheta|=1.996060e-04  lambda=5.233e+03

============================================================
Iteration 40
============================================================
Theta offsets (Unity frame):
  Source   : dSx=   0.000, dSy=   0.000, dSz=   0.000  (mm)
  Object   : dOx=  -6.000, dOy=  -6.000, dOz= -11.912  (mm)
  Object offset: offset_x=   0.001, offset_z=  -0.002  (mm)
  Detector : dDx=   0.000, dDy=   0.000, dDz=   0.000  (mm)
  Obj Stage rotY :    5.010 deg
============================================================

Unity geometry (world coordinates):
  Source   : x=   8.000, y=  50.000, z=   0.000
  Object   : x=  -0.000, y=  22.000, z= 565.088
  Detector : x=  -5.000, y=  10.000, z= 720.000
  Obj rotY :   0.0000 deg
view   0 | SOD= 565.835 mm | SDD= 721.227 mm | M= 1.275 | incident=3.3432°
[[  57.319546   -562.22754     -27.999622  ]
 [ -18.51107     153.88608      12.000378  ]
 [   0.14902839    0.01306513    0.        ]
 [   0.            0.            0.1496    ]]
Residual vector length: 45, Jacobian shape: (45, 6)
view   0 | SOD= 565.835 mm | SDD= 721.227 mm | M= 1.275 | incident=3.3432°
[[  57.319633   -562.22754     -27.999607  ]
 [ -18.511099    153.88608      12.000393  ]
 [   0.14902839    0.01306515    0.        ]
 [   0.            0.            0.1496    ]]

iter 40 cost=0.090720 -> 0.090720 |dtheta|=4.330429e-05  lambda=2.616e+04

============================================================
Iteration 41
============================================================
Theta offsets (Unity frame):
  Source   : dSx=   0.000, dSy=   0.000, dSz=   0.000  (mm)
  Object   : dOx=  -6.000, dOy=  -6.000, dOz= -11.912  (mm)
  Object offset: offset_x=   0.001, offset_z=  -0.002  (mm)
  Detector : dDx=   0.000, dDy=   0.000, dDz=   0.000  (mm)
  Obj Stage rotY :    5.010 deg
============================================================

Unity geometry (world coordinates):
  Source   : x=   8.000, y=  50.000, z=   0.000
  Object   : x=  -0.000, y=  22.000, z= 565.088
  Detector : x=  -5.000, y=  10.000, z= 720.000
  Obj rotY :   0.0000 deg
view   0 | SOD= 565.835 mm | SDD= 721.227 mm | M= 1.275 | incident=3.3432°
[[  57.319546   -562.22754     -27.999622  ]
 [ -18.51107     153.88608      12.000378  ]
 [   0.14902839    0.01306513    0.        ]
 [   0.            0.            0.1496    ]]
Residual vector length: 45, Jacobian shape: (45, 6)
view   0 | SOD= 565.835 mm | SDD= 721.227 mm | M= 1.275 | incident=3.3432°
[[  57.319565   -562.22754     -27.999619  ]
 [ -18.511076    153.88608      12.000381  ]
 [   0.14902839    0.01306513    0.        ]
 [   0.            0.            0.1496    ]]

iter 41 cost=0.090720 -> 0.090720 |dtheta|=8.828895e-06  lambda=1.308e+05

============================================================
Iteration 42
============================================================
Theta offsets (Unity frame):
  Source   : dSx=   0.000, dSy=   0.000, dSz=   0.000  (mm)
  Object   : dOx=  -6.000, dOy=  -6.000, dOz= -11.912  (mm)
  Object offset: offset_x=   0.001, offset_z=  -0.002  (mm)
  Detector : dDx=   0.000, dDy=   0.000, dDz=   0.000  (mm)
  Obj Stage rotY :    5.010 deg
============================================================

Unity geometry (world coordinates):
  Source   : x=   8.000, y=  50.000, z=   0.000
  Object   : x=  -0.000, y=  22.000, z= 565.088
  Detector : x=  -5.000, y=  10.000, z= 720.000
  Obj rotY :   0.0000 deg
view   0 | SOD= 565.835 mm | SDD= 721.227 mm | M= 1.275 | incident=3.3432°
[[  57.319546   -562.22754     -27.999622  ]
 [ -18.51107     153.88608      12.000378  ]
 [   0.14902839    0.01306513    0.        ]
 [   0.            0.            0.1496    ]]
Residual vector length: 45, Jacobian shape: (45, 6)
view   0 | SOD= 565.835 mm | SDD= 721.227 mm | M= 1.275 | incident=3.3432°
[[  57.31955    -562.22754     -27.999622  ]
 [ -18.511072    153.88608      12.000378  ]
 [   0.14902839    0.01306513    0.        ]
 [   0.            0.            0.1496    ]]

iter 42 cost=0.090720 -> 0.090720 |dtheta|=1.772827e-06  lambda=6.541e+05

============================================================
Iteration 43
============================================================
Theta offsets (Unity frame):
  Source   : dSx=   0.000, dSy=   0.000, dSz=   0.000  (mm)
  Object   : dOx=  -6.000, dOy=  -6.000, dOz= -11.912  (mm)
  Object offset: offset_x=   0.001, offset_z=  -0.002  (mm)
  Detector : dDx=   0.000, dDy=   0.000, dDz=   0.000  (mm)
  Obj Stage rotY :    5.010 deg
============================================================

Unity geometry (world coordinates):
  Source   : x=   8.000, y=  50.000, z=   0.000
  Object   : x=  -0.000, y=  22.000, z= 565.088
  Detector : x=  -5.000, y=  10.000, z= 720.000
  Obj rotY :   0.0000 deg
view   0 | SOD= 565.835 mm | SDD= 721.227 mm | M= 1.275 | incident=3.3432°
[[  57.319546   -562.22754     -27.999622  ]
 [ -18.51107     153.88608      12.000378  ]
 [   0.14902839    0.01306513    0.        ]
 [   0.            0.            0.1496    ]]
Residual vector length: 45, Jacobian shape: (45, 6)
view   0 | SOD= 565.835 mm | SDD= 721.227 mm | M= 1.275 | incident=3.3432°
[[  57.31955    -562.22754     -27.999622  ]
 [ -18.511072    153.88608      12.000378  ]
 [   0.14902839    0.01306513    0.        ]
 [   0.            0.            0.1496    ]]

iter 43 cost=0.090720 -> 0.090720 |dtheta|=1.160004e-06  lambda=1.000e+06

============================================================
Iteration 44
============================================================
Theta offsets (Unity frame):
  Source   : dSx=   0.000, dSy=   0.000, dSz=   0.000  (mm)
  Object   : dOx=  -6.000, dOy=  -6.000, dOz= -11.912  (mm)
  Object offset: offset_x=   0.001, offset_z=  -0.002  (mm)
  Detector : dDx=   0.000, dDy=   0.000, dDz=   0.000  (mm)
  Obj Stage rotY :    5.010 deg
============================================================

Unity geometry (world coordinates):
  Source   : x=   8.000, y=  50.000, z=   0.000
  Object   : x=  -0.000, y=  22.000, z= 565.088
  Detector : x=  -5.000, y=  10.000, z= 720.000
  Obj rotY :   0.0000 deg
view   0 | SOD= 565.835 mm | SDD= 721.227 mm | M= 1.275 | incident=3.3432°
[[  57.319546   -562.22754     -27.999622  ]
 [ -18.51107     153.88608      12.000378  ]
 [   0.14902839    0.01306513    0.        ]
 [   0.            0.            0.1496    ]]
Residual vector length: 45, Jacobian shape: (45, 6)
view   0 | SOD= 565.835 mm | SDD= 721.227 mm | M= 1.275 | incident=3.3432°
[[  57.31955    -562.22754     -27.999622  ]
 [ -18.511072    153.88608      12.000378  ]
 [   0.14902839    0.01306513    0.        ]
 [   0.            0.            0.1496    ]]

iter 44 cost=0.090720 -> 0.090720 |dtheta|=1.160004e-06  lambda=1.000e+06

============================================================
Iteration 45
============================================================
Theta offsets (Unity frame):
  Source   : dSx=   0.000, dSy=   0.000, dSz=   0.000  (mm)
  Object   : dOx=  -6.000, dOy=  -6.000, dOz= -11.912  (mm)
  Object offset: offset_x=   0.001, offset_z=  -0.002  (mm)
  Detector : dDx=   0.000, dDy=   0.000, dDz=   0.000  (mm)
  Obj Stage rotY :    5.010 deg
============================================================

Unity geometry (world coordinates):
  Source   : x=   8.000, y=  50.000, z=   0.000
  Object   : x=  -0.000, y=  22.000, z= 565.088
  Detector : x=  -5.000, y=  10.000, z= 720.000
  Obj rotY :   0.0000 deg
view   0 | SOD= 565.835 mm | SDD= 721.227 mm | M= 1.275 | incident=3.3432°
[[  57.319546   -562.22754     -27.999622  ]
 [ -18.51107     153.88608      12.000378  ]
 [   0.14902839    0.01306513    0.        ]
 [   0.            0.            0.1496    ]]
Residual vector length: 45, Jacobian shape: (45, 6)
view   0 | SOD= 565.835 mm | SDD= 721.227 mm | M= 1.275 | incident=3.3432°
[[  57.31955    -562.22754     -27.999622  ]
 [ -18.511072    153.88608      12.000378  ]
 [   0.14902839    0.01306513    0.        ]
 [   0.            0.            0.1496    ]]

iter 45 cost=0.090720 -> 0.090720 |dtheta|=1.160004e-06  lambda=1.000e+06

============================================================
Iteration 46
============================================================
Theta offsets (Unity frame):
  Source   : dSx=   0.000, dSy=   0.000, dSz=   0.000  (mm)
  Object   : dOx=  -6.000, dOy=  -6.000, dOz= -11.912  (mm)
  Object offset: offset_x=   0.001, offset_z=  -0.002  (mm)
  Detector : dDx=   0.000, dDy=   0.000, dDz=   0.000  (mm)
  Obj Stage rotY :    5.010 deg
============================================================

Unity geometry (world coordinates):
  Source   : x=   8.000, y=  50.000, z=   0.000
  Object   : x=  -0.000, y=  22.000, z= 565.088
  Detector : x=  -5.000, y=  10.000, z= 720.000
  Obj rotY :   0.0000 deg
view   0 | SOD= 565.835 mm | SDD= 721.227 mm | M= 1.275 | incident=3.3432°
[[  57.319546   -562.22754     -27.999622  ]
 [ -18.51107     153.88608      12.000378  ]
 [   0.14902839    0.01306513    0.        ]
 [   0.            0.            0.1496    ]]
Residual vector length: 45, Jacobian shape: (45, 6)
view   0 | SOD= 565.835 mm | SDD= 721.227 mm | M= 1.275 | incident=3.3432°
[[  57.31955    -562.22754     -27.999622  ]
 [ -18.511072    153.88608      12.000378  ]
 [   0.14902839    0.01306513    0.        ]
 [   0.            0.            0.1496    ]]

iter 46 cost=0.090720 -> 0.090720 |dtheta|=1.160004e-06  lambda=1.000e+06

============================================================
Iteration 47
============================================================
Theta offsets (Unity frame):
  Source   : dSx=   0.000, dSy=   0.000, dSz=   0.000  (mm)
  Object   : dOx=  -6.000, dOy=  -6.000, dOz= -11.912  (mm)
  Object offset: offset_x=   0.001, offset_z=  -0.002  (mm)
  Detector : dDx=   0.000, dDy=   0.000, dDz=   0.000  (mm)
  Obj Stage rotY :    5.010 deg
============================================================

Unity geometry (world coordinates):
  Source   : x=   8.000, y=  50.000, z=   0.000
  Object   : x=  -0.000, y=  22.000, z= 565.088
  Detector : x=  -5.000, y=  10.000, z= 720.000
  Obj rotY :   0.0000 deg
view   0 | SOD= 565.835 mm | SDD= 721.227 mm | M= 1.275 | incident=3.3432°
[[  57.319546   -562.22754     -27.999622  ]
 [ -18.51107     153.88608      12.000378  ]
 [   0.14902839    0.01306513    0.        ]
 [   0.            0.            0.1496    ]]
Residual vector length: 45, Jacobian shape: (45, 6)
view   0 | SOD= 565.835 mm | SDD= 721.227 mm | M= 1.275 | incident=3.3432°
[[  57.31955    -562.22754     -27.999622  ]
 [ -18.511072    153.88608      12.000378  ]
 [   0.14902839    0.01306513    0.        ]
 [   0.            0.            0.1496    ]]

iter 47 cost=0.090720 -> 0.090720 |dtheta|=1.160004e-06  lambda=1.000e+06

============================================================
Iteration 48
============================================================
Theta offsets (Unity frame):
  Source   : dSx=   0.000, dSy=   0.000, dSz=   0.000  (mm)
  Object   : dOx=  -6.000, dOy=  -6.000, dOz= -11.912  (mm)
  Object offset: offset_x=   0.001, offset_z=  -0.002  (mm)
  Detector : dDx=   0.000, dDy=   0.000, dDz=   0.000  (mm)
  Obj Stage rotY :    5.010 deg
============================================================

Unity geometry (world coordinates):
  Source   : x=   8.000, y=  50.000, z=   0.000
  Object   : x=  -0.000, y=  22.000, z= 565.088
  Detector : x=  -5.000, y=  10.000, z= 720.000
  Obj rotY :   0.0000 deg
view   0 | SOD= 565.835 mm | SDD= 721.227 mm | M= 1.275 | incident=3.3432°
[[  57.319546   -562.22754     -27.999622  ]
 [ -18.51107     153.88608      12.000378  ]
 [   0.14902839    0.01306513    0.        ]
 [   0.            0.            0.1496    ]]
Residual vector length: 45, Jacobian shape: (45, 6)
view   0 | SOD= 565.835 mm | SDD= 721.227 mm | M= 1.275 | incident=3.3432°
[[  57.31955    -562.22754     -27.999622  ]
 [ -18.511072    153.88608      12.000378  ]
 [   0.14902839    0.01306513    0.        ]
 [   0.            0.            0.1496    ]]

iter 48 cost=0.090720 -> 0.090720 |dtheta|=1.160004e-06  lambda=1.000e+06

============================================================
Iteration 49
============================================================
Theta offsets (Unity frame):
  Source   : dSx=   0.000, dSy=   0.000, dSz=   0.000  (mm)
  Object   : dOx=  -6.000, dOy=  -6.000, dOz= -11.912  (mm)
  Object offset: offset_x=   0.001, offset_z=  -0.002  (mm)
  Detector : dDx=   0.000, dDy=   0.000, dDz=   0.000  (mm)
  Obj Stage rotY :    5.010 deg
============================================================

Unity geometry (world coordinates):
  Source   : x=   8.000, y=  50.000, z=   0.000
  Object   : x=  -0.000, y=  22.000, z= 565.088
  Detector : x=  -5.000, y=  10.000, z= 720.000
  Obj rotY :   0.0000 deg
view   0 | SOD= 565.835 mm | SDD= 721.227 mm | M= 1.275 | incident=3.3432°
[[  57.319546   -562.22754     -27.999622  ]
 [ -18.51107     153.88608      12.000378  ]
 [   0.14902839    0.01306513    0.        ]
 [   0.            0.            0.1496    ]]
Residual vector length: 45, Jacobian shape: (45, 6)
view   0 | SOD= 565.835 mm | SDD= 721.227 mm | M= 1.275 | incident=3.3432°
[[  57.31955    -562.22754     -27.999622  ]
 [ -18.511072    153.88608      12.000378  ]
 [   0.14902839    0.01306513    0.        ]
 [   0.            0.            0.1496    ]]

iter 49 cost=0.090720 -> 0.090720 |dtheta|=1.160004e-06  lambda=1.000e+06
Stalled.

Estimated theta:
  dSx: +0.000000
  dSy: +0.000000
  dOx: -6.000036
  dOy: -5.999622
  dOz: -11.912306
  dDx: +0.000000
  dDy: +0.000000
  dDz: +0.000000
alpha: +5.010237e+00 deg)
offset_x: +0.000933
offset_z: -0.002425

Final cost table:
Fake theta: [  0.   0.  -6.  -6. -12.   0.   0.   0.   5.   0.   0.]
Final estimated theta: [  0.           0.          -6.00003566  -5.9996218  -11.91230619
   0.           0.           0.           5.01023715   0.00093291
  -0.00242456]
Diff from Expected: [ 0.          0.         -0.00003566  0.0003782   0.08769381  0.
  0.          0.          0.01023715  0.00093291 -0.00242456]
################################################################################

