Phantom already exists, skipping: cuboid_phantom_3_small.npy

################################################################################
Running cuboid=small scenario=G4 N_ANGLES=180, K=3
view   0 | SOD= 568.374 mm | SDD= 691.050 mm | M= 1.216 | incident=3.1588°
[[  24.733675   -567.4833      -20.        ]
 [   3.6013086   122.35616      15.        ]
 [   0.14939497    0.00782946    0.        ]
 [   0.            0.            0.1496    ]]
            image          x1          y1  area1          x2          y2  area2          x3          y3  area3
0    proj_000.png  472.589641  170.187251    753  364.600840  305.568627    714  472.692513  450.421123    748
1    proj_001.png  470.190476  170.248677    756  367.058156  305.541844    705  470.173052  450.595773    757
2    proj_002.png  467.720899  170.226190    756  369.490909  305.481119    715  467.738727  450.738727    754
3    proj_003.png  465.212682  170.294584    757  371.922535  305.449296    710  465.179657  450.856011    757
4    proj_004.png  462.626649  170.222955    758  374.449580  305.355742    714  462.597368  450.953947    760
5    proj_005.png  459.981530  170.286280    758  377.099859  305.372714    711  459.980132  451.034437    755
6    proj_006.png  457.230871  170.284960    758  379.673239  305.300000    710  457.253595  451.066667    765
7    proj_007.png  454.540576  170.247382    764  382.378340  305.279887    711  454.556863  451.169935    765
8    proj_008.png  451.763158  170.289474    760  385.180282  305.249296    710  451.748684  451.250000    760
9    proj_009.png  448.879106  170.311432    761  387.842917  305.199158    713  448.877792  451.346912    761
10   proj_010.png  446.019634  170.356021    764  390.609001  305.139241    711  446.024967  451.367937    761
11   proj_011.png  443.068063  170.337696    764  393.485836  305.154391    706  443.059055  451.417323    762
12   proj_012.png  440.087582  170.343791    765  396.378187  305.096317    706  440.097240  451.492773    761
13   proj_013.png  437.107895  170.381579    760  399.285511  305.085227    704  437.111842  451.544737    760
14   proj_014.png  434.110092  170.323722    763  402.152327  305.016925    709  434.112861  451.612861    762
15   proj_015.png  431.071895  170.305882    765  405.097458  305.000000    708  431.062827  451.671466    764
16   proj_016.png  428.036745  170.380577    762  407.982906  304.987179    702  428.052493  451.702100    762
17   proj_017.png  425.000000  170.378449    761  410.915714  304.968571    700  425.035433  451.707349    762
18   proj_018.png  421.964520  170.340342    761  413.842330  304.936080    704  421.980315  451.704724    762
19   proj_019.png  418.904074  170.308804    761  416.822191  304.943101    703  418.930537  451.732634    763
20   proj_020.png  415.867628  170.326343    763  419.716927  304.907539    703  415.879265  451.725722    762
21   proj_021.png  412.836173  170.300131    763  422.676596  304.937589    705  412.826999  451.722149    763
22   proj_022.png  409.796321  170.299606    761  425.607092  304.980142    705  409.808147  451.685940    761
23   proj_023.png  406.753281  170.303150    762  428.551627  305.018388    707  406.720472  451.720472    762
24   proj_024.png  403.735874  170.293035    761  431.531161  305.024079    706  403.720685  451.670619    759
25   proj_025.png  400.753623  170.313570    759  434.488636  305.039773    704  400.736148  451.630607    758
26   proj_026.png  397.678524  170.292490    759  437.390071  305.096454    705  397.703022  451.599212    761
27   proj_027.png  394.686430  170.287220    759  440.250354  305.084866    707  394.686763  451.532110    763
28   proj_028.png  391.759577  170.314399    757  443.093352  305.093352    707  391.778947  451.371053    760
29   proj_029.png  388.806029  170.294889    763  445.838256  305.160338    711  388.861799  451.308996    767
30   proj_030.png  385.916121  170.325033    763  448.652602  305.255977    711  385.922876  451.282353    765
31   proj_031.png  383.087582  170.343791    765  451.427374  305.286313    716  383.092932  451.240838    764
32   proj_032.png  380.217848  170.255906    762  454.205634  305.301408    710  380.267717  451.124672    762
33   proj_033.png  377.585621  170.207843    765  456.721910  305.359551    712  377.560367  451.035433    762
34   proj_034.png  374.910408  170.276680    759  459.448808  305.366059    713  374.904074  450.982917    761
35   proj_035.png  372.193122  170.288360    756  461.986014  305.434965    715  372.206307  450.868594    761
36   proj_036.png  369.721268  170.248349    757  464.556962  305.436006    711  369.722955  450.779683    758
37   proj_037.png  367.184941  170.269485    757  466.991608  305.534266    715  367.160738  450.661397    759
38   proj_038.png  364.758940  170.264901    755  469.372191  305.587079    712  364.788564  450.509309    752
39   proj_039.png  362.336424  170.211921    755  471.713483  305.633427    712  362.276821  450.339073    755
40   proj_040.png  360.063408  170.220608    757  474.032213  305.696078    714  360.068421  450.201316    760
41   proj_041.png  357.809840  170.190160    752  476.320728  305.707283    714  357.859211  450.082895    760
42   proj_042.png  355.672414  170.188329    754  478.448808  305.762973    713  355.642762  449.976096    753
43   proj_043.png  353.552737  170.158879    749  480.520394  305.876231    711  353.556591  449.869507    751
44   proj_044.png  351.552737  170.158879    749  482.500000  306.000000    714  351.608579  449.705094    746
45   proj_045.png  349.665333  170.152000    750  484.454672  306.189679    717  349.722892  449.499331    747
46   proj_046.png  347.837333  170.162667    750  486.348252  306.257343    715  347.851064  449.372340    752
47   proj_047.png  346.154667  170.106667    750  488.073919  306.281729    717  346.140374  449.144385    748
48   proj_048.png  344.550201  170.105756    747  489.711888  306.341259    715  344.512032  449.018717    748
49   proj_049.png  342.963563  170.102564    741  491.320280  306.418182    715  342.943396  448.861186    742
50   proj_050.png  341.529570  170.162634    744  492.790503  306.504190    716  341.517568  448.648649    740
51   proj_051.png  340.118598  170.076819    742  494.272727  306.588811    715  340.107817  448.522911    742
52   proj_052.png  338.906883  170.089069    741  495.577622  306.682517    715  338.898785  448.322537    741
53   proj_053.png  337.738836  170.031123    739  496.821975  306.776078    719  337.731081  448.145946    740
54   proj_054.png  336.605691  170.028455    738  497.959889  306.893499    723  336.595687  447.989218    742
55   proj_055.png  335.654987  170.012129    742  499.064472  307.030178    729  335.623816  447.707713    739
56   proj_056.png  334.848238  170.018970    738  500.033149  307.154696    724  334.752717  447.542120    736
57   proj_057.png  334.008108  170.018919    740  500.933702  307.232044    724  334.025710  447.387009    739
58   proj_058.png  333.294993  170.000000    739  501.621359  307.367545    721  333.316508  447.272851    733
59   proj_059.png  332.811653  169.948509    738  502.378976  307.420470    723  332.805142  446.964817    739
60   proj_060.png  332.348361  169.974044    732  502.886584  307.539419    723  332.370068  446.726531    735
61   proj_061.png  331.979339  169.876033    726  503.412414  307.560000    725  331.941257  446.587432    732
62   proj_062.png  331.721763  169.932507    726  503.679115  307.632089    723  331.630194  446.462604    722
63   proj_063.png  331.581267  169.892562    726  503.922971  307.845942    727  331.539419  446.232365    723
64   proj_064.png  331.530641  169.845404    718  504.070637  307.941828    722  331.514604  446.015299    719
65   proj_065.png  331.588072  169.882108    721  504.130495  308.049451    728  331.574409  445.780250    719
66   proj_066.png  331.737796  169.799163    717  504.100829  308.226519    724  331.757660  445.628134    718
67   proj_067.png  332.082287  169.804742    717  503.830345  308.268966    725  332.140669  445.447075    718
68   proj_068.png  332.500000  169.807263    716  503.602759  308.423448    725  332.479109  445.299443    718
69   proj_069.png  332.979079  169.820084    717  503.309392  308.500000    724  332.970793  445.016690    719
70   proj_070.png  333.538997  169.759053    718  502.677732  308.521438    723  333.540503  444.768156    716
71   proj_071.png  334.317483  169.682517    715  502.245179  308.680441    726  334.330556  444.594444    720
72   proj_072.png  335.081346  169.716690    713  501.473901  308.699176    728  335.108298  444.465541    711
73   proj_073.png  335.911111  169.713889    720  500.677112  308.843324    734  335.932039  444.288488    721
74   proj_074.png  336.912500  169.713889    720  499.781081  308.960811    740  336.919444  444.104167    720
75   proj_075.png  338.020921  169.714086    717  498.819293  309.105978    736  338.018131  443.934449    717
76   proj_076.png  339.296919  169.677871    714  497.736130  309.231394    739  339.282913  443.704482    714
77   proj_077.png  340.500000  169.705882    714  496.434783  309.256793    736  340.500000  443.500000    716
78   proj_078.png  341.801953  169.649930    717  495.152497  309.375169    741  341.784916  443.396648    716
79   proj_079.png  343.315568  169.653576    713  493.807278  309.501348    742  343.358939  443.284916    716
80   proj_080.png  344.803647  169.636746    713  492.185984  309.517520    742  344.800558  443.111576    717
81   proj_081.png  346.500000  169.687151    716  490.726783  309.658143    743  346.490141  442.847887    710
82   proj_082.png  348.269285  169.621318    713  488.969210  309.792503    747  348.286713  442.681119    715
83   proj_083.png  350.056259  169.586498    711  487.220134  309.855034    745  350.021157  442.559944    709
84   proj_084.png  351.872011  169.579466    711  485.350598  309.961487    753  351.922535  442.490141    710
85   proj_085.png  353.781206  169.553997    713  483.396552  310.018568    754  353.769663  442.353933    712
86   proj_086.png  355.749300  169.535014    714  481.448871  310.061089    753  355.785216  442.218968    717
87   proj_087.png  357.849719  169.582865    712  479.385126  310.126162    753  357.914804  442.020950    716
88   proj_088.png  360.190141  169.571831    710  477.156499  310.201592    754  360.134642  441.865358    713
89   proj_089.png  362.385694  169.541374    713  474.944149  310.300532    752  362.359551  441.721910    712
90   proj_090.png  364.613668  169.542538    717  472.630174  310.299065    749  364.615063  441.612273    717
91   proj_091.png  367.018388  169.551627    707  470.162698  310.421958    756  367.060649  441.509168    709
92   proj_092.png  369.470670  169.525140    716  467.803714  310.523873    754  369.462937  441.450350    715
93   proj_093.png  371.915374  169.520451    709  465.165125  310.598415    757  371.869748  441.368347    714
94   proj_094.png  374.450210  169.518934    713  462.688243  310.705416    757  374.445851  441.233474    711
95   proj_095.png  377.132022  169.512640    712  459.982895  310.693421    760  377.074230  441.165266    714
96   proj_096.png  379.632022  169.500000    712  457.226316  310.753947    760  379.651685  441.123596    712
97   proj_097.png  382.367978  169.500000    712  454.520315  310.820446    763  382.422535  440.902817    710
98   proj_098.png  385.171589  169.479606    711  451.766319  310.853786    766  385.117647  440.845938    714
99   proj_099.png  387.758427  169.500000    712  448.882507  310.860313    766  387.747887  440.767606    710
100  proj_100.png  390.642857  169.474790    714  445.965879  310.885827    762  390.648383  440.693390    711
101  proj_101.png  393.462185  169.483193    714  443.120419  310.922775    764  393.495822  440.637883    718
102  proj_102.png  396.309958  169.451613    713  440.167539  310.945026    764  396.359833  440.626220    717
103  proj_103.png  399.242254  169.443662    710  437.162516  310.971166    763  399.263380  440.577465    710
104  proj_104.png  402.180791  169.463277    708  434.133333  310.971242    765  402.180791  440.536723    708
105  proj_105.png  405.062589  169.492176    703  431.146597  310.986911    764  405.107649  440.521246    706
106  proj_106.png  407.955903  169.460882    703  428.084856  311.018277    766  407.974504  440.528329    706
107  proj_107.png  410.933048  169.468661    702  425.019685  311.005249    762  410.948718  440.488604    702
108  proj_108.png  413.852691  169.471671    706  421.917323  311.043307    762  413.854520  440.481638    708
109  proj_109.png  416.838983  169.459040    708  418.887139  311.015748    762  416.819718  440.463380    710
110  proj_110.png  419.781073  169.420904    708  415.873850  311.000000    761  419.783708  440.474719    712
111  proj_111.png  422.739069  169.438646    709  412.820210  311.028871    762  422.722300  440.460028    713
112  proj_112.png  425.643662  169.422535    710  409.769029  311.038058    762  425.643258  440.536517    712
113  proj_113.png  428.557746  169.485915    710  406.623037  311.010471    764  428.573840  440.544304    711
114  proj_114.png  431.528169  169.471831    710  403.595550  311.001309    764  431.537167  440.546985    713
115  proj_115.png  434.400000  169.463380    710  400.601573  311.000000    763  434.419944  440.594101    712
116  proj_116.png  437.328191  169.486676    713  397.600262  310.994758    763  437.380084  440.603086    713
117  proj_117.png  440.251052  169.496494    713  394.631717  310.975098    763  440.255259  440.638149    713
118  proj_118.png  443.148725  169.468839    706  391.703655  310.925587    766  443.126404  440.675562    712
119  proj_119.png  445.805360  169.479549    709  388.809961  310.854522    763  445.876578  440.741935    713
120  proj_120.png  448.709497  169.500000    716  385.889764  310.821522    762  448.588732  440.811268    710
121  proj_121.png  451.404463  169.493724    717  383.118954  310.776471    765  451.388967  440.927864    707
122  proj_122.png  454.241573  169.500000    712  380.246073  310.794503    764  454.176966  441.019663    712
123  proj_123.png  456.746835  169.517581    711  377.581913  310.764089    763  456.724476  441.173427    715
124  proj_124.png  459.396359  169.528011    714  374.887863  310.646438    758  459.444600  441.245442    713
125  proj_125.png  462.000000  169.540503    716  372.175694  310.624835    757  461.966292  441.323034    712
126  proj_126.png  464.517581  169.549930    711  369.785904  310.539894    752  464.520451  441.456982    709
127  proj_127.png  467.000000  169.561281    718  367.153439  310.408730    756  466.959834  441.488920    722
128  proj_128.png  469.394663  169.530899    712  364.790728  310.335099    755  469.358543  441.600840    714
129  proj_129.png  471.719888  169.567227    714  362.332891  310.232095    754  471.685835  441.690042    713
130  proj_130.png  474.080282  169.559155    710  360.057971  310.218709    759  474.025175  441.857343    715
131  proj_131.png  476.277311  169.537815    714  357.819868  310.150993    755  476.324022  442.000000    716
132  proj_132.png  478.442737  169.557263    716  355.648541  310.068966    754  478.437762  442.197203    715
133  proj_133.png  480.500000  169.614525    716  353.545939  310.030626    751  480.500000  442.345404    718
134  proj_134.png  482.500000  169.614525    716  351.565333  309.962667    750  482.518881  442.418182    715
135  proj_135.png  484.474930  169.625348    718  349.664000  309.888000    750  484.446453  442.543811    719
136  proj_136.png  486.356050  169.586926    719  347.842457  309.781041    749  486.357939  442.642061    718
137  proj_137.png  488.119215  169.608696    713  346.154461  309.679095    751  488.065369  442.894298    719
138  proj_138.png  489.698324  169.642458    716  344.539295  309.581301    738  489.683773  443.056865    721
139  proj_139.png  491.293128  169.653576    713  343.000000  309.500000    742  491.339860  443.265734    715
140  proj_140.png  492.766760  169.641061    716  341.489101  309.470027    734  492.779637  443.417015    717
141  proj_141.png  494.257343  169.651748    715  340.088829  309.277254    743  494.294282  443.555091    717
142  proj_142.png  495.572626  169.713687    716  338.885906  309.181208    745  495.579387  443.639276    718
143  proj_143.png  496.836111  169.679167    720  337.716599  309.091768    741  496.857143  443.855756    721
144  proj_144.png  498.002755  169.691460    726  336.574324  309.021622    740  498.042759  444.064828    725
145  proj_145.png  499.106354  169.726519    724  335.669811  308.956873    742  499.111878  444.276243    724
146  proj_146.png  500.004132  169.749311    726  334.835374  308.790476    735  500.049655  444.428966    725
147  proj_147.png  500.933702  169.767956    724  334.005435  308.705163    736  500.903448  444.612414    725
148  proj_148.png  501.623611  169.680556    720  333.373461  308.533516    731  501.634349  444.710526    722
149  proj_149.png  502.363004  169.696801    719  332.701778  308.526676    731  502.338419  445.011096    721
150  proj_150.png  502.893793  169.787586    725  332.431129  308.431129    726  502.924347  445.237964    727
151  proj_151.png  503.389430  169.805285    719  331.964286  308.269231    728  503.378976  445.420470    723
152  proj_152.png  503.667127  169.860497    724  331.686897  308.224828    725  503.652835  445.600277    723
153  proj_153.png  503.937845  169.915746    724  331.561983  308.096419    726  503.932692  445.759615    728
154  proj_154.png  504.092798  169.879501    722  331.518056  307.963889    720  504.069061  445.976519    724
155  proj_155.png  504.149520  169.942387    729  331.572614  307.843707    723  504.115543  446.162311    727
156  proj_156.png  504.135802  169.939643    729  331.773925  307.718447    721  504.120166  446.343923    724
157  proj_157.png  503.827160  169.950617    729  332.131285  307.636872    716  503.822715  446.547091    722
158  proj_158.png  503.617607  169.983494    727  332.468056  307.568056    720  503.546463  446.748960    721
159  proj_159.png  503.235294  170.000000    731  332.894663  307.469101    712  503.242134  446.958960    731
160  proj_160.png  502.743836  170.000000    730  333.534819  307.341226    718  502.728276  447.147586    725
161  proj_161.png  502.248626  170.038462    728  334.296919  307.322129    714  502.249655  447.357241    725
162  proj_162.png  501.449655  170.016552    725  335.066011  307.151685    712  501.454047  447.519890    729
163  proj_163.png  500.633152  170.062500    736  335.924686  307.000000    717  500.654843  447.675307    733
164  proj_164.png  499.795115  170.063772    737  336.944212  306.924686    717  499.799186  447.864315    737
165  proj_165.png  498.821769  170.126531    735  338.027701  306.801939    722  498.797297  448.062162    740
166  proj_166.png  497.713324  170.107672    743  339.308659  306.733240    716  497.666667  448.334688    738
167  proj_167.png  496.436486  170.047297    740  340.493706  306.657343    715  496.461749  448.495902    732
168  proj_168.png  495.110363  170.096904    743  341.825419  306.530726    716  495.086022  448.584677    744
169  proj_169.png  493.826613  170.115591    744  343.345455  306.457343    715  493.810992  448.800268    746
170  proj_170.png  492.124665  170.163539    746  344.769231  306.360839    715  492.221477  449.059060    745
171  proj_171.png  490.721180  170.143432    746  346.518934  306.270687    713  490.675134  449.110963    748
172  proj_172.png  488.923387  170.133065    744  348.311360  306.269285    713  488.977242  449.253012    747
173  proj_173.png  487.194110  170.179384    747  350.050209  306.157601    717  487.157543  449.447263    749
174  proj_174.png  485.318182  170.200535    748  351.929972  306.039216    714  485.340027  449.686747    747
175  proj_175.png  483.415220  170.142857    749  353.810127  305.914205    711  483.420772  449.820240    751
176  proj_176.png  481.412783  170.195739    751  355.817927  305.830532    714  481.438247  449.964143    753
177  proj_177.png  479.354111  170.205570    754  357.891061  305.787709    716  479.382781  450.054305    755
178  proj_178.png  477.156499  170.201592    754  360.201408  305.673239    710  477.156499  450.201592    754
179  proj_179.png  474.958777  170.235372    752  362.351124  305.648876    712  474.932091  450.358189    751

============================================================
Iteration 0
============================================================
Theta offsets (Unity frame):
  Source   : dSx=   0.000, dSy=   0.000, dSz=   0.000  (mm)
  Object   : dOx=   0.000, dOy=   0.000, dOz=   0.000  (mm)
  Object offset: offset_x=   0.000, offset_z=   0.000  (mm)
  Detector : dDx=   0.000, dDy=   0.000, dDz=   0.000  (mm)
  Obj Stage rotY :    0.000 deg
============================================================

Unity geometry (world coordinates):
  Source   : x=  -5.000, y=  38.000, z=   0.000
  Object   : x=   7.000, y=  20.000, z= 576.000
  Detector : x=  10.000, y=   3.000, z= 690.000
  Obj rotY :   0.0000 deg
view   0 | SOD= 576.406 mm | SDD= 691.050 mm | M= 1.199 | incident=3.1588°
[[ -12.     -576.      -18.    ]
 [   3.      114.       17.    ]
 [   0.1496    0.        0.    ]
 [   0.        0.        0.1496]]
Residual vector length: 1620, Jacobian shape: (1620, 6)
view   0 | SOD= 578.463 mm | SDD= 691.050 mm | M= 1.195 | incident=3.1588°
[[  -4.023322   -578.1088      -19.830978  ]
 [   7.909901    111.95106      15.169022  ]
 [   0.14959852    0.00066488    0.        ]
 [   0.            0.            0.1496    ]]

iter 00 cost=931710.824932 -> 70501.715920 |dtheta|=5.796022e+00  lambda=1.000e+00

============================================================
Iteration 1
============================================================
Theta offsets (Unity frame):
  Source   : dSx=   0.000, dSy=   0.000, dSz=   0.000  (mm)
  Object   : dOx=  -5.100, dOy=  -1.831, dOz=   2.016  (mm)
  Object offset: offset_x=  -0.307, offset_z=   0.069  (mm)
  Detector : dDx=   0.000, dDy=   0.000, dDz=   0.000  (mm)
  Obj Stage rotY :    0.255 deg
============================================================

Unity geometry (world coordinates):
  Source   : x=  -5.000, y=  38.000, z=   0.000
  Object   : x=   1.900, y=  18.169, z= 578.016
  Detector : x=  10.000, y=   3.000, z= 690.000
  Obj rotY :   0.0000 deg
view   0 | SOD= 578.463 mm | SDD= 691.050 mm | M= 1.195 | incident=3.1588°
[[  -4.023322   -578.1088      -19.830978  ]
 [   7.909901    111.95106      15.169022  ]
 [   0.14959852    0.00066488    0.        ]
 [   0.            0.            0.1496    ]]
Residual vector length: 1620, Jacobian shape: (1620, 6)
view   0 | SOD= 576.550 mm | SDD= 691.050 mm | M= 1.199 | incident=3.1588°
[[   8.595998   -576.1377      -20.037333  ]
 [   6.906562    114.023285     14.962667  ]
 [   0.14955625    0.00361751    0.        ]
 [   0.            0.            0.1496    ]]

iter 01 cost=70501.715920 -> 8215.586512 |dtheta|=2.639757e+00  lambda=3.333e-01

============================================================
Iteration 2
============================================================
Theta offsets (Unity frame):
  Source   : dSx=   0.000, dSy=   0.000, dSz=   0.000  (mm)
  Object   : dOx=  -6.560, dOy=  -2.037, dOz=   0.153  (mm)
  Object offset: offset_x=  -0.102, offset_z=   0.024  (mm)
  Detector : dDx=   0.000, dDy=   0.000, dDz=   0.000  (mm)
  Obj Stage rotY :    1.386 deg
============================================================

Unity geometry (world coordinates):
  Source   : x=  -5.000, y=  38.000, z=   0.000
  Object   : x=   0.440, y=  17.963, z= 576.153
  Detector : x=  10.000, y=   3.000, z= 690.000
  Obj rotY :   0.0000 deg
view   0 | SOD= 576.550 mm | SDD= 691.050 mm | M= 1.199 | incident=3.1588°
[[   8.595998   -576.1377      -20.037333  ]
 [   6.906562    114.023285     14.962667  ]
 [   0.14955625    0.00361751    0.        ]
 [   0.            0.            0.1496    ]]
Residual vector length: 1620, Jacobian shape: (1620, 6)
view   0 | SOD= 575.343 mm | SDD= 691.050 mm | M= 1.201 | incident=3.1588°
[[  14.776958   -574.79736     -20.216593  ]
 [   5.944177    115.30914      14.783407  ]
 [   0.1495108     0.00516528    0.        ]
 [   0.            0.            0.1496    ]]

iter 02 cost=8215.586512 -> 3173.804811 |dtheta|=1.420775e+00  lambda=1.111e-01

============================================================
Iteration 3
============================================================
Theta offsets (Unity frame):
  Source   : dSx=   0.000, dSy=   0.000, dSz=   0.000  (mm)
  Object   : dOx=  -6.857, dOy=  -2.217, dOz=  -1.090  (mm)
  Object offset: offset_x=  -0.065, offset_z=   0.055  (mm)
  Detector : dDx=   0.000, dDy=   0.000, dDz=   0.000  (mm)
  Obj Stage rotY :    1.979 deg
============================================================

Unity geometry (world coordinates):
  Source   : x=  -5.000, y=  38.000, z=   0.000
  Object   : x=   0.143, y=  17.783, z= 574.910
  Detector : x=  10.000, y=   3.000, z= 690.000
  Obj rotY :   0.0000 deg
view   0 | SOD= 575.343 mm | SDD= 691.050 mm | M= 1.201 | incident=3.1588°
[[  14.776958   -574.79736     -20.216593  ]
 [   5.944177    115.30914      14.783407  ]
 [   0.1495108     0.00516528    0.        ]
 [   0.            0.            0.1496    ]]
Residual vector length: 1620, Jacobian shape: (1620, 6)
view   0 | SOD= 573.977 mm | SDD= 691.050 mm | M= 1.204 | incident=3.1588°
[[  19.650307   -573.2853      -20.180126  ]
 [   4.94529     116.721054     14.819874  ]
 [   0.14946143    0.00643738    0.        ]
 [   0.            0.            0.1496    ]]

iter 03 cost=3173.804811 -> 1774.869987 |dtheta|=1.430249e+00  lambda=3.704e-02

============================================================
Iteration 4
============================================================
Theta offsets (Unity frame):
  Source   : dSx=   0.000, dSy=   0.000, dSz=   0.000  (mm)
  Object   : dOx=  -6.937, dOy=  -2.180, dOz=  -2.431  (mm)
  Object offset: offset_x=  -0.026, offset_z=   0.031  (mm)
  Detector : dDx=   0.000, dDy=   0.000, dDz=   0.000  (mm)
  Obj Stage rotY :    2.466 deg
============================================================

Unity geometry (world coordinates):
  Source   : x=  -5.000, y=  38.000, z=   0.000
  Object   : x=   0.063, y=  17.820, z= 573.569
  Detector : x=  10.000, y=   3.000, z= 690.000
  Obj rotY :   0.0000 deg
view   0 | SOD= 573.977 mm | SDD= 691.050 mm | M= 1.204 | incident=3.1588°
[[  19.650307   -573.2853      -20.180126  ]
 [   4.94529     116.721054     14.819874  ]
 [   0.14946143    0.00643738    0.        ]
 [   0.            0.            0.1496    ]]
Residual vector length: 1620, Jacobian shape: (1620, 6)
view   0 | SOD= 573.122 mm | SDD= 691.050 mm | M= 1.206 | incident=3.1588°
[[  22.062904   -572.34174     -20.17094   ]
 [   4.3941116   117.59511      14.82906   ]
 [   0.1494324     0.00707933    0.        ]
 [   0.            0.            0.1496    ]]

iter 04 cost=1774.869987 -> 1224.525943 |dtheta|=8.839394e-01  lambda=1.235e-02

============================================================
Iteration 5
============================================================
Theta offsets (Unity frame):
  Source   : dSx=   0.000, dSy=   0.000, dSz=   0.000  (mm)
  Object   : dOx=  -6.960, dOy=  -2.171, dOz=  -3.279  (mm)
  Object offset: offset_x=   0.006, offset_z=   0.023  (mm)
  Detector : dDx=   0.000, dDy=   0.000, dDz=   0.000  (mm)
  Obj Stage rotY :    2.712 deg
============================================================

Unity geometry (world coordinates):
  Source   : x=  -5.000, y=  38.000, z=   0.000
  Object   : x=   0.040, y=  17.829, z= 572.721
  Detector : x=  10.000, y=   3.000, z= 690.000
  Obj rotY :   0.0000 deg
view   0 | SOD= 573.122 mm | SDD= 691.050 mm | M= 1.206 | incident=3.1588°
[[  22.062904   -572.34174     -20.17094   ]
 [   4.3941116   117.59511      14.82906   ]
 [   0.1494324     0.00707933    0.        ]
 [   0.            0.            0.1496    ]]
Residual vector length: 1620, Jacobian shape: (1620, 6)
view   0 | SOD= 572.268 mm | SDD= 691.050 mm | M= 1.208 | incident=3.1588°
[[  23.531755   -571.42834     -20.149828  ]
 [   4.040239    118.459404     14.850172  ]
 [   0.14941318    0.0074741     0.        ]
 [   0.            0.            0.1496    ]]

iter 05 cost=1224.525943 -> 823.821326 |dtheta|=8.702685e-01  lambda=4.115e-03

============================================================
Iteration 6
============================================================
Theta offsets (Unity frame):
  Source   : dSx=   0.000, dSy=   0.000, dSz=   0.000  (mm)
  Object   : dOx=  -6.962, dOy=  -2.150, dOz=  -4.136  (mm)
  Object offset: offset_x=   0.008, offset_z=   0.026  (mm)
  Detector : dDx=   0.000, dDy=   0.000, dDz=   0.000  (mm)
  Obj Stage rotY :    2.864 deg
============================================================

Unity geometry (world coordinates):
  Source   : x=  -5.000, y=  38.000, z=   0.000
  Object   : x=   0.038, y=  17.850, z= 571.865
  Detector : x=  10.000, y=   3.000, z= 690.000
  Obj rotY :   0.0000 deg
view   0 | SOD= 572.268 mm | SDD= 691.050 mm | M= 1.208 | incident=3.1588°
[[  23.531755   -571.42834     -20.149828  ]
 [   4.040239    118.459404     14.850172  ]
 [   0.14941318    0.0074741     0.        ]
 [   0.            0.            0.1496    ]]
Residual vector length: 1620, Jacobian shape: (1620, 6)
view   0 | SOD= 571.532 mm | SDD= 691.050 mm | M= 1.209 | incident=3.1588°
[[  23.739208   -570.684       -20.115463  ]
 [   3.9522023   119.19528      14.884537  ]
 [   0.14940996    0.00753809    0.        ]
 [   0.            0.            0.1496    ]]

iter 06 cost=823.821326 -> 554.635171 |dtheta|=7.254320e-01  lambda=1.372e-03

============================================================
Iteration 7
============================================================
Theta offsets (Unity frame):
  Source   : dSx=   0.000, dSy=   0.000, dSz=   0.000  (mm)
  Object   : dOx=  -6.966, dOy=  -2.115, dOz=  -4.860  (mm)
  Object offset: offset_x=   0.012, offset_z=   0.015  (mm)
  Detector : dDx=   0.000, dDy=   0.000, dDz=   0.000  (mm)
  Obj Stage rotY :    2.888 deg
============================================================

Unity geometry (world coordinates):
  Source   : x=  -5.000, y=  38.000, z=   0.000
  Object   : x=   0.034, y=  17.885, z= 571.140
  Detector : x=  10.000, y=   3.000, z= 690.000
  Obj rotY :   0.0000 deg
view   0 | SOD= 571.532 mm | SDD= 691.050 mm | M= 1.209 | incident=3.1588°
[[  23.739208   -570.684       -20.115463  ]
 [   3.9522023   119.19528      14.884537  ]
 [   0.14940996    0.00753809    0.        ]
 [   0.            0.            0.1496    ]]
Residual vector length: 1620, Jacobian shape: (1620, 6)
view   0 | SOD= 570.931 mm | SDD= 691.050 mm | M= 1.210 | incident=3.1588°
[[  24.10862    -570.06744     -20.09786   ]
 [   3.847866    119.798134     14.90214   ]
 [   0.14940475    0.0076407     0.        ]
 [   0.            0.            0.1496    ]]

iter 07 cost=554.635171 -> 368.670022 |dtheta|=5.934059e-01  lambda=4.572e-04

============================================================
Iteration 8
============================================================
Theta offsets (Unity frame):
  Source   : dSx=   0.000, dSy=   0.000, dSz=   0.000  (mm)
  Object   : dOx=  -6.973, dOy=  -2.098, dOz=  -5.451  (mm)
  Object offset: offset_x=   0.012, offset_z=   0.006  (mm)
  Detector : dDx=   0.000, dDy=   0.000, dDz=   0.000  (mm)
  Obj Stage rotY :    2.928 deg
============================================================

Unity geometry (world coordinates):
  Source   : x=  -5.000, y=  38.000, z=   0.000
  Object   : x=   0.027, y=  17.902, z= 570.549
  Detector : x=  10.000, y=   3.000, z= 690.000
  Obj rotY :   0.0000 deg
view   0 | SOD= 570.931 mm | SDD= 691.050 mm | M= 1.210 | incident=3.1588°
[[  24.10862    -570.06744     -20.09786   ]
 [   3.847866    119.798134     14.90214   ]
 [   0.14940475    0.0076407     0.        ]
 [   0.            0.            0.1496    ]]
Residual vector length: 1620, Jacobian shape: (1620, 6)
view   0 | SOD= 570.452 mm | SDD= 691.050 mm | M= 1.211 | incident=3.1588°
[[  24.236568   -569.58344     -20.063082  ]
 [   3.8069289   120.27713      14.936918  ]
 [   0.14940287    0.00767727    0.        ]
 [   0.            0.            0.1496    ]]

iter 08 cost=368.670022 -> 237.619084 |dtheta|=4.857171e-01  lambda=1.524e-04

============================================================
Iteration 9
============================================================
Theta offsets (Unity frame):
  Source   : dSx=   0.000, dSy=   0.000, dSz=   0.000  (mm)
  Object   : dOx=  -6.982, dOy=  -2.063, dOz=  -5.935  (mm)
  Object offset: offset_x=   0.008, offset_z=   0.012  (mm)
  Detector : dDx=   0.000, dDy=   0.000, dDz=   0.000  (mm)
  Obj Stage rotY :    2.942 deg
============================================================

Unity geometry (world coordinates):
  Source   : x=  -5.000, y=  38.000, z=   0.000
  Object   : x=   0.018, y=  17.937, z= 570.065
  Detector : x=  10.000, y=   3.000, z= 690.000
  Obj rotY :   0.0000 deg
view   0 | SOD= 570.452 mm | SDD= 691.050 mm | M= 1.211 | incident=3.1588°
[[  24.236568   -569.58344     -20.063082  ]
 [   3.8069289   120.27713      14.936918  ]
 [   0.14940287    0.00767727    0.        ]
 [   0.            0.            0.1496    ]]
Residual vector length: 1620, Jacobian shape: (1620, 6)
view   0 | SOD= 570.050 mm | SDD= 691.050 mm | M= 1.212 | incident=3.1588°
[[  24.435877   -569.1728      -20.04761   ]
 [   3.7405236   120.67988      14.952391  ]
 [   0.1493999     0.00773482    0.        ]
 [   0.            0.            0.1496    ]]

iter 09 cost=237.619084 -> 158.383104 |dtheta|=3.998920e-01  lambda=5.081e-05

============================================================
Iteration 10
============================================================
Theta offsets (Unity frame):
  Source   : dSx=   0.000, dSy=   0.000, dSz=   0.000  (mm)
  Object   : dOx=  -6.985, dOy=  -2.048, dOz=  -6.334  (mm)
  Object offset: offset_x=   0.010, offset_z=   0.009  (mm)
  Detector : dDx=   0.000, dDy=   0.000, dDz=   0.000  (mm)
  Obj Stage rotY :    2.964 deg
============================================================

Unity geometry (world coordinates):
  Source   : x=  -5.000, y=  38.000, z=   0.000
  Object   : x=   0.015, y=  17.952, z= 569.666
  Detector : x=  10.000, y=   3.000, z= 690.000
  Obj rotY :   0.0000 deg
view   0 | SOD= 570.050 mm | SDD= 691.050 mm | M= 1.212 | incident=3.1588°
[[  24.435877   -569.1728      -20.04761   ]
 [   3.7405236   120.67988      14.952391  ]
 [   0.1493999     0.00773482    0.        ]
 [   0.            0.            0.1496    ]]
Residual vector length: 1620, Jacobian shape: (1620, 6)
view   0 | SOD= 569.730 mm | SDD= 691.050 mm | M= 1.213 | incident=3.1588°
[[  24.56536    -568.8468      -20.04741   ]
 [   3.7010055   121.00078      14.952591  ]
 [   0.14939801    0.00777142    0.        ]
 [   0.            0.            0.1496    ]]

iter 10 cost=158.383104 -> 103.047076 |dtheta|=3.193179e-01  lambda=1.694e-05

============================================================
Iteration 11
============================================================
Theta offsets (Unity frame):
  Source   : dSx=   0.000, dSy=   0.000, dSz=   0.000  (mm)
  Object   : dOx=  -6.986, dOy=  -2.047, dOz=  -6.653  (mm)
  Object offset: offset_x=   0.004, offset_z=   0.008  (mm)
  Detector : dDx=   0.000, dDy=   0.000, dDz=   0.000  (mm)
  Obj Stage rotY :    2.978 deg
============================================================

Unity geometry (world coordinates):
  Source   : x=  -5.000, y=  38.000, z=   0.000
  Object   : x=   0.014, y=  17.953, z= 569.347
  Detector : x=  10.000, y=   3.000, z= 690.000
  Obj rotY :   0.0000 deg
view   0 | SOD= 569.730 mm | SDD= 691.050 mm | M= 1.213 | incident=3.1588°
[[  24.56536    -568.8468      -20.04741   ]
 [   3.7010055   121.00078      14.952591  ]
 [   0.14939801    0.00777142    0.        ]
 [   0.            0.            0.1496    ]]
Residual vector length: 1620, Jacobian shape: (1620, 6)
view   0 | SOD= 569.502 mm | SDD= 691.050 mm | M= 1.213 | incident=3.1588°
[[  24.853714   -568.606       -20.043825  ]
 [   3.6289568   121.230576     14.956175  ]
 [   0.14939393    0.00784947    0.        ]
 [   0.            0.            0.1496    ]]

iter 11 cost=103.047076 -> 73.268805 |dtheta|=2.247826e-01  lambda=5.645e-06

============================================================
Iteration 12
============================================================
Theta offsets (Unity frame):
  Source   : dSx=   0.000, dSy=   0.000, dSz=   0.000  (mm)
  Object   : dOx=  -6.990, dOy=  -2.044, dOz=  -6.876  (mm)
  Object offset: offset_x=   0.005, offset_z=   0.003  (mm)
  Detector : dDx=   0.000, dDy=   0.000, dDz=   0.000  (mm)
  Obj Stage rotY :    3.008 deg
============================================================

Unity geometry (world coordinates):
  Source   : x=  -5.000, y=  38.000, z=   0.000
  Object   : x=   0.010, y=  17.956, z= 569.124
  Detector : x=  10.000, y=   3.000, z= 690.000
  Obj rotY :   0.0000 deg
view   0 | SOD= 569.502 mm | SDD= 691.050 mm | M= 1.213 | incident=3.1588°
[[  24.853714   -568.606       -20.043825  ]
 [   3.6289568   121.230576     14.956175  ]
 [   0.14939393    0.00784947    0.        ]
 [   0.            0.            0.1496    ]]
Residual vector length: 1620, Jacobian shape: (1620, 6)
view   0 | SOD= 569.316 mm | SDD= 691.050 mm | M= 1.214 | incident=3.1588°
[[  24.912897   -568.4174      -20.037687  ]
 [   3.607739    121.41667      14.962313  ]
 [   0.149393      0.00786688    0.        ]
 [   0.            0.            0.1496    ]]

iter 12 cost=73.268805 -> 54.195275 |dtheta|=1.833275e-01  lambda=1.882e-06

============================================================
Iteration 13
============================================================
Theta offsets (Unity frame):
  Source   : dSx=   0.000, dSy=   0.000, dSz=   0.000  (mm)
  Object   : dOx=  -6.991, dOy=  -2.038, dOz=  -7.059  (mm)
  Object offset: offset_x=   0.003, offset_z=   0.000  (mm)
  Detector : dDx=   0.000, dDy=   0.000, dDz=   0.000  (mm)
  Obj Stage rotY :    3.014 deg
============================================================

Unity geometry (world coordinates):
  Source   : x=  -5.000, y=  38.000, z=   0.000
  Object   : x=   0.009, y=  17.962, z= 568.941
  Detector : x=  10.000, y=   3.000, z= 690.000
  Obj rotY :   0.0000 deg
view   0 | SOD= 569.316 mm | SDD= 691.050 mm | M= 1.214 | incident=3.1588°
[[  24.912897   -568.4174      -20.037687  ]
 [   3.607739    121.41667      14.962313  ]
 [   0.149393      0.00786688    0.        ]
 [   0.            0.            0.1496    ]]
Residual vector length: 1620, Jacobian shape: (1620, 6)
view   0 | SOD= 569.147 mm | SDD= 691.050 mm | M= 1.214 | incident=3.1588°
[[  24.872278   -568.2504      -20.03064   ]
 [   3.606365    121.5849       14.96936   ]
 [   0.14939345    0.00785838    0.        ]
 [   0.            0.            0.1496    ]]

iter 13 cost=54.195275 -> 39.301421 |dtheta|=1.691427e-01  lambda=1.000e-06

============================================================
Iteration 14
============================================================
Theta offsets (Unity frame):
  Source   : dSx=   0.000, dSy=   0.000, dSz=   0.000  (mm)
  Object   : dOx=  -6.993, dOy=  -2.031, dOz=  -7.228  (mm)
  Object offset: offset_x=   0.005, offset_z=   0.000  (mm)
  Detector : dDx=   0.000, dDy=   0.000, dDz=   0.000  (mm)
  Obj Stage rotY :    3.011 deg
============================================================

Unity geometry (world coordinates):
  Source   : x=  -5.000, y=  38.000, z=   0.000
  Object   : x=   0.007, y=  17.969, z= 568.772
  Detector : x=  10.000, y=   3.000, z= 690.000
  Obj rotY :   0.0000 deg
view   0 | SOD= 569.147 mm | SDD= 691.050 mm | M= 1.214 | incident=3.1588°
[[  24.872278   -568.2504      -20.03064   ]
 [   3.606365    121.5849       14.96936   ]
 [   0.14939345    0.00785838    0.        ]
 [   0.            0.            0.1496    ]]
Residual vector length: 1620, Jacobian shape: (1620, 6)
view   0 | SOD= 569.006 mm | SDD= 691.050 mm | M= 1.214 | incident=3.1588°
[[  24.789206   -568.1132      -20.026272  ]
 [   3.617255    121.72499      14.973728  ]
 [   0.14939453    0.00783803    0.        ]
 [   0.            0.            0.1496    ]]

iter 14 cost=39.301421 -> 29.041197 |dtheta|=1.429701e-01  lambda=1.000e-06

============================================================
Iteration 15
============================================================
Theta offsets (Unity frame):
  Source   : dSx=   0.000, dSy=   0.000, dSz=   0.000  (mm)
  Object   : dOx=  -6.994, dOy=  -2.026, dOz=  -7.371  (mm)
  Object offset: offset_x=   0.004, offset_z=   0.002  (mm)
  Detector : dDx=   0.000, dDy=   0.000, dDz=   0.000  (mm)
  Obj Stage rotY :    3.003 deg
============================================================

Unity geometry (world coordinates):
  Source   : x=  -5.000, y=  38.000, z=   0.000
  Object   : x=   0.006, y=  17.974, z= 568.629
  Detector : x=  10.000, y=   3.000, z= 690.000
  Obj rotY :   0.0000 deg
view   0 | SOD= 569.006 mm | SDD= 691.050 mm | M= 1.214 | incident=3.1588°
[[  24.789206   -568.1132      -20.026272  ]
 [   3.617255    121.72499      14.973728  ]
 [   0.14939453    0.00783803    0.        ]
 [   0.            0.            0.1496    ]]
Residual vector length: 1620, Jacobian shape: (1620, 6)
view   0 | SOD= 568.883 mm | SDD= 691.050 mm | M= 1.215 | incident=3.1588°
[[  24.882551   -567.9857      -20.020657  ]
 [   3.5911508   121.848816     14.979343  ]
 [   0.14939317    0.0078639     0.        ]
 [   0.            0.            0.1496    ]]

iter 15 cost=29.041197 -> 21.271610 |dtheta|=1.243099e-01  lambda=1.000e-06

============================================================
Iteration 16
============================================================
Theta offsets (Unity frame):
  Source   : dSx=   0.000, dSy=   0.000, dSz=   0.000  (mm)
  Object   : dOx=  -6.996, dOy=  -2.021, dOz=  -7.494  (mm)
  Object offset: offset_x=   0.004, offset_z=   0.003  (mm)
  Detector : dDx=   0.000, dDy=   0.000, dDz=   0.000  (mm)
  Obj Stage rotY :    3.013 deg
============================================================

Unity geometry (world coordinates):
  Source   : x=  -5.000, y=  38.000, z=   0.000
  Object   : x=   0.004, y=  17.979, z= 568.505
  Detector : x=  10.000, y=   3.000, z= 690.000
  Obj rotY :   0.0000 deg
view   0 | SOD= 568.883 mm | SDD= 691.050 mm | M= 1.215 | incident=3.1588°
[[  24.882551   -567.9857      -20.020657  ]
 [   3.5911508   121.848816     14.979343  ]
 [   0.14939317    0.0078639     0.        ]
 [   0.            0.            0.1496    ]]
Residual vector length: 1620, Jacobian shape: (1620, 6)
view   0 | SOD= 568.769 mm | SDD= 691.050 mm | M= 1.215 | incident=3.1588°
[[  24.876444   -567.87225     -20.015533  ]
 [   3.5879722   121.96235      14.984467  ]
 [   0.1493932     0.00786327    0.        ]
 [   0.            0.            0.1496    ]]

iter 16 cost=21.271610 -> 15.606598 |dtheta|=1.128760e-01  lambda=1.000e-06

============================================================
Iteration 17
============================================================
Theta offsets (Unity frame):
  Source   : dSx=   0.000, dSy=   0.000, dSz=   0.000  (mm)
  Object   : dOx=  -6.996, dOy=  -2.016, dOz=  -7.607  (mm)
  Object offset: offset_x=   0.003, offset_z=   0.002  (mm)
  Detector : dDx=   0.000, dDy=   0.000, dDz=   0.000  (mm)
  Obj Stage rotY :    3.013 deg
============================================================

Unity geometry (world coordinates):
  Source   : x=  -5.000, y=  38.000, z=   0.000
  Object   : x=   0.004, y=  17.984, z= 568.393
  Detector : x=  10.000, y=   3.000, z= 690.000
  Obj rotY :   0.0000 deg
view   0 | SOD= 568.769 mm | SDD= 691.050 mm | M= 1.215 | incident=3.1588°
[[  24.876444   -567.87225     -20.015533  ]
 [   3.5879722   121.96235      14.984467  ]
 [   0.1493932     0.00786327    0.        ]
 [   0.            0.            0.1496    ]]
Residual vector length: 1620, Jacobian shape: (1620, 6)
view   0 | SOD= 568.693 mm | SDD= 691.050 mm | M= 1.215 | incident=3.1588°
[[  24.817038   -567.79846     -20.011713  ]
 [   3.5963805   122.03827      14.988287  ]
 [   0.14939398    0.00784858    0.        ]
 [   0.            0.            0.1496    ]]

iter 17 cost=15.606598 -> 12.352682 |dtheta|=7.517639e-02  lambda=1.000e-06

============================================================
Iteration 18
============================================================
Theta offsets (Unity frame):
  Source   : dSx=   0.000, dSy=   0.000, dSz=   0.000  (mm)
  Object   : dOx=  -6.996, dOy=  -2.012, dOz=  -7.682  (mm)
  Object offset: offset_x=   0.002, offset_z=   0.001  (mm)
  Detector : dDx=   0.000, dDy=   0.000, dDz=   0.000  (mm)
  Obj Stage rotY :    3.007 deg
============================================================

Unity geometry (world coordinates):
  Source   : x=  -5.000, y=  38.000, z=   0.000
  Object   : x=   0.004, y=  17.988, z= 568.318
  Detector : x=  10.000, y=   3.000, z= 690.000
  Obj rotY :   0.0000 deg
view   0 | SOD= 568.693 mm | SDD= 691.050 mm | M= 1.215 | incident=3.1588°
[[  24.817038   -567.79846     -20.011713  ]
 [   3.5963805   122.03827      14.988287  ]
 [   0.14939398    0.00784858    0.        ]
 [   0.            0.            0.1496    ]]
Residual vector length: 1620, Jacobian shape: (1620, 6)
view   0 | SOD= 568.629 mm | SDD= 691.050 mm | M= 1.215 | incident=3.1588°
[[  24.796818   -567.736       -20.008892  ]
 [   3.5973196   122.101326     14.991108  ]
 [   0.14939421    0.007844      0.        ]
 [   0.            0.            0.1496    ]]

iter 18 cost=12.352682 -> 10.126452 |dtheta|=6.322139e-02  lambda=1.000e-06

============================================================
Iteration 19
============================================================
Theta offsets (Unity frame):
  Source   : dSx=   0.000, dSy=   0.000, dSz=   0.000  (mm)
  Object   : dOx=  -6.997, dOy=  -2.009, dOz=  -7.745  (mm)
  Object offset: offset_x=   0.002, offset_z=   0.001  (mm)
  Detector : dDx=   0.000, dDy=   0.000, dDz=   0.000  (mm)
  Obj Stage rotY :    3.006 deg
============================================================

Unity geometry (world coordinates):
  Source   : x=  -5.000, y=  38.000, z=   0.000
  Object   : x=   0.003, y=  17.991, z= 568.255
  Detector : x=  10.000, y=   3.000, z= 690.000
  Obj rotY :   0.0000 deg
view   0 | SOD= 568.629 mm | SDD= 691.050 mm | M= 1.215 | incident=3.1588°
[[  24.796818   -567.736       -20.008892  ]
 [   3.5973196   122.101326     14.991108  ]
 [   0.14939421    0.007844      0.        ]
 [   0.            0.            0.1496    ]]
Residual vector length: 1620, Jacobian shape: (1620, 6)
view   0 | SOD= 568.581 mm | SDD= 691.050 mm | M= 1.215 | incident=3.1588°
[[  24.826595   -567.68665     -20.00682   ]
 [   3.588707    122.149536     14.993179  ]
 [   0.14939378    0.00785231    0.        ]
 [   0.            0.            0.1496    ]]

iter 19 cost=10.126452 -> 8.679568 |dtheta|=4.782252e-02  lambda=1.000e-06

============================================================
Iteration 20
============================================================
Theta offsets (Unity frame):
  Source   : dSx=   0.000, dSy=   0.000, dSz=   0.000  (mm)
  Object   : dOx=  -6.997, dOy=  -2.007, dOz=  -7.793  (mm)
  Object offset: offset_x=   0.002, offset_z=   0.000  (mm)
  Detector : dDx=   0.000, dDy=   0.000, dDz=   0.000  (mm)
  Obj Stage rotY :    3.009 deg
============================================================

Unity geometry (world coordinates):
  Source   : x=  -5.000, y=  38.000, z=   0.000
  Object   : x=   0.003, y=  17.993, z= 568.207
  Detector : x=  10.000, y=   3.000, z= 690.000
  Obj rotY :   0.0000 deg
view   0 | SOD= 568.581 mm | SDD= 691.050 mm | M= 1.215 | incident=3.1588°
[[  24.826595   -567.68665     -20.00682   ]
 [   3.588707    122.149536     14.993179  ]
 [   0.14939378    0.00785231    0.        ]
 [   0.            0.            0.1496    ]]
Residual vector length: 1620, Jacobian shape: (1620, 6)
view   0 | SOD= 568.533 mm | SDD= 691.050 mm | M= 1.215 | incident=3.1588°
[[  24.766558   -567.64136     -20.004683  ]
 [   3.6007166   122.19704      14.995317  ]
 [   0.1493946     0.00783671    0.        ]
 [   0.            0.            0.1496    ]]

iter 20 cost=8.679568 -> 7.475872 |dtheta|=4.852103e-02  lambda=1.000e-06

============================================================
Iteration 21
============================================================
Theta offsets (Unity frame):
  Source   : dSx=   0.000, dSy=   0.000, dSz=   0.000  (mm)
  Object   : dOx=  -6.998, dOy=  -2.005, dOz=  -7.841  (mm)
  Object offset: offset_x=   0.001, offset_z=   0.000  (mm)
  Detector : dDx=   0.000, dDy=   0.000, dDz=   0.000  (mm)
  Obj Stage rotY :    3.003 deg
============================================================

Unity geometry (world coordinates):
  Source   : x=  -5.000, y=  38.000, z=   0.000
  Object   : x=   0.002, y=  17.995, z= 568.159
  Detector : x=  10.000, y=   3.000, z= 690.000
  Obj rotY :   0.0000 deg
view   0 | SOD= 568.533 mm | SDD= 691.050 mm | M= 1.215 | incident=3.1588°
[[  24.766558   -567.64136     -20.004683  ]
 [   3.6007166   122.19704      14.995317  ]
 [   0.1493946     0.00783671    0.        ]
 [   0.            0.            0.1496    ]]
Residual vector length: 1620, Jacobian shape: (1620, 6)
view   0 | SOD= 568.494 mm | SDD= 691.050 mm | M= 1.216 | incident=3.1588°
[[  24.792053   -567.601       -20.003246  ]
 [   3.5936213   122.236374     14.996754  ]
 [   0.14939423    0.00784377    0.        ]
 [   0.            0.            0.1496    ]]

iter 21 cost=7.475872 -> 6.655995 |dtheta|=3.892457e-02  lambda=1.000e-06

============================================================
Iteration 22
============================================================
Theta offsets (Unity frame):
  Source   : dSx=   0.000, dSy=   0.000, dSz=   0.000  (mm)
  Object   : dOx=  -6.998, dOy=  -2.003, dOz=  -7.880  (mm)
  Object offset: offset_x=   0.000, offset_z=  -0.000  (mm)
  Detector : dDx=   0.000, dDy=   0.000, dDz=   0.000  (mm)
  Obj Stage rotY :    3.005 deg
============================================================

Unity geometry (world coordinates):
  Source   : x=  -5.000, y=  38.000, z=   0.000
  Object   : x=   0.002, y=  17.997, z= 568.120
  Detector : x=  10.000, y=   3.000, z= 690.000
  Obj rotY :   0.0000 deg
view   0 | SOD= 568.494 mm | SDD= 691.050 mm | M= 1.216 | incident=3.1588°
[[  24.792053   -567.601       -20.003246  ]
 [   3.5936213   122.236374     14.996754  ]
 [   0.14939423    0.00784377    0.        ]
 [   0.            0.            0.1496    ]]
Residual vector length: 1620, Jacobian shape: (1620, 6)
view   0 | SOD= 568.453 mm | SDD= 691.050 mm | M= 1.216 | incident=3.1588°
[[  24.74154    -567.56244     -20.001616  ]
 [   3.6033413   122.27678      14.998384  ]
 [   0.14939491    0.00783072    0.        ]
 [   0.            0.            0.1496    ]]

iter 22 cost=6.655995 -> 5.866387 |dtheta|=4.092678e-02  lambda=1.000e-06

============================================================
Iteration 23
============================================================
Theta offsets (Unity frame):
  Source   : dSx=   0.000, dSy=   0.000, dSz=   0.000  (mm)
  Object   : dOx=  -6.998, dOy=  -2.002, dOz=  -7.920  (mm)
  Object offset: offset_x=  -0.000, offset_z=  -0.000  (mm)
  Detector : dDx=   0.000, dDy=   0.000, dDz=   0.000  (mm)
  Obj Stage rotY :    3.000 deg
============================================================

Unity geometry (world coordinates):
  Source   : x=  -5.000, y=  38.000, z=   0.000
  Object   : x=   0.002, y=  17.998, z= 568.080
  Detector : x=  10.000, y=   3.000, z= 690.000
  Obj rotY :   0.0000 deg
view   0 | SOD= 568.453 mm | SDD= 691.050 mm | M= 1.216 | incident=3.1588°
[[  24.74154    -567.56244     -20.001616  ]
 [   3.6033413   122.27678      14.998384  ]
 [   0.14939491    0.00783072    0.        ]
 [   0.            0.            0.1496    ]]
Residual vector length: 1620, Jacobian shape: (1620, 6)
view   0 | SOD= 568.427 mm | SDD= 691.050 mm | M= 1.216 | incident=3.1588°
[[  24.71404    -567.53687     -20.000597  ]
 [   3.6080189   122.30338      14.999403  ]
 [   0.14939527    0.00782375    0.        ]
 [   0.            0.            0.1496    ]]

iter 23 cost=5.866387 -> 5.513720 |dtheta|=2.713160e-02  lambda=1.000e-06

============================================================
Iteration 24
============================================================
Theta offsets (Unity frame):
  Source   : dSx=   0.000, dSy=   0.000, dSz=   0.000  (mm)
  Object   : dOx=  -6.999, dOy=  -2.001, dOz=  -7.947  (mm)
  Object offset: offset_x=  -0.001, offset_z=  -0.000  (mm)
  Detector : dDx=   0.000, dDy=   0.000, dDz=   0.000  (mm)
  Obj Stage rotY :    2.998 deg
============================================================

Unity geometry (world coordinates):
  Source   : x=  -5.000, y=  38.000, z=   0.000
  Object   : x=   0.001, y=  17.999, z= 568.053
  Detector : x=  10.000, y=   3.000, z= 690.000
  Obj rotY :   0.0000 deg
view   0 | SOD= 568.427 mm | SDD= 691.050 mm | M= 1.216 | incident=3.1588°
[[  24.71404    -567.53687     -20.000597  ]
 [   3.6080189   122.30338      14.999403  ]
 [   0.14939527    0.00782375    0.        ]
 [   0.            0.            0.1496    ]]
Residual vector length: 1620, Jacobian shape: (1620, 6)
view   0 | SOD= 568.410 mm | SDD= 691.050 mm | M= 1.216 | incident=3.1588°
[[  24.720856   -567.5195      -20.00002   ]
 [   3.6050935   122.32043      14.999981  ]
 [   0.14939517    0.00782586    0.        ]
 [   0.            0.            0.1496    ]]

iter 24 cost=5.513720 -> 5.351712 |dtheta|=1.707700e-02  lambda=1.000e-06

============================================================
Iteration 25
============================================================
Theta offsets (Unity frame):
  Source   : dSx=   0.000, dSy=   0.000, dSz=   0.000  (mm)
  Object   : dOx=  -6.999, dOy=  -2.000, dOz=  -7.964  (mm)
  Object offset: offset_x=  -0.000, offset_z=   0.000  (mm)
  Detector : dDx=   0.000, dDy=   0.000, dDz=   0.000  (mm)
  Obj Stage rotY :    2.999 deg
============================================================

Unity geometry (world coordinates):
  Source   : x=  -5.000, y=  38.000, z=   0.000
  Object   : x=   0.001, y=  18.000, z= 568.036
  Detector : x=  10.000, y=   3.000, z= 690.000
  Obj rotY :   0.0000 deg
view   0 | SOD= 568.410 mm | SDD= 691.050 mm | M= 1.216 | incident=3.1588°
[[  24.720856   -567.5195      -20.00002   ]
 [   3.6050935   122.32043      14.999981  ]
 [   0.14939517    0.00782586    0.        ]
 [   0.            0.            0.1496    ]]
Residual vector length: 1620, Jacobian shape: (1620, 6)
view   0 | SOD= 568.389 mm | SDD= 691.050 mm | M= 1.216 | incident=3.1588°
[[  24.70196    -567.4993      -19.999186  ]
 [   3.6084378   122.3413       15.000814  ]
 [   0.14939542    0.00782105    0.        ]
 [   0.            0.            0.1496    ]]

iter 25 cost=5.351712 -> 5.151982 |dtheta|=2.096964e-02  lambda=1.000e-06

============================================================
Iteration 26
============================================================
Theta offsets (Unity frame):
  Source   : dSx=   0.000, dSy=   0.000, dSz=   0.000  (mm)
  Object   : dOx=  -6.999, dOy=  -1.999, dOz=  -7.985  (mm)
  Object offset: offset_x=  -0.000, offset_z=  -0.000  (mm)
  Detector : dDx=   0.000, dDy=   0.000, dDz=   0.000  (mm)
  Obj Stage rotY :    2.997 deg
============================================================

Unity geometry (world coordinates):
  Source   : x=  -5.000, y=  38.000, z=   0.000
  Object   : x=   0.001, y=  18.001, z= 568.015
  Detector : x=  10.000, y=   3.000, z= 690.000
  Obj rotY :   0.0000 deg
view   0 | SOD= 568.389 mm | SDD= 691.050 mm | M= 1.216 | incident=3.1588°
[[  24.70196    -567.4993      -19.999186  ]
 [   3.6084378   122.3413       15.000814  ]
 [   0.14939542    0.00782105    0.        ]
 [   0.            0.            0.1496    ]]
Residual vector length: 1620, Jacobian shape: (1620, 6)
view   0 | SOD= 568.377 mm | SDD= 691.050 mm | M= 1.216 | incident=3.1588°
[[  24.683237   -567.48865     -19.998756  ]
 [   3.6123283   122.35267      15.001244  ]
 [   0.14939567    0.00781615    0.        ]
 [   0.            0.            0.1496    ]]

iter 26 cost=5.151982 -> 5.059075 |dtheta|=1.151057e-02  lambda=1.000e-06

============================================================
Iteration 27
============================================================
Theta offsets (Unity frame):
  Source   : dSx=   0.000, dSy=   0.000, dSz=   0.000  (mm)
  Object   : dOx=  -6.999, dOy=  -1.999, dOz=  -7.997  (mm)
  Object offset: offset_x=  -0.001, offset_z=  -0.000  (mm)
  Detector : dDx=   0.000, dDy=   0.000, dDz=   0.000  (mm)
  Obj Stage rotY :    2.995 deg
============================================================

Unity geometry (world coordinates):
  Source   : x=  -5.000, y=  38.000, z=   0.000
  Object   : x=   0.001, y=  18.001, z= 568.003
  Detector : x=  10.000, y=   3.000, z= 690.000
  Obj rotY :   0.0000 deg
view   0 | SOD= 568.377 mm | SDD= 691.050 mm | M= 1.216 | incident=3.1588°
[[  24.683237   -567.48865     -19.998756  ]
 [   3.6123283   122.35267      15.001244  ]
 [   0.14939567    0.00781615    0.        ]
 [   0.            0.            0.1496    ]]
Residual vector length: 1620, Jacobian shape: (1620, 6)
view   0 | SOD= 568.368 mm | SDD= 691.050 mm | M= 1.216 | incident=3.1588°
[[  24.671684   -567.4804      -19.998482  ]
 [   3.6145952   122.36133      15.001518  ]
 [   0.14939584    0.00781316    0.        ]
 [   0.            0.            0.1496    ]]

iter 27 cost=5.059075 -> 4.972739 |dtheta|=8.798983e-03  lambda=1.000e-06

============================================================
Iteration 28
============================================================
Theta offsets (Unity frame):
  Source   : dSx=   0.000, dSy=   0.000, dSz=   0.000  (mm)
  Object   : dOx=  -6.999, dOy=  -1.998, dOz=  -8.005  (mm)
  Object offset: offset_x=  -0.001, offset_z=  -0.000  (mm)
  Detector : dDx=   0.000, dDy=   0.000, dDz=   0.000  (mm)
  Obj Stage rotY :    2.994 deg
============================================================

Unity geometry (world coordinates):
  Source   : x=  -5.000, y=  38.000, z=   0.000
  Object   : x=   0.001, y=  18.002, z= 567.995
  Detector : x=  10.000, y=   3.000, z= 690.000
  Obj rotY :   0.0000 deg
view   0 | SOD= 568.368 mm | SDD= 691.050 mm | M= 1.216 | incident=3.1588°
[[  24.671684   -567.4804      -19.998482  ]
 [   3.6145952   122.36133      15.001518  ]
 [   0.14939584    0.00781316    0.        ]
 [   0.            0.            0.1496    ]]
Residual vector length: 1620, Jacobian shape: (1620, 6)
view   0 | SOD= 568.360 mm | SDD= 691.050 mm | M= 1.216 | incident=3.1588°
[[  24.672438   -567.47217     -19.998234  ]
 [   3.6141903   122.369514     15.001766  ]
 [   0.14939582    0.00781341    0.        ]
 [   0.            0.            0.1496    ]]

iter 28 cost=4.972739 -> 4.909525 |dtheta|=8.176715e-03  lambda=1.000e-06

============================================================
Iteration 29
============================================================
Theta offsets (Unity frame):
  Source   : dSx=   0.000, dSy=   0.000, dSz=   0.000  (mm)
  Object   : dOx=  -6.999, dOy=  -1.998, dOz=  -8.013  (mm)
  Object offset: offset_x=  -0.001, offset_z=  -0.000  (mm)
  Detector : dDx=   0.000, dDy=   0.000, dDz=   0.000  (mm)
  Obj Stage rotY :    2.994 deg
============================================================

Unity geometry (world coordinates):
  Source   : x=  -5.000, y=  38.000, z=   0.000
  Object   : x=   0.001, y=  18.002, z= 567.987
  Detector : x=  10.000, y=   3.000, z= 690.000
  Obj rotY :   0.0000 deg
view   0 | SOD= 568.360 mm | SDD= 691.050 mm | M= 1.216 | incident=3.1588°
[[  24.672438   -567.47217     -19.998234  ]
 [   3.6141903   122.369514     15.001766  ]
 [   0.14939582    0.00781341    0.        ]
 [   0.            0.            0.1496    ]]
Residual vector length: 1620, Jacobian shape: (1620, 6)
view   0 | SOD= 568.353 mm | SDD= 691.050 mm | M= 1.216 | incident=3.1588°
[[  24.660425   -567.4656      -19.998035  ]
 [   3.6164281   122.37657      15.001965  ]
 [   0.14939597    0.00781032    0.        ]
 [   0.            0.            0.1496    ]]

iter 29 cost=4.909525 -> 4.876716 |dtheta|=7.395298e-03  lambda=1.000e-06

============================================================
Iteration 30
============================================================
Theta offsets (Unity frame):
  Source   : dSx=   0.000, dSy=   0.000, dSz=   0.000  (mm)
  Object   : dOx=  -7.000, dOy=  -1.998, dOz=  -8.021  (mm)
  Object offset: offset_x=  -0.001, offset_z=  -0.000  (mm)
  Detector : dDx=   0.000, dDy=   0.000, dDz=   0.000  (mm)
  Obj Stage rotY :    2.993 deg
============================================================

Unity geometry (world coordinates):
  Source   : x=  -5.000, y=  38.000, z=   0.000
  Object   : x=   0.000, y=  18.002, z= 567.979
  Detector : x=  10.000, y=   3.000, z= 690.000
  Obj rotY :   0.0000 deg
view   0 | SOD= 568.353 mm | SDD= 691.050 mm | M= 1.216 | incident=3.1588°
[[  24.660425   -567.4656      -19.998035  ]
 [   3.6164281   122.37657      15.001965  ]
 [   0.14939597    0.00781032    0.        ]
 [   0.            0.            0.1496    ]]
Residual vector length: 1620, Jacobian shape: (1620, 6)
view   0 | SOD= 568.343 mm | SDD= 691.050 mm | M= 1.216 | incident=3.1588°
[[  24.653135   -567.45557     -19.997677  ]
 [   3.6175854   122.38684      15.002323  ]
 [   0.14939608    0.00780849    0.        ]
 [   0.            0.            0.1496    ]]

iter 30 cost=4.876716 -> 4.818484 |dtheta|=1.028583e-02  lambda=1.000e-06

============================================================
Iteration 31
============================================================
Theta offsets (Unity frame):
  Source   : dSx=   0.000, dSy=   0.000, dSz=   0.000  (mm)
  Object   : dOx=  -7.000, dOy=  -1.998, dOz=  -8.031  (mm)
  Object offset: offset_x=  -0.001, offset_z=  -0.000  (mm)
  Detector : dDx=   0.000, dDy=   0.000, dDz=   0.000  (mm)
  Obj Stage rotY :    2.992 deg
============================================================

Unity geometry (world coordinates):
  Source   : x=  -5.000, y=  38.000, z=   0.000
  Object   : x=   0.000, y=  18.002, z= 567.969
  Detector : x=  10.000, y=   3.000, z= 690.000
  Obj rotY :   0.0000 deg
view   0 | SOD= 568.343 mm | SDD= 691.050 mm | M= 1.216 | incident=3.1588°
[[  24.653135   -567.45557     -19.997677  ]
 [   3.6175854   122.38684      15.002323  ]
 [   0.14939608    0.00780849    0.        ]
 [   0.            0.            0.1496    ]]
Residual vector length: 1620, Jacobian shape: (1620, 6)
view   0 | SOD= 568.336 mm | SDD= 691.050 mm | M= 1.216 | incident=3.1588°
[[  24.648232   -567.4492      -19.997551  ]
 [   3.618552    122.39335      15.002449  ]
 [   0.14939614    0.00780722    0.        ]
 [   0.            0.            0.1496    ]]

iter 31 cost=4.818484 -> 4.824118 |dtheta|=6.630529e-03  lambda=1.000e-06

============================================================
Iteration 32
============================================================
Theta offsets (Unity frame):
  Source   : dSx=   0.000, dSy=   0.000, dSz=   0.000  (mm)
  Object   : dOx=  -7.000, dOy=  -1.998, dOz=  -8.031  (mm)
  Object offset: offset_x=  -0.001, offset_z=  -0.000  (mm)
  Detector : dDx=   0.000, dDy=   0.000, dDz=   0.000  (mm)
  Obj Stage rotY :    2.992 deg
============================================================

Unity geometry (world coordinates):
  Source   : x=  -5.000, y=  38.000, z=   0.000
  Object   : x=   0.000, y=  18.002, z= 567.969
  Detector : x=  10.000, y=   3.000, z= 690.000
  Obj rotY :   0.0000 deg
view   0 | SOD= 568.343 mm | SDD= 691.050 mm | M= 1.216 | incident=3.1588°
[[  24.653135   -567.45557     -19.997677  ]
 [   3.6175854   122.38684      15.002323  ]
 [   0.14939608    0.00780849    0.        ]
 [   0.            0.            0.1496    ]]
Residual vector length: 1620, Jacobian shape: (1620, 6)
view   0 | SOD= 568.336 mm | SDD= 691.050 mm | M= 1.216 | incident=3.1588°
[[  24.648232   -567.4492      -19.997551  ]
 [   3.618552    122.39335      15.002449  ]
 [   0.14939614    0.00780722    0.        ]
 [   0.            0.            0.1496    ]]

iter 32 cost=4.818484 -> 4.824118 |dtheta|=6.630529e-03  lambda=5.000e-06

============================================================
Iteration 33
============================================================
Theta offsets (Unity frame):
  Source   : dSx=   0.000, dSy=   0.000, dSz=   0.000  (mm)
  Object   : dOx=  -7.000, dOy=  -1.998, dOz=  -8.031  (mm)
  Object offset: offset_x=  -0.001, offset_z=  -0.000  (mm)
  Detector : dDx=   0.000, dDy=   0.000, dDz=   0.000  (mm)
  Obj Stage rotY :    2.992 deg
============================================================

Unity geometry (world coordinates):
  Source   : x=  -5.000, y=  38.000, z=   0.000
  Object   : x=   0.000, y=  18.002, z= 567.969
  Detector : x=  10.000, y=   3.000, z= 690.000
  Obj rotY :   0.0000 deg
view   0 | SOD= 568.343 mm | SDD= 691.050 mm | M= 1.216 | incident=3.1588°
[[  24.653135   -567.45557     -19.997677  ]
 [   3.6175854   122.38684      15.002323  ]
 [   0.14939608    0.00780849    0.        ]
 [   0.            0.            0.1496    ]]
Residual vector length: 1620, Jacobian shape: (1620, 6)
view   0 | SOD= 568.336 mm | SDD= 691.050 mm | M= 1.216 | incident=3.1588°
[[  24.648232   -567.4492      -19.997551  ]
 [   3.618552    122.39335      15.002449  ]
 [   0.14939614    0.00780722    0.        ]
 [   0.            0.            0.1496    ]]

iter 33 cost=4.818484 -> 4.824118 |dtheta|=6.630529e-03  lambda=2.500e-05

============================================================
Iteration 34
============================================================
Theta offsets (Unity frame):
  Source   : dSx=   0.000, dSy=   0.000, dSz=   0.000  (mm)
  Object   : dOx=  -7.000, dOy=  -1.998, dOz=  -8.031  (mm)
  Object offset: offset_x=  -0.001, offset_z=  -0.000  (mm)
  Detector : dDx=   0.000, dDy=   0.000, dDz=   0.000  (mm)
  Obj Stage rotY :    2.992 deg
============================================================

Unity geometry (world coordinates):
  Source   : x=  -5.000, y=  38.000, z=   0.000
  Object   : x=   0.000, y=  18.002, z= 567.969
  Detector : x=  10.000, y=   3.000, z= 690.000
  Obj rotY :   0.0000 deg
view   0 | SOD= 568.343 mm | SDD= 691.050 mm | M= 1.216 | incident=3.1588°
[[  24.653135   -567.45557     -19.997677  ]
 [   3.6175854   122.38684      15.002323  ]
 [   0.14939608    0.00780849    0.        ]
 [   0.            0.            0.1496    ]]
Residual vector length: 1620, Jacobian shape: (1620, 6)
view   0 | SOD= 568.336 mm | SDD= 691.050 mm | M= 1.216 | incident=3.1588°
[[  24.648232   -567.4492      -19.997551  ]
 [   3.618552    122.39335      15.002449  ]
 [   0.14939614    0.00780722    0.        ]
 [   0.            0.            0.1496    ]]

iter 34 cost=4.818484 -> 4.824118 |dtheta|=6.630528e-03  lambda=1.250e-04

============================================================
Iteration 35
============================================================
Theta offsets (Unity frame):
  Source   : dSx=   0.000, dSy=   0.000, dSz=   0.000  (mm)
  Object   : dOx=  -7.000, dOy=  -1.998, dOz=  -8.031  (mm)
  Object offset: offset_x=  -0.001, offset_z=  -0.000  (mm)
  Detector : dDx=   0.000, dDy=   0.000, dDz=   0.000  (mm)
  Obj Stage rotY :    2.992 deg
============================================================

Unity geometry (world coordinates):
  Source   : x=  -5.000, y=  38.000, z=   0.000
  Object   : x=   0.000, y=  18.002, z= 567.969
  Detector : x=  10.000, y=   3.000, z= 690.000
  Obj rotY :   0.0000 deg
view   0 | SOD= 568.343 mm | SDD= 691.050 mm | M= 1.216 | incident=3.1588°
[[  24.653135   -567.45557     -19.997677  ]
 [   3.6175854   122.38684      15.002323  ]
 [   0.14939608    0.00780849    0.        ]
 [   0.            0.            0.1496    ]]
Residual vector length: 1620, Jacobian shape: (1620, 6)
view   0 | SOD= 568.336 mm | SDD= 691.050 mm | M= 1.216 | incident=3.1588°
[[  24.648232   -567.4492      -19.997551  ]
 [   3.618552    122.39335      15.002449  ]
 [   0.14939614    0.00780722    0.        ]
 [   0.            0.            0.1496    ]]

iter 35 cost=4.818484 -> 4.824118 |dtheta|=6.630524e-03  lambda=6.250e-04

============================================================
Iteration 36
============================================================
Theta offsets (Unity frame):
  Source   : dSx=   0.000, dSy=   0.000, dSz=   0.000  (mm)
  Object   : dOx=  -7.000, dOy=  -1.998, dOz=  -8.031  (mm)
  Object offset: offset_x=  -0.001, offset_z=  -0.000  (mm)
  Detector : dDx=   0.000, dDy=   0.000, dDz=   0.000  (mm)
  Obj Stage rotY :    2.992 deg
============================================================

Unity geometry (world coordinates):
  Source   : x=  -5.000, y=  38.000, z=   0.000
  Object   : x=   0.000, y=  18.002, z= 567.969
  Detector : x=  10.000, y=   3.000, z= 690.000
  Obj rotY :   0.0000 deg
view   0 | SOD= 568.343 mm | SDD= 691.050 mm | M= 1.216 | incident=3.1588°
[[  24.653135   -567.45557     -19.997677  ]
 [   3.6175854   122.38684      15.002323  ]
 [   0.14939608    0.00780849    0.        ]
 [   0.            0.            0.1496    ]]
Residual vector length: 1620, Jacobian shape: (1620, 6)
view   0 | SOD= 568.336 mm | SDD= 691.050 mm | M= 1.216 | incident=3.1588°
[[  24.648232   -567.4492      -19.997551  ]
 [   3.618552    122.39335      15.002449  ]
 [   0.14939614    0.00780722    0.        ]
 [   0.            0.            0.1496    ]]

iter 36 cost=4.818484 -> 4.824118 |dtheta|=6.630500e-03  lambda=3.125e-03

============================================================
Iteration 37
============================================================
Theta offsets (Unity frame):
  Source   : dSx=   0.000, dSy=   0.000, dSz=   0.000  (mm)
  Object   : dOx=  -7.000, dOy=  -1.998, dOz=  -8.031  (mm)
  Object offset: offset_x=  -0.001, offset_z=  -0.000  (mm)
  Detector : dDx=   0.000, dDy=   0.000, dDz=   0.000  (mm)
  Obj Stage rotY :    2.992 deg
============================================================

Unity geometry (world coordinates):
  Source   : x=  -5.000, y=  38.000, z=   0.000
  Object   : x=   0.000, y=  18.002, z= 567.969
  Detector : x=  10.000, y=   3.000, z= 690.000
  Obj rotY :   0.0000 deg
view   0 | SOD= 568.343 mm | SDD= 691.050 mm | M= 1.216 | incident=3.1588°
[[  24.653135   -567.45557     -19.997677  ]
 [   3.6175854   122.38684      15.002323  ]
 [   0.14939608    0.00780849    0.        ]
 [   0.            0.            0.1496    ]]
Residual vector length: 1620, Jacobian shape: (1620, 6)
view   0 | SOD= 568.336 mm | SDD= 691.050 mm | M= 1.216 | incident=3.1588°
[[  24.648232   -567.4492      -19.997551  ]
 [   3.618552    122.39335      15.002449  ]
 [   0.14939614    0.00780722    0.        ]
 [   0.            0.            0.1496    ]]

iter 37 cost=4.818484 -> 4.824118 |dtheta|=6.630384e-03  lambda=1.562e-02

============================================================
Iteration 38
============================================================
Theta offsets (Unity frame):
  Source   : dSx=   0.000, dSy=   0.000, dSz=   0.000  (mm)
  Object   : dOx=  -7.000, dOy=  -1.998, dOz=  -8.031  (mm)
  Object offset: offset_x=  -0.001, offset_z=  -0.000  (mm)
  Detector : dDx=   0.000, dDy=   0.000, dDz=   0.000  (mm)
  Obj Stage rotY :    2.992 deg
============================================================

Unity geometry (world coordinates):
  Source   : x=  -5.000, y=  38.000, z=   0.000
  Object   : x=   0.000, y=  18.002, z= 567.969
  Detector : x=  10.000, y=   3.000, z= 690.000
  Obj rotY :   0.0000 deg
view   0 | SOD= 568.343 mm | SDD= 691.050 mm | M= 1.216 | incident=3.1588°
[[  24.653135   -567.45557     -19.997677  ]
 [   3.6175854   122.38684      15.002323  ]
 [   0.14939608    0.00780849    0.        ]
 [   0.            0.            0.1496    ]]
Residual vector length: 1620, Jacobian shape: (1620, 6)
view   0 | SOD= 568.336 mm | SDD= 691.050 mm | M= 1.216 | incident=3.1588°
[[  24.648232   -567.4492      -19.997551  ]
 [   3.618552    122.39335      15.002449  ]
 [   0.14939614    0.00780722    0.        ]
 [   0.            0.            0.1496    ]]

iter 38 cost=4.818484 -> 4.824118 |dtheta|=6.629801e-03  lambda=7.812e-02

============================================================
Iteration 39
============================================================
Theta offsets (Unity frame):
  Source   : dSx=   0.000, dSy=   0.000, dSz=   0.000  (mm)
  Object   : dOx=  -7.000, dOy=  -1.998, dOz=  -8.031  (mm)
  Object offset: offset_x=  -0.001, offset_z=  -0.000  (mm)
  Detector : dDx=   0.000, dDy=   0.000, dDz=   0.000  (mm)
  Obj Stage rotY :    2.992 deg
============================================================

Unity geometry (world coordinates):
  Source   : x=  -5.000, y=  38.000, z=   0.000
  Object   : x=   0.000, y=  18.002, z= 567.969
  Detector : x=  10.000, y=   3.000, z= 690.000
  Obj rotY :   0.0000 deg
view   0 | SOD= 568.343 mm | SDD= 691.050 mm | M= 1.216 | incident=3.1588°
[[  24.653135   -567.45557     -19.997677  ]
 [   3.6175854   122.38684      15.002323  ]
 [   0.14939608    0.00780849    0.        ]
 [   0.            0.            0.1496    ]]
Residual vector length: 1620, Jacobian shape: (1620, 6)
view   0 | SOD= 568.336 mm | SDD= 691.050 mm | M= 1.216 | incident=3.1588°
[[  24.648232   -567.4492      -19.997551  ]
 [   3.6185517   122.39335      15.002449  ]
 [   0.14939614    0.00780722    0.        ]
 [   0.            0.            0.1496    ]]

iter 39 cost=4.818484 -> 4.824118 |dtheta|=6.626888e-03  lambda=3.906e-01

============================================================
Iteration 40
============================================================
Theta offsets (Unity frame):
  Source   : dSx=   0.000, dSy=   0.000, dSz=   0.000  (mm)
  Object   : dOx=  -7.000, dOy=  -1.998, dOz=  -8.031  (mm)
  Object offset: offset_x=  -0.001, offset_z=  -0.000  (mm)
  Detector : dDx=   0.000, dDy=   0.000, dDz=   0.000  (mm)
  Obj Stage rotY :    2.992 deg
============================================================

Unity geometry (world coordinates):
  Source   : x=  -5.000, y=  38.000, z=   0.000
  Object   : x=   0.000, y=  18.002, z= 567.969
  Detector : x=  10.000, y=   3.000, z= 690.000
  Obj rotY :   0.0000 deg
view   0 | SOD= 568.343 mm | SDD= 691.050 mm | M= 1.216 | incident=3.1588°
[[  24.653135   -567.45557     -19.997677  ]
 [   3.6175854   122.38684      15.002323  ]
 [   0.14939608    0.00780849    0.        ]
 [   0.            0.            0.1496    ]]
Residual vector length: 1620, Jacobian shape: (1620, 6)
view   0 | SOD= 568.336 mm | SDD= 691.050 mm | M= 1.216 | incident=3.1588°
[[  24.648232   -567.4492      -19.997551  ]
 [   3.6185517   122.39335      15.002449  ]
 [   0.14939614    0.00780722    0.        ]
 [   0.            0.            0.1496    ]]

iter 40 cost=4.818484 -> 4.824118 |dtheta|=6.612361e-03  lambda=1.953e+00

============================================================
Iteration 41
============================================================
Theta offsets (Unity frame):
  Source   : dSx=   0.000, dSy=   0.000, dSz=   0.000  (mm)
  Object   : dOx=  -7.000, dOy=  -1.998, dOz=  -8.031  (mm)
  Object offset: offset_x=  -0.001, offset_z=  -0.000  (mm)
  Detector : dDx=   0.000, dDy=   0.000, dDz=   0.000  (mm)
  Obj Stage rotY :    2.992 deg
============================================================

Unity geometry (world coordinates):
  Source   : x=  -5.000, y=  38.000, z=   0.000
  Object   : x=   0.000, y=  18.002, z= 567.969
  Detector : x=  10.000, y=   3.000, z= 690.000
  Obj rotY :   0.0000 deg
view   0 | SOD= 568.343 mm | SDD= 691.050 mm | M= 1.216 | incident=3.1588°
[[  24.653135   -567.45557     -19.997677  ]
 [   3.6175854   122.38684      15.002323  ]
 [   0.14939608    0.00780849    0.        ]
 [   0.            0.            0.1496    ]]
Residual vector length: 1620, Jacobian shape: (1620, 6)
view   0 | SOD= 568.336 mm | SDD= 691.050 mm | M= 1.216 | incident=3.1588°
[[  24.648235   -567.4493      -19.997555  ]
 [   3.6185515   122.39329      15.002445  ]
 [   0.14939614    0.00780722    0.        ]
 [   0.            0.            0.1496    ]]

iter 41 cost=4.818484 -> 4.829169 |dtheta|=6.540683e-03  lambda=9.766e+00

============================================================
Iteration 42
============================================================
Theta offsets (Unity frame):
  Source   : dSx=   0.000, dSy=   0.000, dSz=   0.000  (mm)
  Object   : dOx=  -7.000, dOy=  -1.998, dOz=  -8.031  (mm)
  Object offset: offset_x=  -0.001, offset_z=  -0.000  (mm)
  Detector : dDx=   0.000, dDy=   0.000, dDz=   0.000  (mm)
  Obj Stage rotY :    2.992 deg
============================================================

Unity geometry (world coordinates):
  Source   : x=  -5.000, y=  38.000, z=   0.000
  Object   : x=   0.000, y=  18.002, z= 567.969
  Detector : x=  10.000, y=   3.000, z= 690.000
  Obj rotY :   0.0000 deg
view   0 | SOD= 568.343 mm | SDD= 691.050 mm | M= 1.216 | incident=3.1588°
[[  24.653135   -567.45557     -19.997677  ]
 [   3.6175854   122.38684      15.002323  ]
 [   0.14939608    0.00780849    0.        ]
 [   0.            0.            0.1496    ]]
Residual vector length: 1620, Jacobian shape: (1620, 6)
view   0 | SOD= 568.337 mm | SDD= 691.050 mm | M= 1.216 | incident=3.1588°
[[  24.648262   -567.44965     -19.997566  ]
 [   3.618556    122.39292      15.002434  ]
 [   0.14939614    0.00780723    0.        ]
 [   0.            0.            0.1496    ]]

iter 42 cost=4.818484 -> 4.808696 |dtheta|=6.204588e-03  lambda=4.883e+01

============================================================
Iteration 43
============================================================
Theta offsets (Unity frame):
  Source   : dSx=   0.000, dSy=   0.000, dSz=   0.000  (mm)
  Object   : dOx=  -7.000, dOy=  -1.998, dOz=  -8.037  (mm)
  Object offset: offset_x=  -0.001, offset_z=  -0.000  (mm)
  Detector : dDx=   0.000, dDy=   0.000, dDz=   0.000  (mm)
  Obj Stage rotY :    2.991 deg
============================================================

Unity geometry (world coordinates):
  Source   : x=  -5.000, y=  38.000, z=   0.000
  Object   : x=   0.000, y=  18.002, z= 567.963
  Detector : x=  10.000, y=   3.000, z= 690.000
  Obj rotY :   0.0000 deg
view   0 | SOD= 568.337 mm | SDD= 691.050 mm | M= 1.216 | incident=3.1588°
[[  24.648262   -567.44965     -19.997566  ]
 [   3.618556    122.39292      15.002434  ]
 [   0.14939614    0.00780723    0.        ]
 [   0.            0.            0.1496    ]]
Residual vector length: 1620, Jacobian shape: (1620, 6)
view   0 | SOD= 568.333 mm | SDD= 691.050 mm | M= 1.216 | incident=3.1588°
[[  24.635551   -567.4463      -19.99755   ]
 [   3.6208553   122.396736     15.002451  ]
 [   0.14939632    0.00780398    0.        ]
 [   0.            0.            0.1496    ]]

iter 43 cost=4.808696 -> 4.826803 |dtheta|=4.081061e-03  lambda=1.628e+01

============================================================
Iteration 44
============================================================
Theta offsets (Unity frame):
  Source   : dSx=   0.000, dSy=   0.000, dSz=   0.000  (mm)
  Object   : dOx=  -7.000, dOy=  -1.998, dOz=  -8.037  (mm)
  Object offset: offset_x=  -0.001, offset_z=  -0.000  (mm)
  Detector : dDx=   0.000, dDy=   0.000, dDz=   0.000  (mm)
  Obj Stage rotY :    2.991 deg
============================================================

Unity geometry (world coordinates):
  Source   : x=  -5.000, y=  38.000, z=   0.000
  Object   : x=   0.000, y=  18.002, z= 567.963
  Detector : x=  10.000, y=   3.000, z= 690.000
  Obj rotY :   0.0000 deg
view   0 | SOD= 568.337 mm | SDD= 691.050 mm | M= 1.216 | incident=3.1588°
[[  24.648262   -567.44965     -19.997566  ]
 [   3.618556    122.39292      15.002434  ]
 [   0.14939614    0.00780723    0.        ]
 [   0.            0.            0.1496    ]]
Residual vector length: 1620, Jacobian shape: (1620, 6)
view   0 | SOD= 568.333 mm | SDD= 691.050 mm | M= 1.216 | incident=3.1588°
[[  24.635864   -567.44666     -19.99756   ]
 [   3.620798    122.39637      15.0024395 ]
 [   0.1493963     0.00780406    0.        ]
 [   0.            0.            0.1496    ]]

iter 44 cost=4.808696 -> 4.837474 |dtheta|=3.757263e-03  lambda=8.138e+01

============================================================
Iteration 45
============================================================
Theta offsets (Unity frame):
  Source   : dSx=   0.000, dSy=   0.000, dSz=   0.000  (mm)
  Object   : dOx=  -7.000, dOy=  -1.998, dOz=  -8.037  (mm)
  Object offset: offset_x=  -0.001, offset_z=  -0.000  (mm)
  Detector : dDx=   0.000, dDy=   0.000, dDz=   0.000  (mm)
  Obj Stage rotY :    2.991 deg
============================================================

Unity geometry (world coordinates):
  Source   : x=  -5.000, y=  38.000, z=   0.000
  Object   : x=   0.000, y=  18.002, z= 567.963
  Detector : x=  10.000, y=   3.000, z= 690.000
  Obj rotY :   0.0000 deg
view   0 | SOD= 568.337 mm | SDD= 691.050 mm | M= 1.216 | incident=3.1588°
[[  24.648262   -567.44965     -19.997566  ]
 [   3.618556    122.39292      15.002434  ]
 [   0.14939614    0.00780723    0.        ]
 [   0.            0.            0.1496    ]]
Residual vector length: 1620, Jacobian shape: (1620, 6)
view   0 | SOD= 568.334 mm | SDD= 691.050 mm | M= 1.216 | incident=3.1588°
[[  24.63727    -567.44763     -19.997597  ]
 [   3.6205204   122.39534      15.002403  ]
 [   0.14939629    0.00780442    0.        ]
 [   0.            0.            0.1496    ]]

iter 45 cost=4.808696 -> 4.834424 |dtheta|=2.721000e-03  lambda=4.069e+02

============================================================
Iteration 46
============================================================
Theta offsets (Unity frame):
  Source   : dSx=   0.000, dSy=   0.000, dSz=   0.000  (mm)
  Object   : dOx=  -7.000, dOy=  -1.998, dOz=  -8.037  (mm)
  Object offset: offset_x=  -0.001, offset_z=  -0.000  (mm)
  Detector : dDx=   0.000, dDy=   0.000, dDz=   0.000  (mm)
  Obj Stage rotY :    2.991 deg
============================================================

Unity geometry (world coordinates):
  Source   : x=  -5.000, y=  38.000, z=   0.000
  Object   : x=   0.000, y=  18.002, z= 567.963
  Detector : x=  10.000, y=   3.000, z= 690.000
  Obj rotY :   0.0000 deg
view   0 | SOD= 568.337 mm | SDD= 691.050 mm | M= 1.216 | incident=3.1588°
[[  24.648262   -567.44965     -19.997566  ]
 [   3.618556    122.39292      15.002434  ]
 [   0.14939614    0.00780723    0.        ]
 [   0.            0.            0.1496    ]]
Residual vector length: 1620, Jacobian shape: (1620, 6)
view   0 | SOD= 568.336 mm | SDD= 691.050 mm | M= 1.216 | incident=3.1588°
[[  24.641317   -567.4489      -19.997646  ]
 [   3.6196856   122.3939       15.002354  ]
 [   0.14939623    0.00780548    0.        ]
 [   0.            0.            0.1496    ]]

iter 46 cost=4.808696 -> 4.830804 |dtheta|=1.234639e-03  lambda=2.035e+03

============================================================
Iteration 47
============================================================
Theta offsets (Unity frame):
  Source   : dSx=   0.000, dSy=   0.000, dSz=   0.000  (mm)
  Object   : dOx=  -7.000, dOy=  -1.998, dOz=  -8.037  (mm)
  Object offset: offset_x=  -0.001, offset_z=  -0.000  (mm)
  Detector : dDx=   0.000, dDy=   0.000, dDz=   0.000  (mm)
  Obj Stage rotY :    2.991 deg
============================================================

Unity geometry (world coordinates):
  Source   : x=  -5.000, y=  38.000, z=   0.000
  Object   : x=   0.000, y=  18.002, z= 567.963
  Detector : x=  10.000, y=   3.000, z= 690.000
  Obj rotY :   0.0000 deg
view   0 | SOD= 568.337 mm | SDD= 691.050 mm | M= 1.216 | incident=3.1588°
[[  24.648262   -567.44965     -19.997566  ]
 [   3.618556    122.39292      15.002434  ]
 [   0.14939614    0.00780723    0.        ]
 [   0.            0.            0.1496    ]]
Residual vector length: 1620, Jacobian shape: (1620, 6)
view   0 | SOD= 568.336 mm | SDD= 691.050 mm | M= 1.216 | incident=3.1588°
[[  24.645708   -567.4495      -19.997656  ]
 [   3.6188216   122.393135     15.002344  ]
 [   0.14939617    0.00780662    0.        ]
 [   0.            0.            0.1496    ]]

iter 47 cost=4.808696 -> 4.836299 |dtheta|=4.146000e-04  lambda=1.017e+04

============================================================
Iteration 48
============================================================
Theta offsets (Unity frame):
  Source   : dSx=   0.000, dSy=   0.000, dSz=   0.000  (mm)
  Object   : dOx=  -7.000, dOy=  -1.998, dOz=  -8.037  (mm)
  Object offset: offset_x=  -0.001, offset_z=  -0.000  (mm)
  Detector : dDx=   0.000, dDy=   0.000, dDz=   0.000  (mm)
  Obj Stage rotY :    2.991 deg
============================================================

Unity geometry (world coordinates):
  Source   : x=  -5.000, y=  38.000, z=   0.000
  Object   : x=   0.000, y=  18.002, z= 567.963
  Detector : x=  10.000, y=   3.000, z= 690.000
  Obj rotY :   0.0000 deg
view   0 | SOD= 568.337 mm | SDD= 691.050 mm | M= 1.216 | incident=3.1588°
[[  24.648262   -567.44965     -19.997566  ]
 [   3.618556    122.39292      15.002434  ]
 [   0.14939614    0.00780723    0.        ]
 [   0.            0.            0.1496    ]]
Residual vector length: 1620, Jacobian shape: (1620, 6)
view   0 | SOD= 568.337 mm | SDD= 691.050 mm | M= 1.216 | incident=3.1588°
[[  24.647585   -567.4496      -19.997622  ]
 [   3.618565    122.39297      15.002378  ]
 [   0.14939615    0.00780708    0.        ]
 [   0.            0.            0.1496    ]]

iter 48 cost=4.808696 -> 4.857193 |dtheta|=1.388418e-04  lambda=5.086e+04

============================================================
Iteration 49
============================================================
Theta offsets (Unity frame):
  Source   : dSx=   0.000, dSy=   0.000, dSz=   0.000  (mm)
  Object   : dOx=  -7.000, dOy=  -1.998, dOz=  -8.037  (mm)
  Object offset: offset_x=  -0.001, offset_z=  -0.000  (mm)
  Detector : dDx=   0.000, dDy=   0.000, dDz=   0.000  (mm)
  Obj Stage rotY :    2.991 deg
============================================================

Unity geometry (world coordinates):
  Source   : x=  -5.000, y=  38.000, z=   0.000
  Object   : x=   0.000, y=  18.002, z= 567.963
  Detector : x=  10.000, y=   3.000, z= 690.000
  Obj rotY :   0.0000 deg
view   0 | SOD= 568.337 mm | SDD= 691.050 mm | M= 1.216 | incident=3.1588°
[[  24.648262   -567.44965     -19.997566  ]
 [   3.618556    122.39292      15.002434  ]
 [   0.14939614    0.00780723    0.        ]
 [   0.            0.            0.1496    ]]
Residual vector length: 1620, Jacobian shape: (1620, 6)
view   0 | SOD= 568.337 mm | SDD= 691.050 mm | M= 1.216 | incident=3.1588°
[[  24.648111   -567.44965     -19.997585  ]
 [   3.6185515   122.392914     15.002415  ]
 [   0.14939614    0.00780719    0.        ]
 [   0.            0.            0.1496    ]]

iter 49 cost=4.808696 -> 4.832443 |dtheta|=3.661245e-05  lambda=2.543e+05

============================================================
Iteration 50
============================================================
Theta offsets (Unity frame):
  Source   : dSx=   0.000, dSy=   0.000, dSz=   0.000  (mm)
  Object   : dOx=  -7.000, dOy=  -1.998, dOz=  -8.037  (mm)
  Object offset: offset_x=  -0.001, offset_z=  -0.000  (mm)
  Detector : dDx=   0.000, dDy=   0.000, dDz=   0.000  (mm)
  Obj Stage rotY :    2.991 deg
============================================================

Unity geometry (world coordinates):
  Source   : x=  -5.000, y=  38.000, z=   0.000
  Object   : x=   0.000, y=  18.002, z= 567.963
  Detector : x=  10.000, y=   3.000, z= 690.000
  Obj rotY :   0.0000 deg
view   0 | SOD= 568.337 mm | SDD= 691.050 mm | M= 1.216 | incident=3.1588°
[[  24.648262   -567.44965     -19.997566  ]
 [   3.618556    122.39292      15.002434  ]
 [   0.14939614    0.00780723    0.        ]
 [   0.            0.            0.1496    ]]
Residual vector length: 1620, Jacobian shape: (1620, 6)
view   0 | SOD= 568.337 mm | SDD= 691.050 mm | M= 1.216 | incident=3.1588°
[[  24.648222   -567.44965     -19.997572  ]
 [   3.618554    122.39292      15.002428  ]
 [   0.14939614    0.00780722    0.        ]
 [   0.            0.            0.1496    ]]

iter 50 cost=4.808696 -> 4.825717 |dtheta|=1.000778e-05  lambda=1.000e+06

============================================================
Iteration 51
============================================================
Theta offsets (Unity frame):
  Source   : dSx=   0.000, dSy=   0.000, dSz=   0.000  (mm)
  Object   : dOx=  -7.000, dOy=  -1.998, dOz=  -8.037  (mm)
  Object offset: offset_x=  -0.001, offset_z=  -0.000  (mm)
  Detector : dDx=   0.000, dDy=   0.000, dDz=   0.000  (mm)
  Obj Stage rotY :    2.991 deg
============================================================

Unity geometry (world coordinates):
  Source   : x=  -5.000, y=  38.000, z=   0.000
  Object   : x=   0.000, y=  18.002, z= 567.963
  Detector : x=  10.000, y=   3.000, z= 690.000
  Obj rotY :   0.0000 deg
view   0 | SOD= 568.337 mm | SDD= 691.050 mm | M= 1.216 | incident=3.1588°
[[  24.648262   -567.44965     -19.997566  ]
 [   3.618556    122.39292      15.002434  ]
 [   0.14939614    0.00780723    0.        ]
 [   0.            0.            0.1496    ]]
Residual vector length: 1620, Jacobian shape: (1620, 6)
view   0 | SOD= 568.337 mm | SDD= 691.050 mm | M= 1.216 | incident=3.1588°
[[  24.648222   -567.44965     -19.997572  ]
 [   3.618554    122.39292      15.002428  ]
 [   0.14939614    0.00780722    0.        ]
 [   0.            0.            0.1496    ]]

iter 51 cost=4.808696 -> 4.825717 |dtheta|=1.000778e-05  lambda=1.000e+06

============================================================
Iteration 52
============================================================
Theta offsets (Unity frame):
  Source   : dSx=   0.000, dSy=   0.000, dSz=   0.000  (mm)
  Object   : dOx=  -7.000, dOy=  -1.998, dOz=  -8.037  (mm)
  Object offset: offset_x=  -0.001, offset_z=  -0.000  (mm)
  Detector : dDx=   0.000, dDy=   0.000, dDz=   0.000  (mm)
  Obj Stage rotY :    2.991 deg
============================================================

Unity geometry (world coordinates):
  Source   : x=  -5.000, y=  38.000, z=   0.000
  Object   : x=   0.000, y=  18.002, z= 567.963
  Detector : x=  10.000, y=   3.000, z= 690.000
  Obj rotY :   0.0000 deg
view   0 | SOD= 568.337 mm | SDD= 691.050 mm | M= 1.216 | incident=3.1588°
[[  24.648262   -567.44965     -19.997566  ]
 [   3.618556    122.39292      15.002434  ]
 [   0.14939614    0.00780723    0.        ]
 [   0.            0.            0.1496    ]]
Residual vector length: 1620, Jacobian shape: (1620, 6)
view   0 | SOD= 568.337 mm | SDD= 691.050 mm | M= 1.216 | incident=3.1588°
[[  24.648222   -567.44965     -19.997572  ]
 [   3.618554    122.39292      15.002428  ]
 [   0.14939614    0.00780722    0.        ]
 [   0.            0.            0.1496    ]]

iter 52 cost=4.808696 -> 4.825717 |dtheta|=1.000778e-05  lambda=1.000e+06

============================================================
Iteration 53
============================================================
Theta offsets (Unity frame):
  Source   : dSx=   0.000, dSy=   0.000, dSz=   0.000  (mm)
  Object   : dOx=  -7.000, dOy=  -1.998, dOz=  -8.037  (mm)
  Object offset: offset_x=  -0.001, offset_z=  -0.000  (mm)
  Detector : dDx=   0.000, dDy=   0.000, dDz=   0.000  (mm)
  Obj Stage rotY :    2.991 deg
============================================================

Unity geometry (world coordinates):
  Source   : x=  -5.000, y=  38.000, z=   0.000
  Object   : x=   0.000, y=  18.002, z= 567.963
  Detector : x=  10.000, y=   3.000, z= 690.000
  Obj rotY :   0.0000 deg
view   0 | SOD= 568.337 mm | SDD= 691.050 mm | M= 1.216 | incident=3.1588°
[[  24.648262   -567.44965     -19.997566  ]
 [   3.618556    122.39292      15.002434  ]
 [   0.14939614    0.00780723    0.        ]
 [   0.            0.            0.1496    ]]
Residual vector length: 1620, Jacobian shape: (1620, 6)
view   0 | SOD= 568.337 mm | SDD= 691.050 mm | M= 1.216 | incident=3.1588°
[[  24.648222   -567.44965     -19.997572  ]
 [   3.618554    122.39292      15.002428  ]
 [   0.14939614    0.00780722    0.        ]
 [   0.            0.            0.1496    ]]

iter 53 cost=4.808696 -> 4.825717 |dtheta|=1.000778e-05  lambda=1.000e+06

============================================================
Iteration 54
============================================================
Theta offsets (Unity frame):
  Source   : dSx=   0.000, dSy=   0.000, dSz=   0.000  (mm)
  Object   : dOx=  -7.000, dOy=  -1.998, dOz=  -8.037  (mm)
  Object offset: offset_x=  -0.001, offset_z=  -0.000  (mm)
  Detector : dDx=   0.000, dDy=   0.000, dDz=   0.000  (mm)
  Obj Stage rotY :    2.991 deg
============================================================

Unity geometry (world coordinates):
  Source   : x=  -5.000, y=  38.000, z=   0.000
  Object   : x=   0.000, y=  18.002, z= 567.963
  Detector : x=  10.000, y=   3.000, z= 690.000
  Obj rotY :   0.0000 deg
view   0 | SOD= 568.337 mm | SDD= 691.050 mm | M= 1.216 | incident=3.1588°
[[  24.648262   -567.44965     -19.997566  ]
 [   3.618556    122.39292      15.002434  ]
 [   0.14939614    0.00780723    0.        ]
 [   0.            0.            0.1496    ]]
Residual vector length: 1620, Jacobian shape: (1620, 6)
view   0 | SOD= 568.337 mm | SDD= 691.050 mm | M= 1.216 | incident=3.1588°
[[  24.648222   -567.44965     -19.997572  ]
 [   3.618554    122.39292      15.002428  ]
 [   0.14939614    0.00780722    0.        ]
 [   0.            0.            0.1496    ]]

iter 54 cost=4.808696 -> 4.825717 |dtheta|=1.000778e-05  lambda=1.000e+06

============================================================
Iteration 55
============================================================
Theta offsets (Unity frame):
  Source   : dSx=   0.000, dSy=   0.000, dSz=   0.000  (mm)
  Object   : dOx=  -7.000, dOy=  -1.998, dOz=  -8.037  (mm)
  Object offset: offset_x=  -0.001, offset_z=  -0.000  (mm)
  Detector : dDx=   0.000, dDy=   0.000, dDz=   0.000  (mm)
  Obj Stage rotY :    2.991 deg
============================================================

Unity geometry (world coordinates):
  Source   : x=  -5.000, y=  38.000, z=   0.000
  Object   : x=   0.000, y=  18.002, z= 567.963
  Detector : x=  10.000, y=   3.000, z= 690.000
  Obj rotY :   0.0000 deg
view   0 | SOD= 568.337 mm | SDD= 691.050 mm | M= 1.216 | incident=3.1588°
[[  24.648262   -567.44965     -19.997566  ]
 [   3.618556    122.39292      15.002434  ]
 [   0.14939614    0.00780723    0.        ]
 [   0.            0.            0.1496    ]]
Residual vector length: 1620, Jacobian shape: (1620, 6)
view   0 | SOD= 568.337 mm | SDD= 691.050 mm | M= 1.216 | incident=3.1588°
[[  24.648222   -567.44965     -19.997572  ]
 [   3.618554    122.39292      15.002428  ]
 [   0.14939614    0.00780722    0.        ]
 [   0.            0.            0.1496    ]]

iter 55 cost=4.808696 -> 4.825717 |dtheta|=1.000778e-05  lambda=1.000e+06

============================================================
Iteration 56
============================================================
Theta offsets (Unity frame):
  Source   : dSx=   0.000, dSy=   0.000, dSz=   0.000  (mm)
  Object   : dOx=  -7.000, dOy=  -1.998, dOz=  -8.037  (mm)
  Object offset: offset_x=  -0.001, offset_z=  -0.000  (mm)
  Detector : dDx=   0.000, dDy=   0.000, dDz=   0.000  (mm)
  Obj Stage rotY :    2.991 deg
============================================================

Unity geometry (world coordinates):
  Source   : x=  -5.000, y=  38.000, z=   0.000
  Object   : x=   0.000, y=  18.002, z= 567.963
  Detector : x=  10.000, y=   3.000, z= 690.000
  Obj rotY :   0.0000 deg
view   0 | SOD= 568.337 mm | SDD= 691.050 mm | M= 1.216 | incident=3.1588°
[[  24.648262   -567.44965     -19.997566  ]
 [   3.618556    122.39292      15.002434  ]
 [   0.14939614    0.00780723    0.        ]
 [   0.            0.            0.1496    ]]
Residual vector length: 1620, Jacobian shape: (1620, 6)
view   0 | SOD= 568.337 mm | SDD= 691.050 mm | M= 1.216 | incident=3.1588°
[[  24.648222   -567.44965     -19.997572  ]
 [   3.618554    122.39292      15.002428  ]
 [   0.14939614    0.00780722    0.        ]
 [   0.            0.            0.1496    ]]

iter 56 cost=4.808696 -> 4.825717 |dtheta|=1.000778e-05  lambda=1.000e+06
Stalled.

Estimated theta:
  dSx: +0.000000
  dSy: +0.000000
  dOx: -6.999861
  dOy: -1.997567
  dOz: -8.037179
  dDx: +0.000000
  dDy: +0.000000
  dDz: +0.000000
alpha: +2.991473e+00 deg)
offset_x: -0.001125
offset_z: -0.000120

Final cost table:
Fake theta: [ 0.  0. -7. -2. -8.  0.  0.  0.  3.  0.  0.]
Final estimated theta: [ 0.          0.         -6.99986058 -1.99756655 -8.03717896  0.
  0.          0.          2.99147329 -0.00112549 -0.00012026]
Diff from Expected: [ 0.          0.          0.00013942  0.00243345 -0.03717896  0.
  0.          0.         -0.00852671 -0.00112549 -0.00012026]
################################################################################

