Phantom already exists, skipping: cuboid_phantom_3_small.npy

################################################################################
Running cuboid=small scenario=G4 N_ANGLES=60, K=3
view   0 | SOD= 568.374 mm | SDD= 691.050 mm | M= 1.216 | incident=3.1588°
[[  24.733675   -567.4833      -20.        ]
 [   3.6013086   122.35616      15.        ]
 [   0.14939497    0.00782946    0.        ]
 [   0.            0.            0.1496    ]]
           image          x1          y1  area1          x2          y2  area2          x3          y3  area3
0   proj_000.png  472.589641  170.187251    753  364.600840  305.568627    714  472.692513  450.421123    748
1   proj_001.png  465.212682  170.294584    757  371.922535  305.449296    710  465.179657  450.856011    757
2   proj_002.png  457.230871  170.284960    758  379.673239  305.300000    710  457.253595  451.066667    765
3   proj_003.png  448.879106  170.311432    761  387.842917  305.199158    713  448.877792  451.346912    761
4   proj_004.png  440.087582  170.343791    765  396.378187  305.096317    706  440.097240  451.492773    761
5   proj_005.png  431.071895  170.305882    765  405.097458  305.000000    708  431.062827  451.671466    764
6   proj_006.png  421.964520  170.340342    761  413.842330  304.936080    704  421.980315  451.704724    762
7   proj_007.png  412.836173  170.300131    763  422.676596  304.937589    705  412.826999  451.722149    763
8   proj_008.png  403.735874  170.293035    761  431.531161  305.024079    706  403.720685  451.670619    759
9   proj_009.png  394.686430  170.287220    759  440.250354  305.084866    707  394.686763  451.532110    763
10  proj_010.png  385.916121  170.325033    763  448.652602  305.255977    711  385.922876  451.282353    765
11  proj_011.png  377.585621  170.207843    765  456.721910  305.359551    712  377.560367  451.035433    762
12  proj_012.png  369.721268  170.248349    757  464.556962  305.436006    711  369.722955  450.779683    758
13  proj_013.png  362.336424  170.211921    755  471.713483  305.633427    712  362.276821  450.339073    755
14  proj_014.png  355.672414  170.188329    754  478.448808  305.762973    713  355.642762  449.976096    753
15  proj_015.png  349.665333  170.152000    750  484.454672  306.189679    717  349.722892  449.499331    747
16  proj_016.png  344.550201  170.105756    747  489.711888  306.341259    715  344.512032  449.018717    748
17  proj_017.png  340.118598  170.076819    742  494.272727  306.588811    715  340.107817  448.522911    742
18  proj_018.png  336.605691  170.028455    738  497.959889  306.893499    723  336.595687  447.989218    742
19  proj_019.png  334.008108  170.018919    740  500.933702  307.232044    724  334.025710  447.387009    739
20  proj_020.png  332.348361  169.974044    732  502.886584  307.539419    723  332.370068  446.726531    735
21  proj_021.png  331.581267  169.892562    726  503.922971  307.845942    727  331.539419  446.232365    723
22  proj_022.png  331.737796  169.799163    717  504.100829  308.226519    724  331.757660  445.628134    718
23  proj_023.png  332.979079  169.820084    717  503.309392  308.500000    724  332.970793  445.016690    719
24  proj_024.png  335.081346  169.716690    713  501.473901  308.699176    728  335.108298  444.465541    711
25  proj_025.png  338.020921  169.714086    717  498.819293  309.105978    736  338.018131  443.934449    717
26  proj_026.png  341.801953  169.649930    717  495.152497  309.375169    741  341.784916  443.396648    716
27  proj_027.png  346.500000  169.687151    716  490.726783  309.658143    743  346.490141  442.847887    710
28  proj_028.png  351.872011  169.579466    711  485.350598  309.961487    753  351.922535  442.490141    710
29  proj_029.png  357.849719  169.582865    712  479.385126  310.126162    753  357.914804  442.020950    716
30  proj_030.png  364.613668  169.542538    717  472.630174  310.299065    749  364.615063  441.612273    717
31  proj_031.png  371.915374  169.520451    709  465.165125  310.598415    757  371.869748  441.368347    714
32  proj_032.png  379.632022  169.500000    712  457.226316  310.753947    760  379.651685  441.123596    712
33  proj_033.png  387.758427  169.500000    712  448.882507  310.860313    766  387.747887  440.767606    710
34  proj_034.png  396.309958  169.451613    713  440.167539  310.945026    764  396.359833  440.626220    717
35  proj_035.png  405.062589  169.492176    703  431.146597  310.986911    764  405.107649  440.521246    706
36  proj_036.png  413.852691  169.471671    706  421.917323  311.043307    762  413.854520  440.481638    708
37  proj_037.png  422.739069  169.438646    709  412.820210  311.028871    762  422.722300  440.460028    713
38  proj_038.png  431.528169  169.471831    710  403.595550  311.001309    764  431.537167  440.546985    713
39  proj_039.png  440.251052  169.496494    713  394.631717  310.975098    763  440.255259  440.638149    713
40  proj_040.png  448.709497  169.500000    716  385.889764  310.821522    762  448.588732  440.811268    710
41  proj_041.png  456.746835  169.517581    711  377.581913  310.764089    763  456.724476  441.173427    715
42  proj_042.png  464.517581  169.549930    711  369.785904  310.539894    752  464.520451  441.456982    709
43  proj_043.png  471.719888  169.567227    714  362.332891  310.232095    754  471.685835  441.690042    713
44  proj_044.png  478.442737  169.557263    716  355.648541  310.068966    754  478.437762  442.197203    715
45  proj_045.png  484.474930  169.625348    718  349.664000  309.888000    750  484.446453  442.543811    719
46  proj_046.png  489.698324  169.642458    716  344.539295  309.581301    738  489.683773  443.056865    721
47  proj_047.png  494.257343  169.651748    715  340.088829  309.277254    743  494.294282  443.555091    717
48  proj_048.png  498.002755  169.691460    726  336.574324  309.021622    740  498.042759  444.064828    725
49  proj_049.png  500.933702  169.767956    724  334.005435  308.705163    736  500.903448  444.612414    725
50  proj_050.png  502.893793  169.787586    725  332.431129  308.431129    726  502.924347  445.237964    727
51  proj_051.png  503.937845  169.915746    724  331.561983  308.096419    726  503.932692  445.759615    728
52  proj_052.png  504.135802  169.939643    729  331.773925  307.718447    721  504.120166  446.343923    724
53  proj_053.png  503.235294  170.000000    731  332.894663  307.469101    712  503.242134  446.958960    731
54  proj_054.png  501.449655  170.016552    725  335.066011  307.151685    712  501.454047  447.519890    729
55  proj_055.png  498.821769  170.126531    735  338.027701  306.801939    722  498.797297  448.062162    740
56  proj_056.png  495.110363  170.096904    743  341.825419  306.530726    716  495.086022  448.584677    744
57  proj_057.png  490.721180  170.143432    746  346.518934  306.270687    713  490.675134  449.110963    748
58  proj_058.png  485.318182  170.200535    748  351.929972  306.039216    714  485.340027  449.686747    747
59  proj_059.png  479.354111  170.205570    754  357.891061  305.787709    716  479.382781  450.054305    755

============================================================
Iteration 0
============================================================
Theta offsets (Unity frame):
  Source   : dSx=   0.000, dSy=   0.000, dSz=   0.000  (mm)
  Object   : dOx=   0.000, dOy=   0.000, dOz=   0.000  (mm)
  Object offset: offset_x=   0.000, offset_z=   0.000  (mm)
  Detector : dDx=   0.000, dDy=   0.000, dDz=   0.000  (mm)
  Obj Stage rotY :    0.000 deg
============================================================

Unity geometry (world coordinates):
  Source   : x=  -5.000, y=  38.000, z=   0.000
  Object   : x=   7.000, y=  20.000, z= 576.000
  Detector : x=  10.000, y=   3.000, z= 690.000
  Obj rotY :   0.0000 deg
view   0 | SOD= 576.406 mm | SDD= 691.050 mm | M= 1.199 | incident=3.1588°
[[ -12.     -576.      -18.    ]
 [   3.      114.       17.    ]
 [   0.1496    0.        0.    ]
 [   0.        0.        0.1496]]
Residual vector length: 540, Jacobian shape: (540, 6)
view   0 | SOD= 579.489 mm | SDD= 691.050 mm | M= 1.193 | incident=3.1588°
[[   3.6325052  -579.1337      -19.974623  ]
 [   6.0279493   111.025154     15.025377  ]
 [   0.14957504    0.00273227    0.        ]
 [   0.            0.            0.1496    ]]

iter 00 cost=310607.718838 -> 28136.140500 |dtheta|=6.242644e+00  lambda=1.000e-02

============================================================
Iteration 1
============================================================
Theta offsets (Unity frame):
  Source   : dSx=   0.000, dSy=   0.000, dSz=   0.000  (mm)
  Object   : dOx=  -4.851, dOy=  -1.975, dOz=   3.223  (mm)
  Object offset: offset_x=  -0.204, offset_z=  -0.120  (mm)
  Detector : dDx=   0.000, dDy=   0.000, dDz=   0.000  (mm)
  Obj Stage rotY :    1.046 deg
============================================================

Unity geometry (world coordinates):
  Source   : x=  -5.000, y=  38.000, z=   0.000
  Object   : x=   2.149, y=  18.025, z= 579.223
  Detector : x=  10.000, y=   3.000, z= 690.000
  Obj rotY :   0.0000 deg
view   0 | SOD= 579.489 mm | SDD= 691.050 mm | M= 1.193 | incident=3.1588°
[[   3.6325052  -579.1337      -19.974623  ]
 [   6.0279493   111.025154     15.025377  ]
 [   0.14957504    0.00273227    0.        ]
 [   0.            0.            0.1496    ]]
Residual vector length: 540, Jacobian shape: (540, 6)
view   0 | SOD= 577.878 mm | SDD= 691.050 mm | M= 1.196 | incident=3.1588°
[[  14.165212   -577.3527      -20.157534  ]
 [   5.6518345   112.75779      14.842466  ]
 [   0.14951317    0.00509609    0.        ]
 [   0.            0.            0.1496    ]]

iter 01 cost=28136.140500 -> 3383.377033 |dtheta|=2.500181e+00  lambda=3.333e-03

============================================================
Iteration 2
============================================================
Theta offsets (Unity frame):
  Source   : dSx=   0.000, dSy=   0.000, dSz=   0.000  (mm)
  Object   : dOx=  -6.425, dOy=  -2.158, dOz=   1.523  (mm)
  Object offset: offset_x=  -0.064, offset_z=  -0.023  (mm)
  Detector : dDx=   0.000, dDy=   0.000, dDz=   0.000  (mm)
  Obj Stage rotY :    1.952 deg
============================================================

Unity geometry (world coordinates):
  Source   : x=  -5.000, y=  38.000, z=   0.000
  Object   : x=   0.575, y=  17.842, z= 577.523
  Detector : x=  10.000, y=   3.000, z= 690.000
  Obj rotY :   0.0000 deg
view   0 | SOD= 577.878 mm | SDD= 691.050 mm | M= 1.196 | incident=3.1588°
[[  14.165212   -577.3527      -20.157534  ]
 [   5.6518345   112.75779      14.842466  ]
 [   0.14951317    0.00509609    0.        ]
 [   0.            0.            0.1496    ]]
Residual vector length: 540, Jacobian shape: (540, 6)
view   0 | SOD= 576.058 mm | SDD= 691.050 mm | M= 1.200 | incident=3.1588°
[[  17.904728   -575.4234      -20.260975  ]
 [   5.313002    114.62476      14.739025  ]
 [   0.14948045    0.00597961    0.        ]
 [   0.            0.            0.1496    ]]

iter 02 cost=3383.377033 -> 1183.402421 |dtheta|=1.944264e+00  lambda=1.111e-03

============================================================
Iteration 3
============================================================
Theta offsets (Unity frame):
  Source   : dSx=   0.000, dSy=   0.000, dSz=   0.000  (mm)
  Object   : dOx=  -6.833, dOy=  -2.261, dOz=  -0.344  (mm)
  Object offset: offset_x=  -0.058, offset_z=   0.023  (mm)
  Detector : dDx=   0.000, dDy=   0.000, dDz=   0.000  (mm)
  Obj Stage rotY :    2.291 deg
============================================================

Unity geometry (world coordinates):
  Source   : x=  -5.000, y=  38.000, z=   0.000
  Object   : x=   0.167, y=  17.739, z= 575.656
  Detector : x=  10.000, y=   3.000, z= 690.000
  Obj rotY :   0.0000 deg
view   0 | SOD= 576.058 mm | SDD= 691.050 mm | M= 1.200 | incident=3.1588°
[[  17.904728   -575.4234      -20.260975  ]
 [   5.313002    114.62476      14.739025  ]
 [   0.14948045    0.00597961    0.        ]
 [   0.            0.            0.1496    ]]
Residual vector length: 540, Jacobian shape: (540, 6)
view   0 | SOD= 574.880 mm | SDD= 691.050 mm | M= 1.202 | incident=3.1588°
[[  19.992035   -574.1752      -20.243988  ]
 [   4.9498234   115.82392      14.756012  ]
 [   0.14945827    0.00651042    0.        ]
 [   0.            0.            0.1496    ]]

iter 03 cost=1183.402421 -> 791.462298 |dtheta|=1.219503e+00  lambda=3.704e-04

============================================================
Iteration 4
============================================================
Theta offsets (Unity frame):
  Source   : dSx=   0.000, dSy=   0.000, dSz=   0.000  (mm)
  Object   : dOx=  -6.948, dOy=  -2.244, dOz=  -1.540  (mm)
  Object offset: offset_x=  -0.037, offset_z=   0.041  (mm)
  Detector : dDx=   0.000, dDy=   0.000, dDz=   0.000  (mm)
  Obj Stage rotY :    2.494 deg
============================================================

Unity geometry (world coordinates):
  Source   : x=  -5.000, y=  38.000, z=   0.000
  Object   : x=   0.052, y=  17.756, z= 574.460
  Detector : x=  10.000, y=   3.000, z= 690.000
  Obj rotY :   0.0000 deg
view   0 | SOD= 574.880 mm | SDD= 691.050 mm | M= 1.202 | incident=3.1588°
[[  19.992035   -574.1752      -20.243988  ]
 [   4.9498234   115.82392      14.756012  ]
 [   0.14945827    0.00651042    0.        ]
 [   0.            0.            0.1496    ]]
Residual vector length: 540, Jacobian shape: (540, 6)
view   0 | SOD= 573.768 mm | SDD= 691.050 mm | M= 1.204 | incident=3.1588°
[[  21.618528   -573.0048      -20.205128  ]
 [   4.5025287   116.945946     14.794872  ]
 [   0.14943802    0.0069596     0.        ]
 [   0.            0.            0.1496    ]]

iter 04 cost=791.462298 -> 532.486528 |dtheta|=1.133014e+00  lambda=1.235e-04

============================================================
Iteration 5
============================================================
Theta offsets (Unity frame):
  Source   : dSx=   0.000, dSy=   0.000, dSz=   0.000  (mm)
  Object   : dOx=  -6.956, dOy=  -2.205, dOz=  -2.658  (mm)
  Object offset: offset_x=   0.018, offset_z=   0.048  (mm)
  Detector : dDx=   0.000, dDy=   0.000, dDz=   0.000  (mm)
  Obj Stage rotY :    2.666 deg
============================================================

Unity geometry (world coordinates):
  Source   : x=  -5.000, y=  38.000, z=   0.000
  Object   : x=   0.044, y=  17.795, z= 573.342
  Detector : x=  10.000, y=   3.000, z= 690.000
  Obj rotY :   0.0000 deg
view   0 | SOD= 573.768 mm | SDD= 691.050 mm | M= 1.204 | incident=3.1588°
[[  21.618528   -573.0048      -20.205128  ]
 [   4.5025287   116.945946     14.794872  ]
 [   0.14943802    0.0069596     0.        ]
 [   0.            0.            0.1496    ]]
Residual vector length: 540, Jacobian shape: (540, 6)
view   0 | SOD= 572.785 mm | SDD= 691.050 mm | M= 1.206 | incident=3.1588°
[[  22.5056     -571.9886      -20.138865  ]
 [   4.2383733   117.93268      14.8611355 ]
 [   0.1494262     0.00720894    0.        ]
 [   0.            0.            0.1496    ]]

iter 05 cost=532.486528 -> 358.326634 |dtheta|=9.770547e-01  lambda=4.115e-05

============================================================
Iteration 6
============================================================
Theta offsets (Unity frame):
  Source   : dSx=   0.000, dSy=   0.000, dSz=   0.000  (mm)
  Object   : dOx=  -6.942, dOy=  -2.139, dOz=  -3.628  (mm)
  Object offset: offset_x=   0.026, offset_z=   0.036  (mm)
  Detector : dDx=   0.000, dDy=   0.000, dDz=   0.000  (mm)
  Obj Stage rotY :    2.762 deg
============================================================

Unity geometry (world coordinates):
  Source   : x=  -5.000, y=  38.000, z=   0.000
  Object   : x=   0.058, y=  17.861, z= 572.372
  Detector : x=  10.000, y=   3.000, z= 690.000
  Obj rotY :   0.0000 deg
view   0 | SOD= 572.785 mm | SDD= 691.050 mm | M= 1.206 | incident=3.1588°
[[  22.5056     -571.9886      -20.138865  ]
 [   4.2383733   117.93268      14.8611355 ]
 [   0.1494262     0.00720894    0.        ]
 [   0.            0.            0.1496    ]]
Residual vector length: 540, Jacobian shape: (540, 6)
view   0 | SOD= 571.889 mm | SDD= 691.050 mm | M= 1.208 | incident=3.1588°
[[  23.744478   -571.0419      -20.119093  ]
 [   3.9428725   118.83703      14.880907  ]
 [   0.1494098     0.00754126    0.        ]
 [   0.            0.            0.1496    ]]

iter 06 cost=358.326634 -> 227.817065 |dtheta|=8.909044e-01  lambda=1.372e-05

============================================================
Iteration 7
============================================================
Theta offsets (Unity frame):
  Source   : dSx=   0.000, dSy=   0.000, dSz=   0.000  (mm)
  Object   : dOx=  -6.955, dOy=  -2.119, dOz=  -4.509  (mm)
  Object offset: offset_x=   0.026, offset_z=   0.022  (mm)
  Detector : dDx=   0.000, dDy=   0.000, dDz=   0.000  (mm)
  Obj Stage rotY :    2.889 deg
============================================================

Unity geometry (world coordinates):
  Source   : x=  -5.000, y=  38.000, z=   0.000
  Object   : x=   0.045, y=  17.881, z= 571.491
  Detector : x=  10.000, y=   3.000, z= 690.000
  Obj rotY :   0.0000 deg
view   0 | SOD= 571.889 mm | SDD= 691.050 mm | M= 1.208 | incident=3.1588°
[[  23.744478   -571.0419      -20.119093  ]
 [   3.9428725   118.83703      14.880907  ]
 [   0.1494098     0.00754126    0.        ]
 [   0.            0.            0.1496    ]]
Residual vector length: 540, Jacobian shape: (540, 6)
view   0 | SOD= 571.336 mm | SDD= 691.050 mm | M= 1.210 | incident=3.1588°
[[  24.420603   -570.46014     -20.10534   ]
 [   3.8116374   119.39513      14.894661  ]
 [   0.14940087    0.00771611    0.        ]
 [   0.            0.            0.1496    ]]

iter 07 cost=227.817065 -> 162.886710 |dtheta|=5.594805e-01  lambda=4.572e-06

============================================================
Iteration 8
============================================================
Theta offsets (Unity frame):
  Source   : dSx=   0.000, dSy=   0.000, dSz=   0.000  (mm)
  Object   : dOx=  -6.967, dOy=  -2.105, dOz=  -5.064  (mm)
  Object offset: offset_x=   0.002, offset_z=   0.024  (mm)
  Detector : dDx=   0.000, dDy=   0.000, dDz=   0.000  (mm)
  Obj Stage rotY :    2.957 deg
============================================================

Unity geometry (world coordinates):
  Source   : x=  -5.000, y=  38.000, z=   0.000
  Object   : x=   0.033, y=  17.895, z= 570.936
  Detector : x=  10.000, y=   3.000, z= 690.000
  Obj rotY :   0.0000 deg
view   0 | SOD= 571.336 mm | SDD= 691.050 mm | M= 1.210 | incident=3.1588°
[[  24.420603   -570.46014     -20.10534   ]
 [   3.8116374   119.39513      14.894661  ]
 [   0.14940087    0.00771611    0.        ]
 [   0.            0.            0.1496    ]]
Residual vector length: 540, Jacobian shape: (540, 6)
view   0 | SOD= 570.752 mm | SDD= 691.050 mm | M= 1.211 | incident=3.1588°
[[  25.006      -569.85077     -20.079744  ]
 [   3.673086    119.98249      14.920256  ]
 [   0.1493927     0.00787289    0.        ]
 [   0.            0.            0.1496    ]]

iter 08 cost=162.886710 -> 103.143902 |dtheta|=5.802121e-01  lambda=1.524e-06

============================================================
Iteration 9
============================================================
Theta offsets (Unity frame):
  Source   : dSx=   0.000, dSy=   0.000, dSz=   0.000  (mm)
  Object   : dOx=  -6.988, dOy=  -2.080, dOz=  -5.640  (mm)
  Object offset: offset_x=   0.005, offset_z=   0.017  (mm)
  Detector : dDx=   0.000, dDy=   0.000, dDz=   0.000  (mm)
  Obj Stage rotY :    3.017 deg
============================================================

Unity geometry (world coordinates):
  Source   : x=  -5.000, y=  38.000, z=   0.000
  Object   : x=   0.012, y=  17.920, z= 570.360
  Detector : x=  10.000, y=   3.000, z= 690.000
  Obj rotY :   0.0000 deg
view   0 | SOD= 570.752 mm | SDD= 691.050 mm | M= 1.211 | incident=3.1588°
[[  25.006      -569.85077     -20.079744  ]
 [   3.673086    119.98249      14.920256  ]
 [   0.1493927     0.00787289    0.        ]
 [   0.            0.            0.1496    ]]
Residual vector length: 540, Jacobian shape: (540, 6)
view   0 | SOD= 570.311 mm | SDD= 691.050 mm | M= 1.212 | incident=3.1588°
[[  24.536655   -569.4294      -20.068647  ]
 [   3.7474833   120.42045      14.931353  ]
 [   0.14939885    0.00775513    0.        ]
 [   0.            0.            0.1496    ]]

iter 09 cost=103.143902 -> 72.169104 |dtheta|=4.434932e-01  lambda=1.000e-06

============================================================
Iteration 10
============================================================
Theta offsets (Unity frame):
  Source   : dSx=   0.000, dSy=   0.000, dSz=   0.000  (mm)
  Object   : dOx=  -6.987, dOy=  -2.069, dOz=  -6.081  (mm)
  Object offset: offset_x=   0.002, offset_z=   0.017  (mm)
  Detector : dDx=   0.000, dDy=   0.000, dDz=   0.000  (mm)
  Obj Stage rotY :    2.971 deg
============================================================

Unity geometry (world coordinates):
  Source   : x=  -5.000, y=  38.000, z=   0.000
  Object   : x=   0.013, y=  17.931, z= 569.919
  Detector : x=  10.000, y=   3.000, z= 690.000
  Obj rotY :   0.0000 deg
view   0 | SOD= 570.311 mm | SDD= 691.050 mm | M= 1.212 | incident=3.1588°
[[  24.536655   -569.4294      -20.068647  ]
 [   3.7474833   120.42045      14.931353  ]
 [   0.14939885    0.00775513    0.        ]
 [   0.            0.            0.1496    ]]
Residual vector length: 540, Jacobian shape: (540, 6)
view   0 | SOD= 569.966 mm | SDD= 691.050 mm | M= 1.212 | incident=3.1588°
[[  24.674473   -569.0786      -20.052635  ]
 [   3.6914325   120.76535      14.947365  ]
 [   0.14939667    0.00779712    0.        ]
 [   0.            0.            0.1496    ]]

iter 10 cost=72.169104 -> 47.416108 |dtheta|=3.453582e-01  lambda=1.000e-06

============================================================
Iteration 11
============================================================
Theta offsets (Unity frame):
  Source   : dSx=   0.000, dSy=   0.000, dSz=   0.000  (mm)
  Object   : dOx=  -6.990, dOy=  -2.053, dOz=  -6.425  (mm)
  Object offset: offset_x=   0.009, offset_z=   0.017  (mm)
  Detector : dDx=   0.000, dDy=   0.000, dDz=   0.000  (mm)
  Obj Stage rotY :    2.988 deg
============================================================

Unity geometry (world coordinates):
  Source   : x=  -5.000, y=  38.000, z=   0.000
  Object   : x=   0.010, y=  17.947, z= 569.575
  Detector : x=  10.000, y=   3.000, z= 690.000
  Obj rotY :   0.0000 deg
view   0 | SOD= 569.966 mm | SDD= 691.050 mm | M= 1.212 | incident=3.1588°
[[  24.674473   -569.0786      -20.052635  ]
 [   3.6914325   120.76535      14.947365  ]
 [   0.14939667    0.00779712    0.        ]
 [   0.            0.            0.1496    ]]
Residual vector length: 540, Jacobian shape: (540, 6)
view   0 | SOD= 569.667 mm | SDD= 691.050 mm | M= 1.213 | incident=3.1588°
[[  24.81979    -568.7731      -20.04342   ]
 [   3.6462553   121.0651       14.956579  ]
 [   0.14939451    0.00783837    0.        ]
 [   0.            0.            0.1496    ]]

iter 11 cost=47.416108 -> 32.783885 |dtheta|=2.963488e-01  lambda=1.000e-06

============================================================
Iteration 12
============================================================
Theta offsets (Unity frame):
  Source   : dSx=   0.000, dSy=   0.000, dSz=   0.000  (mm)
  Object   : dOx=  -6.994, dOy=  -2.043, dOz=  -6.721  (mm)
  Object offset: offset_x=   0.010, offset_z=   0.013  (mm)
  Detector : dDx=   0.000, dDy=   0.000, dDz=   0.000  (mm)
  Obj Stage rotY :    3.003 deg
============================================================

Unity geometry (world coordinates):
  Source   : x=  -5.000, y=  38.000, z=   0.000
  Object   : x=   0.006, y=  17.957, z= 569.279
  Detector : x=  10.000, y=   3.000, z= 690.000
  Obj rotY :   0.0000 deg
view   0 | SOD= 569.667 mm | SDD= 691.050 mm | M= 1.213 | incident=3.1588°
[[  24.81979    -568.7731      -20.04342   ]
 [   3.6462553   121.0651       14.956579  ]
 [   0.14939451    0.00783837    0.        ]
 [   0.            0.            0.1496    ]]
Residual vector length: 540, Jacobian shape: (540, 6)
view   0 | SOD= 569.406 mm | SDD= 691.050 mm | M= 1.214 | incident=3.1588°
[[  24.834343   -568.5109      -20.036839  ]
 [   3.6353235   121.32643      14.963161  ]
 [   0.14939421    0.00784389    0.        ]
 [   0.            0.            0.1496    ]]

iter 12 cost=32.783885 -> 22.215247 |dtheta|=2.551121e-01  lambda=1.000e-06

============================================================
Iteration 13
============================================================
Theta offsets (Unity frame):
  Source   : dSx=   0.000, dSy=   0.000, dSz=   0.000  (mm)
  Object   : dOx=  -6.994, dOy=  -2.037, dOz=  -6.976  (mm)
  Object offset: offset_x=   0.002, offset_z=   0.007  (mm)
  Detector : dDx=   0.000, dDy=   0.000, dDz=   0.000  (mm)
  Obj Stage rotY :    3.006 deg
============================================================

Unity geometry (world coordinates):
  Source   : x=  -5.000, y=  38.000, z=   0.000
  Object   : x=   0.006, y=  17.963, z= 569.024
  Detector : x=  10.000, y=   3.000, z= 690.000
  Obj rotY :   0.0000 deg
view   0 | SOD= 569.406 mm | SDD= 691.050 mm | M= 1.214 | incident=3.1588°
[[  24.834343   -568.5109      -20.036839  ]
 [   3.6353235   121.32643      14.963161  ]
 [   0.14939421    0.00784389    0.        ]
 [   0.            0.            0.1496    ]]
Residual vector length: 540, Jacobian shape: (540, 6)
view   0 | SOD= 569.179 mm | SDD= 691.050 mm | M= 1.214 | incident=3.1588°
[[  24.83506    -568.284       -20.031279  ]
 [   3.6187136   121.552864     14.968721  ]
 [   0.14939402    0.00784765    0.        ]
 [   0.            0.            0.1496    ]]

iter 13 cost=22.215247 -> 14.526833 |dtheta|=2.237358e-01  lambda=1.000e-06

============================================================
Iteration 14
============================================================
Theta offsets (Unity frame):
  Source   : dSx=   0.000, dSy=   0.000, dSz=   0.000  (mm)
  Object   : dOx=  -6.994, dOy=  -2.031, dOz=  -7.200  (mm)
  Object offset: offset_x=   0.004, offset_z=   0.004  (mm)
  Detector : dDx=   0.000, dDy=   0.000, dDz=   0.000  (mm)
  Obj Stage rotY :    3.007 deg
============================================================

Unity geometry (world coordinates):
  Source   : x=  -5.000, y=  38.000, z=   0.000
  Object   : x=   0.006, y=  17.969, z= 568.800
  Detector : x=  10.000, y=   3.000, z= 690.000
  Obj rotY :   0.0000 deg
view   0 | SOD= 569.179 mm | SDD= 691.050 mm | M= 1.214 | incident=3.1588°
[[  24.83506    -568.284       -20.031279  ]
 [   3.6187136   121.552864     14.968721  ]
 [   0.14939402    0.00784765    0.        ]
 [   0.            0.            0.1496    ]]
Residual vector length: 540, Jacobian shape: (540, 6)
view   0 | SOD= 569.037 mm | SDD= 691.050 mm | M= 1.214 | incident=3.1588°
[[  24.812508   -568.14246     -20.026218  ]
 [   3.6113966   121.694855     14.973782  ]
 [   0.1493942     0.00784435    0.        ]
 [   0.            0.            0.1496    ]]

iter 14 cost=14.526833 -> 10.055065 |dtheta|=1.438090e-01  lambda=1.000e-06

============================================================
Iteration 15
============================================================
Theta offsets (Unity frame):
  Source   : dSx=   0.000, dSy=   0.000, dSz=   0.000  (mm)
  Object   : dOx=  -6.995, dOy=  -2.026, dOz=  -7.343  (mm)
  Object offset: offset_x=   0.008, offset_z=   0.005  (mm)
  Detector : dDx=   0.000, dDy=   0.000, dDz=   0.000  (mm)
  Obj Stage rotY :    3.006 deg
============================================================

Unity geometry (world coordinates):
  Source   : x=  -5.000, y=  38.000, z=   0.000
  Object   : x=   0.005, y=  17.974, z= 568.657
  Detector : x=  10.000, y=   3.000, z= 690.000
  Obj rotY :   0.0000 deg
view   0 | SOD= 569.037 mm | SDD= 691.050 mm | M= 1.214 | incident=3.1588°
[[  24.812508   -568.14246     -20.026218  ]
 [   3.6113966   121.694855     14.973782  ]
 [   0.1493942     0.00784435    0.        ]
 [   0.            0.            0.1496    ]]
Residual vector length: 540, Jacobian shape: (540, 6)
view   0 | SOD= 568.899 mm | SDD= 691.050 mm | M= 1.215 | incident=3.1588°
[[  24.860195   -568.00244     -20.021553  ]
 [   3.5939205   121.832886     14.978447  ]
 [   0.14939345    0.00785846    0.        ]
 [   0.            0.            0.1496    ]]

iter 15 cost=10.055065 -> 7.217157 |dtheta|=1.364967e-01  lambda=1.000e-06

============================================================
Iteration 16
============================================================
Theta offsets (Unity frame):
  Source   : dSx=   0.000, dSy=   0.000, dSz=   0.000  (mm)
  Object   : dOx=  -6.995, dOy=  -2.022, dOz=  -7.480  (mm)
  Object offset: offset_x=   0.007, offset_z=   0.004  (mm)
  Detector : dDx=   0.000, dDy=   0.000, dDz=   0.000  (mm)
  Obj Stage rotY :    3.011 deg
============================================================

Unity geometry (world coordinates):
  Source   : x=  -5.000, y=  38.000, z=   0.000
  Object   : x=   0.005, y=  17.978, z= 568.520
  Detector : x=  10.000, y=   3.000, z= 690.000
  Obj rotY :   0.0000 deg
view   0 | SOD= 568.899 mm | SDD= 691.050 mm | M= 1.215 | incident=3.1588°
[[  24.860195   -568.00244     -20.021553  ]
 [   3.5939205   121.832886     14.978447  ]
 [   0.14939345    0.00785846    0.        ]
 [   0.            0.            0.1496    ]]
Residual vector length: 540, Jacobian shape: (540, 6)
view   0 | SOD= 568.811 mm | SDD= 691.050 mm | M= 1.215 | incident=3.1588°
[[  24.975126   -567.9096      -20.01726   ]
 [   3.5655248   121.921234     14.98274   ]
 [   0.14939182    0.0078895     0.        ]
 [   0.            0.            0.1496    ]]

iter 16 cost=7.217157 -> 5.746168 |dtheta|=8.684321e-02  lambda=1.000e-06

============================================================
Iteration 17
============================================================
Theta offsets (Unity frame):
  Source   : dSx=   0.000, dSy=   0.000, dSz=   0.000  (mm)
  Object   : dOx=  -6.996, dOy=  -2.017, dOz=  -7.566  (mm)
  Object offset: offset_x=   0.006, offset_z=   0.002  (mm)
  Detector : dDx=   0.000, dDy=   0.000, dDz=   0.000  (mm)
  Obj Stage rotY :    3.023 deg
============================================================

Unity geometry (world coordinates):
  Source   : x=  -5.000, y=  38.000, z=   0.000
  Object   : x=   0.004, y=  17.983, z= 568.435
  Detector : x=  10.000, y=   3.000, z= 690.000
  Obj rotY :   0.0000 deg
view   0 | SOD= 568.811 mm | SDD= 691.050 mm | M= 1.215 | incident=3.1588°
[[  24.975126   -567.9096      -20.01726   ]
 [   3.5655248   121.921234     14.98274   ]
 [   0.14939182    0.0078895     0.        ]
 [   0.            0.            0.1496    ]]
Residual vector length: 540, Jacobian shape: (540, 6)
view   0 | SOD= 568.729 mm | SDD= 691.050 mm | M= 1.215 | incident=3.1588°
[[  24.959541   -567.82806     -20.013866  ]
 [   3.5672438   122.00334      14.986134  ]
 [   0.14939202    0.00788575    0.        ]
 [   0.            0.            0.1496    ]]

iter 17 cost=5.746168 -> 4.521594 |dtheta|=8.159577e-02  lambda=1.000e-06

============================================================
Iteration 18
============================================================
Theta offsets (Unity frame):
  Source   : dSx=   0.000, dSy=   0.000, dSz=   0.000  (mm)
  Object   : dOx=  -6.998, dOy=  -2.014, dOz=  -7.647  (mm)
  Object offset: offset_x=   0.004, offset_z=   0.001  (mm)
  Detector : dDx=   0.000, dDy=   0.000, dDz=   0.000  (mm)
  Obj Stage rotY :    3.022 deg
============================================================

Unity geometry (world coordinates):
  Source   : x=  -5.000, y=  38.000, z=   0.000
  Object   : x=   0.002, y=  17.986, z= 568.353
  Detector : x=  10.000, y=   3.000, z= 690.000
  Obj rotY :   0.0000 deg
view   0 | SOD= 568.729 mm | SDD= 691.050 mm | M= 1.215 | incident=3.1588°
[[  24.959541   -567.82806     -20.013866  ]
 [   3.5672438   122.00334      14.986134  ]
 [   0.14939202    0.00788575    0.        ]
 [   0.            0.            0.1496    ]]
Residual vector length: 540, Jacobian shape: (540, 6)
view   0 | SOD= 568.667 mm | SDD= 691.050 mm | M= 1.215 | incident=3.1588°
[[  24.86049    -567.7707      -20.011715  ]
 [   3.5847125   122.06431      14.988285  ]
 [   0.14939335    0.00786052    0.        ]
 [   0.            0.            0.1496    ]]

iter 18 cost=4.521594 -> 3.680261 |dtheta|=6.237409e-02  lambda=1.000e-06

============================================================
Iteration 19
============================================================
Theta offsets (Unity frame):
  Source   : dSx=   0.000, dSy=   0.000, dSz=   0.000  (mm)
  Object   : dOx=  -6.997, dOy=  -2.012, dOz=  -7.709  (mm)
  Object offset: offset_x=   0.003, offset_z=   0.001  (mm)
  Detector : dDx=   0.000, dDy=   0.000, dDz=   0.000  (mm)
  Obj Stage rotY :    3.012 deg
============================================================

Unity geometry (world coordinates):
  Source   : x=  -5.000, y=  38.000, z=   0.000
  Object   : x=   0.003, y=  17.988, z= 568.291
  Detector : x=  10.000, y=   3.000, z= 690.000
  Obj rotY :   0.0000 deg
view   0 | SOD= 568.667 mm | SDD= 691.050 mm | M= 1.215 | incident=3.1588°
[[  24.86049    -567.7707      -20.011715  ]
 [   3.5847125   122.06431      14.988285  ]
 [   0.14939335    0.00786052    0.        ]
 [   0.            0.            0.1496    ]]
Residual vector length: 540, Jacobian shape: (540, 6)
view   0 | SOD= 568.622 mm | SDD= 691.050 mm | M= 1.215 | incident=3.1588°
[[  24.832216   -567.727       -20.009735  ]
 [   3.5883572   122.10902      14.990265  ]
 [   0.14939371    0.0078536     0.        ]
 [   0.            0.            0.1496    ]]

iter 19 cost=3.680261 -> 3.232705 |dtheta|=4.472405e-02  lambda=1.000e-06

============================================================
Iteration 20
============================================================
Theta offsets (Unity frame):
  Source   : dSx=   0.000, dSy=   0.000, dSz=   0.000  (mm)
  Object   : dOx=  -6.997, dOy=  -2.010, dOz=  -7.753  (mm)
  Object offset: offset_x=   0.003, offset_z=   0.001  (mm)
  Detector : dDx=   0.000, dDy=   0.000, dDz=   0.000  (mm)
  Obj Stage rotY :    3.009 deg
============================================================

Unity geometry (world coordinates):
  Source   : x=  -5.000, y=  38.000, z=   0.000
  Object   : x=   0.003, y=  17.990, z= 568.247
  Detector : x=  10.000, y=   3.000, z= 690.000
  Obj rotY :   0.0000 deg
view   0 | SOD= 568.622 mm | SDD= 691.050 mm | M= 1.215 | incident=3.1588°
[[  24.832216   -567.727       -20.009735  ]
 [   3.5883572   122.10902      14.990265  ]
 [   0.14939371    0.0078536     0.        ]
 [   0.            0.            0.1496    ]]
Residual vector length: 540, Jacobian shape: (540, 6)
view   0 | SOD= 568.563 mm | SDD= 691.050 mm | M= 1.215 | incident=3.1588°
[[  24.838648   -567.66797     -20.007841  ]
 [   3.5848677   122.16772      14.992159  ]
 [   0.1493936     0.00785575    0.        ]
 [   0.            0.            0.1496    ]]

iter 20 cost=3.232705 -> 2.607756 |dtheta|=5.759920e-02  lambda=1.000e-06

============================================================
Iteration 21
============================================================
Theta offsets (Unity frame):
  Source   : dSx=   0.000, dSy=   0.000, dSz=   0.000  (mm)
  Object   : dOx=  -6.998, dOy=  -2.008, dOz=  -7.811  (mm)
  Object offset: offset_x=   0.003, offset_z=  -0.000  (mm)
  Detector : dDx=   0.000, dDy=   0.000, dDz=   0.000  (mm)
  Obj Stage rotY :    3.010 deg
============================================================

Unity geometry (world coordinates):
  Source   : x=  -5.000, y=  38.000, z=   0.000
  Object   : x=   0.002, y=  17.992, z= 568.189
  Detector : x=  10.000, y=   3.000, z= 690.000
  Obj rotY :   0.0000 deg
view   0 | SOD= 568.563 mm | SDD= 691.050 mm | M= 1.215 | incident=3.1588°
[[  24.838648   -567.66797     -20.007841  ]
 [   3.5848677   122.16772      14.992159  ]
 [   0.1493936     0.00785575    0.        ]
 [   0.            0.            0.1496    ]]
Residual vector length: 540, Jacobian shape: (540, 6)
view   0 | SOD= 568.516 mm | SDD= 691.050 mm | M= 1.216 | incident=3.1588°
[[  24.747095   -567.6249      -20.005764  ]
 [   3.602071    122.214165     14.994236  ]
 [   0.14939484    0.0078322     0.        ]
 [   0.            0.            0.1496    ]]

iter 21 cost=2.607756 -> 2.274755 |dtheta|=4.880947e-02  lambda=1.000e-06

============================================================
Iteration 22
============================================================
Theta offsets (Unity frame):
  Source   : dSx=   0.000, dSy=   0.000, dSz=   0.000  (mm)
  Object   : dOx=  -6.998, dOy=  -2.006, dOz=  -7.859  (mm)
  Object offset: offset_x=   0.002, offset_z=   0.001  (mm)
  Detector : dDx=   0.000, dDy=   0.000, dDz=   0.000  (mm)
  Obj Stage rotY :    3.001 deg
============================================================

Unity geometry (world coordinates):
  Source   : x=  -5.000, y=  38.000, z=   0.000
  Object   : x=   0.002, y=  17.994, z= 568.141
  Detector : x=  10.000, y=   3.000, z= 690.000
  Obj rotY :   0.0000 deg
view   0 | SOD= 568.516 mm | SDD= 691.050 mm | M= 1.216 | incident=3.1588°
[[  24.747095   -567.6249      -20.005764  ]
 [   3.602071    122.214165     14.994236  ]
 [   0.14939484    0.0078322     0.        ]
 [   0.            0.            0.1496    ]]
Residual vector length: 540, Jacobian shape: (540, 6)
view   0 | SOD= 568.485 mm | SDD= 691.050 mm | M= 1.216 | incident=3.1588°
[[  24.750845   -567.5933      -20.004025  ]
 [   3.601217    122.24554      14.9959755 ]
 [   0.14939478    0.0078332     0.        ]
 [   0.            0.            0.1496    ]]

iter 22 cost=2.274755 -> 2.073185 |dtheta|=3.118379e-02  lambda=1.000e-06

============================================================
Iteration 23
============================================================
Theta offsets (Unity frame):
  Source   : dSx=   0.000, dSy=   0.000, dSz=   0.000  (mm)
  Object   : dOx=  -6.998, dOy=  -2.004, dOz=  -7.890  (mm)
  Object offset: offset_x=   0.001, offset_z=   0.000  (mm)
  Detector : dDx=   0.000, dDy=   0.000, dDz=   0.000  (mm)
  Obj Stage rotY :    3.001 deg
============================================================

Unity geometry (world coordinates):
  Source   : x=  -5.000, y=  38.000, z=   0.000
  Object   : x=   0.002, y=  17.996, z= 568.110
  Detector : x=  10.000, y=   3.000, z= 690.000
  Obj rotY :   0.0000 deg
view   0 | SOD= 568.485 mm | SDD= 691.050 mm | M= 1.216 | incident=3.1588°
[[  24.750845   -567.5933      -20.004025  ]
 [   3.601217    122.24554      14.9959755 ]
 [   0.14939478    0.0078332     0.        ]
 [   0.            0.            0.1496    ]]
Residual vector length: 540, Jacobian shape: (540, 6)
view   0 | SOD= 568.439 mm | SDD= 691.050 mm | M= 1.216 | incident=3.1588°
[[  24.704786   -567.54987     -20.002169  ]
 [   3.6099446   122.29067      14.997831  ]
 [   0.1493954     0.00782133    0.        ]
 [   0.            0.            0.1496    ]]

iter 23 cost=2.073185 -> 1.735496 |dtheta|=4.555527e-02  lambda=1.000e-06

============================================================
Iteration 24
============================================================
Theta offsets (Unity frame):
  Source   : dSx=   0.000, dSy=   0.000, dSz=   0.000  (mm)
  Object   : dOx=  -6.998, dOy=  -2.002, dOz=  -7.935  (mm)
  Object offset: offset_x=  -0.000, offset_z=   0.000  (mm)
  Detector : dDx=   0.000, dDy=   0.000, dDz=   0.000  (mm)
  Obj Stage rotY :    2.997 deg
============================================================

Unity geometry (world coordinates):
  Source   : x=  -5.000, y=  38.000, z=   0.000
  Object   : x=   0.002, y=  17.998, z= 568.065
  Detector : x=  10.000, y=   3.000, z= 690.000
  Obj rotY :   0.0000 deg
view   0 | SOD= 568.439 mm | SDD= 691.050 mm | M= 1.216 | incident=3.1588°
[[  24.704786   -567.54987     -20.002169  ]
 [   3.6099446   122.29067      14.997831  ]
 [   0.1493954     0.00782133    0.        ]
 [   0.            0.            0.1496    ]]
Residual vector length: 540, Jacobian shape: (540, 6)
view   0 | SOD= 568.409 mm | SDD= 691.050 mm | M= 1.216 | incident=3.1588°
[[  24.714909   -567.5194      -20.001158  ]
 [   3.6062088   122.32075      14.998842  ]
 [   0.14939524    0.00782433    0.        ]
 [   0.            0.            0.1496    ]]

iter 24 cost=1.735496 -> 1.629871 |dtheta|=3.038160e-02  lambda=1.000e-06

============================================================
Iteration 25
============================================================
Theta offsets (Unity frame):
  Source   : dSx=   0.000, dSy=   0.000, dSz=   0.000  (mm)
  Object   : dOx=  -6.999, dOy=  -2.001, dOz=  -7.965  (mm)
  Object offset: offset_x=   0.000, offset_z=   0.001  (mm)
  Detector : dDx=   0.000, dDy=   0.000, dDz=   0.000  (mm)
  Obj Stage rotY :    2.998 deg
============================================================

Unity geometry (world coordinates):
  Source   : x=  -5.000, y=  38.000, z=   0.000
  Object   : x=   0.001, y=  17.999, z= 568.035
  Detector : x=  10.000, y=   3.000, z= 690.000
  Obj rotY :   0.0000 deg
view   0 | SOD= 568.409 mm | SDD= 691.050 mm | M= 1.216 | incident=3.1588°
[[  24.714909   -567.5194      -20.001158  ]
 [   3.6062088   122.32075      14.998842  ]
 [   0.14939524    0.00782433    0.        ]
 [   0.            0.            0.1496    ]]
Residual vector length: 540, Jacobian shape: (540, 6)
view   0 | SOD= 568.387 mm | SDD= 691.050 mm | M= 1.216 | incident=3.1588°
[[  24.712261   -567.4974      -20.000134  ]
 [   3.6067026   122.34286      14.9998665 ]
 [   0.14939529    0.00782365    0.        ]
 [   0.            0.            0.1496    ]]

iter 25 cost=1.629871 -> 1.544880 |dtheta|=2.165668e-02  lambda=1.000e-06

============================================================
Iteration 26
============================================================
Theta offsets (Unity frame):
  Source   : dSx=   0.000, dSy=   0.000, dSz=   0.000  (mm)
  Object   : dOx=  -6.999, dOy=  -2.000, dOz=  -7.987  (mm)
  Object offset: offset_x=  -0.001, offset_z=   0.000  (mm)
  Detector : dDx=   0.000, dDy=   0.000, dDz=   0.000  (mm)
  Obj Stage rotY :    2.998 deg
============================================================

Unity geometry (world coordinates):
  Source   : x=  -5.000, y=  38.000, z=   0.000
  Object   : x=   0.001, y=  18.000, z= 568.013
  Detector : x=  10.000, y=   3.000, z= 690.000
  Obj rotY :   0.0000 deg
view   0 | SOD= 568.387 mm | SDD= 691.050 mm | M= 1.216 | incident=3.1588°
[[  24.712261   -567.4974      -20.000134  ]
 [   3.6067026   122.34286      14.9998665 ]
 [   0.14939529    0.00782365    0.        ]
 [   0.            0.            0.1496    ]]
Residual vector length: 540, Jacobian shape: (540, 6)
view   0 | SOD= 568.375 mm | SDD= 691.050 mm | M= 1.216 | incident=3.1588°
[[  24.692408   -567.48615     -19.999577  ]
 [   3.6099033   122.35479      15.000423  ]
 [   0.14939554    0.00781866    0.        ]
 [   0.            0.            0.1496    ]]

iter 26 cost=1.544880 -> 1.547487 |dtheta|=1.245754e-02  lambda=1.000e-06

============================================================
Iteration 27
============================================================
Theta offsets (Unity frame):
  Source   : dSx=   0.000, dSy=   0.000, dSz=   0.000  (mm)
  Object   : dOx=  -6.999, dOy=  -2.000, dOz=  -7.987  (mm)
  Object offset: offset_x=  -0.001, offset_z=   0.000  (mm)
  Detector : dDx=   0.000, dDy=   0.000, dDz=   0.000  (mm)
  Obj Stage rotY :    2.998 deg
============================================================

Unity geometry (world coordinates):
  Source   : x=  -5.000, y=  38.000, z=   0.000
  Object   : x=   0.001, y=  18.000, z= 568.013
  Detector : x=  10.000, y=   3.000, z= 690.000
  Obj rotY :   0.0000 deg
view   0 | SOD= 568.387 mm | SDD= 691.050 mm | M= 1.216 | incident=3.1588°
[[  24.712261   -567.4974      -20.000134  ]
 [   3.6067026   122.34286      14.9998665 ]
 [   0.14939529    0.00782365    0.        ]
 [   0.            0.            0.1496    ]]
Residual vector length: 540, Jacobian shape: (540, 6)
view   0 | SOD= 568.375 mm | SDD= 691.050 mm | M= 1.216 | incident=3.1588°
[[  24.692408   -567.48615     -19.999577  ]
 [   3.6099033   122.35479      15.000423  ]
 [   0.14939554    0.00781866    0.        ]
 [   0.            0.            0.1496    ]]

iter 27 cost=1.544880 -> 1.547487 |dtheta|=1.245754e-02  lambda=5.000e-06

============================================================
Iteration 28
============================================================
Theta offsets (Unity frame):
  Source   : dSx=   0.000, dSy=   0.000, dSz=   0.000  (mm)
  Object   : dOx=  -6.999, dOy=  -2.000, dOz=  -7.987  (mm)
  Object offset: offset_x=  -0.001, offset_z=   0.000  (mm)
  Detector : dDx=   0.000, dDy=   0.000, dDz=   0.000  (mm)
  Obj Stage rotY :    2.998 deg
============================================================

Unity geometry (world coordinates):
  Source   : x=  -5.000, y=  38.000, z=   0.000
  Object   : x=   0.001, y=  18.000, z= 568.013
  Detector : x=  10.000, y=   3.000, z= 690.000
  Obj rotY :   0.0000 deg
view   0 | SOD= 568.387 mm | SDD= 691.050 mm | M= 1.216 | incident=3.1588°
[[  24.712261   -567.4974      -20.000134  ]
 [   3.6067026   122.34286      14.9998665 ]
 [   0.14939529    0.00782365    0.        ]
 [   0.            0.            0.1496    ]]
Residual vector length: 540, Jacobian shape: (540, 6)
view   0 | SOD= 568.375 mm | SDD= 691.050 mm | M= 1.216 | incident=3.1588°
[[  24.692408   -567.48615     -19.999577  ]
 [   3.6099033   122.35479      15.000423  ]
 [   0.14939554    0.00781866    0.        ]
 [   0.            0.            0.1496    ]]

iter 28 cost=1.544880 -> 1.547487 |dtheta|=1.245754e-02  lambda=2.500e-05

============================================================
Iteration 29
============================================================
Theta offsets (Unity frame):
  Source   : dSx=   0.000, dSy=   0.000, dSz=   0.000  (mm)
  Object   : dOx=  -6.999, dOy=  -2.000, dOz=  -7.987  (mm)
  Object offset: offset_x=  -0.001, offset_z=   0.000  (mm)
  Detector : dDx=   0.000, dDy=   0.000, dDz=   0.000  (mm)
  Obj Stage rotY :    2.998 deg
============================================================

Unity geometry (world coordinates):
  Source   : x=  -5.000, y=  38.000, z=   0.000
  Object   : x=   0.001, y=  18.000, z= 568.013
  Detector : x=  10.000, y=   3.000, z= 690.000
  Obj rotY :   0.0000 deg
view   0 | SOD= 568.387 mm | SDD= 691.050 mm | M= 1.216 | incident=3.1588°
[[  24.712261   -567.4974      -20.000134  ]
 [   3.6067026   122.34286      14.9998665 ]
 [   0.14939529    0.00782365    0.        ]
 [   0.            0.            0.1496    ]]
Residual vector length: 540, Jacobian shape: (540, 6)
view   0 | SOD= 568.375 mm | SDD= 691.050 mm | M= 1.216 | incident=3.1588°
[[  24.692408   -567.48615     -19.999577  ]
 [   3.6099033   122.35479      15.000423  ]
 [   0.14939554    0.00781866    0.        ]
 [   0.            0.            0.1496    ]]

iter 29 cost=1.544880 -> 1.547487 |dtheta|=1.245754e-02  lambda=1.250e-04

============================================================
Iteration 30
============================================================
Theta offsets (Unity frame):
  Source   : dSx=   0.000, dSy=   0.000, dSz=   0.000  (mm)
  Object   : dOx=  -6.999, dOy=  -2.000, dOz=  -7.987  (mm)
  Object offset: offset_x=  -0.001, offset_z=   0.000  (mm)
  Detector : dDx=   0.000, dDy=   0.000, dDz=   0.000  (mm)
  Obj Stage rotY :    2.998 deg
============================================================

Unity geometry (world coordinates):
  Source   : x=  -5.000, y=  38.000, z=   0.000
  Object   : x=   0.001, y=  18.000, z= 568.013
  Detector : x=  10.000, y=   3.000, z= 690.000
  Obj rotY :   0.0000 deg
view   0 | SOD= 568.387 mm | SDD= 691.050 mm | M= 1.216 | incident=3.1588°
[[  24.712261   -567.4974      -20.000134  ]
 [   3.6067026   122.34286      14.9998665 ]
 [   0.14939529    0.00782365    0.        ]
 [   0.            0.            0.1496    ]]
Residual vector length: 540, Jacobian shape: (540, 6)
view   0 | SOD= 568.375 mm | SDD= 691.050 mm | M= 1.216 | incident=3.1588°
[[  24.692408   -567.48615     -19.999577  ]
 [   3.6099033   122.35479      15.000423  ]
 [   0.14939554    0.00781866    0.        ]
 [   0.            0.            0.1496    ]]

iter 30 cost=1.544880 -> 1.547487 |dtheta|=1.245751e-02  lambda=6.250e-04

============================================================
Iteration 31
============================================================
Theta offsets (Unity frame):
  Source   : dSx=   0.000, dSy=   0.000, dSz=   0.000  (mm)
  Object   : dOx=  -6.999, dOy=  -2.000, dOz=  -7.987  (mm)
  Object offset: offset_x=  -0.001, offset_z=   0.000  (mm)
  Detector : dDx=   0.000, dDy=   0.000, dDz=   0.000  (mm)
  Obj Stage rotY :    2.998 deg
============================================================

Unity geometry (world coordinates):
  Source   : x=  -5.000, y=  38.000, z=   0.000
  Object   : x=   0.001, y=  18.000, z= 568.013
  Detector : x=  10.000, y=   3.000, z= 690.000
  Obj rotY :   0.0000 deg
view   0 | SOD= 568.387 mm | SDD= 691.050 mm | M= 1.216 | incident=3.1588°
[[  24.712261   -567.4974      -20.000134  ]
 [   3.6067026   122.34286      14.9998665 ]
 [   0.14939529    0.00782365    0.        ]
 [   0.            0.            0.1496    ]]
Residual vector length: 540, Jacobian shape: (540, 6)
view   0 | SOD= 568.375 mm | SDD= 691.050 mm | M= 1.216 | incident=3.1588°
[[  24.69241    -567.48615     -19.999577  ]
 [   3.6099033   122.35479      15.000423  ]
 [   0.14939554    0.00781866    0.        ]
 [   0.            0.            0.1496    ]]

iter 31 cost=1.544880 -> 1.547487 |dtheta|=1.245738e-02  lambda=3.125e-03

============================================================
Iteration 32
============================================================
Theta offsets (Unity frame):
  Source   : dSx=   0.000, dSy=   0.000, dSz=   0.000  (mm)
  Object   : dOx=  -6.999, dOy=  -2.000, dOz=  -7.987  (mm)
  Object offset: offset_x=  -0.001, offset_z=   0.000  (mm)
  Detector : dDx=   0.000, dDy=   0.000, dDz=   0.000  (mm)
  Obj Stage rotY :    2.998 deg
============================================================

Unity geometry (world coordinates):
  Source   : x=  -5.000, y=  38.000, z=   0.000
  Object   : x=   0.001, y=  18.000, z= 568.013
  Detector : x=  10.000, y=   3.000, z= 690.000
  Obj rotY :   0.0000 deg
view   0 | SOD= 568.387 mm | SDD= 691.050 mm | M= 1.216 | incident=3.1588°
[[  24.712261   -567.4974      -20.000134  ]
 [   3.6067026   122.34286      14.9998665 ]
 [   0.14939529    0.00782365    0.        ]
 [   0.            0.            0.1496    ]]
Residual vector length: 540, Jacobian shape: (540, 6)
view   0 | SOD= 568.375 mm | SDD= 691.050 mm | M= 1.216 | incident=3.1588°
[[  24.69241    -567.48615     -19.999577  ]
 [   3.609903    122.35479      15.000423  ]
 [   0.14939554    0.00781866    0.        ]
 [   0.            0.            0.1496    ]]

iter 32 cost=1.544880 -> 1.547487 |dtheta|=1.245676e-02  lambda=1.562e-02

============================================================
Iteration 33
============================================================
Theta offsets (Unity frame):
  Source   : dSx=   0.000, dSy=   0.000, dSz=   0.000  (mm)
  Object   : dOx=  -6.999, dOy=  -2.000, dOz=  -7.987  (mm)
  Object offset: offset_x=  -0.001, offset_z=   0.000  (mm)
  Detector : dDx=   0.000, dDy=   0.000, dDz=   0.000  (mm)
  Obj Stage rotY :    2.998 deg
============================================================

Unity geometry (world coordinates):
  Source   : x=  -5.000, y=  38.000, z=   0.000
  Object   : x=   0.001, y=  18.000, z= 568.013
  Detector : x=  10.000, y=   3.000, z= 690.000
  Obj rotY :   0.0000 deg
view   0 | SOD= 568.387 mm | SDD= 691.050 mm | M= 1.216 | incident=3.1588°
[[  24.712261   -567.4974      -20.000134  ]
 [   3.6067026   122.34286      14.9998665 ]
 [   0.14939529    0.00782365    0.        ]
 [   0.            0.            0.1496    ]]
Residual vector length: 540, Jacobian shape: (540, 6)
view   0 | SOD= 568.375 mm | SDD= 691.050 mm | M= 1.216 | incident=3.1588°
[[  24.692413   -567.48615     -19.999577  ]
 [   3.6099024   122.35479      15.000423  ]
 [   0.14939554    0.00781866    0.        ]
 [   0.            0.            0.1496    ]]

iter 33 cost=1.544880 -> 1.547487 |dtheta|=1.245362e-02  lambda=7.812e-02

============================================================
Iteration 34
============================================================
Theta offsets (Unity frame):
  Source   : dSx=   0.000, dSy=   0.000, dSz=   0.000  (mm)
  Object   : dOx=  -6.999, dOy=  -2.000, dOz=  -7.987  (mm)
  Object offset: offset_x=  -0.001, offset_z=   0.000  (mm)
  Detector : dDx=   0.000, dDy=   0.000, dDz=   0.000  (mm)
  Obj Stage rotY :    2.998 deg
============================================================

Unity geometry (world coordinates):
  Source   : x=  -5.000, y=  38.000, z=   0.000
  Object   : x=   0.001, y=  18.000, z= 568.013
  Detector : x=  10.000, y=   3.000, z= 690.000
  Obj rotY :   0.0000 deg
view   0 | SOD= 568.387 mm | SDD= 691.050 mm | M= 1.216 | incident=3.1588°
[[  24.712261   -567.4974      -20.000134  ]
 [   3.6067026   122.34286      14.9998665 ]
 [   0.14939529    0.00782365    0.        ]
 [   0.            0.            0.1496    ]]
Residual vector length: 540, Jacobian shape: (540, 6)
view   0 | SOD= 568.375 mm | SDD= 691.050 mm | M= 1.216 | incident=3.1588°
[[  24.692432   -567.48615     -19.999577  ]
 [   3.6098983   122.35479      15.000423  ]
 [   0.14939554    0.00781867    0.        ]
 [   0.            0.            0.1496    ]]

iter 34 cost=1.544880 -> 1.547487 |dtheta|=1.243794e-02  lambda=3.906e-01

============================================================
Iteration 35
============================================================
Theta offsets (Unity frame):
  Source   : dSx=   0.000, dSy=   0.000, dSz=   0.000  (mm)
  Object   : dOx=  -6.999, dOy=  -2.000, dOz=  -7.987  (mm)
  Object offset: offset_x=  -0.001, offset_z=   0.000  (mm)
  Detector : dDx=   0.000, dDy=   0.000, dDz=   0.000  (mm)
  Obj Stage rotY :    2.998 deg
============================================================

Unity geometry (world coordinates):
  Source   : x=  -5.000, y=  38.000, z=   0.000
  Object   : x=   0.001, y=  18.000, z= 568.013
  Detector : x=  10.000, y=   3.000, z= 690.000
  Obj rotY :   0.0000 deg
view   0 | SOD= 568.387 mm | SDD= 691.050 mm | M= 1.216 | incident=3.1588°
[[  24.712261   -567.4974      -20.000134  ]
 [   3.6067026   122.34286      14.9998665 ]
 [   0.14939529    0.00782365    0.        ]
 [   0.            0.            0.1496    ]]
Residual vector length: 540, Jacobian shape: (540, 6)
view   0 | SOD= 568.375 mm | SDD= 691.050 mm | M= 1.216 | incident=3.1588°
[[  24.692528   -567.48627     -19.999582  ]
 [   3.609882    122.35467      15.000418  ]
 [   0.14939554    0.00781869    0.        ]
 [   0.            0.            0.1496    ]]

iter 35 cost=1.544880 -> 1.549669 |dtheta|=1.236014e-02  lambda=1.953e+00

============================================================
Iteration 36
============================================================
Theta offsets (Unity frame):
  Source   : dSx=   0.000, dSy=   0.000, dSz=   0.000  (mm)
  Object   : dOx=  -6.999, dOy=  -2.000, dOz=  -7.987  (mm)
  Object offset: offset_x=  -0.001, offset_z=   0.000  (mm)
  Detector : dDx=   0.000, dDy=   0.000, dDz=   0.000  (mm)
  Obj Stage rotY :    2.998 deg
============================================================

Unity geometry (world coordinates):
  Source   : x=  -5.000, y=  38.000, z=   0.000
  Object   : x=   0.001, y=  18.000, z= 568.013
  Detector : x=  10.000, y=   3.000, z= 690.000
  Obj rotY :   0.0000 deg
view   0 | SOD= 568.387 mm | SDD= 691.050 mm | M= 1.216 | incident=3.1588°
[[  24.712261   -567.4974      -20.000134  ]
 [   3.6067026   122.34286      14.9998665 ]
 [   0.14939529    0.00782365    0.        ]
 [   0.            0.            0.1496    ]]
Residual vector length: 540, Jacobian shape: (540, 6)
view   0 | SOD= 568.376 mm | SDD= 691.050 mm | M= 1.216 | incident=3.1588°
[[  24.692978   -567.48663     -19.999601  ]
 [   3.6097932   122.3543       15.000399  ]
 [   0.14939554    0.00781881    0.        ]
 [   0.            0.            0.1496    ]]

iter 36 cost=1.544880 -> 1.547698 |dtheta|=1.198540e-02  lambda=9.766e+00

============================================================
Iteration 37
============================================================
Theta offsets (Unity frame):
  Source   : dSx=   0.000, dSy=   0.000, dSz=   0.000  (mm)
  Object   : dOx=  -6.999, dOy=  -2.000, dOz=  -7.987  (mm)
  Object offset: offset_x=  -0.001, offset_z=   0.000  (mm)
  Detector : dDx=   0.000, dDy=   0.000, dDz=   0.000  (mm)
  Obj Stage rotY :    2.998 deg
============================================================

Unity geometry (world coordinates):
  Source   : x=  -5.000, y=  38.000, z=   0.000
  Object   : x=   0.001, y=  18.000, z= 568.013
  Detector : x=  10.000, y=   3.000, z= 690.000
  Obj rotY :   0.0000 deg
view   0 | SOD= 568.387 mm | SDD= 691.050 mm | M= 1.216 | incident=3.1588°
[[  24.712261   -567.4974      -20.000134  ]
 [   3.6067026   122.34286      14.9998665 ]
 [   0.14939529    0.00782365    0.        ]
 [   0.            0.            0.1496    ]]
Residual vector length: 540, Jacobian shape: (540, 6)
view   0 | SOD= 568.377 mm | SDD= 691.050 mm | M= 1.216 | incident=3.1588°
[[  24.6949     -567.48804     -19.999683  ]
 [   3.609412    122.35279      15.000317  ]
 [   0.14939551    0.00781931    0.        ]
 [   0.            0.            0.1496    ]]

iter 37 cost=1.544880 -> 1.546229 |dtheta|=1.040947e-02  lambda=4.883e+01

============================================================
Iteration 38
============================================================
Theta offsets (Unity frame):
  Source   : dSx=   0.000, dSy=   0.000, dSz=   0.000  (mm)
  Object   : dOx=  -6.999, dOy=  -2.000, dOz=  -7.987  (mm)
  Object offset: offset_x=  -0.001, offset_z=   0.000  (mm)
  Detector : dDx=   0.000, dDy=   0.000, dDz=   0.000  (mm)
  Obj Stage rotY :    2.998 deg
============================================================

Unity geometry (world coordinates):
  Source   : x=  -5.000, y=  38.000, z=   0.000
  Object   : x=   0.001, y=  18.000, z= 568.013
  Detector : x=  10.000, y=   3.000, z= 690.000
  Obj rotY :   0.0000 deg
view   0 | SOD= 568.387 mm | SDD= 691.050 mm | M= 1.216 | incident=3.1588°
[[  24.712261   -567.4974      -20.000134  ]
 [   3.6067026   122.34286      14.9998665 ]
 [   0.14939529    0.00782365    0.        ]
 [   0.            0.            0.1496    ]]
Residual vector length: 540, Jacobian shape: (540, 6)
view   0 | SOD= 568.381 mm | SDD= 691.050 mm | M= 1.216 | incident=3.1588°
[[  24.70027    -567.49207     -19.999895  ]
 [   3.6083622   122.34861      15.000105  ]
 [   0.14939544    0.0078207     0.        ]
 [   0.            0.            0.1496    ]]

iter 38 cost=1.544880 -> 1.551488 |dtheta|=6.299521e-03  lambda=2.441e+02

============================================================
Iteration 39
============================================================
Theta offsets (Unity frame):
  Source   : dSx=   0.000, dSy=   0.000, dSz=   0.000  (mm)
  Object   : dOx=  -6.999, dOy=  -2.000, dOz=  -7.987  (mm)
  Object offset: offset_x=  -0.001, offset_z=   0.000  (mm)
  Detector : dDx=   0.000, dDy=   0.000, dDz=   0.000  (mm)
  Obj Stage rotY :    2.998 deg
============================================================

Unity geometry (world coordinates):
  Source   : x=  -5.000, y=  38.000, z=   0.000
  Object   : x=   0.001, y=  18.000, z= 568.013
  Detector : x=  10.000, y=   3.000, z= 690.000
  Obj rotY :   0.0000 deg
view   0 | SOD= 568.387 mm | SDD= 691.050 mm | M= 1.216 | incident=3.1588°
[[  24.712261   -567.4974      -20.000134  ]
 [   3.6067026   122.34286      14.9998665 ]
 [   0.14939529    0.00782365    0.        ]
 [   0.            0.            0.1496    ]]
Residual vector length: 540, Jacobian shape: (540, 6)
view   0 | SOD= 568.386 mm | SDD= 691.050 mm | M= 1.216 | incident=3.1588°
[[  24.706888   -567.496       -20.000107  ]
 [   3.6070857   122.344444     14.999893  ]
 [   0.14939535    0.00782241    0.        ]
 [   0.            0.            0.1496    ]]

iter 39 cost=1.544880 -> 1.563002 |dtheta|=2.199116e-03  lambda=1.221e+03

============================================================
Iteration 40
============================================================
Theta offsets (Unity frame):
  Source   : dSx=   0.000, dSy=   0.000, dSz=   0.000  (mm)
  Object   : dOx=  -6.999, dOy=  -2.000, dOz=  -7.987  (mm)
  Object offset: offset_x=  -0.001, offset_z=   0.000  (mm)
  Detector : dDx=   0.000, dDy=   0.000, dDz=   0.000  (mm)
  Obj Stage rotY :    2.998 deg
============================================================

Unity geometry (world coordinates):
  Source   : x=  -5.000, y=  38.000, z=   0.000
  Object   : x=   0.001, y=  18.000, z= 568.013
  Detector : x=  10.000, y=   3.000, z= 690.000
  Obj rotY :   0.0000 deg
view   0 | SOD= 568.387 mm | SDD= 691.050 mm | M= 1.216 | incident=3.1588°
[[  24.712261   -567.4974      -20.000134  ]
 [   3.6067026   122.34286      14.9998665 ]
 [   0.14939529    0.00782365    0.        ]
 [   0.            0.            0.1496    ]]
Residual vector length: 540, Jacobian shape: (540, 6)
view   0 | SOD= 568.387 mm | SDD= 691.050 mm | M= 1.216 | incident=3.1588°
[[  24.710516   -567.49725     -20.00017   ]
 [   3.6065369   122.34301      14.99983   ]
 [   0.1493953     0.00782331    0.        ]
 [   0.            0.            0.1496    ]]

iter 40 cost=1.544880 -> 1.548597 |dtheta|=6.643518e-04  lambda=6.104e+03

============================================================
Iteration 41
============================================================
Theta offsets (Unity frame):
  Source   : dSx=   0.000, dSy=   0.000, dSz=   0.000  (mm)
  Object   : dOx=  -6.999, dOy=  -2.000, dOz=  -7.987  (mm)
  Object offset: offset_x=  -0.001, offset_z=   0.000  (mm)
  Detector : dDx=   0.000, dDy=   0.000, dDz=   0.000  (mm)
  Obj Stage rotY :    2.998 deg
============================================================

Unity geometry (world coordinates):
  Source   : x=  -5.000, y=  38.000, z=   0.000
  Object   : x=   0.001, y=  18.000, z= 568.013
  Detector : x=  10.000, y=   3.000, z= 690.000
  Obj rotY :   0.0000 deg
view   0 | SOD= 568.387 mm | SDD= 691.050 mm | M= 1.216 | incident=3.1588°
[[  24.712261   -567.4974      -20.000134  ]
 [   3.6067026   122.34286      14.9998665 ]
 [   0.14939529    0.00782365    0.        ]
 [   0.            0.            0.1496    ]]
Residual vector length: 540, Jacobian shape: (540, 6)
view   0 | SOD= 568.387 mm | SDD= 691.050 mm | M= 1.216 | incident=3.1588°
[[  24.711788   -567.4975      -20.000156  ]
 [   3.6065793   122.34278      14.999844  ]
 [   0.14939529    0.00782358    0.        ]
 [   0.            0.            0.1496    ]]

iter 41 cost=1.544880 -> 1.552173 |dtheta|=2.081249e-04  lambda=3.052e+04

============================================================
Iteration 42
============================================================
Theta offsets (Unity frame):
  Source   : dSx=   0.000, dSy=   0.000, dSz=   0.000  (mm)
  Object   : dOx=  -6.999, dOy=  -2.000, dOz=  -7.987  (mm)
  Object offset: offset_x=  -0.001, offset_z=   0.000  (mm)
  Detector : dDx=   0.000, dDy=   0.000, dDz=   0.000  (mm)
  Obj Stage rotY :    2.998 deg
============================================================

Unity geometry (world coordinates):
  Source   : x=  -5.000, y=  38.000, z=   0.000
  Object   : x=   0.001, y=  18.000, z= 568.013
  Detector : x=  10.000, y=   3.000, z= 690.000
  Obj rotY :   0.0000 deg
view   0 | SOD= 568.387 mm | SDD= 691.050 mm | M= 1.216 | incident=3.1588°
[[  24.712261   -567.4974      -20.000134  ]
 [   3.6067026   122.34286      14.9998665 ]
 [   0.14939529    0.00782365    0.        ]
 [   0.            0.            0.1496    ]]
Residual vector length: 540, Jacobian shape: (540, 6)
view   0 | SOD= 568.387 mm | SDD= 691.050 mm | M= 1.216 | incident=3.1588°
[[  24.712156   -567.49744     -20.000141  ]
 [   3.606669    122.34279      14.999859  ]
 [   0.14939529    0.00782364    0.        ]
 [   0.            0.            0.1496    ]]

iter 42 cost=1.544880 -> 1.546939 |dtheta|=5.030922e-05  lambda=1.526e+05

============================================================
Iteration 43
============================================================
Theta offsets (Unity frame):
  Source   : dSx=   0.000, dSy=   0.000, dSz=   0.000  (mm)
  Object   : dOx=  -6.999, dOy=  -2.000, dOz=  -7.987  (mm)
  Object offset: offset_x=  -0.001, offset_z=   0.000  (mm)
  Detector : dDx=   0.000, dDy=   0.000, dDz=   0.000  (mm)
  Obj Stage rotY :    2.998 deg
============================================================

Unity geometry (world coordinates):
  Source   : x=  -5.000, y=  38.000, z=   0.000
  Object   : x=   0.001, y=  18.000, z= 568.013
  Detector : x=  10.000, y=   3.000, z= 690.000
  Obj rotY :   0.0000 deg
view   0 | SOD= 568.387 mm | SDD= 691.050 mm | M= 1.216 | incident=3.1588°
[[  24.712261   -567.4974      -20.000134  ]
 [   3.6067026   122.34286      14.9998665 ]
 [   0.14939529    0.00782365    0.        ]
 [   0.            0.            0.1496    ]]
Residual vector length: 540, Jacobian shape: (540, 6)
view   0 | SOD= 568.387 mm | SDD= 691.050 mm | M= 1.216 | incident=3.1588°
[[  24.71224    -567.4974      -20.000135  ]
 [   3.6066945   122.34286      14.999865  ]
 [   0.14939529    0.00782365    0.        ]
 [   0.            0.            0.1496    ]]

iter 43 cost=1.544880 -> 1.540805 |dtheta|=1.054485e-05  lambda=7.629e+05

============================================================
Iteration 44
============================================================
Theta offsets (Unity frame):
  Source   : dSx=   0.000, dSy=   0.000, dSz=   0.000  (mm)
  Object   : dOx=  -6.999, dOy=  -2.000, dOz=  -7.987  (mm)
  Object offset: offset_x=  -0.001, offset_z=   0.000  (mm)
  Detector : dDx=   0.000, dDy=   0.000, dDz=   0.000  (mm)
  Obj Stage rotY :    2.998 deg
============================================================

Unity geometry (world coordinates):
  Source   : x=  -5.000, y=  38.000, z=   0.000
  Object   : x=   0.001, y=  18.000, z= 568.013
  Detector : x=  10.000, y=   3.000, z= 690.000
  Obj rotY :   0.0000 deg
view   0 | SOD= 568.387 mm | SDD= 691.050 mm | M= 1.216 | incident=3.1588°
[[  24.71224    -567.4974      -20.000135  ]
 [   3.6066945   122.34286      14.999865  ]
 [   0.14939529    0.00782365    0.        ]
 [   0.            0.            0.1496    ]]
Residual vector length: 540, Jacobian shape: (540, 6)
view   0 | SOD= 568.387 mm | SDD= 691.050 mm | M= 1.216 | incident=3.1588°
[[  24.712185   -567.49744     -20.00014   ]
 [   3.606671    122.34279      14.999861  ]
 [   0.14939529    0.00782364    0.        ]
 [   0.            0.            0.1496    ]]

iter 44 cost=1.540805 -> 1.543585 |dtheta|=3.117003e-05  lambda=2.543e+05

============================================================
Iteration 45
============================================================
Theta offsets (Unity frame):
  Source   : dSx=   0.000, dSy=   0.000, dSz=   0.000  (mm)
  Object   : dOx=  -6.999, dOy=  -2.000, dOz=  -7.987  (mm)
  Object offset: offset_x=  -0.001, offset_z=   0.000  (mm)
  Detector : dDx=   0.000, dDy=   0.000, dDz=   0.000  (mm)
  Obj Stage rotY :    2.998 deg
============================================================

Unity geometry (world coordinates):
  Source   : x=  -5.000, y=  38.000, z=   0.000
  Object   : x=   0.001, y=  18.000, z= 568.013
  Detector : x=  10.000, y=   3.000, z= 690.000
  Obj rotY :   0.0000 deg
view   0 | SOD= 568.387 mm | SDD= 691.050 mm | M= 1.216 | incident=3.1588°
[[  24.71224    -567.4974      -20.000135  ]
 [   3.6066945   122.34286      14.999865  ]
 [   0.14939529    0.00782365    0.        ]
 [   0.            0.            0.1496    ]]
Residual vector length: 540, Jacobian shape: (540, 6)
view   0 | SOD= 568.387 mm | SDD= 691.050 mm | M= 1.216 | incident=3.1588°
[[  24.712227   -567.49744     -20.000135  ]
 [   3.6066906   122.34279      14.999865  ]
 [   0.14939529    0.00782365    0.        ]
 [   0.            0.            0.1496    ]]

iter 45 cost=1.540805 -> 1.540238 |dtheta|=8.148928e-06  lambda=1.000e+06

============================================================
Iteration 46
============================================================
Theta offsets (Unity frame):
  Source   : dSx=   0.000, dSy=   0.000, dSz=   0.000  (mm)
  Object   : dOx=  -6.999, dOy=  -2.000, dOz=  -7.987  (mm)
  Object offset: offset_x=  -0.001, offset_z=   0.000  (mm)
  Detector : dDx=   0.000, dDy=   0.000, dDz=   0.000  (mm)
  Obj Stage rotY :    2.998 deg
============================================================

Unity geometry (world coordinates):
  Source   : x=  -5.000, y=  38.000, z=   0.000
  Object   : x=   0.001, y=  18.000, z= 568.013
  Detector : x=  10.000, y=   3.000, z= 690.000
  Obj rotY :   0.0000 deg
view   0 | SOD= 568.387 mm | SDD= 691.050 mm | M= 1.216 | incident=3.1588°
[[  24.712227   -567.49744     -20.000135  ]
 [   3.6066906   122.34279      14.999865  ]
 [   0.14939529    0.00782365    0.        ]
 [   0.            0.            0.1496    ]]
Residual vector length: 540, Jacobian shape: (540, 6)
view   0 | SOD= 568.387 mm | SDD= 691.050 mm | M= 1.216 | incident=3.1588°
[[  24.712198   -567.49744     -20.00014   ]
 [   3.606668    122.34279      14.999861  ]
 [   0.14939529    0.00782365    0.        ]
 [   0.            0.            0.1496    ]]

iter 46 cost=1.540238 -> 1.543585 |dtheta|=2.368408e-05  lambda=3.333e+05

============================================================
Iteration 47
============================================================
Theta offsets (Unity frame):
  Source   : dSx=   0.000, dSy=   0.000, dSz=   0.000  (mm)
  Object   : dOx=  -6.999, dOy=  -2.000, dOz=  -7.987  (mm)
  Object offset: offset_x=  -0.001, offset_z=   0.000  (mm)
  Detector : dDx=   0.000, dDy=   0.000, dDz=   0.000  (mm)
  Obj Stage rotY :    2.998 deg
============================================================

Unity geometry (world coordinates):
  Source   : x=  -5.000, y=  38.000, z=   0.000
  Object   : x=   0.001, y=  18.000, z= 568.013
  Detector : x=  10.000, y=   3.000, z= 690.000
  Obj rotY :   0.0000 deg
view   0 | SOD= 568.387 mm | SDD= 691.050 mm | M= 1.216 | incident=3.1588°
[[  24.712227   -567.49744     -20.000135  ]
 [   3.6066906   122.34279      14.999865  ]
 [   0.14939529    0.00782365    0.        ]
 [   0.            0.            0.1496    ]]
Residual vector length: 540, Jacobian shape: (540, 6)
view   0 | SOD= 568.387 mm | SDD= 691.050 mm | M= 1.216 | incident=3.1588°
[[  24.712217   -567.49744     -20.000137  ]
 [   3.6066825   122.34279      14.999863  ]
 [   0.14939529    0.00782365    0.        ]
 [   0.            0.            0.1496    ]]

iter 47 cost=1.540238 -> 1.540238 |dtheta|=8.047989e-06  lambda=1.000e+06

============================================================
Iteration 48
============================================================
Theta offsets (Unity frame):
  Source   : dSx=   0.000, dSy=   0.000, dSz=   0.000  (mm)
  Object   : dOx=  -6.999, dOy=  -2.000, dOz=  -7.987  (mm)
  Object offset: offset_x=  -0.001, offset_z=   0.000  (mm)
  Detector : dDx=   0.000, dDy=   0.000, dDz=   0.000  (mm)
  Obj Stage rotY :    2.998 deg
============================================================

Unity geometry (world coordinates):
  Source   : x=  -5.000, y=  38.000, z=   0.000
  Object   : x=   0.001, y=  18.000, z= 568.013
  Detector : x=  10.000, y=   3.000, z= 690.000
  Obj rotY :   0.0000 deg
view   0 | SOD= 568.387 mm | SDD= 691.050 mm | M= 1.216 | incident=3.1588°
[[  24.712227   -567.49744     -20.000135  ]
 [   3.6066906   122.34279      14.999865  ]
 [   0.14939529    0.00782365    0.        ]
 [   0.            0.            0.1496    ]]
Residual vector length: 540, Jacobian shape: (540, 6)
view   0 | SOD= 568.387 mm | SDD= 691.050 mm | M= 1.216 | incident=3.1588°
[[  24.712217   -567.49744     -20.000137  ]
 [   3.6066825   122.34279      14.999863  ]
 [   0.14939529    0.00782365    0.        ]
 [   0.            0.            0.1496    ]]

iter 48 cost=1.540238 -> 1.540238 |dtheta|=8.047989e-06  lambda=1.000e+06

============================================================
Iteration 49
============================================================
Theta offsets (Unity frame):
  Source   : dSx=   0.000, dSy=   0.000, dSz=   0.000  (mm)
  Object   : dOx=  -6.999, dOy=  -2.000, dOz=  -7.987  (mm)
  Object offset: offset_x=  -0.001, offset_z=   0.000  (mm)
  Detector : dDx=   0.000, dDy=   0.000, dDz=   0.000  (mm)
  Obj Stage rotY :    2.998 deg
============================================================

Unity geometry (world coordinates):
  Source   : x=  -5.000, y=  38.000, z=   0.000
  Object   : x=   0.001, y=  18.000, z= 568.013
  Detector : x=  10.000, y=   3.000, z= 690.000
  Obj rotY :   0.0000 deg
view   0 | SOD= 568.387 mm | SDD= 691.050 mm | M= 1.216 | incident=3.1588°
[[  24.712227   -567.49744     -20.000135  ]
 [   3.6066906   122.34279      14.999865  ]
 [   0.14939529    0.00782365    0.        ]
 [   0.            0.            0.1496    ]]
Residual vector length: 540, Jacobian shape: (540, 6)
view   0 | SOD= 568.387 mm | SDD= 691.050 mm | M= 1.216 | incident=3.1588°
[[  24.712217   -567.49744     -20.000137  ]
 [   3.6066825   122.34279      14.999863  ]
 [   0.14939529    0.00782365    0.        ]
 [   0.            0.            0.1496    ]]

iter 49 cost=1.540238 -> 1.540238 |dtheta|=8.047989e-06  lambda=1.000e+06

============================================================
Iteration 50
============================================================
Theta offsets (Unity frame):
  Source   : dSx=   0.000, dSy=   0.000, dSz=   0.000  (mm)
  Object   : dOx=  -6.999, dOy=  -2.000, dOz=  -7.987  (mm)
  Object offset: offset_x=  -0.001, offset_z=   0.000  (mm)
  Detector : dDx=   0.000, dDy=   0.000, dDz=   0.000  (mm)
  Obj Stage rotY :    2.998 deg
============================================================

Unity geometry (world coordinates):
  Source   : x=  -5.000, y=  38.000, z=   0.000
  Object   : x=   0.001, y=  18.000, z= 568.013
  Detector : x=  10.000, y=   3.000, z= 690.000
  Obj rotY :   0.0000 deg
view   0 | SOD= 568.387 mm | SDD= 691.050 mm | M= 1.216 | incident=3.1588°
[[  24.712227   -567.49744     -20.000135  ]
 [   3.6066906   122.34279      14.999865  ]
 [   0.14939529    0.00782365    0.        ]
 [   0.            0.            0.1496    ]]
Residual vector length: 540, Jacobian shape: (540, 6)
view   0 | SOD= 568.387 mm | SDD= 691.050 mm | M= 1.216 | incident=3.1588°
[[  24.712217   -567.49744     -20.000137  ]
 [   3.6066825   122.34279      14.999863  ]
 [   0.14939529    0.00782365    0.        ]
 [   0.            0.            0.1496    ]]

iter 50 cost=1.540238 -> 1.540238 |dtheta|=8.047989e-06  lambda=1.000e+06

============================================================
Iteration 51
============================================================
Theta offsets (Unity frame):
  Source   : dSx=   0.000, dSy=   0.000, dSz=   0.000  (mm)
  Object   : dOx=  -6.999, dOy=  -2.000, dOz=  -7.987  (mm)
  Object offset: offset_x=  -0.001, offset_z=   0.000  (mm)
  Detector : dDx=   0.000, dDy=   0.000, dDz=   0.000  (mm)
  Obj Stage rotY :    2.998 deg
============================================================

Unity geometry (world coordinates):
  Source   : x=  -5.000, y=  38.000, z=   0.000
  Object   : x=   0.001, y=  18.000, z= 568.013
  Detector : x=  10.000, y=   3.000, z= 690.000
  Obj rotY :   0.0000 deg
view   0 | SOD= 568.387 mm | SDD= 691.050 mm | M= 1.216 | incident=3.1588°
[[  24.712227   -567.49744     -20.000135  ]
 [   3.6066906   122.34279      14.999865  ]
 [   0.14939529    0.00782365    0.        ]
 [   0.            0.            0.1496    ]]
Residual vector length: 540, Jacobian shape: (540, 6)
view   0 | SOD= 568.387 mm | SDD= 691.050 mm | M= 1.216 | incident=3.1588°
[[  24.712217   -567.49744     -20.000137  ]
 [   3.6066825   122.34279      14.999863  ]
 [   0.14939529    0.00782365    0.        ]
 [   0.            0.            0.1496    ]]

iter 51 cost=1.540238 -> 1.540238 |dtheta|=8.047989e-06  lambda=1.000e+06

============================================================
Iteration 52
============================================================
Theta offsets (Unity frame):
  Source   : dSx=   0.000, dSy=   0.000, dSz=   0.000  (mm)
  Object   : dOx=  -6.999, dOy=  -2.000, dOz=  -7.987  (mm)
  Object offset: offset_x=  -0.001, offset_z=   0.000  (mm)
  Detector : dDx=   0.000, dDy=   0.000, dDz=   0.000  (mm)
  Obj Stage rotY :    2.998 deg
============================================================

Unity geometry (world coordinates):
  Source   : x=  -5.000, y=  38.000, z=   0.000
  Object   : x=   0.001, y=  18.000, z= 568.013
  Detector : x=  10.000, y=   3.000, z= 690.000
  Obj rotY :   0.0000 deg
view   0 | SOD= 568.387 mm | SDD= 691.050 mm | M= 1.216 | incident=3.1588°
[[  24.712227   -567.49744     -20.000135  ]
 [   3.6066906   122.34279      14.999865  ]
 [   0.14939529    0.00782365    0.        ]
 [   0.            0.            0.1496    ]]
Residual vector length: 540, Jacobian shape: (540, 6)
view   0 | SOD= 568.387 mm | SDD= 691.050 mm | M= 1.216 | incident=3.1588°
[[  24.712217   -567.49744     -20.000137  ]
 [   3.6066825   122.34279      14.999863  ]
 [   0.14939529    0.00782365    0.        ]
 [   0.            0.            0.1496    ]]

iter 52 cost=1.540238 -> 1.540238 |dtheta|=8.047989e-06  lambda=1.000e+06

============================================================
Iteration 53
============================================================
Theta offsets (Unity frame):
  Source   : dSx=   0.000, dSy=   0.000, dSz=   0.000  (mm)
  Object   : dOx=  -6.999, dOy=  -2.000, dOz=  -7.987  (mm)
  Object offset: offset_x=  -0.001, offset_z=   0.000  (mm)
  Detector : dDx=   0.000, dDy=   0.000, dDz=   0.000  (mm)
  Obj Stage rotY :    2.998 deg
============================================================

Unity geometry (world coordinates):
  Source   : x=  -5.000, y=  38.000, z=   0.000
  Object   : x=   0.001, y=  18.000, z= 568.013
  Detector : x=  10.000, y=   3.000, z= 690.000
  Obj rotY :   0.0000 deg
view   0 | SOD= 568.387 mm | SDD= 691.050 mm | M= 1.216 | incident=3.1588°
[[  24.712227   -567.49744     -20.000135  ]
 [   3.6066906   122.34279      14.999865  ]
 [   0.14939529    0.00782365    0.        ]
 [   0.            0.            0.1496    ]]
Residual vector length: 540, Jacobian shape: (540, 6)
view   0 | SOD= 568.387 mm | SDD= 691.050 mm | M= 1.216 | incident=3.1588°
[[  24.712217   -567.49744     -20.000137  ]
 [   3.6066825   122.34279      14.999863  ]
 [   0.14939529    0.00782365    0.        ]
 [   0.            0.            0.1496    ]]

iter 53 cost=1.540238 -> 1.540238 |dtheta|=8.047989e-06  lambda=1.000e+06
Stalled.

Estimated theta:
  dSx: +0.000000
  dSy: +0.000000
  dOx: -6.999294
  dOy: -2.000136
  dOz: -7.986916
  dDx: +0.000000
  dDy: +0.000000
  dDz: +0.000000
alpha: +2.997772e+00 deg)
offset_x: -0.000636
offset_z: +0.000155

Final cost table:
Fake theta: [ 0.  0. -7. -2. -8.  0.  0.  0.  3.  0.  0.]
Final estimated theta: [ 0.          0.         -6.99929425 -2.0001361  -7.98691628  0.
  0.          0.          2.99777158 -0.00063611  0.00015459]
Diff from Expected: [ 0.          0.          0.00070575 -0.0001361   0.01308372  0.
  0.          0.         -0.00222842 -0.00063611  0.00015459]
################################################################################

