Phantom already exists, skipping: cuboid_phantom_3_small.npy

################################################################################
Running cuboid=small scenario=G1 N_ANGLES=6, K=3
view   0 | SOD= 565.750 mm | SDD= 721.227 mm | M= 1.275 | incident=3.3432°
[[  57.21255    -562.1528      -28.        ]
 [ -18.490114    153.9744       12.        ]
 [   0.14903073    0.0130385     0.        ]
 [   0.            0.            0.1496    ]]
          image          x1          y1  area1          x2          y2  area2          x3          y3  area3
0  proj_000.png  549.489183  207.253606    832  444.651729  347.060179    781  549.489771  501.334537    831
1  proj_001.png  457.895113  207.469607    839  533.351899  346.611392    790  457.812279  502.167651    847
2  proj_002.png  406.000000  206.000000    793  586.121673  350.166033    789  405.976190  496.199248    798
3  proj_003.png  444.616941  204.418458    791  549.466346  354.281250    832  444.679293  489.689394    792
4  proj_004.png  533.374522  204.238217    785  457.874408  354.774882    844  533.326115  488.961783    785
5  proj_005.png  586.176545  205.604035    793  405.998744  351.097990    796  586.135272  494.668774    791

============================================================
Iteration 0
============================================================
Theta offsets (Unity frame):
  Source   : dSx=   0.000, dSy=   0.000, dSz=   0.000  (mm)
  Object   : dOx=   0.000, dOy=   0.000, dOz=   0.000  (mm)
  Object offset: offset_x=   0.000, offset_z=   0.000  (mm)
  Detector : dDx=   0.000, dDy=   0.000, dDz=   0.000  (mm)
  Obj Stage rotY :    0.000 deg
============================================================

Unity geometry (world coordinates):
  Source   : x=   8.000, y=  50.000, z=   0.000
  Object   : x=   6.000, y=  28.000, z= 577.000
  Detector : x=  -5.000, y=  10.000, z= 720.000
  Obj rotY :   0.0000 deg
view   0 | SOD= 577.423 mm | SDD= 721.227 mm | M= 1.249 | incident=3.3432°
[[   2.     -577.      -22.    ]
 [ -11.      143.       18.    ]
 [   0.1496    0.        0.    ]
 [   0.        0.        0.1496]]
Residual vector length: 54, Jacobian shape: (54, 6)
view   0 | SOD= 568.262 mm | SDD= 721.227 mm | M= 1.269 | incident=3.3432°
[[ -87.270294   -560.82385     -27.973999  ]
 [  21.329317    151.05756      12.026001  ]
 [   0.14745764   -0.02522701    0.        ]
 [   0.            0.            0.1496    ]]

iter 00 cost=51972.761866 -> 4536.299476 |dtheta|=1.624773e+01  lambda=1.000e-02

============================================================
Iteration 1
============================================================
Theta offsets (Unity frame):
  Source   : dSx=   0.000, dSy=   0.000, dSz=   0.000  (mm)
  Object   : dOx=  -5.092, dOy=  -5.974, dOz= -10.266  (mm)
  Object offset: offset_x=  -1.459, offset_z=   0.775  (mm)
  Detector : dDx=   0.000, dDy=   0.000, dDz=   0.000  (mm)
  Obj Stage rotY :   -9.708 deg
============================================================

Unity geometry (world coordinates):
  Source   : x=   8.000, y=  50.000, z=   0.000
  Object   : x=   0.908, y=  22.026, z= 566.734
  Detector : x=  -5.000, y=  10.000, z= 720.000
  Obj rotY :   0.0000 deg
view   0 | SOD= 568.262 mm | SDD= 721.227 mm | M= 1.269 | incident=3.3432°
[[ -87.270294   -560.82385     -27.973999  ]
 [  21.329317    151.05756      12.026001  ]
 [   0.14745764   -0.02522701    0.        ]
 [   0.            0.            0.1496    ]]
Residual vector length: 54, Jacobian shape: (54, 6)
view   0 | SOD= 564.392 mm | SDD= 721.227 mm | M= 1.278 | incident=3.3432°
[[   9.03807    -563.6159      -28.178787  ]
 [  -4.8619905   156.36728      11.821213  ]
 [   0.14959988    0.00018701    0.        ]
 [   0.            0.            0.1496    ]]

iter 01 cost=4536.299476 -> 557.243798 |dtheta|=1.040070e+01  lambda=3.333e-03

============================================================
Iteration 2
============================================================
Theta offsets (Unity frame):
  Source   : dSx=   0.000, dSy=   0.000, dSz=   0.000  (mm)
  Object   : dOx=  -5.768, dOy=  -6.179, dOz= -13.567  (mm)
  Object offset: offset_x=  -0.566, offset_z=   0.194  (mm)
  Detector : dDx=   0.000, dDy=   0.000, dDz=   0.000  (mm)
  Obj Stage rotY :    0.072 deg
============================================================

Unity geometry (world coordinates):
  Source   : x=   8.000, y=  50.000, z=   0.000
  Object   : x=   0.232, y=  21.821, z= 563.433
  Detector : x=  -5.000, y=  10.000, z= 720.000
  Obj rotY :   0.0000 deg
view   0 | SOD= 564.392 mm | SDD= 721.227 mm | M= 1.278 | incident=3.3432°
[[   9.03807    -563.6159      -28.178787  ]
 [  -4.8619905   156.36728      11.821213  ]
 [   0.14959988    0.00018701    0.        ]
 [   0.            0.            0.1496    ]]
Residual vector length: 54, Jacobian shape: (54, 6)
view   0 | SOD= 564.016 mm | SDD= 721.227 mm | M= 1.279 | incident=3.3432°
[[  26.700487   -562.6847      -28.045502  ]
 [ -10.025024    156.49556      11.954498  ]
 [   0.14951871    0.0049311     0.        ]
 [   0.            0.            0.1496    ]]

iter 02 cost=557.243798 -> 202.040357 |dtheta|=1.923095e+00  lambda=1.111e-03

============================================================
Iteration 3
============================================================
Theta offsets (Unity frame):
  Source   : dSx=   0.000, dSy=   0.000, dSz=   0.000  (mm)
  Object   : dOx=  -6.000, dOy=  -6.046, dOz= -13.944  (mm)
  Object offset: offset_x=  -0.139, offset_z=   0.203  (mm)
  Detector : dDx=   0.000, dDy=   0.000, dDz=   0.000  (mm)
  Obj Stage rotY :    1.889 deg
============================================================

Unity geometry (world coordinates):
  Source   : x=   8.000, y=  50.000, z=   0.000
  Object   : x=   0.000, y=  21.954, z= 563.056
  Detector : x=  -5.000, y=  10.000, z= 720.000
  Obj rotY :   0.0000 deg
view   0 | SOD= 564.016 mm | SDD= 721.227 mm | M= 1.279 | incident=3.3432°
[[  26.700487   -562.6847      -28.045502  ]
 [ -10.025024    156.49556      11.954498  ]
 [   0.14951871    0.0049311     0.        ]
 [   0.            0.            0.1496    ]]
Residual vector length: 54, Jacobian shape: (54, 6)
view   0 | SOD= 564.084 mm | SDD= 721.227 mm | M= 1.279 | incident=3.3432°
[[  42.632645   -561.7785      -27.889297  ]
 [ -14.557613    156.06427      12.1107025 ]
 [   0.14931765    0.00918685    0.        ]
 [   0.            0.            0.1496    ]]

iter 03 cost=202.040357 -> 47.944398 |dtheta|=1.671141e+00  lambda=3.704e-04

============================================================
Iteration 4
============================================================
Theta offsets (Unity frame):
  Source   : dSx=   0.000, dSy=   0.000, dSz=   0.000  (mm)
  Object   : dOx=  -6.008, dOy=  -5.889, dOz= -13.689  (mm)
  Object offset: offset_x=  -0.045, offset_z=   0.025  (mm)
  Detector : dDx=   0.000, dDy=   0.000, dDz=   0.000  (mm)
  Obj Stage rotY :    3.521 deg
============================================================

Unity geometry (world coordinates):
  Source   : x=   8.000, y=  50.000, z=   0.000
  Object   : x=  -0.008, y=  22.111, z= 563.311
  Detector : x=  -5.000, y=  10.000, z= 720.000
  Obj rotY :   0.0000 deg
view   0 | SOD= 564.084 mm | SDD= 721.227 mm | M= 1.279 | incident=3.3432°
[[  42.632645   -561.7785      -27.889297  ]
 [ -14.557613    156.06427      12.1107025 ]
 [   0.14931765    0.00918685    0.        ]
 [   0.            0.            0.1496    ]]
Residual vector length: 54, Jacobian shape: (54, 6)
view   0 | SOD= 564.218 mm | SDD= 721.227 mm | M= 1.278 | incident=3.3432°
[[  47.838234   -561.4917      -27.940157  ]
 [ -16.09605     155.7819       12.059843  ]
 [   0.14922471    0.01058979    0.        ]
 [   0.            0.            0.1496    ]]

iter 04 cost=47.944398 -> 22.688693 |dtheta|=5.583824e-01  lambda=1.235e-04

============================================================
Iteration 5
============================================================
Theta offsets (Unity frame):
  Source   : dSx=   0.000, dSy=   0.000, dSz=   0.000  (mm)
  Object   : dOx=  -5.947, dOy=  -5.940, dOz= -13.567  (mm)
  Object offset: offset_x=  -0.025, offset_z=   0.037  (mm)
  Detector : dDx=   0.000, dDy=   0.000, dDz=   0.000  (mm)
  Obj Stage rotY :    4.059 deg
============================================================

Unity geometry (world coordinates):
  Source   : x=   8.000, y=  50.000, z=   0.000
  Object   : x=   0.053, y=  22.060, z= 563.433
  Detector : x=  -5.000, y=  10.000, z= 720.000
  Obj rotY :   0.0000 deg
view   0 | SOD= 564.218 mm | SDD= 721.227 mm | M= 1.278 | incident=3.3432°
[[  47.838234   -561.4917      -27.940157  ]
 [ -16.09605     155.7819       12.059843  ]
 [   0.14922471    0.01058979    0.        ]
 [   0.            0.            0.1496    ]]
Residual vector length: 54, Jacobian shape: (54, 6)
view   0 | SOD= 564.553 mm | SDD= 721.227 mm | M= 1.278 | incident=3.3432°
[[  52.98276    -561.3675      -27.927416  ]
 [ -17.445742    155.29758      12.072584  ]
 [   0.14912267    0.01194098    0.        ]
 [   0.            0.            0.1496    ]]

iter 05 cost=22.688693 -> 6.896966 |dtheta|=6.477029e-01  lambda=4.115e-05

============================================================
Iteration 6
============================================================
Theta offsets (Unity frame):
  Source   : dSx=   0.000, dSy=   0.000, dSz=   0.000  (mm)
  Object   : dOx=  -5.971, dOy=  -5.927, dOz= -13.184  (mm)
  Object offset: offset_x=  -0.035, offset_z=  -0.011  (mm)
  Detector : dDx=   0.000, dDy=   0.000, dDz=   0.000  (mm)
  Obj Stage rotY :    4.578 deg
============================================================

Unity geometry (world coordinates):
  Source   : x=   8.000, y=  50.000, z=   0.000
  Object   : x=   0.029, y=  22.073, z= 563.816
  Detector : x=  -5.000, y=  10.000, z= 720.000
  Obj rotY :   0.0000 deg
view   0 | SOD= 564.553 mm | SDD= 721.227 mm | M= 1.278 | incident=3.3432°
[[  52.98276    -561.3675      -27.927416  ]
 [ -17.445742    155.29758      12.072584  ]
 [   0.14912267    0.01194098    0.        ]
 [   0.            0.            0.1496    ]]
Residual vector length: 54, Jacobian shape: (54, 6)
view   0 | SOD= 564.802 mm | SDD= 721.227 mm | M= 1.277 | incident=3.3432°
[[  55.24347    -561.3987      -27.952738  ]
 [ -18.053371    154.97874      12.047262  ]
 [   0.14907368    0.01253785    0.        ]
 [   0.            0.            0.1496    ]]

iter 06 cost=6.896966 -> 2.848196 |dtheta|=3.456385e-01  lambda=1.372e-05

============================================================
Iteration 7
============================================================
Theta offsets (Unity frame):
  Source   : dSx=   0.000, dSy=   0.000, dSz=   0.000  (mm)
  Object   : dOx=  -5.983, dOy=  -5.953, dOz= -12.927  (mm)
  Object offset: offset_x=  -0.016, offset_z=  -0.019  (mm)
  Detector : dDx=   0.000, dDy=   0.000, dDz=   0.000  (mm)
  Obj Stage rotY :    4.808 deg
============================================================

Unity geometry (world coordinates):
  Source   : x=   8.000, y=  50.000, z=   0.000
  Object   : x=   0.017, y=  22.047, z= 564.073
  Detector : x=  -5.000, y=  10.000, z= 720.000
  Obj rotY :   0.0000 deg
view   0 | SOD= 564.802 mm | SDD= 721.227 mm | M= 1.277 | incident=3.3432°
[[  55.24347    -561.3987      -27.952738  ]
 [ -18.053371    154.97874      12.047262  ]
 [   0.14907368    0.01253785    0.        ]
 [   0.            0.            0.1496    ]]
Residual vector length: 54, Jacobian shape: (54, 6)
view   0 | SOD= 565.032 mm | SDD= 721.227 mm | M= 1.276 | incident=3.3432°
[[  56.24663    -561.52936     -27.965508  ]
 [ -18.281366    154.721        12.0344925 ]
 [   0.1490519     0.01279405    0.        ]
 [   0.            0.            0.1496    ]]

iter 07 cost=2.848196 -> 1.588917 |dtheta|=2.409171e-01  lambda=4.572e-06

============================================================
Iteration 8
============================================================
Theta offsets (Unity frame):
  Source   : dSx=   0.000, dSy=   0.000, dSz=   0.000  (mm)
  Object   : dOx=  -5.992, dOy=  -5.966, dOz= -12.709  (mm)
  Object offset: offset_x=  -0.025, offset_z=  -0.009  (mm)
  Detector : dDx=   0.000, dDy=   0.000, dDz=   0.000  (mm)
  Obj Stage rotY :    4.906 deg
============================================================

Unity geometry (world coordinates):
  Source   : x=   8.000, y=  50.000, z=   0.000
  Object   : x=   0.008, y=  22.034, z= 564.292
  Detector : x=  -5.000, y=  10.000, z= 720.000
  Obj rotY :   0.0000 deg
view   0 | SOD= 565.032 mm | SDD= 721.227 mm | M= 1.276 | incident=3.3432°
[[  56.24663    -561.52936     -27.965508  ]
 [ -18.281366    154.721        12.0344925 ]
 [   0.1490519     0.01279405    0.        ]
 [   0.            0.            0.1496    ]]
Residual vector length: 54, Jacobian shape: (54, 6)
view   0 | SOD= 565.293 mm | SDD= 721.227 mm | M= 1.276 | incident=3.3432°
[[  56.56924    -561.7598      -27.97277   ]
 [ -18.339514    154.45082      12.027229  ]
 [   0.1490451     0.01287328    0.        ]
 [   0.            0.            0.1496    ]]

iter 08 cost=1.588917 -> 0.823269 |dtheta|=2.667701e-01  lambda=1.524e-06

============================================================
Iteration 9
============================================================
Theta offsets (Unity frame):
  Source   : dSx=   0.000, dSy=   0.000, dSz=   0.000  (mm)
  Object   : dOx=  -5.996, dOy=  -5.973, dOz= -12.444  (mm)
  Object offset: offset_x=  -0.023, offset_z=  -0.012  (mm)
  Detector : dDx=   0.000, dDy=   0.000, dDz=   0.000  (mm)
  Obj Stage rotY :    4.936 deg
============================================================

Unity geometry (world coordinates):
  Source   : x=   8.000, y=  50.000, z=   0.000
  Object   : x=   0.004, y=  22.027, z= 564.556
  Detector : x=  -5.000, y=  10.000, z= 720.000
  Obj rotY :   0.0000 deg
view   0 | SOD= 565.293 mm | SDD= 721.227 mm | M= 1.276 | incident=3.3432°
[[  56.56924    -561.7598      -27.97277   ]
 [ -18.339514    154.45082      12.027229  ]
 [   0.1490451     0.01287328    0.        ]
 [   0.            0.            0.1496    ]]
Residual vector length: 54, Jacobian shape: (54, 6)
view   0 | SOD= 565.411 mm | SDD= 721.227 mm | M= 1.276 | incident=3.3432°
[[  56.963715   -561.83765     -27.982061  ]
 [ -18.454731    154.31952      12.017939  ]
 [   0.14903589    0.01297935    0.        ]
 [   0.            0.            0.1496    ]]

iter 09 cost=0.823269 -> 0.376117 |dtheta|=1.217211e-01  lambda=1.000e-06

============================================================
Iteration 10
============================================================
Theta offsets (Unity frame):
  Source   : dSx=   0.000, dSy=   0.000, dSz=   0.000  (mm)
  Object   : dOx=  -5.998, dOy=  -5.982, dOz= -12.331  (mm)
  Object offset: offset_x=  -0.006, offset_z=  -0.008  (mm)
  Detector : dDx=   0.000, dDy=   0.000, dDz=   0.000  (mm)
  Obj Stage rotY :    4.977 deg
============================================================

Unity geometry (world coordinates):
  Source   : x=   8.000, y=  50.000, z=   0.000
  Object   : x=   0.002, y=  22.018, z= 564.669
  Detector : x=  -5.000, y=  10.000, z= 720.000
  Obj rotY :   0.0000 deg
view   0 | SOD= 565.411 mm | SDD= 721.227 mm | M= 1.276 | incident=3.3432°
[[  56.963715   -561.83765     -27.982061  ]
 [ -18.454731    154.31952      12.017939  ]
 [   0.14903589    0.01297935    0.        ]
 [   0.            0.            0.1496    ]]
Residual vector length: 54, Jacobian shape: (54, 6)
view   0 | SOD= 565.545 mm | SDD= 721.227 mm | M= 1.275 | incident=3.3432°
[[  57.222054   -561.94574     -27.988058  ]
 [ -18.507895    154.17851      12.011942  ]
 [   0.14903022    0.01304418    0.        ]
 [   0.            0.            0.1496    ]]

iter 10 cost=0.376117 -> 0.154067 |dtheta|=1.332348e-01  lambda=1.000e-06

============================================================
Iteration 11
============================================================
Theta offsets (Unity frame):
  Source   : dSx=   0.000, dSy=   0.000, dSz=   0.000  (mm)
  Object   : dOx=  -5.998, dOy=  -5.988, dOz= -12.200  (mm)
  Object offset: offset_x=  -0.008, offset_z=  -0.005  (mm)
  Detector : dDx=   0.000, dDy=   0.000, dDz=   0.000  (mm)
  Obj Stage rotY :    5.002 deg
============================================================

Unity geometry (world coordinates):
  Source   : x=   8.000, y=  50.000, z=   0.000
  Object   : x=   0.002, y=  22.012, z= 564.800
  Detector : x=  -5.000, y=  10.000, z= 720.000
  Obj rotY :   0.0000 deg
view   0 | SOD= 565.545 mm | SDD= 721.227 mm | M= 1.275 | incident=3.3432°
[[  57.222054   -561.94574     -27.988058  ]
 [ -18.507895    154.17851      12.011942  ]
 [   0.14903022    0.01304418    0.        ]
 [   0.            0.            0.1496    ]]
Residual vector length: 54, Jacobian shape: (54, 6)
view   0 | SOD= 565.543 mm | SDD= 721.227 mm | M= 1.275 | incident=3.3432°
[[  57.143654   -561.9515      -27.991058  ]
 [ -18.488298    154.18318      12.008942  ]
 [   0.14903201    0.01302378    0.        ]
 [   0.            0.            0.1496    ]]

iter 11 cost=0.154067 -> 0.189805 |dtheta|=1.076543e-02  lambda=1.000e-06

============================================================
Iteration 12
============================================================
Theta offsets (Unity frame):
  Source   : dSx=   0.000, dSy=   0.000, dSz=   0.000  (mm)
  Object   : dOx=  -5.998, dOy=  -5.988, dOz= -12.200  (mm)
  Object offset: offset_x=  -0.008, offset_z=  -0.005  (mm)
  Detector : dDx=   0.000, dDy=   0.000, dDz=   0.000  (mm)
  Obj Stage rotY :    5.002 deg
============================================================

Unity geometry (world coordinates):
  Source   : x=   8.000, y=  50.000, z=   0.000
  Object   : x=   0.002, y=  22.012, z= 564.800
  Detector : x=  -5.000, y=  10.000, z= 720.000
  Obj rotY :   0.0000 deg
view   0 | SOD= 565.545 mm | SDD= 721.227 mm | M= 1.275 | incident=3.3432°
[[  57.222054   -561.94574     -27.988058  ]
 [ -18.507895    154.17851      12.011942  ]
 [   0.14903022    0.01304418    0.        ]
 [   0.            0.            0.1496    ]]
Residual vector length: 54, Jacobian shape: (54, 6)
view   0 | SOD= 565.543 mm | SDD= 721.227 mm | M= 1.275 | incident=3.3432°
[[  57.143654   -561.9515      -27.991058  ]
 [ -18.488298    154.18318      12.008942  ]
 [   0.14903201    0.01302378    0.        ]
 [   0.            0.            0.1496    ]]

iter 12 cost=0.154067 -> 0.189805 |dtheta|=1.076543e-02  lambda=5.000e-06

============================================================
Iteration 13
============================================================
Theta offsets (Unity frame):
  Source   : dSx=   0.000, dSy=   0.000, dSz=   0.000  (mm)
  Object   : dOx=  -5.998, dOy=  -5.988, dOz= -12.200  (mm)
  Object offset: offset_x=  -0.008, offset_z=  -0.005  (mm)
  Detector : dDx=   0.000, dDy=   0.000, dDz=   0.000  (mm)
  Obj Stage rotY :    5.002 deg
============================================================

Unity geometry (world coordinates):
  Source   : x=   8.000, y=  50.000, z=   0.000
  Object   : x=   0.002, y=  22.012, z= 564.800
  Detector : x=  -5.000, y=  10.000, z= 720.000
  Obj rotY :   0.0000 deg
view   0 | SOD= 565.545 mm | SDD= 721.227 mm | M= 1.275 | incident=3.3432°
[[  57.222054   -561.94574     -27.988058  ]
 [ -18.507895    154.17851      12.011942  ]
 [   0.14903022    0.01304418    0.        ]
 [   0.            0.            0.1496    ]]
Residual vector length: 54, Jacobian shape: (54, 6)
view   0 | SOD= 565.543 mm | SDD= 721.227 mm | M= 1.275 | incident=3.3432°
[[  57.143654   -561.9515      -27.991058  ]
 [ -18.488298    154.18318      12.008942  ]
 [   0.14903201    0.01302378    0.        ]
 [   0.            0.            0.1496    ]]

iter 13 cost=0.154067 -> 0.189805 |dtheta|=1.076542e-02  lambda=2.500e-05

============================================================
Iteration 14
============================================================
Theta offsets (Unity frame):
  Source   : dSx=   0.000, dSy=   0.000, dSz=   0.000  (mm)
  Object   : dOx=  -5.998, dOy=  -5.988, dOz= -12.200  (mm)
  Object offset: offset_x=  -0.008, offset_z=  -0.005  (mm)
  Detector : dDx=   0.000, dDy=   0.000, dDz=   0.000  (mm)
  Obj Stage rotY :    5.002 deg
============================================================

Unity geometry (world coordinates):
  Source   : x=   8.000, y=  50.000, z=   0.000
  Object   : x=   0.002, y=  22.012, z= 564.800
  Detector : x=  -5.000, y=  10.000, z= 720.000
  Obj rotY :   0.0000 deg
view   0 | SOD= 565.545 mm | SDD= 721.227 mm | M= 1.275 | incident=3.3432°
[[  57.222054   -561.94574     -27.988058  ]
 [ -18.507895    154.17851      12.011942  ]
 [   0.14903022    0.01304418    0.        ]
 [   0.            0.            0.1496    ]]
Residual vector length: 54, Jacobian shape: (54, 6)
view   0 | SOD= 565.543 mm | SDD= 721.227 mm | M= 1.275 | incident=3.3432°
[[  57.143654   -561.9515      -27.991058  ]
 [ -18.488298    154.18318      12.008942  ]
 [   0.14903201    0.01302378    0.        ]
 [   0.            0.            0.1496    ]]

iter 14 cost=0.154067 -> 0.189805 |dtheta|=1.076537e-02  lambda=1.250e-04

============================================================
Iteration 15
============================================================
Theta offsets (Unity frame):
  Source   : dSx=   0.000, dSy=   0.000, dSz=   0.000  (mm)
  Object   : dOx=  -5.998, dOy=  -5.988, dOz= -12.200  (mm)
  Object offset: offset_x=  -0.008, offset_z=  -0.005  (mm)
  Detector : dDx=   0.000, dDy=   0.000, dDz=   0.000  (mm)
  Obj Stage rotY :    5.002 deg
============================================================

Unity geometry (world coordinates):
  Source   : x=   8.000, y=  50.000, z=   0.000
  Object   : x=   0.002, y=  22.012, z= 564.800
  Detector : x=  -5.000, y=  10.000, z= 720.000
  Obj rotY :   0.0000 deg
view   0 | SOD= 565.545 mm | SDD= 721.227 mm | M= 1.275 | incident=3.3432°
[[  57.222054   -561.94574     -27.988058  ]
 [ -18.507895    154.17851      12.011942  ]
 [   0.14903022    0.01304418    0.        ]
 [   0.            0.            0.1496    ]]
Residual vector length: 54, Jacobian shape: (54, 6)
view   0 | SOD= 565.543 mm | SDD= 721.227 mm | M= 1.275 | incident=3.3432°
[[  57.143658   -561.9515      -27.991058  ]
 [ -18.4883      154.18318      12.008942  ]
 [   0.14903201    0.01302378    0.        ]
 [   0.            0.            0.1496    ]]

iter 15 cost=0.154067 -> 0.189805 |dtheta|=1.076513e-02  lambda=6.250e-04

============================================================
Iteration 16
============================================================
Theta offsets (Unity frame):
  Source   : dSx=   0.000, dSy=   0.000, dSz=   0.000  (mm)
  Object   : dOx=  -5.998, dOy=  -5.988, dOz= -12.200  (mm)
  Object offset: offset_x=  -0.008, offset_z=  -0.005  (mm)
  Detector : dDx=   0.000, dDy=   0.000, dDz=   0.000  (mm)
  Obj Stage rotY :    5.002 deg
============================================================

Unity geometry (world coordinates):
  Source   : x=   8.000, y=  50.000, z=   0.000
  Object   : x=   0.002, y=  22.012, z= 564.800
  Detector : x=  -5.000, y=  10.000, z= 720.000
  Obj rotY :   0.0000 deg
view   0 | SOD= 565.545 mm | SDD= 721.227 mm | M= 1.275 | incident=3.3432°
[[  57.222054   -561.94574     -27.988058  ]
 [ -18.507895    154.17851      12.011942  ]
 [   0.14903022    0.01304418    0.        ]
 [   0.            0.            0.1496    ]]
Residual vector length: 54, Jacobian shape: (54, 6)
view   0 | SOD= 565.543 mm | SDD= 721.227 mm | M= 1.275 | incident=3.3432°
[[  57.14366    -561.9515      -27.991058  ]
 [ -18.4883      154.18318      12.008942  ]
 [   0.14903201    0.01302379    0.        ]
 [   0.            0.            0.1496    ]]

iter 16 cost=0.154067 -> 0.189805 |dtheta|=1.076394e-02  lambda=3.125e-03

============================================================
Iteration 17
============================================================
Theta offsets (Unity frame):
  Source   : dSx=   0.000, dSy=   0.000, dSz=   0.000  (mm)
  Object   : dOx=  -5.998, dOy=  -5.988, dOz= -12.200  (mm)
  Object offset: offset_x=  -0.008, offset_z=  -0.005  (mm)
  Detector : dDx=   0.000, dDy=   0.000, dDz=   0.000  (mm)
  Obj Stage rotY :    5.002 deg
============================================================

Unity geometry (world coordinates):
  Source   : x=   8.000, y=  50.000, z=   0.000
  Object   : x=   0.002, y=  22.012, z= 564.800
  Detector : x=  -5.000, y=  10.000, z= 720.000
  Obj rotY :   0.0000 deg
view   0 | SOD= 565.545 mm | SDD= 721.227 mm | M= 1.275 | incident=3.3432°
[[  57.222054   -561.94574     -27.988058  ]
 [ -18.507895    154.17851      12.011942  ]
 [   0.14903022    0.01304418    0.        ]
 [   0.            0.            0.1496    ]]
Residual vector length: 54, Jacobian shape: (54, 6)
view   0 | SOD= 565.542 mm | SDD= 721.227 mm | M= 1.275 | incident=3.3432°
[[  57.143692   -561.9514      -27.991058  ]
 [ -18.488308    154.18318      12.008942  ]
 [   0.14903201    0.01302379    0.        ]
 [   0.            0.            0.1496    ]]

iter 17 cost=0.154067 -> 0.189805 |dtheta|=1.075798e-02  lambda=1.562e-02

============================================================
Iteration 18
============================================================
Theta offsets (Unity frame):
  Source   : dSx=   0.000, dSy=   0.000, dSz=   0.000  (mm)
  Object   : dOx=  -5.998, dOy=  -5.988, dOz= -12.200  (mm)
  Object offset: offset_x=  -0.008, offset_z=  -0.005  (mm)
  Detector : dDx=   0.000, dDy=   0.000, dDz=   0.000  (mm)
  Obj Stage rotY :    5.002 deg
============================================================

Unity geometry (world coordinates):
  Source   : x=   8.000, y=  50.000, z=   0.000
  Object   : x=   0.002, y=  22.012, z= 564.800
  Detector : x=  -5.000, y=  10.000, z= 720.000
  Obj rotY :   0.0000 deg
view   0 | SOD= 565.545 mm | SDD= 721.227 mm | M= 1.275 | incident=3.3432°
[[  57.222054   -561.94574     -27.988058  ]
 [ -18.507895    154.17851      12.011942  ]
 [   0.14903022    0.01304418    0.        ]
 [   0.            0.            0.1496    ]]
Residual vector length: 54, Jacobian shape: (54, 6)
view   0 | SOD= 565.542 mm | SDD= 721.227 mm | M= 1.275 | incident=3.3432°
[[  57.14383    -561.9514      -27.991058  ]
 [ -18.488348    154.18318      12.008942  ]
 [   0.14903201    0.01302383    0.        ]
 [   0.            0.            0.1496    ]]

iter 18 cost=0.154067 -> 0.192568 |dtheta|=1.072840e-02  lambda=7.812e-02

============================================================
Iteration 19
============================================================
Theta offsets (Unity frame):
  Source   : dSx=   0.000, dSy=   0.000, dSz=   0.000  (mm)
  Object   : dOx=  -5.998, dOy=  -5.988, dOz= -12.200  (mm)
  Object offset: offset_x=  -0.008, offset_z=  -0.005  (mm)
  Detector : dDx=   0.000, dDy=   0.000, dDz=   0.000  (mm)
  Obj Stage rotY :    5.002 deg
============================================================

Unity geometry (world coordinates):
  Source   : x=   8.000, y=  50.000, z=   0.000
  Object   : x=   0.002, y=  22.012, z= 564.800
  Detector : x=  -5.000, y=  10.000, z= 720.000
  Obj rotY :   0.0000 deg
view   0 | SOD= 565.545 mm | SDD= 721.227 mm | M= 1.275 | incident=3.3432°
[[  57.222054   -561.94574     -27.988058  ]
 [ -18.507895    154.17851      12.011942  ]
 [   0.14903022    0.01304418    0.        ]
 [   0.            0.            0.1496    ]]
Residual vector length: 54, Jacobian shape: (54, 6)
view   0 | SOD= 565.543 mm | SDD= 721.227 mm | M= 1.275 | incident=3.3432°
[[  57.14453    -561.95154     -27.991064  ]
 [ -18.48852     154.18297      12.008936  ]
 [   0.149032      0.01302401    0.        ]
 [   0.            0.            0.1496    ]]

iter 19 cost=0.154067 -> 0.187997 |dtheta|=1.058540e-02  lambda=3.906e-01

============================================================
Iteration 20
============================================================
Theta offsets (Unity frame):
  Source   : dSx=   0.000, dSy=   0.000, dSz=   0.000  (mm)
  Object   : dOx=  -5.998, dOy=  -5.988, dOz= -12.200  (mm)
  Object offset: offset_x=  -0.008, offset_z=  -0.005  (mm)
  Detector : dDx=   0.000, dDy=   0.000, dDz=   0.000  (mm)
  Obj Stage rotY :    5.002 deg
============================================================

Unity geometry (world coordinates):
  Source   : x=   8.000, y=  50.000, z=   0.000
  Object   : x=   0.002, y=  22.012, z= 564.800
  Detector : x=  -5.000, y=  10.000, z= 720.000
  Obj rotY :   0.0000 deg
view   0 | SOD= 565.545 mm | SDD= 721.227 mm | M= 1.275 | incident=3.3432°
[[  57.222054   -561.94574     -27.988058  ]
 [ -18.507895    154.17851      12.011942  ]
 [   0.14903022    0.01304418    0.        ]
 [   0.            0.            0.1496    ]]
Residual vector length: 54, Jacobian shape: (54, 6)
view   0 | SOD= 565.543 mm | SDD= 721.227 mm | M= 1.275 | incident=3.3432°
[[  57.147736   -561.95197     -27.991081  ]
 [ -18.489315    154.18214      12.008919  ]
 [   0.14903192    0.01302484    0.        ]
 [   0.            0.            0.1496    ]]

iter 20 cost=0.154067 -> 0.187997 |dtheta|=9.973750e-03  lambda=1.953e+00

============================================================
Iteration 21
============================================================
Theta offsets (Unity frame):
  Source   : dSx=   0.000, dSy=   0.000, dSz=   0.000  (mm)
  Object   : dOx=  -5.998, dOy=  -5.988, dOz= -12.200  (mm)
  Object offset: offset_x=  -0.008, offset_z=  -0.005  (mm)
  Detector : dDx=   0.000, dDy=   0.000, dDz=   0.000  (mm)
  Obj Stage rotY :    5.002 deg
============================================================

Unity geometry (world coordinates):
  Source   : x=   8.000, y=  50.000, z=   0.000
  Object   : x=   0.002, y=  22.012, z= 564.800
  Detector : x=  -5.000, y=  10.000, z= 720.000
  Obj rotY :   0.0000 deg
view   0 | SOD= 565.545 mm | SDD= 721.227 mm | M= 1.275 | incident=3.3432°
[[  57.222054   -561.94574     -27.988058  ]
 [ -18.507895    154.17851      12.011942  ]
 [   0.14903022    0.01304418    0.        ]
 [   0.            0.            0.1496    ]]
Residual vector length: 54, Jacobian shape: (54, 6)
view   0 | SOD= 565.545 mm | SDD= 721.227 mm | M= 1.275 | incident=3.3432°
[[  57.15916    -561.95276     -27.991114  ]
 [ -18.492224    154.17982      12.008886  ]
 [   0.14903165    0.01302783    0.        ]
 [   0.            0.            0.1496    ]]

iter 21 cost=0.154067 -> 0.176296 |dtheta|=8.251584e-03  lambda=9.766e+00

============================================================
Iteration 22
============================================================
Theta offsets (Unity frame):
  Source   : dSx=   0.000, dSy=   0.000, dSz=   0.000  (mm)
  Object   : dOx=  -5.998, dOy=  -5.988, dOz= -12.200  (mm)
  Object offset: offset_x=  -0.008, offset_z=  -0.005  (mm)
  Detector : dDx=   0.000, dDy=   0.000, dDz=   0.000  (mm)
  Obj Stage rotY :    5.002 deg
============================================================

Unity geometry (world coordinates):
  Source   : x=   8.000, y=  50.000, z=   0.000
  Object   : x=   0.002, y=  22.012, z= 564.800
  Detector : x=  -5.000, y=  10.000, z= 720.000
  Obj rotY :   0.0000 deg
view   0 | SOD= 565.545 mm | SDD= 721.227 mm | M= 1.275 | incident=3.3432°
[[  57.222054   -561.94574     -27.988058  ]
 [ -18.507895    154.17851      12.011942  ]
 [   0.14903022    0.01304418    0.        ]
 [   0.            0.            0.1496    ]]
Residual vector length: 54, Jacobian shape: (54, 6)
view   0 | SOD= 565.547 mm | SDD= 721.227 mm | M= 1.275 | incident=3.3432°
[[  57.184025   -561.9521      -27.991058  ]
 [ -18.498795    154.17719      12.008942  ]
 [   0.14903109    0.01303437    0.        ]
 [   0.            0.            0.1496    ]]

iter 22 cost=0.154067 -> 0.176626 |dtheta|=5.829803e-03  lambda=4.883e+01

============================================================
Iteration 23
============================================================
Theta offsets (Unity frame):
  Source   : dSx=   0.000, dSy=   0.000, dSz=   0.000  (mm)
  Object   : dOx=  -5.998, dOy=  -5.988, dOz= -12.200  (mm)
  Object offset: offset_x=  -0.008, offset_z=  -0.005  (mm)
  Detector : dDx=   0.000, dDy=   0.000, dDz=   0.000  (mm)
  Obj Stage rotY :    5.002 deg
============================================================

Unity geometry (world coordinates):
  Source   : x=   8.000, y=  50.000, z=   0.000
  Object   : x=   0.002, y=  22.012, z= 564.800
  Detector : x=  -5.000, y=  10.000, z= 720.000
  Obj rotY :   0.0000 deg
view   0 | SOD= 565.545 mm | SDD= 721.227 mm | M= 1.275 | incident=3.3432°
[[  57.222054   -561.94574     -27.988058  ]
 [ -18.507895    154.17851      12.011942  ]
 [   0.14903022    0.01304418    0.        ]
 [   0.            0.            0.1496    ]]
Residual vector length: 54, Jacobian shape: (54, 6)
view   0 | SOD= 565.547 mm | SDD= 721.227 mm | M= 1.275 | incident=3.3432°
[[  57.20891    -561.94946     -27.990705  ]
 [ -18.505455    154.17645      12.0092945 ]
 [   0.1490305     0.01304093    0.        ]
 [   0.            0.            0.1496    ]]

iter 23 cost=0.154067 -> 0.176800 |dtheta|=3.926345e-03  lambda=2.441e+02

============================================================
Iteration 24
============================================================
Theta offsets (Unity frame):
  Source   : dSx=   0.000, dSy=   0.000, dSz=   0.000  (mm)
  Object   : dOx=  -5.998, dOy=  -5.988, dOz= -12.200  (mm)
  Object offset: offset_x=  -0.008, offset_z=  -0.005  (mm)
  Detector : dDx=   0.000, dDy=   0.000, dDz=   0.000  (mm)
  Obj Stage rotY :    5.002 deg
============================================================

Unity geometry (world coordinates):
  Source   : x=   8.000, y=  50.000, z=   0.000
  Object   : x=   0.002, y=  22.012, z= 564.800
  Detector : x=  -5.000, y=  10.000, z= 720.000
  Obj rotY :   0.0000 deg
view   0 | SOD= 565.545 mm | SDD= 721.227 mm | M= 1.275 | incident=3.3432°
[[  57.222054   -561.94574     -27.988058  ]
 [ -18.507895    154.17851      12.011942  ]
 [   0.14903022    0.01304418    0.        ]
 [   0.            0.            0.1496    ]]
Residual vector length: 54, Jacobian shape: (54, 6)
view   0 | SOD= 565.546 mm | SDD= 721.227 mm | M= 1.275 | incident=3.3432°
[[  57.218964   -561.9473      -27.989777  ]
 [ -18.507826    154.17726      12.010223  ]
 [   0.14903028    0.01304352    0.        ]
 [   0.            0.            0.1496    ]]

iter 24 cost=0.154067 -> 0.161527 |dtheta|=2.253209e-03  lambda=1.221e+03

============================================================
Iteration 25
============================================================
Theta offsets (Unity frame):
  Source   : dSx=   0.000, dSy=   0.000, dSz=   0.000  (mm)
  Object   : dOx=  -5.998, dOy=  -5.988, dOz= -12.200  (mm)
  Object offset: offset_x=  -0.008, offset_z=  -0.005  (mm)
  Detector : dDx=   0.000, dDy=   0.000, dDz=   0.000  (mm)
  Obj Stage rotY :    5.002 deg
============================================================

Unity geometry (world coordinates):
  Source   : x=   8.000, y=  50.000, z=   0.000
  Object   : x=   0.002, y=  22.012, z= 564.800
  Detector : x=  -5.000, y=  10.000, z= 720.000
  Obj rotY :   0.0000 deg
view   0 | SOD= 565.545 mm | SDD= 721.227 mm | M= 1.275 | incident=3.3432°
[[  57.222054   -561.94574     -27.988058  ]
 [ -18.507895    154.17851      12.011942  ]
 [   0.14903022    0.01304418    0.        ]
 [   0.            0.            0.1496    ]]
Residual vector length: 54, Jacobian shape: (54, 6)
view   0 | SOD= 565.545 mm | SDD= 721.227 mm | M= 1.275 | incident=3.3432°
[[  57.22141    -561.9462      -27.988691  ]
 [ -18.507992    154.17809      12.011309  ]
 [   0.14903024    0.01304406    0.        ]
 [   0.            0.            0.1496    ]]

iter 25 cost=0.154067 -> 0.162029 |dtheta|=7.761142e-04  lambda=6.104e+03

============================================================
Iteration 26
============================================================
Theta offsets (Unity frame):
  Source   : dSx=   0.000, dSy=   0.000, dSz=   0.000  (mm)
  Object   : dOx=  -5.998, dOy=  -5.988, dOz= -12.200  (mm)
  Object offset: offset_x=  -0.008, offset_z=  -0.005  (mm)
  Detector : dDx=   0.000, dDy=   0.000, dDz=   0.000  (mm)
  Obj Stage rotY :    5.002 deg
============================================================

Unity geometry (world coordinates):
  Source   : x=   8.000, y=  50.000, z=   0.000
  Object   : x=   0.002, y=  22.012, z= 564.800
  Detector : x=  -5.000, y=  10.000, z= 720.000
  Obj rotY :   0.0000 deg
view   0 | SOD= 565.545 mm | SDD= 721.227 mm | M= 1.275 | incident=3.3432°
[[  57.222054   -561.94574     -27.988058  ]
 [ -18.507895    154.17851      12.011942  ]
 [   0.14903022    0.01304418    0.        ]
 [   0.            0.            0.1496    ]]
Residual vector length: 54, Jacobian shape: (54, 6)
view   0 | SOD= 565.545 mm | SDD= 721.227 mm | M= 1.275 | incident=3.3432°
[[  57.221928   -561.9459      -27.98821   ]
 [ -18.507921    154.17839      12.011789  ]
 [   0.14903024    0.01304416    0.        ]
 [   0.            0.            0.1496    ]]

iter 26 cost=0.154067 -> 0.158845 |dtheta|=1.830249e-04  lambda=3.052e+04

============================================================
Iteration 27
============================================================
Theta offsets (Unity frame):
  Source   : dSx=   0.000, dSy=   0.000, dSz=   0.000  (mm)
  Object   : dOx=  -5.998, dOy=  -5.988, dOz= -12.200  (mm)
  Object offset: offset_x=  -0.008, offset_z=  -0.005  (mm)
  Detector : dDx=   0.000, dDy=   0.000, dDz=   0.000  (mm)
  Obj Stage rotY :    5.002 deg
============================================================

Unity geometry (world coordinates):
  Source   : x=   8.000, y=  50.000, z=   0.000
  Object   : x=   0.002, y=  22.012, z= 564.800
  Detector : x=  -5.000, y=  10.000, z= 720.000
  Obj rotY :   0.0000 deg
view   0 | SOD= 565.545 mm | SDD= 721.227 mm | M= 1.275 | incident=3.3432°
[[  57.222054   -561.94574     -27.988058  ]
 [ -18.507895    154.17851      12.011942  ]
 [   0.14903022    0.01304418    0.        ]
 [   0.            0.            0.1496    ]]
Residual vector length: 54, Jacobian shape: (54, 6)
view   0 | SOD= 565.545 mm | SDD= 721.227 mm | M= 1.275 | incident=3.3432°
[[  57.222034   -561.9458      -27.98809   ]
 [ -18.507898    154.17845      12.0119095 ]
 [   0.14903022    0.01304417    0.        ]
 [   0.            0.            0.1496    ]]

iter 27 cost=0.154067 -> 0.154067 |dtheta|=3.798846e-05  lambda=1.526e+05

============================================================
Iteration 28
============================================================
Theta offsets (Unity frame):
  Source   : dSx=   0.000, dSy=   0.000, dSz=   0.000  (mm)
  Object   : dOx=  -5.998, dOy=  -5.988, dOz= -12.200  (mm)
  Object offset: offset_x=  -0.008, offset_z=  -0.005  (mm)
  Detector : dDx=   0.000, dDy=   0.000, dDz=   0.000  (mm)
  Obj Stage rotY :    5.002 deg
============================================================

Unity geometry (world coordinates):
  Source   : x=   8.000, y=  50.000, z=   0.000
  Object   : x=   0.002, y=  22.012, z= 564.800
  Detector : x=  -5.000, y=  10.000, z= 720.000
  Obj rotY :   0.0000 deg
view   0 | SOD= 565.545 mm | SDD= 721.227 mm | M= 1.275 | incident=3.3432°
[[  57.222054   -561.94574     -27.988058  ]
 [ -18.507895    154.17851      12.011942  ]
 [   0.14903022    0.01304418    0.        ]
 [   0.            0.            0.1496    ]]
Residual vector length: 54, Jacobian shape: (54, 6)
view   0 | SOD= 565.545 mm | SDD= 721.227 mm | M= 1.275 | incident=3.3432°
[[  57.22205    -561.94574     -27.988064  ]
 [ -18.507896    154.17851      12.011936  ]
 [   0.14903022    0.01304418    0.        ]
 [   0.            0.            0.1496    ]]

iter 28 cost=0.154067 -> 0.154067 |dtheta|=7.655782e-06  lambda=7.629e+05

============================================================
Iteration 29
============================================================
Theta offsets (Unity frame):
  Source   : dSx=   0.000, dSy=   0.000, dSz=   0.000  (mm)
  Object   : dOx=  -5.998, dOy=  -5.988, dOz= -12.200  (mm)
  Object offset: offset_x=  -0.008, offset_z=  -0.005  (mm)
  Detector : dDx=   0.000, dDy=   0.000, dDz=   0.000  (mm)
  Obj Stage rotY :    5.002 deg
============================================================

Unity geometry (world coordinates):
  Source   : x=   8.000, y=  50.000, z=   0.000
  Object   : x=   0.002, y=  22.012, z= 564.800
  Detector : x=  -5.000, y=  10.000, z= 720.000
  Obj rotY :   0.0000 deg
view   0 | SOD= 565.545 mm | SDD= 721.227 mm | M= 1.275 | incident=3.3432°
[[  57.222054   -561.94574     -27.988058  ]
 [ -18.507895    154.17851      12.011942  ]
 [   0.14903022    0.01304418    0.        ]
 [   0.            0.            0.1496    ]]
Residual vector length: 54, Jacobian shape: (54, 6)
view   0 | SOD= 565.545 mm | SDD= 721.227 mm | M= 1.275 | incident=3.3432°
[[  57.22205    -561.94574     -27.988062  ]
 [ -18.507896    154.17851      12.011938  ]
 [   0.14903022    0.01304418    0.        ]
 [   0.            0.            0.1496    ]]

iter 29 cost=0.154067 -> 0.154067 |dtheta|=5.843548e-06  lambda=1.000e+06

============================================================
Iteration 30
============================================================
Theta offsets (Unity frame):
  Source   : dSx=   0.000, dSy=   0.000, dSz=   0.000  (mm)
  Object   : dOx=  -5.998, dOy=  -5.988, dOz= -12.200  (mm)
  Object offset: offset_x=  -0.008, offset_z=  -0.005  (mm)
  Detector : dDx=   0.000, dDy=   0.000, dDz=   0.000  (mm)
  Obj Stage rotY :    5.002 deg
============================================================

Unity geometry (world coordinates):
  Source   : x=   8.000, y=  50.000, z=   0.000
  Object   : x=   0.002, y=  22.012, z= 564.800
  Detector : x=  -5.000, y=  10.000, z= 720.000
  Obj rotY :   0.0000 deg
view   0 | SOD= 565.545 mm | SDD= 721.227 mm | M= 1.275 | incident=3.3432°
[[  57.222054   -561.94574     -27.988058  ]
 [ -18.507895    154.17851      12.011942  ]
 [   0.14903022    0.01304418    0.        ]
 [   0.            0.            0.1496    ]]
Residual vector length: 54, Jacobian shape: (54, 6)
view   0 | SOD= 565.545 mm | SDD= 721.227 mm | M= 1.275 | incident=3.3432°
[[  57.22205    -561.94574     -27.988062  ]
 [ -18.507896    154.17851      12.011938  ]
 [   0.14903022    0.01304418    0.        ]
 [   0.            0.            0.1496    ]]

iter 30 cost=0.154067 -> 0.154067 |dtheta|=5.843548e-06  lambda=1.000e+06

============================================================
Iteration 31
============================================================
Theta offsets (Unity frame):
  Source   : dSx=   0.000, dSy=   0.000, dSz=   0.000  (mm)
  Object   : dOx=  -5.998, dOy=  -5.988, dOz= -12.200  (mm)
  Object offset: offset_x=  -0.008, offset_z=  -0.005  (mm)
  Detector : dDx=   0.000, dDy=   0.000, dDz=   0.000  (mm)
  Obj Stage rotY :    5.002 deg
============================================================

Unity geometry (world coordinates):
  Source   : x=   8.000, y=  50.000, z=   0.000
  Object   : x=   0.002, y=  22.012, z= 564.800
  Detector : x=  -5.000, y=  10.000, z= 720.000
  Obj rotY :   0.0000 deg
view   0 | SOD= 565.545 mm | SDD= 721.227 mm | M= 1.275 | incident=3.3432°
[[  57.222054   -561.94574     -27.988058  ]
 [ -18.507895    154.17851      12.011942  ]
 [   0.14903022    0.01304418    0.        ]
 [   0.            0.            0.1496    ]]
Residual vector length: 54, Jacobian shape: (54, 6)
view   0 | SOD= 565.545 mm | SDD= 721.227 mm | M= 1.275 | incident=3.3432°
[[  57.22205    -561.94574     -27.988062  ]
 [ -18.507896    154.17851      12.011938  ]
 [   0.14903022    0.01304418    0.        ]
 [   0.            0.            0.1496    ]]

iter 31 cost=0.154067 -> 0.154067 |dtheta|=5.843548e-06  lambda=1.000e+06

============================================================
Iteration 32
============================================================
Theta offsets (Unity frame):
  Source   : dSx=   0.000, dSy=   0.000, dSz=   0.000  (mm)
  Object   : dOx=  -5.998, dOy=  -5.988, dOz= -12.200  (mm)
  Object offset: offset_x=  -0.008, offset_z=  -0.005  (mm)
  Detector : dDx=   0.000, dDy=   0.000, dDz=   0.000  (mm)
  Obj Stage rotY :    5.002 deg
============================================================

Unity geometry (world coordinates):
  Source   : x=   8.000, y=  50.000, z=   0.000
  Object   : x=   0.002, y=  22.012, z= 564.800
  Detector : x=  -5.000, y=  10.000, z= 720.000
  Obj rotY :   0.0000 deg
view   0 | SOD= 565.545 mm | SDD= 721.227 mm | M= 1.275 | incident=3.3432°
[[  57.222054   -561.94574     -27.988058  ]
 [ -18.507895    154.17851      12.011942  ]
 [   0.14903022    0.01304418    0.        ]
 [   0.            0.            0.1496    ]]
Residual vector length: 54, Jacobian shape: (54, 6)
view   0 | SOD= 565.545 mm | SDD= 721.227 mm | M= 1.275 | incident=3.3432°
[[  57.22205    -561.94574     -27.988062  ]
 [ -18.507896    154.17851      12.011938  ]
 [   0.14903022    0.01304418    0.        ]
 [   0.            0.            0.1496    ]]

iter 32 cost=0.154067 -> 0.154067 |dtheta|=5.843548e-06  lambda=1.000e+06

============================================================
Iteration 33
============================================================
Theta offsets (Unity frame):
  Source   : dSx=   0.000, dSy=   0.000, dSz=   0.000  (mm)
  Object   : dOx=  -5.998, dOy=  -5.988, dOz= -12.200  (mm)
  Object offset: offset_x=  -0.008, offset_z=  -0.005  (mm)
  Detector : dDx=   0.000, dDy=   0.000, dDz=   0.000  (mm)
  Obj Stage rotY :    5.002 deg
============================================================

Unity geometry (world coordinates):
  Source   : x=   8.000, y=  50.000, z=   0.000
  Object   : x=   0.002, y=  22.012, z= 564.800
  Detector : x=  -5.000, y=  10.000, z= 720.000
  Obj rotY :   0.0000 deg
view   0 | SOD= 565.545 mm | SDD= 721.227 mm | M= 1.275 | incident=3.3432°
[[  57.222054   -561.94574     -27.988058  ]
 [ -18.507895    154.17851      12.011942  ]
 [   0.14903022    0.01304418    0.        ]
 [   0.            0.            0.1496    ]]
Residual vector length: 54, Jacobian shape: (54, 6)
view   0 | SOD= 565.545 mm | SDD= 721.227 mm | M= 1.275 | incident=3.3432°
[[  57.22205    -561.94574     -27.988062  ]
 [ -18.507896    154.17851      12.011938  ]
 [   0.14903022    0.01304418    0.        ]
 [   0.            0.            0.1496    ]]

iter 33 cost=0.154067 -> 0.154067 |dtheta|=5.843548e-06  lambda=1.000e+06

============================================================
Iteration 34
============================================================
Theta offsets (Unity frame):
  Source   : dSx=   0.000, dSy=   0.000, dSz=   0.000  (mm)
  Object   : dOx=  -5.998, dOy=  -5.988, dOz= -12.200  (mm)
  Object offset: offset_x=  -0.008, offset_z=  -0.005  (mm)
  Detector : dDx=   0.000, dDy=   0.000, dDz=   0.000  (mm)
  Obj Stage rotY :    5.002 deg
============================================================

Unity geometry (world coordinates):
  Source   : x=   8.000, y=  50.000, z=   0.000
  Object   : x=   0.002, y=  22.012, z= 564.800
  Detector : x=  -5.000, y=  10.000, z= 720.000
  Obj rotY :   0.0000 deg
view   0 | SOD= 565.545 mm | SDD= 721.227 mm | M= 1.275 | incident=3.3432°
[[  57.222054   -561.94574     -27.988058  ]
 [ -18.507895    154.17851      12.011942  ]
 [   0.14903022    0.01304418    0.        ]
 [   0.            0.            0.1496    ]]
Residual vector length: 54, Jacobian shape: (54, 6)
view   0 | SOD= 565.545 mm | SDD= 721.227 mm | M= 1.275 | incident=3.3432°
[[  57.22205    -561.94574     -27.988062  ]
 [ -18.507896    154.17851      12.011938  ]
 [   0.14903022    0.01304418    0.        ]
 [   0.            0.            0.1496    ]]

iter 34 cost=0.154067 -> 0.154067 |dtheta|=5.843548e-06  lambda=1.000e+06

============================================================
Iteration 35
============================================================
Theta offsets (Unity frame):
  Source   : dSx=   0.000, dSy=   0.000, dSz=   0.000  (mm)
  Object   : dOx=  -5.998, dOy=  -5.988, dOz= -12.200  (mm)
  Object offset: offset_x=  -0.008, offset_z=  -0.005  (mm)
  Detector : dDx=   0.000, dDy=   0.000, dDz=   0.000  (mm)
  Obj Stage rotY :    5.002 deg
============================================================

Unity geometry (world coordinates):
  Source   : x=   8.000, y=  50.000, z=   0.000
  Object   : x=   0.002, y=  22.012, z= 564.800
  Detector : x=  -5.000, y=  10.000, z= 720.000
  Obj rotY :   0.0000 deg
view   0 | SOD= 565.545 mm | SDD= 721.227 mm | M= 1.275 | incident=3.3432°
[[  57.222054   -561.94574     -27.988058  ]
 [ -18.507895    154.17851      12.011942  ]
 [   0.14903022    0.01304418    0.        ]
 [   0.            0.            0.1496    ]]
Residual vector length: 54, Jacobian shape: (54, 6)
view   0 | SOD= 565.545 mm | SDD= 721.227 mm | M= 1.275 | incident=3.3432°
[[  57.22205    -561.94574     -27.988062  ]
 [ -18.507896    154.17851      12.011938  ]
 [   0.14903022    0.01304418    0.        ]
 [   0.            0.            0.1496    ]]

iter 35 cost=0.154067 -> 0.154067 |dtheta|=5.843548e-06  lambda=1.000e+06
Stalled.

Estimated theta:
  dSx: +0.000000
  dSy: +0.000000
  dOx: -5.997971
  dOy: -5.988058
  dOz: -12.200124
  dDx: +0.000000
  dDy: +0.000000
  dDz: +0.000000
alpha: +5.002183e+00 deg)
offset_x: -0.008019
offset_z: -0.004921

Final cost table:
Fake theta: [  0.   0.  -6.  -6. -12.   0.   0.   0.   5.   0.   0.]
Final estimated theta: [  0.           0.          -5.99797051  -5.98805768 -12.20012388
   0.           0.           0.           5.00218298  -0.0080189
  -0.00492127]
Diff from Expected: [ 0.          0.          0.00202949  0.01194232 -0.20012388  0.
  0.          0.          0.00218298 -0.0080189  -0.00492127]
################################################################################

