Phantom already exists, skipping: cuboid_phantom_3_small.npy

################################################################################
Running cuboid=small scenario=G1 N_ANGLES=10, K=3
view   0 | SOD= 565.750 mm | SDD= 721.227 mm | M= 1.275 | incident=3.3432°
[[  57.21255    -562.1528      -28.        ]
 [ -18.490114    153.9744       12.        ]
 [   0.14903073    0.0130385     0.        ]
 [   0.            0.            0.1496    ]]
          image          x1          y1  area1          x2          y2  area2          x3          y3  area3
0  proj_000.png  549.489183  207.253606    832  444.651729  347.060179    781  549.489771  501.334537    831
1  proj_001.png  495.225806  207.598566    837  497.189189  346.187902    777  495.295943  502.676611    838
2  proj_002.png  441.395433  207.270433    832  549.482670  347.010270    779  441.358944  501.393758    833
3  proj_003.png  409.400740  206.413070    811  582.123426  349.263224    794  409.376225  497.660539    816
4  proj_004.png  410.970701  205.217834    785  582.498759  352.027295    806  411.003817  493.174300    786
5  proj_005.png  444.616941  204.418458    791  549.466346  354.281250    832  444.679293  489.689394    792
6  proj_006.png  497.226512  204.108108    777  495.281139  355.189798    843  497.182051  488.347436    780
7  proj_007.png  549.479644  204.426209    786  441.373188  354.335749    828  549.484117  489.659466    787
8  proj_008.png  582.134761  205.283375    794  409.333742  352.014724    815  582.135101  493.202020    792
9  proj_009.png  582.517968  206.437423    807  410.970701  349.217834    785  582.525277  497.577065    811

============================================================
Iteration 0
============================================================
Theta offsets (Unity frame):
  Source   : dSx=   0.000, dSy=   0.000, dSz=   0.000  (mm)
  Object   : dOx=   0.000, dOy=   0.000, dOz=   0.000  (mm)
  Object offset: offset_x=   0.000, offset_z=   0.000  (mm)
  Detector : dDx=   0.000, dDy=   0.000, dDz=   0.000  (mm)
  Obj Stage rotY :    0.000 deg
============================================================

Unity geometry (world coordinates):
  Source   : x=   8.000, y=  50.000, z=   0.000
  Object   : x=   6.000, y=  28.000, z= 577.000
  Detector : x=  -5.000, y=  10.000, z= 720.000
  Obj rotY :   0.0000 deg
view   0 | SOD= 577.423 mm | SDD= 721.227 mm | M= 1.249 | incident=3.3432°
[[   2.     -577.      -22.    ]
 [ -11.      143.       18.    ]
 [   0.1496    0.        0.    ]
 [   0.        0.        0.1496]]
Residual vector length: 90, Jacobian shape: (90, 6)
view   0 | SOD= 572.695 mm | SDD= 721.227 mm | M= 1.259 | incident=3.3432°
[[  15.111761   -571.831       -27.569036  ]
 [  -7.666474    147.926        12.4309635 ]
 [   0.1495862     0.00203195    0.        ]
 [   0.            0.            0.1496    ]]

iter 00 cost=86572.536023 -> 2347.578139 |dtheta|=9.528434e+00  lambda=1.000e-02

============================================================
Iteration 1
============================================================
Theta offsets (Unity frame):
  Source   : dSx=   0.000, dSy=   0.000, dSz=   0.000  (mm)
  Object   : dOx=  -5.125, dOy=  -5.569, dOz=  -5.692  (mm)
  Object offset: offset_x=  -0.218, offset_z=   0.676  (mm)
  Detector : dDx=   0.000, dDy=   0.000, dDz=   0.000  (mm)
  Obj Stage rotY :    0.778 deg
============================================================

Unity geometry (world coordinates):
  Source   : x=   8.000, y=  50.000, z=   0.000
  Object   : x=   0.875, y=  22.431, z= 571.308
  Detector : x=  -5.000, y=  10.000, z= 720.000
  Obj rotY :   0.0000 deg
view   0 | SOD= 572.695 mm | SDD= 721.227 mm | M= 1.259 | incident=3.3432°
[[  15.111761   -571.831       -27.569036  ]
 [  -7.666474    147.926        12.4309635 ]
 [   0.1495862     0.00203195    0.        ]
 [   0.            0.            0.1496    ]]
Residual vector length: 90, Jacobian shape: (90, 6)
view   0 | SOD= 571.739 mm | SDD= 721.227 mm | M= 1.261 | incident=3.3432°
[[  40.495518   -569.61        -28.103907  ]
 [ -13.614498    148.47154      11.896093  ]
 [   0.1493557     0.00854616    0.        ]
 [   0.            0.            0.1496    ]]

iter 01 cost=2347.578139 -> 298.436483 |dtheta|=2.781403e+00  lambda=3.333e-03

============================================================
Iteration 2
============================================================
Theta offsets (Unity frame):
  Source   : dSx=   0.000, dSy=   0.000, dSz=   0.000  (mm)
  Object   : dOx=  -5.905, dOy=  -6.104, dOz=  -6.365  (mm)
  Object offset: offset_x=   0.016, offset_z=   0.358  (mm)
  Detector : dDx=   0.000, dDy=   0.000, dDz=   0.000  (mm)
  Obj Stage rotY :    3.275 deg
============================================================

Unity geometry (world coordinates):
  Source   : x=   8.000, y=  50.000, z=   0.000
  Object   : x=   0.095, y=  21.896, z= 570.635
  Detector : x=  -5.000, y=  10.000, z= 720.000
  Obj rotY :   0.0000 deg
view   0 | SOD= 571.739 mm | SDD= 721.227 mm | M= 1.261 | incident=3.3432°
[[  40.495518   -569.61        -28.103907  ]
 [ -13.614498    148.47154      11.896093  ]
 [   0.1493557     0.00854616    0.        ]
 [   0.            0.            0.1496    ]]
Residual vector length: 90, Jacobian shape: (90, 6)
view   0 | SOD= 570.398 mm | SDD= 721.227 mm | M= 1.264 | incident=3.3432°
[[  48.747383   -567.6101      -28.227085  ]
 [ -15.662926    149.6209       11.772915  ]
 [   0.14921765    0.01068882    0.        ]
 [   0.            0.            0.1496    ]]

iter 02 cost=298.436483 -> 91.323133 |dtheta|=1.374039e+00  lambda=1.111e-03

============================================================
Iteration 3
============================================================
Theta offsets (Unity frame):
  Source   : dSx=   0.000, dSy=   0.000, dSz=   0.000  (mm)
  Object   : dOx=  -6.068, dOy=  -6.227, dOz=  -7.399  (mm)
  Object offset: offset_x=   0.000, offset_z=   0.041  (mm)
  Detector : dDx=   0.000, dDy=   0.000, dDz=   0.000  (mm)
  Obj Stage rotY :    4.097 deg
============================================================

Unity geometry (world coordinates):
  Source   : x=   8.000, y=  50.000, z=   0.000
  Object   : x=  -0.068, y=  21.773, z= 569.601
  Detector : x=  -5.000, y=  10.000, z= 720.000
  Obj rotY :   0.0000 deg
view   0 | SOD= 570.398 mm | SDD= 721.227 mm | M= 1.264 | incident=3.3432°
[[  48.747383   -567.6101      -28.227085  ]
 [ -15.662926    149.6209       11.772915  ]
 [   0.14921765    0.01068882    0.        ]
 [   0.            0.            0.1496    ]]
Residual vector length: 90, Jacobian shape: (90, 6)
view   0 | SOD= 570.039 mm | SDD= 721.227 mm | M= 1.265 | incident=3.3432°
[[  56.46334    -566.5344      -28.198841  ]
 [ -17.662735    149.75763      11.801159  ]
 [   0.14905907    0.01271041    0.        ]
 [   0.            0.            0.1496    ]]

iter 03 cost=91.323133 -> 61.305217 |dtheta|=8.585866e-01  lambda=3.704e-04

============================================================
Iteration 4
============================================================
Theta offsets (Unity frame):
  Source   : dSx=   0.000, dSy=   0.000, dSz=   0.000  (mm)
  Object   : dOx=  -6.058, dOy=  -6.199, dOz=  -7.758  (mm)
  Object offset: offset_x=  -0.067, offset_z=   0.041  (mm)
  Detector : dDx=   0.000, dDy=   0.000, dDz=   0.000  (mm)
  Obj Stage rotY :    4.874 deg
============================================================

Unity geometry (world coordinates):
  Source   : x=   8.000, y=  50.000, z=   0.000
  Object   : x=  -0.058, y=  21.801, z= 569.242
  Detector : x=  -5.000, y=  10.000, z= 720.000
  Obj rotY :   0.0000 deg
view   0 | SOD= 570.039 mm | SDD= 721.227 mm | M= 1.265 | incident=3.3432°
[[  56.46334    -566.5344      -28.198841  ]
 [ -17.662735    149.75763      11.801159  ]
 [   0.14905907    0.01271041    0.        ]
 [   0.            0.            0.1496    ]]
Residual vector length: 90, Jacobian shape: (90, 6)
view   0 | SOD= 569.417 mm | SDD= 721.227 mm | M= 1.267 | incident=3.3432°
[[  58.50733    -565.7019      -28.173038  ]
 [ -18.373352    150.29976      11.8269615 ]
 [   0.14900908    0.01328366    0.        ]
 [   0.            0.            0.1496    ]]

iter 04 cost=61.305217 -> 43.424120 |dtheta|=6.581966e-01  lambda=1.235e-04

============================================================
Iteration 5
============================================================
Theta offsets (Unity frame):
  Source   : dSx=   0.000, dSy=   0.000, dSz=   0.000  (mm)
  Object   : dOx=  -6.051, dOy=  -6.173, dOz=  -8.373  (mm)
  Object offset: offset_x=   0.006, offset_z=   0.036  (mm)
  Detector : dDx=   0.000, dDy=   0.000, dDz=   0.000  (mm)
  Obj Stage rotY :    5.094 deg
============================================================

Unity geometry (world coordinates):
  Source   : x=   8.000, y=  50.000, z=   0.000
  Object   : x=  -0.051, y=  21.827, z= 568.627
  Detector : x=  -5.000, y=  10.000, z= 720.000
  Obj rotY :   0.0000 deg
view   0 | SOD= 569.417 mm | SDD= 721.227 mm | M= 1.267 | incident=3.3432°
[[  58.50733    -565.7019      -28.173038  ]
 [ -18.373352    150.29976      11.8269615 ]
 [   0.14900908    0.01328366    0.        ]
 [   0.            0.            0.1496    ]]
Residual vector length: 90, Jacobian shape: (90, 6)
view   0 | SOD= 569.028 mm | SDD= 721.227 mm | M= 1.267 | incident=3.3432°
[[  57.2767     -565.4391      -28.122435  ]
 [ -18.10966     150.72142      11.877565  ]
 [   0.14903647    0.01297267    0.        ]
 [   0.            0.            0.1496    ]]

iter 05 cost=43.424120 -> 35.027159 |dtheta|=4.204707e-01  lambda=4.115e-05

============================================================
Iteration 6
============================================================
Theta offsets (Unity frame):
  Source   : dSx=   0.000, dSy=   0.000, dSz=   0.000  (mm)
  Object   : dOx=  -6.060, dOy=  -6.122, dOz=  -8.772  (mm)
  Object offset: offset_x=   0.031, offset_z=   0.048  (mm)
  Detector : dDx=   0.000, dDy=   0.000, dDz=   0.000  (mm)
  Obj Stage rotY :    4.975 deg
============================================================

Unity geometry (world coordinates):
  Source   : x=   8.000, y=  50.000, z=   0.000
  Object   : x=  -0.060, y=  21.878, z= 568.228
  Detector : x=  -5.000, y=  10.000, z= 720.000
  Obj rotY :   0.0000 deg
view   0 | SOD= 569.028 mm | SDD= 721.227 mm | M= 1.267 | incident=3.3432°
[[  57.2767     -565.4391      -28.122435  ]
 [ -18.10966     150.72142      11.877565  ]
 [   0.14903647    0.01297267    0.        ]
 [   0.            0.            0.1496    ]]
Residual vector length: 90, Jacobian shape: (90, 6)
view   0 | SOD= 568.747 mm | SDD= 721.227 mm | M= 1.268 | incident=3.3432°
[[  57.002186   -565.1823      -28.160496  ]
 [ -18.006275    151.0179       11.839504  ]
 [   0.14904329    0.01289403    0.        ]
 [   0.            0.            0.1496    ]]

iter 06 cost=35.027159 -> 29.226904 |dtheta|=2.613078e-01  lambda=1.372e-05

============================================================
Iteration 7
============================================================
Theta offsets (Unity frame):
  Source   : dSx=   0.000, dSy=   0.000, dSz=   0.000  (mm)
  Object   : dOx=  -6.044, dOy=  -6.160, dOz=  -9.017  (mm)
  Object offset: offset_x=  -0.033, offset_z=   0.009  (mm)
  Detector : dDx=   0.000, dDy=   0.000, dDz=   0.000  (mm)
  Obj Stage rotY :    4.944 deg
============================================================

Unity geometry (world coordinates):
  Source   : x=   8.000, y=  50.000, z=   0.000
  Object   : x=  -0.044, y=  21.840, z= 567.983
  Detector : x=  -5.000, y=  10.000, z= 720.000
  Obj rotY :   0.0000 deg
view   0 | SOD= 568.747 mm | SDD= 721.227 mm | M= 1.268 | incident=3.3432°
[[  57.002186   -565.1823      -28.160496  ]
 [ -18.006275    151.0179       11.839504  ]
 [   0.14904329    0.01289403    0.        ]
 [   0.            0.            0.1496    ]]
Residual vector length: 90, Jacobian shape: (90, 6)
view   0 | SOD= 568.344 mm | SDD= 721.227 mm | M= 1.269 | incident=3.3432°
[[  58.34084    -564.641       -28.139963  ]
 [ -18.45514     151.36977      11.860037  ]
 [   0.14901064    0.01326603    0.        ]
 [   0.            0.            0.1496    ]]

iter 07 cost=29.226904 -> 21.838117 |dtheta|=4.611857e-01  lambda=4.572e-06

============================================================
Iteration 8
============================================================
Theta offsets (Unity frame):
  Source   : dSx=   0.000, dSy=   0.000, dSz=   0.000  (mm)
  Object   : dOx=  -6.040, dOy=  -6.140, dOz=  -9.452  (mm)
  Object offset: offset_x=  -0.001, offset_z=   0.042  (mm)
  Detector : dDx=   0.000, dDy=   0.000, dDz=   0.000  (mm)
  Obj Stage rotY :    5.087 deg
============================================================

Unity geometry (world coordinates):
  Source   : x=   8.000, y=  50.000, z=   0.000
  Object   : x=  -0.040, y=  21.860, z= 567.548
  Detector : x=  -5.000, y=  10.000, z= 720.000
  Obj rotY :   0.0000 deg
view   0 | SOD= 568.344 mm | SDD= 721.227 mm | M= 1.269 | incident=3.3432°
[[  58.34084    -564.641       -28.139963  ]
 [ -18.45514     151.36977      11.860037  ]
 [   0.14901064    0.01326603    0.        ]
 [   0.            0.            0.1496    ]]
Residual vector length: 90, Jacobian shape: (90, 6)
view   0 | SOD= 567.732 mm | SDD= 721.227 mm | M= 1.270 | incident=3.3432°
[[  57.018208   -564.16235     -28.100624  ]
 [ -18.195389    152.01633      11.899376  ]
 [   0.1490396     0.01293672    0.        ]
 [   0.            0.            0.1496    ]]

iter 08 cost=21.838117 -> 13.420405 |dtheta|=5.666238e-01  lambda=1.524e-06

============================================================
Iteration 9
============================================================
Theta offsets (Unity frame):
  Source   : dSx=   0.000, dSy=   0.000, dSz=   0.000  (mm)
  Object   : dOx=  -6.028, dOy=  -6.101, dOz=  -9.999  (mm)
  Object offset: offset_x=   0.010, offset_z=  -0.021  (mm)
  Detector : dDx=   0.000, dDy=   0.000, dDz=   0.000  (mm)
  Obj Stage rotY :    4.961 deg
============================================================

Unity geometry (world coordinates):
  Source   : x=   8.000, y=  50.000, z=   0.000
  Object   : x=  -0.028, y=  21.899, z= 567.001
  Detector : x=  -5.000, y=  10.000, z= 720.000
  Obj rotY :   0.0000 deg
view   0 | SOD= 567.732 mm | SDD= 721.227 mm | M= 1.270 | incident=3.3432°
[[  57.018208   -564.16235     -28.100624  ]
 [ -18.195389    152.01633      11.899376  ]
 [   0.1490396     0.01293672    0.        ]
 [   0.            0.            0.1496    ]]
Residual vector length: 90, Jacobian shape: (90, 6)
view   0 | SOD= 567.239 mm | SDD= 721.227 mm | M= 1.271 | incident=3.3432°
[[  57.523003   -563.6158      -28.080019  ]
 [ -18.398447    152.4882       11.919981  ]
 [   0.14902674    0.01308403    0.        ]
 [   0.            0.            0.1496    ]]

iter 09 cost=13.420405 -> 7.021689 |dtheta|=5.228360e-01  lambda=1.000e-06

============================================================
Iteration 10
============================================================
Theta offsets (Unity frame):
  Source   : dSx=   0.000, dSy=   0.000, dSz=   0.000  (mm)
  Object   : dOx=  -6.022, dOy=  -6.080, dOz= -10.518  (mm)
  Object offset: offset_x=   0.014, offset_z=   0.005  (mm)
  Detector : dDx=   0.000, dDy=   0.000, dDz=   0.000  (mm)
  Obj Stage rotY :    5.018 deg
============================================================

Unity geometry (world coordinates):
  Source   : x=   8.000, y=  50.000, z=   0.000
  Object   : x=  -0.022, y=  21.920, z= 566.482
  Detector : x=  -5.000, y=  10.000, z= 720.000
  Obj rotY :   0.0000 deg
view   0 | SOD= 567.239 mm | SDD= 721.227 mm | M= 1.271 | incident=3.3432°
[[  57.523003   -563.6158      -28.080019  ]
 [ -18.398447    152.4882       11.919981  ]
 [   0.14902674    0.01308403    0.        ]
 [   0.            0.            0.1496    ]]
Residual vector length: 90, Jacobian shape: (90, 6)
view   0 | SOD= 566.946 mm | SDD= 721.227 mm | M= 1.272 | incident=3.3432°
[[  57.18624    -563.3561      -28.061832  ]
 [ -18.343264    152.78937      11.938168  ]
 [   0.14903387    0.01300246    0.        ]
 [   0.            0.            0.1496    ]]

iter 10 cost=7.021689 -> 4.693154 |dtheta|=3.068783e-01  lambda=1.000e-06

============================================================
Iteration 11
============================================================
Theta offsets (Unity frame):
  Source   : dSx=   0.000, dSy=   0.000, dSz=   0.000  (mm)
  Object   : dOx=  -6.024, dOy=  -6.062, dOz= -10.822  (mm)
  Object offset: offset_x=   0.019, offset_z=   0.017  (mm)
  Detector : dDx=   0.000, dDy=   0.000, dDz=   0.000  (mm)
  Obj Stage rotY :    4.986 deg
============================================================

Unity geometry (world coordinates):
  Source   : x=   8.000, y=  50.000, z=   0.000
  Object   : x=  -0.024, y=  21.938, z= 566.178
  Detector : x=  -5.000, y=  10.000, z= 720.000
  Obj rotY :   0.0000 deg
view   0 | SOD= 566.946 mm | SDD= 721.227 mm | M= 1.272 | incident=3.3432°
[[  57.18624    -563.3561      -28.061832  ]
 [ -18.343264    152.78937      11.938168  ]
 [   0.14903387    0.01300246    0.        ]
 [   0.            0.            0.1496    ]]
Residual vector length: 90, Jacobian shape: (90, 6)
view   0 | SOD= 566.780 mm | SDD= 721.227 mm | M= 1.272 | incident=3.3432°
[[  56.904755   -563.2184      -28.050898  ]
 [ -18.286709    152.96263      11.949102  ]
 [   0.14904       0.01293212    0.        ]
 [   0.            0.            0.1496    ]]

iter 11 cost=4.693154 -> 3.644981 |dtheta|=1.557080e-01  lambda=1.000e-06

============================================================
Iteration 12
============================================================
Theta offsets (Unity frame):
  Source   : dSx=   0.000, dSy=   0.000, dSz=   0.000  (mm)
  Object   : dOx=  -6.018, dOy=  -6.051, dOz= -10.974  (mm)
  Object offset: offset_x=   0.013, offset_z=   0.004  (mm)
  Detector : dDx=   0.000, dDy=   0.000, dDz=   0.000  (mm)
  Obj Stage rotY :    4.959 deg
============================================================

Unity geometry (world coordinates):
  Source   : x=   8.000, y=  50.000, z=   0.000
  Object   : x=  -0.018, y=  21.949, z= 566.026
  Detector : x=  -5.000, y=  10.000, z= 720.000
  Obj rotY :   0.0000 deg
view   0 | SOD= 566.780 mm | SDD= 721.227 mm | M= 1.272 | incident=3.3432°
[[  56.904755   -563.2184      -28.050898  ]
 [ -18.286709    152.96263      11.949102  ]
 [   0.14904       0.01293212    0.        ]
 [   0.            0.            0.1496    ]]
Residual vector length: 90, Jacobian shape: (90, 6)
view   0 | SOD= 566.612 mm | SDD= 721.227 mm | M= 1.273 | incident=3.3432°
[[  56.915546   -563.0487      -28.038227  ]
 [ -18.301733    153.12962      11.961773  ]
 [   0.14903952    0.01293749    0.        ]
 [   0.            0.            0.1496    ]]

iter 12 cost=3.644981 -> 2.411315 |dtheta|=1.708948e-01  lambda=1.000e-06

============================================================
Iteration 13
============================================================
Theta offsets (Unity frame):
  Source   : dSx=   0.000, dSy=   0.000, dSz=   0.000  (mm)
  Object   : dOx=  -6.016, dOy=  -6.038, dOz= -11.145  (mm)
  Object offset: offset_x=   0.007, offset_z=   0.006  (mm)
  Detector : dDx=   0.000, dDy=   0.000, dDz=   0.000  (mm)
  Obj Stage rotY :    4.961 deg
============================================================

Unity geometry (world coordinates):
  Source   : x=   8.000, y=  50.000, z=   0.000
  Object   : x=  -0.016, y=  21.962, z= 565.855
  Detector : x=  -5.000, y=  10.000, z= 720.000
  Obj rotY :   0.0000 deg
view   0 | SOD= 566.612 mm | SDD= 721.227 mm | M= 1.273 | incident=3.3432°
[[  56.915546   -563.0487      -28.038227  ]
 [ -18.301733    153.12962      11.961773  ]
 [   0.14903952    0.01293749    0.        ]
 [   0.            0.            0.1496    ]]
Residual vector length: 90, Jacobian shape: (90, 6)
view   0 | SOD= 566.482 mm | SDD= 721.227 mm | M= 1.273 | incident=3.3432°
[[  57.14172    -562.8948      -28.031988  ]
 [ -18.376787    153.25185      11.968012  ]
 [   0.14903407    0.01300017    0.        ]
 [   0.            0.            0.1496    ]]

iter 13 cost=2.411315 -> 1.685407 |dtheta|=1.278240e-01  lambda=1.000e-06

============================================================
Iteration 14
============================================================
Theta offsets (Unity frame):
  Source   : dSx=   0.000, dSy=   0.000, dSz=   0.000  (mm)
  Object   : dOx=  -6.013, dOy=  -6.032, dOz= -11.270  (mm)
  Object offset: offset_x=   0.002, offset_z=   0.001  (mm)
  Detector : dDx=   0.000, dDy=   0.000, dDz=   0.000  (mm)
  Obj Stage rotY :    4.985 deg
============================================================

Unity geometry (world coordinates):
  Source   : x=   8.000, y=  50.000, z=   0.000
  Object   : x=  -0.013, y=  21.968, z= 565.730
  Detector : x=  -5.000, y=  10.000, z= 720.000
  Obj rotY :   0.0000 deg
view   0 | SOD= 566.482 mm | SDD= 721.227 mm | M= 1.273 | incident=3.3432°
[[  57.14172    -562.8948      -28.031988  ]
 [ -18.376787    153.25185      11.968012  ]
 [   0.14903407    0.01300017    0.        ]
 [   0.            0.            0.1496    ]]
Residual vector length: 90, Jacobian shape: (90, 6)
view   0 | SOD= 566.442 mm | SDD= 721.227 mm | M= 1.273 | incident=3.3432°
[[  57.36251    -562.8327      -28.027546  ]
 [ -18.437504    153.28415      11.972454  ]
 [   0.14902896    0.01305876    0.        ]
 [   0.            0.            0.1496    ]]

iter 14 cost=1.685407 -> 1.405248 |dtheta|=4.921807e-02  lambda=1.000e-06

============================================================
Iteration 15
============================================================
Theta offsets (Unity frame):
  Source   : dSx=   0.000, dSy=   0.000, dSz=   0.000  (mm)
  Object   : dOx=  -6.011, dOy=  -6.028, dOz= -11.313  (mm)
  Object offset: offset_x=  -0.002, offset_z=   0.005  (mm)
  Detector : dDx=   0.000, dDy=   0.000, dDz=   0.000  (mm)
  Obj Stage rotY :    5.008 deg
============================================================

Unity geometry (world coordinates):
  Source   : x=   8.000, y=  50.000, z=   0.000
  Object   : x=  -0.011, y=  21.972, z= 565.687
  Detector : x=  -5.000, y=  10.000, z= 720.000
  Obj rotY :   0.0000 deg
view   0 | SOD= 566.442 mm | SDD= 721.227 mm | M= 1.273 | incident=3.3432°
[[  57.36251    -562.8327      -28.027546  ]
 [ -18.437504    153.28415      11.972454  ]
 [   0.14902896    0.01305876    0.        ]
 [   0.            0.            0.1496    ]]
Residual vector length: 90, Jacobian shape: (90, 6)
view   0 | SOD= 566.303 mm | SDD= 721.227 mm | M= 1.274 | incident=3.3432°
[[  57.20718    -562.7086      -28.02604   ]
 [ -18.418045    153.42671      11.973961  ]
 [   0.14903213    0.01302238    0.        ]
 [   0.            0.            0.1496    ]]

iter 15 cost=1.405248 -> 0.853346 |dtheta|=1.380860e-01  lambda=1.000e-06

============================================================
Iteration 16
============================================================
Theta offsets (Unity frame):
  Source   : dSx=   0.000, dSy=   0.000, dSz=   0.000  (mm)
  Object   : dOx=  -6.008, dOy=  -6.026, dOz= -11.450  (mm)
  Object offset: offset_x=   0.000, offset_z=   0.003  (mm)
  Detector : dDx=   0.000, dDy=   0.000, dDz=   0.000  (mm)
  Obj Stage rotY :    4.994 deg
============================================================

Unity geometry (world coordinates):
  Source   : x=   8.000, y=  50.000, z=   0.000
  Object   : x=  -0.008, y=  21.974, z= 565.550
  Detector : x=  -5.000, y=  10.000, z= 720.000
  Obj rotY :   0.0000 deg
view   0 | SOD= 566.303 mm | SDD= 721.227 mm | M= 1.274 | incident=3.3432°
[[  57.20718    -562.7086      -28.02604   ]
 [ -18.418045    153.42671      11.973961  ]
 [   0.14903213    0.01302238    0.        ]
 [   0.            0.            0.1496    ]]
Residual vector length: 90, Jacobian shape: (90, 6)
view   0 | SOD= 566.200 mm | SDD= 721.227 mm | M= 1.274 | incident=3.3432°
[[  57.37356    -562.5885      -28.021122  ]
 [ -18.475914    153.52313      11.978878  ]
 [   0.14902805    0.01306905    0.        ]
 [   0.            0.            0.1496    ]]

iter 16 cost=0.853346 -> 0.608447 |dtheta|=1.039809e-01  lambda=1.000e-06

============================================================
Iteration 17
============================================================
Theta offsets (Unity frame):
  Source   : dSx=   0.000, dSy=   0.000, dSz=   0.000  (mm)
  Object   : dOx=  -6.006, dOy=  -6.021, dOz= -11.553  (mm)
  Object offset: offset_x=  -0.000, offset_z=   0.002  (mm)
  Detector : dDx=   0.000, dDy=   0.000, dDz=   0.000  (mm)
  Obj Stage rotY :    5.012 deg
============================================================

Unity geometry (world coordinates):
  Source   : x=   8.000, y=  50.000, z=   0.000
  Object   : x=  -0.006, y=  21.979, z= 565.447
  Detector : x=  -5.000, y=  10.000, z= 720.000
  Obj rotY :   0.0000 deg
view   0 | SOD= 566.200 mm | SDD= 721.227 mm | M= 1.274 | incident=3.3432°
[[  57.37356    -562.5885      -28.021122  ]
 [ -18.475914    153.52313      11.978878  ]
 [   0.14902805    0.01306905    0.        ]
 [   0.            0.            0.1496    ]]
Residual vector length: 90, Jacobian shape: (90, 6)
view   0 | SOD= 566.126 mm | SDD= 721.227 mm | M= 1.274 | incident=3.3432°
[[  57.398663   -562.51105     -28.018976  ]
 [ -18.494442    153.59595      11.981024  ]
 [   0.14902726    0.01307813    0.        ]
 [   0.            0.            0.1496    ]]

iter 17 cost=0.608447 -> 0.467041 |dtheta|=7.152099e-02  lambda=1.000e-06

============================================================
Iteration 18
============================================================
Theta offsets (Unity frame):
  Source   : dSx=   0.000, dSy=   0.000, dSz=   0.000  (mm)
  Object   : dOx=  -6.007, dOy=  -6.019, dOz= -11.624  (mm)
  Object offset: offset_x=   0.003, offset_z=  -0.001  (mm)
  Detector : dDx=   0.000, dDy=   0.000, dDz=   0.000  (mm)
  Obj Stage rotY :    5.015 deg
============================================================

Unity geometry (world coordinates):
  Source   : x=   8.000, y=  50.000, z=   0.000
  Object   : x=  -0.007, y=  21.981, z= 565.376
  Detector : x=  -5.000, y=  10.000, z= 720.000
  Obj rotY :   0.0000 deg
view   0 | SOD= 566.126 mm | SDD= 721.227 mm | M= 1.274 | incident=3.3432°
[[  57.398663   -562.51105     -28.018976  ]
 [ -18.494442    153.59595      11.981024  ]
 [   0.14902726    0.01307813    0.        ]
 [   0.            0.            0.1496    ]]
Residual vector length: 90, Jacobian shape: (90, 6)
view   0 | SOD= 566.078 mm | SDD= 721.227 mm | M= 1.274 | incident=3.3432°
[[  57.37364    -562.4659      -28.016352  ]
 [ -18.494955    153.64374      11.983648  ]
 [   0.1490277     0.01307303    0.        ]
 [   0.            0.            0.1496    ]]

iter 18 cost=0.467041 -> 0.388404 |dtheta|=4.740064e-02  lambda=1.000e-06

============================================================
Iteration 19
============================================================
Theta offsets (Unity frame):
  Source   : dSx=   0.000, dSy=   0.000, dSz=   0.000  (mm)
  Object   : dOx=  -6.003, dOy=  -6.016, dOz= -11.671  (mm)
  Object offset: offset_x=   0.001, offset_z=  -0.001  (mm)
  Detector : dDx=   0.000, dDy=   0.000, dDz=   0.000  (mm)
  Obj Stage rotY :    5.013 deg
============================================================

Unity geometry (world coordinates):
  Source   : x=   8.000, y=  50.000, z=   0.000
  Object   : x=  -0.003, y=  21.984, z= 565.329
  Detector : x=  -5.000, y=  10.000, z= 720.000
  Obj rotY :   0.0000 deg
view   0 | SOD= 566.078 mm | SDD= 721.227 mm | M= 1.274 | incident=3.3432°
[[  57.37364    -562.4659      -28.016352  ]
 [ -18.494955    153.64374      11.983648  ]
 [   0.1490277     0.01307303    0.        ]
 [   0.            0.            0.1496    ]]
Residual vector length: 90, Jacobian shape: (90, 6)
view   0 | SOD= 566.073 mm | SDD= 721.227 mm | M= 1.274 | incident=3.3432°
[[  57.25973    -562.4726      -28.015617  ]
 [ -18.466368    153.65208      11.984383  ]
 [   0.1490303     0.01304338    0.        ]
 [   0.            0.            0.1496    ]]

iter 19 cost=0.388404 -> 0.374651 |dtheta|=1.246131e-02  lambda=1.000e-06

============================================================
Iteration 20
============================================================
Theta offsets (Unity frame):
  Source   : dSx=   0.000, dSy=   0.000, dSz=   0.000  (mm)
  Object   : dOx=  -6.003, dOy=  -6.016, dOz= -11.676  (mm)
  Object offset: offset_x=   0.003, offset_z=  -0.001  (mm)
  Detector : dDx=   0.000, dDy=   0.000, dDz=   0.000  (mm)
  Obj Stage rotY :    5.002 deg
============================================================

Unity geometry (world coordinates):
  Source   : x=   8.000, y=  50.000, z=   0.000
  Object   : x=  -0.003, y=  21.984, z= 565.324
  Detector : x=  -5.000, y=  10.000, z= 720.000
  Obj rotY :   0.0000 deg
view   0 | SOD= 566.073 mm | SDD= 721.227 mm | M= 1.274 | incident=3.3432°
[[  57.25973    -562.4726      -28.015617  ]
 [ -18.466368    153.65208      11.984383  ]
 [   0.1490303     0.01304338    0.        ]
 [   0.            0.            0.1496    ]]
Residual vector length: 90, Jacobian shape: (90, 6)
view   0 | SOD= 566.022 mm | SDD= 721.227 mm | M= 1.274 | incident=3.3432°
[[  57.227364   -562.4245      -28.013407  ]
 [ -18.461092    153.70415      11.986593  ]
 [   0.14903098    0.01303554    0.        ]
 [   0.            0.            0.1496    ]]

iter 20 cost=0.374651 -> 0.328599 |dtheta|=5.269964e-02  lambda=1.000e-06

============================================================
Iteration 21
============================================================
Theta offsets (Unity frame):
  Source   : dSx=   0.000, dSy=   0.000, dSz=   0.000  (mm)
  Object   : dOx=  -6.002, dOy=  -6.013, dOz= -11.728  (mm)
  Object offset: offset_x=  -0.000, offset_z=  -0.000  (mm)
  Detector : dDx=   0.000, dDy=   0.000, dDz=   0.000  (mm)
  Obj Stage rotY :    4.999 deg
============================================================

Unity geometry (world coordinates):
  Source   : x=   8.000, y=  50.000, z=   0.000
  Object   : x=  -0.002, y=  21.987, z= 565.272
  Detector : x=  -5.000, y=  10.000, z= 720.000
  Obj rotY :   0.0000 deg
view   0 | SOD= 566.022 mm | SDD= 721.227 mm | M= 1.274 | incident=3.3432°
[[  57.227364   -562.4245      -28.013407  ]
 [ -18.461092    153.70415      11.986593  ]
 [   0.14903098    0.01303554    0.        ]
 [   0.            0.            0.1496    ]]
Residual vector length: 90, Jacobian shape: (90, 6)
view   0 | SOD= 565.974 mm | SDD= 721.227 mm | M= 1.274 | incident=3.3432°
[[  57.24008    -562.3752      -28.009762  ]
 [ -18.471024    153.7511       11.990238  ]
 [   0.14903057    0.01304026    0.        ]
 [   0.            0.            0.1496    ]]

iter 21 cost=0.328599 -> 0.263369 |dtheta|=4.661210e-02  lambda=1.000e-06

============================================================
Iteration 22
============================================================
Theta offsets (Unity frame):
  Source   : dSx=   0.000, dSy=   0.000, dSz=   0.000  (mm)
  Object   : dOx=  -6.002, dOy=  -6.010, dOz= -11.774  (mm)
  Object offset: offset_x=   0.001, offset_z=  -0.001  (mm)
  Detector : dDx=   0.000, dDy=   0.000, dDz=   0.000  (mm)
  Obj Stage rotY :    5.001 deg
============================================================

Unity geometry (world coordinates):
  Source   : x=   8.000, y=  50.000, z=   0.000
  Object   : x=  -0.002, y=  21.990, z= 565.226
  Detector : x=  -5.000, y=  10.000, z= 720.000
  Obj rotY :   0.0000 deg
view   0 | SOD= 565.974 mm | SDD= 721.227 mm | M= 1.274 | incident=3.3432°
[[  57.24008    -562.3752      -28.009762  ]
 [ -18.471024    153.7511       11.990238  ]
 [   0.14903057    0.01304026    0.        ]
 [   0.            0.            0.1496    ]]
Residual vector length: 90, Jacobian shape: (90, 6)
view   0 | SOD= 565.940 mm | SDD= 721.227 mm | M= 1.274 | incident=3.3432°
[[  57.31928    -562.33295     -28.008438  ]
 [ -18.495478    153.78235      11.991562  ]
 [   0.14902869    0.01306183    0.        ]
 [   0.            0.            0.1496    ]]

iter 22 cost=0.263369 -> 0.226464 |dtheta|=3.509252e-02  lambda=1.000e-06

============================================================
Iteration 23
============================================================
Theta offsets (Unity frame):
  Source   : dSx=   0.000, dSy=   0.000, dSz=   0.000  (mm)
  Object   : dOx=  -6.001, dOy=  -6.008, dOz= -11.808  (mm)
  Object offset: offset_x=  -0.001, offset_z=  -0.001  (mm)
  Detector : dDx=   0.000, dDy=   0.000, dDz=   0.000  (mm)
  Obj Stage rotY :    5.009 deg
============================================================

Unity geometry (world coordinates):
  Source   : x=   8.000, y=  50.000, z=   0.000
  Object   : x=  -0.001, y=  21.992, z= 565.192
  Detector : x=  -5.000, y=  10.000, z= 720.000
  Obj rotY :   0.0000 deg
view   0 | SOD= 565.940 mm | SDD= 721.227 mm | M= 1.274 | incident=3.3432°
[[  57.31928    -562.33295     -28.008438  ]
 [ -18.495478    153.78235      11.991562  ]
 [   0.14902869    0.01306183    0.        ]
 [   0.            0.            0.1496    ]]
Residual vector length: 90, Jacobian shape: (90, 6)
view   0 | SOD= 565.933 mm | SDD= 721.227 mm | M= 1.274 | incident=3.3432°
[[  57.31999    -562.326       -28.008234  ]
 [ -18.49722     153.78905      11.991766  ]
 [   0.14902864    0.01306234    0.        ]
 [   0.            0.            0.1496    ]]

iter 23 cost=0.226464 -> 0.238106 |dtheta|=7.378508e-03  lambda=1.000e-06

============================================================
Iteration 24
============================================================
Theta offsets (Unity frame):
  Source   : dSx=   0.000, dSy=   0.000, dSz=   0.000  (mm)
  Object   : dOx=  -6.001, dOy=  -6.008, dOz= -11.808  (mm)
  Object offset: offset_x=  -0.001, offset_z=  -0.001  (mm)
  Detector : dDx=   0.000, dDy=   0.000, dDz=   0.000  (mm)
  Obj Stage rotY :    5.009 deg
============================================================

Unity geometry (world coordinates):
  Source   : x=   8.000, y=  50.000, z=   0.000
  Object   : x=  -0.001, y=  21.992, z= 565.192
  Detector : x=  -5.000, y=  10.000, z= 720.000
  Obj rotY :   0.0000 deg
view   0 | SOD= 565.940 mm | SDD= 721.227 mm | M= 1.274 | incident=3.3432°
[[  57.31928    -562.33295     -28.008438  ]
 [ -18.495478    153.78235      11.991562  ]
 [   0.14902869    0.01306183    0.        ]
 [   0.            0.            0.1496    ]]
Residual vector length: 90, Jacobian shape: (90, 6)
view   0 | SOD= 565.933 mm | SDD= 721.227 mm | M= 1.274 | incident=3.3432°
[[  57.31999    -562.326       -28.008234  ]
 [ -18.49722     153.78905      11.991766  ]
 [   0.14902864    0.01306234    0.        ]
 [   0.            0.            0.1496    ]]

iter 24 cost=0.226464 -> 0.238106 |dtheta|=7.378508e-03  lambda=5.000e-06

============================================================
Iteration 25
============================================================
Theta offsets (Unity frame):
  Source   : dSx=   0.000, dSy=   0.000, dSz=   0.000  (mm)
  Object   : dOx=  -6.001, dOy=  -6.008, dOz= -11.808  (mm)
  Object offset: offset_x=  -0.001, offset_z=  -0.001  (mm)
  Detector : dDx=   0.000, dDy=   0.000, dDz=   0.000  (mm)
  Obj Stage rotY :    5.009 deg
============================================================

Unity geometry (world coordinates):
  Source   : x=   8.000, y=  50.000, z=   0.000
  Object   : x=  -0.001, y=  21.992, z= 565.192
  Detector : x=  -5.000, y=  10.000, z= 720.000
  Obj rotY :   0.0000 deg
view   0 | SOD= 565.940 mm | SDD= 721.227 mm | M= 1.274 | incident=3.3432°
[[  57.31928    -562.33295     -28.008438  ]
 [ -18.495478    153.78235      11.991562  ]
 [   0.14902869    0.01306183    0.        ]
 [   0.            0.            0.1496    ]]
Residual vector length: 90, Jacobian shape: (90, 6)
view   0 | SOD= 565.933 mm | SDD= 721.227 mm | M= 1.274 | incident=3.3432°
[[  57.31999    -562.326       -28.008234  ]
 [ -18.49722     153.78905      11.991766  ]
 [   0.14902864    0.01306234    0.        ]
 [   0.            0.            0.1496    ]]

iter 25 cost=0.226464 -> 0.238106 |dtheta|=7.378504e-03  lambda=2.500e-05

============================================================
Iteration 26
============================================================
Theta offsets (Unity frame):
  Source   : dSx=   0.000, dSy=   0.000, dSz=   0.000  (mm)
  Object   : dOx=  -6.001, dOy=  -6.008, dOz= -11.808  (mm)
  Object offset: offset_x=  -0.001, offset_z=  -0.001  (mm)
  Detector : dDx=   0.000, dDy=   0.000, dDz=   0.000  (mm)
  Obj Stage rotY :    5.009 deg
============================================================

Unity geometry (world coordinates):
  Source   : x=   8.000, y=  50.000, z=   0.000
  Object   : x=  -0.001, y=  21.992, z= 565.192
  Detector : x=  -5.000, y=  10.000, z= 720.000
  Obj rotY :   0.0000 deg
view   0 | SOD= 565.940 mm | SDD= 721.227 mm | M= 1.274 | incident=3.3432°
[[  57.31928    -562.33295     -28.008438  ]
 [ -18.495478    153.78235      11.991562  ]
 [   0.14902869    0.01306183    0.        ]
 [   0.            0.            0.1496    ]]
Residual vector length: 90, Jacobian shape: (90, 6)
view   0 | SOD= 565.933 mm | SDD= 721.227 mm | M= 1.274 | incident=3.3432°
[[  57.31999    -562.326       -28.008234  ]
 [ -18.49722     153.78905      11.991766  ]
 [   0.14902864    0.01306234    0.        ]
 [   0.            0.            0.1496    ]]

iter 26 cost=0.226464 -> 0.238106 |dtheta|=7.378486e-03  lambda=1.250e-04

============================================================
Iteration 27
============================================================
Theta offsets (Unity frame):
  Source   : dSx=   0.000, dSy=   0.000, dSz=   0.000  (mm)
  Object   : dOx=  -6.001, dOy=  -6.008, dOz= -11.808  (mm)
  Object offset: offset_x=  -0.001, offset_z=  -0.001  (mm)
  Detector : dDx=   0.000, dDy=   0.000, dDz=   0.000  (mm)
  Obj Stage rotY :    5.009 deg
============================================================

Unity geometry (world coordinates):
  Source   : x=   8.000, y=  50.000, z=   0.000
  Object   : x=  -0.001, y=  21.992, z= 565.192
  Detector : x=  -5.000, y=  10.000, z= 720.000
  Obj rotY :   0.0000 deg
view   0 | SOD= 565.940 mm | SDD= 721.227 mm | M= 1.274 | incident=3.3432°
[[  57.31928    -562.33295     -28.008438  ]
 [ -18.495478    153.78235      11.991562  ]
 [   0.14902869    0.01306183    0.        ]
 [   0.            0.            0.1496    ]]
Residual vector length: 90, Jacobian shape: (90, 6)
view   0 | SOD= 565.933 mm | SDD= 721.227 mm | M= 1.274 | incident=3.3432°
[[  57.31999    -562.326       -28.008234  ]
 [ -18.49722     153.78905      11.991766  ]
 [   0.14902864    0.01306234    0.        ]
 [   0.            0.            0.1496    ]]

iter 27 cost=0.226464 -> 0.238106 |dtheta|=7.378395e-03  lambda=6.250e-04

============================================================
Iteration 28
============================================================
Theta offsets (Unity frame):
  Source   : dSx=   0.000, dSy=   0.000, dSz=   0.000  (mm)
  Object   : dOx=  -6.001, dOy=  -6.008, dOz= -11.808  (mm)
  Object offset: offset_x=  -0.001, offset_z=  -0.001  (mm)
  Detector : dDx=   0.000, dDy=   0.000, dDz=   0.000  (mm)
  Obj Stage rotY :    5.009 deg
============================================================

Unity geometry (world coordinates):
  Source   : x=   8.000, y=  50.000, z=   0.000
  Object   : x=  -0.001, y=  21.992, z= 565.192
  Detector : x=  -5.000, y=  10.000, z= 720.000
  Obj rotY :   0.0000 deg
view   0 | SOD= 565.940 mm | SDD= 721.227 mm | M= 1.274 | incident=3.3432°
[[  57.31928    -562.33295     -28.008438  ]
 [ -18.495478    153.78235      11.991562  ]
 [   0.14902869    0.01306183    0.        ]
 [   0.            0.            0.1496    ]]
Residual vector length: 90, Jacobian shape: (90, 6)
view   0 | SOD= 565.933 mm | SDD= 721.227 mm | M= 1.274 | incident=3.3432°
[[  57.31999    -562.326       -28.008234  ]
 [ -18.49722     153.78905      11.991766  ]
 [   0.14902864    0.01306234    0.        ]
 [   0.            0.            0.1496    ]]

iter 28 cost=0.226464 -> 0.238106 |dtheta|=7.377943e-03  lambda=3.125e-03

============================================================
Iteration 29
============================================================
Theta offsets (Unity frame):
  Source   : dSx=   0.000, dSy=   0.000, dSz=   0.000  (mm)
  Object   : dOx=  -6.001, dOy=  -6.008, dOz= -11.808  (mm)
  Object offset: offset_x=  -0.001, offset_z=  -0.001  (mm)
  Detector : dDx=   0.000, dDy=   0.000, dDz=   0.000  (mm)
  Obj Stage rotY :    5.009 deg
============================================================

Unity geometry (world coordinates):
  Source   : x=   8.000, y=  50.000, z=   0.000
  Object   : x=  -0.001, y=  21.992, z= 565.192
  Detector : x=  -5.000, y=  10.000, z= 720.000
  Obj rotY :   0.0000 deg
view   0 | SOD= 565.940 mm | SDD= 721.227 mm | M= 1.274 | incident=3.3432°
[[  57.31928    -562.33295     -28.008438  ]
 [ -18.495478    153.78235      11.991562  ]
 [   0.14902869    0.01306183    0.        ]
 [   0.            0.            0.1496    ]]
Residual vector length: 90, Jacobian shape: (90, 6)
view   0 | SOD= 565.933 mm | SDD= 721.227 mm | M= 1.274 | incident=3.3432°
[[  57.31999    -562.326       -28.008234  ]
 [ -18.49722     153.78905      11.991766  ]
 [   0.14902864    0.01306234    0.        ]
 [   0.            0.            0.1496    ]]

iter 29 cost=0.226464 -> 0.238106 |dtheta|=7.375679e-03  lambda=1.562e-02

============================================================
Iteration 30
============================================================
Theta offsets (Unity frame):
  Source   : dSx=   0.000, dSy=   0.000, dSz=   0.000  (mm)
  Object   : dOx=  -6.001, dOy=  -6.008, dOz= -11.808  (mm)
  Object offset: offset_x=  -0.001, offset_z=  -0.001  (mm)
  Detector : dDx=   0.000, dDy=   0.000, dDz=   0.000  (mm)
  Obj Stage rotY :    5.009 deg
============================================================

Unity geometry (world coordinates):
  Source   : x=   8.000, y=  50.000, z=   0.000
  Object   : x=  -0.001, y=  21.992, z= 565.192
  Detector : x=  -5.000, y=  10.000, z= 720.000
  Obj rotY :   0.0000 deg
view   0 | SOD= 565.940 mm | SDD= 721.227 mm | M= 1.274 | incident=3.3432°
[[  57.31928    -562.33295     -28.008438  ]
 [ -18.495478    153.78235      11.991562  ]
 [   0.14902869    0.01306183    0.        ]
 [   0.            0.            0.1496    ]]
Residual vector length: 90, Jacobian shape: (90, 6)
view   0 | SOD= 565.933 mm | SDD= 721.227 mm | M= 1.274 | incident=3.3432°
[[  57.31998    -562.326       -28.008236  ]
 [ -18.497217    153.78905      11.991764  ]
 [   0.14902864    0.01306233    0.        ]
 [   0.            0.            0.1496    ]]

iter 30 cost=0.226464 -> 0.238106 |dtheta|=7.364385e-03  lambda=7.812e-02

============================================================
Iteration 31
============================================================
Theta offsets (Unity frame):
  Source   : dSx=   0.000, dSy=   0.000, dSz=   0.000  (mm)
  Object   : dOx=  -6.001, dOy=  -6.008, dOz= -11.808  (mm)
  Object offset: offset_x=  -0.001, offset_z=  -0.001  (mm)
  Detector : dDx=   0.000, dDy=   0.000, dDz=   0.000  (mm)
  Obj Stage rotY :    5.009 deg
============================================================

Unity geometry (world coordinates):
  Source   : x=   8.000, y=  50.000, z=   0.000
  Object   : x=  -0.001, y=  21.992, z= 565.192
  Detector : x=  -5.000, y=  10.000, z= 720.000
  Obj rotY :   0.0000 deg
view   0 | SOD= 565.940 mm | SDD= 721.227 mm | M= 1.274 | incident=3.3432°
[[  57.31928    -562.33295     -28.008438  ]
 [ -18.495478    153.78235      11.991562  ]
 [   0.14902869    0.01306183    0.        ]
 [   0.            0.            0.1496    ]]
Residual vector length: 90, Jacobian shape: (90, 6)
view   0 | SOD= 565.933 mm | SDD= 721.227 mm | M= 1.274 | incident=3.3432°
[[  57.319965   -562.32605     -28.008238  ]
 [ -18.497204    153.78899      11.991762  ]
 [   0.14902864    0.01306233    0.        ]
 [   0.            0.            0.1496    ]]

iter 31 cost=0.226464 -> 0.238106 |dtheta|=7.308438e-03  lambda=3.906e-01

============================================================
Iteration 32
============================================================
Theta offsets (Unity frame):
  Source   : dSx=   0.000, dSy=   0.000, dSz=   0.000  (mm)
  Object   : dOx=  -6.001, dOy=  -6.008, dOz= -11.808  (mm)
  Object offset: offset_x=  -0.001, offset_z=  -0.001  (mm)
  Detector : dDx=   0.000, dDy=   0.000, dDz=   0.000  (mm)
  Obj Stage rotY :    5.009 deg
============================================================

Unity geometry (world coordinates):
  Source   : x=   8.000, y=  50.000, z=   0.000
  Object   : x=  -0.001, y=  21.992, z= 565.192
  Detector : x=  -5.000, y=  10.000, z= 720.000
  Obj rotY :   0.0000 deg
view   0 | SOD= 565.940 mm | SDD= 721.227 mm | M= 1.274 | incident=3.3432°
[[  57.31928    -562.33295     -28.008438  ]
 [ -18.495478    153.78235      11.991562  ]
 [   0.14902869    0.01306183    0.        ]
 [   0.            0.            0.1496    ]]
Residual vector length: 90, Jacobian shape: (90, 6)
view   0 | SOD= 565.934 mm | SDD= 721.227 mm | M= 1.274 | incident=3.3432°
[[  57.319874   -562.3263      -28.008251  ]
 [ -18.497149    153.78874      11.991749  ]
 [   0.14902864    0.0130623     0.        ]
 [   0.            0.            0.1496    ]]

iter 32 cost=0.226464 -> 0.238106 |dtheta|=7.041189e-03  lambda=1.953e+00

============================================================
Iteration 33
============================================================
Theta offsets (Unity frame):
  Source   : dSx=   0.000, dSy=   0.000, dSz=   0.000  (mm)
  Object   : dOx=  -6.001, dOy=  -6.008, dOz= -11.808  (mm)
  Object offset: offset_x=  -0.001, offset_z=  -0.001  (mm)
  Detector : dDx=   0.000, dDy=   0.000, dDz=   0.000  (mm)
  Obj Stage rotY :    5.009 deg
============================================================

Unity geometry (world coordinates):
  Source   : x=   8.000, y=  50.000, z=   0.000
  Object   : x=  -0.001, y=  21.992, z= 565.192
  Detector : x=  -5.000, y=  10.000, z= 720.000
  Obj rotY :   0.0000 deg
view   0 | SOD= 565.940 mm | SDD= 721.227 mm | M= 1.274 | incident=3.3432°
[[  57.31928    -562.33295     -28.008438  ]
 [ -18.495478    153.78235      11.991562  ]
 [   0.14902869    0.01306183    0.        ]
 [   0.            0.            0.1496    ]]
Residual vector length: 90, Jacobian shape: (90, 6)
view   0 | SOD= 565.935 mm | SDD= 721.227 mm | M= 1.274 | incident=3.3432°
[[  57.319523   -562.32745     -28.008307  ]
 [ -18.496914    153.78767      11.9916935 ]
 [   0.14902866    0.01306218    0.        ]
 [   0.            0.            0.1496    ]]

iter 33 cost=0.226464 -> 0.238106 |dtheta|=5.956662e-03  lambda=9.766e+00

============================================================
Iteration 34
============================================================
Theta offsets (Unity frame):
  Source   : dSx=   0.000, dSy=   0.000, dSz=   0.000  (mm)
  Object   : dOx=  -6.001, dOy=  -6.008, dOz= -11.808  (mm)
  Object offset: offset_x=  -0.001, offset_z=  -0.001  (mm)
  Detector : dDx=   0.000, dDy=   0.000, dDz=   0.000  (mm)
  Obj Stage rotY :    5.009 deg
============================================================

Unity geometry (world coordinates):
  Source   : x=   8.000, y=  50.000, z=   0.000
  Object   : x=  -0.001, y=  21.992, z= 565.192
  Detector : x=  -5.000, y=  10.000, z= 720.000
  Obj rotY :   0.0000 deg
view   0 | SOD= 565.940 mm | SDD= 721.227 mm | M= 1.274 | incident=3.3432°
[[  57.31928    -562.33295     -28.008438  ]
 [ -18.495478    153.78235      11.991562  ]
 [   0.14902869    0.01306183    0.        ]
 [   0.            0.            0.1496    ]]
Residual vector length: 90, Jacobian shape: (90, 6)
view   0 | SOD= 565.937 mm | SDD= 721.227 mm | M= 1.274 | incident=3.3432°
[[  57.318783   -562.3301      -28.008434  ]
 [ -18.496376    153.78516      11.991566  ]
 [   0.14902867    0.01306191    0.        ]
 [   0.            0.            0.1496    ]]

iter 34 cost=0.226464 -> 0.236527 |dtheta|=3.404264e-03  lambda=4.883e+01

============================================================
Iteration 35
============================================================
Theta offsets (Unity frame):
  Source   : dSx=   0.000, dSy=   0.000, dSz=   0.000  (mm)
  Object   : dOx=  -6.001, dOy=  -6.008, dOz= -11.808  (mm)
  Object offset: offset_x=  -0.001, offset_z=  -0.001  (mm)
  Detector : dDx=   0.000, dDy=   0.000, dDz=   0.000  (mm)
  Obj Stage rotY :    5.009 deg
============================================================

Unity geometry (world coordinates):
  Source   : x=   8.000, y=  50.000, z=   0.000
  Object   : x=  -0.001, y=  21.992, z= 565.192
  Detector : x=  -5.000, y=  10.000, z= 720.000
  Obj rotY :   0.0000 deg
view   0 | SOD= 565.940 mm | SDD= 721.227 mm | M= 1.274 | incident=3.3432°
[[  57.31928    -562.33295     -28.008438  ]
 [ -18.495478    153.78235      11.991562  ]
 [   0.14902869    0.01306183    0.        ]
 [   0.            0.            0.1496    ]]
Residual vector length: 90, Jacobian shape: (90, 6)
view   0 | SOD= 565.940 mm | SDD= 721.227 mm | M= 1.274 | incident=3.3432°
[[  57.31843    -562.3324      -28.008545  ]
 [ -18.495914    153.78293      11.991455  ]
 [   0.14902869    0.01306174    0.        ]
 [   0.            0.            0.1496    ]]

iter 35 cost=0.226464 -> 0.236035 |dtheta|=1.243618e-03  lambda=2.441e+02

============================================================
Iteration 36
============================================================
Theta offsets (Unity frame):
  Source   : dSx=   0.000, dSy=   0.000, dSz=   0.000  (mm)
  Object   : dOx=  -6.001, dOy=  -6.008, dOz= -11.808  (mm)
  Object offset: offset_x=  -0.001, offset_z=  -0.001  (mm)
  Detector : dDx=   0.000, dDy=   0.000, dDz=   0.000  (mm)
  Obj Stage rotY :    5.009 deg
============================================================

Unity geometry (world coordinates):
  Source   : x=   8.000, y=  50.000, z=   0.000
  Object   : x=  -0.001, y=  21.992, z= 565.192
  Detector : x=  -5.000, y=  10.000, z= 720.000
  Obj rotY :   0.0000 deg
view   0 | SOD= 565.940 mm | SDD= 721.227 mm | M= 1.274 | incident=3.3432°
[[  57.31928    -562.33295     -28.008438  ]
 [ -18.495478    153.78235      11.991562  ]
 [   0.14902869    0.01306183    0.        ]
 [   0.            0.            0.1496    ]]
Residual vector length: 90, Jacobian shape: (90, 6)
view   0 | SOD= 565.940 mm | SDD= 721.227 mm | M= 1.274 | incident=3.3432°
[[  57.318726   -562.33307     -28.008556  ]
 [ -18.495672    153.78227      11.991444  ]
 [   0.14902869    0.01306175    0.        ]
 [   0.            0.            0.1496    ]]

iter 36 cost=0.226464 -> 0.238210 |dtheta|=4.986208e-04  lambda=1.221e+03

============================================================
Iteration 37
============================================================
Theta offsets (Unity frame):
  Source   : dSx=   0.000, dSy=   0.000, dSz=   0.000  (mm)
  Object   : dOx=  -6.001, dOy=  -6.008, dOz= -11.808  (mm)
  Object offset: offset_x=  -0.001, offset_z=  -0.001  (mm)
  Detector : dDx=   0.000, dDy=   0.000, dDz=   0.000  (mm)
  Obj Stage rotY :    5.009 deg
============================================================

Unity geometry (world coordinates):
  Source   : x=   8.000, y=  50.000, z=   0.000
  Object   : x=  -0.001, y=  21.992, z= 565.192
  Detector : x=  -5.000, y=  10.000, z= 720.000
  Obj rotY :   0.0000 deg
view   0 | SOD= 565.940 mm | SDD= 721.227 mm | M= 1.274 | incident=3.3432°
[[  57.31928    -562.33295     -28.008438  ]
 [ -18.495478    153.78235      11.991562  ]
 [   0.14902869    0.01306183    0.        ]
 [   0.            0.            0.1496    ]]
Residual vector length: 90, Jacobian shape: (90, 6)
view   0 | SOD= 565.940 mm | SDD= 721.227 mm | M= 1.274 | incident=3.3432°
[[  57.319096   -562.333       -28.0085    ]
 [ -18.495531    153.78229      11.991501  ]
 [   0.14902869    0.0130618     0.        ]
 [   0.            0.            0.1496    ]]

iter 37 cost=0.226464 -> 0.228461 |dtheta|=1.699240e-04  lambda=6.104e+03

============================================================
Iteration 38
============================================================
Theta offsets (Unity frame):
  Source   : dSx=   0.000, dSy=   0.000, dSz=   0.000  (mm)
  Object   : dOx=  -6.001, dOy=  -6.008, dOz= -11.808  (mm)
  Object offset: offset_x=  -0.001, offset_z=  -0.001  (mm)
  Detector : dDx=   0.000, dDy=   0.000, dDz=   0.000  (mm)
  Obj Stage rotY :    5.009 deg
============================================================

Unity geometry (world coordinates):
  Source   : x=   8.000, y=  50.000, z=   0.000
  Object   : x=  -0.001, y=  21.992, z= 565.192
  Detector : x=  -5.000, y=  10.000, z= 720.000
  Obj rotY :   0.0000 deg
view   0 | SOD= 565.940 mm | SDD= 721.227 mm | M= 1.274 | incident=3.3432°
[[  57.31928    -562.33295     -28.008438  ]
 [ -18.495478    153.78235      11.991562  ]
 [   0.14902869    0.01306183    0.        ]
 [   0.            0.            0.1496    ]]
Residual vector length: 90, Jacobian shape: (90, 6)
view   0 | SOD= 565.940 mm | SDD= 721.227 mm | M= 1.274 | incident=3.3432°
[[  57.319237   -562.33295     -28.008455  ]
 [ -18.495491    153.78235      11.991545  ]
 [   0.14902869    0.01306182    0.        ]
 [   0.            0.            0.1496    ]]

iter 38 cost=0.226464 -> 0.225508 |dtheta|=4.109754e-05  lambda=3.052e+04

============================================================
Iteration 39
============================================================
Theta offsets (Unity frame):
  Source   : dSx=   0.000, dSy=   0.000, dSz=   0.000  (mm)
  Object   : dOx=  -6.001, dOy=  -6.008, dOz= -11.808  (mm)
  Object offset: offset_x=  -0.001, offset_z=  -0.001  (mm)
  Detector : dDx=   0.000, dDy=   0.000, dDz=   0.000  (mm)
  Obj Stage rotY :    5.009 deg
============================================================

Unity geometry (world coordinates):
  Source   : x=   8.000, y=  50.000, z=   0.000
  Object   : x=  -0.001, y=  21.992, z= 565.192
  Detector : x=  -5.000, y=  10.000, z= 720.000
  Obj rotY :   0.0000 deg
view   0 | SOD= 565.940 mm | SDD= 721.227 mm | M= 1.274 | incident=3.3432°
[[  57.319237   -562.33295     -28.008455  ]
 [ -18.495491    153.78235      11.991545  ]
 [   0.14902869    0.01306182    0.        ]
 [   0.            0.            0.1496    ]]
Residual vector length: 90, Jacobian shape: (90, 6)
view   0 | SOD= 565.940 mm | SDD= 721.227 mm | M= 1.274 | incident=3.3432°
[[  57.319065   -562.33295     -28.008518  ]
 [ -18.495457    153.78236      11.991482  ]
 [   0.14902869    0.01306178    0.        ]
 [   0.            0.            0.1496    ]]

iter 39 cost=0.225508 -> 0.229082 |dtheta|=1.002350e-04  lambda=1.017e+04

============================================================
Iteration 40
============================================================
Theta offsets (Unity frame):
  Source   : dSx=   0.000, dSy=   0.000, dSz=   0.000  (mm)
  Object   : dOx=  -6.001, dOy=  -6.008, dOz= -11.808  (mm)
  Object offset: offset_x=  -0.001, offset_z=  -0.001  (mm)
  Detector : dDx=   0.000, dDy=   0.000, dDz=   0.000  (mm)
  Obj Stage rotY :    5.009 deg
============================================================

Unity geometry (world coordinates):
  Source   : x=   8.000, y=  50.000, z=   0.000
  Object   : x=  -0.001, y=  21.992, z= 565.192
  Detector : x=  -5.000, y=  10.000, z= 720.000
  Obj rotY :   0.0000 deg
view   0 | SOD= 565.940 mm | SDD= 721.227 mm | M= 1.274 | incident=3.3432°
[[  57.319237   -562.33295     -28.008455  ]
 [ -18.495491    153.78235      11.991545  ]
 [   0.14902869    0.01306182    0.        ]
 [   0.            0.            0.1496    ]]
Residual vector length: 90, Jacobian shape: (90, 6)
view   0 | SOD= 565.940 mm | SDD= 721.227 mm | M= 1.274 | incident=3.3432°
[[  57.319206   -562.333       -28.00847   ]
 [ -18.495478    153.78229      11.991529  ]
 [   0.14902869    0.01306181    0.        ]
 [   0.            0.            0.1496    ]]

iter 40 cost=0.225508 -> 0.225508 |dtheta|=2.311582e-05  lambda=5.086e+04

============================================================
Iteration 41
============================================================
Theta offsets (Unity frame):
  Source   : dSx=   0.000, dSy=   0.000, dSz=   0.000  (mm)
  Object   : dOx=  -6.001, dOy=  -6.008, dOz= -11.808  (mm)
  Object offset: offset_x=  -0.001, offset_z=  -0.001  (mm)
  Detector : dDx=   0.000, dDy=   0.000, dDz=   0.000  (mm)
  Obj Stage rotY :    5.009 deg
============================================================

Unity geometry (world coordinates):
  Source   : x=   8.000, y=  50.000, z=   0.000
  Object   : x=  -0.001, y=  21.992, z= 565.192
  Detector : x=  -5.000, y=  10.000, z= 720.000
  Obj rotY :   0.0000 deg
view   0 | SOD= 565.940 mm | SDD= 721.227 mm | M= 1.274 | incident=3.3432°
[[  57.319237   -562.33295     -28.008455  ]
 [ -18.495491    153.78235      11.991545  ]
 [   0.14902869    0.01306182    0.        ]
 [   0.            0.            0.1496    ]]
Residual vector length: 90, Jacobian shape: (90, 6)
view   0 | SOD= 565.940 mm | SDD= 721.227 mm | M= 1.274 | incident=3.3432°
[[  57.319233   -562.333       -28.00846   ]
 [ -18.495483    153.78229      11.991541  ]
 [   0.14902869    0.01306182    0.        ]
 [   0.            0.            0.1496    ]]

iter 41 cost=0.225508 -> 0.225508 |dtheta|=4.777430e-06  lambda=2.543e+05

============================================================
Iteration 42
============================================================
Theta offsets (Unity frame):
  Source   : dSx=   0.000, dSy=   0.000, dSz=   0.000  (mm)
  Object   : dOx=  -6.001, dOy=  -6.008, dOz= -11.808  (mm)
  Object offset: offset_x=  -0.001, offset_z=  -0.001  (mm)
  Detector : dDx=   0.000, dDy=   0.000, dDz=   0.000  (mm)
  Obj Stage rotY :    5.009 deg
============================================================

Unity geometry (world coordinates):
  Source   : x=   8.000, y=  50.000, z=   0.000
  Object   : x=  -0.001, y=  21.992, z= 565.192
  Detector : x=  -5.000, y=  10.000, z= 720.000
  Obj rotY :   0.0000 deg
view   0 | SOD= 565.940 mm | SDD= 721.227 mm | M= 1.274 | incident=3.3432°
[[  57.319237   -562.33295     -28.008455  ]
 [ -18.495491    153.78235      11.991545  ]
 [   0.14902869    0.01306182    0.        ]
 [   0.            0.            0.1496    ]]
Residual vector length: 90, Jacobian shape: (90, 6)
view   0 | SOD= 565.940 mm | SDD= 721.227 mm | M= 1.274 | incident=3.3432°
[[  57.319233   -562.33295     -28.008457  ]
 [ -18.49549     153.78235      11.991543  ]
 [   0.14902869    0.01306182    0.        ]
 [   0.            0.            0.1496    ]]

iter 42 cost=0.225508 -> 0.225508 |dtheta|=1.222657e-06  lambda=1.000e+06

============================================================
Iteration 43
============================================================
Theta offsets (Unity frame):
  Source   : dSx=   0.000, dSy=   0.000, dSz=   0.000  (mm)
  Object   : dOx=  -6.001, dOy=  -6.008, dOz= -11.808  (mm)
  Object offset: offset_x=  -0.001, offset_z=  -0.001  (mm)
  Detector : dDx=   0.000, dDy=   0.000, dDz=   0.000  (mm)
  Obj Stage rotY :    5.009 deg
============================================================

Unity geometry (world coordinates):
  Source   : x=   8.000, y=  50.000, z=   0.000
  Object   : x=  -0.001, y=  21.992, z= 565.192
  Detector : x=  -5.000, y=  10.000, z= 720.000
  Obj rotY :   0.0000 deg
view   0 | SOD= 565.940 mm | SDD= 721.227 mm | M= 1.274 | incident=3.3432°
[[  57.319237   -562.33295     -28.008455  ]
 [ -18.495491    153.78235      11.991545  ]
 [   0.14902869    0.01306182    0.        ]
 [   0.            0.            0.1496    ]]
Residual vector length: 90, Jacobian shape: (90, 6)
view   0 | SOD= 565.940 mm | SDD= 721.227 mm | M= 1.274 | incident=3.3432°
[[  57.319233   -562.33295     -28.008457  ]
 [ -18.49549     153.78235      11.991543  ]
 [   0.14902869    0.01306182    0.        ]
 [   0.            0.            0.1496    ]]

iter 43 cost=0.225508 -> 0.225508 |dtheta|=1.222657e-06  lambda=1.000e+06

============================================================
Iteration 44
============================================================
Theta offsets (Unity frame):
  Source   : dSx=   0.000, dSy=   0.000, dSz=   0.000  (mm)
  Object   : dOx=  -6.001, dOy=  -6.008, dOz= -11.808  (mm)
  Object offset: offset_x=  -0.001, offset_z=  -0.001  (mm)
  Detector : dDx=   0.000, dDy=   0.000, dDz=   0.000  (mm)
  Obj Stage rotY :    5.009 deg
============================================================

Unity geometry (world coordinates):
  Source   : x=   8.000, y=  50.000, z=   0.000
  Object   : x=  -0.001, y=  21.992, z= 565.192
  Detector : x=  -5.000, y=  10.000, z= 720.000
  Obj rotY :   0.0000 deg
view   0 | SOD= 565.940 mm | SDD= 721.227 mm | M= 1.274 | incident=3.3432°
[[  57.319237   -562.33295     -28.008455  ]
 [ -18.495491    153.78235      11.991545  ]
 [   0.14902869    0.01306182    0.        ]
 [   0.            0.            0.1496    ]]
Residual vector length: 90, Jacobian shape: (90, 6)
view   0 | SOD= 565.940 mm | SDD= 721.227 mm | M= 1.274 | incident=3.3432°
[[  57.319233   -562.33295     -28.008457  ]
 [ -18.49549     153.78235      11.991543  ]
 [   0.14902869    0.01306182    0.        ]
 [   0.            0.            0.1496    ]]

iter 44 cost=0.225508 -> 0.225508 |dtheta|=1.222657e-06  lambda=1.000e+06

============================================================
Iteration 45
============================================================
Theta offsets (Unity frame):
  Source   : dSx=   0.000, dSy=   0.000, dSz=   0.000  (mm)
  Object   : dOx=  -6.001, dOy=  -6.008, dOz= -11.808  (mm)
  Object offset: offset_x=  -0.001, offset_z=  -0.001  (mm)
  Detector : dDx=   0.000, dDy=   0.000, dDz=   0.000  (mm)
  Obj Stage rotY :    5.009 deg
============================================================

Unity geometry (world coordinates):
  Source   : x=   8.000, y=  50.000, z=   0.000
  Object   : x=  -0.001, y=  21.992, z= 565.192
  Detector : x=  -5.000, y=  10.000, z= 720.000
  Obj rotY :   0.0000 deg
view   0 | SOD= 565.940 mm | SDD= 721.227 mm | M= 1.274 | incident=3.3432°
[[  57.319237   -562.33295     -28.008455  ]
 [ -18.495491    153.78235      11.991545  ]
 [   0.14902869    0.01306182    0.        ]
 [   0.            0.            0.1496    ]]
Residual vector length: 90, Jacobian shape: (90, 6)
view   0 | SOD= 565.940 mm | SDD= 721.227 mm | M= 1.274 | incident=3.3432°
[[  57.319233   -562.33295     -28.008457  ]
 [ -18.49549     153.78235      11.991543  ]
 [   0.14902869    0.01306182    0.        ]
 [   0.            0.            0.1496    ]]

iter 45 cost=0.225508 -> 0.225508 |dtheta|=1.222657e-06  lambda=1.000e+06

============================================================
Iteration 46
============================================================
Theta offsets (Unity frame):
  Source   : dSx=   0.000, dSy=   0.000, dSz=   0.000  (mm)
  Object   : dOx=  -6.001, dOy=  -6.008, dOz= -11.808  (mm)
  Object offset: offset_x=  -0.001, offset_z=  -0.001  (mm)
  Detector : dDx=   0.000, dDy=   0.000, dDz=   0.000  (mm)
  Obj Stage rotY :    5.009 deg
============================================================

Unity geometry (world coordinates):
  Source   : x=   8.000, y=  50.000, z=   0.000
  Object   : x=  -0.001, y=  21.992, z= 565.192
  Detector : x=  -5.000, y=  10.000, z= 720.000
  Obj rotY :   0.0000 deg
view   0 | SOD= 565.940 mm | SDD= 721.227 mm | M= 1.274 | incident=3.3432°
[[  57.319237   -562.33295     -28.008455  ]
 [ -18.495491    153.78235      11.991545  ]
 [   0.14902869    0.01306182    0.        ]
 [   0.            0.            0.1496    ]]
Residual vector length: 90, Jacobian shape: (90, 6)
view   0 | SOD= 565.940 mm | SDD= 721.227 mm | M= 1.274 | incident=3.3432°
[[  57.319233   -562.33295     -28.008457  ]
 [ -18.49549     153.78235      11.991543  ]
 [   0.14902869    0.01306182    0.        ]
 [   0.            0.            0.1496    ]]

iter 46 cost=0.225508 -> 0.225508 |dtheta|=1.222657e-06  lambda=1.000e+06

============================================================
Iteration 47
============================================================
Theta offsets (Unity frame):
  Source   : dSx=   0.000, dSy=   0.000, dSz=   0.000  (mm)
  Object   : dOx=  -6.001, dOy=  -6.008, dOz= -11.808  (mm)
  Object offset: offset_x=  -0.001, offset_z=  -0.001  (mm)
  Detector : dDx=   0.000, dDy=   0.000, dDz=   0.000  (mm)
  Obj Stage rotY :    5.009 deg
============================================================

Unity geometry (world coordinates):
  Source   : x=   8.000, y=  50.000, z=   0.000
  Object   : x=  -0.001, y=  21.992, z= 565.192
  Detector : x=  -5.000, y=  10.000, z= 720.000
  Obj rotY :   0.0000 deg
view   0 | SOD= 565.940 mm | SDD= 721.227 mm | M= 1.274 | incident=3.3432°
[[  57.319237   -562.33295     -28.008455  ]
 [ -18.495491    153.78235      11.991545  ]
 [   0.14902869    0.01306182    0.        ]
 [   0.            0.            0.1496    ]]
Residual vector length: 90, Jacobian shape: (90, 6)
view   0 | SOD= 565.940 mm | SDD= 721.227 mm | M= 1.274 | incident=3.3432°
[[  57.319233   -562.33295     -28.008457  ]
 [ -18.49549     153.78235      11.991543  ]
 [   0.14902869    0.01306182    0.        ]
 [   0.            0.            0.1496    ]]

iter 47 cost=0.225508 -> 0.225508 |dtheta|=1.222657e-06  lambda=1.000e+06

============================================================
Iteration 48
============================================================
Theta offsets (Unity frame):
  Source   : dSx=   0.000, dSy=   0.000, dSz=   0.000  (mm)
  Object   : dOx=  -6.001, dOy=  -6.008, dOz= -11.808  (mm)
  Object offset: offset_x=  -0.001, offset_z=  -0.001  (mm)
  Detector : dDx=   0.000, dDy=   0.000, dDz=   0.000  (mm)
  Obj Stage rotY :    5.009 deg
============================================================

Unity geometry (world coordinates):
  Source   : x=   8.000, y=  50.000, z=   0.000
  Object   : x=  -0.001, y=  21.992, z= 565.192
  Detector : x=  -5.000, y=  10.000, z= 720.000
  Obj rotY :   0.0000 deg
view   0 | SOD= 565.940 mm | SDD= 721.227 mm | M= 1.274 | incident=3.3432°
[[  57.319237   -562.33295     -28.008455  ]
 [ -18.495491    153.78235      11.991545  ]
 [   0.14902869    0.01306182    0.        ]
 [   0.            0.            0.1496    ]]
Residual vector length: 90, Jacobian shape: (90, 6)
view   0 | SOD= 565.940 mm | SDD= 721.227 mm | M= 1.274 | incident=3.3432°
[[  57.319233   -562.33295     -28.008457  ]
 [ -18.49549     153.78235      11.991543  ]
 [   0.14902869    0.01306182    0.        ]
 [   0.            0.            0.1496    ]]

iter 48 cost=0.225508 -> 0.225508 |dtheta|=1.222657e-06  lambda=1.000e+06
Stalled.

Estimated theta:
  dSx: +0.000000
  dSy: +0.000000
  dOx: -6.001380
  dOy: -6.008456
  dOz: -11.808486
  dDx: +0.000000
  dDy: +0.000000
  dDz: +0.000000
alpha: +5.008966e+00 deg)
offset_x: -0.000751
offset_z: -0.001437

Final cost table:
Fake theta: [  0.   0.  -6.  -6. -12.   0.   0.   0.   5.   0.   0.]
Final estimated theta: [  0.           0.          -6.00137963  -6.00845584 -11.80848644
   0.           0.           0.           5.00896571  -0.00075121
  -0.00143719]
Diff from Expected: [ 0.          0.         -0.00137963 -0.00845584  0.19151356  0.
  0.          0.          0.00896571 -0.00075121 -0.00143719]
################################################################################

