Phantom already exists, skipping: cuboid_phantom_3_small.npy

################################################################################
Running cuboid=small scenario=G2 N_ANGLES=10, K=3
view   0 | SOD= 560.647 mm | SDD= 761.018 mm | M= 1.357 | incident=2.9645°
[[ 135.2794     -543.50665     -25.        ]
 [ -44.036404    195.25572      10.        ]
 [   0.1445025     0.03871933    0.        ]
 [   0.            0.            0.1496    ]]
          image          x1          y1  area1          x2          y2  area2          x3          y3  area3
0  proj_000.png  492.790254  219.409958    944  404.542793  368.537162    888  492.861345  533.163866    952
1  proj_001.png  432.834213  219.491024    947  462.324661  368.162896    884  432.918239  533.789308    954
2  proj_002.png  379.010571  219.050740    946  514.980942  369.386771    892  379.018104  531.650692    939
3  proj_003.png  352.458927  218.364732    913  542.784292  371.734513    904  352.491821  527.582334    917
4  proj_004.png  362.594203  217.472687    897  534.661273  374.417476    927  362.562988  523.163880    897
5  proj_005.png  404.500000  216.914414    888  492.813488  376.261328    949  404.517396  520.133558    891
6  proj_006.png  462.317460  216.824263    882  432.875262  376.734801    954  462.311937  519.574324    888
7  proj_007.png  514.945701  217.105204    884  379.035181  375.356077    938  514.983240  521.545251    895
8  proj_008.png  542.701443  217.948946    901  352.517014  372.992316    911  542.781457  525.539735    906
9  proj_009.png  534.681128  218.748373    922  362.571906  370.353400    897  534.668103  529.978448    928

============================================================
Iteration 0
============================================================
Theta offsets (Unity frame):
  Source   : dSx=   0.000, dSy=   0.000, dSz=   0.000  (mm)
  Object   : dOx=   0.000, dOy=   0.000, dOz=   0.000  (mm)
  Object offset: offset_x=   0.000, offset_z=   0.000  (mm)
  Detector : dDx=   0.000, dDy=   0.000, dDz=   0.000  (mm)
  Obj Stage rotY :    0.000 deg
============================================================

Unity geometry (world coordinates):
  Source   : x= -10.000, y=  55.000, z=   0.000
  Object   : x=  15.000, y=  42.000, z= 582.000
  Detector : x=   8.000, y=  20.000, z= 760.000
  Obj rotY :   0.0000 deg
view   0 | SOD= 582.682 mm | SDD= 761.018 mm | M= 1.306 | incident=2.9645°
[[ -25.     -582.      -13.    ]
 [  -7.      178.       22.    ]
 [   0.1496    0.        0.    ]
 [   0.        0.        0.1496]]
Residual vector length: 90, Jacobian shape: (90, 6)
view   0 | SOD= 588.553 mm | SDD= 761.018 mm | M= 1.293 | incident=2.9645°
[[  52.58024    -585.7312      -23.42028   ]
 [ -12.976031    171.65005      11.57972   ]
 [   0.14869548    0.01642597    0.        ]
 [   0.            0.            0.1496    ]]

iter 00 cost=447256.937488 -> 21522.311284 |dtheta|=1.794512e+01  lambda=1.000e-02

============================================================
Iteration 1
============================================================
Theta offsets (Unity frame):
  Source   : dSx=   0.000, dSy=   0.000, dSz=   0.000  (mm)
  Object   : dOx= -11.938, dOy= -10.420, dOz=   5.471  (mm)
  Object offset: offset_x=  -1.012, offset_z=   0.492  (mm)
  Detector : dDx=   0.000, dDy=   0.000, dDz=   0.000  (mm)
  Obj Stage rotY :    6.304 deg
============================================================

Unity geometry (world coordinates):
  Source   : x= -10.000, y=  55.000, z=   0.000
  Object   : x=   3.062, y=  31.580, z= 587.471
  Detector : x=   8.000, y=  20.000, z= 760.000
  Obj rotY :   0.0000 deg
view   0 | SOD= 588.553 mm | SDD= 761.018 mm | M= 1.293 | incident=2.9645°
[[  52.58024    -585.7312      -23.42028   ]
 [ -12.976031    171.65005      11.57972   ]
 [   0.14869548    0.01642597    0.        ]
 [   0.            0.            0.1496    ]]
Residual vector length: 90, Jacobian shape: (90, 6)
view   0 | SOD= 584.669 mm | SDD= 761.018 mm | M= 1.302 | incident=2.9645°
[[  91.12789    -576.9774      -25.10714   ]
 [ -23.042284    174.61371       9.89286   ]
 [   0.14732987    0.02596289    0.        ]
 [   0.            0.            0.1496    ]]

iter 01 cost=21522.311284 -> 3907.026338 |dtheta|=6.013910e+00  lambda=3.333e-03

============================================================
Iteration 2
============================================================
Theta offsets (Unity frame):
  Source   : dSx=   0.000, dSy=   0.000, dSz=   0.000  (mm)
  Object   : dOx= -14.308, dOy= -12.107, dOz=   1.794  (mm)
  Object offset: offset_x=  -0.303, offset_z=   0.244  (mm)
  Detector : dDx=   0.000, dDy=   0.000, dDz=   0.000  (mm)
  Obj Stage rotY :    9.994 deg
============================================================

Unity geometry (world coordinates):
  Source   : x= -10.000, y=  55.000, z=   0.000
  Object   : x=   0.692, y=  29.893, z= 583.794
  Detector : x=   8.000, y=  20.000, z= 760.000
  Obj rotY :   0.0000 deg
view   0 | SOD= 584.669 mm | SDD= 761.018 mm | M= 1.302 | incident=2.9645°
[[  91.12789    -576.9774      -25.10714   ]
 [ -23.042284    174.61371       9.89286   ]
 [   0.14732987    0.02596289    0.        ]
 [   0.            0.            0.1496    ]]
Residual vector length: 90, Jacobian shape: (90, 6)
view   0 | SOD= 580.575 mm | SDD= 761.018 mm | M= 1.311 | incident=2.9645°
[[ 106.55626    -570.13794     -25.59953   ]
 [ -28.894646    177.91089       9.400471  ]
 [   0.14653383    0.03013298    0.        ]
 [   0.            0.            0.1496    ]]

iter 02 cost=3907.026338 -> 1929.718345 |dtheta|=4.294977e+00  lambda=1.111e-03

============================================================
Iteration 3
============================================================
Theta offsets (Unity frame):
  Source   : dSx=   0.000, dSy=   0.000, dSz=   0.000  (mm)
  Object   : dOx= -14.436, dOy= -12.600, dOz=  -2.139  (mm)
  Object offset: offset_x=  -0.097, offset_z=   0.055  (mm)
  Detector : dDx=   0.000, dDy=   0.000, dDz=   0.000  (mm)
  Obj Stage rotY :   11.620 deg
============================================================

Unity geometry (world coordinates):
  Source   : x= -10.000, y=  55.000, z=   0.000
  Object   : x=   0.564, y=  29.400, z= 579.861
  Detector : x=   8.000, y=  20.000, z= 760.000
  Obj rotY :   0.0000 deg
view   0 | SOD= 580.575 mm | SDD= 761.018 mm | M= 1.311 | incident=2.9645°
[[ 106.55626    -570.13794     -25.59953   ]
 [ -28.894646    177.91089       9.400471  ]
 [   0.14653383    0.03013298    0.        ]
 [   0.            0.            0.1496    ]]
Residual vector length: 90, Jacobian shape: (90, 6)
view   0 | SOD= 576.599 mm | SDD= 761.018 mm | M= 1.320 | incident=2.9645°
[[ 120.18137    -563.3507      -25.67671   ]
 [ -34.38984     180.98239       9.32329   ]
 [   0.14571373    0.03387724    0.        ]
 [   0.            0.            0.1496    ]]

iter 03 cost=1929.718345 -> 1053.598247 |dtheta|=4.299640e+00  lambda=3.704e-04

============================================================
Iteration 4
============================================================
Theta offsets (Unity frame):
  Source   : dSx=   0.000, dSy=   0.000, dSz=   0.000  (mm)
  Object   : dOx= -14.666, dOy= -12.677, dOz=  -6.163  (mm)
  Object offset: offset_x=   0.178, offset_z=   0.095  (mm)
  Detector : dDx=   0.000, dDy=   0.000, dDz=   0.000  (mm)
  Obj Stage rotY :   13.088 deg
============================================================

Unity geometry (world coordinates):
  Source   : x= -10.000, y=  55.000, z=   0.000
  Object   : x=   0.334, y=  29.323, z= 575.836
  Detector : x=   8.000, y=  20.000, z= 760.000
  Obj rotY :   0.0000 deg
view   0 | SOD= 576.599 mm | SDD= 761.018 mm | M= 1.320 | incident=2.9645°
[[ 120.18137    -563.3507      -25.67671   ]
 [ -34.38984     180.98239       9.32329   ]
 [   0.14571373    0.03387724    0.        ]
 [   0.            0.            0.1496    ]]
Residual vector length: 90, Jacobian shape: (90, 6)
view   0 | SOD= 573.587 mm | SDD= 761.018 mm | M= 1.327 | incident=2.9645°
[[ 128.23558    -558.4832      -25.571714  ]
 [ -37.645176    183.41138       9.428286  ]
 [   0.14518131    0.03609082    0.        ]
 [   0.            0.            0.1496    ]]

iter 04 cost=1053.598247 -> 637.648785 |dtheta|=3.180515e+00  lambda=1.235e-04

============================================================
Iteration 5
============================================================
Theta offsets (Unity frame):
  Source   : dSx=   0.000, dSy=   0.000, dSz=   0.000  (mm)
  Object   : dOx= -14.727, dOy= -12.572, dOz=  -9.215  (mm)
  Object offset: offset_x=   0.012, offset_z=   0.139  (mm)
  Detector : dDx=   0.000, dDy=   0.000, dDz=   0.000  (mm)
  Obj Stage rotY :   13.960 deg
============================================================

Unity geometry (world coordinates):
  Source   : x= -10.000, y=  55.000, z=   0.000
  Object   : x=   0.273, y=  29.428, z= 572.785
  Detector : x=   8.000, y=  20.000, z= 760.000
  Obj rotY :   0.0000 deg
view   0 | SOD= 573.587 mm | SDD= 761.018 mm | M= 1.327 | incident=2.9645°
[[ 128.23558    -558.4832      -25.571714  ]
 [ -37.645176    183.41138       9.428286  ]
 [   0.14518131    0.03609082    0.        ]
 [   0.            0.            0.1496    ]]
Residual vector length: 90, Jacobian shape: (90, 6)
view   0 | SOD= 570.585 mm | SDD= 761.018 mm | M= 1.334 | incident=2.9645°
[[ 131.39572    -554.6621      -25.531393  ]
 [ -39.544502    186.08305       9.468607  ]
 [   0.14493161    0.03708082    0.        ]
 [   0.            0.            0.1496    ]]

iter 05 cost=637.648785 -> 385.792441 |dtheta|=3.050544e+00  lambda=4.115e-05

============================================================
Iteration 6
============================================================
Theta offsets (Unity frame):
  Source   : dSx=   0.000, dSy=   0.000, dSz=   0.000  (mm)
  Object   : dOx= -14.819, dOy= -12.531, dOz= -12.238  (mm)
  Object offset: offset_x=   0.006, offset_z=   0.161  (mm)
  Detector : dDx=   0.000, dDy=   0.000, dDz=   0.000  (mm)
  Obj Stage rotY :   14.351 deg
============================================================

Unity geometry (world coordinates):
  Source   : x= -10.000, y=  55.000, z=   0.000
  Object   : x=   0.181, y=  29.469, z= 569.761
  Detector : x=   8.000, y=  20.000, z= 760.000
  Obj rotY :   0.0000 deg
view   0 | SOD= 570.585 mm | SDD= 761.018 mm | M= 1.334 | incident=2.9645°
[[ 131.39572    -554.6621      -25.531393  ]
 [ -39.544502    186.08305       9.468607  ]
 [   0.14493161    0.03708082    0.        ]
 [   0.            0.            0.1496    ]]
Residual vector length: 90, Jacobian shape: (90, 6)
view   0 | SOD= 569.069 mm | SDD= 761.018 mm | M= 1.337 | incident=2.9645°
[[ 137.1335     -551.7144      -25.395615  ]
 [ -41.93612     187.10767       9.604385  ]
 [   0.1445154     0.03867117    0.        ]
 [   0.            0.            0.1496    ]]

iter 06 cost=385.792441 -> 266.790202 |dtheta|=1.547457e+00  lambda=1.372e-05

============================================================
Iteration 7
============================================================
Theta offsets (Unity frame):
  Source   : dSx=   0.000, dSy=   0.000, dSz=   0.000  (mm)
  Object   : dOx= -14.930, dOy= -12.396, dOz= -13.635  (mm)
  Object offset: offset_x=   0.074, offset_z=   0.046  (mm)
  Detector : dDx=   0.000, dDy=   0.000, dDz=   0.000  (mm)
  Obj Stage rotY :   14.981 deg
============================================================

Unity geometry (world coordinates):
  Source   : x= -10.000, y=  55.000, z=   0.000
  Object   : x=   0.070, y=  29.604, z= 568.365
  Detector : x=   8.000, y=  20.000, z= 760.000
  Obj rotY :   0.0000 deg
view   0 | SOD= 569.069 mm | SDD= 761.018 mm | M= 1.337 | incident=2.9645°
[[ 137.1335     -551.7144      -25.395615  ]
 [ -41.93612     187.10767       9.604385  ]
 [   0.1445154     0.03867117    0.        ]
 [   0.            0.            0.1496    ]]
Residual vector length: 90, Jacobian shape: (90, 6)
view   0 | SOD= 567.498 mm | SDD= 761.018 mm | M= 1.341 | incident=2.9645°
[[ 137.28897    -550.0607      -25.278543  ]
 [ -42.497517    188.58723       9.721457  ]
 [   0.1444778     0.03881139    0.        ]
 [   0.            0.            0.1496    ]]

iter 07 cost=266.790202 -> 182.634443 |dtheta|=1.490127e+00  lambda=4.572e-06

============================================================
Iteration 8
============================================================
Theta offsets (Unity frame):
  Source   : dSx=   0.000, dSy=   0.000, dSz=   0.000  (mm)
  Object   : dOx= -14.848, dOy= -12.279, dOz= -15.110  (mm)
  Object offset: offset_x=  -0.035, offset_z=  -0.045  (mm)
  Detector : dDx=   0.000, dDy=   0.000, dDz=   0.000  (mm)
  Obj Stage rotY :   15.037 deg
============================================================

Unity geometry (world coordinates):
  Source   : x= -10.000, y=  55.000, z=   0.000
  Object   : x=   0.152, y=  29.721, z= 566.890
  Detector : x=   8.000, y=  20.000, z= 760.000
  Obj rotY :   0.0000 deg
view   0 | SOD= 567.498 mm | SDD= 761.018 mm | M= 1.341 | incident=2.9645°
[[ 137.28897    -550.0607      -25.278543  ]
 [ -42.497517    188.58723       9.721457  ]
 [   0.1444778     0.03881139    0.        ]
 [   0.            0.            0.1496    ]]
Residual vector length: 90, Jacobian shape: (90, 6)
view   0 | SOD= 565.528 mm | SDD= 761.018 mm | M= 1.346 | incident=2.9645°
[[ 133.94653    -548.8541      -25.295544  ]
 [ -41.92368     190.73607       9.704456  ]
 [   0.14468142    0.03804533    0.        ]
 [   0.            0.            0.1496    ]]

iter 08 cost=182.634443 -> 105.092456 |dtheta|=1.989074e+00  lambda=1.524e-06

============================================================
Iteration 9
============================================================
Theta offsets (Unity frame):
  Source   : dSx=   0.000, dSy=   0.000, dSz=   0.000  (mm)
  Object   : dOx= -14.926, dOy= -12.296, dOz= -17.074  (mm)
  Object offset: offset_x=  -0.035, offset_z=  -0.053  (mm)
  Detector : dDx=   0.000, dDy=   0.000, dDz=   0.000  (mm)
  Obj Stage rotY :   14.733 deg
============================================================

Unity geometry (world coordinates):
  Source   : x= -10.000, y=  55.000, z=   0.000
  Object   : x=   0.074, y=  29.704, z= 564.926
  Detector : x=   8.000, y=  20.000, z= 760.000
  Obj rotY :   0.0000 deg
view   0 | SOD= 565.528 mm | SDD= 761.018 mm | M= 1.346 | incident=2.9645°
[[ 133.94653    -548.8541      -25.295544  ]
 [ -41.92368     190.73607       9.704456  ]
 [   0.14468142    0.03804533    0.        ]
 [   0.            0.            0.1496    ]]
Residual vector length: 90, Jacobian shape: (90, 6)
view   0 | SOD= 564.214 mm | SDD= 761.018 mm | M= 1.349 | incident=2.9645°
[[ 136.96529    -546.75824     -25.16032   ]
 [ -43.44469     191.73769       9.83968   ]
 [   0.14444499    0.03893334    0.        ]
 [   0.            0.            0.1496    ]]

iter 09 cost=105.092456 -> 56.013430 |dtheta|=1.341940e+00  lambda=1.000e-06

============================================================
Iteration 10
============================================================
Theta offsets (Unity frame):
  Source   : dSx=   0.000, dSy=   0.000, dSz=   0.000  (mm)
  Object   : dOx= -14.944, dOy= -12.160, dOz= -18.362  (mm)
  Object offset: offset_x=  -0.008, offset_z=  -0.076  (mm)
  Detector : dDx=   0.000, dDy=   0.000, dDz=   0.000  (mm)
  Obj Stage rotY :   15.085 deg
============================================================

Unity geometry (world coordinates):
  Source   : x= -10.000, y=  55.000, z=   0.000
  Object   : x=   0.056, y=  29.840, z= 563.638
  Detector : x=   8.000, y=  20.000, z= 760.000
  Obj rotY :   0.0000 deg
view   0 | SOD= 564.214 mm | SDD= 761.018 mm | M= 1.349 | incident=2.9645°
[[ 136.96529    -546.75824     -25.16032   ]
 [ -43.44469     191.73769       9.83968   ]
 [   0.14444499    0.03893334    0.        ]
 [   0.            0.            0.1496    ]]
Residual vector length: 90, Jacobian shape: (90, 6)
view   0 | SOD= 564.015 mm | SDD= 761.018 mm | M= 1.349 | incident=2.9645°
[[ 135.98193   -546.79803    -25.180157 ]
 [ -43.22329    191.9912       9.819843 ]
 [   0.1445083    0.0386977    0.       ]
 [   0.           0.           0.1496   ]]

iter 10 cost=56.013430 -> 45.357370 |dtheta|=2.666498e-01  lambda=1.000e-06

============================================================
Iteration 11
============================================================
Theta offsets (Unity frame):
  Source   : dSx=   0.000, dSy=   0.000, dSz=   0.000  (mm)
  Object   : dOx= -14.923, dOy= -12.180, dOz= -18.605  (mm)
  Object offset: offset_x=   0.012, offset_z=  -0.032  (mm)
  Detector : dDx=   0.000, dDy=   0.000, dDz=   0.000  (mm)
  Obj Stage rotY :   14.991 deg
============================================================

Unity geometry (world coordinates):
  Source   : x= -10.000, y=  55.000, z=   0.000
  Object   : x=   0.077, y=  29.820, z= 563.395
  Detector : x=   8.000, y=  20.000, z= 760.000
  Obj rotY :   0.0000 deg
view   0 | SOD= 564.015 mm | SDD= 761.018 mm | M= 1.349 | incident=2.9645°
[[ 135.98193   -546.79803    -25.180157 ]
 [ -43.22329    191.9912       9.819843 ]
 [   0.1445083    0.0386977    0.       ]
 [   0.           0.           0.1496   ]]
Residual vector length: 90, Jacobian shape: (90, 6)
view   0 | SOD= 563.530 mm | SDD= 761.018 mm | M= 1.350 | incident=2.9645°
[[ 135.71931    -546.3661      -25.11147   ]
 [ -43.223312    192.48679       9.888531  ]
 [   0.14452204    0.03864633    0.        ]
 [   0.            0.            0.1496    ]]

iter 11 cost=45.357370 -> 33.207654 |dtheta|=5.071967e-01  lambda=1.000e-06

============================================================
Iteration 12
============================================================
Theta offsets (Unity frame):
  Source   : dSx=   0.000, dSy=   0.000, dSz=   0.000  (mm)
  Object   : dOx= -14.939, dOy= -12.111, dOz= -19.105  (mm)
  Object offset: offset_x=  -0.030, offset_z=  -0.014  (mm)
  Detector : dDx=   0.000, dDy=   0.000, dDz=   0.000  (mm)
  Obj Stage rotY :   14.971 deg
============================================================

Unity geometry (world coordinates):
  Source   : x= -10.000, y=  55.000, z=   0.000
  Object   : x=   0.061, y=  29.889, z= 562.895
  Detector : x=   8.000, y=  20.000, z= 760.000
  Obj rotY :   0.0000 deg
view   0 | SOD= 563.530 mm | SDD= 761.018 mm | M= 1.350 | incident=2.9645°
[[ 135.71931    -546.3661      -25.11147   ]
 [ -43.223312    192.48679       9.888531  ]
 [   0.14452204    0.03864633    0.        ]
 [   0.            0.            0.1496    ]]
Residual vector length: 90, Jacobian shape: (90, 6)
view   0 | SOD= 563.001 mm | SDD= 761.018 mm | M= 1.352 | incident=2.9645°
[[ 136.0868     -545.72943     -25.106167  ]
 [ -43.5594      192.95268       9.893833  ]
 [   0.14448518    0.03878396    0.        ]
 [   0.            0.            0.1496    ]]

iter 12 cost=33.207654 -> 20.455413 |dtheta|=5.648263e-01  lambda=1.000e-06

============================================================
Iteration 13
============================================================
Theta offsets (Unity frame):
  Source   : dSx=   0.000, dSy=   0.000, dSz=   0.000  (mm)
  Object   : dOx= -14.953, dOy= -12.106, dOz= -19.665  (mm)
  Object offset: offset_x=  -0.000, offset_z=   0.017  (mm)
  Detector : dDx=   0.000, dDy=   0.000, dDz=   0.000  (mm)
  Obj Stage rotY :   15.026 deg
============================================================

Unity geometry (world coordinates):
  Source   : x= -10.000, y=  55.000, z=   0.000
  Object   : x=   0.047, y=  29.894, z= 562.335
  Detector : x=   8.000, y=  20.000, z= 760.000
  Obj rotY :   0.0000 deg
view   0 | SOD= 563.001 mm | SDD= 761.018 mm | M= 1.352 | incident=2.9645°
[[ 136.0868     -545.72943     -25.106167  ]
 [ -43.5594      192.95268       9.893833  ]
 [   0.14448518    0.03878396    0.        ]
 [   0.            0.            0.1496    ]]
Residual vector length: 90, Jacobian shape: (90, 6)
view   0 | SOD= 562.396 mm | SDD= 761.018 mm | M= 1.353 | incident=2.9645°
[[ 134.3991     -545.5253      -25.070053  ]
 [ -43.153614    193.6628        9.929947  ]
 [   0.14459448    0.03837445    0.        ]
 [   0.            0.            0.1496    ]]

iter 13 cost=20.455413 -> 12.779283 |dtheta|=6.456150e-01  lambda=1.000e-06

============================================================
Iteration 14
============================================================
Theta offsets (Unity frame):
  Source   : dSx=   0.000, dSy=   0.000, dSz=   0.000  (mm)
  Object   : dOx= -14.968, dOy= -12.070, dOz= -20.288  (mm)
  Object offset: offset_x=   0.001, offset_z=   0.036  (mm)
  Detector : dDx=   0.000, dDy=   0.000, dDz=   0.000  (mm)
  Obj Stage rotY :   14.863 deg
============================================================

Unity geometry (world coordinates):
  Source   : x= -10.000, y=  55.000, z=   0.000
  Object   : x=   0.032, y=  29.930, z= 561.712
  Detector : x=   8.000, y=  20.000, z= 760.000
  Obj rotY :   0.0000 deg
view   0 | SOD= 562.396 mm | SDD= 761.018 mm | M= 1.353 | incident=2.9645°
[[ 134.3991     -545.5253      -25.070053  ]
 [ -43.153614    193.6628        9.929947  ]
 [   0.14459448    0.03837445    0.        ]
 [   0.            0.            0.1496    ]]
Residual vector length: 90, Jacobian shape: (90, 6)
view   0 | SOD= 562.032 mm | SDD= 761.018 mm | M= 1.354 | incident=2.9645°
[[ 134.44656    -545.13855     -25.056465  ]
 [ -43.2736      194.00931       9.943535  ]
 [   0.14458577    0.03840721    0.        ]
 [   0.            0.            0.1496    ]]

iter 14 cost=12.779283 -> 8.254652 |dtheta|=3.308287e-01  lambda=1.000e-06

============================================================
Iteration 15
============================================================
Theta offsets (Unity frame):
  Source   : dSx=   0.000, dSy=   0.000, dSz=   0.000  (mm)
  Object   : dOx= -14.974, dOy= -12.056, dOz= -20.616  (mm)
  Object offset: offset_x=  -0.011, offset_z=   0.000  (mm)
  Detector : dDx=   0.000, dDy=   0.000, dDz=   0.000  (mm)
  Obj Stage rotY :   14.876 deg
============================================================

Unity geometry (world coordinates):
  Source   : x= -10.000, y=  55.000, z=   0.000
  Object   : x=   0.026, y=  29.944, z= 561.383
  Detector : x=   8.000, y=  20.000, z= 760.000
  Obj rotY :   0.0000 deg
view   0 | SOD= 562.032 mm | SDD= 761.018 mm | M= 1.354 | incident=2.9645°
[[ 134.44656    -545.13855     -25.056465  ]
 [ -43.2736      194.00931       9.943535  ]
 [   0.14458577    0.03840721    0.        ]
 [   0.            0.            0.1496    ]]
Residual vector length: 90, Jacobian shape: (90, 6)
view   0 | SOD= 561.567 mm | SDD= 761.018 mm | M= 1.355 | incident=2.9645°
[[ 134.86742    -544.55585     -25.047054  ]
 [ -43.59565     194.41298       9.952946  ]
 [   0.14454709    0.03855253    0.        ]
 [   0.            0.            0.1496    ]]

iter 15 cost=8.254652 -> 3.573752 |dtheta|=4.606604e-01  lambda=1.000e-06

============================================================
Iteration 16
============================================================
Theta offsets (Unity frame):
  Source   : dSx=   0.000, dSy=   0.000, dSz=   0.000  (mm)
  Object   : dOx= -14.981, dOy= -12.047, dOz= -21.073  (mm)
  Object offset: offset_x=   0.003, offset_z=  -0.008  (mm)
  Detector : dDx=   0.000, dDy=   0.000, dDz=   0.000  (mm)
  Obj Stage rotY :   14.934 deg
============================================================

Unity geometry (world coordinates):
  Source   : x= -10.000, y=  55.000, z=   0.000
  Object   : x=   0.019, y=  29.953, z= 560.927
  Detector : x=   8.000, y=  20.000, z= 760.000
  Obj rotY :   0.0000 deg
view   0 | SOD= 561.567 mm | SDD= 761.018 mm | M= 1.355 | incident=2.9645°
[[ 134.86742    -544.55585     -25.047054  ]
 [ -43.59565     194.41298       9.952946  ]
 [   0.14454709    0.03855253    0.        ]
 [   0.            0.            0.1496    ]]
Residual vector length: 90, Jacobian shape: (90, 6)
view   0 | SOD= 561.351 mm | SDD= 761.018 mm | M= 1.356 | incident=2.9645°
[[ 135.11276    -544.27325     -25.031242  ]
 [ -43.73635     194.60222       9.968758  ]
 [   0.14452693    0.03862804    0.        ]
 [   0.            0.            0.1496    ]]

iter 16 cost=3.573752 -> 1.748182 |dtheta|=2.443331e-01  lambda=1.000e-06

============================================================
Iteration 17
============================================================
Theta offsets (Unity frame):
  Source   : dSx=   0.000, dSy=   0.000, dSz=   0.000  (mm)
  Object   : dOx= -14.994, dOy= -12.031, dOz= -21.313  (mm)
  Object offset: offset_x=  -0.001, offset_z=   0.017  (mm)
  Detector : dDx=   0.000, dDy=   0.000, dDz=   0.000  (mm)
  Obj Stage rotY :   14.964 deg
============================================================

Unity geometry (world coordinates):
  Source   : x= -10.000, y=  55.000, z=   0.000
  Object   : x=   0.006, y=  29.969, z= 560.687
  Detector : x=   8.000, y=  20.000, z= 760.000
  Obj rotY :   0.0000 deg
view   0 | SOD= 561.351 mm | SDD= 761.018 mm | M= 1.356 | incident=2.9645°
[[ 135.11276    -544.27325     -25.031242  ]
 [ -43.73635     194.60222       9.968758  ]
 [   0.14452693    0.03862804    0.        ]
 [   0.            0.            0.1496    ]]
Residual vector length: 90, Jacobian shape: (90, 6)
view   0 | SOD= 561.206 mm | SDD= 761.018 mm | M= 1.356 | incident=2.9645°
[[ 135.04778    -544.1402      -25.023018  ]
 [ -43.766705    194.74371       9.976982  ]
 [   0.14452875    0.03862127    0.        ]
 [   0.            0.            0.1496    ]]

iter 17 cost=1.748182 -> 1.164897 |dtheta|=1.324767e-01  lambda=1.000e-06

============================================================
Iteration 18
============================================================
Theta offsets (Unity frame):
  Source   : dSx=   0.000, dSy=   0.000, dSz=   0.000  (mm)
  Object   : dOx= -14.994, dOy= -12.023, dOz= -21.445  (mm)
  Object offset: offset_x=   0.001, offset_z=   0.004  (mm)
  Detector : dDx=   0.000, dDy=   0.000, dDz=   0.000  (mm)
  Obj Stage rotY :   14.961 deg
============================================================

Unity geometry (world coordinates):
  Source   : x= -10.000, y=  55.000, z=   0.000
  Object   : x=   0.006, y=  29.977, z= 560.555
  Detector : x=   8.000, y=  20.000, z= 760.000
  Obj rotY :   0.0000 deg
view   0 | SOD= 561.206 mm | SDD= 761.018 mm | M= 1.356 | incident=2.9645°
[[ 135.04778    -544.1402      -25.023018  ]
 [ -43.766705    194.74371       9.976982  ]
 [   0.14452875    0.03862127    0.        ]
 [   0.            0.            0.1496    ]]
Residual vector length: 90, Jacobian shape: (90, 6)
view   0 | SOD= 561.113 mm | SDD= 761.018 mm | M= 1.356 | incident=2.9645°
[[ 135.0586     -544.0417      -25.018372  ]
 [ -43.79632     194.8324        9.981628  ]
 [   0.14452663    0.03862918    0.        ]
 [   0.            0.            0.1496    ]]

iter 18 cost=1.164897 -> 0.779102 |dtheta|=9.409037e-02  lambda=1.000e-06

============================================================
Iteration 19
============================================================
Theta offsets (Unity frame):
  Source   : dSx=   0.000, dSy=   0.000, dSz=   0.000  (mm)
  Object   : dOx= -14.993, dOy= -12.018, dOz= -21.539  (mm)
  Object offset: offset_x=  -0.005, offset_z=   0.005  (mm)
  Detector : dDx=   0.000, dDy=   0.000, dDz=   0.000  (mm)
  Obj Stage rotY :   14.964 deg
============================================================

Unity geometry (world coordinates):
  Source   : x= -10.000, y=  55.000, z=   0.000
  Object   : x=   0.007, y=  29.982, z= 560.461
  Detector : x=   8.000, y=  20.000, z= 760.000
  Obj rotY :   0.0000 deg
view   0 | SOD= 561.113 mm | SDD= 761.018 mm | M= 1.356 | incident=2.9645°
[[ 135.0586     -544.0417      -25.018372  ]
 [ -43.79632     194.8324        9.981628  ]
 [   0.14452663    0.03862918    0.        ]
 [   0.            0.            0.1496    ]]
Residual vector length: 90, Jacobian shape: (90, 6)
view   0 | SOD= 560.998 mm | SDD= 761.018 mm | M= 1.357 | incident=2.9645°
[[ 135.2726     -543.8693      -25.014236  ]
 [ -43.92276     194.92224       9.985764  ]
 [   0.14450881    0.03869577    0.        ]
 [   0.            0.            0.1496    ]]

iter 19 cost=0.779102 -> 0.542936 |dtheta|=1.170605e-01  lambda=1.000e-06

============================================================
Iteration 20
============================================================
Theta offsets (Unity frame):
  Source   : dSx=   0.000, dSy=   0.000, dSz=   0.000  (mm)
  Object   : dOx= -14.996, dOy= -12.014, dOz= -21.652  (mm)
  Object offset: offset_x=   0.005, offset_z=   0.002  (mm)
  Detector : dDx=   0.000, dDy=   0.000, dDz=   0.000  (mm)
  Obj Stage rotY :   14.991 deg
============================================================

Unity geometry (world coordinates):
  Source   : x= -10.000, y=  55.000, z=   0.000
  Object   : x=   0.004, y=  29.986, z= 560.348
  Detector : x=   8.000, y=  20.000, z= 760.000
  Obj rotY :   0.0000 deg
view   0 | SOD= 560.998 mm | SDD= 761.018 mm | M= 1.357 | incident=2.9645°
[[ 135.2726     -543.8693      -25.014236  ]
 [ -43.92276     194.92224       9.985764  ]
 [   0.14450881    0.03869577    0.        ]
 [   0.            0.            0.1496    ]]
Residual vector length: 90, Jacobian shape: (90, 6)
view   0 | SOD= 561.001 mm | SDD= 761.018 mm | M= 1.357 | incident=2.9645°
[[ 135.23329    -543.8825      -25.01474   ]
 [ -43.90091     194.92393       9.98526   ]
 [   0.14451201    0.03868381    0.        ]
 [   0.            0.            0.1496    ]]

iter 20 cost=0.542936 -> 0.526629 |dtheta|=1.013072e-02  lambda=1.000e-06

============================================================
Iteration 21
============================================================
Theta offsets (Unity frame):
  Source   : dSx=   0.000, dSy=   0.000, dSz=   0.000  (mm)
  Object   : dOx= -14.994, dOy= -12.015, dOz= -21.647  (mm)
  Object offset: offset_x=  -0.002, offset_z=   0.001  (mm)
  Detector : dDx=   0.000, dDy=   0.000, dDz=   0.000  (mm)
  Obj Stage rotY :   14.986 deg
============================================================

Unity geometry (world coordinates):
  Source   : x= -10.000, y=  55.000, z=   0.000
  Object   : x=   0.006, y=  29.985, z= 560.353
  Detector : x=   8.000, y=  20.000, z= 760.000
  Obj rotY :   0.0000 deg
view   0 | SOD= 561.001 mm | SDD= 761.018 mm | M= 1.357 | incident=2.9645°
[[ 135.23329    -543.8825      -25.01474   ]
 [ -43.90091     194.92393       9.98526   ]
 [   0.14451201    0.03868381    0.        ]
 [   0.            0.            0.1496    ]]
Residual vector length: 90, Jacobian shape: (90, 6)
view   0 | SOD= 560.962 mm | SDD= 761.018 mm | M= 1.357 | incident=2.9645°
[[ 135.27783    -543.8316      -25.014389  ]
 [ -43.931255    194.95663       9.985611  ]
 [   0.1445081     0.03869845    0.        ]
 [   0.            0.            0.1496    ]]

iter 21 cost=0.526629 -> 0.436345 |dtheta|=3.818217e-02  lambda=1.000e-06

============================================================
Iteration 22
============================================================
Theta offsets (Unity frame):
  Source   : dSx=   0.000, dSy=   0.000, dSz=   0.000  (mm)
  Object   : dOx= -14.995, dOy= -12.014, dOz= -21.685  (mm)
  Object offset: offset_x=  -0.001, offset_z=  -0.000  (mm)
  Detector : dDx=   0.000, dDy=   0.000, dDz=   0.000  (mm)
  Obj Stage rotY :   14.992 deg
============================================================

Unity geometry (world coordinates):
  Source   : x= -10.000, y=  55.000, z=   0.000
  Object   : x=   0.005, y=  29.986, z= 560.315
  Detector : x=   8.000, y=  20.000, z= 760.000
  Obj rotY :   0.0000 deg
view   0 | SOD= 560.962 mm | SDD= 761.018 mm | M= 1.357 | incident=2.9645°
[[ 135.27783    -543.8316      -25.014389  ]
 [ -43.931255    194.95663       9.985611  ]
 [   0.1445081     0.03869845    0.        ]
 [   0.            0.            0.1496    ]]
Residual vector length: 90, Jacobian shape: (90, 6)
view   0 | SOD= 560.887 mm | SDD= 761.018 mm | M= 1.357 | incident=2.9645°
[[ 135.05899    -543.8091      -25.008778  ]
 [ -43.880836    195.04445       9.991222  ]
 [   0.14452219    0.03864579    0.        ]
 [   0.            0.            0.1496    ]]

iter 22 cost=0.436345 -> 0.310553 |dtheta|=7.930768e-02  lambda=1.000e-06

============================================================
Iteration 23
============================================================
Theta offsets (Unity frame):
  Source   : dSx=   0.000, dSy=   0.000, dSz=   0.000  (mm)
  Object   : dOx= -14.996, dOy= -12.009, dOz= -21.761  (mm)
  Object offset: offset_x=   0.002, offset_z=   0.001  (mm)
  Detector : dDx=   0.000, dDy=   0.000, dDz=   0.000  (mm)
  Obj Stage rotY :   14.971 deg
============================================================

Unity geometry (world coordinates):
  Source   : x= -10.000, y=  55.000, z=   0.000
  Object   : x=   0.004, y=  29.991, z= 560.239
  Detector : x=   8.000, y=  20.000, z= 760.000
  Obj rotY :   0.0000 deg
view   0 | SOD= 560.887 mm | SDD= 761.018 mm | M= 1.357 | incident=2.9645°
[[ 135.05899    -543.8091      -25.008778  ]
 [ -43.880836    195.04445       9.991222  ]
 [   0.14452219    0.03864579    0.        ]
 [   0.            0.            0.1496    ]]
Residual vector length: 90, Jacobian shape: (90, 6)
view   0 | SOD= 560.845 mm | SDD= 761.018 mm | M= 1.357 | incident=2.9645°
[[ 135.13544    -543.7467      -25.007618  ]
 [ -43.91766     195.0794        9.992382  ]
 [   0.14451626    0.03866794    0.        ]
 [   0.            0.            0.1496    ]]

iter 23 cost=0.310553 -> 0.235946 |dtheta|=4.333704e-02  lambda=1.000e-06

============================================================
Iteration 24
============================================================
Theta offsets (Unity frame):
  Source   : dSx=   0.000, dSy=   0.000, dSz=   0.000  (mm)
  Object   : dOx= -14.999, dOy= -12.008, dOz= -21.803  (mm)
  Object offset: offset_x=   0.001, offset_z=   0.001  (mm)
  Detector : dDx=   0.000, dDy=   0.000, dDz=   0.000  (mm)
  Obj Stage rotY :   14.980 deg
============================================================

Unity geometry (world coordinates):
  Source   : x= -10.000, y=  55.000, z=   0.000
  Object   : x=   0.001, y=  29.992, z= 560.197
  Detector : x=   8.000, y=  20.000, z= 760.000
  Obj rotY :   0.0000 deg
view   0 | SOD= 560.845 mm | SDD= 761.018 mm | M= 1.357 | incident=2.9645°
[[ 135.13544    -543.7467      -25.007618  ]
 [ -43.91766     195.0794        9.992382  ]
 [   0.14451626    0.03866794    0.        ]
 [   0.            0.            0.1496    ]]
Residual vector length: 90, Jacobian shape: (90, 6)
view   0 | SOD= 560.806 mm | SDD= 761.018 mm | M= 1.357 | incident=2.9645°
[[ 134.97626    -543.746       -25.00631   ]
 [ -43.873478    195.12938       9.9936905 ]
 [   0.1445269     0.03862816    0.        ]
 [   0.            0.            0.1496    ]]

iter 24 cost=0.235946 -> 0.183969 |dtheta|=4.006544e-02  lambda=1.000e-06

============================================================
Iteration 25
============================================================
Theta offsets (Unity frame):
  Source   : dSx=   0.000, dSy=   0.000, dSz=   0.000  (mm)
  Object   : dOx= -14.999, dOy= -12.006, dOz= -21.840  (mm)
  Object offset: offset_x=   0.001, offset_z=  -0.001  (mm)
  Detector : dDx=   0.000, dDy=   0.000, dDz=   0.000  (mm)
  Obj Stage rotY :   14.964 deg
============================================================

Unity geometry (world coordinates):
  Source   : x= -10.000, y=  55.000, z=   0.000
  Object   : x=   0.001, y=  29.994, z= 560.160
  Detector : x=   8.000, y=  20.000, z= 760.000
  Obj rotY :   0.0000 deg
view   0 | SOD= 560.806 mm | SDD= 761.018 mm | M= 1.357 | incident=2.9645°
[[ 134.97626    -543.746       -25.00631   ]
 [ -43.873478    195.12938       9.9936905 ]
 [   0.1445269     0.03862816    0.        ]
 [   0.            0.            0.1496    ]]
Residual vector length: 90, Jacobian shape: (90, 6)
view   0 | SOD= 560.800 mm | SDD= 761.018 mm | M= 1.357 | incident=2.9645°
[[ 135.11238    -543.7061      -25.006527  ]
 [ -43.922924    195.1243        9.993473  ]
 [   0.1445172     0.03866446    0.        ]
 [   0.            0.            0.1496    ]]

iter 25 cost=0.183969 -> 0.175546 |dtheta|=1.587090e-02  lambda=1.000e-06

============================================================
Iteration 26
============================================================
Theta offsets (Unity frame):
  Source   : dSx=   0.000, dSy=   0.000, dSz=   0.000  (mm)
  Object   : dOx= -14.999, dOy= -12.007, dOz= -21.847  (mm)
  Object offset: offset_x=  -0.001, offset_z=  -0.000  (mm)
  Detector : dDx=   0.000, dDy=   0.000, dDz=   0.000  (mm)
  Obj Stage rotY :   14.978 deg
============================================================

Unity geometry (world coordinates):
  Source   : x= -10.000, y=  55.000, z=   0.000
  Object   : x=   0.001, y=  29.993, z= 560.153
  Detector : x=   8.000, y=  20.000, z= 760.000
  Obj rotY :   0.0000 deg
view   0 | SOD= 560.800 mm | SDD= 761.018 mm | M= 1.357 | incident=2.9645°
[[ 135.11238    -543.7061      -25.006527  ]
 [ -43.922924    195.1243        9.993473  ]
 [   0.1445172     0.03866446    0.        ]
 [   0.            0.            0.1496    ]]
Residual vector length: 90, Jacobian shape: (90, 6)
view   0 | SOD= 560.794 mm | SDD= 761.018 mm | M= 1.357 | incident=2.9645°
[[ 135.04028    -543.71735     -25.005764  ]
 [ -43.899776    195.13612       9.994236  ]
 [   0.14452218    0.03864583    0.        ]
 [   0.            0.            0.1496    ]]

iter 26 cost=0.175546 -> 0.158201 |dtheta|=9.818333e-03  lambda=1.000e-06

============================================================
Iteration 27
============================================================
Theta offsets (Unity frame):
  Source   : dSx=   0.000, dSy=   0.000, dSz=   0.000  (mm)
  Object   : dOx= -15.000, dOy= -12.006, dOz= -21.853  (mm)
  Object offset: offset_x=   0.000, offset_z=  -0.000  (mm)
  Detector : dDx=   0.000, dDy=   0.000, dDz=   0.000  (mm)
  Obj Stage rotY :   14.971 deg
============================================================

Unity geometry (world coordinates):
  Source   : x= -10.000, y=  55.000, z=   0.000
  Object   : x=   0.000, y=  29.994, z= 560.147
  Detector : x=   8.000, y=  20.000, z= 760.000
  Obj rotY :   0.0000 deg
view   0 | SOD= 560.794 mm | SDD= 761.018 mm | M= 1.357 | incident=2.9645°
[[ 135.04028    -543.71735     -25.005764  ]
 [ -43.899776    195.13612       9.994236  ]
 [   0.14452218    0.03864583    0.        ]
 [   0.            0.            0.1496    ]]
Residual vector length: 90, Jacobian shape: (90, 6)
view   0 | SOD= 560.772 mm | SDD= 761.018 mm | M= 1.357 | incident=2.9645°
[[ 135.04524    -543.6933      -25.004955  ]
 [ -43.908962    195.15675       9.995045  ]
 [   0.14452143    0.0386486     0.        ]
 [   0.            0.            0.1496    ]]

iter 27 cost=0.158201 -> 0.170239 |dtheta|=2.071950e-02  lambda=1.000e-06

============================================================
Iteration 28
============================================================
Theta offsets (Unity frame):
  Source   : dSx=   0.000, dSy=   0.000, dSz=   0.000  (mm)
  Object   : dOx= -15.000, dOy= -12.006, dOz= -21.853  (mm)
  Object offset: offset_x=   0.000, offset_z=  -0.000  (mm)
  Detector : dDx=   0.000, dDy=   0.000, dDz=   0.000  (mm)
  Obj Stage rotY :   14.971 deg
============================================================

Unity geometry (world coordinates):
  Source   : x= -10.000, y=  55.000, z=   0.000
  Object   : x=   0.000, y=  29.994, z= 560.147
  Detector : x=   8.000, y=  20.000, z= 760.000
  Obj rotY :   0.0000 deg
view   0 | SOD= 560.794 mm | SDD= 761.018 mm | M= 1.357 | incident=2.9645°
[[ 135.04028    -543.71735     -25.005764  ]
 [ -43.899776    195.13612       9.994236  ]
 [   0.14452218    0.03864583    0.        ]
 [   0.            0.            0.1496    ]]
Residual vector length: 90, Jacobian shape: (90, 6)
view   0 | SOD= 560.772 mm | SDD= 761.018 mm | M= 1.357 | incident=2.9645°
[[ 135.04524    -543.6933      -25.004955  ]
 [ -43.908962    195.15675       9.995045  ]
 [   0.14452143    0.0386486     0.        ]
 [   0.            0.            0.1496    ]]

iter 28 cost=0.158201 -> 0.170239 |dtheta|=2.071950e-02  lambda=5.000e-06

============================================================
Iteration 29
============================================================
Theta offsets (Unity frame):
  Source   : dSx=   0.000, dSy=   0.000, dSz=   0.000  (mm)
  Object   : dOx= -15.000, dOy= -12.006, dOz= -21.853  (mm)
  Object offset: offset_x=   0.000, offset_z=  -0.000  (mm)
  Detector : dDx=   0.000, dDy=   0.000, dDz=   0.000  (mm)
  Obj Stage rotY :   14.971 deg
============================================================

Unity geometry (world coordinates):
  Source   : x= -10.000, y=  55.000, z=   0.000
  Object   : x=   0.000, y=  29.994, z= 560.147
  Detector : x=   8.000, y=  20.000, z= 760.000
  Obj rotY :   0.0000 deg
view   0 | SOD= 560.794 mm | SDD= 761.018 mm | M= 1.357 | incident=2.9645°
[[ 135.04028    -543.71735     -25.005764  ]
 [ -43.899776    195.13612       9.994236  ]
 [   0.14452218    0.03864583    0.        ]
 [   0.            0.            0.1496    ]]
Residual vector length: 90, Jacobian shape: (90, 6)
view   0 | SOD= 560.772 mm | SDD= 761.018 mm | M= 1.357 | incident=2.9645°
[[ 135.04524    -543.6933      -25.004955  ]
 [ -43.908962    195.15675       9.995045  ]
 [   0.14452143    0.0386486     0.        ]
 [   0.            0.            0.1496    ]]

iter 29 cost=0.158201 -> 0.170239 |dtheta|=2.071948e-02  lambda=2.500e-05

============================================================
Iteration 30
============================================================
Theta offsets (Unity frame):
  Source   : dSx=   0.000, dSy=   0.000, dSz=   0.000  (mm)
  Object   : dOx= -15.000, dOy= -12.006, dOz= -21.853  (mm)
  Object offset: offset_x=   0.000, offset_z=  -0.000  (mm)
  Detector : dDx=   0.000, dDy=   0.000, dDz=   0.000  (mm)
  Obj Stage rotY :   14.971 deg
============================================================

Unity geometry (world coordinates):
  Source   : x= -10.000, y=  55.000, z=   0.000
  Object   : x=   0.000, y=  29.994, z= 560.147
  Detector : x=   8.000, y=  20.000, z= 760.000
  Obj rotY :   0.0000 deg
view   0 | SOD= 560.794 mm | SDD= 761.018 mm | M= 1.357 | incident=2.9645°
[[ 135.04028    -543.71735     -25.005764  ]
 [ -43.899776    195.13612       9.994236  ]
 [   0.14452218    0.03864583    0.        ]
 [   0.            0.            0.1496    ]]
Residual vector length: 90, Jacobian shape: (90, 6)
view   0 | SOD= 560.772 mm | SDD= 761.018 mm | M= 1.357 | incident=2.9645°
[[ 135.04524    -543.6933      -25.004955  ]
 [ -43.908962    195.15675       9.995045  ]
 [   0.14452143    0.0386486     0.        ]
 [   0.            0.            0.1496    ]]

iter 30 cost=0.158201 -> 0.170239 |dtheta|=2.071942e-02  lambda=1.250e-04

============================================================
Iteration 31
============================================================
Theta offsets (Unity frame):
  Source   : dSx=   0.000, dSy=   0.000, dSz=   0.000  (mm)
  Object   : dOx= -15.000, dOy= -12.006, dOz= -21.853  (mm)
  Object offset: offset_x=   0.000, offset_z=  -0.000  (mm)
  Detector : dDx=   0.000, dDy=   0.000, dDz=   0.000  (mm)
  Obj Stage rotY :   14.971 deg
============================================================

Unity geometry (world coordinates):
  Source   : x= -10.000, y=  55.000, z=   0.000
  Object   : x=   0.000, y=  29.994, z= 560.147
  Detector : x=   8.000, y=  20.000, z= 760.000
  Obj rotY :   0.0000 deg
view   0 | SOD= 560.794 mm | SDD= 761.018 mm | M= 1.357 | incident=2.9645°
[[ 135.04028    -543.71735     -25.005764  ]
 [ -43.899776    195.13612       9.994236  ]
 [   0.14452218    0.03864583    0.        ]
 [   0.            0.            0.1496    ]]
Residual vector length: 90, Jacobian shape: (90, 6)
view   0 | SOD= 560.772 mm | SDD= 761.018 mm | M= 1.357 | incident=2.9645°
[[ 135.04524    -543.6933      -25.004955  ]
 [ -43.908962    195.15675       9.995045  ]
 [   0.14452143    0.0386486     0.        ]
 [   0.            0.            0.1496    ]]

iter 31 cost=0.158201 -> 0.170239 |dtheta|=2.071910e-02  lambda=6.250e-04

============================================================
Iteration 32
============================================================
Theta offsets (Unity frame):
  Source   : dSx=   0.000, dSy=   0.000, dSz=   0.000  (mm)
  Object   : dOx= -15.000, dOy= -12.006, dOz= -21.853  (mm)
  Object offset: offset_x=   0.000, offset_z=  -0.000  (mm)
  Detector : dDx=   0.000, dDy=   0.000, dDz=   0.000  (mm)
  Obj Stage rotY :   14.971 deg
============================================================

Unity geometry (world coordinates):
  Source   : x= -10.000, y=  55.000, z=   0.000
  Object   : x=   0.000, y=  29.994, z= 560.147
  Detector : x=   8.000, y=  20.000, z= 760.000
  Obj rotY :   0.0000 deg
view   0 | SOD= 560.794 mm | SDD= 761.018 mm | M= 1.357 | incident=2.9645°
[[ 135.04028    -543.71735     -25.005764  ]
 [ -43.899776    195.13612       9.994236  ]
 [   0.14452218    0.03864583    0.        ]
 [   0.            0.            0.1496    ]]
Residual vector length: 90, Jacobian shape: (90, 6)
view   0 | SOD= 560.772 mm | SDD= 761.018 mm | M= 1.357 | incident=2.9645°
[[ 135.04524    -543.6933      -25.004955  ]
 [ -43.908962    195.15675       9.995045  ]
 [   0.14452143    0.0386486     0.        ]
 [   0.            0.            0.1496    ]]

iter 32 cost=0.158201 -> 0.170239 |dtheta|=2.071750e-02  lambda=3.125e-03

============================================================
Iteration 33
============================================================
Theta offsets (Unity frame):
  Source   : dSx=   0.000, dSy=   0.000, dSz=   0.000  (mm)
  Object   : dOx= -15.000, dOy= -12.006, dOz= -21.853  (mm)
  Object offset: offset_x=   0.000, offset_z=  -0.000  (mm)
  Detector : dDx=   0.000, dDy=   0.000, dDz=   0.000  (mm)
  Obj Stage rotY :   14.971 deg
============================================================

Unity geometry (world coordinates):
  Source   : x= -10.000, y=  55.000, z=   0.000
  Object   : x=   0.000, y=  29.994, z= 560.147
  Detector : x=   8.000, y=  20.000, z= 760.000
  Obj rotY :   0.0000 deg
view   0 | SOD= 560.794 mm | SDD= 761.018 mm | M= 1.357 | incident=2.9645°
[[ 135.04028    -543.71735     -25.005764  ]
 [ -43.899776    195.13612       9.994236  ]
 [   0.14452218    0.03864583    0.        ]
 [   0.            0.            0.1496    ]]
Residual vector length: 90, Jacobian shape: (90, 6)
view   0 | SOD= 560.772 mm | SDD= 761.018 mm | M= 1.357 | incident=2.9645°
[[ 135.04523    -543.6933      -25.004955  ]
 [ -43.908962    195.15675       9.995045  ]
 [   0.14452143    0.03864859    0.        ]
 [   0.            0.            0.1496    ]]

iter 33 cost=0.158201 -> 0.170239 |dtheta|=2.070953e-02  lambda=1.562e-02

============================================================
Iteration 34
============================================================
Theta offsets (Unity frame):
  Source   : dSx=   0.000, dSy=   0.000, dSz=   0.000  (mm)
  Object   : dOx= -15.000, dOy= -12.006, dOz= -21.853  (mm)
  Object offset: offset_x=   0.000, offset_z=  -0.000  (mm)
  Detector : dDx=   0.000, dDy=   0.000, dDz=   0.000  (mm)
  Obj Stage rotY :   14.971 deg
============================================================

Unity geometry (world coordinates):
  Source   : x= -10.000, y=  55.000, z=   0.000
  Object   : x=   0.000, y=  29.994, z= 560.147
  Detector : x=   8.000, y=  20.000, z= 760.000
  Obj rotY :   0.0000 deg
view   0 | SOD= 560.794 mm | SDD= 761.018 mm | M= 1.357 | incident=2.9645°
[[ 135.04028    -543.71735     -25.005764  ]
 [ -43.899776    195.13612       9.994236  ]
 [   0.14452218    0.03864583    0.        ]
 [   0.            0.            0.1496    ]]
Residual vector length: 90, Jacobian shape: (90, 6)
view   0 | SOD= 560.772 mm | SDD= 761.018 mm | M= 1.357 | incident=2.9645°
[[ 135.04523    -543.69336     -25.004957  ]
 [ -43.90894     195.1567        9.995043  ]
 [   0.14452145    0.03864859    0.        ]
 [   0.            0.            0.1496    ]]

iter 34 cost=0.158201 -> 0.168706 |dtheta|=2.066975e-02  lambda=7.812e-02

============================================================
Iteration 35
============================================================
Theta offsets (Unity frame):
  Source   : dSx=   0.000, dSy=   0.000, dSz=   0.000  (mm)
  Object   : dOx= -15.000, dOy= -12.006, dOz= -21.853  (mm)
  Object offset: offset_x=   0.000, offset_z=  -0.000  (mm)
  Detector : dDx=   0.000, dDy=   0.000, dDz=   0.000  (mm)
  Obj Stage rotY :   14.971 deg
============================================================

Unity geometry (world coordinates):
  Source   : x= -10.000, y=  55.000, z=   0.000
  Object   : x=   0.000, y=  29.994, z= 560.147
  Detector : x=   8.000, y=  20.000, z= 760.000
  Obj rotY :   0.0000 deg
view   0 | SOD= 560.794 mm | SDD= 761.018 mm | M= 1.357 | incident=2.9645°
[[ 135.04028    -543.71735     -25.005764  ]
 [ -43.899776    195.13612       9.994236  ]
 [   0.14452218    0.03864583    0.        ]
 [   0.            0.            0.1496    ]]
Residual vector length: 90, Jacobian shape: (90, 6)
view   0 | SOD= 560.772 mm | SDD= 761.018 mm | M= 1.357 | incident=2.9645°
[[ 135.04517    -543.69354     -25.004967  ]
 [ -43.90886     195.15652       9.995033  ]
 [   0.14452145    0.03864856    0.        ]
 [   0.            0.            0.1496    ]]

iter 35 cost=0.158201 -> 0.168706 |dtheta|=2.047312e-02  lambda=3.906e-01

============================================================
Iteration 36
============================================================
Theta offsets (Unity frame):
  Source   : dSx=   0.000, dSy=   0.000, dSz=   0.000  (mm)
  Object   : dOx= -15.000, dOy= -12.006, dOz= -21.853  (mm)
  Object offset: offset_x=   0.000, offset_z=  -0.000  (mm)
  Detector : dDx=   0.000, dDy=   0.000, dDz=   0.000  (mm)
  Obj Stage rotY :   14.971 deg
============================================================

Unity geometry (world coordinates):
  Source   : x= -10.000, y=  55.000, z=   0.000
  Object   : x=   0.000, y=  29.994, z= 560.147
  Detector : x=   8.000, y=  20.000, z= 760.000
  Obj rotY :   0.0000 deg
view   0 | SOD= 560.794 mm | SDD= 761.018 mm | M= 1.357 | incident=2.9645°
[[ 135.04028    -543.71735     -25.005764  ]
 [ -43.899776    195.13612       9.994236  ]
 [   0.14452218    0.03864583    0.        ]
 [   0.            0.            0.1496    ]]
Residual vector length: 90, Jacobian shape: (90, 6)
view   0 | SOD= 560.773 mm | SDD= 761.018 mm | M= 1.357 | incident=2.9645°
[[ 135.04495    -543.69464     -25.005009  ]
 [ -43.908463    195.15562       9.994991  ]
 [   0.14452147    0.03864844    0.        ]
 [   0.            0.            0.1496    ]]

iter 36 cost=0.158201 -> 0.165745 |dtheta|=1.954372e-02  lambda=1.953e+00

============================================================
Iteration 37
============================================================
Theta offsets (Unity frame):
  Source   : dSx=   0.000, dSy=   0.000, dSz=   0.000  (mm)
  Object   : dOx= -15.000, dOy= -12.006, dOz= -21.853  (mm)
  Object offset: offset_x=   0.000, offset_z=  -0.000  (mm)
  Detector : dDx=   0.000, dDy=   0.000, dDz=   0.000  (mm)
  Obj Stage rotY :   14.971 deg
============================================================

Unity geometry (world coordinates):
  Source   : x= -10.000, y=  55.000, z=   0.000
  Object   : x=   0.000, y=  29.994, z= 560.147
  Detector : x=   8.000, y=  20.000, z= 760.000
  Obj rotY :   0.0000 deg
view   0 | SOD= 560.794 mm | SDD= 761.018 mm | M= 1.357 | incident=2.9645°
[[ 135.04028    -543.71735     -25.005764  ]
 [ -43.899776    195.13612       9.994236  ]
 [   0.14452218    0.03864583    0.        ]
 [   0.            0.            0.1496    ]]
Residual vector length: 90, Jacobian shape: (90, 6)
view   0 | SOD= 560.777 mm | SDD= 761.018 mm | M= 1.357 | incident=2.9645°
[[ 135.04404    -543.69867     -25.005173  ]
 [ -43.906937    195.15215       9.994827  ]
 [   0.14452161    0.03864796    0.        ]
 [   0.            0.            0.1496    ]]

iter 37 cost=0.158201 -> 0.166591 |dtheta|=1.593110e-02  lambda=9.766e+00

============================================================
Iteration 38
============================================================
Theta offsets (Unity frame):
  Source   : dSx=   0.000, dSy=   0.000, dSz=   0.000  (mm)
  Object   : dOx= -15.000, dOy= -12.006, dOz= -21.853  (mm)
  Object offset: offset_x=   0.000, offset_z=  -0.000  (mm)
  Detector : dDx=   0.000, dDy=   0.000, dDz=   0.000  (mm)
  Obj Stage rotY :   14.971 deg
============================================================

Unity geometry (world coordinates):
  Source   : x= -10.000, y=  55.000, z=   0.000
  Object   : x=   0.000, y=  29.994, z= 560.147
  Detector : x=   8.000, y=  20.000, z= 760.000
  Obj rotY :   0.0000 deg
view   0 | SOD= 560.794 mm | SDD= 761.018 mm | M= 1.357 | incident=2.9645°
[[ 135.04028    -543.71735     -25.005764  ]
 [ -43.899776    195.13612       9.994236  ]
 [   0.14452218    0.03864583    0.        ]
 [   0.            0.            0.1496    ]]
Residual vector length: 90, Jacobian shape: (90, 6)
view   0 | SOD= 560.785 mm | SDD= 761.018 mm | M= 1.357 | incident=2.9645°
[[ 135.04205    -543.70734     -25.005518  ]
 [ -43.903667    195.14474       9.994482  ]
 [   0.14452188    0.03864694    0.        ]
 [   0.            0.            0.1496    ]]

iter 38 cost=0.158201 -> 0.168582 |dtheta|=8.304903e-03  lambda=4.883e+01

============================================================
Iteration 39
============================================================
Theta offsets (Unity frame):
  Source   : dSx=   0.000, dSy=   0.000, dSz=   0.000  (mm)
  Object   : dOx= -15.000, dOy= -12.006, dOz= -21.853  (mm)
  Object offset: offset_x=   0.000, offset_z=  -0.000  (mm)
  Detector : dDx=   0.000, dDy=   0.000, dDz=   0.000  (mm)
  Obj Stage rotY :   14.971 deg
============================================================

Unity geometry (world coordinates):
  Source   : x= -10.000, y=  55.000, z=   0.000
  Object   : x=   0.000, y=  29.994, z= 560.147
  Detector : x=   8.000, y=  20.000, z= 760.000
  Obj rotY :   0.0000 deg
view   0 | SOD= 560.794 mm | SDD= 761.018 mm | M= 1.357 | incident=2.9645°
[[ 135.04028    -543.71735     -25.005764  ]
 [ -43.899776    195.13612       9.994236  ]
 [   0.14452218    0.03864583    0.        ]
 [   0.            0.            0.1496    ]]
Residual vector length: 90, Jacobian shape: (90, 6)
view   0 | SOD= 560.791 mm | SDD= 761.018 mm | M= 1.357 | incident=2.9645°
[[ 135.04047    -543.71405     -25.00578   ]
 [ -43.901104    195.13907       9.994221  ]
 [   0.1445221     0.03864613    0.        ]
 [   0.            0.            0.1496    ]]

iter 39 cost=0.158201 -> 0.159719 |dtheta|=2.553184e-03  lambda=2.441e+02

============================================================
Iteration 40
============================================================
Theta offsets (Unity frame):
  Source   : dSx=   0.000, dSy=   0.000, dSz=   0.000  (mm)
  Object   : dOx= -15.000, dOy= -12.006, dOz= -21.853  (mm)
  Object offset: offset_x=   0.000, offset_z=  -0.000  (mm)
  Detector : dDx=   0.000, dDy=   0.000, dDz=   0.000  (mm)
  Obj Stage rotY :   14.971 deg
============================================================

Unity geometry (world coordinates):
  Source   : x= -10.000, y=  55.000, z=   0.000
  Object   : x=   0.000, y=  29.994, z= 560.147
  Detector : x=   8.000, y=  20.000, z= 760.000
  Obj rotY :   0.0000 deg
view   0 | SOD= 560.794 mm | SDD= 761.018 mm | M= 1.357 | incident=2.9645°
[[ 135.04028    -543.71735     -25.005764  ]
 [ -43.899776    195.13612       9.994236  ]
 [   0.14452218    0.03864583    0.        ]
 [   0.            0.            0.1496    ]]
Residual vector length: 90, Jacobian shape: (90, 6)
view   0 | SOD= 560.793 mm | SDD= 761.018 mm | M= 1.357 | incident=2.9645°
[[ 135.04008    -543.71643     -25.005844  ]
 [ -43.90017     195.13696       9.994156  ]
 [   0.14452216    0.03864587    0.        ]
 [   0.            0.            0.1496    ]]

iter 40 cost=0.158201 -> 0.160047 |dtheta|=7.364295e-04  lambda=1.221e+03

============================================================
Iteration 41
============================================================
Theta offsets (Unity frame):
  Source   : dSx=   0.000, dSy=   0.000, dSz=   0.000  (mm)
  Object   : dOx= -15.000, dOy= -12.006, dOz= -21.853  (mm)
  Object offset: offset_x=   0.000, offset_z=  -0.000  (mm)
  Detector : dDx=   0.000, dDy=   0.000, dDz=   0.000  (mm)
  Obj Stage rotY :   14.971 deg
============================================================

Unity geometry (world coordinates):
  Source   : x= -10.000, y=  55.000, z=   0.000
  Object   : x=   0.000, y=  29.994, z= 560.147
  Detector : x=   8.000, y=  20.000, z= 760.000
  Obj rotY :   0.0000 deg
view   0 | SOD= 560.794 mm | SDD= 761.018 mm | M= 1.357 | incident=2.9645°
[[ 135.04028    -543.71735     -25.005764  ]
 [ -43.899776    195.13612       9.994236  ]
 [   0.14452218    0.03864583    0.        ]
 [   0.            0.            0.1496    ]]
Residual vector length: 90, Jacobian shape: (90, 6)
view   0 | SOD= 560.794 mm | SDD= 761.018 mm | M= 1.357 | incident=2.9645°
[[ 135.04019    -543.71716     -25.00581   ]
 [ -43.899876    195.13628       9.99419   ]
 [   0.14452218    0.03864583    0.        ]
 [   0.            0.            0.1496    ]]

iter 41 cost=0.158201 -> 0.161631 |dtheta|=2.134682e-04  lambda=6.104e+03

============================================================
Iteration 42
============================================================
Theta offsets (Unity frame):
  Source   : dSx=   0.000, dSy=   0.000, dSz=   0.000  (mm)
  Object   : dOx= -15.000, dOy= -12.006, dOz= -21.853  (mm)
  Object offset: offset_x=   0.000, offset_z=  -0.000  (mm)
  Detector : dDx=   0.000, dDy=   0.000, dDz=   0.000  (mm)
  Obj Stage rotY :   14.971 deg
============================================================

Unity geometry (world coordinates):
  Source   : x= -10.000, y=  55.000, z=   0.000
  Object   : x=   0.000, y=  29.994, z= 560.147
  Detector : x=   8.000, y=  20.000, z= 760.000
  Obj rotY :   0.0000 deg
view   0 | SOD= 560.794 mm | SDD= 761.018 mm | M= 1.357 | incident=2.9645°
[[ 135.04028    -543.71735     -25.005764  ]
 [ -43.899776    195.13612       9.994236  ]
 [   0.14452218    0.03864583    0.        ]
 [   0.            0.            0.1496    ]]
Residual vector length: 90, Jacobian shape: (90, 6)
view   0 | SOD= 560.794 mm | SDD= 761.018 mm | M= 1.357 | incident=2.9645°
[[ 135.04025    -543.7173      -25.005777  ]
 [ -43.899803    195.13617       9.994223  ]
 [   0.14452218    0.03864583    0.        ]
 [   0.            0.            0.1496    ]]

iter 42 cost=0.158201 -> 0.158201 |dtheta|=4.953483e-05  lambda=3.052e+04

============================================================
Iteration 43
============================================================
Theta offsets (Unity frame):
  Source   : dSx=   0.000, dSy=   0.000, dSz=   0.000  (mm)
  Object   : dOx= -15.000, dOy= -12.006, dOz= -21.853  (mm)
  Object offset: offset_x=   0.000, offset_z=  -0.000  (mm)
  Detector : dDx=   0.000, dDy=   0.000, dDz=   0.000  (mm)
  Obj Stage rotY :   14.971 deg
============================================================

Unity geometry (world coordinates):
  Source   : x= -10.000, y=  55.000, z=   0.000
  Object   : x=   0.000, y=  29.994, z= 560.147
  Detector : x=   8.000, y=  20.000, z= 760.000
  Obj rotY :   0.0000 deg
view   0 | SOD= 560.794 mm | SDD= 761.018 mm | M= 1.357 | incident=2.9645°
[[ 135.04028    -543.71735     -25.005764  ]
 [ -43.899776    195.13612       9.994236  ]
 [   0.14452218    0.03864583    0.        ]
 [   0.            0.            0.1496    ]]
Residual vector length: 90, Jacobian shape: (90, 6)
view   0 | SOD= 560.794 mm | SDD= 761.018 mm | M= 1.357 | incident=2.9645°
[[ 135.04028    -543.71735     -25.005768  ]
 [ -43.899776    195.13612       9.994232  ]
 [   0.14452218    0.03864583    0.        ]
 [   0.            0.            0.1496    ]]

iter 43 cost=0.158201 -> 0.158201 |dtheta|=1.027499e-05  lambda=1.526e+05

============================================================
Iteration 44
============================================================
Theta offsets (Unity frame):
  Source   : dSx=   0.000, dSy=   0.000, dSz=   0.000  (mm)
  Object   : dOx= -15.000, dOy= -12.006, dOz= -21.853  (mm)
  Object offset: offset_x=   0.000, offset_z=  -0.000  (mm)
  Detector : dDx=   0.000, dDy=   0.000, dDz=   0.000  (mm)
  Obj Stage rotY :   14.971 deg
============================================================

Unity geometry (world coordinates):
  Source   : x= -10.000, y=  55.000, z=   0.000
  Object   : x=   0.000, y=  29.994, z= 560.147
  Detector : x=   8.000, y=  20.000, z= 760.000
  Obj rotY :   0.0000 deg
view   0 | SOD= 560.794 mm | SDD= 761.018 mm | M= 1.357 | incident=2.9645°
[[ 135.04028    -543.71735     -25.005764  ]
 [ -43.899776    195.13612       9.994236  ]
 [   0.14452218    0.03864583    0.        ]
 [   0.            0.            0.1496    ]]
Residual vector length: 90, Jacobian shape: (90, 6)
view   0 | SOD= 560.794 mm | SDD= 761.018 mm | M= 1.357 | incident=2.9645°
[[ 135.04028    -543.71735     -25.005764  ]
 [ -43.899776    195.13612       9.994236  ]
 [   0.14452218    0.03864583    0.        ]
 [   0.            0.            0.1496    ]]

iter 44 cost=0.158201 -> 0.158201 |dtheta|=2.070769e-06  lambda=7.629e+05

============================================================
Iteration 45
============================================================
Theta offsets (Unity frame):
  Source   : dSx=   0.000, dSy=   0.000, dSz=   0.000  (mm)
  Object   : dOx= -15.000, dOy= -12.006, dOz= -21.853  (mm)
  Object offset: offset_x=   0.000, offset_z=  -0.000  (mm)
  Detector : dDx=   0.000, dDy=   0.000, dDz=   0.000  (mm)
  Obj Stage rotY :   14.971 deg
============================================================

Unity geometry (world coordinates):
  Source   : x= -10.000, y=  55.000, z=   0.000
  Object   : x=   0.000, y=  29.994, z= 560.147
  Detector : x=   8.000, y=  20.000, z= 760.000
  Obj rotY :   0.0000 deg
view   0 | SOD= 560.794 mm | SDD= 761.018 mm | M= 1.357 | incident=2.9645°
[[ 135.04028    -543.71735     -25.005764  ]
 [ -43.899776    195.13612       9.994236  ]
 [   0.14452218    0.03864583    0.        ]
 [   0.            0.            0.1496    ]]
Residual vector length: 90, Jacobian shape: (90, 6)
view   0 | SOD= 560.794 mm | SDD= 761.018 mm | M= 1.357 | incident=2.9645°
[[ 135.04028    -543.71735     -25.005764  ]
 [ -43.899776    195.13612       9.994236  ]
 [   0.14452218    0.03864583    0.        ]
 [   0.            0.            0.1496    ]]

iter 45 cost=0.158201 -> 0.158201 |dtheta|=1.580594e-06  lambda=1.000e+06

============================================================
Iteration 46
============================================================
Theta offsets (Unity frame):
  Source   : dSx=   0.000, dSy=   0.000, dSz=   0.000  (mm)
  Object   : dOx= -15.000, dOy= -12.006, dOz= -21.853  (mm)
  Object offset: offset_x=   0.000, offset_z=  -0.000  (mm)
  Detector : dDx=   0.000, dDy=   0.000, dDz=   0.000  (mm)
  Obj Stage rotY :   14.971 deg
============================================================

Unity geometry (world coordinates):
  Source   : x= -10.000, y=  55.000, z=   0.000
  Object   : x=   0.000, y=  29.994, z= 560.147
  Detector : x=   8.000, y=  20.000, z= 760.000
  Obj rotY :   0.0000 deg
view   0 | SOD= 560.794 mm | SDD= 761.018 mm | M= 1.357 | incident=2.9645°
[[ 135.04028    -543.71735     -25.005764  ]
 [ -43.899776    195.13612       9.994236  ]
 [   0.14452218    0.03864583    0.        ]
 [   0.            0.            0.1496    ]]
Residual vector length: 90, Jacobian shape: (90, 6)
view   0 | SOD= 560.794 mm | SDD= 761.018 mm | M= 1.357 | incident=2.9645°
[[ 135.04028    -543.71735     -25.005764  ]
 [ -43.899776    195.13612       9.994236  ]
 [   0.14452218    0.03864583    0.        ]
 [   0.            0.            0.1496    ]]

iter 46 cost=0.158201 -> 0.158201 |dtheta|=1.580594e-06  lambda=1.000e+06

============================================================
Iteration 47
============================================================
Theta offsets (Unity frame):
  Source   : dSx=   0.000, dSy=   0.000, dSz=   0.000  (mm)
  Object   : dOx= -15.000, dOy= -12.006, dOz= -21.853  (mm)
  Object offset: offset_x=   0.000, offset_z=  -0.000  (mm)
  Detector : dDx=   0.000, dDy=   0.000, dDz=   0.000  (mm)
  Obj Stage rotY :   14.971 deg
============================================================

Unity geometry (world coordinates):
  Source   : x= -10.000, y=  55.000, z=   0.000
  Object   : x=   0.000, y=  29.994, z= 560.147
  Detector : x=   8.000, y=  20.000, z= 760.000
  Obj rotY :   0.0000 deg
view   0 | SOD= 560.794 mm | SDD= 761.018 mm | M= 1.357 | incident=2.9645°
[[ 135.04028    -543.71735     -25.005764  ]
 [ -43.899776    195.13612       9.994236  ]
 [   0.14452218    0.03864583    0.        ]
 [   0.            0.            0.1496    ]]
Residual vector length: 90, Jacobian shape: (90, 6)
view   0 | SOD= 560.794 mm | SDD= 761.018 mm | M= 1.357 | incident=2.9645°
[[ 135.04028    -543.71735     -25.005764  ]
 [ -43.899776    195.13612       9.994236  ]
 [   0.14452218    0.03864583    0.        ]
 [   0.            0.            0.1496    ]]

iter 47 cost=0.158201 -> 0.158201 |dtheta|=1.580594e-06  lambda=1.000e+06

============================================================
Iteration 48
============================================================
Theta offsets (Unity frame):
  Source   : dSx=   0.000, dSy=   0.000, dSz=   0.000  (mm)
  Object   : dOx= -15.000, dOy= -12.006, dOz= -21.853  (mm)
  Object offset: offset_x=   0.000, offset_z=  -0.000  (mm)
  Detector : dDx=   0.000, dDy=   0.000, dDz=   0.000  (mm)
  Obj Stage rotY :   14.971 deg
============================================================

Unity geometry (world coordinates):
  Source   : x= -10.000, y=  55.000, z=   0.000
  Object   : x=   0.000, y=  29.994, z= 560.147
  Detector : x=   8.000, y=  20.000, z= 760.000
  Obj rotY :   0.0000 deg
view   0 | SOD= 560.794 mm | SDD= 761.018 mm | M= 1.357 | incident=2.9645°
[[ 135.04028    -543.71735     -25.005764  ]
 [ -43.899776    195.13612       9.994236  ]
 [   0.14452218    0.03864583    0.        ]
 [   0.            0.            0.1496    ]]
Residual vector length: 90, Jacobian shape: (90, 6)
view   0 | SOD= 560.794 mm | SDD= 761.018 mm | M= 1.357 | incident=2.9645°
[[ 135.04028    -543.71735     -25.005764  ]
 [ -43.899776    195.13612       9.994236  ]
 [   0.14452218    0.03864583    0.        ]
 [   0.            0.            0.1496    ]]

iter 48 cost=0.158201 -> 0.158201 |dtheta|=1.580594e-06  lambda=1.000e+06

============================================================
Iteration 49
============================================================
Theta offsets (Unity frame):
  Source   : dSx=   0.000, dSy=   0.000, dSz=   0.000  (mm)
  Object   : dOx= -15.000, dOy= -12.006, dOz= -21.853  (mm)
  Object offset: offset_x=   0.000, offset_z=  -0.000  (mm)
  Detector : dDx=   0.000, dDy=   0.000, dDz=   0.000  (mm)
  Obj Stage rotY :   14.971 deg
============================================================

Unity geometry (world coordinates):
  Source   : x= -10.000, y=  55.000, z=   0.000
  Object   : x=   0.000, y=  29.994, z= 560.147
  Detector : x=   8.000, y=  20.000, z= 760.000
  Obj rotY :   0.0000 deg
view   0 | SOD= 560.794 mm | SDD= 761.018 mm | M= 1.357 | incident=2.9645°
[[ 135.04028    -543.71735     -25.005764  ]
 [ -43.899776    195.13612       9.994236  ]
 [   0.14452218    0.03864583    0.        ]
 [   0.            0.            0.1496    ]]
Residual vector length: 90, Jacobian shape: (90, 6)
view   0 | SOD= 560.794 mm | SDD= 761.018 mm | M= 1.357 | incident=2.9645°
[[ 135.04028    -543.71735     -25.005764  ]
 [ -43.899776    195.13612       9.994236  ]
 [   0.14452218    0.03864583    0.        ]
 [   0.            0.            0.1496    ]]

iter 49 cost=0.158201 -> 0.158201 |dtheta|=1.580594e-06  lambda=1.000e+06

============================================================
Iteration 50
============================================================
Theta offsets (Unity frame):
  Source   : dSx=   0.000, dSy=   0.000, dSz=   0.000  (mm)
  Object   : dOx= -15.000, dOy= -12.006, dOz= -21.853  (mm)
  Object offset: offset_x=   0.000, offset_z=  -0.000  (mm)
  Detector : dDx=   0.000, dDy=   0.000, dDz=   0.000  (mm)
  Obj Stage rotY :   14.971 deg
============================================================

Unity geometry (world coordinates):
  Source   : x= -10.000, y=  55.000, z=   0.000
  Object   : x=   0.000, y=  29.994, z= 560.147
  Detector : x=   8.000, y=  20.000, z= 760.000
  Obj rotY :   0.0000 deg
view   0 | SOD= 560.794 mm | SDD= 761.018 mm | M= 1.357 | incident=2.9645°
[[ 135.04028    -543.71735     -25.005764  ]
 [ -43.899776    195.13612       9.994236  ]
 [   0.14452218    0.03864583    0.        ]
 [   0.            0.            0.1496    ]]
Residual vector length: 90, Jacobian shape: (90, 6)
view   0 | SOD= 560.794 mm | SDD= 761.018 mm | M= 1.357 | incident=2.9645°
[[ 135.04028    -543.71735     -25.005764  ]
 [ -43.899776    195.13612       9.994236  ]
 [   0.14452218    0.03864583    0.        ]
 [   0.            0.            0.1496    ]]

iter 50 cost=0.158201 -> 0.158201 |dtheta|=1.580594e-06  lambda=1.000e+06

============================================================
Iteration 51
============================================================
Theta offsets (Unity frame):
  Source   : dSx=   0.000, dSy=   0.000, dSz=   0.000  (mm)
  Object   : dOx= -15.000, dOy= -12.006, dOz= -21.853  (mm)
  Object offset: offset_x=   0.000, offset_z=  -0.000  (mm)
  Detector : dDx=   0.000, dDy=   0.000, dDz=   0.000  (mm)
  Obj Stage rotY :   14.971 deg
============================================================

Unity geometry (world coordinates):
  Source   : x= -10.000, y=  55.000, z=   0.000
  Object   : x=   0.000, y=  29.994, z= 560.147
  Detector : x=   8.000, y=  20.000, z= 760.000
  Obj rotY :   0.0000 deg
view   0 | SOD= 560.794 mm | SDD= 761.018 mm | M= 1.357 | incident=2.9645°
[[ 135.04028    -543.71735     -25.005764  ]
 [ -43.899776    195.13612       9.994236  ]
 [   0.14452218    0.03864583    0.        ]
 [   0.            0.            0.1496    ]]
Residual vector length: 90, Jacobian shape: (90, 6)
view   0 | SOD= 560.794 mm | SDD= 761.018 mm | M= 1.357 | incident=2.9645°
[[ 135.04028    -543.71735     -25.005764  ]
 [ -43.899776    195.13612       9.994236  ]
 [   0.14452218    0.03864583    0.        ]
 [   0.            0.            0.1496    ]]

iter 51 cost=0.158201 -> 0.158201 |dtheta|=1.580594e-06  lambda=1.000e+06
Stalled.

Estimated theta:
  dSx: +0.000000
  dSy: +0.000000
  dOx: -14.999611
  dOy: -12.005764
  dOz: -21.852876
  dDx: +0.000000
  dDy: +0.000000
  dDz: +0.000000
alpha: +1.497086e+01 deg)
offset_x: +0.000237
offset_z: -0.000314

Final cost table:
Fake theta: [  0.   0. -15. -12. -22.   0.   0.   0.  15.   0.   0.]
Final estimated theta: [  0.           0.         -14.99961062 -12.0057636  -21.85287597
   0.           0.           0.          14.9708596    0.00023651
  -0.00031444]
Diff from Expected: [ 0.          0.          0.00038938 -0.0057636   0.14712403  0.
  0.          0.         -0.0291404   0.00023651 -0.00031444]
################################################################################

