Phantom already exists, skipping: cuboid_phantom_3_small.npy

################################################################################
Running cuboid=small scenario=G3 N_ANGLES=15, K=3
view   0 | SOD= 556.844 mm | SDD= 802.742 mm | M= 1.442 | incident=4.7367°
[[ 239.08467    -500.88773     -45.        ]
 [-110.79194     218.66446      20.        ]
 [   0.13558364    0.06322369    0.        ]
 [   0.            0.            0.1496    ]]
           image          x1          y1  area1          x2          y2  area2          x3          y3  area3
0   proj_000.png  544.368421  219.792344   1045  489.044239  370.804527    972  544.408437  553.543624   1043
1   proj_001.png  501.134342  220.003784   1057  530.887195  370.542683    984  501.134597  553.820853   1055
2   proj_002.png  460.548170  219.303468   1038  570.096213  371.741044    977  460.517274  552.262956   1042
3   proj_003.png  430.154219  217.705141   1031  600.532729  373.970796    993  430.153623  548.859903   1035
4   proj_004.png  414.881092  215.674464   1026  616.757157  377.123396   1013  414.962246  544.457890   1033
5   proj_005.png  417.485265  213.552063   1018  615.817916  380.558909   1027  417.512745  539.657843   1020
6   proj_006.png  436.922535  211.649899    994  597.459693  383.689060   1042  436.910000  535.511000   1000
7   proj_007.png  469.470292  210.248741    993  564.647280  386.041276   1066  469.457795  532.471698   1007
8   proj_008.png  509.851815  209.709677    992  522.894249  387.008349   1078  509.798590  531.120846    993
9   proj_009.png  551.208835  210.018072    996  480.008467  386.543744   1063  551.184815  531.905095   1001
10  proj_010.png  586.905488  211.100610    984  443.636276  384.598848   1042  586.898492  534.187940    995
11  proj_011.png  610.613254  212.820969   1011  420.436416  381.678227   1038  610.604352  538.140455   1011
12  proj_012.png  618.589693  214.946482   1009  413.971457  378.355315   1016  618.542439  542.713171   1025
13  proj_013.png  608.682037  217.109510   1041  425.272727  374.974026   1001  608.737296  547.513902   1043
14  proj_014.png  582.594021  218.738669   1037  451.813075  372.290092    979  582.563531  551.352085   1031

============================================================
Iteration 0
============================================================
Theta offsets (Unity frame):
  Source   : dSx=   0.000, dSy=   0.000, dSz=   0.000  (mm)
  Object   : dOx=   0.000, dOy=   0.000, dOz=   0.000  (mm)
  Object offset: offset_x=   0.000, offset_z=   0.000  (mm)
  Detector : dDx=   0.000, dDy=   0.000, dDz=   0.000  (mm)
  Obj Stage rotY :    0.000 deg
============================================================

Unity geometry (world coordinates):
  Source   : x=   5.000, y=  60.000, z=   0.000
  Object   : x=  18.000, y=  23.000, z= 580.000
  Detector : x=  -8.000, y=  -5.000, z= 800.000
  Obj rotY :   0.0000 deg
view   0 | SOD= 581.324 mm | SDD= 802.742 mm | M= 1.381 | incident=4.7367°
[[ -13.     -580.      -37.    ]
 [ -26.      220.       28.    ]
 [   0.1496    0.        0.    ]
 [   0.        0.        0.1496]]
Residual vector length: 135, Jacobian shape: (135, 6)
view   0 | SOD= 568.972 mm | SDD= 802.742 mm | M= 1.411 | incident=4.7367°
[[ 102.84838    -557.8839      -43.77826   ]
 [ -50.27841     227.43204      21.22174   ]
 [   0.14728051    0.0262414     0.        ]
 [   0.            0.            0.1496    ]]

iter 00 cost=870637.677878 -> 34960.040299 |dtheta|=2.355042e+01  lambda=1.000e+00

============================================================
Iteration 1
============================================================
Theta offsets (Unity frame):
  Source   : dSx=   0.000, dSy=   0.000, dSz=   0.000  (mm)
  Object   : dOx= -15.694, dOy=  -6.778, dOz= -12.642  (mm)
  Object offset: offset_x=  -0.701, offset_z=  -0.083  (mm)
  Detector : dDx=   0.000, dDy=   0.000, dDz=   0.000  (mm)
  Obj Stage rotY :   10.103 deg
============================================================

Unity geometry (world coordinates):
  Source   : x=   5.000, y=  60.000, z=   0.000
  Object   : x=   2.306, y=  16.222, z= 567.358
  Detector : x=  -8.000, y=  -5.000, z= 800.000
  Obj rotY :   0.0000 deg
view   0 | SOD= 568.972 mm | SDD= 802.742 mm | M= 1.411 | incident=4.7367°
[[ 102.84838    -557.8839      -43.77826   ]
 [ -50.27841     227.43204      21.22174   ]
 [   0.14728051    0.0262414     0.        ]
 [   0.            0.            0.1496    ]]
Residual vector length: 135, Jacobian shape: (135, 6)
view   0 | SOD= 565.726 mm | SDD= 802.742 mm | M= 1.419 | incident=4.7367°
[[ 179.94026    -534.481       -44.68982   ]
 [ -80.74101     221.96742      20.31018   ]
 [   0.14221045    0.04643648    0.        ]
 [   0.            0.            0.1496    ]]

iter 01 cost=34960.040299 -> 5670.920458 |dtheta|=8.921762e+00  lambda=3.333e-01

============================================================
Iteration 2
============================================================
Theta offsets (Unity frame):
  Source   : dSx=   0.000, dSy=   0.000, dSz=   0.000  (mm)
  Object   : dOx= -17.793, dOy=  -7.690, dOz= -15.888  (mm)
  Object offset: offset_x=  -0.354, offset_z=  -0.178  (mm)
  Detector : dDx=   0.000, dDy=   0.000, dDz=   0.000  (mm)
  Obj Stage rotY :   18.084 deg
============================================================

Unity geometry (world coordinates):
  Source   : x=   5.000, y=  60.000, z=   0.000
  Object   : x=   0.207, y=  15.310, z= 564.112
  Detector : x=  -8.000, y=  -5.000, z= 800.000
  Obj rotY :   0.0000 deg
view   0 | SOD= 565.726 mm | SDD= 802.742 mm | M= 1.419 | incident=4.7367°
[[ 179.94026    -534.481       -44.68982   ]
 [ -80.74101     221.96742      20.31018   ]
 [   0.14221045    0.04643648    0.        ]
 [   0.            0.            0.1496    ]]
Residual vector length: 135, Jacobian shape: (135, 6)
view   0 | SOD= 563.696 mm | SDD= 802.742 mm | M= 1.424 | incident=4.7367°
[[ 214.04176    -519.5163      -45.193184  ]
 [ -96.01825     218.06879      19.806816  ]
 [   0.13883395    0.05572517    0.        ]
 [   0.            0.            0.1496    ]]

iter 02 cost=5670.920458 -> 1095.837318 |dtheta|=4.501458e+00  lambda=1.111e-01

============================================================
Iteration 3
============================================================
Theta offsets (Unity frame):
  Source   : dSx=   0.000, dSy=   0.000, dSz=   0.000  (mm)
  Object   : dOx= -18.027, dOy=  -8.193, dOz= -18.230  (mm)
  Object offset: offset_x=  -0.094, offset_z=   0.088  (mm)
  Detector : dDx=   0.000, dDy=   0.000, dDz=   0.000  (mm)
  Obj Stage rotY :   21.870 deg
============================================================

Unity geometry (world coordinates):
  Source   : x=   5.000, y=  60.000, z=   0.000
  Object   : x=  -0.027, y=  14.807, z= 561.770
  Detector : x=  -8.000, y=  -5.000, z= 800.000
  Obj rotY :   0.0000 deg
view   0 | SOD= 563.696 mm | SDD= 802.742 mm | M= 1.424 | incident=4.7367°
[[ 214.04176    -519.5163      -45.193184  ]
 [ -96.01825     218.06879      19.806816  ]
 [   0.13883395    0.05572517    0.        ]
 [   0.            0.            0.1496    ]]
Residual vector length: 135, Jacobian shape: (135, 6)
view   0 | SOD= 563.127 mm | SDD= 802.742 mm | M= 1.426 | incident=4.7367°
[[ 230.946      -511.5814      -45.394405  ]
 [-103.39385     215.32016      19.605595  ]
 [   0.13691041    0.06029676    0.        ]
 [   0.            0.            0.1496    ]]

iter 03 cost=1095.837318 -> 366.941183 |dtheta|=2.009614e+00  lambda=3.704e-02

============================================================
Iteration 4
============================================================
Theta offsets (Unity frame):
  Source   : dSx=   0.000, dSy=   0.000, dSz=   0.000  (mm)
  Object   : dOx= -18.116, dOy=  -8.394, dOz= -18.845  (mm)
  Object offset: offset_x=  -0.046, offset_z=   0.116  (mm)
  Detector : dDx=   0.000, dDy=   0.000, dDz=   0.000  (mm)
  Obj Stage rotY :   23.769 deg
============================================================

Unity geometry (world coordinates):
  Source   : x=   5.000, y=  60.000, z=   0.000
  Object   : x=  -0.116, y=  14.606, z= 561.155
  Detector : x=  -8.000, y=  -5.000, z= 800.000
  Obj rotY :   0.0000 deg
view   0 | SOD= 563.127 mm | SDD= 802.742 mm | M= 1.426 | incident=4.7367°
[[ 230.946      -511.5814      -45.394405  ]
 [-103.39385     215.32016      19.605595  ]
 [   0.13691041    0.06029676    0.        ]
 [   0.            0.            0.1496    ]]
Residual vector length: 135, Jacobian shape: (135, 6)
view   0 | SOD= 561.942 mm | SDD= 802.742 mm | M= 1.429 | incident=4.7367°
[[ 236.41524    -507.766       -45.38709   ]
 [-106.45519     215.15094      19.612911  ]
 [   0.1361914     0.06190366    0.        ]
 [   0.            0.            0.1496    ]]

iter 04 cost=366.941183 -> 188.341283 |dtheta|=1.287710e+00  lambda=1.235e-02

============================================================
Iteration 5
============================================================
Theta offsets (Unity frame):
  Source   : dSx=   0.000, dSy=   0.000, dSz=   0.000  (mm)
  Object   : dOx= -18.070, dOy=  -8.387, dOz= -19.937  (mm)
  Object offset: offset_x=  -0.044, offset_z=   0.019  (mm)
  Detector : dDx=   0.000, dDy=   0.000, dDz=   0.000  (mm)
  Obj Stage rotY :   24.443 deg
============================================================

Unity geometry (world coordinates):
  Source   : x=   5.000, y=  60.000, z=   0.000
  Object   : x=  -0.070, y=  14.613, z= 560.063
  Detector : x=  -8.000, y=  -5.000, z= 800.000
  Obj rotY :   0.0000 deg
view   0 | SOD= 561.942 mm | SDD= 802.742 mm | M= 1.429 | incident=4.7367°
[[ 236.41524    -507.766       -45.38709   ]
 [-106.45519     215.15094      19.612911  ]
 [   0.1361914     0.06190366    0.        ]
 [   0.            0.            0.1496    ]]
Residual vector length: 135, Jacobian shape: (135, 6)
view   0 | SOD= 561.525 mm | SDD= 802.742 mm | M= 1.430 | incident=4.7367°
[[ 237.68199    -506.7119      -45.395805  ]
 [-107.2744      215.21198      19.604193  ]
 [   0.13601209    0.06229665    0.        ]
 [   0.            0.            0.1496    ]]

iter 05 cost=188.341283 -> 154.178641 |dtheta|=4.402111e-01  lambda=4.115e-03

============================================================
Iteration 6
============================================================
Theta offsets (Unity frame):
  Source   : dSx=   0.000, dSy=   0.000, dSz=   0.000  (mm)
  Object   : dOx= -18.059, dOy=  -8.396, dOz= -20.344  (mm)
  Object offset: offset_x=  -0.029, offset_z=   0.008  (mm)
  Detector : dDx=   0.000, dDy=   0.000, dDz=   0.000  (mm)
  Obj Stage rotY :   24.609 deg
============================================================

Unity geometry (world coordinates):
  Source   : x=   5.000, y=  60.000, z=   0.000
  Object   : x=  -0.059, y=  14.604, z= 559.656
  Detector : x=  -8.000, y=  -5.000, z= 800.000
  Obj rotY :   0.0000 deg
view   0 | SOD= 561.525 mm | SDD= 802.742 mm | M= 1.430 | incident=4.7367°
[[ 237.68199    -506.7119      -45.395805  ]
 [-107.2744      215.21198      19.604193  ]
 [   0.13601209    0.06229665    0.        ]
 [   0.            0.            0.1496    ]]
Residual vector length: 135, Jacobian shape: (135, 6)
view   0 | SOD= 560.839 mm | SDD= 802.742 mm | M= 1.431 | incident=4.7367°
[[ 238.33237    -505.65204     -45.321854  ]
 [-108.04152     215.5928       19.678148  ]
 [   0.13588944    0.06256371    0.        ]
 [   0.            0.            0.1496    ]]

iter 06 cost=154.178641 -> 109.499318 |dtheta|=7.037685e-01  lambda=1.372e-03

============================================================
Iteration 7
============================================================
Theta offsets (Unity frame):
  Source   : dSx=   0.000, dSy=   0.000, dSz=   0.000  (mm)
  Object   : dOx= -18.040, dOy=  -8.322, dOz= -21.033  (mm)
  Object offset: offset_x=   0.018, offset_z=   0.015  (mm)
  Detector : dDx=   0.000, dDy=   0.000, dDz=   0.000  (mm)
  Obj Stage rotY :   24.721 deg
============================================================

Unity geometry (world coordinates):
  Source   : x=   5.000, y=  60.000, z=   0.000
  Object   : x=  -0.040, y=  14.678, z= 558.967
  Detector : x=  -8.000, y=  -5.000, z= 800.000
  Obj rotY :   0.0000 deg
view   0 | SOD= 560.839 mm | SDD= 802.742 mm | M= 1.431 | incident=4.7367°
[[ 238.33237    -505.65204     -45.321854  ]
 [-108.04152     215.5928       19.678148  ]
 [   0.13588944    0.06256371    0.        ]
 [   0.            0.            0.1496    ]]
Residual vector length: 135, Jacobian shape: (135, 6)
view   0 | SOD= 560.314 mm | SDD= 802.742 mm | M= 1.433 | incident=4.7367°
[[ 239.01105    -504.75388     -45.270416  ]
 [-108.653206    215.86987      19.729582  ]
 [   0.13577725    0.06280684    0.        ]
 [   0.            0.            0.1496    ]]

iter 07 cost=109.499318 -> 83.599179 |dtheta|=5.336729e-01  lambda=4.572e-04

============================================================
Iteration 8
============================================================
Theta offsets (Unity frame):
  Source   : dSx=   0.000, dSy=   0.000, dSz=   0.000  (mm)
  Object   : dOx= -18.022, dOy=  -8.270, dOz= -21.554  (mm)
  Object offset: offset_x=   0.007, offset_z=   0.014  (mm)
  Detector : dDx=   0.000, dDy=   0.000, dDz=   0.000  (mm)
  Obj Stage rotY :   24.824 deg
============================================================

Unity geometry (world coordinates):
  Source   : x=   5.000, y=  60.000, z=   0.000
  Object   : x=  -0.022, y=  14.730, z= 558.446
  Detector : x=  -8.000, y=  -5.000, z= 800.000
  Obj rotY :   0.0000 deg
view   0 | SOD= 560.314 mm | SDD= 802.742 mm | M= 1.433 | incident=4.7367°
[[ 239.01105    -504.75388     -45.270416  ]
 [-108.653206    215.86987      19.729582  ]
 [   0.13577725    0.06280684    0.        ]
 [   0.            0.            0.1496    ]]
Residual vector length: 135, Jacobian shape: (135, 6)
view   0 | SOD= 559.819 mm | SDD= 802.742 mm | M= 1.434 | incident=4.7367°
[[ 239.3753     -504.03662     -45.214012  ]
 [-109.12565     216.18286      19.78599   ]
 [   0.13570422    0.06296448    0.        ]
 [   0.            0.            0.1496    ]]

iter 08 cost=83.599179 -> 61.318279 |dtheta|=5.036573e-01  lambda=1.524e-04

============================================================
Iteration 9
============================================================
Theta offsets (Unity frame):
  Source   : dSx=   0.000, dSy=   0.000, dSz=   0.000  (mm)
  Object   : dOx= -18.019, dOy=  -8.214, dOz= -22.049  (mm)
  Object offset: offset_x=   0.021, offset_z=   0.018  (mm)
  Detector : dDx=   0.000, dDy=   0.000, dDz=   0.000  (mm)
  Obj Stage rotY :   24.891 deg
============================================================

Unity geometry (world coordinates):
  Source   : x=   5.000, y=  60.000, z=   0.000
  Object   : x=  -0.019, y=  14.786, z= 557.951
  Detector : x=  -8.000, y=  -5.000, z= 800.000
  Obj rotY :   0.0000 deg
view   0 | SOD= 559.819 mm | SDD= 802.742 mm | M= 1.434 | incident=4.7367°
[[ 239.3753     -504.03662     -45.214012  ]
 [-109.12565     216.18286      19.78599   ]
 [   0.13570422    0.06296448    0.        ]
 [   0.            0.            0.1496    ]]
Residual vector length: 135, Jacobian shape: (135, 6)
view   0 | SOD= 559.298 mm | SDD= 802.742 mm | M= 1.435 | incident=4.7367°
[[ 239.95038    -503.18607     -45.1877    ]
 [-109.65551     216.49768      19.8123    ]
 [   0.13560742    0.06317268    0.        ]
 [   0.            0.            0.1496    ]]

iter 09 cost=61.318279 -> 38.784443 |dtheta|=5.258288e-01  lambda=5.081e-05

============================================================
Iteration 10
============================================================
Theta offsets (Unity frame):
  Source   : dSx=   0.000, dSy=   0.000, dSz=   0.000  (mm)
  Object   : dOx= -18.027, dOy=  -8.188, dOz= -22.567  (mm)
  Object offset: offset_x=   0.004, offset_z=   0.014  (mm)
  Detector : dDx=   0.000, dDy=   0.000, dDz=   0.000  (mm)
  Obj Stage rotY :   24.978 deg
============================================================

Unity geometry (world coordinates):
  Source   : x=   5.000, y=  60.000, z=   0.000
  Object   : x=  -0.027, y=  14.812, z= 557.433
  Detector : x=  -8.000, y=  -5.000, z= 800.000
  Obj rotY :   0.0000 deg
view   0 | SOD= 559.298 mm | SDD= 802.742 mm | M= 1.435 | incident=4.7367°
[[ 239.95038    -503.18607     -45.1877    ]
 [-109.65551     216.49768      19.8123    ]
 [   0.13560742    0.06317268    0.        ]
 [   0.            0.            0.1496    ]]
Residual vector length: 135, Jacobian shape: (135, 6)
view   0 | SOD= 559.132 mm | SDD= 802.742 mm | M= 1.436 | incident=4.7367°
[[ 240.39343    -502.79056     -45.174824  ]
 [-109.982056    216.51884      19.825176  ]
 [   0.13553977    0.06331769    0.        ]
 [   0.            0.            0.1496    ]]

iter 10 cost=38.784443 -> 33.152978 |dtheta|=1.952417e-01  lambda=1.694e-05

============================================================
Iteration 11
============================================================
Theta offsets (Unity frame):
  Source   : dSx=   0.000, dSy=   0.000, dSz=   0.000  (mm)
  Object   : dOx= -18.008, dOy=  -8.175, dOz= -22.750  (mm)
  Object offset: offset_x=   0.013, offset_z=   0.031  (mm)
  Detector : dDx=   0.000, dDy=   0.000, dDz=   0.000  (mm)
  Obj Stage rotY :   25.040 deg
============================================================

Unity geometry (world coordinates):
  Source   : x=   5.000, y=  60.000, z=   0.000
  Object   : x=  -0.008, y=  14.825, z= 557.250
  Detector : x=  -8.000, y=  -5.000, z= 800.000
  Obj rotY :   0.0000 deg
view   0 | SOD= 559.132 mm | SDD= 802.742 mm | M= 1.436 | incident=4.7367°
[[ 240.39343    -502.79056     -45.174824  ]
 [-109.982056    216.51884      19.825176  ]
 [   0.13553977    0.06331769    0.        ]
 [   0.            0.            0.1496    ]]
Residual vector length: 135, Jacobian shape: (135, 6)
view   0 | SOD= 559.028 mm | SDD= 802.742 mm | M= 1.436 | incident=4.7367°
[[ 240.72418    -502.51794     -45.16871   ]
 [-110.192665    216.52751      19.831291  ]
 [   0.13549207    0.0634197     0.        ]
 [   0.            0.            0.1496    ]]

iter 11 cost=33.152978 -> 30.226476 |dtheta|=1.019455e-01  lambda=5.645e-06

============================================================
Iteration 12
============================================================
Theta offsets (Unity frame):
  Source   : dSx=   0.000, dSy=   0.000, dSz=   0.000  (mm)
  Object   : dOx= -18.018, dOy=  -8.169, dOz= -22.839  (mm)
  Object offset: offset_x=   0.027, offset_z=   0.017  (mm)
  Detector : dDx=   0.000, dDy=   0.000, dDz=   0.000  (mm)
  Obj Stage rotY :   25.083 deg
============================================================

Unity geometry (world coordinates):
  Source   : x=   5.000, y=  60.000, z=   0.000
  Object   : x=  -0.018, y=  14.831, z= 557.161
  Detector : x=  -8.000, y=  -5.000, z= 800.000
  Obj rotY :   0.0000 deg
view   0 | SOD= 559.028 mm | SDD= 802.742 mm | M= 1.436 | incident=4.7367°
[[ 240.72418    -502.51794     -45.16871   ]
 [-110.192665    216.52751      19.831291  ]
 [   0.13549207    0.0634197     0.        ]
 [   0.            0.            0.1496    ]]
Residual vector length: 135, Jacobian shape: (135, 6)
view   0 | SOD= 558.901 mm | SDD= 802.742 mm | M= 1.436 | incident=4.7367°
[[ 241.0283     -502.23083     -45.164764  ]
 [-110.38091     216.57414      19.835234  ]
 [   0.1354486     0.06351248    0.        ]
 [   0.            0.            0.1496    ]]

iter 12 cost=30.226476 -> 29.262256 |dtheta|=1.172526e-01  lambda=1.882e-06

============================================================
Iteration 13
============================================================
Theta offsets (Unity frame):
  Source   : dSx=   0.000, dSy=   0.000, dSz=   0.000  (mm)
  Object   : dOx= -18.017, dOy=  -8.165, dOz= -22.946  (mm)
  Object offset: offset_x=   0.010, offset_z=  -0.003  (mm)
  Detector : dDx=   0.000, dDy=   0.000, dDz=   0.000  (mm)
  Obj Stage rotY :   25.122 deg
============================================================

Unity geometry (world coordinates):
  Source   : x=   5.000, y=  60.000, z=   0.000
  Object   : x=  -0.017, y=  14.835, z= 557.054
  Detector : x=  -8.000, y=  -5.000, z= 800.000
  Obj rotY :   0.0000 deg
view   0 | SOD= 558.901 mm | SDD= 802.742 mm | M= 1.436 | incident=4.7367°
[[ 241.0283     -502.23083     -45.164764  ]
 [-110.38091     216.57414      19.835234  ]
 [   0.1354486     0.06351248    0.        ]
 [   0.            0.            0.1496    ]]
Residual vector length: 135, Jacobian shape: (135, 6)
view   0 | SOD= 558.670 mm | SDD= 802.742 mm | M= 1.437 | incident=4.7367°
[[ 239.98724    -502.47427     -45.13996   ]
 [-110.07952     216.98543      19.860039  ]
 [   0.13556693    0.06325952    0.        ]
 [   0.            0.            0.1496    ]]

iter 13 cost=29.262256 -> 21.280295 |dtheta|=2.763114e-01  lambda=1.000e-06

============================================================
Iteration 14
============================================================
Theta offsets (Unity frame):
  Source   : dSx=   0.000, dSy=   0.000, dSz=   0.000  (mm)
  Object   : dOx= -18.019, dOy=  -8.140, dOz= -23.199  (mm)
  Object offset: offset_x=   0.019, offset_z=   0.019  (mm)
  Detector : dDx=   0.000, dDy=   0.000, dDz=   0.000  (mm)
  Obj Stage rotY :   25.015 deg
============================================================

Unity geometry (world coordinates):
  Source   : x=   5.000, y=  60.000, z=   0.000
  Object   : x=  -0.019, y=  14.860, z= 556.801
  Detector : x=  -8.000, y=  -5.000, z= 800.000
  Obj rotY :   0.0000 deg
view   0 | SOD= 558.670 mm | SDD= 802.742 mm | M= 1.437 | incident=4.7367°
[[ 239.98724    -502.47427     -45.13996   ]
 [-110.07952     216.98543      19.860039  ]
 [   0.13556693    0.06325952    0.        ]
 [   0.            0.            0.1496    ]]
Residual vector length: 135, Jacobian shape: (135, 6)
view   0 | SOD= 558.398 mm | SDD= 802.742 mm | M= 1.438 | incident=4.7367°
[[ 240.16249    -502.08932     -45.123646  ]
 [-110.31472     217.17052      19.876354  ]
 [   0.13553081    0.06333686    0.        ]
 [   0.            0.            0.1496    ]]

iter 14 cost=21.280295 -> 15.670237 |dtheta|=2.576085e-01  lambda=1.000e-06

============================================================
Iteration 15
============================================================
Theta offsets (Unity frame):
  Source   : dSx=   0.000, dSy=   0.000, dSz=   0.000  (mm)
  Object   : dOx= -18.010, dOy=  -8.124, dOz= -23.453  (mm)
  Object offset: offset_x=   0.006, offset_z=   0.001  (mm)
  Detector : dDx=   0.000, dDy=   0.000, dDz=   0.000  (mm)
  Obj Stage rotY :   25.048 deg
============================================================

Unity geometry (world coordinates):
  Source   : x=   5.000, y=  60.000, z=   0.000
  Object   : x=  -0.010, y=  14.876, z= 556.547
  Detector : x=  -8.000, y=  -5.000, z= 800.000
  Obj rotY :   0.0000 deg
view   0 | SOD= 558.398 mm | SDD= 802.742 mm | M= 1.438 | incident=4.7367°
[[ 240.16249    -502.08932     -45.123646  ]
 [-110.31472     217.17052      19.876354  ]
 [   0.13553081    0.06333686    0.        ]
 [   0.            0.            0.1496    ]]
Residual vector length: 135, Jacobian shape: (135, 6)
view   0 | SOD= 558.101 mm | SDD= 802.742 mm | M= 1.438 | incident=4.7367°
[[ 240.09135    -501.79623     -45.098278  ]
 [-110.46307     217.42598      19.901722  ]
 [   0.13552402    0.06335142    0.        ]
 [   0.            0.            0.1496    ]]

iter 15 cost=15.670237 -> 11.121634 |dtheta|=2.938619e-01  lambda=1.000e-06

============================================================
Iteration 16
============================================================
Theta offsets (Unity frame):
  Source   : dSx=   0.000, dSy=   0.000, dSz=   0.000  (mm)
  Object   : dOx= -18.015, dOy=  -8.098, dOz= -23.745  (mm)
  Object offset: offset_x=   0.010, offset_z=  -0.001  (mm)
  Detector : dDx=   0.000, dDy=   0.000, dDz=   0.000  (mm)
  Obj Stage rotY :   25.054 deg
============================================================

Unity geometry (world coordinates):
  Source   : x=   5.000, y=  60.000, z=   0.000
  Object   : x=  -0.015, y=  14.902, z= 556.255
  Detector : x=  -8.000, y=  -5.000, z= 800.000
  Obj rotY :   0.0000 deg
view   0 | SOD= 558.101 mm | SDD= 802.742 mm | M= 1.438 | incident=4.7367°
[[ 240.09135    -501.79623     -45.098278  ]
 [-110.46307     217.42598      19.901722  ]
 [   0.13552402    0.06335142    0.        ]
 [   0.            0.            0.1496    ]]
Residual vector length: 135, Jacobian shape: (135, 6)
view   0 | SOD= 557.901 mm | SDD= 802.742 mm | M= 1.439 | incident=4.7367°
[[ 240.09909    -501.57108     -45.083748  ]
 [-110.59422     217.58342      19.916252  ]
 [   0.13551177    0.06337758    0.        ]
 [   0.            0.            0.1496    ]]

iter 16 cost=11.121634 -> 8.035694 |dtheta|=2.054745e-01  lambda=1.000e-06

============================================================
Iteration 17
============================================================
Theta offsets (Unity frame):
  Source   : dSx=   0.000, dSy=   0.000, dSz=   0.000  (mm)
  Object   : dOx= -18.006, dOy=  -8.084, dOz= -23.950  (mm)
  Object offset: offset_x=   0.007, offset_z=   0.004  (mm)
  Detector : dDx=   0.000, dDy=   0.000, dDz=   0.000  (mm)
  Obj Stage rotY :   25.065 deg
============================================================

Unity geometry (world coordinates):
  Source   : x=   5.000, y=  60.000, z=   0.000
  Object   : x=  -0.006, y=  14.916, z= 556.050
  Detector : x=  -8.000, y=  -5.000, z= 800.000
  Obj rotY :   0.0000 deg
view   0 | SOD= 557.901 mm | SDD= 802.742 mm | M= 1.439 | incident=4.7367°
[[ 240.09909    -501.57108     -45.083748  ]
 [-110.59422     217.58342      19.916252  ]
 [   0.13551177    0.06337758    0.        ]
 [   0.            0.            0.1496    ]]
Residual vector length: 135, Jacobian shape: (135, 6)
view   0 | SOD= 557.803 mm | SDD= 802.742 mm | M= 1.439 | incident=4.7367°
[[ 239.37685    -501.80798     -45.07747   ]
 [-110.331825    217.82584      19.922533  ]
 [   0.13559839    0.06319205    0.        ]
 [   0.            0.            0.1496    ]]

iter 17 cost=8.035694 -> 6.969262 |dtheta|=1.273720e-01  lambda=1.000e-06

============================================================
Iteration 18
============================================================
Theta offsets (Unity frame):
  Source   : dSx=   0.000, dSy=   0.000, dSz=   0.000  (mm)
  Object   : dOx= -18.007, dOy=  -8.077, dOz= -24.050  (mm)
  Object offset: offset_x=   0.002, offset_z=   0.006  (mm)
  Detector : dDx=   0.000, dDy=   0.000, dDz=   0.000  (mm)
  Obj Stage rotY :   24.987 deg
============================================================

Unity geometry (world coordinates):
  Source   : x=   5.000, y=  60.000, z=   0.000
  Object   : x=  -0.007, y=  14.923, z= 555.950
  Detector : x=  -8.000, y=  -5.000, z= 800.000
  Obj rotY :   0.0000 deg
view   0 | SOD= 557.803 mm | SDD= 802.742 mm | M= 1.439 | incident=4.7367°
[[ 239.37685    -501.80798     -45.07747   ]
 [-110.331825    217.82584      19.922533  ]
 [   0.13559839    0.06319205    0.        ]
 [   0.            0.            0.1496    ]]
Residual vector length: 135, Jacobian shape: (135, 6)
view   0 | SOD= 557.733 mm | SDD= 802.742 mm | M= 1.439 | incident=4.7367°
[[ 239.28802    -501.7727      -45.069687  ]
 [-110.329445    217.90544      19.930313  ]
 [   0.13560641    0.06317486    0.        ]
 [   0.            0.            0.1496    ]]

iter 18 cost=6.969262 -> 6.118130 |dtheta|=6.425700e-02  lambda=1.000e-06

============================================================
Iteration 19
============================================================
Theta offsets (Unity frame):
  Source   : dSx=   0.000, dSy=   0.000, dSz=   0.000  (mm)
  Object   : dOx= -18.005, dOy=  -8.070, dOz= -24.112  (mm)
  Object offset: offset_x=  -0.006, offset_z=  -0.002  (mm)
  Detector : dDx=   0.000, dDy=   0.000, dDz=   0.000  (mm)
  Obj Stage rotY :   24.979 deg
============================================================

Unity geometry (world coordinates):
  Source   : x=   5.000, y=  60.000, z=   0.000
  Object   : x=  -0.005, y=  14.930, z= 555.888
  Detector : x=  -8.000, y=  -5.000, z= 800.000
  Obj rotY :   0.0000 deg
view   0 | SOD= 557.733 mm | SDD= 802.742 mm | M= 1.439 | incident=4.7367°
[[ 239.28802    -501.7727      -45.069687  ]
 [-110.329445    217.90544      19.930313  ]
 [   0.13560641    0.06317486    0.        ]
 [   0.            0.            0.1496    ]]
Residual vector length: 135, Jacobian shape: (135, 6)
view   0 | SOD= 557.557 mm | SDD= 802.742 mm | M= 1.440 | incident=4.7367°
[[ 239.17986    -501.62994     -45.061646  ]
 [-110.39        218.07132      19.938354  ]
 [   0.13561058    0.06316589    0.        ]
 [   0.            0.            0.1496    ]]

iter 19 cost=6.118130 -> 4.351498 |dtheta|=1.700311e-01  lambda=1.000e-06

============================================================
Iteration 20
============================================================
Theta offsets (Unity frame):
  Source   : dSx=   0.000, dSy=   0.000, dSz=   0.000  (mm)
  Object   : dOx= -18.005, dOy=  -8.062, dOz= -24.282  (mm)
  Object offset: offset_x=  -0.005, offset_z=  -0.007  (mm)
  Detector : dDx=   0.000, dDy=   0.000, dDz=   0.000  (mm)
  Obj Stage rotY :   24.976 deg
============================================================

Unity geometry (world coordinates):
  Source   : x=   5.000, y=  60.000, z=   0.000
  Object   : x=  -0.005, y=  14.938, z= 555.718
  Detector : x=  -8.000, y=  -5.000, z= 800.000
  Obj rotY :   0.0000 deg
view   0 | SOD= 557.557 mm | SDD= 802.742 mm | M= 1.440 | incident=4.7367°
[[ 239.17986    -501.62994     -45.061646  ]
 [-110.39        218.07132      19.938354  ]
 [   0.13561058    0.06316589    0.        ]
 [   0.            0.            0.1496    ]]
Residual vector length: 135, Jacobian shape: (135, 6)
view   0 | SOD= 557.488 mm | SDD= 802.742 mm | M= 1.440 | incident=4.7367°
[[ 239.24605    -501.5213      -45.055847  ]
 [-110.46768     218.11006      19.944153  ]
 [   0.13559794    0.063193      0.        ]
 [   0.            0.            0.1496    ]]

iter 20 cost=4.351498 -> 3.716755 |dtheta|=7.313470e-02  lambda=1.000e-06

============================================================
Iteration 21
============================================================
Theta offsets (Unity frame):
  Source   : dSx=   0.000, dSy=   0.000, dSz=   0.000  (mm)
  Object   : dOx= -18.004, dOy=  -8.056, dOz= -24.354  (mm)
  Object offset: offset_x=  -0.001, offset_z=  -0.005  (mm)
  Detector : dDx=   0.000, dDy=   0.000, dDz=   0.000  (mm)
  Obj Stage rotY :   24.987 deg
============================================================

Unity geometry (world coordinates):
  Source   : x=   5.000, y=  60.000, z=   0.000
  Object   : x=  -0.004, y=  14.944, z= 555.646
  Detector : x=  -8.000, y=  -5.000, z= 800.000
  Obj rotY :   0.0000 deg
view   0 | SOD= 557.488 mm | SDD= 802.742 mm | M= 1.440 | incident=4.7367°
[[ 239.24605    -501.5213      -45.055847  ]
 [-110.46768     218.11006      19.944153  ]
 [   0.13559794    0.063193      0.        ]
 [   0.            0.            0.1496    ]]
Residual vector length: 135, Jacobian shape: (135, 6)
view   0 | SOD= 557.348 mm | SDD= 802.742 mm | M= 1.440 | incident=4.7367°
[[ 239.17542    -501.40045     -45.044918  ]
 [-110.524734    218.2375       19.955082  ]
 [   0.13559914    0.06319045    0.        ]
 [   0.            0.            0.1496    ]]

iter 21 cost=3.716755 -> 2.579356 |dtheta|=1.429735e-01  lambda=1.000e-06

============================================================
Iteration 22
============================================================
Theta offsets (Unity frame):
  Source   : dSx=   0.000, dSy=   0.000, dSz=   0.000  (mm)
  Object   : dOx= -18.001, dOy=  -8.045, dOz= -24.496  (mm)
  Object offset: offset_x=  -0.001, offset_z=  -0.002  (mm)
  Detector : dDx=   0.000, dDy=   0.000, dDz=   0.000  (mm)
  Obj Stage rotY :   24.986 deg
============================================================

Unity geometry (world coordinates):
  Source   : x=   5.000, y=  60.000, z=   0.000
  Object   : x=  -0.001, y=  14.955, z= 555.504
  Detector : x=  -8.000, y=  -5.000, z= 800.000
  Obj rotY :   0.0000 deg
view   0 | SOD= 557.348 mm | SDD= 802.742 mm | M= 1.440 | incident=4.7367°
[[ 239.17542    -501.40045     -45.044918  ]
 [-110.524734    218.2375       19.955082  ]
 [   0.13559914    0.06319045    0.        ]
 [   0.            0.            0.1496    ]]
Residual vector length: 135, Jacobian shape: (135, 6)
view   0 | SOD= 557.270 mm | SDD= 802.742 mm | M= 1.440 | incident=4.7367°
[[ 239.28992    -501.2598      -45.037945  ]
 [-110.62122     218.2756       19.962055  ]
 [   0.13558061    0.06323019    0.        ]
 [   0.            0.            0.1496    ]]

iter 22 cost=2.579356 -> 2.106286 |dtheta|=8.221515e-02  lambda=1.000e-06

============================================================
Iteration 23
============================================================
Theta offsets (Unity frame):
  Source   : dSx=   0.000, dSy=   0.000, dSz=   0.000  (mm)
  Object   : dOx= -18.001, dOy=  -8.038, dOz= -24.576  (mm)
  Object offset: offset_x=  -0.001, offset_z=   0.000  (mm)
  Detector : dDx=   0.000, dDy=   0.000, dDz=   0.000  (mm)
  Obj Stage rotY :   25.003 deg
============================================================

Unity geometry (world coordinates):
  Source   : x=   5.000, y=  60.000, z=   0.000
  Object   : x=  -0.001, y=  14.962, z= 555.424
  Detector : x=  -8.000, y=  -5.000, z= 800.000
  Obj rotY :   0.0000 deg
view   0 | SOD= 557.270 mm | SDD= 802.742 mm | M= 1.440 | incident=4.7367°
[[ 239.28992    -501.2598      -45.037945  ]
 [-110.62122     218.2756       19.962055  ]
 [   0.13558061    0.06323019    0.        ]
 [   0.            0.            0.1496    ]]
Residual vector length: 135, Jacobian shape: (135, 6)
view   0 | SOD= 557.154 mm | SDD= 802.742 mm | M= 1.441 | incident=4.7367°
[[ 239.32906    -501.11368     -45.028633  ]
 [-110.71211     218.35849      19.971367  ]
 [   0.13556919    0.0632547     0.        ]
 [   0.            0.            0.1496    ]]

iter 23 cost=2.106286 -> 1.591703 |dtheta|=1.161788e-01  lambda=1.000e-06

============================================================
Iteration 24
============================================================
Theta offsets (Unity frame):
  Source   : dSx=   0.000, dSy=   0.000, dSz=   0.000  (mm)
  Object   : dOx= -17.999, dOy=  -8.029, dOz= -24.691  (mm)
  Object offset: offset_x=  -0.000, offset_z=   0.001  (mm)
  Detector : dDx=   0.000, dDy=   0.000, dDz=   0.000  (mm)
  Obj Stage rotY :   25.013 deg
============================================================

Unity geometry (world coordinates):
  Source   : x=   5.000, y=  60.000, z=   0.000
  Object   : x=   0.001, y=  14.971, z= 555.309
  Detector : x=  -8.000, y=  -5.000, z= 800.000
  Obj rotY :   0.0000 deg
view   0 | SOD= 557.154 mm | SDD= 802.742 mm | M= 1.441 | incident=4.7367°
[[ 239.32906    -501.11368     -45.028633  ]
 [-110.71211     218.35849      19.971367  ]
 [   0.13556919    0.0632547     0.        ]
 [   0.            0.            0.1496    ]]
Residual vector length: 135, Jacobian shape: (135, 6)
view   0 | SOD= 557.132 mm | SDD= 802.742 mm | M= 1.441 | incident=4.7367°
[[ 239.26144    -501.12192     -45.02462   ]
 [-110.69163     218.3931       19.97538   ]
 [   0.13557692    0.0632381     0.        ]
 [   0.            0.            0.1496    ]]

iter 24 cost=1.591703 -> 1.377953 |dtheta|=2.240004e-02  lambda=1.000e-06

============================================================
Iteration 25
============================================================
Theta offsets (Unity frame):
  Source   : dSx=   0.000, dSy=   0.000, dSz=   0.000  (mm)
  Object   : dOx= -18.000, dOy=  -8.025, dOz= -24.712  (mm)
  Object offset: offset_x=  -0.002, offset_z=  -0.000  (mm)
  Detector : dDx=   0.000, dDy=   0.000, dDz=   0.000  (mm)
  Obj Stage rotY :   25.006 deg
============================================================

Unity geometry (world coordinates):
  Source   : x=   5.000, y=  60.000, z=   0.000
  Object   : x=  -0.000, y=  14.975, z= 555.288
  Detector : x=  -8.000, y=  -5.000, z= 800.000
  Obj rotY :   0.0000 deg
view   0 | SOD= 557.132 mm | SDD= 802.742 mm | M= 1.441 | incident=4.7367°
[[ 239.26144    -501.12192     -45.02462   ]
 [-110.69163     218.3931       19.97538   ]
 [   0.13557692    0.0632381     0.        ]
 [   0.            0.            0.1496    ]]
Residual vector length: 135, Jacobian shape: (135, 6)
view   0 | SOD= 557.146 mm | SDD= 802.742 mm | M= 1.441 | incident=4.7367°
[[ 239.32281    -501.10828     -45.024506  ]
 [-110.71016     218.36784      19.975494  ]
 [   0.1355699     0.06325316    0.        ]
 [   0.            0.            0.1496    ]]

iter 25 cost=1.377953 -> 1.489044 |dtheta|=1.633701e-02  lambda=1.000e-06

============================================================
Iteration 26
============================================================
Theta offsets (Unity frame):
  Source   : dSx=   0.000, dSy=   0.000, dSz=   0.000  (mm)
  Object   : dOx= -18.000, dOy=  -8.025, dOz= -24.712  (mm)
  Object offset: offset_x=  -0.002, offset_z=  -0.000  (mm)
  Detector : dDx=   0.000, dDy=   0.000, dDz=   0.000  (mm)
  Obj Stage rotY :   25.006 deg
============================================================

Unity geometry (world coordinates):
  Source   : x=   5.000, y=  60.000, z=   0.000
  Object   : x=  -0.000, y=  14.975, z= 555.288
  Detector : x=  -8.000, y=  -5.000, z= 800.000
  Obj rotY :   0.0000 deg
view   0 | SOD= 557.132 mm | SDD= 802.742 mm | M= 1.441 | incident=4.7367°
[[ 239.26144    -501.12192     -45.02462   ]
 [-110.69163     218.3931       19.97538   ]
 [   0.13557692    0.0632381     0.        ]
 [   0.            0.            0.1496    ]]
Residual vector length: 135, Jacobian shape: (135, 6)
view   0 | SOD= 557.146 mm | SDD= 802.742 mm | M= 1.441 | incident=4.7367°
[[ 239.32281    -501.10828     -45.024506  ]
 [-110.71016     218.36784      19.975494  ]
 [   0.1355699     0.06325316    0.        ]
 [   0.            0.            0.1496    ]]

iter 26 cost=1.377953 -> 1.489044 |dtheta|=1.633701e-02  lambda=5.000e-06

============================================================
Iteration 27
============================================================
Theta offsets (Unity frame):
  Source   : dSx=   0.000, dSy=   0.000, dSz=   0.000  (mm)
  Object   : dOx= -18.000, dOy=  -8.025, dOz= -24.712  (mm)
  Object offset: offset_x=  -0.002, offset_z=  -0.000  (mm)
  Detector : dDx=   0.000, dDy=   0.000, dDz=   0.000  (mm)
  Obj Stage rotY :   25.006 deg
============================================================

Unity geometry (world coordinates):
  Source   : x=   5.000, y=  60.000, z=   0.000
  Object   : x=  -0.000, y=  14.975, z= 555.288
  Detector : x=  -8.000, y=  -5.000, z= 800.000
  Obj rotY :   0.0000 deg
view   0 | SOD= 557.132 mm | SDD= 802.742 mm | M= 1.441 | incident=4.7367°
[[ 239.26144    -501.12192     -45.02462   ]
 [-110.69163     218.3931       19.97538   ]
 [   0.13557692    0.0632381     0.        ]
 [   0.            0.            0.1496    ]]
Residual vector length: 135, Jacobian shape: (135, 6)
view   0 | SOD= 557.146 mm | SDD= 802.742 mm | M= 1.441 | incident=4.7367°
[[ 239.32281    -501.10828     -45.024506  ]
 [-110.71016     218.36784      19.975494  ]
 [   0.1355699     0.06325316    0.        ]
 [   0.            0.            0.1496    ]]

iter 27 cost=1.377953 -> 1.489044 |dtheta|=1.633700e-02  lambda=2.500e-05

============================================================
Iteration 28
============================================================
Theta offsets (Unity frame):
  Source   : dSx=   0.000, dSy=   0.000, dSz=   0.000  (mm)
  Object   : dOx= -18.000, dOy=  -8.025, dOz= -24.712  (mm)
  Object offset: offset_x=  -0.002, offset_z=  -0.000  (mm)
  Detector : dDx=   0.000, dDy=   0.000, dDz=   0.000  (mm)
  Obj Stage rotY :   25.006 deg
============================================================

Unity geometry (world coordinates):
  Source   : x=   5.000, y=  60.000, z=   0.000
  Object   : x=  -0.000, y=  14.975, z= 555.288
  Detector : x=  -8.000, y=  -5.000, z= 800.000
  Obj rotY :   0.0000 deg
view   0 | SOD= 557.132 mm | SDD= 802.742 mm | M= 1.441 | incident=4.7367°
[[ 239.26144    -501.12192     -45.02462   ]
 [-110.69163     218.3931       19.97538   ]
 [   0.13557692    0.0632381     0.        ]
 [   0.            0.            0.1496    ]]
Residual vector length: 135, Jacobian shape: (135, 6)
view   0 | SOD= 557.146 mm | SDD= 802.742 mm | M= 1.441 | incident=4.7367°
[[ 239.32281    -501.10828     -45.024506  ]
 [-110.71016     218.36784      19.975494  ]
 [   0.1355699     0.06325316    0.        ]
 [   0.            0.            0.1496    ]]

iter 28 cost=1.377953 -> 1.489044 |dtheta|=1.633698e-02  lambda=1.250e-04

============================================================
Iteration 29
============================================================
Theta offsets (Unity frame):
  Source   : dSx=   0.000, dSy=   0.000, dSz=   0.000  (mm)
  Object   : dOx= -18.000, dOy=  -8.025, dOz= -24.712  (mm)
  Object offset: offset_x=  -0.002, offset_z=  -0.000  (mm)
  Detector : dDx=   0.000, dDy=   0.000, dDz=   0.000  (mm)
  Obj Stage rotY :   25.006 deg
============================================================

Unity geometry (world coordinates):
  Source   : x=   5.000, y=  60.000, z=   0.000
  Object   : x=  -0.000, y=  14.975, z= 555.288
  Detector : x=  -8.000, y=  -5.000, z= 800.000
  Obj rotY :   0.0000 deg
view   0 | SOD= 557.132 mm | SDD= 802.742 mm | M= 1.441 | incident=4.7367°
[[ 239.26144    -501.12192     -45.02462   ]
 [-110.69163     218.3931       19.97538   ]
 [   0.13557692    0.0632381     0.        ]
 [   0.            0.            0.1496    ]]
Residual vector length: 135, Jacobian shape: (135, 6)
view   0 | SOD= 557.146 mm | SDD= 802.742 mm | M= 1.441 | incident=4.7367°
[[ 239.32281    -501.10828     -45.024506  ]
 [-110.71016     218.36784      19.975494  ]
 [   0.1355699     0.06325316    0.        ]
 [   0.            0.            0.1496    ]]

iter 29 cost=1.377953 -> 1.489044 |dtheta|=1.633687e-02  lambda=6.250e-04

============================================================
Iteration 30
============================================================
Theta offsets (Unity frame):
  Source   : dSx=   0.000, dSy=   0.000, dSz=   0.000  (mm)
  Object   : dOx= -18.000, dOy=  -8.025, dOz= -24.712  (mm)
  Object offset: offset_x=  -0.002, offset_z=  -0.000  (mm)
  Detector : dDx=   0.000, dDy=   0.000, dDz=   0.000  (mm)
  Obj Stage rotY :   25.006 deg
============================================================

Unity geometry (world coordinates):
  Source   : x=   5.000, y=  60.000, z=   0.000
  Object   : x=  -0.000, y=  14.975, z= 555.288
  Detector : x=  -8.000, y=  -5.000, z= 800.000
  Obj rotY :   0.0000 deg
view   0 | SOD= 557.132 mm | SDD= 802.742 mm | M= 1.441 | incident=4.7367°
[[ 239.26144    -501.12192     -45.02462   ]
 [-110.69163     218.3931       19.97538   ]
 [   0.13557692    0.0632381     0.        ]
 [   0.            0.            0.1496    ]]
Residual vector length: 135, Jacobian shape: (135, 6)
view   0 | SOD= 557.146 mm | SDD= 802.742 mm | M= 1.441 | incident=4.7367°
[[ 239.32281    -501.10828     -45.024506  ]
 [-110.71016     218.36784      19.975494  ]
 [   0.1355699     0.06325316    0.        ]
 [   0.            0.            0.1496    ]]

iter 30 cost=1.377953 -> 1.489145 |dtheta|=1.633633e-02  lambda=3.125e-03

============================================================
Iteration 31
============================================================
Theta offsets (Unity frame):
  Source   : dSx=   0.000, dSy=   0.000, dSz=   0.000  (mm)
  Object   : dOx= -18.000, dOy=  -8.025, dOz= -24.712  (mm)
  Object offset: offset_x=  -0.002, offset_z=  -0.000  (mm)
  Detector : dDx=   0.000, dDy=   0.000, dDz=   0.000  (mm)
  Obj Stage rotY :   25.006 deg
============================================================

Unity geometry (world coordinates):
  Source   : x=   5.000, y=  60.000, z=   0.000
  Object   : x=  -0.000, y=  14.975, z= 555.288
  Detector : x=  -8.000, y=  -5.000, z= 800.000
  Obj rotY :   0.0000 deg
view   0 | SOD= 557.132 mm | SDD= 802.742 mm | M= 1.441 | incident=4.7367°
[[ 239.26144    -501.12192     -45.02462   ]
 [-110.69163     218.3931       19.97538   ]
 [   0.13557692    0.0632381     0.        ]
 [   0.            0.            0.1496    ]]
Residual vector length: 135, Jacobian shape: (135, 6)
view   0 | SOD= 557.146 mm | SDD= 802.742 mm | M= 1.441 | incident=4.7367°
[[ 239.3228     -501.1083      -45.024506  ]
 [-110.71016     218.36786      19.975494  ]
 [   0.1355699     0.06325316    0.        ]
 [   0.            0.            0.1496    ]]

iter 31 cost=1.377953 -> 1.489145 |dtheta|=1.633361e-02  lambda=1.562e-02

============================================================
Iteration 32
============================================================
Theta offsets (Unity frame):
  Source   : dSx=   0.000, dSy=   0.000, dSz=   0.000  (mm)
  Object   : dOx= -18.000, dOy=  -8.025, dOz= -24.712  (mm)
  Object offset: offset_x=  -0.002, offset_z=  -0.000  (mm)
  Detector : dDx=   0.000, dDy=   0.000, dDz=   0.000  (mm)
  Obj Stage rotY :   25.006 deg
============================================================

Unity geometry (world coordinates):
  Source   : x=   5.000, y=  60.000, z=   0.000
  Object   : x=  -0.000, y=  14.975, z= 555.288
  Detector : x=  -8.000, y=  -5.000, z= 800.000
  Obj rotY :   0.0000 deg
view   0 | SOD= 557.132 mm | SDD= 802.742 mm | M= 1.441 | incident=4.7367°
[[ 239.26144    -501.12192     -45.02462   ]
 [-110.69163     218.3931       19.97538   ]
 [   0.13557692    0.0632381     0.        ]
 [   0.            0.            0.1496    ]]
Residual vector length: 135, Jacobian shape: (135, 6)
view   0 | SOD= 557.146 mm | SDD= 802.742 mm | M= 1.441 | incident=4.7367°
[[ 239.32275    -501.10825     -45.024506  ]
 [-110.710175    218.3679       19.975496  ]
 [   0.1355699     0.06325315    0.        ]
 [   0.            0.            0.1496    ]]

iter 32 cost=1.377953 -> 1.484631 |dtheta|=1.632006e-02  lambda=7.812e-02

============================================================
Iteration 33
============================================================
Theta offsets (Unity frame):
  Source   : dSx=   0.000, dSy=   0.000, dSz=   0.000  (mm)
  Object   : dOx= -18.000, dOy=  -8.025, dOz= -24.712  (mm)
  Object offset: offset_x=  -0.002, offset_z=  -0.000  (mm)
  Detector : dDx=   0.000, dDy=   0.000, dDz=   0.000  (mm)
  Obj Stage rotY :   25.006 deg
============================================================

Unity geometry (world coordinates):
  Source   : x=   5.000, y=  60.000, z=   0.000
  Object   : x=  -0.000, y=  14.975, z= 555.288
  Detector : x=  -8.000, y=  -5.000, z= 800.000
  Obj rotY :   0.0000 deg
view   0 | SOD= 557.132 mm | SDD= 802.742 mm | M= 1.441 | incident=4.7367°
[[ 239.26144    -501.12192     -45.02462   ]
 [-110.69163     218.3931       19.97538   ]
 [   0.13557692    0.0632381     0.        ]
 [   0.            0.            0.1496    ]]
Residual vector length: 135, Jacobian shape: (135, 6)
view   0 | SOD= 557.146 mm | SDD= 802.742 mm | M= 1.441 | incident=4.7367°
[[ 239.32263    -501.10825     -45.024498  ]
 [-110.71015     218.368        19.9755    ]
 [   0.13556992    0.06325312    0.        ]
 [   0.            0.            0.1496    ]]

iter 33 cost=1.377953 -> 1.489145 |dtheta|=1.625263e-02  lambda=3.906e-01

============================================================
Iteration 34
============================================================
Theta offsets (Unity frame):
  Source   : dSx=   0.000, dSy=   0.000, dSz=   0.000  (mm)
  Object   : dOx= -18.000, dOy=  -8.025, dOz= -24.712  (mm)
  Object offset: offset_x=  -0.002, offset_z=  -0.000  (mm)
  Detector : dDx=   0.000, dDy=   0.000, dDz=   0.000  (mm)
  Obj Stage rotY :   25.006 deg
============================================================

Unity geometry (world coordinates):
  Source   : x=   5.000, y=  60.000, z=   0.000
  Object   : x=  -0.000, y=  14.975, z= 555.288
  Detector : x=  -8.000, y=  -5.000, z= 800.000
  Obj rotY :   0.0000 deg
view   0 | SOD= 557.132 mm | SDD= 802.742 mm | M= 1.441 | incident=4.7367°
[[ 239.26144    -501.12192     -45.02462   ]
 [-110.69163     218.3931       19.97538   ]
 [   0.13557692    0.0632381     0.        ]
 [   0.            0.            0.1496    ]]
Residual vector length: 135, Jacobian shape: (135, 6)
view   0 | SOD= 557.146 mm | SDD= 802.742 mm | M= 1.441 | incident=4.7367°
[[ 239.32199    -501.10822     -45.02448   ]
 [-110.71005     218.3684       19.975521  ]
 [   0.13556999    0.06325298    0.        ]
 [   0.            0.            0.1496    ]]

iter 34 cost=1.377953 -> 1.489044 |dtheta|=1.592445e-02  lambda=1.953e+00

============================================================
Iteration 35
============================================================
Theta offsets (Unity frame):
  Source   : dSx=   0.000, dSy=   0.000, dSz=   0.000  (mm)
  Object   : dOx= -18.000, dOy=  -8.025, dOz= -24.712  (mm)
  Object offset: offset_x=  -0.002, offset_z=  -0.000  (mm)
  Detector : dDx=   0.000, dDy=   0.000, dDz=   0.000  (mm)
  Obj Stage rotY :   25.006 deg
============================================================

Unity geometry (world coordinates):
  Source   : x=   5.000, y=  60.000, z=   0.000
  Object   : x=  -0.000, y=  14.975, z= 555.288
  Detector : x=  -8.000, y=  -5.000, z= 800.000
  Obj rotY :   0.0000 deg
view   0 | SOD= 557.132 mm | SDD= 802.742 mm | M= 1.441 | incident=4.7367°
[[ 239.26144    -501.12192     -45.02462   ]
 [-110.69163     218.3931       19.97538   ]
 [   0.13557692    0.0632381     0.        ]
 [   0.            0.            0.1496    ]]
Residual vector length: 135, Jacobian shape: (135, 6)
view   0 | SOD= 557.145 mm | SDD= 802.742 mm | M= 1.441 | incident=4.7367°
[[ 239.31906    -501.10806     -45.024384  ]
 [-110.70957     218.37021      19.975616  ]
 [   0.13557029    0.06325234    0.        ]
 [   0.            0.            0.1496    ]]

iter 35 cost=1.377953 -> 1.474494 |dtheta|=1.447902e-02  lambda=9.766e+00

============================================================
Iteration 36
============================================================
Theta offsets (Unity frame):
  Source   : dSx=   0.000, dSy=   0.000, dSz=   0.000  (mm)
  Object   : dOx= -18.000, dOy=  -8.025, dOz= -24.712  (mm)
  Object offset: offset_x=  -0.002, offset_z=  -0.000  (mm)
  Detector : dDx=   0.000, dDy=   0.000, dDz=   0.000  (mm)
  Obj Stage rotY :   25.006 deg
============================================================

Unity geometry (world coordinates):
  Source   : x=   5.000, y=  60.000, z=   0.000
  Object   : x=  -0.000, y=  14.975, z= 555.288
  Detector : x=  -8.000, y=  -5.000, z= 800.000
  Obj rotY :   0.0000 deg
view   0 | SOD= 557.132 mm | SDD= 802.742 mm | M= 1.441 | incident=4.7367°
[[ 239.26144    -501.12192     -45.02462   ]
 [-110.69163     218.3931       19.97538   ]
 [   0.13557692    0.0632381     0.        ]
 [   0.            0.            0.1496    ]]
Residual vector length: 135, Jacobian shape: (135, 6)
view   0 | SOD= 557.140 mm | SDD= 802.742 mm | M= 1.441 | incident=4.7367°
[[ 239.30856    -501.10828     -45.024097  ]
 [-110.70743     218.37613      19.975903  ]
 [   0.13557139    0.06324995    0.        ]
 [   0.            0.            0.1496    ]]

iter 36 cost=1.377953 -> 1.420695 |dtheta|=1.011907e-02  lambda=4.883e+01

============================================================
Iteration 37
============================================================
Theta offsets (Unity frame):
  Source   : dSx=   0.000, dSy=   0.000, dSz=   0.000  (mm)
  Object   : dOx= -18.000, dOy=  -8.025, dOz= -24.712  (mm)
  Object offset: offset_x=  -0.002, offset_z=  -0.000  (mm)
  Detector : dDx=   0.000, dDy=   0.000, dDz=   0.000  (mm)
  Obj Stage rotY :   25.006 deg
============================================================

Unity geometry (world coordinates):
  Source   : x=   5.000, y=  60.000, z=   0.000
  Object   : x=  -0.000, y=  14.975, z= 555.288
  Detector : x=  -8.000, y=  -5.000, z= 800.000
  Obj rotY :   0.0000 deg
view   0 | SOD= 557.132 mm | SDD= 802.742 mm | M= 1.441 | incident=4.7367°
[[ 239.26144    -501.12192     -45.02462   ]
 [-110.69163     218.3931       19.97538   ]
 [   0.13557692    0.0632381     0.        ]
 [   0.            0.            0.1496    ]]
Residual vector length: 135, Jacobian shape: (135, 6)
view   0 | SOD= 557.135 mm | SDD= 802.742 mm | M= 1.441 | incident=4.7367°
[[ 239.28764    -501.11237     -45.023773  ]
 [-110.701225    218.38522      19.976227  ]
 [   0.13557377    0.06324484    0.        ]
 [   0.            0.            0.1496    ]]

iter 37 cost=1.377953 -> 1.398354 |dtheta|=4.458978e-03  lambda=2.441e+02

============================================================
Iteration 38
============================================================
Theta offsets (Unity frame):
  Source   : dSx=   0.000, dSy=   0.000, dSz=   0.000  (mm)
  Object   : dOx= -18.000, dOy=  -8.025, dOz= -24.712  (mm)
  Object offset: offset_x=  -0.002, offset_z=  -0.000  (mm)
  Detector : dDx=   0.000, dDy=   0.000, dDz=   0.000  (mm)
  Obj Stage rotY :   25.006 deg
============================================================

Unity geometry (world coordinates):
  Source   : x=   5.000, y=  60.000, z=   0.000
  Object   : x=  -0.000, y=  14.975, z= 555.288
  Detector : x=  -8.000, y=  -5.000, z= 800.000
  Obj rotY :   0.0000 deg
view   0 | SOD= 557.132 mm | SDD= 802.742 mm | M= 1.441 | incident=4.7367°
[[ 239.26144    -501.12192     -45.02462   ]
 [-110.69163     218.3931       19.97538   ]
 [   0.13557692    0.0632381     0.        ]
 [   0.            0.            0.1496    ]]
Residual vector length: 135, Jacobian shape: (135, 6)
view   0 | SOD= 557.133 mm | SDD= 802.742 mm | M= 1.441 | incident=4.7367°
[[ 239.26991    -501.11835     -45.023758  ]
 [-110.69474     218.39104      19.976242  ]
 [   0.1355759     0.06324028    0.        ]
 [   0.            0.            0.1496    ]]

iter 38 cost=1.377953 -> 1.337364 |dtheta|=1.564760e-03  lambda=1.221e+03

============================================================
Iteration 39
============================================================
Theta offsets (Unity frame):
  Source   : dSx=   0.000, dSy=   0.000, dSz=   0.000  (mm)
  Object   : dOx= -18.000, dOy=  -8.024, dOz= -24.711  (mm)
  Object offset: offset_x=  -0.002, offset_z=  -0.001  (mm)
  Detector : dDx=   0.000, dDy=   0.000, dDz=   0.000  (mm)
  Obj Stage rotY :   25.007 deg
============================================================

Unity geometry (world coordinates):
  Source   : x=   5.000, y=  60.000, z=   0.000
  Object   : x=  -0.000, y=  14.976, z= 555.289
  Detector : x=  -8.000, y=  -5.000, z= 800.000
  Obj rotY :   0.0000 deg
view   0 | SOD= 557.133 mm | SDD= 802.742 mm | M= 1.441 | incident=4.7367°
[[ 239.26991    -501.11835     -45.023758  ]
 [-110.69474     218.39104      19.976242  ]
 [   0.1355759     0.06324028    0.        ]
 [   0.            0.            0.1496    ]]
Residual vector length: 135, Jacobian shape: (135, 6)
view   0 | SOD= 557.125 mm | SDD= 802.742 mm | M= 1.441 | incident=4.7367°
[[ 239.24406    -501.12183     -45.022785  ]
 [-110.68741     218.40369      19.977215  ]
 [   0.13557883    0.06323403    0.        ]
 [   0.            0.            0.1496    ]]

iter 39 cost=1.337364 -> 1.311193 |dtheta|=8.651625e-03  lambda=4.069e+02

============================================================
Iteration 40
============================================================
Theta offsets (Unity frame):
  Source   : dSx=   0.000, dSy=   0.000, dSz=   0.000  (mm)
  Object   : dOx= -18.000, dOy=  -8.023, dOz= -24.720  (mm)
  Object offset: offset_x=  -0.003, offset_z=  -0.001  (mm)
  Detector : dDx=   0.000, dDy=   0.000, dDz=   0.000  (mm)
  Obj Stage rotY :   25.004 deg
============================================================

Unity geometry (world coordinates):
  Source   : x=   5.000, y=  60.000, z=   0.000
  Object   : x=  -0.000, y=  14.977, z= 555.280
  Detector : x=  -8.000, y=  -5.000, z= 800.000
  Obj rotY :   0.0000 deg
view   0 | SOD= 557.125 mm | SDD= 802.742 mm | M= 1.441 | incident=4.7367°
[[ 239.24406    -501.12183     -45.022785  ]
 [-110.68741     218.40369      19.977215  ]
 [   0.13557883    0.06323403    0.        ]
 [   0.            0.            0.1496    ]]
Residual vector length: 135, Jacobian shape: (135, 6)
view   0 | SOD= 557.122 mm | SDD= 802.742 mm | M= 1.441 | incident=4.7367°
[[ 239.18915    -501.14526     -45.022232  ]
 [-110.66642     218.41716      19.97777   ]
 [   0.13558549    0.06321973    0.        ]
 [   0.            0.            0.1496    ]]

iter 40 cost=1.311193 -> 1.296241 |dtheta|=7.968316e-03  lambda=1.356e+02

============================================================
Iteration 41
============================================================
Theta offsets (Unity frame):
  Source   : dSx=   0.000, dSy=   0.000, dSz=   0.000  (mm)
  Object   : dOx= -18.000, dOy=  -8.022, dOz= -24.724  (mm)
  Object offset: offset_x=  -0.002, offset_z=   0.002  (mm)
  Detector : dDx=   0.000, dDy=   0.000, dDz=   0.000  (mm)
  Obj Stage rotY :   24.998 deg
============================================================

Unity geometry (world coordinates):
  Source   : x=   5.000, y=  60.000, z=   0.000
  Object   : x=   0.000, y=  14.978, z= 555.276
  Detector : x=  -8.000, y=  -5.000, z= 800.000
  Obj rotY :   0.0000 deg
view   0 | SOD= 557.122 mm | SDD= 802.742 mm | M= 1.441 | incident=4.7367°
[[ 239.18915    -501.14526     -45.022232  ]
 [-110.66642     218.41716      19.97777   ]
 [   0.13558549    0.06321973    0.        ]
 [   0.            0.            0.1496    ]]
Residual vector length: 135, Jacobian shape: (135, 6)
view   0 | SOD= 557.094 mm | SDD= 802.742 mm | M= 1.441 | incident=4.7367°
[[ 239.15047   -501.13324    -45.019554 ]
 [-110.66411    218.44911     19.980446 ]
 [   0.1355891    0.063212     0.       ]
 [   0.           0.           0.1496   ]]

iter 41 cost=1.296241 -> 1.182993 |dtheta|=2.616596e-02  lambda=4.521e+01

============================================================
Iteration 42
============================================================
Theta offsets (Unity frame):
  Source   : dSx=   0.000, dSy=   0.000, dSz=   0.000  (mm)
  Object   : dOx= -18.001, dOy=  -8.020, dOz= -24.750  (mm)
  Object offset: offset_x=  -0.003, offset_z=  -0.000  (mm)
  Detector : dDx=   0.000, dDy=   0.000, dDz=   0.000  (mm)
  Obj Stage rotY :   24.995 deg
============================================================

Unity geometry (world coordinates):
  Source   : x=   5.000, y=  60.000, z=   0.000
  Object   : x=  -0.001, y=  14.980, z= 555.250
  Detector : x=  -8.000, y=  -5.000, z= 800.000
  Obj rotY :   0.0000 deg
view   0 | SOD= 557.094 mm | SDD= 802.742 mm | M= 1.441 | incident=4.7367°
[[ 239.15047   -501.13324    -45.019554 ]
 [-110.66411    218.44911     19.980446 ]
 [   0.1355891    0.063212     0.       ]
 [   0.           0.           0.1496   ]]
Residual vector length: 135, Jacobian shape: (135, 6)
view   0 | SOD= 557.045 mm | SDD= 802.742 mm | M= 1.441 | incident=4.7367°
[[ 239.10738    -501.09933     -45.014503  ]
 [-110.67785     218.49728      19.985497  ]
 [   0.13559167    0.06320647    0.        ]
 [   0.            0.            0.1496    ]]

iter 42 cost=1.182993 -> 0.941317 |dtheta|=5.023142e-02  lambda=1.507e+01

============================================================
Iteration 43
============================================================
Theta offsets (Unity frame):
  Source   : dSx=   0.000, dSy=   0.000, dSz=   0.000  (mm)
  Object   : dOx= -18.000, dOy=  -8.015, dOz= -24.800  (mm)
  Object offset: offset_x=  -0.001, offset_z=   0.001  (mm)
  Detector : dDx=   0.000, dDy=   0.000, dDz=   0.000  (mm)
  Obj Stage rotY :   24.993 deg
============================================================

Unity geometry (world coordinates):
  Source   : x=   5.000, y=  60.000, z=   0.000
  Object   : x=  -0.000, y=  14.985, z= 555.200
  Detector : x=  -8.000, y=  -5.000, z= 800.000
  Obj rotY :   0.0000 deg
view   0 | SOD= 557.045 mm | SDD= 802.742 mm | M= 1.441 | incident=4.7367°
[[ 239.10738    -501.09933     -45.014503  ]
 [-110.67785     218.49728      19.985497  ]
 [   0.13559167    0.06320647    0.        ]
 [   0.            0.            0.1496    ]]
Residual vector length: 135, Jacobian shape: (135, 6)
view   0 | SOD= 557.013 mm | SDD= 802.742 mm | M= 1.441 | incident=4.7367°
[[ 239.15932    -501.03918     -45.011345  ]
 [-110.718506    218.5124       19.988653  ]
 [   0.13558353    0.06322392    0.        ]
 [   0.            0.            0.1496    ]]

iter 43 cost=0.941317 -> 0.816328 |dtheta|=3.221285e-02  lambda=5.023e+00

============================================================
Iteration 44
============================================================
Theta offsets (Unity frame):
  Source   : dSx=   0.000, dSy=   0.000, dSz=   0.000  (mm)
  Object   : dOx= -18.001, dOy=  -8.011, dOz= -24.831  (mm)
  Object offset: offset_x=  -0.002, offset_z=  -0.000  (mm)
  Detector : dDx=   0.000, dDy=   0.000, dDz=   0.000  (mm)
  Obj Stage rotY :   25.000 deg
============================================================

Unity geometry (world coordinates):
  Source   : x=   5.000, y=  60.000, z=   0.000
  Object   : x=  -0.001, y=  14.989, z= 555.169
  Detector : x=  -8.000, y=  -5.000, z= 800.000
  Obj rotY :   0.0000 deg
view   0 | SOD= 557.013 mm | SDD= 802.742 mm | M= 1.441 | incident=4.7367°
[[ 239.15932    -501.03918     -45.011345  ]
 [-110.718506    218.5124       19.988653  ]
 [   0.13558353    0.06322392    0.        ]
 [   0.            0.            0.1496    ]]
Residual vector length: 135, Jacobian shape: (135, 6)
view   0 | SOD= 556.993 mm | SDD= 802.742 mm | M= 1.441 | incident=4.7367°
[[ 239.12843    -501.03174     -45.01055   ]
 [-110.71718     218.53552      19.98945   ]
 [   0.13558637    0.06321785    0.        ]
 [   0.            0.            0.1496    ]]

iter 44 cost=0.816328 -> 0.757737 |dtheta|=2.013967e-02  lambda=1.674e+00

============================================================
Iteration 45
============================================================
Theta offsets (Unity frame):
  Source   : dSx=   0.000, dSy=   0.000, dSz=   0.000  (mm)
  Object   : dOx= -18.000, dOy=  -8.011, dOz= -24.851  (mm)
  Object offset: offset_x=  -0.002, offset_z=  -0.000  (mm)
  Detector : dDx=   0.000, dDy=   0.000, dDz=   0.000  (mm)
  Obj Stage rotY :   24.998 deg
============================================================

Unity geometry (world coordinates):
  Source   : x=   5.000, y=  60.000, z=   0.000
  Object   : x=  -0.000, y=  14.989, z= 555.149
  Detector : x=  -8.000, y=  -5.000, z= 800.000
  Obj rotY :   0.0000 deg
view   0 | SOD= 556.993 mm | SDD= 802.742 mm | M= 1.441 | incident=4.7367°
[[ 239.12843    -501.03174     -45.01055   ]
 [-110.71718     218.53552      19.98945   ]
 [   0.13558637    0.06321785    0.        ]
 [   0.            0.            0.1496    ]]
Residual vector length: 135, Jacobian shape: (135, 6)
view   0 | SOD= 556.974 mm | SDD= 802.742 mm | M= 1.441 | incident=4.7367°
[[ 239.22781    -500.96304     -45.009087  ]
 [-110.77458     218.52797      19.990913  ]
 [   0.13557258    0.06324739    0.        ]
 [   0.            0.            0.1496    ]]

iter 45 cost=0.757737 -> 0.699936 |dtheta|=2.353815e-02  lambda=5.582e-01

============================================================
Iteration 46
============================================================
Theta offsets (Unity frame):
  Source   : dSx=   0.000, dSy=   0.000, dSz=   0.000  (mm)
  Object   : dOx= -18.000, dOy=  -8.009, dOz= -24.871  (mm)
  Object offset: offset_x=  -0.001, offset_z=   0.000  (mm)
  Detector : dDx=   0.000, dDy=   0.000, dDz=   0.000  (mm)
  Obj Stage rotY :   25.010 deg
============================================================

Unity geometry (world coordinates):
  Source   : x=   5.000, y=  60.000, z=   0.000
  Object   : x=   0.000, y=  14.991, z= 555.129
  Detector : x=  -8.000, y=  -5.000, z= 800.000
  Obj rotY :   0.0000 deg
view   0 | SOD= 556.974 mm | SDD= 802.742 mm | M= 1.441 | incident=4.7367°
[[ 239.22781    -500.96304     -45.009087  ]
 [-110.77458     218.52797      19.990913  ]
 [   0.13557258    0.06324739    0.        ]
 [   0.            0.            0.1496    ]]
Residual vector length: 135, Jacobian shape: (135, 6)
view   0 | SOD= 556.966 mm | SDD= 802.742 mm | M= 1.441 | incident=4.7367°
[[ 239.09348    -501.0184      -45.00853   ]
 [-110.7192      218.56488      19.991472  ]
 [   0.13558926    0.06321164    0.        ]
 [   0.            0.            0.1496    ]]

iter 46 cost=0.699936 -> 0.687457 |dtheta|=1.716538e-02  lambda=1.861e-01

============================================================
Iteration 47
============================================================
Theta offsets (Unity frame):
  Source   : dSx=   0.000, dSy=   0.000, dSz=   0.000  (mm)
  Object   : dOx= -18.000, dOy=  -8.009, dOz= -24.879  (mm)
  Object offset: offset_x=  -0.002, offset_z=   0.001  (mm)
  Detector : dDx=   0.000, dDy=   0.000, dDz=   0.000  (mm)
  Obj Stage rotY :   24.995 deg
============================================================

Unity geometry (world coordinates):
  Source   : x=   5.000, y=  60.000, z=   0.000
  Object   : x=   0.000, y=  14.991, z= 555.121
  Detector : x=  -8.000, y=  -5.000, z= 800.000
  Obj rotY :   0.0000 deg
view   0 | SOD= 556.966 mm | SDD= 802.742 mm | M= 1.441 | incident=4.7367°
[[ 239.09348    -501.0184      -45.00853   ]
 [-110.7192      218.56488      19.991472  ]
 [   0.13558926    0.06321164    0.        ]
 [   0.            0.            0.1496    ]]
Residual vector length: 135, Jacobian shape: (135, 6)
view   0 | SOD= 556.963 mm | SDD= 802.742 mm | M= 1.441 | incident=4.7367°
[[ 239.15558    -500.9861      -45.008118  ]
 [-110.74777     218.55307      19.991882  ]
 [   0.1355813     0.06322873    0.        ]
 [   0.            0.            0.1496    ]]

iter 47 cost=0.687457 -> 0.655873 |dtheta|=7.521652e-03  lambda=6.202e-02

============================================================
Iteration 48
============================================================
Theta offsets (Unity frame):
  Source   : dSx=   0.000, dSy=   0.000, dSz=   0.000  (mm)
  Object   : dOx= -18.000, dOy=  -8.008, dOz= -24.881  (mm)
  Object offset: offset_x=  -0.002, offset_z=   0.000  (mm)
  Detector : dDx=   0.000, dDy=   0.000, dDz=   0.000  (mm)
  Obj Stage rotY :   25.002 deg
============================================================

Unity geometry (world coordinates):
  Source   : x=   5.000, y=  60.000, z=   0.000
  Object   : x=   0.000, y=  14.992, z= 555.119
  Detector : x=  -8.000, y=  -5.000, z= 800.000
  Obj rotY :   0.0000 deg
view   0 | SOD= 556.963 mm | SDD= 802.742 mm | M= 1.441 | incident=4.7367°
[[ 239.15558    -500.9861      -45.008118  ]
 [-110.74777     218.55307      19.991882  ]
 [   0.1355813     0.06322873    0.        ]
 [   0.            0.            0.1496    ]]
Residual vector length: 135, Jacobian shape: (135, 6)
view   0 | SOD= 556.958 mm | SDD= 802.742 mm | M= 1.441 | incident=4.7367°
[[ 239.10565    -501.00412     -45.007595  ]
 [-110.729546    218.56819      19.992405  ]
 [   0.13558729    0.06321589    0.        ]
 [   0.            0.            0.1496    ]]

iter 48 cost=0.655873 -> 0.676008 |dtheta|=7.699377e-03  lambda=2.067e-02

============================================================
Iteration 49
============================================================
Theta offsets (Unity frame):
  Source   : dSx=   0.000, dSy=   0.000, dSz=   0.000  (mm)
  Object   : dOx= -18.000, dOy=  -8.008, dOz= -24.881  (mm)
  Object offset: offset_x=  -0.002, offset_z=   0.000  (mm)
  Detector : dDx=   0.000, dDy=   0.000, dDz=   0.000  (mm)
  Obj Stage rotY :   25.002 deg
============================================================

Unity geometry (world coordinates):
  Source   : x=   5.000, y=  60.000, z=   0.000
  Object   : x=   0.000, y=  14.992, z= 555.119
  Detector : x=  -8.000, y=  -5.000, z= 800.000
  Obj rotY :   0.0000 deg
view   0 | SOD= 556.963 mm | SDD= 802.742 mm | M= 1.441 | incident=4.7367°
[[ 239.15558    -500.9861      -45.008118  ]
 [-110.74777     218.55307      19.991882  ]
 [   0.1355813     0.06322873    0.        ]
 [   0.            0.            0.1496    ]]
Residual vector length: 135, Jacobian shape: (135, 6)
view   0 | SOD= 556.958 mm | SDD= 802.742 mm | M= 1.441 | incident=4.7367°
[[ 239.10567    -501.00412     -45.007595  ]
 [-110.72955     218.56819      19.992405  ]
 [   0.13558728    0.06321589    0.        ]
 [   0.            0.            0.1496    ]]

iter 49 cost=0.655873 -> 0.676008 |dtheta|=7.692685e-03  lambda=1.034e-01

============================================================
Iteration 50
============================================================
Theta offsets (Unity frame):
  Source   : dSx=   0.000, dSy=   0.000, dSz=   0.000  (mm)
  Object   : dOx= -18.000, dOy=  -8.008, dOz= -24.881  (mm)
  Object offset: offset_x=  -0.002, offset_z=   0.000  (mm)
  Detector : dDx=   0.000, dDy=   0.000, dDz=   0.000  (mm)
  Obj Stage rotY :   25.002 deg
============================================================

Unity geometry (world coordinates):
  Source   : x=   5.000, y=  60.000, z=   0.000
  Object   : x=   0.000, y=  14.992, z= 555.119
  Detector : x=  -8.000, y=  -5.000, z= 800.000
  Obj rotY :   0.0000 deg
view   0 | SOD= 556.963 mm | SDD= 802.742 mm | M= 1.441 | incident=4.7367°
[[ 239.15558    -500.9861      -45.008118  ]
 [-110.74777     218.55307      19.991882  ]
 [   0.1355813     0.06322873    0.        ]
 [   0.            0.            0.1496    ]]
Residual vector length: 135, Jacobian shape: (135, 6)
view   0 | SOD= 556.958 mm | SDD= 802.742 mm | M= 1.441 | incident=4.7367°
[[ 239.10574    -501.0041      -45.0076    ]
 [-110.72958     218.56818      19.992401  ]
 [   0.13558728    0.06321591    0.        ]
 [   0.            0.            0.1496    ]]

iter 50 cost=0.655873 -> 0.676008 |dtheta|=7.659520e-03  lambda=5.168e-01

============================================================
Iteration 51
============================================================
Theta offsets (Unity frame):
  Source   : dSx=   0.000, dSy=   0.000, dSz=   0.000  (mm)
  Object   : dOx= -18.000, dOy=  -8.008, dOz= -24.881  (mm)
  Object offset: offset_x=  -0.002, offset_z=   0.000  (mm)
  Detector : dDx=   0.000, dDy=   0.000, dDz=   0.000  (mm)
  Obj Stage rotY :   25.002 deg
============================================================

Unity geometry (world coordinates):
  Source   : x=   5.000, y=  60.000, z=   0.000
  Object   : x=   0.000, y=  14.992, z= 555.119
  Detector : x=  -8.000, y=  -5.000, z= 800.000
  Obj rotY :   0.0000 deg
view   0 | SOD= 556.963 mm | SDD= 802.742 mm | M= 1.441 | incident=4.7367°
[[ 239.15558    -500.9861      -45.008118  ]
 [-110.74777     218.55307      19.991882  ]
 [   0.1355813     0.06322873    0.        ]
 [   0.            0.            0.1496    ]]
Residual vector length: 135, Jacobian shape: (135, 6)
view   0 | SOD= 556.958 mm | SDD= 802.742 mm | M= 1.441 | incident=4.7367°
[[ 239.10617    -501.0041      -45.00761   ]
 [-110.72965     218.56793      19.99239   ]
 [   0.13558723    0.06321601    0.        ]
 [   0.            0.            0.1496    ]]

iter 51 cost=0.655873 -> 0.672737 |dtheta|=7.500708e-03  lambda=2.584e+00

============================================================
Iteration 52
============================================================
Theta offsets (Unity frame):
  Source   : dSx=   0.000, dSy=   0.000, dSz=   0.000  (mm)
  Object   : dOx= -18.000, dOy=  -8.008, dOz= -24.881  (mm)
  Object offset: offset_x=  -0.002, offset_z=   0.000  (mm)
  Detector : dDx=   0.000, dDy=   0.000, dDz=   0.000  (mm)
  Obj Stage rotY :   25.002 deg
============================================================

Unity geometry (world coordinates):
  Source   : x=   5.000, y=  60.000, z=   0.000
  Object   : x=   0.000, y=  14.992, z= 555.119
  Detector : x=  -8.000, y=  -5.000, z= 800.000
  Obj rotY :   0.0000 deg
view   0 | SOD= 556.963 mm | SDD= 802.742 mm | M= 1.441 | incident=4.7367°
[[ 239.15558    -500.9861      -45.008118  ]
 [-110.74777     218.55307      19.991882  ]
 [   0.1355813     0.06322873    0.        ]
 [   0.            0.            0.1496    ]]
Residual vector length: 135, Jacobian shape: (135, 6)
view   0 | SOD= 556.959 mm | SDD= 802.742 mm | M= 1.441 | incident=4.7367°
[[ 239.10818    -501.004       -45.00766   ]
 [-110.73002     218.56686      19.992338  ]
 [   0.13558702    0.06321646    0.        ]
 [   0.            0.            0.1496    ]]

iter 52 cost=0.655873 -> 0.684240 |dtheta|=6.847033e-03  lambda=1.292e+01

============================================================
Iteration 53
============================================================
Theta offsets (Unity frame):
  Source   : dSx=   0.000, dSy=   0.000, dSz=   0.000  (mm)
  Object   : dOx= -18.000, dOy=  -8.008, dOz= -24.881  (mm)
  Object offset: offset_x=  -0.002, offset_z=   0.000  (mm)
  Detector : dDx=   0.000, dDy=   0.000, dDz=   0.000  (mm)
  Obj Stage rotY :   25.002 deg
============================================================

Unity geometry (world coordinates):
  Source   : x=   5.000, y=  60.000, z=   0.000
  Object   : x=   0.000, y=  14.992, z= 555.119
  Detector : x=  -8.000, y=  -5.000, z= 800.000
  Obj rotY :   0.0000 deg
view   0 | SOD= 556.963 mm | SDD= 802.742 mm | M= 1.441 | incident=4.7367°
[[ 239.15558    -500.9861      -45.008118  ]
 [-110.74777     218.55307      19.991882  ]
 [   0.1355813     0.06322873    0.        ]
 [   0.            0.            0.1496    ]]
Residual vector length: 135, Jacobian shape: (135, 6)
view   0 | SOD= 556.961 mm | SDD= 802.742 mm | M= 1.441 | incident=4.7367°
[[ 239.11583    -501.00238     -45.00779   ]
 [-110.73218     218.5637       19.992208  ]
 [   0.13558616    0.0632183     0.        ]
 [   0.            0.            0.1496    ]]

iter 53 cost=0.655873 -> 0.683431 |dtheta|=5.147227e-03  lambda=6.460e+01

============================================================
Iteration 54
============================================================
Theta offsets (Unity frame):
  Source   : dSx=   0.000, dSy=   0.000, dSz=   0.000  (mm)
  Object   : dOx= -18.000, dOy=  -8.008, dOz= -24.881  (mm)
  Object offset: offset_x=  -0.002, offset_z=   0.000  (mm)
  Detector : dDx=   0.000, dDy=   0.000, dDz=   0.000  (mm)
  Obj Stage rotY :   25.002 deg
============================================================

Unity geometry (world coordinates):
  Source   : x=   5.000, y=  60.000, z=   0.000
  Object   : x=   0.000, y=  14.992, z= 555.119
  Detector : x=  -8.000, y=  -5.000, z= 800.000
  Obj rotY :   0.0000 deg
view   0 | SOD= 556.963 mm | SDD= 802.742 mm | M= 1.441 | incident=4.7367°
[[ 239.15558    -500.9861      -45.008118  ]
 [-110.74777     218.55307      19.991882  ]
 [   0.1355813     0.06322873    0.        ]
 [   0.            0.            0.1496    ]]
Residual vector length: 135, Jacobian shape: (135, 6)
view   0 | SOD= 556.963 mm | SDD= 802.742 mm | M= 1.441 | incident=4.7367°
[[ 239.13295    -500.99597     -45.00793   ]
 [-110.73866     218.55865      19.99207   ]
 [   0.13558409    0.06322275    0.        ]
 [   0.            0.            0.1496    ]]

iter 54 cost=0.655873 -> 0.695343 |dtheta|=2.806215e-03  lambda=3.230e+02

============================================================
Iteration 55
============================================================
Theta offsets (Unity frame):
  Source   : dSx=   0.000, dSy=   0.000, dSz=   0.000  (mm)
  Object   : dOx= -18.000, dOy=  -8.008, dOz= -24.881  (mm)
  Object offset: offset_x=  -0.002, offset_z=   0.000  (mm)
  Detector : dDx=   0.000, dDy=   0.000, dDz=   0.000  (mm)
  Obj Stage rotY :   25.002 deg
============================================================

Unity geometry (world coordinates):
  Source   : x=   5.000, y=  60.000, z=   0.000
  Object   : x=   0.000, y=  14.992, z= 555.119
  Detector : x=  -8.000, y=  -5.000, z= 800.000
  Obj rotY :   0.0000 deg
view   0 | SOD= 556.963 mm | SDD= 802.742 mm | M= 1.441 | incident=4.7367°
[[ 239.15558    -500.9861      -45.008118  ]
 [-110.74777     218.55307      19.991882  ]
 [   0.1355813     0.06322873    0.        ]
 [   0.            0.            0.1496    ]]
Residual vector length: 135, Jacobian shape: (135, 6)
view   0 | SOD= 556.963 mm | SDD= 802.742 mm | M= 1.441 | incident=4.7367°
[[ 239.14807    -500.98938     -45.00801   ]
 [-110.74483     218.5549       19.991987  ]
 [   0.13558221    0.06322676    0.        ]
 [   0.            0.            0.1496    ]]

iter 55 cost=0.655873 -> 0.690982 |dtheta|=1.154987e-03  lambda=1.615e+03

============================================================
Iteration 56
============================================================
Theta offsets (Unity frame):
  Source   : dSx=   0.000, dSy=   0.000, dSz=   0.000  (mm)
  Object   : dOx= -18.000, dOy=  -8.008, dOz= -24.881  (mm)
  Object offset: offset_x=  -0.002, offset_z=   0.000  (mm)
  Detector : dDx=   0.000, dDy=   0.000, dDz=   0.000  (mm)
  Obj Stage rotY :   25.002 deg
============================================================

Unity geometry (world coordinates):
  Source   : x=   5.000, y=  60.000, z=   0.000
  Object   : x=   0.000, y=  14.992, z= 555.119
  Detector : x=  -8.000, y=  -5.000, z= 800.000
  Obj rotY :   0.0000 deg
view   0 | SOD= 556.963 mm | SDD= 802.742 mm | M= 1.441 | incident=4.7367°
[[ 239.15558    -500.9861      -45.008118  ]
 [-110.74777     218.55307      19.991882  ]
 [   0.1355813     0.06322873    0.        ]
 [   0.            0.            0.1496    ]]
Residual vector length: 135, Jacobian shape: (135, 6)
view   0 | SOD= 556.963 mm | SDD= 802.742 mm | M= 1.441 | incident=4.7367°
[[ 239.15376    -500.98685     -45.008068  ]
 [-110.747055    218.55357      19.991932  ]
 [   0.13558152    0.06322825    0.        ]
 [   0.            0.            0.1496    ]]

iter 56 cost=0.655873 -> 0.668241 |dtheta|=4.362466e-04  lambda=8.075e+03

============================================================
Iteration 57
============================================================
Theta offsets (Unity frame):
  Source   : dSx=   0.000, dSy=   0.000, dSz=   0.000  (mm)
  Object   : dOx= -18.000, dOy=  -8.008, dOz= -24.881  (mm)
  Object offset: offset_x=  -0.002, offset_z=   0.000  (mm)
  Detector : dDx=   0.000, dDy=   0.000, dDz=   0.000  (mm)
  Obj Stage rotY :   25.002 deg
============================================================

Unity geometry (world coordinates):
  Source   : x=   5.000, y=  60.000, z=   0.000
  Object   : x=   0.000, y=  14.992, z= 555.119
  Detector : x=  -8.000, y=  -5.000, z= 800.000
  Obj rotY :   0.0000 deg
view   0 | SOD= 556.963 mm | SDD= 802.742 mm | M= 1.441 | incident=4.7367°
[[ 239.15558    -500.9861      -45.008118  ]
 [-110.74777     218.55307      19.991882  ]
 [   0.1355813     0.06322873    0.        ]
 [   0.            0.            0.1496    ]]
Residual vector length: 135, Jacobian shape: (135, 6)
view   0 | SOD= 556.963 mm | SDD= 802.742 mm | M= 1.441 | incident=4.7367°
[[ 239.15521    -500.9863      -45.008102  ]
 [-110.7476      218.55316      19.991898  ]
 [   0.13558134    0.06322863    0.        ]
 [   0.            0.            0.1496    ]]

iter 57 cost=0.655873 -> 0.658798 |dtheta|=1.180281e-04  lambda=4.038e+04

============================================================
Iteration 58
============================================================
Theta offsets (Unity frame):
  Source   : dSx=   0.000, dSy=   0.000, dSz=   0.000  (mm)
  Object   : dOx= -18.000, dOy=  -8.008, dOz= -24.881  (mm)
  Object offset: offset_x=  -0.002, offset_z=   0.000  (mm)
  Detector : dDx=   0.000, dDy=   0.000, dDz=   0.000  (mm)
  Obj Stage rotY :   25.002 deg
============================================================

Unity geometry (world coordinates):
  Source   : x=   5.000, y=  60.000, z=   0.000
  Object   : x=   0.000, y=  14.992, z= 555.119
  Detector : x=  -8.000, y=  -5.000, z= 800.000
  Obj rotY :   0.0000 deg
view   0 | SOD= 556.963 mm | SDD= 802.742 mm | M= 1.441 | incident=4.7367°
[[ 239.15558    -500.9861      -45.008118  ]
 [-110.74777     218.55307      19.991882  ]
 [   0.1355813     0.06322873    0.        ]
 [   0.            0.            0.1496    ]]
Residual vector length: 135, Jacobian shape: (135, 6)
view   0 | SOD= 556.963 mm | SDD= 802.742 mm | M= 1.441 | incident=4.7367°
[[ 239.1555     -500.98615     -45.008114  ]
 [-110.747734    218.55309      19.991886  ]
 [   0.1355813     0.06322871    0.        ]
 [   0.            0.            0.1496    ]]

iter 58 cost=0.655873 -> 0.655873 |dtheta|=2.559508e-05  lambda=2.019e+05

============================================================
Iteration 59
============================================================
Theta offsets (Unity frame):
  Source   : dSx=   0.000, dSy=   0.000, dSz=   0.000  (mm)
  Object   : dOx= -18.000, dOy=  -8.008, dOz= -24.881  (mm)
  Object offset: offset_x=  -0.002, offset_z=   0.000  (mm)
  Detector : dDx=   0.000, dDy=   0.000, dDz=   0.000  (mm)
  Obj Stage rotY :   25.002 deg
============================================================

Unity geometry (world coordinates):
  Source   : x=   5.000, y=  60.000, z=   0.000
  Object   : x=   0.000, y=  14.992, z= 555.119
  Detector : x=  -8.000, y=  -5.000, z= 800.000
  Obj rotY :   0.0000 deg
view   0 | SOD= 556.963 mm | SDD= 802.742 mm | M= 1.441 | incident=4.7367°
[[ 239.15558    -500.9861      -45.008118  ]
 [-110.74777     218.55307      19.991882  ]
 [   0.1355813     0.06322873    0.        ]
 [   0.            0.            0.1496    ]]
Residual vector length: 135, Jacobian shape: (135, 6)
view   0 | SOD= 556.963 mm | SDD= 802.742 mm | M= 1.441 | incident=4.7367°
[[ 239.15556    -500.98615     -45.008118  ]
 [-110.747765    218.55307      19.991882  ]
 [   0.1355813     0.06322873    0.        ]
 [   0.            0.            0.1496    ]]

iter 59 cost=0.655873 -> 0.655873 |dtheta|=5.257482e-06  lambda=1.000e+06

============================================================
Iteration 60
============================================================
Theta offsets (Unity frame):
  Source   : dSx=   0.000, dSy=   0.000, dSz=   0.000  (mm)
  Object   : dOx= -18.000, dOy=  -8.008, dOz= -24.881  (mm)
  Object offset: offset_x=  -0.002, offset_z=   0.000  (mm)
  Detector : dDx=   0.000, dDy=   0.000, dDz=   0.000  (mm)
  Obj Stage rotY :   25.002 deg
============================================================

Unity geometry (world coordinates):
  Source   : x=   5.000, y=  60.000, z=   0.000
  Object   : x=   0.000, y=  14.992, z= 555.119
  Detector : x=  -8.000, y=  -5.000, z= 800.000
  Obj rotY :   0.0000 deg
view   0 | SOD= 556.963 mm | SDD= 802.742 mm | M= 1.441 | incident=4.7367°
[[ 239.15558    -500.9861      -45.008118  ]
 [-110.74777     218.55307      19.991882  ]
 [   0.1355813     0.06322873    0.        ]
 [   0.            0.            0.1496    ]]
Residual vector length: 135, Jacobian shape: (135, 6)
view   0 | SOD= 556.963 mm | SDD= 802.742 mm | M= 1.441 | incident=4.7367°
[[ 239.15556    -500.98615     -45.008118  ]
 [-110.747765    218.55307      19.991882  ]
 [   0.1355813     0.06322873    0.        ]
 [   0.            0.            0.1496    ]]

iter 60 cost=0.655873 -> 0.655873 |dtheta|=5.257482e-06  lambda=1.000e+06

============================================================
Iteration 61
============================================================
Theta offsets (Unity frame):
  Source   : dSx=   0.000, dSy=   0.000, dSz=   0.000  (mm)
  Object   : dOx= -18.000, dOy=  -8.008, dOz= -24.881  (mm)
  Object offset: offset_x=  -0.002, offset_z=   0.000  (mm)
  Detector : dDx=   0.000, dDy=   0.000, dDz=   0.000  (mm)
  Obj Stage rotY :   25.002 deg
============================================================

Unity geometry (world coordinates):
  Source   : x=   5.000, y=  60.000, z=   0.000
  Object   : x=   0.000, y=  14.992, z= 555.119
  Detector : x=  -8.000, y=  -5.000, z= 800.000
  Obj rotY :   0.0000 deg
view   0 | SOD= 556.963 mm | SDD= 802.742 mm | M= 1.441 | incident=4.7367°
[[ 239.15558    -500.9861      -45.008118  ]
 [-110.74777     218.55307      19.991882  ]
 [   0.1355813     0.06322873    0.        ]
 [   0.            0.            0.1496    ]]
Residual vector length: 135, Jacobian shape: (135, 6)
view   0 | SOD= 556.963 mm | SDD= 802.742 mm | M= 1.441 | incident=4.7367°
[[ 239.15556    -500.98615     -45.008118  ]
 [-110.747765    218.55307      19.991882  ]
 [   0.1355813     0.06322873    0.        ]
 [   0.            0.            0.1496    ]]

iter 61 cost=0.655873 -> 0.655873 |dtheta|=5.257482e-06  lambda=1.000e+06

============================================================
Iteration 62
============================================================
Theta offsets (Unity frame):
  Source   : dSx=   0.000, dSy=   0.000, dSz=   0.000  (mm)
  Object   : dOx= -18.000, dOy=  -8.008, dOz= -24.881  (mm)
  Object offset: offset_x=  -0.002, offset_z=   0.000  (mm)
  Detector : dDx=   0.000, dDy=   0.000, dDz=   0.000  (mm)
  Obj Stage rotY :   25.002 deg
============================================================

Unity geometry (world coordinates):
  Source   : x=   5.000, y=  60.000, z=   0.000
  Object   : x=   0.000, y=  14.992, z= 555.119
  Detector : x=  -8.000, y=  -5.000, z= 800.000
  Obj rotY :   0.0000 deg
view   0 | SOD= 556.963 mm | SDD= 802.742 mm | M= 1.441 | incident=4.7367°
[[ 239.15558    -500.9861      -45.008118  ]
 [-110.74777     218.55307      19.991882  ]
 [   0.1355813     0.06322873    0.        ]
 [   0.            0.            0.1496    ]]
Residual vector length: 135, Jacobian shape: (135, 6)
view   0 | SOD= 556.963 mm | SDD= 802.742 mm | M= 1.441 | incident=4.7367°
[[ 239.15556    -500.98615     -45.008118  ]
 [-110.747765    218.55307      19.991882  ]
 [   0.1355813     0.06322873    0.        ]
 [   0.            0.            0.1496    ]]

iter 62 cost=0.655873 -> 0.655873 |dtheta|=5.257482e-06  lambda=1.000e+06

============================================================
Iteration 63
============================================================
Theta offsets (Unity frame):
  Source   : dSx=   0.000, dSy=   0.000, dSz=   0.000  (mm)
  Object   : dOx= -18.000, dOy=  -8.008, dOz= -24.881  (mm)
  Object offset: offset_x=  -0.002, offset_z=   0.000  (mm)
  Detector : dDx=   0.000, dDy=   0.000, dDz=   0.000  (mm)
  Obj Stage rotY :   25.002 deg
============================================================

Unity geometry (world coordinates):
  Source   : x=   5.000, y=  60.000, z=   0.000
  Object   : x=   0.000, y=  14.992, z= 555.119
  Detector : x=  -8.000, y=  -5.000, z= 800.000
  Obj rotY :   0.0000 deg
view   0 | SOD= 556.963 mm | SDD= 802.742 mm | M= 1.441 | incident=4.7367°
[[ 239.15558    -500.9861      -45.008118  ]
 [-110.74777     218.55307      19.991882  ]
 [   0.1355813     0.06322873    0.        ]
 [   0.            0.            0.1496    ]]
Residual vector length: 135, Jacobian shape: (135, 6)
view   0 | SOD= 556.963 mm | SDD= 802.742 mm | M= 1.441 | incident=4.7367°
[[ 239.15556    -500.98615     -45.008118  ]
 [-110.747765    218.55307      19.991882  ]
 [   0.1355813     0.06322873    0.        ]
 [   0.            0.            0.1496    ]]

iter 63 cost=0.655873 -> 0.655873 |dtheta|=5.257482e-06  lambda=1.000e+06

============================================================
Iteration 64
============================================================
Theta offsets (Unity frame):
  Source   : dSx=   0.000, dSy=   0.000, dSz=   0.000  (mm)
  Object   : dOx= -18.000, dOy=  -8.008, dOz= -24.881  (mm)
  Object offset: offset_x=  -0.002, offset_z=   0.000  (mm)
  Detector : dDx=   0.000, dDy=   0.000, dDz=   0.000  (mm)
  Obj Stage rotY :   25.002 deg
============================================================

Unity geometry (world coordinates):
  Source   : x=   5.000, y=  60.000, z=   0.000
  Object   : x=   0.000, y=  14.992, z= 555.119
  Detector : x=  -8.000, y=  -5.000, z= 800.000
  Obj rotY :   0.0000 deg
view   0 | SOD= 556.963 mm | SDD= 802.742 mm | M= 1.441 | incident=4.7367°
[[ 239.15558    -500.9861      -45.008118  ]
 [-110.74777     218.55307      19.991882  ]
 [   0.1355813     0.06322873    0.        ]
 [   0.            0.            0.1496    ]]
Residual vector length: 135, Jacobian shape: (135, 6)
view   0 | SOD= 556.963 mm | SDD= 802.742 mm | M= 1.441 | incident=4.7367°
[[ 239.15556    -500.98615     -45.008118  ]
 [-110.747765    218.55307      19.991882  ]
 [   0.1355813     0.06322873    0.        ]
 [   0.            0.            0.1496    ]]

iter 64 cost=0.655873 -> 0.655873 |dtheta|=5.257482e-06  lambda=1.000e+06

============================================================
Iteration 65
============================================================
Theta offsets (Unity frame):
  Source   : dSx=   0.000, dSy=   0.000, dSz=   0.000  (mm)
  Object   : dOx= -18.000, dOy=  -8.008, dOz= -24.881  (mm)
  Object offset: offset_x=  -0.002, offset_z=   0.000  (mm)
  Detector : dDx=   0.000, dDy=   0.000, dDz=   0.000  (mm)
  Obj Stage rotY :   25.002 deg
============================================================

Unity geometry (world coordinates):
  Source   : x=   5.000, y=  60.000, z=   0.000
  Object   : x=   0.000, y=  14.992, z= 555.119
  Detector : x=  -8.000, y=  -5.000, z= 800.000
  Obj rotY :   0.0000 deg
view   0 | SOD= 556.963 mm | SDD= 802.742 mm | M= 1.441 | incident=4.7367°
[[ 239.15558    -500.9861      -45.008118  ]
 [-110.74777     218.55307      19.991882  ]
 [   0.1355813     0.06322873    0.        ]
 [   0.            0.            0.1496    ]]
Residual vector length: 135, Jacobian shape: (135, 6)
view   0 | SOD= 556.963 mm | SDD= 802.742 mm | M= 1.441 | incident=4.7367°
[[ 239.15556    -500.98615     -45.008118  ]
 [-110.747765    218.55307      19.991882  ]
 [   0.1355813     0.06322873    0.        ]
 [   0.            0.            0.1496    ]]

iter 65 cost=0.655873 -> 0.655873 |dtheta|=5.257482e-06  lambda=1.000e+06
Stalled.

Estimated theta:
  dSx: +0.000000
  dSy: +0.000000
  dOx: -17.999650
  dOy: -8.008117
  dOz: -24.880894
  dDx: +0.000000
  dDy: +0.000000
  dDz: +0.000000
alpha: +2.500213e+01 deg)
offset_x: -0.002398
offset_z: +0.000245

Final cost table:
Fake theta: [  0.   0. -18.  -8. -25.   0.   0.   0.  25.   0.   0.]
Final estimated theta: [  0.           0.         -17.99965019  -8.00811733 -24.88089429
   0.           0.           0.          25.00212858  -0.00239831
   0.00024509]
Diff from Expected: [ 0.          0.          0.00034981 -0.00811733  0.11910571  0.
  0.          0.          0.00212858 -0.00239831  0.00024509]
################################################################################

