Phantom already exists, skipping: cuboid_phantom_3_small.npy

################################################################################
Running cuboid=small scenario=G4 N_ANGLES=15, K=3
view   0 | SOD= 568.374 mm | SDD= 691.050 mm | M= 1.216 | incident=3.1588°
[[  24.733675   -567.4833      -20.        ]
 [   3.6013086   122.35616      15.        ]
 [   0.14939497    0.00782946    0.        ]
 [   0.            0.            0.1496    ]]
           image          x1          y1  area1          x2          y2  area2          x3          y3  area3
0   proj_000.png  472.589641  170.187251    753  364.600840  305.568627    714  472.692513  450.421123    748
1   proj_001.png  440.087582  170.343791    765  396.378187  305.096317    706  440.097240  451.492773    761
2   proj_002.png  403.735874  170.293035    761  431.531161  305.024079    706  403.720685  451.670619    759
3   proj_003.png  369.721268  170.248349    757  464.556962  305.436006    711  369.722955  450.779683    758
4   proj_004.png  344.550201  170.105756    747  489.711888  306.341259    715  344.512032  449.018717    748
5   proj_005.png  332.348361  169.974044    732  502.886584  307.539419    723  332.370068  446.726531    735
6   proj_006.png  335.081346  169.716690    713  501.473901  308.699176    728  335.108298  444.465541    711
7   proj_007.png  351.872011  169.579466    711  485.350598  309.961487    753  351.922535  442.490141    710
8   proj_008.png  379.632022  169.500000    712  457.226316  310.753947    760  379.651685  441.123596    712
9   proj_009.png  413.852691  169.471671    706  421.917323  311.043307    762  413.854520  440.481638    708
10  proj_010.png  448.709497  169.500000    716  385.889764  310.821522    762  448.588732  440.811268    710
11  proj_011.png  478.442737  169.557263    716  355.648541  310.068966    754  478.437762  442.197203    715
12  proj_012.png  498.002755  169.691460    726  336.574324  309.021622    740  498.042759  444.064828    725
13  proj_013.png  504.135802  169.939643    729  331.773925  307.718447    721  504.120166  446.343923    724
14  proj_014.png  495.110363  170.096904    743  341.825419  306.530726    716  495.086022  448.584677    744

============================================================
Iteration 0
============================================================
Theta offsets (Unity frame):
  Source   : dSx=   0.000, dSy=   0.000, dSz=   0.000  (mm)
  Object   : dOx=   0.000, dOy=   0.000, dOz=   0.000  (mm)
  Object offset: offset_x=   0.000, offset_z=   0.000  (mm)
  Detector : dDx=   0.000, dDy=   0.000, dDz=   0.000  (mm)
  Obj Stage rotY :    0.000 deg
============================================================

Unity geometry (world coordinates):
  Source   : x=  -5.000, y=  38.000, z=   0.000
  Object   : x=   7.000, y=  20.000, z= 576.000
  Detector : x=  10.000, y=   3.000, z= 690.000
  Obj rotY :   0.0000 deg
view   0 | SOD= 576.406 mm | SDD= 691.050 mm | M= 1.199 | incident=3.1588°
[[ -12.     -576.      -18.    ]
 [   3.      114.       17.    ]
 [   0.1496    0.        0.    ]
 [   0.        0.        0.1496]]
Residual vector length: 135, Jacobian shape: (135, 6)
view   0 | SOD= 579.792 mm | SDD= 691.050 mm | M= 1.192 | incident=3.1588°
[[  42.80998    -577.86786     -19.856503  ]
 [  -2.3586106   110.81551      15.143497  ]
 [   0.14903122    0.01303288    0.        ]
 [   0.            0.            0.1496    ]]

iter 00 cost=77646.012768 -> 9438.200850 |dtheta|=7.875553e+00  lambda=1.000e+00

============================================================
Iteration 1
============================================================
Theta offsets (Unity frame):
  Source   : dSx=   0.000, dSy=   0.000, dSz=   0.000  (mm)
  Object   : dOx=  -4.492, dOy=  -1.857, dOz=   3.650  (mm)
  Object offset: offset_x=   0.188, offset_z=  -0.250  (mm)
  Detector : dDx=   0.000, dDy=   0.000, dDz=   0.000  (mm)
  Obj Stage rotY :    4.998 deg
============================================================

Unity geometry (world coordinates):
  Source   : x=  -5.000, y=  38.000, z=   0.000
  Object   : x=   2.508, y=  18.143, z= 579.650
  Detector : x=  10.000, y=   3.000, z= 690.000
  Obj rotY :   0.0000 deg
view   0 | SOD= 579.792 mm | SDD= 691.050 mm | M= 1.192 | incident=3.1588°
[[  42.80998    -577.86786     -19.856503  ]
 [  -2.3586106   110.81551      15.143497  ]
 [   0.14903122    0.01303288    0.        ]
 [   0.            0.            0.1496    ]]
Residual vector length: 135, Jacobian shape: (135, 6)
view   0 | SOD= 575.261 mm | SDD= 691.050 mm | M= 1.201 | incident=3.1588°
[[  31.329449   -574.0604      -19.948154  ]
 [   1.7482927   115.46837      15.051846  ]
 [   0.14928786    0.00965893    0.        ]
 [   0.            0.            0.1496    ]]

iter 01 cost=9438.200850 -> 691.803328 |dtheta|=5.506562e+00  lambda=3.333e-01

============================================================
Iteration 2
============================================================
Theta offsets (Unity frame):
  Source   : dSx=   0.000, dSy=   0.000, dSz=   0.000  (mm)
  Object   : dOx=  -6.494, dOy=  -1.948, dOz=  -1.293  (mm)
  Object offset: offset_x=   0.294, offset_z=   0.178  (mm)
  Detector : dDx=   0.000, dDy=   0.000, dDz=   0.000  (mm)
  Obj Stage rotY :    3.702 deg
============================================================

Unity geometry (world coordinates):
  Source   : x=  -5.000, y=  38.000, z=   0.000
  Object   : x=   0.506, y=  18.052, z= 574.707
  Detector : x=  10.000, y=   3.000, z= 690.000
  Obj rotY :   0.0000 deg
view   0 | SOD= 575.261 mm | SDD= 691.050 mm | M= 1.201 | incident=3.1588°
[[  31.329449   -574.0604      -19.948154  ]
 [   1.7482927   115.46837      15.051846  ]
 [   0.14928786    0.00965893    0.        ]
 [   0.            0.            0.1496    ]]
Residual vector length: 135, Jacobian shape: (135, 6)
view   0 | SOD= 573.877 mm | SDD= 691.050 mm | M= 1.204 | incident=3.1588°
[[  25.990528   -572.9364      -20.067     ]
 [   3.3886187   116.85641      14.933001  ]
 [   0.14937796    0.0081477     0.        ]
 [   0.            0.            0.1496    ]]

iter 02 cost=691.803328 -> 172.329418 |dtheta|=1.492110e+00  lambda=1.111e-01

============================================================
Iteration 3
============================================================
Theta offsets (Unity frame):
  Source   : dSx=   0.000, dSy=   0.000, dSz=   0.000  (mm)
  Object   : dOx=  -6.867, dOy=  -2.067, dOz=  -2.597  (mm)
  Object offset: offset_x=   0.119, offset_z=   0.098  (mm)
  Detector : dDx=   0.000, dDy=   0.000, dDz=   0.000  (mm)
  Obj Stage rotY :    3.122 deg
============================================================

Unity geometry (world coordinates):
  Source   : x=  -5.000, y=  38.000, z=   0.000
  Object   : x=   0.133, y=  17.933, z= 573.403
  Detector : x=  10.000, y=   3.000, z= 690.000
  Obj rotY :   0.0000 deg
view   0 | SOD= 573.877 mm | SDD= 691.050 mm | M= 1.204 | incident=3.1588°
[[  25.990528   -572.9364      -20.067     ]
 [   3.3886187   116.85641      14.933001  ]
 [   0.14937796    0.0081477     0.        ]
 [   0.            0.            0.1496    ]]
Residual vector length: 135, Jacobian shape: (135, 6)
view   0 | SOD= 573.264 mm | SDD= 691.050 mm | M= 1.205 | incident=3.1588°
[[  25.19738    -572.356       -20.144697  ]
 [   3.585425    117.46852      14.855303  ]
 [   0.1493895     0.00793332    0.        ]
 [   0.            0.            0.1496    ]]

iter 03 cost=172.329418 -> 115.034102 |dtheta|=5.533042e-01  lambda=3.704e-02

============================================================
Iteration 4
============================================================
Theta offsets (Unity frame):
  Source   : dSx=   0.000, dSy=   0.000, dSz=   0.000  (mm)
  Object   : dOx=  -6.899, dOy=  -2.145, dOz=  -3.130  (mm)
  Object offset: offset_x=   0.090, offset_z=   0.017  (mm)
  Detector : dDx=   0.000, dDy=   0.000, dDz=   0.000  (mm)
  Obj Stage rotY :    3.040 deg
============================================================

Unity geometry (world coordinates):
  Source   : x=  -5.000, y=  38.000, z=   0.000
  Object   : x=   0.101, y=  17.855, z= 572.870
  Detector : x=  10.000, y=   3.000, z= 690.000
  Obj rotY :   0.0000 deg
view   0 | SOD= 573.264 mm | SDD= 691.050 mm | M= 1.205 | incident=3.1588°
[[  25.19738    -572.356       -20.144697  ]
 [   3.585425    117.46852      14.855303  ]
 [   0.1493895     0.00793332    0.        ]
 [   0.            0.            0.1496    ]]
Residual vector length: 135, Jacobian shape: (135, 6)
view   0 | SOD= 572.760 mm | SDD= 691.050 mm | M= 1.207 | incident=3.1588°
[[  26.602064   -571.78723     -20.146072  ]
 [   3.3625555   117.98441      14.853928  ]
 [   0.14937036    0.00828578    0.        ]
 [   0.            0.            0.1496    ]]

iter 04 cost=115.034102 -> 87.645681 |dtheta|=5.260358e-01  lambda=1.235e-02

============================================================
Iteration 5
============================================================
Theta offsets (Unity frame):
  Source   : dSx=   0.000, dSy=   0.000, dSz=   0.000  (mm)
  Object   : dOx=  -6.947, dOy=  -2.146, dOz=  -3.635  (mm)
  Object offset: offset_x=   0.055, offset_z=   0.018  (mm)
  Detector : dDx=   0.000, dDy=   0.000, dDz=   0.000  (mm)
  Obj Stage rotY :    3.175 deg
============================================================

Unity geometry (world coordinates):
  Source   : x=  -5.000, y=  38.000, z=   0.000
  Object   : x=   0.053, y=  17.854, z= 572.365
  Detector : x=  10.000, y=   3.000, z= 690.000
  Obj rotY :   0.0000 deg
view   0 | SOD= 572.760 mm | SDD= 691.050 mm | M= 1.207 | incident=3.1588°
[[  26.602064   -571.78723     -20.146072  ]
 [   3.3625555   117.98441      14.853928  ]
 [   0.14937036    0.00828578    0.        ]
 [   0.            0.            0.1496    ]]
Residual vector length: 135, Jacobian shape: (135, 6)
view   0 | SOD= 572.031 mm | SDD= 691.050 mm | M= 1.208 | incident=3.1588°
[[  26.839048   -571.0467      -20.132463  ]
 [   3.311495    118.71517      14.867537  ]
 [   0.14936689    0.00834815    0.        ]
 [   0.            0.            0.1496    ]]

iter 05 cost=87.645681 -> 63.190639 |dtheta|=7.334007e-01  lambda=4.115e-03

============================================================
Iteration 6
============================================================
Theta offsets (Unity frame):
  Source   : dSx=   0.000, dSy=   0.000, dSz=   0.000  (mm)
  Object   : dOx=  -6.973, dOy=  -2.132, dOz=  -4.368  (mm)
  Object offset: offset_x=   0.042, offset_z=   0.022  (mm)
  Detector : dDx=   0.000, dDy=   0.000, dDz=   0.000  (mm)
  Obj Stage rotY :    3.199 deg
============================================================

Unity geometry (world coordinates):
  Source   : x=  -5.000, y=  38.000, z=   0.000
  Object   : x=   0.027, y=  17.868, z= 571.632
  Detector : x=  10.000, y=   3.000, z= 690.000
  Obj rotY :   0.0000 deg
view   0 | SOD= 572.031 mm | SDD= 691.050 mm | M= 1.208 | incident=3.1588°
[[  26.839048   -571.0467      -20.132463  ]
 [   3.311495    118.71517      14.867537  ]
 [   0.14936689    0.00834815    0.        ]
 [   0.            0.            0.1496    ]]
Residual vector length: 135, Jacobian shape: (135, 6)
view   0 | SOD= 571.330 mm | SDD= 691.050 mm | M= 1.210 | incident=3.1588°
[[  25.139175   -570.4231      -20.098724  ]
 [   3.6666505   119.40579      14.901276  ]
 [   0.1493911     0.00790313    0.        ]
 [   0.            0.            0.1496    ]]

iter 06 cost=63.190639 -> 41.434745 |dtheta|=7.183122e-01  lambda=1.372e-03

============================================================
Iteration 7
============================================================
Theta offsets (Unity frame):
  Source   : dSx=   0.000, dSy=   0.000, dSz=   0.000  (mm)
  Object   : dOx=  -6.995, dOy=  -2.099, dOz=  -5.064  (mm)
  Object offset: offset_x=   0.025, offset_z=   0.019  (mm)
  Detector : dDx=   0.000, dDy=   0.000, dDz=   0.000  (mm)
  Obj Stage rotY :    3.028 deg
============================================================

Unity geometry (world coordinates):
  Source   : x=  -5.000, y=  38.000, z=   0.000
  Object   : x=   0.005, y=  17.901, z= 570.936
  Detector : x=  10.000, y=   3.000, z= 690.000
  Obj rotY :   0.0000 deg
view   0 | SOD= 571.330 mm | SDD= 691.050 mm | M= 1.210 | incident=3.1588°
[[  25.139175   -570.4231      -20.098724  ]
 [   3.6666505   119.40579      14.901276  ]
 [   0.1493911     0.00790313    0.        ]
 [   0.            0.            0.1496    ]]
Residual vector length: 135, Jacobian shape: (135, 6)
view   0 | SOD= 570.720 mm | SDD= 691.050 mm | M= 1.211 | incident=3.1588°
[[  24.628824   -569.8344      -20.073158  ]
 [   3.7164702   120.01174      14.926842  ]
 [   0.14939746    0.00778181    0.        ]
 [   0.            0.            0.1496    ]]

iter 07 cost=41.434745 -> 25.983211 |dtheta|=6.236365e-01  lambda=4.572e-04

============================================================
Iteration 8
============================================================
Theta offsets (Unity frame):
  Source   : dSx=   0.000, dSy=   0.000, dSz=   0.000  (mm)
  Object   : dOx=  -6.989, dOy=  -2.073, dOz=  -5.685  (mm)
  Object offset: offset_x=   0.035, offset_z=   0.029  (mm)
  Detector : dDx=   0.000, dDy=   0.000, dDz=   0.000  (mm)
  Obj Stage rotY :    2.982 deg
============================================================

Unity geometry (world coordinates):
  Source   : x=  -5.000, y=  38.000, z=   0.000
  Object   : x=   0.011, y=  17.927, z= 570.315
  Detector : x=  10.000, y=   3.000, z= 690.000
  Obj rotY :   0.0000 deg
view   0 | SOD= 570.720 mm | SDD= 691.050 mm | M= 1.211 | incident=3.1588°
[[  24.628824   -569.8344      -20.073158  ]
 [   3.7164702   120.01174      14.926842  ]
 [   0.14939746    0.00778181    0.        ]
 [   0.            0.            0.1496    ]]
Residual vector length: 135, Jacobian shape: (135, 6)
view   0 | SOD= 570.166 mm | SDD= 691.050 mm | M= 1.212 | incident=3.1588°
[[  25.519402   -569.24054     -20.066685  ]
 [   3.5189495   120.57176      14.933315  ]
 [   0.149385      0.00801745    0.        ]
 [   0.            0.            0.1496    ]]

iter 08 cost=25.983211 -> 15.743096 |dtheta|=5.487763e-01  lambda=1.524e-04

============================================================
Iteration 9
============================================================
Theta offsets (Unity frame):
  Source   : dSx=   0.000, dSy=   0.000, dSz=   0.000  (mm)
  Object   : dOx=  -6.995, dOy=  -2.067, dOz=  -6.226  (mm)
  Object offset: offset_x=   0.020, offset_z=   0.016  (mm)
  Detector : dDx=   0.000, dDy=   0.000, dDz=   0.000  (mm)
  Obj Stage rotY :    3.072 deg
============================================================

Unity geometry (world coordinates):
  Source   : x=  -5.000, y=  38.000, z=   0.000
  Object   : x=   0.005, y=  17.933, z= 569.774
  Detector : x=  10.000, y=   3.000, z= 690.000
  Obj rotY :   0.0000 deg
view   0 | SOD= 570.166 mm | SDD= 691.050 mm | M= 1.212 | incident=3.1588°
[[  25.519402   -569.24054     -20.066685  ]
 [   3.5189495   120.57176      14.933315  ]
 [   0.149385      0.00801745    0.        ]
 [   0.            0.            0.1496    ]]
Residual vector length: 135, Jacobian shape: (135, 6)
view   0 | SOD= 569.813 mm | SDD= 691.050 mm | M= 1.213 | incident=3.1588°
[[  25.685272   -568.881       -20.052584  ]
 [   3.4854121   120.92492      14.947416  ]
 [   0.14938268    0.00806064    0.        ]
 [   0.            0.            0.1496    ]]

iter 09 cost=15.743096 -> 10.274245 |dtheta|=3.521475e-01  lambda=5.081e-05

============================================================
Iteration 10
============================================================
Theta offsets (Unity frame):
  Source   : dSx=   0.000, dSy=   0.000, dSz=   0.000  (mm)
  Object   : dOx=  -6.996, dOy=  -2.053, dOz=  -6.577  (mm)
  Object offset: offset_x=   0.000, offset_z=   0.016  (mm)
  Detector : dDx=   0.000, dDy=   0.000, dDz=   0.000  (mm)
  Obj Stage rotY :    3.089 deg
============================================================

Unity geometry (world coordinates):
  Source   : x=  -5.000, y=  38.000, z=   0.000
  Object   : x=   0.004, y=  17.947, z= 569.423
  Detector : x=  10.000, y=   3.000, z= 690.000
  Obj rotY :   0.0000 deg
view   0 | SOD= 569.813 mm | SDD= 691.050 mm | M= 1.213 | incident=3.1588°
[[  25.685272   -568.881       -20.052584  ]
 [   3.4854121   120.92492      14.947416  ]
 [   0.14938268    0.00806064    0.        ]
 [   0.            0.            0.1496    ]]
Residual vector length: 135, Jacobian shape: (135, 6)
view   0 | SOD= 569.550 mm | SDD= 691.050 mm | M= 1.213 | incident=3.1588°
[[  25.076012   -568.64484     -20.040825  ]
 [   3.6020315   121.18405      14.959175  ]
 [   0.14939108    0.00790344    0.        ]
 [   0.            0.            0.1496    ]]

iter 10 cost=10.274245 -> 7.013382 |dtheta|=2.663712e-01  lambda=1.694e-05

============================================================
Iteration 11
============================================================
Theta offsets (Unity frame):
  Source   : dSx=   0.000, dSy=   0.000, dSz=   0.000  (mm)
  Object   : dOx=  -6.992, dOy=  -2.041, dOz=  -6.836  (mm)
  Object offset: offset_x=  -0.007, offset_z=   0.012  (mm)
  Detector : dDx=   0.000, dDy=   0.000, dDz=   0.000  (mm)
  Obj Stage rotY :    3.028 deg
============================================================

Unity geometry (world coordinates):
  Source   : x=  -5.000, y=  38.000, z=   0.000
  Object   : x=   0.008, y=  17.959, z= 569.164
  Detector : x=  10.000, y=   3.000, z= 690.000
  Obj rotY :   0.0000 deg
view   0 | SOD= 569.550 mm | SDD= 691.050 mm | M= 1.213 | incident=3.1588°
[[  25.076012   -568.64484     -20.040825  ]
 [   3.6020315   121.18405      14.959175  ]
 [   0.14939108    0.00790344    0.        ]
 [   0.            0.            0.1496    ]]
Residual vector length: 135, Jacobian shape: (135, 6)
view   0 | SOD= 569.434 mm | SDD= 691.050 mm | M= 1.214 | incident=3.1588°
[[  25.343039   -568.51636     -20.045069  ]
 [   3.5375257   121.30212      14.954931  ]
 [   0.14938727    0.00797524    0.        ]
 [   0.            0.            0.1496    ]]

iter 11 cost=7.013382 -> 5.717596 |dtheta|=1.145178e-01  lambda=5.645e-06

============================================================
Iteration 12
============================================================
Theta offsets (Unity frame):
  Source   : dSx=   0.000, dSy=   0.000, dSz=   0.000  (mm)
  Object   : dOx=  -6.995, dOy=  -2.045, dOz=  -6.947  (mm)
  Object offset: offset_x=  -0.004, offset_z=   0.006  (mm)
  Detector : dDx=   0.000, dDy=   0.000, dDz=   0.000  (mm)
  Obj Stage rotY :    3.056 deg
============================================================

Unity geometry (world coordinates):
  Source   : x=  -5.000, y=  38.000, z=   0.000
  Object   : x=   0.005, y=  17.955, z= 569.053
  Detector : x=  10.000, y=   3.000, z= 690.000
  Obj rotY :   0.0000 deg
view   0 | SOD= 569.434 mm | SDD= 691.050 mm | M= 1.214 | incident=3.1588°
[[  25.343039   -568.51636     -20.045069  ]
 [   3.5375257   121.30212      14.954931  ]
 [   0.14938727    0.00797524    0.        ]
 [   0.            0.            0.1496    ]]
Residual vector length: 135, Jacobian shape: (135, 6)
view   0 | SOD= 569.204 mm | SDD= 691.050 mm | M= 1.214 | incident=3.1588°
[[  25.115139   -568.2965      -20.035458  ]
 [   3.5541892   121.52964      14.964542  ]
 [   0.14939009    0.00792227    0.        ]
 [   0.            0.            0.1496    ]]

iter 12 cost=5.717596 -> 3.760817 |dtheta|=2.277829e-01  lambda=1.882e-06

============================================================
Iteration 13
============================================================
Theta offsets (Unity frame):
  Source   : dSx=   0.000, dSy=   0.000, dSz=   0.000  (mm)
  Object   : dOx=  -6.993, dOy=  -2.035, dOz=  -7.173  (mm)
  Object offset: offset_x=   0.008, offset_z=   0.002  (mm)
  Detector : dDx=   0.000, dDy=   0.000, dDz=   0.000  (mm)
  Obj Stage rotY :    3.036 deg
============================================================

Unity geometry (world coordinates):
  Source   : x=  -5.000, y=  38.000, z=   0.000
  Object   : x=   0.007, y=  17.965, z= 568.827
  Detector : x=  10.000, y=   3.000, z= 690.000
  Obj rotY :   0.0000 deg
view   0 | SOD= 569.204 mm | SDD= 691.050 mm | M= 1.214 | incident=3.1588°
[[  25.115139   -568.2965      -20.035458  ]
 [   3.5541892   121.52964      14.964542  ]
 [   0.14939009    0.00792227    0.        ]
 [   0.            0.            0.1496    ]]
Residual vector length: 135, Jacobian shape: (135, 6)
view   0 | SOD= 569.019 mm | SDD= 691.050 mm | M= 1.214 | incident=3.1588°
[[  24.843555   -568.12354     -20.024529  ]
 [   3.5985506   121.71242      14.9754715 ]
 [   0.1493937     0.00785385    0.        ]
 [   0.            0.            0.1496    ]]

iter 13 cost=3.760817 -> 2.625420 |dtheta|=1.865157e-01  lambda=1.000e-06

============================================================
Iteration 14
============================================================
Theta offsets (Unity frame):
  Source   : dSx=   0.000, dSy=   0.000, dSz=   0.000  (mm)
  Object   : dOx=  -6.995, dOy=  -2.025, dOz=  -7.358  (mm)
  Object offset: offset_x=   0.011, offset_z=   0.002  (mm)
  Detector : dDx=   0.000, dDy=   0.000, dDz=   0.000  (mm)
  Obj Stage rotY :    3.009 deg
============================================================

Unity geometry (world coordinates):
  Source   : x=  -5.000, y=  38.000, z=   0.000
  Object   : x=   0.005, y=  17.975, z= 568.643
  Detector : x=  10.000, y=   3.000, z= 690.000
  Obj rotY :   0.0000 deg
view   0 | SOD= 569.019 mm | SDD= 691.050 mm | M= 1.214 | incident=3.1588°
[[  24.843555   -568.12354     -20.024529  ]
 [   3.5985506   121.71242      14.9754715 ]
 [   0.1493937     0.00785385    0.        ]
 [   0.            0.            0.1496    ]]
Residual vector length: 135, Jacobian shape: (135, 6)
view   0 | SOD= 568.943 mm | SDD= 691.050 mm | M= 1.215 | incident=3.1588°
[[  24.8524     -568.0474      -20.02334   ]
 [   3.599525    121.78831      14.97666   ]
 [   0.1493936     0.00785556    0.        ]
 [   0.            0.            0.1496    ]]

iter 14 cost=2.625420 -> 2.200978 |dtheta|=7.790811e-02  lambda=1.000e-06

============================================================
Iteration 15
============================================================
Theta offsets (Unity frame):
  Source   : dSx=   0.000, dSy=   0.000, dSz=   0.000  (mm)
  Object   : dOx=  -6.997, dOy=  -2.023, dOz=  -7.435  (mm)
  Object offset: offset_x=   0.008, offset_z=   0.004  (mm)
  Detector : dDx=   0.000, dDy=   0.000, dDz=   0.000  (mm)
  Obj Stage rotY :    3.010 deg
============================================================

Unity geometry (world coordinates):
  Source   : x=  -5.000, y=  38.000, z=   0.000
  Object   : x=   0.003, y=  17.977, z= 568.565
  Detector : x=  10.000, y=   3.000, z= 690.000
  Obj rotY :   0.0000 deg
view   0 | SOD= 568.943 mm | SDD= 691.050 mm | M= 1.215 | incident=3.1588°
[[  24.8524     -568.0474      -20.02334   ]
 [   3.599525    121.78831      14.97666   ]
 [   0.1493936     0.00785556    0.        ]
 [   0.            0.            0.1496    ]]
Residual vector length: 135, Jacobian shape: (135, 6)
view   0 | SOD= 568.871 mm | SDD= 691.050 mm | M= 1.215 | incident=3.1588°
[[  24.534773   -567.9885      -20.019573  ]
 [   3.6757615   121.85919      14.980427  ]
 [   0.14939807    0.00777026    0.        ]
 [   0.            0.            0.1496    ]]

iter 15 cost=2.200978 -> 1.856841 |dtheta|=8.432131e-02  lambda=1.000e-06

============================================================
Iteration 16
============================================================
Theta offsets (Unity frame):
  Source   : dSx=   0.000, dSy=   0.000, dSz=   0.000  (mm)
  Object   : dOx=  -7.002, dOy=  -2.020, dOz=  -7.512  (mm)
  Object offset: offset_x=   0.002, offset_z=   0.009  (mm)
  Detector : dDx=   0.000, dDy=   0.000, dDz=   0.000  (mm)
  Obj Stage rotY :    2.977 deg
============================================================

Unity geometry (world coordinates):
  Source   : x=  -5.000, y=  38.000, z=   0.000
  Object   : x=  -0.002, y=  17.980, z= 568.488
  Detector : x=  10.000, y=   3.000, z= 690.000
  Obj rotY :   0.0000 deg
view   0 | SOD= 568.871 mm | SDD= 691.050 mm | M= 1.215 | incident=3.1588°
[[  24.534773   -567.9885      -20.019573  ]
 [   3.6757615   121.85919      14.980427  ]
 [   0.14939807    0.00777026    0.        ]
 [   0.            0.            0.1496    ]]
Residual vector length: 135, Jacobian shape: (135, 6)
view   0 | SOD= 568.801 mm | SDD= 691.050 mm | M= 1.215 | incident=3.1588°
[[  24.595705   -567.9158      -20.018658  ]
 [   3.6528492   121.929436     14.981342  ]
 [   0.14939712    0.00778842    0.        ]
 [   0.            0.            0.1496    ]]

iter 16 cost=1.856841 -> 1.516526 |dtheta|=6.672883e-02  lambda=1.000e-06

============================================================
Iteration 17
============================================================
Theta offsets (Unity frame):
  Source   : dSx=   0.000, dSy=   0.000, dSz=   0.000  (mm)
  Object   : dOx=  -6.999, dOy=  -2.019, dOz=  -7.579  (mm)
  Object offset: offset_x=   0.003, offset_z=   0.005  (mm)
  Detector : dDx=   0.000, dDy=   0.000, dDz=   0.000  (mm)
  Obj Stage rotY :    2.984 deg
============================================================

Unity geometry (world coordinates):
  Source   : x=  -5.000, y=  38.000, z=   0.000
  Object   : x=   0.001, y=  17.981, z= 568.422
  Detector : x=  10.000, y=   3.000, z= 690.000
  Obj rotY :   0.0000 deg
view   0 | SOD= 568.801 mm | SDD= 691.050 mm | M= 1.215 | incident=3.1588°
[[  24.595705   -567.9158      -20.018658  ]
 [   3.6528492   121.929436     14.981342  ]
 [   0.14939712    0.00778842    0.        ]
 [   0.            0.            0.1496    ]]
Residual vector length: 135, Jacobian shape: (135, 6)
view   0 | SOD= 568.697 mm | SDD= 691.050 mm | M= 1.215 | incident=3.1588°
[[  24.749083   -567.8052      -20.012518  ]
 [   3.6155517   122.03422      14.987482  ]
 [   0.14939496    0.00782971    0.        ]
 [   0.            0.            0.1496    ]]

iter 17 cost=1.516526 -> 1.111055 |dtheta|=1.056293e-01  lambda=1.000e-06

============================================================
Iteration 18
============================================================
Theta offsets (Unity frame):
  Source   : dSx=   0.000, dSy=   0.000, dSz=   0.000  (mm)
  Object   : dOx=  -7.000, dOy=  -2.013, dOz=  -7.683  (mm)
  Object offset: offset_x=   0.003, offset_z=   0.005  (mm)
  Detector : dDx=   0.000, dDy=   0.000, dDz=   0.000  (mm)
  Obj Stage rotY :    3.000 deg
============================================================

Unity geometry (world coordinates):
  Source   : x=  -5.000, y=  38.000, z=   0.000
  Object   : x=  -0.000, y=  17.987, z= 568.317
  Detector : x=  10.000, y=   3.000, z= 690.000
  Obj rotY :   0.0000 deg
view   0 | SOD= 568.697 mm | SDD= 691.050 mm | M= 1.215 | incident=3.1588°
[[  24.749083   -567.8052      -20.012518  ]
 [   3.6155517   122.03422      14.987482  ]
 [   0.14939496    0.00782971    0.        ]
 [   0.            0.            0.1496    ]]
Residual vector length: 135, Jacobian shape: (135, 6)
view   0 | SOD= 568.629 mm | SDD= 691.050 mm | M= 1.215 | incident=3.1588°
[[  24.680683   -567.741       -20.008354  ]
 [   3.6233475   122.10069      14.991646  ]
 [   0.14939582    0.00781321    0.        ]
 [   0.            0.            0.1496    ]]

iter 18 cost=1.111055 -> 0.868492 |dtheta|=6.603401e-02  lambda=1.000e-06

============================================================
Iteration 19
============================================================
Theta offsets (Unity frame):
  Source   : dSx=   0.000, dSy=   0.000, dSz=   0.000  (mm)
  Object   : dOx=  -6.999, dOy=  -2.008, dOz=  -7.748  (mm)
  Object offset: offset_x=   0.004, offset_z=   0.003  (mm)
  Detector : dDx=   0.000, dDy=   0.000, dDz=   0.000  (mm)
  Obj Stage rotY :    2.994 deg
============================================================

Unity geometry (world coordinates):
  Source   : x=  -5.000, y=  38.000, z=   0.000
  Object   : x=   0.001, y=  17.992, z= 568.252
  Detector : x=  10.000, y=   3.000, z= 690.000
  Obj rotY :   0.0000 deg
view   0 | SOD= 568.629 mm | SDD= 691.050 mm | M= 1.215 | incident=3.1588°
[[  24.680683   -567.741       -20.008354  ]
 [   3.6233475   122.10069      14.991646  ]
 [   0.14939582    0.00781321    0.        ]
 [   0.            0.            0.1496    ]]
Residual vector length: 135, Jacobian shape: (135, 6)
view   0 | SOD= 568.544 mm | SDD= 691.050 mm | M= 1.215 | incident=3.1588°
[[  24.624765   -567.6577      -20.003101  ]
 [   3.6341975   122.186035     14.996899  ]
 [   0.14939658    0.00779875    0.        ]
 [   0.            0.            0.1496    ]]

iter 19 cost=0.868492 -> 0.654037 |dtheta|=8.458861e-02  lambda=1.000e-06

============================================================
Iteration 20
============================================================
Theta offsets (Unity frame):
  Source   : dSx=   0.000, dSy=   0.000, dSz=   0.000  (mm)
  Object   : dOx=  -6.999, dOy=  -2.003, dOz=  -7.832  (mm)
  Object offset: offset_x=   0.001, offset_z=   0.002  (mm)
  Detector : dDx=   0.000, dDy=   0.000, dDz=   0.000  (mm)
  Obj Stage rotY :    2.988 deg
============================================================

Unity geometry (world coordinates):
  Source   : x=  -5.000, y=  38.000, z=   0.000
  Object   : x=   0.001, y=  17.997, z= 568.168
  Detector : x=  10.000, y=   3.000, z= 690.000
  Obj rotY :   0.0000 deg
view   0 | SOD= 568.544 mm | SDD= 691.050 mm | M= 1.215 | incident=3.1588°
[[  24.624765   -567.6577      -20.003101  ]
 [   3.6341975   122.186035     14.996899  ]
 [   0.14939658    0.00779875    0.        ]
 [   0.            0.            0.1496    ]]
Residual vector length: 135, Jacobian shape: (135, 6)
view   0 | SOD= 568.497 mm | SDD= 691.050 mm | M= 1.216 | incident=3.1588°
[[  24.605408   -567.612       -20.00121   ]
 [   3.6384983   122.23249      14.998791  ]
 [   0.14939685    0.00779363    0.        ]
 [   0.            0.            0.1496    ]]

iter 20 cost=0.654037 -> 0.546992 |dtheta|=4.717348e-02  lambda=1.000e-06

============================================================
Iteration 21
============================================================
Theta offsets (Unity frame):
  Source   : dSx=   0.000, dSy=   0.000, dSz=   0.000  (mm)
  Object   : dOx=  -7.000, dOy=  -2.001, dOz=  -7.880  (mm)
  Object offset: offset_x=  -0.002, offset_z=   0.003  (mm)
  Detector : dDx=   0.000, dDy=   0.000, dDz=   0.000  (mm)
  Obj Stage rotY :    2.986 deg
============================================================

Unity geometry (world coordinates):
  Source   : x=  -5.000, y=  38.000, z=   0.000
  Object   : x=   0.000, y=  17.999, z= 568.120
  Detector : x=  10.000, y=   3.000, z= 690.000
  Obj rotY :   0.0000 deg
view   0 | SOD= 568.497 mm | SDD= 691.050 mm | M= 1.216 | incident=3.1588°
[[  24.605408   -567.612       -20.00121   ]
 [   3.6384983   122.23249      14.998791  ]
 [   0.14939685    0.00779363    0.        ]
 [   0.            0.            0.1496    ]]
Residual vector length: 135, Jacobian shape: (135, 6)
view   0 | SOD= 568.448 mm | SDD= 691.050 mm | M= 1.216 | incident=3.1588°
[[  24.5609     -567.5651      -20.000061  ]
 [   3.6417384   122.2808       14.999939  ]
 [   0.14939739    0.00778329    0.        ]
 [   0.            0.            0.1496    ]]

iter 21 cost=0.546992 -> 0.478379 |dtheta|=4.887735e-02  lambda=1.000e-06

============================================================
Iteration 22
============================================================
Theta offsets (Unity frame):
  Source   : dSx=   0.000, dSy=   0.000, dSz=   0.000  (mm)
  Object   : dOx=  -6.999, dOy=  -2.000, dOz=  -7.928  (mm)
  Object offset: offset_x=   0.000, offset_z=   0.002  (mm)
  Detector : dDx=   0.000, dDy=   0.000, dDz=   0.000  (mm)
  Obj Stage rotY :    2.982 deg
============================================================

Unity geometry (world coordinates):
  Source   : x=  -5.000, y=  38.000, z=   0.000
  Object   : x=   0.001, y=  18.000, z= 568.072
  Detector : x=  10.000, y=   3.000, z= 690.000
  Obj rotY :   0.0000 deg
view   0 | SOD= 568.448 mm | SDD= 691.050 mm | M= 1.216 | incident=3.1588°
[[  24.5609     -567.5651      -20.000061  ]
 [   3.6417384   122.2808       14.999939  ]
 [   0.14939739    0.00778329    0.        ]
 [   0.            0.            0.1496    ]]
Residual vector length: 135, Jacobian shape: (135, 6)
view   0 | SOD= 568.401 mm | SDD= 691.050 mm | M= 1.216 | incident=3.1588°
[[  24.669037   -567.51294     -19.998703  ]
 [   3.6164644   122.3289       15.001297  ]
 [   0.14939588    0.00781218    0.        ]
 [   0.            0.            0.1496    ]]

iter 22 cost=0.478379 -> 0.438868 |dtheta|=4.616407e-02  lambda=1.000e-06

============================================================
Iteration 23
============================================================
Theta offsets (Unity frame):
  Source   : dSx=   0.000, dSy=   0.000, dSz=   0.000  (mm)
  Object   : dOx=  -6.999, dOy=  -1.999, dOz=  -7.973  (mm)
  Object offset: offset_x=  -0.001, offset_z=  -0.000  (mm)
  Detector : dDx=   0.000, dDy=   0.000, dDz=   0.000  (mm)
  Obj Stage rotY :    2.993 deg
============================================================

Unity geometry (world coordinates):
  Source   : x=  -5.000, y=  38.000, z=   0.000
  Object   : x=   0.001, y=  18.001, z= 568.027
  Detector : x=  10.000, y=   3.000, z= 690.000
  Obj rotY :   0.0000 deg
view   0 | SOD= 568.401 mm | SDD= 691.050 mm | M= 1.216 | incident=3.1588°
[[  24.669037   -567.51294     -19.998703  ]
 [   3.6164644   122.3289       15.001297  ]
 [   0.14939588    0.00781218    0.        ]
 [   0.            0.            0.1496    ]]
Residual vector length: 135, Jacobian shape: (135, 6)
view   0 | SOD= 568.360 mm | SDD= 691.050 mm | M= 1.216 | incident=3.1588°
[[  24.596436   -567.47577     -19.997526  ]
 [   3.631291    122.36875      15.002474  ]
 [   0.14939687    0.00779324    0.        ]
 [   0.            0.            0.1496    ]]

iter 23 cost=0.438868 -> 0.428117 |dtheta|=4.175529e-02  lambda=1.000e-06

============================================================
Iteration 24
============================================================
Theta offsets (Unity frame):
  Source   : dSx=   0.000, dSy=   0.000, dSz=   0.000  (mm)
  Object   : dOx=  -7.001, dOy=  -1.998, dOz=  -8.014  (mm)
  Object offset: offset_x=  -0.000, offset_z=   0.000  (mm)
  Detector : dDx=   0.000, dDy=   0.000, dDz=   0.000  (mm)
  Obj Stage rotY :    2.986 deg
============================================================

Unity geometry (world coordinates):
  Source   : x=  -5.000, y=  38.000, z=   0.000
  Object   : x=  -0.001, y=  18.002, z= 567.986
  Detector : x=  10.000, y=   3.000, z= 690.000
  Obj rotY :   0.0000 deg
view   0 | SOD= 568.360 mm | SDD= 691.050 mm | M= 1.216 | incident=3.1588°
[[  24.596436   -567.47577     -19.997526  ]
 [   3.631291    122.36875      15.002474  ]
 [   0.14939687    0.00779324    0.        ]
 [   0.            0.            0.1496    ]]
Residual vector length: 135, Jacobian shape: (135, 6)
view   0 | SOD= 568.360 mm | SDD= 691.050 mm | M= 1.216 | incident=3.1588°
[[  24.646101   -567.4733      -19.99827   ]
 [   3.6198106   122.36935      15.00173   ]
 [   0.14939618    0.00780649    0.        ]
 [   0.            0.            0.1496    ]]

iter 24 cost=0.428117 -> 0.403460 |dtheta|=5.261193e-03  lambda=1.000e-06

============================================================
Iteration 25
============================================================
Theta offsets (Unity frame):
  Source   : dSx=   0.000, dSy=   0.000, dSz=   0.000  (mm)
  Object   : dOx=  -7.000, dOy=  -1.998, dOz=  -8.014  (mm)
  Object offset: offset_x=  -0.001, offset_z=   0.000  (mm)
  Detector : dDx=   0.000, dDy=   0.000, dDz=   0.000  (mm)
  Obj Stage rotY :    2.991 deg
============================================================

Unity geometry (world coordinates):
  Source   : x=  -5.000, y=  38.000, z=   0.000
  Object   : x=   0.000, y=  18.002, z= 567.986
  Detector : x=  10.000, y=   3.000, z= 690.000
  Obj rotY :   0.0000 deg
view   0 | SOD= 568.360 mm | SDD= 691.050 mm | M= 1.216 | incident=3.1588°
[[  24.646101   -567.4733      -19.99827   ]
 [   3.6198106   122.36935      15.00173   ]
 [   0.14939618    0.00780649    0.        ]
 [   0.            0.            0.1496    ]]
Residual vector length: 135, Jacobian shape: (135, 6)
view   0 | SOD= 568.336 mm | SDD= 691.050 mm | M= 1.216 | incident=3.1588°
[[  24.66132    -567.44867     -19.99708   ]
 [   3.617452    122.39343      15.00292   ]
 [   0.14939599    0.00781029    0.        ]
 [   0.            0.            0.1496    ]]

iter 25 cost=0.403460 -> 0.372558 |dtheta|=2.332378e-02  lambda=1.000e-06

============================================================
Iteration 26
============================================================
Theta offsets (Unity frame):
  Source   : dSx=   0.000, dSy=   0.000, dSz=   0.000  (mm)
  Object   : dOx=  -7.001, dOy=  -1.997, dOz=  -8.037  (mm)
  Object offset: offset_x=  -0.002, offset_z=  -0.000  (mm)
  Detector : dDx=   0.000, dDy=   0.000, dDz=   0.000  (mm)
  Obj Stage rotY :    2.993 deg
============================================================

Unity geometry (world coordinates):
  Source   : x=  -5.000, y=  38.000, z=   0.000
  Object   : x=  -0.001, y=  18.003, z= 567.963
  Detector : x=  10.000, y=   3.000, z= 690.000
  Obj rotY :   0.0000 deg
view   0 | SOD= 568.336 mm | SDD= 691.050 mm | M= 1.216 | incident=3.1588°
[[  24.66132    -567.44867     -19.99708   ]
 [   3.617452    122.39343      15.00292   ]
 [   0.14939599    0.00781029    0.        ]
 [   0.            0.            0.1496    ]]
Residual vector length: 135, Jacobian shape: (135, 6)
view   0 | SOD= 568.310 mm | SDD= 691.050 mm | M= 1.216 | incident=3.1588°
[[  24.666166   -567.4222      -19.99646   ]
 [   3.6127217   122.41967      15.00354   ]
 [   0.14939587    0.00781237    0.        ]
 [   0.            0.            0.1496    ]]

iter 26 cost=0.372558 -> 0.392939 |dtheta|=2.729692e-02  lambda=1.000e-06

============================================================
Iteration 27
============================================================
Theta offsets (Unity frame):
  Source   : dSx=   0.000, dSy=   0.000, dSz=   0.000  (mm)
  Object   : dOx=  -7.001, dOy=  -1.997, dOz=  -8.037  (mm)
  Object offset: offset_x=  -0.002, offset_z=  -0.000  (mm)
  Detector : dDx=   0.000, dDy=   0.000, dDz=   0.000  (mm)
  Obj Stage rotY :    2.993 deg
============================================================

Unity geometry (world coordinates):
  Source   : x=  -5.000, y=  38.000, z=   0.000
  Object   : x=  -0.001, y=  18.003, z= 567.963
  Detector : x=  10.000, y=   3.000, z= 690.000
  Obj rotY :   0.0000 deg
view   0 | SOD= 568.336 mm | SDD= 691.050 mm | M= 1.216 | incident=3.1588°
[[  24.66132    -567.44867     -19.99708   ]
 [   3.617452    122.39343      15.00292   ]
 [   0.14939599    0.00781029    0.        ]
 [   0.            0.            0.1496    ]]
Residual vector length: 135, Jacobian shape: (135, 6)
view   0 | SOD= 568.310 mm | SDD= 691.050 mm | M= 1.216 | incident=3.1588°
[[  24.666166   -567.4222      -19.99646   ]
 [   3.6127217   122.41967      15.00354   ]
 [   0.14939587    0.00781237    0.        ]
 [   0.            0.            0.1496    ]]

iter 27 cost=0.372558 -> 0.392939 |dtheta|=2.729692e-02  lambda=5.000e-06

============================================================
Iteration 28
============================================================
Theta offsets (Unity frame):
  Source   : dSx=   0.000, dSy=   0.000, dSz=   0.000  (mm)
  Object   : dOx=  -7.001, dOy=  -1.997, dOz=  -8.037  (mm)
  Object offset: offset_x=  -0.002, offset_z=  -0.000  (mm)
  Detector : dDx=   0.000, dDy=   0.000, dDz=   0.000  (mm)
  Obj Stage rotY :    2.993 deg
============================================================

Unity geometry (world coordinates):
  Source   : x=  -5.000, y=  38.000, z=   0.000
  Object   : x=  -0.001, y=  18.003, z= 567.963
  Detector : x=  10.000, y=   3.000, z= 690.000
  Obj rotY :   0.0000 deg
view   0 | SOD= 568.336 mm | SDD= 691.050 mm | M= 1.216 | incident=3.1588°
[[  24.66132    -567.44867     -19.99708   ]
 [   3.617452    122.39343      15.00292   ]
 [   0.14939599    0.00781029    0.        ]
 [   0.            0.            0.1496    ]]
Residual vector length: 135, Jacobian shape: (135, 6)
view   0 | SOD= 568.310 mm | SDD= 691.050 mm | M= 1.216 | incident=3.1588°
[[  24.666166   -567.4222      -19.99646   ]
 [   3.6127217   122.41967      15.00354   ]
 [   0.14939587    0.00781237    0.        ]
 [   0.            0.            0.1496    ]]

iter 28 cost=0.372558 -> 0.392939 |dtheta|=2.729691e-02  lambda=2.500e-05

============================================================
Iteration 29
============================================================
Theta offsets (Unity frame):
  Source   : dSx=   0.000, dSy=   0.000, dSz=   0.000  (mm)
  Object   : dOx=  -7.001, dOy=  -1.997, dOz=  -8.037  (mm)
  Object offset: offset_x=  -0.002, offset_z=  -0.000  (mm)
  Detector : dDx=   0.000, dDy=   0.000, dDz=   0.000  (mm)
  Obj Stage rotY :    2.993 deg
============================================================

Unity geometry (world coordinates):
  Source   : x=  -5.000, y=  38.000, z=   0.000
  Object   : x=  -0.001, y=  18.003, z= 567.963
  Detector : x=  10.000, y=   3.000, z= 690.000
  Obj rotY :   0.0000 deg
view   0 | SOD= 568.336 mm | SDD= 691.050 mm | M= 1.216 | incident=3.1588°
[[  24.66132    -567.44867     -19.99708   ]
 [   3.617452    122.39343      15.00292   ]
 [   0.14939599    0.00781029    0.        ]
 [   0.            0.            0.1496    ]]
Residual vector length: 135, Jacobian shape: (135, 6)
view   0 | SOD= 568.310 mm | SDD= 691.050 mm | M= 1.216 | incident=3.1588°
[[  24.666166   -567.4222      -19.99646   ]
 [   3.6127217   122.41967      15.00354   ]
 [   0.14939587    0.00781237    0.        ]
 [   0.            0.            0.1496    ]]

iter 29 cost=0.372558 -> 0.392939 |dtheta|=2.729686e-02  lambda=1.250e-04

============================================================
Iteration 30
============================================================
Theta offsets (Unity frame):
  Source   : dSx=   0.000, dSy=   0.000, dSz=   0.000  (mm)
  Object   : dOx=  -7.001, dOy=  -1.997, dOz=  -8.037  (mm)
  Object offset: offset_x=  -0.002, offset_z=  -0.000  (mm)
  Detector : dDx=   0.000, dDy=   0.000, dDz=   0.000  (mm)
  Obj Stage rotY :    2.993 deg
============================================================

Unity geometry (world coordinates):
  Source   : x=  -5.000, y=  38.000, z=   0.000
  Object   : x=  -0.001, y=  18.003, z= 567.963
  Detector : x=  10.000, y=   3.000, z= 690.000
  Obj rotY :   0.0000 deg
view   0 | SOD= 568.336 mm | SDD= 691.050 mm | M= 1.216 | incident=3.1588°
[[  24.66132    -567.44867     -19.99708   ]
 [   3.617452    122.39343      15.00292   ]
 [   0.14939599    0.00781029    0.        ]
 [   0.            0.            0.1496    ]]
Residual vector length: 135, Jacobian shape: (135, 6)
view   0 | SOD= 568.310 mm | SDD= 691.050 mm | M= 1.216 | incident=3.1588°
[[  24.666166   -567.4222      -19.99646   ]
 [   3.6127217   122.41967      15.00354   ]
 [   0.14939587    0.00781237    0.        ]
 [   0.            0.            0.1496    ]]

iter 30 cost=0.372558 -> 0.392939 |dtheta|=2.729662e-02  lambda=6.250e-04

============================================================
Iteration 31
============================================================
Theta offsets (Unity frame):
  Source   : dSx=   0.000, dSy=   0.000, dSz=   0.000  (mm)
  Object   : dOx=  -7.001, dOy=  -1.997, dOz=  -8.037  (mm)
  Object offset: offset_x=  -0.002, offset_z=  -0.000  (mm)
  Detector : dDx=   0.000, dDy=   0.000, dDz=   0.000  (mm)
  Obj Stage rotY :    2.993 deg
============================================================

Unity geometry (world coordinates):
  Source   : x=  -5.000, y=  38.000, z=   0.000
  Object   : x=  -0.001, y=  18.003, z= 567.963
  Detector : x=  10.000, y=   3.000, z= 690.000
  Obj rotY :   0.0000 deg
view   0 | SOD= 568.336 mm | SDD= 691.050 mm | M= 1.216 | incident=3.1588°
[[  24.66132    -567.44867     -19.99708   ]
 [   3.617452    122.39343      15.00292   ]
 [   0.14939599    0.00781029    0.        ]
 [   0.            0.            0.1496    ]]
Residual vector length: 135, Jacobian shape: (135, 6)
view   0 | SOD= 568.310 mm | SDD= 691.050 mm | M= 1.216 | incident=3.1588°
[[  24.666166   -567.4222      -19.99646   ]
 [   3.612722    122.41967      15.00354   ]
 [   0.14939587    0.00781237    0.        ]
 [   0.            0.            0.1496    ]]

iter 31 cost=0.372558 -> 0.392939 |dtheta|=2.729540e-02  lambda=3.125e-03

============================================================
Iteration 32
============================================================
Theta offsets (Unity frame):
  Source   : dSx=   0.000, dSy=   0.000, dSz=   0.000  (mm)
  Object   : dOx=  -7.001, dOy=  -1.997, dOz=  -8.037  (mm)
  Object offset: offset_x=  -0.002, offset_z=  -0.000  (mm)
  Detector : dDx=   0.000, dDy=   0.000, dDz=   0.000  (mm)
  Obj Stage rotY :    2.993 deg
============================================================

Unity geometry (world coordinates):
  Source   : x=  -5.000, y=  38.000, z=   0.000
  Object   : x=  -0.001, y=  18.003, z= 567.963
  Detector : x=  10.000, y=   3.000, z= 690.000
  Obj rotY :   0.0000 deg
view   0 | SOD= 568.336 mm | SDD= 691.050 mm | M= 1.216 | incident=3.1588°
[[  24.66132    -567.44867     -19.99708   ]
 [   3.617452    122.39343      15.00292   ]
 [   0.14939599    0.00781029    0.        ]
 [   0.            0.            0.1496    ]]
Residual vector length: 135, Jacobian shape: (135, 6)
view   0 | SOD= 568.310 mm | SDD= 691.050 mm | M= 1.216 | incident=3.1588°
[[  24.666166   -567.42224     -19.99646   ]
 [   3.612726    122.41961      15.00354   ]
 [   0.14939587    0.00781237    0.        ]
 [   0.            0.            0.1496    ]]

iter 32 cost=0.372558 -> 0.392939 |dtheta|=2.728931e-02  lambda=1.562e-02

============================================================
Iteration 33
============================================================
Theta offsets (Unity frame):
  Source   : dSx=   0.000, dSy=   0.000, dSz=   0.000  (mm)
  Object   : dOx=  -7.001, dOy=  -1.997, dOz=  -8.037  (mm)
  Object offset: offset_x=  -0.002, offset_z=  -0.000  (mm)
  Detector : dDx=   0.000, dDy=   0.000, dDz=   0.000  (mm)
  Obj Stage rotY :    2.993 deg
============================================================

Unity geometry (world coordinates):
  Source   : x=  -5.000, y=  38.000, z=   0.000
  Object   : x=  -0.001, y=  18.003, z= 567.963
  Detector : x=  10.000, y=   3.000, z= 690.000
  Obj rotY :   0.0000 deg
view   0 | SOD= 568.336 mm | SDD= 691.050 mm | M= 1.216 | incident=3.1588°
[[  24.66132    -567.44867     -19.99708   ]
 [   3.617452    122.39343      15.00292   ]
 [   0.14939599    0.00781029    0.        ]
 [   0.            0.            0.1496    ]]
Residual vector length: 135, Jacobian shape: (135, 6)
view   0 | SOD= 568.310 mm | SDD= 691.050 mm | M= 1.216 | incident=3.1588°
[[  24.666147   -567.42224     -19.996462  ]
 [   3.6127288   122.41961      15.003538  ]
 [   0.14939587    0.00781236    0.        ]
 [   0.            0.            0.1496    ]]

iter 33 cost=0.372558 -> 0.392939 |dtheta|=2.725890e-02  lambda=7.812e-02

============================================================
Iteration 34
============================================================
Theta offsets (Unity frame):
  Source   : dSx=   0.000, dSy=   0.000, dSz=   0.000  (mm)
  Object   : dOx=  -7.001, dOy=  -1.997, dOz=  -8.037  (mm)
  Object offset: offset_x=  -0.002, offset_z=  -0.000  (mm)
  Detector : dDx=   0.000, dDy=   0.000, dDz=   0.000  (mm)
  Obj Stage rotY :    2.993 deg
============================================================

Unity geometry (world coordinates):
  Source   : x=  -5.000, y=  38.000, z=   0.000
  Object   : x=  -0.001, y=  18.003, z= 567.963
  Detector : x=  10.000, y=   3.000, z= 690.000
  Obj rotY :   0.0000 deg
view   0 | SOD= 568.336 mm | SDD= 691.050 mm | M= 1.216 | incident=3.1588°
[[  24.66132    -567.44867     -19.99708   ]
 [   3.617452    122.39343      15.00292   ]
 [   0.14939599    0.00781029    0.        ]
 [   0.            0.            0.1496    ]]
Residual vector length: 135, Jacobian shape: (135, 6)
view   0 | SOD= 568.310 mm | SDD= 691.050 mm | M= 1.216 | incident=3.1588°
[[  24.666061   -567.42236     -19.99647   ]
 [   3.6127512   122.41949      15.0035305 ]
 [   0.14939587    0.00781234    0.        ]
 [   0.            0.            0.1496    ]]

iter 34 cost=0.372558 -> 0.392939 |dtheta|=2.710788e-02  lambda=3.906e-01

============================================================
Iteration 35
============================================================
Theta offsets (Unity frame):
  Source   : dSx=   0.000, dSy=   0.000, dSz=   0.000  (mm)
  Object   : dOx=  -7.001, dOy=  -1.997, dOz=  -8.037  (mm)
  Object offset: offset_x=  -0.002, offset_z=  -0.000  (mm)
  Detector : dDx=   0.000, dDy=   0.000, dDz=   0.000  (mm)
  Obj Stage rotY :    2.993 deg
============================================================

Unity geometry (world coordinates):
  Source   : x=  -5.000, y=  38.000, z=   0.000
  Object   : x=  -0.001, y=  18.003, z= 567.963
  Detector : x=  10.000, y=   3.000, z= 690.000
  Obj rotY :   0.0000 deg
view   0 | SOD= 568.336 mm | SDD= 691.050 mm | M= 1.216 | incident=3.1588°
[[  24.66132    -567.44867     -19.99708   ]
 [   3.617452    122.39343      15.00292   ]
 [   0.14939599    0.00781029    0.        ]
 [   0.            0.            0.1496    ]]
Residual vector length: 135, Jacobian shape: (135, 6)
view   0 | SOD= 568.311 mm | SDD= 691.050 mm | M= 1.216 | incident=3.1588°
[[  24.665659   -567.4231      -19.996506  ]
 [   3.6128662   122.41875      15.003494  ]
 [   0.14939588    0.00781223    0.        ]
 [   0.            0.            0.1496    ]]

iter 35 cost=0.372558 -> 0.392939 |dtheta|=2.637741e-02  lambda=1.953e+00

============================================================
Iteration 36
============================================================
Theta offsets (Unity frame):
  Source   : dSx=   0.000, dSy=   0.000, dSz=   0.000  (mm)
  Object   : dOx=  -7.001, dOy=  -1.997, dOz=  -8.037  (mm)
  Object offset: offset_x=  -0.002, offset_z=  -0.000  (mm)
  Detector : dDx=   0.000, dDy=   0.000, dDz=   0.000  (mm)
  Obj Stage rotY :    2.993 deg
============================================================

Unity geometry (world coordinates):
  Source   : x=  -5.000, y=  38.000, z=   0.000
  Object   : x=  -0.001, y=  18.003, z= 567.963
  Detector : x=  10.000, y=   3.000, z= 690.000
  Obj rotY :   0.0000 deg
view   0 | SOD= 568.336 mm | SDD= 691.050 mm | M= 1.216 | incident=3.1588°
[[  24.66132    -567.44867     -19.99708   ]
 [   3.617452    122.39343      15.00292   ]
 [   0.14939599    0.00781029    0.        ]
 [   0.            0.            0.1496    ]]
Residual vector length: 135, Jacobian shape: (135, 6)
view   0 | SOD= 568.314 mm | SDD= 691.050 mm | M= 1.216 | incident=3.1588°
[[  24.663967   -567.4263      -19.996664  ]
 [   3.6133502   122.41563      15.003336  ]
 [   0.1493959     0.00781175    0.        ]
 [   0.            0.            0.1496    ]]

iter 36 cost=0.372558 -> 0.394776 |dtheta|=2.324988e-02  lambda=9.766e+00

============================================================
Iteration 37
============================================================
Theta offsets (Unity frame):
  Source   : dSx=   0.000, dSy=   0.000, dSz=   0.000  (mm)
  Object   : dOx=  -7.001, dOy=  -1.997, dOz=  -8.037  (mm)
  Object offset: offset_x=  -0.002, offset_z=  -0.000  (mm)
  Detector : dDx=   0.000, dDy=   0.000, dDz=   0.000  (mm)
  Obj Stage rotY :    2.993 deg
============================================================

Unity geometry (world coordinates):
  Source   : x=  -5.000, y=  38.000, z=   0.000
  Object   : x=  -0.001, y=  18.003, z= 567.963
  Detector : x=  10.000, y=   3.000, z= 690.000
  Obj rotY :   0.0000 deg
view   0 | SOD= 568.336 mm | SDD= 691.050 mm | M= 1.216 | incident=3.1588°
[[  24.66132    -567.44867     -19.99708   ]
 [   3.617452    122.39343      15.00292   ]
 [   0.14939599    0.00781029    0.        ]
 [   0.            0.            0.1496    ]]
Residual vector length: 135, Jacobian shape: (135, 6)
view   0 | SOD= 568.323 mm | SDD= 691.050 mm | M= 1.216 | incident=3.1588°
[[  24.659756   -567.4351      -19.997095  ]
 [   3.6146023   122.40699      15.002905  ]
 [   0.14939597    0.00781057    0.        ]
 [   0.            0.            0.1496    ]]

iter 37 cost=0.372558 -> 0.397586 |dtheta|=1.464838e-02  lambda=4.883e+01

============================================================
Iteration 38
============================================================
Theta offsets (Unity frame):
  Source   : dSx=   0.000, dSy=   0.000, dSz=   0.000  (mm)
  Object   : dOx=  -7.001, dOy=  -1.997, dOz=  -8.037  (mm)
  Object offset: offset_x=  -0.002, offset_z=  -0.000  (mm)
  Detector : dDx=   0.000, dDy=   0.000, dDz=   0.000  (mm)
  Obj Stage rotY :    2.993 deg
============================================================

Unity geometry (world coordinates):
  Source   : x=  -5.000, y=  38.000, z=   0.000
  Object   : x=  -0.001, y=  18.003, z= 567.963
  Detector : x=  10.000, y=   3.000, z= 690.000
  Obj rotY :   0.0000 deg
view   0 | SOD= 568.336 mm | SDD= 691.050 mm | M= 1.216 | incident=3.1588°
[[  24.66132    -567.44867     -19.99708   ]
 [   3.617452    122.39343      15.00292   ]
 [   0.14939599    0.00781029    0.        ]
 [   0.            0.            0.1496    ]]
Residual vector length: 135, Jacobian shape: (135, 6)
view   0 | SOD= 568.332 mm | SDD= 691.050 mm | M= 1.216 | incident=3.1588°
[[  24.657202   -567.44446     -19.99754   ]
 [   3.6156645   122.397705     15.0024605 ]
 [   0.149396      0.00780979    0.        ]
 [   0.            0.            0.1496    ]]

iter 38 cost=0.372558 -> 0.384887 |dtheta|=5.395438e-03  lambda=2.441e+02

============================================================
Iteration 39
============================================================
Theta offsets (Unity frame):
  Source   : dSx=   0.000, dSy=   0.000, dSz=   0.000  (mm)
  Object   : dOx=  -7.001, dOy=  -1.997, dOz=  -8.037  (mm)
  Object offset: offset_x=  -0.002, offset_z=  -0.000  (mm)
  Detector : dDx=   0.000, dDy=   0.000, dDz=   0.000  (mm)
  Obj Stage rotY :    2.993 deg
============================================================

Unity geometry (world coordinates):
  Source   : x=  -5.000, y=  38.000, z=   0.000
  Object   : x=  -0.001, y=  18.003, z= 567.963
  Detector : x=  10.000, y=   3.000, z= 690.000
  Obj rotY :   0.0000 deg
view   0 | SOD= 568.336 mm | SDD= 691.050 mm | M= 1.216 | incident=3.1588°
[[  24.66132    -567.44867     -19.99708   ]
 [   3.617452    122.39343      15.00292   ]
 [   0.14939599    0.00781029    0.        ]
 [   0.            0.            0.1496    ]]
Residual vector length: 135, Jacobian shape: (135, 6)
view   0 | SOD= 568.336 mm | SDD= 691.050 mm | M= 1.216 | incident=3.1588°
[[  24.658651  -567.44806    -19.997599 ]
 [   3.6161342  122.39408     15.002401 ]
 [   0.149396     0.00781      0.       ]
 [   0.           0.           0.1496   ]]

iter 39 cost=0.372558 -> 0.379961 |dtheta|=1.807673e-03  lambda=1.221e+03

============================================================
Iteration 40
============================================================
Theta offsets (Unity frame):
  Source   : dSx=   0.000, dSy=   0.000, dSz=   0.000  (mm)
  Object   : dOx=  -7.001, dOy=  -1.997, dOz=  -8.037  (mm)
  Object offset: offset_x=  -0.002, offset_z=  -0.000  (mm)
  Detector : dDx=   0.000, dDy=   0.000, dDz=   0.000  (mm)
  Obj Stage rotY :    2.993 deg
============================================================

Unity geometry (world coordinates):
  Source   : x=  -5.000, y=  38.000, z=   0.000
  Object   : x=  -0.001, y=  18.003, z= 567.963
  Detector : x=  10.000, y=   3.000, z= 690.000
  Obj rotY :   0.0000 deg
view   0 | SOD= 568.336 mm | SDD= 691.050 mm | M= 1.216 | incident=3.1588°
[[  24.66132    -567.44867     -19.99708   ]
 [   3.617452    122.39343      15.00292   ]
 [   0.14939599    0.00781029    0.        ]
 [   0.            0.            0.1496    ]]
Residual vector length: 135, Jacobian shape: (135, 6)
view   0 | SOD= 568.336 mm | SDD= 691.050 mm | M= 1.216 | incident=3.1588°
[[  24.66032    -567.44867     -19.997362  ]
 [   3.6168416   122.393456     15.002638  ]
 [   0.14939599    0.00781021    0.        ]
 [   0.            0.            0.1496    ]]

iter 40 cost=0.372558 -> 0.372232 |dtheta|=6.542208e-04  lambda=6.104e+03

============================================================
Iteration 41
============================================================
Theta offsets (Unity frame):
  Source   : dSx=   0.000, dSy=   0.000, dSz=   0.000  (mm)
  Object   : dOx=  -7.000, dOy=  -1.997, dOz=  -8.038  (mm)
  Object offset: offset_x=  -0.001, offset_z=  -0.000  (mm)
  Detector : dDx=   0.000, dDy=   0.000, dDz=   0.000  (mm)
  Obj Stage rotY :    2.993 deg
============================================================

Unity geometry (world coordinates):
  Source   : x=  -5.000, y=  38.000, z=   0.000
  Object   : x=  -0.000, y=  18.003, z= 567.962
  Detector : x=  10.000, y=   3.000, z= 690.000
  Obj rotY :   0.0000 deg
view   0 | SOD= 568.336 mm | SDD= 691.050 mm | M= 1.216 | incident=3.1588°
[[  24.66032    -567.44867     -19.997362  ]
 [   3.6168416   122.393456     15.002638  ]
 [   0.14939599    0.00781021    0.        ]
 [   0.            0.            0.1496    ]]
Residual vector length: 135, Jacobian shape: (135, 6)
view   0 | SOD= 568.336 mm | SDD= 691.050 mm | M= 1.216 | incident=3.1588°
[[  24.659966   -567.44855     -19.99759   ]
 [   3.6165655   122.39356      15.002411  ]
 [   0.14939599    0.00781019    0.        ]
 [   0.            0.            0.1496    ]]

iter 41 cost=0.372232 -> 0.373906 |dtheta|=4.741729e-04  lambda=2.035e+03

============================================================
Iteration 42
============================================================
Theta offsets (Unity frame):
  Source   : dSx=   0.000, dSy=   0.000, dSz=   0.000  (mm)
  Object   : dOx=  -7.000, dOy=  -1.997, dOz=  -8.038  (mm)
  Object offset: offset_x=  -0.001, offset_z=  -0.000  (mm)
  Detector : dDx=   0.000, dDy=   0.000, dDz=   0.000  (mm)
  Obj Stage rotY :    2.993 deg
============================================================

Unity geometry (world coordinates):
  Source   : x=  -5.000, y=  38.000, z=   0.000
  Object   : x=  -0.000, y=  18.003, z= 567.962
  Detector : x=  10.000, y=   3.000, z= 690.000
  Obj rotY :   0.0000 deg
view   0 | SOD= 568.336 mm | SDD= 691.050 mm | M= 1.216 | incident=3.1588°
[[  24.66032    -567.44867     -19.997362  ]
 [   3.6168416   122.393456     15.002638  ]
 [   0.14939599    0.00781021    0.        ]
 [   0.            0.            0.1496    ]]
Residual vector length: 135, Jacobian shape: (135, 6)
view   0 | SOD= 568.336 mm | SDD= 691.050 mm | M= 1.216 | incident=3.1588°
[[  24.660185   -567.44867     -19.997461  ]
 [   3.6167433   122.39345      15.002539  ]
 [   0.14939599    0.0078102     0.        ]
 [   0.            0.            0.1496    ]]

iter 42 cost=0.372232 -> 0.369607 |dtheta|=1.525717e-04  lambda=1.017e+04

============================================================
Iteration 43
============================================================
Theta offsets (Unity frame):
  Source   : dSx=   0.000, dSy=   0.000, dSz=   0.000  (mm)
  Object   : dOx=  -7.000, dOy=  -1.997, dOz=  -8.038  (mm)
  Object offset: offset_x=  -0.001, offset_z=  -0.000  (mm)
  Detector : dDx=   0.000, dDy=   0.000, dDz=   0.000  (mm)
  Obj Stage rotY :    2.993 deg
============================================================

Unity geometry (world coordinates):
  Source   : x=  -5.000, y=  38.000, z=   0.000
  Object   : x=  -0.000, y=  18.003, z= 567.962
  Detector : x=  10.000, y=   3.000, z= 690.000
  Obj rotY :   0.0000 deg
view   0 | SOD= 568.336 mm | SDD= 691.050 mm | M= 1.216 | incident=3.1588°
[[  24.660185   -567.44867     -19.997461  ]
 [   3.6167433   122.39345      15.002539  ]
 [   0.14939599    0.0078102     0.        ]
 [   0.            0.            0.1496    ]]
Residual vector length: 135, Jacobian shape: (135, 6)
view   0 | SOD= 568.336 mm | SDD= 691.050 mm | M= 1.216 | incident=3.1588°
[[  24.659893   -567.4487      -19.997534  ]
 [   3.6165502   122.39344      15.002466  ]
 [   0.14939599    0.00781018    0.        ]
 [   0.            0.            0.1496    ]]

iter 43 cost=0.369607 -> 0.382891 |dtheta|=3.241212e-04  lambda=3.391e+03

============================================================
Iteration 44
============================================================
Theta offsets (Unity frame):
  Source   : dSx=   0.000, dSy=   0.000, dSz=   0.000  (mm)
  Object   : dOx=  -7.000, dOy=  -1.997, dOz=  -8.038  (mm)
  Object offset: offset_x=  -0.001, offset_z=  -0.000  (mm)
  Detector : dDx=   0.000, dDy=   0.000, dDz=   0.000  (mm)
  Obj Stage rotY :    2.993 deg
============================================================

Unity geometry (world coordinates):
  Source   : x=  -5.000, y=  38.000, z=   0.000
  Object   : x=  -0.000, y=  18.003, z= 567.962
  Detector : x=  10.000, y=   3.000, z= 690.000
  Obj rotY :   0.0000 deg
view   0 | SOD= 568.336 mm | SDD= 691.050 mm | M= 1.216 | incident=3.1588°
[[  24.660185   -567.44867     -19.997461  ]
 [   3.6167433   122.39345      15.002539  ]
 [   0.14939599    0.0078102     0.        ]
 [   0.            0.            0.1496    ]]
Residual vector length: 135, Jacobian shape: (135, 6)
view   0 | SOD= 568.336 mm | SDD= 691.050 mm | M= 1.216 | incident=3.1588°
[[  24.660105   -567.44867     -19.997486  ]
 [   3.616683    122.39345      15.002514  ]
 [   0.14939599    0.0078102     0.        ]
 [   0.            0.            0.1496    ]]

iter 44 cost=0.369607 -> 0.371541 |dtheta|=8.974204e-05  lambda=1.695e+04

============================================================
Iteration 45
============================================================
Theta offsets (Unity frame):
  Source   : dSx=   0.000, dSy=   0.000, dSz=   0.000  (mm)
  Object   : dOx=  -7.000, dOy=  -1.997, dOz=  -8.038  (mm)
  Object offset: offset_x=  -0.001, offset_z=  -0.000  (mm)
  Detector : dDx=   0.000, dDy=   0.000, dDz=   0.000  (mm)
  Obj Stage rotY :    2.993 deg
============================================================

Unity geometry (world coordinates):
  Source   : x=  -5.000, y=  38.000, z=   0.000
  Object   : x=  -0.000, y=  18.003, z= 567.962
  Detector : x=  10.000, y=   3.000, z= 690.000
  Obj rotY :   0.0000 deg
view   0 | SOD= 568.336 mm | SDD= 691.050 mm | M= 1.216 | incident=3.1588°
[[  24.660185   -567.44867     -19.997461  ]
 [   3.6167433   122.39345      15.002539  ]
 [   0.14939599    0.0078102     0.        ]
 [   0.            0.            0.1496    ]]
Residual vector length: 135, Jacobian shape: (135, 6)
view   0 | SOD= 568.336 mm | SDD= 691.050 mm | M= 1.216 | incident=3.1588°
[[  24.660168   -567.44867     -19.997467  ]
 [   3.6167297   122.39345      15.002533  ]
 [   0.14939599    0.0078102     0.        ]
 [   0.            0.            0.1496    ]]

iter 45 cost=0.369607 -> 0.366735 |dtheta|=1.966429e-05  lambda=8.477e+04

============================================================
Iteration 46
============================================================
Theta offsets (Unity frame):
  Source   : dSx=   0.000, dSy=   0.000, dSz=   0.000  (mm)
  Object   : dOx=  -7.000, dOy=  -1.997, dOz=  -8.038  (mm)
  Object offset: offset_x=  -0.001, offset_z=  -0.000  (mm)
  Detector : dDx=   0.000, dDy=   0.000, dDz=   0.000  (mm)
  Obj Stage rotY :    2.993 deg
============================================================

Unity geometry (world coordinates):
  Source   : x=  -5.000, y=  38.000, z=   0.000
  Object   : x=  -0.000, y=  18.003, z= 567.962
  Detector : x=  10.000, y=   3.000, z= 690.000
  Obj rotY :   0.0000 deg
view   0 | SOD= 568.336 mm | SDD= 691.050 mm | M= 1.216 | incident=3.1588°
[[  24.660168   -567.44867     -19.997467  ]
 [   3.6167297   122.39345      15.002533  ]
 [   0.14939599    0.0078102     0.        ]
 [   0.            0.            0.1496    ]]
Residual vector length: 135, Jacobian shape: (135, 6)
view   0 | SOD= 568.336 mm | SDD= 691.050 mm | M= 1.216 | incident=3.1588°
[[  24.660084   -567.44867     -19.997482  ]
 [   3.6167006   122.39345      15.002518  ]
 [   0.14939599    0.00781019    0.        ]
 [   0.            0.            0.1496    ]]

iter 46 cost=0.366735 -> 0.374839 |dtheta|=5.612258e-05  lambda=2.826e+04

============================================================
Iteration 47
============================================================
Theta offsets (Unity frame):
  Source   : dSx=   0.000, dSy=   0.000, dSz=   0.000  (mm)
  Object   : dOx=  -7.000, dOy=  -1.997, dOz=  -8.038  (mm)
  Object offset: offset_x=  -0.001, offset_z=  -0.000  (mm)
  Detector : dDx=   0.000, dDy=   0.000, dDz=   0.000  (mm)
  Obj Stage rotY :    2.993 deg
============================================================

Unity geometry (world coordinates):
  Source   : x=  -5.000, y=  38.000, z=   0.000
  Object   : x=  -0.000, y=  18.003, z= 567.962
  Detector : x=  10.000, y=   3.000, z= 690.000
  Obj rotY :   0.0000 deg
view   0 | SOD= 568.336 mm | SDD= 691.050 mm | M= 1.216 | incident=3.1588°
[[  24.660168   -567.44867     -19.997467  ]
 [   3.6167297   122.39345      15.002533  ]
 [   0.14939599    0.0078102     0.        ]
 [   0.            0.            0.1496    ]]
Residual vector length: 135, Jacobian shape: (135, 6)
view   0 | SOD= 568.336 mm | SDD= 691.050 mm | M= 1.216 | incident=3.1588°
[[  24.660147   -567.4486      -19.99747   ]
 [   3.61672     122.39351      15.002529  ]
 [   0.14939599    0.0078102     0.        ]
 [   0.            0.            0.1496    ]]

iter 47 cost=0.366735 -> 0.366898 |dtheta|=1.182941e-05  lambda=1.413e+05

============================================================
Iteration 48
============================================================
Theta offsets (Unity frame):
  Source   : dSx=   0.000, dSy=   0.000, dSz=   0.000  (mm)
  Object   : dOx=  -7.000, dOy=  -1.997, dOz=  -8.038  (mm)
  Object offset: offset_x=  -0.001, offset_z=  -0.000  (mm)
  Detector : dDx=   0.000, dDy=   0.000, dDz=   0.000  (mm)
  Obj Stage rotY :    2.993 deg
============================================================

Unity geometry (world coordinates):
  Source   : x=  -5.000, y=  38.000, z=   0.000
  Object   : x=  -0.000, y=  18.003, z= 567.962
  Detector : x=  10.000, y=   3.000, z= 690.000
  Obj rotY :   0.0000 deg
view   0 | SOD= 568.336 mm | SDD= 691.050 mm | M= 1.216 | incident=3.1588°
[[  24.660168   -567.44867     -19.997467  ]
 [   3.6167297   122.39345      15.002533  ]
 [   0.14939599    0.0078102     0.        ]
 [   0.            0.            0.1496    ]]
Residual vector length: 135, Jacobian shape: (135, 6)
view   0 | SOD= 568.336 mm | SDD= 691.050 mm | M= 1.216 | incident=3.1588°
[[  24.660164   -567.44867     -19.997467  ]
 [   3.6167283   122.39345      15.002533  ]
 [   0.14939599    0.0078102     0.        ]
 [   0.            0.            0.1496    ]]

iter 48 cost=0.366735 -> 0.366735 |dtheta|=2.392231e-06  lambda=7.064e+05

============================================================
Iteration 49
============================================================
Theta offsets (Unity frame):
  Source   : dSx=   0.000, dSy=   0.000, dSz=   0.000  (mm)
  Object   : dOx=  -7.000, dOy=  -1.997, dOz=  -8.038  (mm)
  Object offset: offset_x=  -0.001, offset_z=  -0.000  (mm)
  Detector : dDx=   0.000, dDy=   0.000, dDz=   0.000  (mm)
  Obj Stage rotY :    2.993 deg
============================================================

Unity geometry (world coordinates):
  Source   : x=  -5.000, y=  38.000, z=   0.000
  Object   : x=  -0.000, y=  18.003, z= 567.962
  Detector : x=  10.000, y=   3.000, z= 690.000
  Obj rotY :   0.0000 deg
view   0 | SOD= 568.336 mm | SDD= 691.050 mm | M= 1.216 | incident=3.1588°
[[  24.660168   -567.44867     -19.997467  ]
 [   3.6167297   122.39345      15.002533  ]
 [   0.14939599    0.0078102     0.        ]
 [   0.            0.            0.1496    ]]
Residual vector length: 135, Jacobian shape: (135, 6)
view   0 | SOD= 568.336 mm | SDD= 691.050 mm | M= 1.216 | incident=3.1588°
[[  24.660166   -567.44867     -19.997467  ]
 [   3.616729    122.39345      15.002533  ]
 [   0.14939599    0.0078102     0.        ]
 [   0.            0.            0.1496    ]]

iter 49 cost=0.366735 -> 0.366735 |dtheta|=1.691321e-06  lambda=1.000e+06

============================================================
Iteration 50
============================================================
Theta offsets (Unity frame):
  Source   : dSx=   0.000, dSy=   0.000, dSz=   0.000  (mm)
  Object   : dOx=  -7.000, dOy=  -1.997, dOz=  -8.038  (mm)
  Object offset: offset_x=  -0.001, offset_z=  -0.000  (mm)
  Detector : dDx=   0.000, dDy=   0.000, dDz=   0.000  (mm)
  Obj Stage rotY :    2.993 deg
============================================================

Unity geometry (world coordinates):
  Source   : x=  -5.000, y=  38.000, z=   0.000
  Object   : x=  -0.000, y=  18.003, z= 567.962
  Detector : x=  10.000, y=   3.000, z= 690.000
  Obj rotY :   0.0000 deg
view   0 | SOD= 568.336 mm | SDD= 691.050 mm | M= 1.216 | incident=3.1588°
[[  24.660168   -567.44867     -19.997467  ]
 [   3.6167297   122.39345      15.002533  ]
 [   0.14939599    0.0078102     0.        ]
 [   0.            0.            0.1496    ]]
Residual vector length: 135, Jacobian shape: (135, 6)
view   0 | SOD= 568.336 mm | SDD= 691.050 mm | M= 1.216 | incident=3.1588°
[[  24.660166   -567.44867     -19.997467  ]
 [   3.616729    122.39345      15.002533  ]
 [   0.14939599    0.0078102     0.        ]
 [   0.            0.            0.1496    ]]

iter 50 cost=0.366735 -> 0.366735 |dtheta|=1.691321e-06  lambda=1.000e+06

============================================================
Iteration 51
============================================================
Theta offsets (Unity frame):
  Source   : dSx=   0.000, dSy=   0.000, dSz=   0.000  (mm)
  Object   : dOx=  -7.000, dOy=  -1.997, dOz=  -8.038  (mm)
  Object offset: offset_x=  -0.001, offset_z=  -0.000  (mm)
  Detector : dDx=   0.000, dDy=   0.000, dDz=   0.000  (mm)
  Obj Stage rotY :    2.993 deg
============================================================

Unity geometry (world coordinates):
  Source   : x=  -5.000, y=  38.000, z=   0.000
  Object   : x=  -0.000, y=  18.003, z= 567.962
  Detector : x=  10.000, y=   3.000, z= 690.000
  Obj rotY :   0.0000 deg
view   0 | SOD= 568.336 mm | SDD= 691.050 mm | M= 1.216 | incident=3.1588°
[[  24.660168   -567.44867     -19.997467  ]
 [   3.6167297   122.39345      15.002533  ]
 [   0.14939599    0.0078102     0.        ]
 [   0.            0.            0.1496    ]]
Residual vector length: 135, Jacobian shape: (135, 6)
view   0 | SOD= 568.336 mm | SDD= 691.050 mm | M= 1.216 | incident=3.1588°
[[  24.660166   -567.44867     -19.997467  ]
 [   3.616729    122.39345      15.002533  ]
 [   0.14939599    0.0078102     0.        ]
 [   0.            0.            0.1496    ]]

iter 51 cost=0.366735 -> 0.366735 |dtheta|=1.691321e-06  lambda=1.000e+06

============================================================
Iteration 52
============================================================
Theta offsets (Unity frame):
  Source   : dSx=   0.000, dSy=   0.000, dSz=   0.000  (mm)
  Object   : dOx=  -7.000, dOy=  -1.997, dOz=  -8.038  (mm)
  Object offset: offset_x=  -0.001, offset_z=  -0.000  (mm)
  Detector : dDx=   0.000, dDy=   0.000, dDz=   0.000  (mm)
  Obj Stage rotY :    2.993 deg
============================================================

Unity geometry (world coordinates):
  Source   : x=  -5.000, y=  38.000, z=   0.000
  Object   : x=  -0.000, y=  18.003, z= 567.962
  Detector : x=  10.000, y=   3.000, z= 690.000
  Obj rotY :   0.0000 deg
view   0 | SOD= 568.336 mm | SDD= 691.050 mm | M= 1.216 | incident=3.1588°
[[  24.660168   -567.44867     -19.997467  ]
 [   3.6167297   122.39345      15.002533  ]
 [   0.14939599    0.0078102     0.        ]
 [   0.            0.            0.1496    ]]
Residual vector length: 135, Jacobian shape: (135, 6)
view   0 | SOD= 568.336 mm | SDD= 691.050 mm | M= 1.216 | incident=3.1588°
[[  24.660166   -567.44867     -19.997467  ]
 [   3.616729    122.39345      15.002533  ]
 [   0.14939599    0.0078102     0.        ]
 [   0.            0.            0.1496    ]]

iter 52 cost=0.366735 -> 0.366735 |dtheta|=1.691321e-06  lambda=1.000e+06

============================================================
Iteration 53
============================================================
Theta offsets (Unity frame):
  Source   : dSx=   0.000, dSy=   0.000, dSz=   0.000  (mm)
  Object   : dOx=  -7.000, dOy=  -1.997, dOz=  -8.038  (mm)
  Object offset: offset_x=  -0.001, offset_z=  -0.000  (mm)
  Detector : dDx=   0.000, dDy=   0.000, dDz=   0.000  (mm)
  Obj Stage rotY :    2.993 deg
============================================================

Unity geometry (world coordinates):
  Source   : x=  -5.000, y=  38.000, z=   0.000
  Object   : x=  -0.000, y=  18.003, z= 567.962
  Detector : x=  10.000, y=   3.000, z= 690.000
  Obj rotY :   0.0000 deg
view   0 | SOD= 568.336 mm | SDD= 691.050 mm | M= 1.216 | incident=3.1588°
[[  24.660168   -567.44867     -19.997467  ]
 [   3.6167297   122.39345      15.002533  ]
 [   0.14939599    0.0078102     0.        ]
 [   0.            0.            0.1496    ]]
Residual vector length: 135, Jacobian shape: (135, 6)
view   0 | SOD= 568.336 mm | SDD= 691.050 mm | M= 1.216 | incident=3.1588°
[[  24.660166   -567.44867     -19.997467  ]
 [   3.616729    122.39345      15.002533  ]
 [   0.14939599    0.0078102     0.        ]
 [   0.            0.            0.1496    ]]

iter 53 cost=0.366735 -> 0.366735 |dtheta|=1.691321e-06  lambda=1.000e+06

============================================================
Iteration 54
============================================================
Theta offsets (Unity frame):
  Source   : dSx=   0.000, dSy=   0.000, dSz=   0.000  (mm)
  Object   : dOx=  -7.000, dOy=  -1.997, dOz=  -8.038  (mm)
  Object offset: offset_x=  -0.001, offset_z=  -0.000  (mm)
  Detector : dDx=   0.000, dDy=   0.000, dDz=   0.000  (mm)
  Obj Stage rotY :    2.993 deg
============================================================

Unity geometry (world coordinates):
  Source   : x=  -5.000, y=  38.000, z=   0.000
  Object   : x=  -0.000, y=  18.003, z= 567.962
  Detector : x=  10.000, y=   3.000, z= 690.000
  Obj rotY :   0.0000 deg
view   0 | SOD= 568.336 mm | SDD= 691.050 mm | M= 1.216 | incident=3.1588°
[[  24.660168   -567.44867     -19.997467  ]
 [   3.6167297   122.39345      15.002533  ]
 [   0.14939599    0.0078102     0.        ]
 [   0.            0.            0.1496    ]]
Residual vector length: 135, Jacobian shape: (135, 6)
view   0 | SOD= 568.336 mm | SDD= 691.050 mm | M= 1.216 | incident=3.1588°
[[  24.660166   -567.44867     -19.997467  ]
 [   3.616729    122.39345      15.002533  ]
 [   0.14939599    0.0078102     0.        ]
 [   0.            0.            0.1496    ]]

iter 54 cost=0.366735 -> 0.366735 |dtheta|=1.691321e-06  lambda=1.000e+06

============================================================
Iteration 55
============================================================
Theta offsets (Unity frame):
  Source   : dSx=   0.000, dSy=   0.000, dSz=   0.000  (mm)
  Object   : dOx=  -7.000, dOy=  -1.997, dOz=  -8.038  (mm)
  Object offset: offset_x=  -0.001, offset_z=  -0.000  (mm)
  Detector : dDx=   0.000, dDy=   0.000, dDz=   0.000  (mm)
  Obj Stage rotY :    2.993 deg
============================================================

Unity geometry (world coordinates):
  Source   : x=  -5.000, y=  38.000, z=   0.000
  Object   : x=  -0.000, y=  18.003, z= 567.962
  Detector : x=  10.000, y=   3.000, z= 690.000
  Obj rotY :   0.0000 deg
view   0 | SOD= 568.336 mm | SDD= 691.050 mm | M= 1.216 | incident=3.1588°
[[  24.660168   -567.44867     -19.997467  ]
 [   3.6167297   122.39345      15.002533  ]
 [   0.14939599    0.0078102     0.        ]
 [   0.            0.            0.1496    ]]
Residual vector length: 135, Jacobian shape: (135, 6)
view   0 | SOD= 568.336 mm | SDD= 691.050 mm | M= 1.216 | incident=3.1588°
[[  24.660166   -567.44867     -19.997467  ]
 [   3.616729    122.39345      15.002533  ]
 [   0.14939599    0.0078102     0.        ]
 [   0.            0.            0.1496    ]]

iter 55 cost=0.366735 -> 0.366735 |dtheta|=1.691321e-06  lambda=1.000e+06
Stalled.

Estimated theta:
  dSx: +0.000000
  dSy: +0.000000
  dOx: -7.000408
  dOy: -1.997467
  dOz: -8.037627
  dDx: +0.000000
  dDy: +0.000000
  dDz: +0.000000
alpha: +2.992614e+00 deg)
offset_x: -0.001212
offset_z: -0.000104

Final cost table:
Fake theta: [ 0.  0. -7. -2. -8.  0.  0.  0.  3.  0.  0.]
Final estimated theta: [ 0.          0.         -7.000408   -1.99746691 -8.03762652  0.
  0.          0.          2.99261387 -0.0012115  -0.00010437]
Diff from Expected: [ 0.          0.         -0.000408    0.00253309 -0.03762652  0.
  0.          0.         -0.00738613 -0.0012115  -0.00010437]
################################################################################

