Phantom already exists, skipping: cuboid_phantom_3_small.npy

################################################################################
Running cuboid=small scenario=G3 N_ANGLES=18, K=3
view   0 | SOD= 556.844 mm | SDD= 802.742 mm | M= 1.442 | incident=4.7367°
[[ 239.08467    -500.88773     -45.        ]
 [-110.79194     218.66446      20.        ]
 [   0.13558364    0.06322369    0.        ]
 [   0.            0.            0.1496    ]]
           image          x1          y1  area1          x2          y2  area2          x3          y3  area3
0   proj_000.png  544.368421  219.792344   1045  489.044239  370.804527    972  544.408437  553.543624   1043
1   proj_001.png  508.352886  220.030274   1057  523.844196  370.465377    982  508.355450  553.953555   1055
2   proj_002.png  473.228137  219.543726   1052  557.616397  371.050607    988  473.265345  552.999056   1059
3   proj_003.png  443.586006  218.564626   1029  586.908069  372.729316    979  443.618587  550.654405   1033
4   proj_004.png  423.207729  217.146860   1035  607.625502  374.948795    996  423.199616  547.568138   1042
5   proj_005.png  414.180488  215.414634   1025  617.919881  377.711177   1011  414.162136  543.587379   1030
6   proj_006.png  417.485265  213.552063   1018  615.817916  380.558909   1027  417.512745  539.657843   1020
7   proj_007.png  432.564436  211.948052   1001  601.608405  383.369628   1047  432.619284  536.077535   1006
8   proj_008.png  457.334673  210.712563    995  576.872280  385.453169   1057  457.342685  533.237475    998
9   proj_009.png  489.051724  209.933063    986  544.346767  386.758201   1067  489.036290  531.608871    992
10  proj_010.png  523.802020  209.764646    990  508.335201  387.056022   1071  523.791960  531.151759    995
11  proj_011.png  557.701807  210.114458    996  473.219191  386.347131   1063  557.658977  532.052156    997
12  proj_012.png  586.905488  211.100610    984  443.636276  384.598848   1042  586.898492  534.187940    995
13  proj_013.png  607.586377  212.507404   1013  423.221477  382.436242   1043  607.592338  537.392927   1018
14  proj_014.png  617.890099  214.235644   1010  414.142439  379.494634   1025  617.899901  541.198216   1009
15  proj_015.png  615.836755  216.055718   1023  417.515211  376.602552   1019  615.822266  545.167969   1024
16  proj_016.png  601.576699  217.660194   1030  432.572435  374.021127    994  601.608277  548.761309   1039
17  proj_017.png  576.867745  219.022835   1051  457.389624  371.963377    983  576.839695  551.596374   1048

============================================================
Iteration 0
============================================================
Theta offsets (Unity frame):
  Source   : dSx=   0.000, dSy=   0.000, dSz=   0.000  (mm)
  Object   : dOx=   0.000, dOy=   0.000, dOz=   0.000  (mm)
  Object offset: offset_x=   0.000, offset_z=   0.000  (mm)
  Detector : dDx=   0.000, dDy=   0.000, dDz=   0.000  (mm)
  Obj Stage rotY :    0.000 deg
============================================================

Unity geometry (world coordinates):
  Source   : x=   5.000, y=  60.000, z=   0.000
  Object   : x=  18.000, y=  23.000, z= 580.000
  Detector : x=  -8.000, y=  -5.000, z= 800.000
  Obj rotY :   0.0000 deg
view   0 | SOD= 581.324 mm | SDD= 802.742 mm | M= 1.381 | incident=4.7367°
[[ -13.     -580.      -37.    ]
 [ -26.      220.       28.    ]
 [   0.1496    0.        0.    ]
 [   0.        0.        0.1496]]
Residual vector length: 162, Jacobian shape: (162, 6)
view   0 | SOD= 574.896 mm | SDD= 802.742 mm | M= 1.396 | incident=4.7367°
[[ 152.32811    -552.589       -44.12027   ]
 [ -65.661194    217.24846      20.879728  ]
 [   0.14458384    0.03841451    0.        ]
 [   0.            0.            0.1496    ]]

iter 00 cost=1044860.605280 -> 34708.861073 |dtheta|=2.419969e+01  lambda=1.000e-02

============================================================
Iteration 1
============================================================
Theta offsets (Unity frame):
  Source   : dSx=   0.000, dSy=   0.000, dSz=   0.000  (mm)
  Object   : dOx= -16.802, dOy=  -7.120, dOz=  -5.089  (mm)
  Object offset: offset_x=  -1.524, offset_z=  -1.735  (mm)
  Detector : dDx=   0.000, dDy=   0.000, dDz=   0.000  (mm)
  Obj Stage rotY :   14.879 deg
============================================================

Unity geometry (world coordinates):
  Source   : x=   5.000, y=  60.000, z=   0.000
  Object   : x=   1.198, y=  15.880, z= 574.911
  Detector : x=  -8.000, y=  -5.000, z= 800.000
  Obj rotY :   0.0000 deg
view   0 | SOD= 574.896 mm | SDD= 802.742 mm | M= 1.396 | incident=4.7367°
[[ 152.32811    -552.589       -44.12027   ]
 [ -65.661194    217.24846      20.879728  ]
 [   0.14458384    0.03841451    0.        ]
 [   0.            0.            0.1496    ]]
Residual vector length: 162, Jacobian shape: (162, 6)
view   0 | SOD= 577.831 mm | SDD= 802.742 mm | M= 1.389 | incident=4.7367°
[[ 209.64265    -536.49146     -45.990025  ]
 [ -86.48347     206.79742      19.009975  ]
 [   0.13985793    0.0531029     0.        ]
 [   0.            0.            0.1496    ]]

iter 01 cost=34708.861073 -> 5986.939648 |dtheta|=6.683720e+00  lambda=3.333e-03

============================================================
Iteration 2
============================================================
Theta offsets (Unity frame):
  Source   : dSx=   0.000, dSy=   0.000, dSz=   0.000  (mm)
  Object   : dOx= -17.952, dOy=  -8.990, dOz=  -3.959  (mm)
  Object offset: offset_x=  -0.602, offset_z=  -0.071  (mm)
  Detector : dDx=   0.000, dDy=   0.000, dDz=   0.000  (mm)
  Obj Stage rotY :   20.791 deg
============================================================

Unity geometry (world coordinates):
  Source   : x=   5.000, y=  60.000, z=   0.000
  Object   : x=   0.048, y=  14.010, z= 576.041
  Detector : x=  -8.000, y=  -5.000, z= 800.000
  Obj rotY :   0.0000 deg
view   0 | SOD= 577.831 mm | SDD= 802.742 mm | M= 1.389 | incident=4.7367°
[[ 209.64265    -536.49146     -45.990025  ]
 [ -86.48347     206.79742      19.009975  ]
 [   0.13985793    0.0531029     0.        ]
 [   0.            0.            0.1496    ]]
Residual vector length: 162, Jacobian shape: (162, 6)
view   0 | SOD= 572.489 mm | SDD= 802.742 mm | M= 1.402 | incident=4.7367°
[[ 230.38443    -522.0443      -46.221474  ]
 [ -97.59829     207.74765      18.778526  ]
 [   0.13743147    0.05909951    0.        ]
 [   0.            0.            0.1496    ]]

iter 02 cost=5986.939648 -> 2092.106967 |dtheta|=5.966669e+00  lambda=1.111e-03

============================================================
Iteration 3
============================================================
Theta offsets (Unity frame):
  Source   : dSx=   0.000, dSy=   0.000, dSz=   0.000  (mm)
  Object   : dOx= -18.176, dOy=  -9.221, dOz=  -9.364  (mm)
  Object offset: offset_x=  -0.235, offset_z=  -0.041  (mm)
  Detector : dDx=   0.000, dDy=   0.000, dDz=   0.000  (mm)
  Obj Stage rotY :   23.269 deg
============================================================

Unity geometry (world coordinates):
  Source   : x=   5.000, y=  60.000, z=   0.000
  Object   : x=  -0.176, y=  13.779, z= 570.636
  Detector : x=  -8.000, y=  -5.000, z= 800.000
  Obj rotY :   0.0000 deg
view   0 | SOD= 572.489 mm | SDD= 802.742 mm | M= 1.402 | incident=4.7367°
[[ 230.38443    -522.0443      -46.221474  ]
 [ -97.59829     207.74765      18.778526  ]
 [   0.13743147    0.05909951    0.        ]
 [   0.            0.            0.1496    ]]
Residual vector length: 162, Jacobian shape: (162, 6)
view   0 | SOD= 569.988 mm | SDD= 802.742 mm | M= 1.408 | incident=4.7367°
[[ 239.43214    -515.21576     -45.948288  ]
 [-102.822556    207.99284      19.051712  ]
 [   0.13624406    0.06178766    0.        ]
 [   0.            0.            0.1496    ]]

iter 03 cost=2092.106967 -> 1341.971380 |dtheta|=2.853970e+00  lambda=3.704e-04

============================================================
Iteration 4
============================================================
Theta offsets (Unity frame):
  Source   : dSx=   0.000, dSy=   0.000, dSz=   0.000  (mm)
  Object   : dOx= -18.136, dOy=  -8.948, dOz= -11.968  (mm)
  Object offset: offset_x=  -0.126, offset_z=   0.076  (mm)
  Detector : dDx=   0.000, dDy=   0.000, dDz=   0.000  (mm)
  Obj Stage rotY :   24.395 deg
============================================================

Unity geometry (world coordinates):
  Source   : x=   5.000, y=  60.000, z=   0.000
  Object   : x=  -0.136, y=  14.052, z= 568.032
  Detector : x=  -8.000, y=  -5.000, z= 800.000
  Obj rotY :   0.0000 deg
view   0 | SOD= 569.988 mm | SDD= 802.742 mm | M= 1.408 | incident=4.7367°
[[ 239.43214    -515.21576     -45.948288  ]
 [-102.822556    207.99284      19.051712  ]
 [   0.13624406    0.06178766    0.        ]
 [   0.            0.            0.1496    ]]
Residual vector length: 162, Jacobian shape: (162, 6)
view   0 | SOD= 567.841 mm | SDD= 802.742 mm | M= 1.414 | incident=4.7367°
[[ 240.02518    -512.57855     -45.76317   ]
 [-104.578316    209.51385      19.23683   ]
 [   0.13604252    0.06223016    0.        ]
 [   0.            0.            0.1496    ]]

iter 04 cost=1341.971380 -> 986.971941 |dtheta|=2.075399e+00  lambda=1.235e-04

============================================================
Iteration 5
============================================================
Theta offsets (Unity frame):
  Source   : dSx=   0.000, dSy=   0.000, dSz=   0.000  (mm)
  Object   : dOx= -18.074, dOy=  -8.763, dOz= -14.018  (mm)
  Object offset: offset_x=   0.022, offset_z=  -0.011  (mm)
  Detector : dDx=   0.000, dDy=   0.000, dDz=   0.000  (mm)
  Obj Stage rotY :   24.581 deg
============================================================

Unity geometry (world coordinates):
  Source   : x=   5.000, y=  60.000, z=   0.000
  Object   : x=  -0.074, y=  14.237, z= 565.982
  Detector : x=  -8.000, y=  -5.000, z= 800.000
  Obj rotY :   0.0000 deg
view   0 | SOD= 567.841 mm | SDD= 802.742 mm | M= 1.414 | incident=4.7367°
[[ 240.02518    -512.57855     -45.76317   ]
 [-104.578316    209.51385      19.23683   ]
 [   0.13604252    0.06223016    0.        ]
 [   0.            0.            0.1496    ]]
Residual vector length: 162, Jacobian shape: (162, 6)
view   0 | SOD= 565.080 mm | SDD= 802.742 mm | M= 1.421 | incident=4.7367°
[[ 242.0068     -508.6021      -45.525215  ]
 [-106.955185    211.39409      19.474785  ]
 [   0.13566387    0.06305136    0.        ]
 [   0.            0.            0.1496    ]]

iter 05 cost=986.971941 -> 561.390684 |dtheta|=2.853397e+00  lambda=4.115e-05

============================================================
Iteration 6
============================================================
Theta offsets (Unity frame):
  Source   : dSx=   0.000, dSy=   0.000, dSz=   0.000  (mm)
  Object   : dOx= -18.118, dOy=  -8.525, dOz= -16.839  (mm)
  Object offset: offset_x=   0.014, offset_z=   0.060  (mm)
  Detector : dDx=   0.000, dDy=   0.000, dDz=   0.000  (mm)
  Obj Stage rotY :   24.927 deg
============================================================

Unity geometry (world coordinates):
  Source   : x=   5.000, y=  60.000, z=   0.000
  Object   : x=  -0.118, y=  14.475, z= 563.161
  Detector : x=  -8.000, y=  -5.000, z= 800.000
  Obj rotY :   0.0000 deg
view   0 | SOD= 565.080 mm | SDD= 802.742 mm | M= 1.421 | incident=4.7367°
[[ 242.0068     -508.6021      -45.525215  ]
 [-106.955185    211.39409      19.474785  ]
 [   0.13566387    0.06305136    0.        ]
 [   0.            0.            0.1496    ]]
Residual vector length: 162, Jacobian shape: (162, 6)
view   0 | SOD= 563.896 mm | SDD= 802.742 mm | M= 1.424 | incident=4.7367°
[[ 243.92487    -506.36707     -45.51307   ]
 [-108.5306      211.92546      19.486929  ]
 [   0.13535598    0.06370964    0.        ]
 [   0.            0.            0.1496    ]]

iter 06 cost=561.390684 -> 385.635851 |dtheta|=1.231280e+00  lambda=1.372e-05

============================================================
Iteration 7
============================================================
Theta offsets (Unity frame):
  Source   : dSx=   0.000, dSy=   0.000, dSz=   0.000  (mm)
  Object   : dOx= -18.079, dOy=  -8.513, dOz= -18.038  (mm)
  Object offset: offset_x=   0.024, offset_z=   0.071  (mm)
  Detector : dDx=   0.000, dDy=   0.000, dDz=   0.000  (mm)
  Obj Stage rotY :   25.206 deg
============================================================

Unity geometry (world coordinates):
  Source   : x=   5.000, y=  60.000, z=   0.000
  Object   : x=  -0.079, y=  14.487, z= 561.962
  Detector : x=  -8.000, y=  -5.000, z= 800.000
  Obj rotY :   0.0000 deg
view   0 | SOD= 563.896 mm | SDD= 802.742 mm | M= 1.424 | incident=4.7367°
[[ 243.92487    -506.36707     -45.51307   ]
 [-108.5306      211.92546      19.486929  ]
 [   0.13535598    0.06370964    0.        ]
 [   0.            0.            0.1496    ]]
Residual vector length: 162, Jacobian shape: (162, 6)
view   0 | SOD= 562.765 mm | SDD= 802.742 mm | M= 1.426 | incident=4.7367°
[[ 245.23332    -504.47797     -45.460667  ]
 [-109.88159     212.5035       19.539333  ]
 [   0.13511896    0.0642108     0.        ]
 [   0.            0.            0.1496    ]]

iter 07 cost=385.635851 -> 279.131018 |dtheta|=1.154983e+00  lambda=4.572e-06

============================================================
Iteration 8
============================================================
Theta offsets (Unity frame):
  Source   : dSx=   0.000, dSy=   0.000, dSz=   0.000  (mm)
  Object   : dOx= -18.032, dOy=  -8.461, dOz= -19.170  (mm)
  Object offset: offset_x=   0.067, offset_z=   0.074  (mm)
  Detector : dDx=   0.000, dDy=   0.000, dDz=   0.000  (mm)
  Obj Stage rotY :   25.418 deg
============================================================

Unity geometry (world coordinates):
  Source   : x=   5.000, y=  60.000, z=   0.000
  Object   : x=  -0.032, y=  14.539, z= 560.830
  Detector : x=  -8.000, y=  -5.000, z= 800.000
  Obj rotY :   0.0000 deg
view   0 | SOD= 562.765 mm | SDD= 802.742 mm | M= 1.426 | incident=4.7367°
[[ 245.23332    -504.47797     -45.460667  ]
 [-109.88159     212.5035       19.539333  ]
 [   0.13511896    0.0642108     0.        ]
 [   0.            0.            0.1496    ]]
Residual vector length: 162, Jacobian shape: (162, 6)
view   0 | SOD= 562.061 mm | SDD= 802.742 mm | M= 1.428 | incident=4.7367°
[[ 243.50565    -504.53424     -45.415688  ]
 [-109.53667     213.47003      19.584312  ]
 [   0.13530387    0.06382023    0.        ]
 [   0.            0.            0.1496    ]]

iter 08 cost=279.131018 -> 211.624273 |dtheta|=6.908446e-01  lambda=1.524e-06

============================================================
Iteration 9
============================================================
Theta offsets (Unity frame):
  Source   : dSx=   0.000, dSy=   0.000, dSz=   0.000  (mm)
  Object   : dOx= -18.058, dOy=  -8.416, dOz= -19.838  (mm)
  Object offset: offset_x=   0.060, offset_z=   0.038  (mm)
  Detector : dDx=   0.000, dDy=   0.000, dDz=   0.000  (mm)
  Obj Stage rotY :   25.252 deg
============================================================

Unity geometry (world coordinates):
  Source   : x=   5.000, y=  60.000, z=   0.000
  Object   : x=  -0.058, y=  14.584, z= 560.162
  Detector : x=  -8.000, y=  -5.000, z= 800.000
  Obj rotY :   0.0000 deg
view   0 | SOD= 562.061 mm | SDD= 802.742 mm | M= 1.428 | incident=4.7367°
[[ 243.50565    -504.53424     -45.415688  ]
 [-109.53667     213.47003      19.584312  ]
 [   0.13530387    0.06382023    0.        ]
 [   0.            0.            0.1496    ]]
Residual vector length: 162, Jacobian shape: (162, 6)
view   0 | SOD= 561.271 mm | SDD= 802.742 mm | M= 1.430 | incident=4.7367°
[[ 240.6372     -505.03857     -45.33586   ]
 [-108.7255      214.76326      19.664137  ]
 [   0.13562876    0.06312686    0.        ]
 [   0.            0.            0.1496    ]]

iter 09 cost=211.624273 -> 149.291678 |dtheta|=8.281821e-01  lambda=1.000e-06

============================================================
Iteration 10
============================================================
Theta offsets (Unity frame):
  Source   : dSx=   0.000, dSy=   0.000, dSz=   0.000  (mm)
  Object   : dOx= -18.050, dOy=  -8.336, dOz= -20.605  (mm)
  Object offset: offset_x=  -0.002, offset_z=   0.020  (mm)
  Detector : dDx=   0.000, dDy=   0.000, dDz=   0.000  (mm)
  Obj Stage rotY :   24.959 deg
============================================================

Unity geometry (world coordinates):
  Source   : x=   5.000, y=  60.000, z=   0.000
  Object   : x=  -0.050, y=  14.664, z= 559.395
  Detector : x=  -8.000, y=  -5.000, z= 800.000
  Obj rotY :   0.0000 deg
view   0 | SOD= 561.271 mm | SDD= 802.742 mm | M= 1.430 | incident=4.7367°
[[ 240.6372     -505.03857     -45.33586   ]
 [-108.7255      214.76326      19.664137  ]
 [   0.13562876    0.06312686    0.        ]
 [   0.            0.            0.1496    ]]
Residual vector length: 162, Jacobian shape: (162, 6)
view   0 | SOD= 560.489 mm | SDD= 802.742 mm | M= 1.432 | incident=4.7367°
[[ 241.28677    -503.86353     -45.279663  ]
 [-109.501175    215.24481      19.720335  ]
 [   0.13550344    0.06339542    0.        ]
 [   0.            0.            0.1496    ]]

iter 10 cost=149.291678 -> 103.101507 |dtheta|=7.727430e-01  lambda=1.000e-06

============================================================
Iteration 11
============================================================
Theta offsets (Unity frame):
  Source   : dSx=   0.000, dSy=   0.000, dSz=   0.000  (mm)
  Object   : dOx= -18.037, dOy=  -8.280, dOz= -21.367  (mm)
  Object offset: offset_x=   0.006, offset_z=   0.002  (mm)
  Detector : dDx=   0.000, dDy=   0.000, dDz=   0.000  (mm)
  Obj Stage rotY :   25.073 deg
============================================================

Unity geometry (world coordinates):
  Source   : x=   5.000, y=  60.000, z=   0.000
  Object   : x=  -0.037, y=  14.720, z= 558.633
  Detector : x=  -8.000, y=  -5.000, z= 800.000
  Obj rotY :   0.0000 deg
view   0 | SOD= 560.489 mm | SDD= 802.742 mm | M= 1.432 | incident=4.7367°
[[ 241.28677    -503.86353     -45.279663  ]
 [-109.501175    215.24481      19.720335  ]
 [   0.13550344    0.06339542    0.        ]
 [   0.            0.            0.1496    ]]
Residual vector length: 162, Jacobian shape: (162, 6)
view   0 | SOD= 560.169 mm | SDD= 802.742 mm | M= 1.433 | incident=4.7367°
[[ 242.68033    -502.83865     -45.26355   ]
 [-110.347565    215.17271      19.736448  ]
 [   0.13530515    0.06381751    0.        ]
 [   0.            0.            0.1496    ]]

iter 11 cost=103.101507 -> 89.322397 |dtheta|=3.643664e-01  lambda=1.000e-06

============================================================
Iteration 12
============================================================
Theta offsets (Unity frame):
  Source   : dSx=   0.000, dSy=   0.000, dSz=   0.000  (mm)
  Object   : dOx= -18.020, dOy=  -8.264, dOz= -21.683  (mm)
  Object offset: offset_x=   0.034, offset_z=  -0.002  (mm)
  Detector : dDx=   0.000, dDy=   0.000, dDz=   0.000  (mm)
  Obj Stage rotY :   25.251 deg
============================================================

Unity geometry (world coordinates):
  Source   : x=   5.000, y=  60.000, z=   0.000
  Object   : x=  -0.020, y=  14.736, z= 558.317
  Detector : x=  -8.000, y=  -5.000, z= 800.000
  Obj rotY :   0.0000 deg
view   0 | SOD= 560.169 mm | SDD= 802.742 mm | M= 1.433 | incident=4.7367°
[[ 242.68033    -502.83865     -45.26355   ]
 [-110.347565    215.17271      19.736448  ]
 [   0.13530515    0.06381751    0.        ]
 [   0.            0.            0.1496    ]]
Residual vector length: 162, Jacobian shape: (162, 6)
view   0 | SOD= 559.701 mm | SDD= 802.742 mm | M= 1.434 | incident=4.7367°
[[ 241.22214    -503.02164     -45.237732  ]
 [-109.988       215.88062      19.762268  ]
 [   0.13546619    0.06347497    0.        ]
 [   0.            0.            0.1496    ]]

iter 12 cost=89.322397 -> 62.202395 |dtheta|=5.006342e-01  lambda=1.000e-06

============================================================
Iteration 13
============================================================
Theta offsets (Unity frame):
  Source   : dSx=   0.000, dSy=   0.000, dSz=   0.000  (mm)
  Object   : dOx= -18.029, dOy=  -8.238, dOz= -22.161  (mm)
  Object offset: offset_x=   0.028, offset_z=   0.009  (mm)
  Detector : dDx=   0.000, dDy=   0.000, dDz=   0.000  (mm)
  Obj Stage rotY :   25.106 deg
============================================================

Unity geometry (world coordinates):
  Source   : x=   5.000, y=  60.000, z=   0.000
  Object   : x=  -0.029, y=  14.762, z= 557.839
  Detector : x=  -8.000, y=  -5.000, z= 800.000
  Obj rotY :   0.0000 deg
view   0 | SOD= 559.701 mm | SDD= 802.742 mm | M= 1.434 | incident=4.7367°
[[ 241.22214    -503.02164     -45.237732  ]
 [-109.988       215.88062      19.762268  ]
 [   0.13546619    0.06347497    0.        ]
 [   0.            0.            0.1496    ]]
Residual vector length: 162, Jacobian shape: (162, 6)
view   0 | SOD= 559.192 mm | SDD= 802.742 mm | M= 1.436 | incident=4.7367°
[[ 240.93106    -502.5978      -45.203587  ]
 [-110.1486      216.36816      19.796413  ]
 [   0.1354777     0.06345038    0.        ]
 [   0.            0.            0.1496    ]]

iter 13 cost=62.202395 -> 43.639903 |dtheta|=4.999640e-01  lambda=1.000e-06

============================================================
Iteration 14
============================================================
Theta offsets (Unity frame):
  Source   : dSx=   0.000, dSy=   0.000, dSz=   0.000  (mm)
  Object   : dOx= -18.044, dOy=  -8.204, dOz= -22.660  (mm)
  Object offset: offset_x=   0.025, offset_z=  -0.001  (mm)
  Detector : dDx=   0.000, dDy=   0.000, dDz=   0.000  (mm)
  Obj Stage rotY :   25.096 deg
============================================================

Unity geometry (world coordinates):
  Source   : x=   5.000, y=  60.000, z=   0.000
  Object   : x=  -0.044, y=  14.796, z= 557.340
  Detector : x=  -8.000, y=  -5.000, z= 800.000
  Obj rotY :   0.0000 deg
view   0 | SOD= 559.192 mm | SDD= 802.742 mm | M= 1.436 | incident=4.7367°
[[ 240.93106    -502.5978      -45.203587  ]
 [-110.1486      216.36816      19.796413  ]
 [   0.1354777     0.06345038    0.        ]
 [   0.            0.            0.1496    ]]
Residual vector length: 162, Jacobian shape: (162, 6)
view   0 | SOD= 558.863 mm | SDD= 802.742 mm | M= 1.436 | incident=4.7367°
[[ 240.29298    -502.54028     -45.164948  ]
 [-110.07178     216.77435      19.835052  ]
 [   0.13554071    0.06331567    0.        ]
 [   0.            0.            0.1496    ]]

iter 14 cost=43.639903 -> 31.547053 |dtheta|=3.286683e-01  lambda=1.000e-06

============================================================
Iteration 15
============================================================
Theta offsets (Unity frame):
  Source   : dSx=   0.000, dSy=   0.000, dSz=   0.000  (mm)
  Object   : dOx= -18.021, dOy=  -8.165, dOz= -22.979  (mm)
  Object offset: offset_x=   0.002, offset_z=  -0.009  (mm)
  Detector : dDx=   0.000, dDy=   0.000, dDz=   0.000  (mm)
  Obj Stage rotY :   25.039 deg
============================================================

Unity geometry (world coordinates):
  Source   : x=   5.000, y=  60.000, z=   0.000
  Object   : x=  -0.021, y=  14.835, z= 557.021
  Detector : x=  -8.000, y=  -5.000, z= 800.000
  Obj rotY :   0.0000 deg
view   0 | SOD= 558.863 mm | SDD= 802.742 mm | M= 1.436 | incident=4.7367°
[[ 240.29298    -502.54028     -45.164948  ]
 [-110.07178     216.77435      19.835052  ]
 [   0.13554071    0.06331567    0.        ]
 [   0.            0.            0.1496    ]]
Residual vector length: 162, Jacobian shape: (162, 6)
view   0 | SOD= 558.563 mm | SDD= 802.742 mm | M= 1.437 | incident=4.7367°
[[ 239.51976    -502.57938     -45.136673  ]
 [-109.933914    217.17833      19.863329  ]
 [   0.13562077    0.063144      0.        ]
 [   0.            0.            0.1496    ]]

iter 15 cost=31.547053 -> 22.502756 |dtheta|=3.187417e-01  lambda=1.000e-06

============================================================
Iteration 16
============================================================
Theta offsets (Unity frame):
  Source   : dSx=   0.000, dSy=   0.000, dSz=   0.000  (mm)
  Object   : dOx= -18.019, dOy=  -8.137, dOz= -23.288  (mm)
  Object offset: offset_x=   0.013, offset_z=   0.002  (mm)
  Detector : dDx=   0.000, dDy=   0.000, dDz=   0.000  (mm)
  Obj Stage rotY :   24.966 deg
============================================================

Unity geometry (world coordinates):
  Source   : x=   5.000, y=  60.000, z=   0.000
  Object   : x=  -0.019, y=  14.863, z= 556.712
  Detector : x=  -8.000, y=  -5.000, z= 800.000
  Obj rotY :   0.0000 deg
view   0 | SOD= 558.563 mm | SDD= 802.742 mm | M= 1.437 | incident=4.7367°
[[ 239.51976    -502.57938     -45.136673  ]
 [-109.933914    217.17833      19.863329  ]
 [   0.13562077    0.063144      0.        ]
 [   0.            0.            0.1496    ]]
Residual vector length: 162, Jacobian shape: (162, 6)
view   0 | SOD= 558.305 mm | SDD= 802.742 mm | M= 1.438 | incident=4.7367°
[[ 239.83368    -502.14407     -45.116394  ]
 [-110.23616     217.31413      19.883604  ]
 [   0.13556667    0.0632601     0.        ]
 [   0.            0.            0.1496    ]]

iter 16 cost=22.502756 -> 16.627570 |dtheta|=2.695095e-01  lambda=1.000e-06

============================================================
Iteration 17
============================================================
Theta offsets (Unity frame):
  Source   : dSx=   0.000, dSy=   0.000, dSz=   0.000  (mm)
  Object   : dOx= -18.010, dOy=  -8.116, dOz= -23.552  (mm)
  Object offset: offset_x=   0.011, offset_z=   0.008  (mm)
  Detector : dDx=   0.000, dDy=   0.000, dDz=   0.000  (mm)
  Obj Stage rotY :   25.015 deg
============================================================

Unity geometry (world coordinates):
  Source   : x=   5.000, y=  60.000, z=   0.000
  Object   : x=  -0.010, y=  14.884, z= 556.448
  Detector : x=  -8.000, y=  -5.000, z= 800.000
  Obj rotY :   0.0000 deg
view   0 | SOD= 558.305 mm | SDD= 802.742 mm | M= 1.438 | incident=4.7367°
[[ 239.83368    -502.14407     -45.116394  ]
 [-110.23616     217.31413      19.883604  ]
 [   0.13556667    0.0632601     0.        ]
 [   0.            0.            0.1496    ]]
Residual vector length: 162, Jacobian shape: (162, 6)
view   0 | SOD= 558.227 mm | SDD= 802.742 mm | M= 1.438 | incident=4.7367°
[[ 239.91586    -502.0185      -45.109695  ]
 [-110.31055     217.3635       19.890305  ]
 [   0.13555288    0.06328961    0.        ]
 [   0.            0.            0.1496    ]]

iter 17 cost=16.627570 -> 15.286924 |dtheta|=7.305920e-02  lambda=1.000e-06

============================================================
Iteration 18
============================================================
Theta offsets (Unity frame):
  Source   : dSx=   0.000, dSy=   0.000, dSz=   0.000  (mm)
  Object   : dOx= -18.010, dOy=  -8.110, dOz= -23.623  (mm)
  Object offset: offset_x=   0.005, offset_z=   0.002  (mm)
  Detector : dDx=   0.000, dDy=   0.000, dDz=   0.000  (mm)
  Obj Stage rotY :   25.028 deg
============================================================

Unity geometry (world coordinates):
  Source   : x=   5.000, y=  60.000, z=   0.000
  Object   : x=  -0.010, y=  14.890, z= 556.377
  Detector : x=  -8.000, y=  -5.000, z= 800.000
  Obj rotY :   0.0000 deg
view   0 | SOD= 558.227 mm | SDD= 802.742 mm | M= 1.438 | incident=4.7367°
[[ 239.91586    -502.0185      -45.109695  ]
 [-110.31055     217.3635       19.890305  ]
 [   0.13555288    0.06328961    0.        ]
 [   0.            0.            0.1496    ]]
Residual vector length: 162, Jacobian shape: (162, 6)
view   0 | SOD= 558.032 mm | SDD= 802.742 mm | M= 1.439 | incident=4.7367°
[[ 239.79106    -501.86337     -45.093517  ]
 [-110.37356     217.5487       19.906483  ]
 [   0.13555832    0.06327796    0.        ]
 [   0.            0.            0.1496    ]]

iter 18 cost=15.286924 -> 10.888328 |dtheta|=1.945555e-01  lambda=1.000e-06

============================================================
Iteration 19
============================================================
Theta offsets (Unity frame):
  Source   : dSx=   0.000, dSy=   0.000, dSz=   0.000  (mm)
  Object   : dOx= -18.009, dOy=  -8.094, dOz= -23.817  (mm)
  Object offset: offset_x=   0.003, offset_z=   0.001  (mm)
  Detector : dDx=   0.000, dDy=   0.000, dDz=   0.000  (mm)
  Obj Stage rotY :   25.023 deg
============================================================

Unity geometry (world coordinates):
  Source   : x=   5.000, y=  60.000, z=   0.000
  Object   : x=  -0.009, y=  14.906, z= 556.183
  Detector : x=  -8.000, y=  -5.000, z= 800.000
  Obj rotY :   0.0000 deg
view   0 | SOD= 558.032 mm | SDD= 802.742 mm | M= 1.439 | incident=4.7367°
[[ 239.79106    -501.86337     -45.093517  ]
 [-110.37356     217.5487       19.906483  ]
 [   0.13555832    0.06327796    0.        ]
 [   0.            0.            0.1496    ]]
Residual vector length: 162, Jacobian shape: (162, 6)
view   0 | SOD= 557.861 mm | SDD= 802.742 mm | M= 1.439 | incident=4.7367°
[[ 239.77185    -501.68417     -45.07644   ]
 [-110.467415    217.69156      19.923563  ]
 [   0.13555175    0.06329203    0.        ]
 [   0.            0.            0.1496    ]]

iter 19 cost=10.888328 -> 7.950447 |dtheta|=1.744726e-01  lambda=1.000e-06

============================================================
Iteration 20
============================================================
Theta offsets (Unity frame):
  Source   : dSx=   0.000, dSy=   0.000, dSz=   0.000  (mm)
  Object   : dOx= -18.009, dOy=  -8.076, dOz= -23.990  (mm)
  Object offset: offset_x=   0.004, offset_z=   0.005  (mm)
  Detector : dDx=   0.000, dDy=   0.000, dDz=   0.000  (mm)
  Obj Stage rotY :   25.029 deg
============================================================

Unity geometry (world coordinates):
  Source   : x=   5.000, y=  60.000, z=   0.000
  Object   : x=  -0.009, y=  14.924, z= 556.010
  Detector : x=  -8.000, y=  -5.000, z= 800.000
  Obj rotY :   0.0000 deg
view   0 | SOD= 557.861 mm | SDD= 802.742 mm | M= 1.439 | incident=4.7367°
[[ 239.77185    -501.68417     -45.07644   ]
 [-110.467415    217.69156      19.923563  ]
 [   0.13555175    0.06329203    0.        ]
 [   0.            0.            0.1496    ]]
Residual vector length: 162, Jacobian shape: (162, 6)
view   0 | SOD= 557.583 mm | SDD= 802.742 mm | M= 1.440 | incident=4.7367°
[[ 239.55157    -501.48087     -45.06024   ]
 [-110.537605    217.96793      19.939758  ]
 [   0.13556495    0.06326374    0.        ]
 [   0.            0.            0.1496    ]]

iter 20 cost=7.950447 -> 4.902562 |dtheta|=2.731766e-01  lambda=1.000e-06

============================================================
Iteration 21
============================================================
Theta offsets (Unity frame):
  Source   : dSx=   0.000, dSy=   0.000, dSz=   0.000  (mm)
  Object   : dOx= -18.011, dOy=  -8.060, dOz= -24.263  (mm)
  Object offset: offset_x=   0.003, offset_z=  -0.001  (mm)
  Detector : dDx=   0.000, dDy=   0.000, dDz=   0.000  (mm)
  Obj Stage rotY :   25.017 deg
============================================================

Unity geometry (world coordinates):
  Source   : x=   5.000, y=  60.000, z=   0.000
  Object   : x=  -0.011, y=  14.940, z= 555.737
  Detector : x=  -8.000, y=  -5.000, z= 800.000
  Obj rotY :   0.0000 deg
view   0 | SOD= 557.583 mm | SDD= 802.742 mm | M= 1.440 | incident=4.7367°
[[ 239.55157    -501.48087     -45.06024   ]
 [-110.537605    217.96793      19.939758  ]
 [   0.13556495    0.06326374    0.        ]
 [   0.            0.            0.1496    ]]
Residual vector length: 162, Jacobian shape: (162, 6)
view   0 | SOD= 557.481 mm | SDD= 802.742 mm | M= 1.440 | incident=4.7367°
[[ 239.33235    -501.47305     -45.049862  ]
 [-110.503395    218.09898      19.950138  ]
 [   0.13558723    0.06321599    0.        ]
 [   0.            0.            0.1496    ]]

iter 21 cost=4.902562 -> 3.660779 |dtheta|=1.070370e-01  lambda=1.000e-06

============================================================
Iteration 22
============================================================
Theta offsets (Unity frame):
  Source   : dSx=   0.000, dSy=   0.000, dSz=   0.000  (mm)
  Object   : dOx= -18.008, dOy=  -8.050, dOz= -24.367  (mm)
  Object offset: offset_x=  -0.001, offset_z=   0.002  (mm)
  Detector : dDx=   0.000, dDy=   0.000, dDz=   0.000  (mm)
  Obj Stage rotY :   24.997 deg
============================================================

Unity geometry (world coordinates):
  Source   : x=   5.000, y=  60.000, z=   0.000
  Object   : x=  -0.008, y=  14.950, z= 555.633
  Detector : x=  -8.000, y=  -5.000, z= 800.000
  Obj rotY :   0.0000 deg
view   0 | SOD= 557.481 mm | SDD= 802.742 mm | M= 1.440 | incident=4.7367°
[[ 239.33235    -501.47305     -45.049862  ]
 [-110.503395    218.09898      19.950138  ]
 [   0.13558723    0.06321599    0.        ]
 [   0.            0.            0.1496    ]]
Residual vector length: 162, Jacobian shape: (162, 6)
view   0 | SOD= 557.398 mm | SDD= 802.742 mm | M= 1.440 | incident=4.7367°
[[ 239.29353    -501.40063     -45.04043   ]
 [-110.537415    218.17377      19.95957   ]
 [   0.13558766    0.06321508    0.        ]
 [   0.            0.            0.1496    ]]

iter 22 cost=3.660779 -> 2.789626 |dtheta|=8.091759e-02  lambda=1.000e-06

============================================================
Iteration 23
============================================================
Theta offsets (Unity frame):
  Source   : dSx=   0.000, dSy=   0.000, dSz=   0.000  (mm)
  Object   : dOx= -18.006, dOy=  -8.040, dOz= -24.447  (mm)
  Object offset: offset_x=  -0.001, offset_z=   0.000  (mm)
  Detector : dDx=   0.000, dDy=   0.000, dDz=   0.000  (mm)
  Obj Stage rotY :   24.996 deg
============================================================

Unity geometry (world coordinates):
  Source   : x=   5.000, y=  60.000, z=   0.000
  Object   : x=  -0.006, y=  14.960, z= 555.553
  Detector : x=  -8.000, y=  -5.000, z= 800.000
  Obj rotY :   0.0000 deg
view   0 | SOD= 557.398 mm | SDD= 802.742 mm | M= 1.440 | incident=4.7367°
[[ 239.29353    -501.40063     -45.04043   ]
 [-110.537415    218.17377      19.95957   ]
 [   0.13558766    0.06321508    0.        ]
 [   0.            0.            0.1496    ]]
Residual vector length: 162, Jacobian shape: (162, 6)
view   0 | SOD= 557.283 mm | SDD= 802.742 mm | M= 1.440 | incident=4.7367°
[[ 239.3099     -501.26578     -45.030655  ]
 [-110.616394    218.26224      19.969345  ]
 [   0.13557927    0.06323306    0.        ]
 [   0.            0.            0.1496    ]]

iter 23 cost=2.789626 -> 1.817712 |dtheta|=1.180303e-01  lambda=1.000e-06

============================================================
Iteration 24
============================================================
Theta offsets (Unity frame):
  Source   : dSx=   0.000, dSy=   0.000, dSz=   0.000  (mm)
  Object   : dOx= -18.006, dOy=  -8.031, dOz= -24.565  (mm)
  Object offset: offset_x=   0.000, offset_z=   0.003  (mm)
  Detector : dDx=   0.000, dDy=   0.000, dDz=   0.000  (mm)
  Obj Stage rotY :   25.004 deg
============================================================

Unity geometry (world coordinates):
  Source   : x=   5.000, y=  60.000, z=   0.000
  Object   : x=  -0.006, y=  14.969, z= 555.435
  Detector : x=  -8.000, y=  -5.000, z= 800.000
  Obj rotY :   0.0000 deg
view   0 | SOD= 557.283 mm | SDD= 802.742 mm | M= 1.440 | incident=4.7367°
[[ 239.3099     -501.26578     -45.030655  ]
 [-110.616394    218.26224      19.969345  ]
 [   0.13557927    0.06323306    0.        ]
 [   0.            0.            0.1496    ]]
Residual vector length: 162, Jacobian shape: (162, 6)
view   0 | SOD= 557.242 mm | SDD= 802.742 mm | M= 1.441 | incident=4.7367°
[[ 239.11195    -501.31522     -45.027412  ]
 [-110.55507     218.33885      19.97259   ]
 [   0.13560206    0.0631842     0.        ]
 [   0.            0.            0.1496    ]]

iter 24 cost=1.817712 -> 1.625924 |dtheta|=4.576605e-02  lambda=1.000e-06

============================================================
Iteration 25
============================================================
Theta offsets (Unity frame):
  Source   : dSx=   0.000, dSy=   0.000, dSz=   0.000  (mm)
  Object   : dOx= -18.006, dOy=  -8.027, dOz= -24.605  (mm)
  Object offset: offset_x=  -0.000, offset_z=   0.003  (mm)
  Detector : dDx=   0.000, dDy=   0.000, dDz=   0.000  (mm)
  Obj Stage rotY :   24.983 deg
============================================================

Unity geometry (world coordinates):
  Source   : x=   5.000, y=  60.000, z=   0.000
  Object   : x=  -0.006, y=  14.973, z= 555.395
  Detector : x=  -8.000, y=  -5.000, z= 800.000
  Obj rotY :   0.0000 deg
view   0 | SOD= 557.242 mm | SDD= 802.742 mm | M= 1.441 | incident=4.7367°
[[ 239.11195    -501.31522     -45.027412  ]
 [-110.55507     218.33885      19.97259   ]
 [   0.13560206    0.0631842     0.        ]
 [   0.            0.            0.1496    ]]
Residual vector length: 162, Jacobian shape: (162, 6)
view   0 | SOD= 557.201 mm | SDD= 802.742 mm | M= 1.441 | incident=4.7367°
[[ 239.30522    -501.17728     -45.025208  ]
 [-110.66091     218.33136      19.974792  ]
 [   0.13557577    0.06324056    0.        ]
 [   0.            0.            0.1496    ]]

iter 25 cost=1.625924 -> 1.318846 |dtheta|=4.604320e-02  lambda=1.000e-06

============================================================
Iteration 26
============================================================
Theta offsets (Unity frame):
  Source   : dSx=   0.000, dSy=   0.000, dSz=   0.000  (mm)
  Object   : dOx= -18.006, dOy=  -8.025, dOz= -24.645  (mm)
  Object offset: offset_x=  -0.003, offset_z=   0.001  (mm)
  Detector : dDx=   0.000, dDy=   0.000, dDz=   0.000  (mm)
  Obj Stage rotY :   25.007 deg
============================================================

Unity geometry (world coordinates):
  Source   : x=   5.000, y=  60.000, z=   0.000
  Object   : x=  -0.006, y=  14.975, z= 555.355
  Detector : x=  -8.000, y=  -5.000, z= 800.000
  Obj rotY :   0.0000 deg
view   0 | SOD= 557.201 mm | SDD= 802.742 mm | M= 1.441 | incident=4.7367°
[[ 239.30522    -501.17728     -45.025208  ]
 [-110.66091     218.33136      19.974792  ]
 [   0.13557577    0.06324056    0.        ]
 [   0.            0.            0.1496    ]]
Residual vector length: 162, Jacobian shape: (162, 6)
view   0 | SOD= 557.134 mm | SDD= 802.742 mm | M= 1.441 | incident=4.7367°
[[ 239.19771    -501.15414     -45.021812  ]
 [-110.65679     218.40881      19.978188  ]
 [   0.13558559    0.06321952    0.        ]
 [   0.            0.            0.1496    ]]

iter 26 cost=1.318846 -> 0.977384 |dtheta|=6.946678e-02  lambda=1.000e-06

============================================================
Iteration 27
============================================================
Theta offsets (Unity frame):
  Source   : dSx=   0.000, dSy=   0.000, dSz=   0.000  (mm)
  Object   : dOx= -18.005, dOy=  -8.022, dOz= -24.713  (mm)
  Object offset: offset_x=  -0.002, offset_z=   0.002  (mm)
  Detector : dDx=   0.000, dDy=   0.000, dDz=   0.000  (mm)
  Obj Stage rotY :   24.998 deg
============================================================

Unity geometry (world coordinates):
  Source   : x=   5.000, y=  60.000, z=   0.000
  Object   : x=  -0.005, y=  14.978, z= 555.287
  Detector : x=  -8.000, y=  -5.000, z= 800.000
  Obj rotY :   0.0000 deg
view   0 | SOD= 557.134 mm | SDD= 802.742 mm | M= 1.441 | incident=4.7367°
[[ 239.19771    -501.15414     -45.021812  ]
 [-110.65679     218.40881      19.978188  ]
 [   0.13558559    0.06321952    0.        ]
 [   0.            0.            0.1496    ]]
Residual vector length: 162, Jacobian shape: (162, 6)
view   0 | SOD= 557.097 mm | SDD= 802.742 mm | M= 1.441 | incident=4.7367°
[[ 239.30473    -501.06265     -45.01802   ]
 [-110.728935    218.41316      19.981977  ]
 [   0.13556984    0.06325328    0.        ]
 [   0.            0.            0.1496    ]]

iter 27 cost=0.977384 -> 0.873272 |dtheta|=3.889233e-02  lambda=1.000e-06

============================================================
Iteration 28
============================================================
Theta offsets (Unity frame):
  Source   : dSx=   0.000, dSy=   0.000, dSz=   0.000  (mm)
  Object   : dOx= -18.004, dOy=  -8.018, dOz= -24.749  (mm)
  Object offset: offset_x=  -0.000, offset_z=   0.002  (mm)
  Detector : dDx=   0.000, dDy=   0.000, dDz=   0.000  (mm)
  Obj Stage rotY :   25.013 deg
============================================================

Unity geometry (world coordinates):
  Source   : x=   5.000, y=  60.000, z=   0.000
  Object   : x=  -0.004, y=  14.982, z= 555.251
  Detector : x=  -8.000, y=  -5.000, z= 800.000
  Obj rotY :   0.0000 deg
view   0 | SOD= 557.097 mm | SDD= 802.742 mm | M= 1.441 | incident=4.7367°
[[ 239.30473    -501.06265     -45.01802   ]
 [-110.728935    218.41316      19.981977  ]
 [   0.13556984    0.06325328    0.        ]
 [   0.            0.            0.1496    ]]
Residual vector length: 162, Jacobian shape: (162, 6)
view   0 | SOD= 557.063 mm | SDD= 802.742 mm | M= 1.441 | incident=4.7367°
[[ 239.23627    -501.05792     -45.015347  ]
 [-110.71895     218.45604      19.984653  ]
 [   0.13557674    0.0632385     0.        ]
 [   0.            0.            0.1496    ]]

iter 28 cost=0.873272 -> 0.773198 |dtheta|=3.349342e-02  lambda=1.000e-06

============================================================
Iteration 29
============================================================
Theta offsets (Unity frame):
  Source   : dSx=   0.000, dSy=   0.000, dSz=   0.000  (mm)
  Object   : dOx= -18.003, dOy=  -8.015, dOz= -24.782  (mm)
  Object offset: offset_x=  -0.002, offset_z=   0.001  (mm)
  Detector : dDx=   0.000, dDy=   0.000, dDz=   0.000  (mm)
  Obj Stage rotY :   25.006 deg
============================================================

Unity geometry (world coordinates):
  Source   : x=   5.000, y=  60.000, z=   0.000
  Object   : x=  -0.003, y=  14.985, z= 555.218
  Detector : x=  -8.000, y=  -5.000, z= 800.000
  Obj rotY :   0.0000 deg
view   0 | SOD= 557.063 mm | SDD= 802.742 mm | M= 1.441 | incident=4.7367°
[[ 239.23627    -501.05792     -45.015347  ]
 [-110.71895     218.45604      19.984653  ]
 [   0.13557674    0.0632385     0.        ]
 [   0.            0.            0.1496    ]]
Residual vector length: 162, Jacobian shape: (162, 6)
view   0 | SOD= 557.051 mm | SDD= 802.742 mm | M= 1.441 | incident=4.7367°
[[ 239.28954    -501.019       -45.014755  ]
 [-110.75255     218.4527       19.985243  ]
 [   0.1355691     0.06325487    0.        ]
 [   0.            0.            0.1496    ]]

iter 29 cost=0.773198 -> 0.692426 |dtheta|=1.408501e-02  lambda=1.000e-06

============================================================
Iteration 30
============================================================
Theta offsets (Unity frame):
  Source   : dSx=   0.000, dSy=   0.000, dSz=   0.000  (mm)
  Object   : dOx= -18.003, dOy=  -8.015, dOz= -24.794  (mm)
  Object offset: offset_x=   0.000, offset_z=   0.001  (mm)
  Detector : dDx=   0.000, dDy=   0.000, dDz=   0.000  (mm)
  Obj Stage rotY :   25.013 deg
============================================================

Unity geometry (world coordinates):
  Source   : x=   5.000, y=  60.000, z=   0.000
  Object   : x=  -0.003, y=  14.985, z= 555.206
  Detector : x=  -8.000, y=  -5.000, z= 800.000
  Obj rotY :   0.0000 deg
view   0 | SOD= 557.051 mm | SDD= 802.742 mm | M= 1.441 | incident=4.7367°
[[ 239.28954    -501.019       -45.014755  ]
 [-110.75255     218.4527       19.985243  ]
 [   0.1355691     0.06325487    0.        ]
 [   0.            0.            0.1496    ]]
Residual vector length: 162, Jacobian shape: (162, 6)
view   0 | SOD= 557.021 mm | SDD= 802.742 mm | M= 1.441 | incident=4.7367°
[[ 239.20291    -501.02704     -45.013012  ]
 [-110.73145     218.49706      19.986988  ]
 [   0.13557857    0.06323458    0.        ]
 [   0.            0.            0.1496    ]]

iter 30 cost=0.692426 -> 0.663112 |dtheta|=3.172427e-02  lambda=1.000e-06

============================================================
Iteration 31
============================================================
Theta offsets (Unity frame):
  Source   : dSx=   0.000, dSy=   0.000, dSz=   0.000  (mm)
  Object   : dOx= -18.002, dOy=  -8.013, dOz= -24.824  (mm)
  Object offset: offset_x=  -0.002, offset_z=   0.001  (mm)
  Detector : dDx=   0.000, dDy=   0.000, dDz=   0.000  (mm)
  Obj Stage rotY :   25.005 deg
============================================================

Unity geometry (world coordinates):
  Source   : x=   5.000, y=  60.000, z=   0.000
  Object   : x=  -0.002, y=  14.987, z= 555.176
  Detector : x=  -8.000, y=  -5.000, z= 800.000
  Obj rotY :   0.0000 deg
view   0 | SOD= 557.021 mm | SDD= 802.742 mm | M= 1.441 | incident=4.7367°
[[ 239.20291    -501.02704     -45.013012  ]
 [-110.73145     218.49706      19.986988  ]
 [   0.13557857    0.06323458    0.        ]
 [   0.            0.            0.1496    ]]
Residual vector length: 162, Jacobian shape: (162, 6)
view   0 | SOD= 557.010 mm | SDD= 802.742 mm | M= 1.441 | incident=4.7367°
[[ 239.22954    -501.0025      -45.01171   ]
 [-110.75056     218.49937      19.98829   ]
 [   0.13557455    0.06324319    0.        ]
 [   0.            0.            0.1496    ]]

iter 31 cost=0.663112 -> 0.635093 |dtheta|=1.071705e-02  lambda=1.000e-06

============================================================
Iteration 32
============================================================
Theta offsets (Unity frame):
  Source   : dSx=   0.000, dSy=   0.000, dSz=   0.000  (mm)
  Object   : dOx= -18.002, dOy=  -8.012, dOz= -24.834  (mm)
  Object offset: offset_x=  -0.001, offset_z=   0.000  (mm)
  Detector : dDx=   0.000, dDy=   0.000, dDz=   0.000  (mm)
  Obj Stage rotY :   25.008 deg
============================================================

Unity geometry (world coordinates):
  Source   : x=   5.000, y=  60.000, z=   0.000
  Object   : x=  -0.002, y=  14.988, z= 555.166
  Detector : x=  -8.000, y=  -5.000, z= 800.000
  Obj rotY :   0.0000 deg
view   0 | SOD= 557.010 mm | SDD= 802.742 mm | M= 1.441 | incident=4.7367°
[[ 239.22954    -501.0025      -45.01171   ]
 [-110.75056     218.49937      19.98829   ]
 [   0.13557455    0.06324319    0.        ]
 [   0.            0.            0.1496    ]]
Residual vector length: 162, Jacobian shape: (162, 6)
view   0 | SOD= 556.985 mm | SDD= 802.742 mm | M= 1.441 | incident=4.7367°
[[ 239.24915    -500.965       -45.00995   ]
 [-110.77456     218.51566      19.990053  ]
 [   0.13557072    0.06325141    0.        ]
 [   0.            0.            0.1496    ]]

iter 32 cost=0.635093 -> 0.586933 |dtheta|=2.553030e-02  lambda=1.000e-06

============================================================
Iteration 33
============================================================
Theta offsets (Unity frame):
  Source   : dSx=   0.000, dSy=   0.000, dSz=   0.000  (mm)
  Object   : dOx= -18.001, dOy=  -8.010, dOz= -24.860  (mm)
  Object offset: offset_x=  -0.002, offset_z=   0.000  (mm)
  Detector : dDx=   0.000, dDy=   0.000, dDz=   0.000  (mm)
  Obj Stage rotY :   25.012 deg
============================================================

Unity geometry (world coordinates):
  Source   : x=   5.000, y=  60.000, z=   0.000
  Object   : x=  -0.001, y=  14.990, z= 555.140
  Detector : x=  -8.000, y=  -5.000, z= 800.000
  Obj rotY :   0.0000 deg
view   0 | SOD= 556.985 mm | SDD= 802.742 mm | M= 1.441 | incident=4.7367°
[[ 239.24915    -500.965       -45.00995   ]
 [-110.77456     218.51566      19.990053  ]
 [   0.13557072    0.06325141    0.        ]
 [   0.            0.            0.1496    ]]
Residual vector length: 162, Jacobian shape: (162, 6)
view   0 | SOD= 556.963 mm | SDD= 802.742 mm | M= 1.441 | incident=4.7367°
[[ 239.26466    -500.9339      -45.00823   ]
 [-110.79586     218.52884      19.991772  ]
 [   0.13556749    0.06325834    0.        ]
 [   0.            0.            0.1496    ]]

iter 33 cost=0.586933 -> 0.549453 |dtheta|=2.107348e-02  lambda=1.000e-06

============================================================
Iteration 34
============================================================
Theta offsets (Unity frame):
  Source   : dSx=   0.000, dSy=   0.000, dSz=   0.000  (mm)
  Object   : dOx= -18.002, dOy=  -8.008, dOz= -24.880  (mm)
  Object offset: offset_x=   0.000, offset_z=  -0.001  (mm)
  Detector : dDx=   0.000, dDy=   0.000, dDz=   0.000  (mm)
  Obj Stage rotY :   25.015 deg
============================================================

Unity geometry (world coordinates):
  Source   : x=   5.000, y=  60.000, z=   0.000
  Object   : x=  -0.002, y=  14.992, z= 555.120
  Detector : x=  -8.000, y=  -5.000, z= 800.000
  Obj rotY :   0.0000 deg
view   0 | SOD= 556.963 mm | SDD= 802.742 mm | M= 1.441 | incident=4.7367°
[[ 239.26466    -500.9339      -45.00823   ]
 [-110.79586     218.52884      19.991772  ]
 [   0.13556749    0.06325834    0.        ]
 [   0.            0.            0.1496    ]]
Residual vector length: 162, Jacobian shape: (162, 6)
view   0 | SOD= 556.953 mm | SDD= 802.742 mm | M= 1.441 | incident=4.7367°
[[ 239.26344    -500.92325     -45.007553  ]
 [-110.80118     218.53749      19.992447  ]
 [   0.13556711    0.06325912    0.        ]
 [   0.            0.            0.1496    ]]

iter 34 cost=0.549453 -> 0.530918 |dtheta|=1.098980e-02  lambda=1.000e-06

============================================================
Iteration 35
============================================================
Theta offsets (Unity frame):
  Source   : dSx=   0.000, dSy=   0.000, dSz=   0.000  (mm)
  Object   : dOx= -18.001, dOy=  -8.008, dOz= -24.891  (mm)
  Object offset: offset_x=  -0.001, offset_z=   0.000  (mm)
  Detector : dDx=   0.000, dDy=   0.000, dDz=   0.000  (mm)
  Obj Stage rotY :   25.015 deg
============================================================

Unity geometry (world coordinates):
  Source   : x=   5.000, y=  60.000, z=   0.000
  Object   : x=  -0.001, y=  14.992, z= 555.109
  Detector : x=  -8.000, y=  -5.000, z= 800.000
  Obj rotY :   0.0000 deg
view   0 | SOD= 556.953 mm | SDD= 802.742 mm | M= 1.441 | incident=4.7367°
[[ 239.26344    -500.92325     -45.007553  ]
 [-110.80118     218.53749      19.992447  ]
 [   0.13556711    0.06325912    0.        ]
 [   0.            0.            0.1496    ]]
Residual vector length: 162, Jacobian shape: (162, 6)
view   0 | SOD= 556.951 mm | SDD= 802.742 mm | M= 1.441 | incident=4.7367°
[[ 239.21542    -500.9443      -45.007385  ]
 [-110.7808      218.54973      19.992615  ]
 [   0.13557313    0.06324623    0.        ]
 [   0.            0.            0.1496    ]]

iter 35 cost=0.530918 -> 0.548006 |dtheta|=5.735160e-03  lambda=1.000e-06

============================================================
Iteration 36
============================================================
Theta offsets (Unity frame):
  Source   : dSx=   0.000, dSy=   0.000, dSz=   0.000  (mm)
  Object   : dOx= -18.001, dOy=  -8.008, dOz= -24.891  (mm)
  Object offset: offset_x=  -0.001, offset_z=   0.000  (mm)
  Detector : dDx=   0.000, dDy=   0.000, dDz=   0.000  (mm)
  Obj Stage rotY :   25.015 deg
============================================================

Unity geometry (world coordinates):
  Source   : x=   5.000, y=  60.000, z=   0.000
  Object   : x=  -0.001, y=  14.992, z= 555.109
  Detector : x=  -8.000, y=  -5.000, z= 800.000
  Obj rotY :   0.0000 deg
view   0 | SOD= 556.953 mm | SDD= 802.742 mm | M= 1.441 | incident=4.7367°
[[ 239.26344    -500.92325     -45.007553  ]
 [-110.80118     218.53749      19.992447  ]
 [   0.13556711    0.06325912    0.        ]
 [   0.            0.            0.1496    ]]
Residual vector length: 162, Jacobian shape: (162, 6)
view   0 | SOD= 556.951 mm | SDD= 802.742 mm | M= 1.441 | incident=4.7367°
[[ 239.21542    -500.9443      -45.007385  ]
 [-110.7808      218.54973      19.992615  ]
 [   0.13557313    0.06324623    0.        ]
 [   0.            0.            0.1496    ]]

iter 36 cost=0.530918 -> 0.548006 |dtheta|=5.735160e-03  lambda=5.000e-06

============================================================
Iteration 37
============================================================
Theta offsets (Unity frame):
  Source   : dSx=   0.000, dSy=   0.000, dSz=   0.000  (mm)
  Object   : dOx= -18.001, dOy=  -8.008, dOz= -24.891  (mm)
  Object offset: offset_x=  -0.001, offset_z=   0.000  (mm)
  Detector : dDx=   0.000, dDy=   0.000, dDz=   0.000  (mm)
  Obj Stage rotY :   25.015 deg
============================================================

Unity geometry (world coordinates):
  Source   : x=   5.000, y=  60.000, z=   0.000
  Object   : x=  -0.001, y=  14.992, z= 555.109
  Detector : x=  -8.000, y=  -5.000, z= 800.000
  Obj rotY :   0.0000 deg
view   0 | SOD= 556.953 mm | SDD= 802.742 mm | M= 1.441 | incident=4.7367°
[[ 239.26344    -500.92325     -45.007553  ]
 [-110.80118     218.53749      19.992447  ]
 [   0.13556711    0.06325912    0.        ]
 [   0.            0.            0.1496    ]]
Residual vector length: 162, Jacobian shape: (162, 6)
view   0 | SOD= 556.951 mm | SDD= 802.742 mm | M= 1.441 | incident=4.7367°
[[ 239.21542    -500.9443      -45.007385  ]
 [-110.7808      218.54973      19.992615  ]
 [   0.13557313    0.06324623    0.        ]
 [   0.            0.            0.1496    ]]

iter 37 cost=0.530918 -> 0.548006 |dtheta|=5.735160e-03  lambda=2.500e-05

============================================================
Iteration 38
============================================================
Theta offsets (Unity frame):
  Source   : dSx=   0.000, dSy=   0.000, dSz=   0.000  (mm)
  Object   : dOx= -18.001, dOy=  -8.008, dOz= -24.891  (mm)
  Object offset: offset_x=  -0.001, offset_z=   0.000  (mm)
  Detector : dDx=   0.000, dDy=   0.000, dDz=   0.000  (mm)
  Obj Stage rotY :   25.015 deg
============================================================

Unity geometry (world coordinates):
  Source   : x=   5.000, y=  60.000, z=   0.000
  Object   : x=  -0.001, y=  14.992, z= 555.109
  Detector : x=  -8.000, y=  -5.000, z= 800.000
  Obj rotY :   0.0000 deg
view   0 | SOD= 556.953 mm | SDD= 802.742 mm | M= 1.441 | incident=4.7367°
[[ 239.26344    -500.92325     -45.007553  ]
 [-110.80118     218.53749      19.992447  ]
 [   0.13556711    0.06325912    0.        ]
 [   0.            0.            0.1496    ]]
Residual vector length: 162, Jacobian shape: (162, 6)
view   0 | SOD= 556.951 mm | SDD= 802.742 mm | M= 1.441 | incident=4.7367°
[[ 239.21542    -500.9443      -45.007385  ]
 [-110.7808      218.54973      19.992615  ]
 [   0.13557313    0.06324623    0.        ]
 [   0.            0.            0.1496    ]]

iter 38 cost=0.530918 -> 0.548006 |dtheta|=5.735158e-03  lambda=1.250e-04

============================================================
Iteration 39
============================================================
Theta offsets (Unity frame):
  Source   : dSx=   0.000, dSy=   0.000, dSz=   0.000  (mm)
  Object   : dOx= -18.001, dOy=  -8.008, dOz= -24.891  (mm)
  Object offset: offset_x=  -0.001, offset_z=   0.000  (mm)
  Detector : dDx=   0.000, dDy=   0.000, dDz=   0.000  (mm)
  Obj Stage rotY :   25.015 deg
============================================================

Unity geometry (world coordinates):
  Source   : x=   5.000, y=  60.000, z=   0.000
  Object   : x=  -0.001, y=  14.992, z= 555.109
  Detector : x=  -8.000, y=  -5.000, z= 800.000
  Obj rotY :   0.0000 deg
view   0 | SOD= 556.953 mm | SDD= 802.742 mm | M= 1.441 | incident=4.7367°
[[ 239.26344    -500.92325     -45.007553  ]
 [-110.80118     218.53749      19.992447  ]
 [   0.13556711    0.06325912    0.        ]
 [   0.            0.            0.1496    ]]
Residual vector length: 162, Jacobian shape: (162, 6)
view   0 | SOD= 556.951 mm | SDD= 802.742 mm | M= 1.441 | incident=4.7367°
[[ 239.21542    -500.9443      -45.007385  ]
 [-110.7808      218.54973      19.992615  ]
 [   0.13557313    0.06324623    0.        ]
 [   0.            0.            0.1496    ]]

iter 39 cost=0.530918 -> 0.548006 |dtheta|=5.735150e-03  lambda=6.250e-04

============================================================
Iteration 40
============================================================
Theta offsets (Unity frame):
  Source   : dSx=   0.000, dSy=   0.000, dSz=   0.000  (mm)
  Object   : dOx= -18.001, dOy=  -8.008, dOz= -24.891  (mm)
  Object offset: offset_x=  -0.001, offset_z=   0.000  (mm)
  Detector : dDx=   0.000, dDy=   0.000, dDz=   0.000  (mm)
  Obj Stage rotY :   25.015 deg
============================================================

Unity geometry (world coordinates):
  Source   : x=   5.000, y=  60.000, z=   0.000
  Object   : x=  -0.001, y=  14.992, z= 555.109
  Detector : x=  -8.000, y=  -5.000, z= 800.000
  Obj rotY :   0.0000 deg
view   0 | SOD= 556.953 mm | SDD= 802.742 mm | M= 1.441 | incident=4.7367°
[[ 239.26344    -500.92325     -45.007553  ]
 [-110.80118     218.53749      19.992447  ]
 [   0.13556711    0.06325912    0.        ]
 [   0.            0.            0.1496    ]]
Residual vector length: 162, Jacobian shape: (162, 6)
view   0 | SOD= 556.951 mm | SDD= 802.742 mm | M= 1.441 | incident=4.7367°
[[ 239.21542    -500.9443      -45.007385  ]
 [-110.7808      218.54973      19.992615  ]
 [   0.13557313    0.06324623    0.        ]
 [   0.            0.            0.1496    ]]

iter 40 cost=0.530918 -> 0.548006 |dtheta|=5.735107e-03  lambda=3.125e-03

============================================================
Iteration 41
============================================================
Theta offsets (Unity frame):
  Source   : dSx=   0.000, dSy=   0.000, dSz=   0.000  (mm)
  Object   : dOx= -18.001, dOy=  -8.008, dOz= -24.891  (mm)
  Object offset: offset_x=  -0.001, offset_z=   0.000  (mm)
  Detector : dDx=   0.000, dDy=   0.000, dDz=   0.000  (mm)
  Obj Stage rotY :   25.015 deg
============================================================

Unity geometry (world coordinates):
  Source   : x=   5.000, y=  60.000, z=   0.000
  Object   : x=  -0.001, y=  14.992, z= 555.109
  Detector : x=  -8.000, y=  -5.000, z= 800.000
  Obj rotY :   0.0000 deg
view   0 | SOD= 556.953 mm | SDD= 802.742 mm | M= 1.441 | incident=4.7367°
[[ 239.26344    -500.92325     -45.007553  ]
 [-110.80118     218.53749      19.992447  ]
 [   0.13556711    0.06325912    0.        ]
 [   0.            0.            0.1496    ]]
Residual vector length: 162, Jacobian shape: (162, 6)
view   0 | SOD= 556.951 mm | SDD= 802.742 mm | M= 1.441 | incident=4.7367°
[[ 239.21542    -500.9443      -45.007385  ]
 [-110.7808      218.54973      19.992615  ]
 [   0.13557313    0.06324623    0.        ]
 [   0.            0.            0.1496    ]]

iter 41 cost=0.530918 -> 0.548006 |dtheta|=5.734895e-03  lambda=1.562e-02

============================================================
Iteration 42
============================================================
Theta offsets (Unity frame):
  Source   : dSx=   0.000, dSy=   0.000, dSz=   0.000  (mm)
  Object   : dOx= -18.001, dOy=  -8.008, dOz= -24.891  (mm)
  Object offset: offset_x=  -0.001, offset_z=   0.000  (mm)
  Detector : dDx=   0.000, dDy=   0.000, dDz=   0.000  (mm)
  Obj Stage rotY :   25.015 deg
============================================================

Unity geometry (world coordinates):
  Source   : x=   5.000, y=  60.000, z=   0.000
  Object   : x=  -0.001, y=  14.992, z= 555.109
  Detector : x=  -8.000, y=  -5.000, z= 800.000
  Obj rotY :   0.0000 deg
view   0 | SOD= 556.953 mm | SDD= 802.742 mm | M= 1.441 | incident=4.7367°
[[ 239.26344    -500.92325     -45.007553  ]
 [-110.80118     218.53749      19.992447  ]
 [   0.13556711    0.06325912    0.        ]
 [   0.            0.            0.1496    ]]
Residual vector length: 162, Jacobian shape: (162, 6)
view   0 | SOD= 556.951 mm | SDD= 802.742 mm | M= 1.441 | incident=4.7367°
[[ 239.21544    -500.9443      -45.007385  ]
 [-110.7808      218.54973      19.992615  ]
 [   0.13557313    0.06324624    0.        ]
 [   0.            0.            0.1496    ]]

iter 42 cost=0.530918 -> 0.548006 |dtheta|=5.733833e-03  lambda=7.812e-02

============================================================
Iteration 43
============================================================
Theta offsets (Unity frame):
  Source   : dSx=   0.000, dSy=   0.000, dSz=   0.000  (mm)
  Object   : dOx= -18.001, dOy=  -8.008, dOz= -24.891  (mm)
  Object offset: offset_x=  -0.001, offset_z=   0.000  (mm)
  Detector : dDx=   0.000, dDy=   0.000, dDz=   0.000  (mm)
  Obj Stage rotY :   25.015 deg
============================================================

Unity geometry (world coordinates):
  Source   : x=   5.000, y=  60.000, z=   0.000
  Object   : x=  -0.001, y=  14.992, z= 555.109
  Detector : x=  -8.000, y=  -5.000, z= 800.000
  Obj rotY :   0.0000 deg
view   0 | SOD= 556.953 mm | SDD= 802.742 mm | M= 1.441 | incident=4.7367°
[[ 239.26344    -500.92325     -45.007553  ]
 [-110.80118     218.53749      19.992447  ]
 [   0.13556711    0.06325912    0.        ]
 [   0.            0.            0.1496    ]]
Residual vector length: 162, Jacobian shape: (162, 6)
view   0 | SOD= 556.951 mm | SDD= 802.742 mm | M= 1.441 | incident=4.7367°
[[ 239.21548    -500.94427     -45.007385  ]
 [-110.78082     218.54971      19.992615  ]
 [   0.13557312    0.06324624    0.        ]
 [   0.            0.            0.1496    ]]

iter 43 cost=0.530918 -> 0.548006 |dtheta|=5.728533e-03  lambda=3.906e-01

============================================================
Iteration 44
============================================================
Theta offsets (Unity frame):
  Source   : dSx=   0.000, dSy=   0.000, dSz=   0.000  (mm)
  Object   : dOx= -18.001, dOy=  -8.008, dOz= -24.891  (mm)
  Object offset: offset_x=  -0.001, offset_z=   0.000  (mm)
  Detector : dDx=   0.000, dDy=   0.000, dDz=   0.000  (mm)
  Obj Stage rotY :   25.015 deg
============================================================

Unity geometry (world coordinates):
  Source   : x=   5.000, y=  60.000, z=   0.000
  Object   : x=  -0.001, y=  14.992, z= 555.109
  Detector : x=  -8.000, y=  -5.000, z= 800.000
  Obj rotY :   0.0000 deg
view   0 | SOD= 556.953 mm | SDD= 802.742 mm | M= 1.441 | incident=4.7367°
[[ 239.26344    -500.92325     -45.007553  ]
 [-110.80118     218.53749      19.992447  ]
 [   0.13556711    0.06325912    0.        ]
 [   0.            0.            0.1496    ]]
Residual vector length: 162, Jacobian shape: (162, 6)
view   0 | SOD= 556.951 mm | SDD= 802.742 mm | M= 1.441 | incident=4.7367°
[[ 239.21571    -500.94415     -45.007385  ]
 [-110.78093     218.54965      19.992613  ]
 [   0.13557309    0.06324631    0.        ]
 [   0.            0.            0.1496    ]]

iter 44 cost=0.530918 -> 0.548006 |dtheta|=5.702195e-03  lambda=1.953e+00

============================================================
Iteration 45
============================================================
Theta offsets (Unity frame):
  Source   : dSx=   0.000, dSy=   0.000, dSz=   0.000  (mm)
  Object   : dOx= -18.001, dOy=  -8.008, dOz= -24.891  (mm)
  Object offset: offset_x=  -0.001, offset_z=   0.000  (mm)
  Detector : dDx=   0.000, dDy=   0.000, dDz=   0.000  (mm)
  Obj Stage rotY :   25.015 deg
============================================================

Unity geometry (world coordinates):
  Source   : x=   5.000, y=  60.000, z=   0.000
  Object   : x=  -0.001, y=  14.992, z= 555.109
  Detector : x=  -8.000, y=  -5.000, z= 800.000
  Obj rotY :   0.0000 deg
view   0 | SOD= 556.953 mm | SDD= 802.742 mm | M= 1.441 | incident=4.7367°
[[ 239.26344    -500.92325     -45.007553  ]
 [-110.80118     218.53749      19.992447  ]
 [   0.13556711    0.06325912    0.        ]
 [   0.            0.            0.1496    ]]
Residual vector length: 162, Jacobian shape: (162, 6)
view   0 | SOD= 556.951 mm | SDD= 802.742 mm | M= 1.441 | incident=4.7367°
[[ 239.21684    -500.9436      -45.00739   ]
 [-110.78145     218.5494       19.99261   ]
 [   0.13557296    0.06324662    0.        ]
 [   0.            0.            0.1496    ]]

iter 45 cost=0.530918 -> 0.546211 |dtheta|=5.574530e-03  lambda=9.766e+00

============================================================
Iteration 46
============================================================
Theta offsets (Unity frame):
  Source   : dSx=   0.000, dSy=   0.000, dSz=   0.000  (mm)
  Object   : dOx= -18.001, dOy=  -8.008, dOz= -24.891  (mm)
  Object offset: offset_x=  -0.001, offset_z=   0.000  (mm)
  Detector : dDx=   0.000, dDy=   0.000, dDz=   0.000  (mm)
  Obj Stage rotY :   25.015 deg
============================================================

Unity geometry (world coordinates):
  Source   : x=   5.000, y=  60.000, z=   0.000
  Object   : x=  -0.001, y=  14.992, z= 555.109
  Detector : x=  -8.000, y=  -5.000, z= 800.000
  Obj rotY :   0.0000 deg
view   0 | SOD= 556.953 mm | SDD= 802.742 mm | M= 1.441 | incident=4.7367°
[[ 239.26344    -500.92325     -45.007553  ]
 [-110.80118     218.53749      19.992447  ]
 [   0.13556711    0.06325912    0.        ]
 [   0.            0.            0.1496    ]]
Residual vector length: 162, Jacobian shape: (162, 6)
view   0 | SOD= 556.951 mm | SDD= 802.742 mm | M= 1.441 | incident=4.7367°
[[ 239.22174    -500.94128     -45.0074    ]
 [-110.78366     218.54828      19.992598  ]
 [   0.13557233    0.06324796    0.        ]
 [   0.            0.            0.1496    ]]

iter 46 cost=0.530918 -> 0.546211 |dtheta|=5.021982e-03  lambda=4.883e+01

============================================================
Iteration 47
============================================================
Theta offsets (Unity frame):
  Source   : dSx=   0.000, dSy=   0.000, dSz=   0.000  (mm)
  Object   : dOx= -18.001, dOy=  -8.008, dOz= -24.891  (mm)
  Object offset: offset_x=  -0.001, offset_z=   0.000  (mm)
  Detector : dDx=   0.000, dDy=   0.000, dDz=   0.000  (mm)
  Obj Stage rotY :   25.015 deg
============================================================

Unity geometry (world coordinates):
  Source   : x=   5.000, y=  60.000, z=   0.000
  Object   : x=  -0.001, y=  14.992, z= 555.109
  Detector : x=  -8.000, y=  -5.000, z= 800.000
  Obj rotY :   0.0000 deg
view   0 | SOD= 556.953 mm | SDD= 802.742 mm | M= 1.441 | incident=4.7367°
[[ 239.26344    -500.92325     -45.007553  ]
 [-110.80118     218.53749      19.992447  ]
 [   0.13556711    0.06325912    0.        ]
 [   0.            0.            0.1496    ]]
Residual vector length: 162, Jacobian shape: (162, 6)
view   0 | SOD= 556.952 mm | SDD= 802.742 mm | M= 1.441 | incident=4.7367°
[[ 239.23576    -500.9349      -45.007454  ]
 [-110.78982     218.54482      19.992544  ]
 [   0.13557056    0.06325176    0.        ]
 [   0.            0.            0.1496    ]]

iter 47 cost=0.530918 -> 0.554490 |dtheta|=3.439421e-03  lambda=2.441e+02

============================================================
Iteration 48
============================================================
Theta offsets (Unity frame):
  Source   : dSx=   0.000, dSy=   0.000, dSz=   0.000  (mm)
  Object   : dOx= -18.001, dOy=  -8.008, dOz= -24.891  (mm)
  Object offset: offset_x=  -0.001, offset_z=   0.000  (mm)
  Detector : dDx=   0.000, dDy=   0.000, dDz=   0.000  (mm)
  Obj Stage rotY :   25.015 deg
============================================================

Unity geometry (world coordinates):
  Source   : x=   5.000, y=  60.000, z=   0.000
  Object   : x=  -0.001, y=  14.992, z= 555.109
  Detector : x=  -8.000, y=  -5.000, z= 800.000
  Obj rotY :   0.0000 deg
view   0 | SOD= 556.953 mm | SDD= 802.742 mm | M= 1.441 | incident=4.7367°
[[ 239.26344    -500.92325     -45.007553  ]
 [-110.80118     218.53749      19.992447  ]
 [   0.13556711    0.06325912    0.        ]
 [   0.            0.            0.1496    ]]
Residual vector length: 162, Jacobian shape: (162, 6)
view   0 | SOD= 556.952 mm | SDD= 802.742 mm | M= 1.441 | incident=4.7367°
[[ 239.25252    -500.92752     -45.007538  ]
 [-110.796974    218.54059      19.99246   ]
 [   0.13556845    0.06325626    0.        ]
 [   0.            0.            0.1496    ]]

iter 48 cost=0.530918 -> 0.543856 |dtheta|=1.615329e-03  lambda=1.221e+03

============================================================
Iteration 49
============================================================
Theta offsets (Unity frame):
  Source   : dSx=   0.000, dSy=   0.000, dSz=   0.000  (mm)
  Object   : dOx= -18.001, dOy=  -8.008, dOz= -24.891  (mm)
  Object offset: offset_x=  -0.001, offset_z=   0.000  (mm)
  Detector : dDx=   0.000, dDy=   0.000, dDz=   0.000  (mm)
  Obj Stage rotY :   25.015 deg
============================================================

Unity geometry (world coordinates):
  Source   : x=   5.000, y=  60.000, z=   0.000
  Object   : x=  -0.001, y=  14.992, z= 555.109
  Detector : x=  -8.000, y=  -5.000, z= 800.000
  Obj rotY :   0.0000 deg
view   0 | SOD= 556.953 mm | SDD= 802.742 mm | M= 1.441 | incident=4.7367°
[[ 239.26344    -500.92325     -45.007553  ]
 [-110.80118     218.53749      19.992447  ]
 [   0.13556711    0.06325912    0.        ]
 [   0.            0.            0.1496    ]]
Residual vector length: 162, Jacobian shape: (162, 6)
view   0 | SOD= 556.953 mm | SDD= 802.742 mm | M= 1.441 | incident=4.7367°
[[ 239.26045    -500.9243      -45.007576  ]
 [-110.800095    218.53845      19.992424  ]
 [   0.13556747    0.06325835    0.        ]
 [   0.            0.            0.1496    ]]

iter 49 cost=0.530918 -> 0.529774 |dtheta|=6.725572e-04  lambda=6.104e+03

============================================================
Iteration 50
============================================================
Theta offsets (Unity frame):
  Source   : dSx=   0.000, dSy=   0.000, dSz=   0.000  (mm)
  Object   : dOx= -18.001, dOy=  -8.008, dOz= -24.891  (mm)
  Object offset: offset_x=  -0.001, offset_z=  -0.000  (mm)
  Detector : dDx=   0.000, dDy=   0.000, dDz=   0.000  (mm)
  Obj Stage rotY :   25.015 deg
============================================================

Unity geometry (world coordinates):
  Source   : x=   5.000, y=  60.000, z=   0.000
  Object   : x=  -0.001, y=  14.992, z= 555.109
  Detector : x=  -8.000, y=  -5.000, z= 800.000
  Obj rotY :   0.0000 deg
view   0 | SOD= 556.953 mm | SDD= 802.742 mm | M= 1.441 | incident=4.7367°
[[ 239.26045    -500.9243      -45.007576  ]
 [-110.800095    218.53845      19.992424  ]
 [   0.13556747    0.06325835    0.        ]
 [   0.            0.            0.1496    ]]
Residual vector length: 162, Jacobian shape: (162, 6)
view   0 | SOD= 556.953 mm | SDD= 802.742 mm | M= 1.441 | incident=4.7367°
[[ 239.25394    -500.92786     -45.00746   ]
 [-110.79693     218.53958      19.992538  ]
 [   0.13556832    0.06325652    0.        ]
 [   0.            0.            0.1496    ]]

iter 50 cost=0.529774 -> 0.547753 |dtheta|=8.518388e-04  lambda=2.035e+03

============================================================
Iteration 51
============================================================
Theta offsets (Unity frame):
  Source   : dSx=   0.000, dSy=   0.000, dSz=   0.000  (mm)
  Object   : dOx= -18.001, dOy=  -8.008, dOz= -24.891  (mm)
  Object offset: offset_x=  -0.001, offset_z=  -0.000  (mm)
  Detector : dDx=   0.000, dDy=   0.000, dDz=   0.000  (mm)
  Obj Stage rotY :   25.015 deg
============================================================

Unity geometry (world coordinates):
  Source   : x=   5.000, y=  60.000, z=   0.000
  Object   : x=  -0.001, y=  14.992, z= 555.109
  Detector : x=  -8.000, y=  -5.000, z= 800.000
  Obj rotY :   0.0000 deg
view   0 | SOD= 556.953 mm | SDD= 802.742 mm | M= 1.441 | incident=4.7367°
[[ 239.26045    -500.9243      -45.007576  ]
 [-110.800095    218.53845      19.992424  ]
 [   0.13556747    0.06325835    0.        ]
 [   0.            0.            0.1496    ]]
Residual vector length: 162, Jacobian shape: (162, 6)
view   0 | SOD= 556.953 mm | SDD= 802.742 mm | M= 1.441 | incident=4.7367°
[[ 239.25903    -500.92508     -45.007504  ]
 [-110.7994      218.53867      19.992496  ]
 [   0.13556767    0.06325796    0.        ]
 [   0.            0.            0.1496    ]]

iter 51 cost=0.529774 -> 0.542220 |dtheta|=2.117819e-04  lambda=1.017e+04

============================================================
Iteration 52
============================================================
Theta offsets (Unity frame):
  Source   : dSx=   0.000, dSy=   0.000, dSz=   0.000  (mm)
  Object   : dOx= -18.001, dOy=  -8.008, dOz= -24.891  (mm)
  Object offset: offset_x=  -0.001, offset_z=  -0.000  (mm)
  Detector : dDx=   0.000, dDy=   0.000, dDz=   0.000  (mm)
  Obj Stage rotY :   25.015 deg
============================================================

Unity geometry (world coordinates):
  Source   : x=   5.000, y=  60.000, z=   0.000
  Object   : x=  -0.001, y=  14.992, z= 555.109
  Detector : x=  -8.000, y=  -5.000, z= 800.000
  Obj rotY :   0.0000 deg
view   0 | SOD= 556.953 mm | SDD= 802.742 mm | M= 1.441 | incident=4.7367°
[[ 239.26045    -500.9243      -45.007576  ]
 [-110.800095    218.53845      19.992424  ]
 [   0.13556747    0.06325835    0.        ]
 [   0.            0.            0.1496    ]]
Residual vector length: 162, Jacobian shape: (162, 6)
view   0 | SOD= 556.953 mm | SDD= 802.742 mm | M= 1.441 | incident=4.7367°
[[ 239.26018    -500.92447     -45.007553  ]
 [-110.79994     218.53847      19.992447  ]
 [   0.13556752    0.06325827    0.        ]
 [   0.            0.            0.1496    ]]

iter 52 cost=0.529774 -> 0.526424 |dtheta|=4.833145e-05  lambda=5.086e+04

============================================================
Iteration 53
============================================================
Theta offsets (Unity frame):
  Source   : dSx=   0.000, dSy=   0.000, dSz=   0.000  (mm)
  Object   : dOx= -18.001, dOy=  -8.008, dOz= -24.891  (mm)
  Object offset: offset_x=  -0.001, offset_z=  -0.000  (mm)
  Detector : dDx=   0.000, dDy=   0.000, dDz=   0.000  (mm)
  Obj Stage rotY :   25.015 deg
============================================================

Unity geometry (world coordinates):
  Source   : x=   5.000, y=  60.000, z=   0.000
  Object   : x=  -0.001, y=  14.992, z= 555.109
  Detector : x=  -8.000, y=  -5.000, z= 800.000
  Obj rotY :   0.0000 deg
view   0 | SOD= 556.953 mm | SDD= 802.742 mm | M= 1.441 | incident=4.7367°
[[ 239.26018    -500.92447     -45.007553  ]
 [-110.79994     218.53847      19.992447  ]
 [   0.13556752    0.06325827    0.        ]
 [   0.            0.            0.1496    ]]
Residual vector length: 162, Jacobian shape: (162, 6)
view   0 | SOD= 556.953 mm | SDD= 802.742 mm | M= 1.441 | incident=4.7367°
[[ 239.25919    -500.92496     -45.007504  ]
 [-110.79954     218.53867      19.992496  ]
 [   0.13556764    0.06325801    0.        ]
 [   0.            0.            0.1496    ]]

iter 53 cost=0.526424 -> 0.537176 |dtheta|=1.358123e-04  lambda=1.695e+04

============================================================
Iteration 54
============================================================
Theta offsets (Unity frame):
  Source   : dSx=   0.000, dSy=   0.000, dSz=   0.000  (mm)
  Object   : dOx= -18.001, dOy=  -8.008, dOz= -24.891  (mm)
  Object offset: offset_x=  -0.001, offset_z=  -0.000  (mm)
  Detector : dDx=   0.000, dDy=   0.000, dDz=   0.000  (mm)
  Obj Stage rotY :   25.015 deg
============================================================

Unity geometry (world coordinates):
  Source   : x=   5.000, y=  60.000, z=   0.000
  Object   : x=  -0.001, y=  14.992, z= 555.109
  Detector : x=  -8.000, y=  -5.000, z= 800.000
  Obj rotY :   0.0000 deg
view   0 | SOD= 556.953 mm | SDD= 802.742 mm | M= 1.441 | incident=4.7367°
[[ 239.26018    -500.92447     -45.007553  ]
 [-110.79994     218.53847      19.992447  ]
 [   0.13556752    0.06325827    0.        ]
 [   0.            0.            0.1496    ]]
Residual vector length: 162, Jacobian shape: (162, 6)
view   0 | SOD= 556.953 mm | SDD= 802.742 mm | M= 1.441 | incident=4.7367°
[[ 239.25998    -500.92456     -45.00754   ]
 [-110.79986     218.5385       19.992458  ]
 [   0.13556755    0.06325822    0.        ]
 [   0.            0.            0.1496    ]]

iter 54 cost=0.526424 -> 0.530344 |dtheta|=2.955193e-05  lambda=8.477e+04

============================================================
Iteration 55
============================================================
Theta offsets (Unity frame):
  Source   : dSx=   0.000, dSy=   0.000, dSz=   0.000  (mm)
  Object   : dOx= -18.001, dOy=  -8.008, dOz= -24.891  (mm)
  Object offset: offset_x=  -0.001, offset_z=  -0.000  (mm)
  Detector : dDx=   0.000, dDy=   0.000, dDz=   0.000  (mm)
  Obj Stage rotY :   25.015 deg
============================================================

Unity geometry (world coordinates):
  Source   : x=   5.000, y=  60.000, z=   0.000
  Object   : x=  -0.001, y=  14.992, z= 555.109
  Detector : x=  -8.000, y=  -5.000, z= 800.000
  Obj rotY :   0.0000 deg
view   0 | SOD= 556.953 mm | SDD= 802.742 mm | M= 1.441 | incident=4.7367°
[[ 239.26018    -500.92447     -45.007553  ]
 [-110.79994     218.53847      19.992447  ]
 [   0.13556752    0.06325827    0.        ]
 [   0.            0.            0.1496    ]]
Residual vector length: 162, Jacobian shape: (162, 6)
view   0 | SOD= 556.953 mm | SDD= 802.742 mm | M= 1.441 | incident=4.7367°
[[ 239.26015    -500.9245      -45.007553  ]
 [-110.79993     218.53847      19.992449  ]
 [   0.13556752    0.06325826    0.        ]
 [   0.            0.            0.1496    ]]

iter 55 cost=0.526424 -> 0.526424 |dtheta|=6.051513e-06  lambda=4.239e+05

============================================================
Iteration 56
============================================================
Theta offsets (Unity frame):
  Source   : dSx=   0.000, dSy=   0.000, dSz=   0.000  (mm)
  Object   : dOx= -18.001, dOy=  -8.008, dOz= -24.891  (mm)
  Object offset: offset_x=  -0.001, offset_z=  -0.000  (mm)
  Detector : dDx=   0.000, dDy=   0.000, dDz=   0.000  (mm)
  Obj Stage rotY :   25.015 deg
============================================================

Unity geometry (world coordinates):
  Source   : x=   5.000, y=  60.000, z=   0.000
  Object   : x=  -0.001, y=  14.992, z= 555.109
  Detector : x=  -8.000, y=  -5.000, z= 800.000
  Obj rotY :   0.0000 deg
view   0 | SOD= 556.953 mm | SDD= 802.742 mm | M= 1.441 | incident=4.7367°
[[ 239.26018    -500.92447     -45.007553  ]
 [-110.79994     218.53847      19.992447  ]
 [   0.13556752    0.06325827    0.        ]
 [   0.            0.            0.1496    ]]
Residual vector length: 162, Jacobian shape: (162, 6)
view   0 | SOD= 556.953 mm | SDD= 802.742 mm | M= 1.441 | incident=4.7367°
[[ 239.26016    -500.92447     -45.007553  ]
 [-110.799934    218.53847      19.992447  ]
 [   0.13556752    0.06325827    0.        ]
 [   0.            0.            0.1496    ]]

iter 56 cost=0.526424 -> 0.537435 |dtheta|=2.574386e-06  lambda=1.000e+06

============================================================
Iteration 57
============================================================
Theta offsets (Unity frame):
  Source   : dSx=   0.000, dSy=   0.000, dSz=   0.000  (mm)
  Object   : dOx= -18.001, dOy=  -8.008, dOz= -24.891  (mm)
  Object offset: offset_x=  -0.001, offset_z=  -0.000  (mm)
  Detector : dDx=   0.000, dDy=   0.000, dDz=   0.000  (mm)
  Obj Stage rotY :   25.015 deg
============================================================

Unity geometry (world coordinates):
  Source   : x=   5.000, y=  60.000, z=   0.000
  Object   : x=  -0.001, y=  14.992, z= 555.109
  Detector : x=  -8.000, y=  -5.000, z= 800.000
  Obj rotY :   0.0000 deg
view   0 | SOD= 556.953 mm | SDD= 802.742 mm | M= 1.441 | incident=4.7367°
[[ 239.26018    -500.92447     -45.007553  ]
 [-110.79994     218.53847      19.992447  ]
 [   0.13556752    0.06325827    0.        ]
 [   0.            0.            0.1496    ]]
Residual vector length: 162, Jacobian shape: (162, 6)
view   0 | SOD= 556.953 mm | SDD= 802.742 mm | M= 1.441 | incident=4.7367°
[[ 239.26016    -500.92447     -45.007553  ]
 [-110.799934    218.53847      19.992447  ]
 [   0.13556752    0.06325827    0.        ]
 [   0.            0.            0.1496    ]]

iter 57 cost=0.526424 -> 0.537435 |dtheta|=2.574386e-06  lambda=1.000e+06

============================================================
Iteration 58
============================================================
Theta offsets (Unity frame):
  Source   : dSx=   0.000, dSy=   0.000, dSz=   0.000  (mm)
  Object   : dOx= -18.001, dOy=  -8.008, dOz= -24.891  (mm)
  Object offset: offset_x=  -0.001, offset_z=  -0.000  (mm)
  Detector : dDx=   0.000, dDy=   0.000, dDz=   0.000  (mm)
  Obj Stage rotY :   25.015 deg
============================================================

Unity geometry (world coordinates):
  Source   : x=   5.000, y=  60.000, z=   0.000
  Object   : x=  -0.001, y=  14.992, z= 555.109
  Detector : x=  -8.000, y=  -5.000, z= 800.000
  Obj rotY :   0.0000 deg
view   0 | SOD= 556.953 mm | SDD= 802.742 mm | M= 1.441 | incident=4.7367°
[[ 239.26018    -500.92447     -45.007553  ]
 [-110.79994     218.53847      19.992447  ]
 [   0.13556752    0.06325827    0.        ]
 [   0.            0.            0.1496    ]]
Residual vector length: 162, Jacobian shape: (162, 6)
view   0 | SOD= 556.953 mm | SDD= 802.742 mm | M= 1.441 | incident=4.7367°
[[ 239.26016    -500.92447     -45.007553  ]
 [-110.799934    218.53847      19.992447  ]
 [   0.13556752    0.06325827    0.        ]
 [   0.            0.            0.1496    ]]

iter 58 cost=0.526424 -> 0.537435 |dtheta|=2.574386e-06  lambda=1.000e+06

============================================================
Iteration 59
============================================================
Theta offsets (Unity frame):
  Source   : dSx=   0.000, dSy=   0.000, dSz=   0.000  (mm)
  Object   : dOx= -18.001, dOy=  -8.008, dOz= -24.891  (mm)
  Object offset: offset_x=  -0.001, offset_z=  -0.000  (mm)
  Detector : dDx=   0.000, dDy=   0.000, dDz=   0.000  (mm)
  Obj Stage rotY :   25.015 deg
============================================================

Unity geometry (world coordinates):
  Source   : x=   5.000, y=  60.000, z=   0.000
  Object   : x=  -0.001, y=  14.992, z= 555.109
  Detector : x=  -8.000, y=  -5.000, z= 800.000
  Obj rotY :   0.0000 deg
view   0 | SOD= 556.953 mm | SDD= 802.742 mm | M= 1.441 | incident=4.7367°
[[ 239.26018    -500.92447     -45.007553  ]
 [-110.79994     218.53847      19.992447  ]
 [   0.13556752    0.06325827    0.        ]
 [   0.            0.            0.1496    ]]
Residual vector length: 162, Jacobian shape: (162, 6)
view   0 | SOD= 556.953 mm | SDD= 802.742 mm | M= 1.441 | incident=4.7367°
[[ 239.26016    -500.92447     -45.007553  ]
 [-110.799934    218.53847      19.992447  ]
 [   0.13556752    0.06325827    0.        ]
 [   0.            0.            0.1496    ]]

iter 59 cost=0.526424 -> 0.537435 |dtheta|=2.574386e-06  lambda=1.000e+06

============================================================
Iteration 60
============================================================
Theta offsets (Unity frame):
  Source   : dSx=   0.000, dSy=   0.000, dSz=   0.000  (mm)
  Object   : dOx= -18.001, dOy=  -8.008, dOz= -24.891  (mm)
  Object offset: offset_x=  -0.001, offset_z=  -0.000  (mm)
  Detector : dDx=   0.000, dDy=   0.000, dDz=   0.000  (mm)
  Obj Stage rotY :   25.015 deg
============================================================

Unity geometry (world coordinates):
  Source   : x=   5.000, y=  60.000, z=   0.000
  Object   : x=  -0.001, y=  14.992, z= 555.109
  Detector : x=  -8.000, y=  -5.000, z= 800.000
  Obj rotY :   0.0000 deg
view   0 | SOD= 556.953 mm | SDD= 802.742 mm | M= 1.441 | incident=4.7367°
[[ 239.26018    -500.92447     -45.007553  ]
 [-110.79994     218.53847      19.992447  ]
 [   0.13556752    0.06325827    0.        ]
 [   0.            0.            0.1496    ]]
Residual vector length: 162, Jacobian shape: (162, 6)
view   0 | SOD= 556.953 mm | SDD= 802.742 mm | M= 1.441 | incident=4.7367°
[[ 239.26016    -500.92447     -45.007553  ]
 [-110.799934    218.53847      19.992447  ]
 [   0.13556752    0.06325827    0.        ]
 [   0.            0.            0.1496    ]]

iter 60 cost=0.526424 -> 0.537435 |dtheta|=2.574386e-06  lambda=1.000e+06

============================================================
Iteration 61
============================================================
Theta offsets (Unity frame):
  Source   : dSx=   0.000, dSy=   0.000, dSz=   0.000  (mm)
  Object   : dOx= -18.001, dOy=  -8.008, dOz= -24.891  (mm)
  Object offset: offset_x=  -0.001, offset_z=  -0.000  (mm)
  Detector : dDx=   0.000, dDy=   0.000, dDz=   0.000  (mm)
  Obj Stage rotY :   25.015 deg
============================================================

Unity geometry (world coordinates):
  Source   : x=   5.000, y=  60.000, z=   0.000
  Object   : x=  -0.001, y=  14.992, z= 555.109
  Detector : x=  -8.000, y=  -5.000, z= 800.000
  Obj rotY :   0.0000 deg
view   0 | SOD= 556.953 mm | SDD= 802.742 mm | M= 1.441 | incident=4.7367°
[[ 239.26018    -500.92447     -45.007553  ]
 [-110.79994     218.53847      19.992447  ]
 [   0.13556752    0.06325827    0.        ]
 [   0.            0.            0.1496    ]]
Residual vector length: 162, Jacobian shape: (162, 6)
view   0 | SOD= 556.953 mm | SDD= 802.742 mm | M= 1.441 | incident=4.7367°
[[ 239.26016    -500.92447     -45.007553  ]
 [-110.799934    218.53847      19.992447  ]
 [   0.13556752    0.06325827    0.        ]
 [   0.            0.            0.1496    ]]

iter 61 cost=0.526424 -> 0.537435 |dtheta|=2.574386e-06  lambda=1.000e+06

============================================================
Iteration 62
============================================================
Theta offsets (Unity frame):
  Source   : dSx=   0.000, dSy=   0.000, dSz=   0.000  (mm)
  Object   : dOx= -18.001, dOy=  -8.008, dOz= -24.891  (mm)
  Object offset: offset_x=  -0.001, offset_z=  -0.000  (mm)
  Detector : dDx=   0.000, dDy=   0.000, dDz=   0.000  (mm)
  Obj Stage rotY :   25.015 deg
============================================================

Unity geometry (world coordinates):
  Source   : x=   5.000, y=  60.000, z=   0.000
  Object   : x=  -0.001, y=  14.992, z= 555.109
  Detector : x=  -8.000, y=  -5.000, z= 800.000
  Obj rotY :   0.0000 deg
view   0 | SOD= 556.953 mm | SDD= 802.742 mm | M= 1.441 | incident=4.7367°
[[ 239.26018    -500.92447     -45.007553  ]
 [-110.79994     218.53847      19.992447  ]
 [   0.13556752    0.06325827    0.        ]
 [   0.            0.            0.1496    ]]
Residual vector length: 162, Jacobian shape: (162, 6)
view   0 | SOD= 556.953 mm | SDD= 802.742 mm | M= 1.441 | incident=4.7367°
[[ 239.26016    -500.92447     -45.007553  ]
 [-110.799934    218.53847      19.992447  ]
 [   0.13556752    0.06325827    0.        ]
 [   0.            0.            0.1496    ]]

iter 62 cost=0.526424 -> 0.537435 |dtheta|=2.574386e-06  lambda=1.000e+06
Stalled.

Estimated theta:
  dSx: +0.000000
  dSy: +0.000000
  dOx: -18.001131
  dOy: -8.007554
  dOz: -24.891126
  dDx: +0.000000
  dDy: +0.000000
  dDz: +0.000000
alpha: +2.501461e+01 deg)
offset_x: -0.000825
offset_z: -0.000143

Final cost table:
Fake theta: [  0.   0. -18.  -8. -25.   0.   0.   0.  25.   0.   0.]
Final estimated theta: [  0.           0.         -18.00113104  -8.00755373 -24.89112584
   0.           0.           0.          25.01461336  -0.00082544
  -0.00014342]
Diff from Expected: [ 0.          0.         -0.00113104 -0.00755373  0.10887416  0.
  0.          0.          0.01461336 -0.00082544 -0.00014342]
################################################################################

