Phantom already exists, skipping: cuboid_phantom_3_small.npy

################################################################################
Running cuboid=small scenario=G1 N_ANGLES=24, K=3
view   0 | SOD= 565.750 mm | SDD= 721.227 mm | M= 1.275 | incident=3.3432°
[[  57.21255    -562.1528      -28.        ]
 [ -18.490114    153.9744       12.        ]
 [   0.14903073    0.0130385     0.        ]
 [   0.            0.            0.1496    ]]
           image          x1          y1  area1          x2          y2  area2          x3          y3  area3
0   proj_000.png  549.489183  207.253606    832  444.651729  347.060179    781  549.489771  501.334537    831
1   proj_001.png  528.266110  207.473747    838  465.335025  346.487310    788  528.308876  502.255621    845
2   proj_002.png  504.909416  207.547080    839  487.943517  346.247754    779  504.902381  502.632143    840
3   proj_003.png  480.845694  207.562201    836  511.101412  346.258023    779  480.841099  502.606930    837
4   proj_004.png  457.895113  207.469607    839  533.351899  346.611392    790  457.812279  502.167651    847
5   proj_005.png  437.614646  207.218487    833  553.166879  347.189809    785  437.622912  501.130072    838
6   proj_006.png  421.586957  206.851449    828  569.203562  348.000000    786  421.562954  499.674334    826
7   proj_007.png  410.791155  206.457002    814  580.500000  349.000000    790  410.710947  498.132841    813
8   proj_008.png  406.000000  206.000000    793  586.121673  350.166033    789  405.976190  496.199248    798
9   proj_009.png  407.304786  205.571788    794  585.739076  351.337079    801  407.295970  494.372796    794
10  proj_010.png  414.574333  205.083863    787  579.132191  352.451652    817  414.576101  492.563522    795
11  proj_011.png  427.360406  204.706853    788  566.795620  353.476886    822  427.340180  491.032092    779
12  proj_012.png  444.616941  204.418458    791  549.466346  354.281250    832  444.679293  489.689394    792
13  proj_013.png  465.293590  204.182051    780  528.351190  354.919048    840  465.273308  488.879949    783
14  proj_014.png  487.961440  204.113111    778  504.847800  355.240190    841  487.947301  488.389460    778
15  proj_015.png  511.087404  204.138817    778  480.836299  355.132859    843  511.056410  488.465385    780
16  proj_016.png  533.374522  204.238217    785  457.874408  354.774882    844  533.326115  488.961783    785
17  proj_017.png  553.173638  204.458809    789  437.614098  354.156511    837  553.176396  489.937817    788
18  proj_018.png  569.217005  204.807107    788  421.588592  353.326456    824  569.253788  491.226010    792
19  proj_019.png  580.432911  205.144304    790  410.753374  352.290798    815  580.535354  492.880051    792
20  proj_020.png  586.176545  205.604035    793  405.998744  351.097990    796  586.135272  494.668774    791
21  proj_021.png  585.797229  206.129723    794  407.243655  349.955584    788  585.714107  496.544320    801
22  proj_022.png  579.187961  206.507371    814  414.557107  348.856599    788  579.164417  498.391411    815
23  proj_023.png  566.685298  206.938032    823  427.321383  347.923175    781  566.757576  500.038788    825

============================================================
Iteration 0
============================================================
Theta offsets (Unity frame):
  Source   : dSx=   0.000, dSy=   0.000, dSz=   0.000  (mm)
  Object   : dOx=   0.000, dOy=   0.000, dOz=   0.000  (mm)
  Object offset: offset_x=   0.000, offset_z=   0.000  (mm)
  Detector : dDx=   0.000, dDy=   0.000, dDz=   0.000  (mm)
  Obj Stage rotY :    0.000 deg
============================================================

Unity geometry (world coordinates):
  Source   : x=   8.000, y=  50.000, z=   0.000
  Object   : x=   6.000, y=  28.000, z= 577.000
  Detector : x=  -5.000, y=  10.000, z= 720.000
  Obj rotY :   0.0000 deg
view   0 | SOD= 577.423 mm | SDD= 721.227 mm | M= 1.249 | incident=3.3432°
[[   2.     -577.      -22.    ]
 [ -11.      143.       18.    ]
 [   0.1496    0.        0.    ]
 [   0.        0.        0.1496]]
Residual vector length: 216, Jacobian shape: (216, 6)
view   0 | SOD= 567.940 mm | SDD= 721.227 mm | M= 1.270 | incident=3.3432°
[[  14.245615   -567.1358      -26.642252  ]
 [  -7.2988806   152.65916      13.357748  ]
 [   0.14958946    0.00177555    0.        ]
 [   0.            0.            0.1496    ]]

iter 00 cost=207826.750565 -> 9206.316357 |dtheta|=1.223434e+01  lambda=1.000e+00

============================================================
Iteration 1
============================================================
Theta offsets (Unity frame):
  Source   : dSx=   0.000, dSy=   0.000, dSz=   0.000  (mm)
  Object   : dOx=  -5.089, dOy=  -4.642, dOz= -10.074  (mm)
  Object offset: offset_x=  -0.425, offset_z=   0.339  (mm)
  Detector : dDx=   0.000, dDy=   0.000, dDz=   0.000  (mm)
  Obj Stage rotY :    0.680 deg
============================================================

Unity geometry (world coordinates):
  Source   : x=   8.000, y=  50.000, z=   0.000
  Object   : x=   0.911, y=  23.358, z= 566.926
  Detector : x=  -5.000, y=  10.000, z= 720.000
  Obj rotY :   0.0000 deg
view   0 | SOD= 567.940 mm | SDD= 721.227 mm | M= 1.270 | incident=3.3432°
[[  14.245615   -567.1358      -26.642252  ]
 [  -7.2988806   152.65916      13.357748  ]
 [   0.14958946    0.00177555    0.        ]
 [   0.            0.            0.1496    ]]
Residual vector length: 216, Jacobian shape: (216, 6)
view   0 | SOD= 567.979 mm | SDD= 721.227 mm | M= 1.270 | incident=3.3432°
[[  28.84729    -566.5689      -27.705761  ]
 [ -10.559656    152.46938      12.294239  ]
 [   0.14949928    0.00548859    0.        ]
 [   0.            0.            0.1496    ]]

iter 01 cost=9206.316357 -> 1148.535812 |dtheta|=1.967984e+00  lambda=3.333e-01

============================================================
Iteration 2
============================================================
Theta offsets (Unity frame):
  Source   : dSx=   0.000, dSy=   0.000, dSz=   0.000  (mm)
  Object   : dOx=  -5.829, dOy=  -5.706, dOz=  -9.833  (mm)
  Object offset: offset_x=  -0.213, offset_z=   0.078  (mm)
  Detector : dDx=   0.000, dDy=   0.000, dDz=   0.000  (mm)
  Obj Stage rotY :    2.103 deg
============================================================

Unity geometry (world coordinates):
  Source   : x=   8.000, y=  50.000, z=   0.000
  Object   : x=   0.171, y=  22.294, z= 567.167
  Detector : x=  -5.000, y=  10.000, z= 720.000
  Obj rotY :   0.0000 deg
view   0 | SOD= 567.979 mm | SDD= 721.227 mm | M= 1.270 | incident=3.3432°
[[  28.84729    -566.5689      -27.705761  ]
 [ -10.559656    152.46938      12.294239  ]
 [   0.14949928    0.00548859    0.        ]
 [   0.            0.            0.1496    ]]
Residual vector length: 216, Jacobian shape: (216, 6)
view   0 | SOD= 567.811 mm | SDD= 721.227 mm | M= 1.270 | incident=3.3432°
[[  40.029922   -565.7071      -27.964212  ]
 [ -13.491131    152.41856      12.035788  ]
 [   0.14936265    0.00842366    0.        ]
 [   0.            0.            0.1496    ]]

iter 02 cost=1148.535812 -> 298.603996 |dtheta|=1.183440e+00  lambda=1.111e-01

============================================================
Iteration 3
============================================================
Theta offsets (Unity frame):
  Source   : dSx=   0.000, dSy=   0.000, dSz=   0.000  (mm)
  Object   : dOx=  -5.992, dOy=  -5.964, dOz= -10.012  (mm)
  Object offset: offset_x=  -0.121, offset_z=   0.076  (mm)
  Detector : dDx=   0.000, dDy=   0.000, dDz=   0.000  (mm)
  Obj Stage rotY :    3.228 deg
============================================================

Unity geometry (world coordinates):
  Source   : x=   8.000, y=  50.000, z=   0.000
  Object   : x=   0.008, y=  22.036, z= 566.988
  Detector : x=  -5.000, y=  10.000, z= 720.000
  Obj rotY :   0.0000 deg
view   0 | SOD= 567.811 mm | SDD= 721.227 mm | M= 1.270 | incident=3.3432°
[[  40.029922   -565.7071      -27.964212  ]
 [ -13.491131    152.41856      12.035788  ]
 [   0.14936265    0.00842366    0.        ]
 [   0.            0.            0.1496    ]]
Residual vector length: 216, Jacobian shape: (216, 6)
view   0 | SOD= 567.515 mm | SDD= 721.227 mm | M= 1.271 | incident=3.3432°
[[  50.05209   -564.60724    -28.051838 ]
 [ -16.27205    152.44933     11.948162 ]
 [   0.1491886    0.011087     0.       ]
 [   0.           0.           0.1496   ]]

iter 03 cost=298.603996 -> 67.238981 |dtheta|=1.059518e+00  lambda=3.704e-02

============================================================
Iteration 4
============================================================
Theta offsets (Unity frame):
  Source   : dSx=   0.000, dSy=   0.000, dSz=   0.000  (mm)
  Object   : dOx=  -6.033, dOy=  -6.052, dOz= -10.253  (mm)
  Object offset: offset_x=  -0.038, offset_z=   0.017  (mm)
  Detector : dDx=   0.000, dDy=   0.000, dDz=   0.000  (mm)
  Obj Stage rotY :    4.250 deg
============================================================

Unity geometry (world coordinates):
  Source   : x=   8.000, y=  50.000, z=   0.000
  Object   : x=  -0.033, y=  21.948, z= 566.747
  Detector : x=  -5.000, y=  10.000, z= 720.000
  Obj rotY :   0.0000 deg
view   0 | SOD= 567.515 mm | SDD= 721.227 mm | M= 1.271 | incident=3.3432°
[[  50.05209   -564.60724    -28.051838 ]
 [ -16.27205    152.44933     11.948162 ]
 [   0.1491886    0.011087     0.       ]
 [   0.           0.           0.1496   ]]
Residual vector length: 216, Jacobian shape: (216, 6)
view   0 | SOD= 567.286 mm | SDD= 721.227 mm | M= 1.271 | incident=3.3432°
[[  54.049625   -564.00775     -28.066525  ]
 [ -17.395868    152.55663      11.9334755 ]
 [   0.14910558    0.0121526     0.        ]
 [   0.            0.            0.1496    ]]

iter 04 cost=67.238981 -> 27.987743 |dtheta|=4.666709e-01  lambda=1.235e-02

============================================================
Iteration 5
============================================================
Theta offsets (Unity frame):
  Source   : dSx=   0.000, dSy=   0.000, dSz=   0.000  (mm)
  Object   : dOx=  -6.028, dOy=  -6.067, dOz= -10.476  (mm)
  Object offset: offset_x=  -0.026, offset_z=   0.010  (mm)
  Detector : dDx=   0.000, dDy=   0.000, dDz=   0.000  (mm)
  Obj Stage rotY :    4.659 deg
============================================================

Unity geometry (world coordinates):
  Source   : x=   8.000, y=  50.000, z=   0.000
  Object   : x=  -0.028, y=  21.933, z= 566.524
  Detector : x=  -5.000, y=  10.000, z= 720.000
  Obj rotY :   0.0000 deg
view   0 | SOD= 567.286 mm | SDD= 721.227 mm | M= 1.271 | incident=3.3432°
[[  54.049625   -564.00775     -28.066525  ]
 [ -17.395868    152.55663      11.9334755 ]
 [   0.14910558    0.0121526     0.        ]
 [   0.            0.            0.1496    ]]
Residual vector length: 216, Jacobian shape: (216, 6)
view   0 | SOD= 567.032 mm | SDD= 721.227 mm | M= 1.272 | incident=3.3432°
[[  55.579334   -563.603       -28.068249  ]
 [ -17.8712      152.75862      11.931751  ]
 [   0.149071      0.01256983    0.        ]
 [   0.            0.            0.1496    ]]

iter 05 cost=27.987743 -> 15.616015 |dtheta|=3.052906e-01  lambda=4.115e-03

============================================================
Iteration 6
============================================================
Theta offsets (Unity frame):
  Source   : dSx=   0.000, dSy=   0.000, dSz=   0.000  (mm)
  Object   : dOx=  -6.018, dOy=  -6.068, dOz= -10.735  (mm)
  Object offset: offset_x=  -0.010, offset_z=   0.015  (mm)
  Detector : dDx=   0.000, dDy=   0.000, dDz=   0.000  (mm)
  Obj Stage rotY :    4.820 deg
============================================================

Unity geometry (world coordinates):
  Source   : x=   8.000, y=  50.000, z=   0.000
  Object   : x=  -0.018, y=  21.932, z= 566.265
  Detector : x=  -5.000, y=  10.000, z= 720.000
  Obj rotY :   0.0000 deg
view   0 | SOD= 567.032 mm | SDD= 721.227 mm | M= 1.272 | incident=3.3432°
[[  55.579334   -563.603       -28.068249  ]
 [ -17.8712      152.75862      11.931751  ]
 [   0.149071      0.01256983    0.        ]
 [   0.            0.            0.1496    ]]
Residual vector length: 216, Jacobian shape: (216, 6)
view   0 | SOD= 566.853 mm | SDD= 721.227 mm | M= 1.272 | incident=3.3432°
[[  56.056267   -563.37665     -28.047476  ]
 [ -18.025503    152.92         11.952524  ]
 [   0.14905985    0.01270119    0.        ]
 [   0.            0.            0.1496    ]]

iter 06 cost=15.616015 -> 11.242224 |dtheta|=1.875574e-01  lambda=1.372e-03

============================================================
Iteration 7
============================================================
Theta offsets (Unity frame):
  Source   : dSx=   0.000, dSy=   0.000, dSz=   0.000  (mm)
  Object   : dOx=  -6.017, dOy=  -6.047, dOz= -10.914  (mm)
  Object offset: offset_x=  -0.006, offset_z=   0.016  (mm)
  Detector : dDx=   0.000, dDy=   0.000, dDz=   0.000  (mm)
  Obj Stage rotY :    4.870 deg
============================================================

Unity geometry (world coordinates):
  Source   : x=   8.000, y=  50.000, z=   0.000
  Object   : x=  -0.017, y=  21.953, z= 566.086
  Detector : x=  -5.000, y=  10.000, z= 720.000
  Obj rotY :   0.0000 deg
view   0 | SOD= 566.853 mm | SDD= 721.227 mm | M= 1.272 | incident=3.3432°
[[  56.056267   -563.37665     -28.047476  ]
 [ -18.025503    152.92         11.952524  ]
 [   0.14905985    0.01270119    0.        ]
 [   0.            0.            0.1496    ]]
Residual vector length: 216, Jacobian shape: (216, 6)
view   0 | SOD= 566.705 mm | SDD= 721.227 mm | M= 1.273 | incident=3.3432°
[[  56.60663    -563.1733      -28.036858  ]
 [ -18.20082     153.04797      11.963142  ]
 [   0.14904691    0.0128522     0.        ]
 [   0.            0.            0.1496    ]]

iter 07 cost=11.242224 -> 8.173089 |dtheta|=1.505804e-01  lambda=4.572e-04

============================================================
Iteration 8
============================================================
Theta offsets (Unity frame):
  Source   : dSx=   0.000, dSy=   0.000, dSz=   0.000  (mm)
  Object   : dOx=  -6.014, dOy=  -6.037, dOz= -11.053  (mm)
  Object offset: offset_x=  -0.001, offset_z=   0.007  (mm)
  Detector : dDx=   0.000, dDy=   0.000, dDz=   0.000  (mm)
  Obj Stage rotY :    4.928 deg
============================================================

Unity geometry (world coordinates):
  Source   : x=   8.000, y=  50.000, z=   0.000
  Object   : x=  -0.014, y=  21.963, z= 565.948
  Detector : x=  -5.000, y=  10.000, z= 720.000
  Obj rotY :   0.0000 deg
view   0 | SOD= 566.705 mm | SDD= 721.227 mm | M= 1.273 | incident=3.3432°
[[  56.60663    -563.1733      -28.036858  ]
 [ -18.20082     153.04797      11.963142  ]
 [   0.14904691    0.0128522     0.        ]
 [   0.            0.            0.1496    ]]
Residual vector length: 216, Jacobian shape: (216, 6)
view   0 | SOD= 566.612 mm | SDD= 721.227 mm | M= 1.273 | incident=3.3432°
[[  57.163776   -563.0238      -28.032862  ]
 [ -18.369364    153.12128      11.967138  ]
 [   0.14903381    0.01300322    0.        ]
 [   0.            0.            0.1496    ]]

iter 08 cost=8.173089 -> 6.463831 |dtheta|=1.120161e-01  lambda=1.524e-04

============================================================
Iteration 9
============================================================
Theta offsets (Unity frame):
  Source   : dSx=   0.000, dSy=   0.000, dSz=   0.000  (mm)
  Object   : dOx=  -6.011, dOy=  -6.033, dOz= -11.148  (mm)
  Object offset: offset_x=   0.002, offset_z=   0.010  (mm)
  Detector : dDx=   0.000, dDy=   0.000, dDz=   0.000  (mm)
  Obj Stage rotY :    4.986 deg
============================================================

Unity geometry (world coordinates):
  Source   : x=   8.000, y=  50.000, z=   0.000
  Object   : x=  -0.011, y=  21.967, z= 565.852
  Detector : x=  -5.000, y=  10.000, z= 720.000
  Obj rotY :   0.0000 deg
view   0 | SOD= 566.612 mm | SDD= 721.227 mm | M= 1.273 | incident=3.3432°
[[  57.163776   -563.0238      -28.032862  ]
 [ -18.369364    153.12128      11.967138  ]
 [   0.14903381    0.01300322    0.        ]
 [   0.            0.            0.1496    ]]
Residual vector length: 216, Jacobian shape: (216, 6)
view   0 | SOD= 566.484 mm | SDD= 721.227 mm | M= 1.273 | incident=3.3432°
[[  57.05646    -562.90594     -28.027586  ]
 [ -18.354624    153.25195      11.972414  ]
 [   0.14903602    0.01297782    0.        ]
 [   0.            0.            0.1496    ]]

iter 09 cost=6.463831 -> 5.008959 |dtheta|=1.233087e-01  lambda=5.081e-05

============================================================
Iteration 10
============================================================
Theta offsets (Unity frame):
  Source   : dSx=   0.000, dSy=   0.000, dSz=   0.000  (mm)
  Object   : dOx=  -6.011, dOy=  -6.028, dOz= -11.271  (mm)
  Object offset: offset_x=   0.002, offset_z=   0.004  (mm)
  Detector : dDx=   0.000, dDy=   0.000, dDz=   0.000  (mm)
  Obj Stage rotY :    4.977 deg
============================================================

Unity geometry (world coordinates):
  Source   : x=   8.000, y=  50.000, z=   0.000
  Object   : x=  -0.011, y=  21.972, z= 565.729
  Detector : x=  -5.000, y=  10.000, z= 720.000
  Obj rotY :   0.0000 deg
view   0 | SOD= 566.484 mm | SDD= 721.227 mm | M= 1.273 | incident=3.3432°
[[  57.05646    -562.90594     -28.027586  ]
 [ -18.354624    153.25195      11.972414  ]
 [   0.14903602    0.01297782    0.        ]
 [   0.            0.            0.1496    ]]
Residual vector length: 216, Jacobian shape: (216, 6)
view   0 | SOD= 566.370 mm | SDD= 721.227 mm | M= 1.273 | incident=3.3432°
[[  57.28572    -562.7677      -28.023834  ]
 [ -18.432062    153.35786      11.976166  ]
 [   0.14903045    0.01304165    0.        ]
 [   0.            0.            0.1496    ]]

iter 10 cost=5.008959 -> 3.634649 |dtheta|=1.216409e-01  lambda=1.694e-05

============================================================
Iteration 11
============================================================
Theta offsets (Unity frame):
  Source   : dSx=   0.000, dSy=   0.000, dSz=   0.000  (mm)
  Object   : dOx=  -6.008, dOy=  -6.024, dOz= -11.390  (mm)
  Object offset: offset_x=   0.000, offset_z=   0.009  (mm)
  Detector : dDx=   0.000, dDy=   0.000, dDz=   0.000  (mm)
  Obj Stage rotY :    5.001 deg
============================================================

Unity geometry (world coordinates):
  Source   : x=   8.000, y=  50.000, z=   0.000
  Object   : x=  -0.008, y=  21.976, z= 565.610
  Detector : x=  -5.000, y=  10.000, z= 720.000
  Obj rotY :   0.0000 deg
view   0 | SOD= 566.370 mm | SDD= 721.227 mm | M= 1.273 | incident=3.3432°
[[  57.28572    -562.7677      -28.023834  ]
 [ -18.432062    153.35786      11.976166  ]
 [   0.14903045    0.01304165    0.        ]
 [   0.            0.            0.1496    ]]
Residual vector length: 216, Jacobian shape: (216, 6)
view   0 | SOD= 566.224 mm | SDD= 721.227 mm | M= 1.274 | incident=3.3432°
[[  57.3261     -562.6174      -28.021824  ]
 [ -18.46229     153.50073      11.978176  ]
 [   0.14902917    0.01305634    0.        ]
 [   0.            0.            0.1496    ]]

iter 11 cost=3.634649 -> 2.316890 |dtheta|=1.418938e-01  lambda=5.645e-06

============================================================
Iteration 12
============================================================
Theta offsets (Unity frame):
  Source   : dSx=   0.000, dSy=   0.000, dSz=   0.000  (mm)
  Object   : dOx=  -6.005, dOy=  -6.022, dOz= -11.531  (mm)
  Object offset: offset_x=  -0.000, offset_z=   0.005  (mm)
  Detector : dDx=   0.000, dDy=   0.000, dDz=   0.000  (mm)
  Obj Stage rotY :    5.007 deg
============================================================

Unity geometry (world coordinates):
  Source   : x=   8.000, y=  50.000, z=   0.000
  Object   : x=  -0.005, y=  21.978, z= 565.469
  Detector : x=  -5.000, y=  10.000, z= 720.000
  Obj rotY :   0.0000 deg
view   0 | SOD= 566.224 mm | SDD= 721.227 mm | M= 1.274 | incident=3.3432°
[[  57.3261     -562.6174      -28.021824  ]
 [ -18.46229     153.50073      11.978176  ]
 [   0.14902917    0.01305634    0.        ]
 [   0.            0.            0.1496    ]]
Residual vector length: 216, Jacobian shape: (216, 6)
view   0 | SOD= 566.156 mm | SDD= 721.227 mm | M= 1.274 | incident=3.3432°
[[  57.251587   -562.5561      -28.019655  ]
 [ -18.449692    153.57118      11.980345  ]
 [   0.14903075    0.01303821    0.        ]
 [   0.            0.            0.1496    ]]

iter 12 cost=2.316890 -> 1.845284 |dtheta|=6.827017e-02  lambda=1.882e-06

============================================================
Iteration 13
============================================================
Theta offsets (Unity frame):
  Source   : dSx=   0.000, dSy=   0.000, dSz=   0.000  (mm)
  Object   : dOx=  -6.006, dOy=  -6.020, dOz= -11.599  (mm)
  Object offset: offset_x=   0.001, offset_z=   0.005  (mm)
  Detector : dDx=   0.000, dDy=   0.000, dDz=   0.000  (mm)
  Obj Stage rotY :    5.000 deg
============================================================

Unity geometry (world coordinates):
  Source   : x=   8.000, y=  50.000, z=   0.000
  Object   : x=  -0.006, y=  21.980, z= 565.401
  Detector : x=  -5.000, y=  10.000, z= 720.000
  Obj rotY :   0.0000 deg
view   0 | SOD= 566.156 mm | SDD= 721.227 mm | M= 1.274 | incident=3.3432°
[[  57.251587   -562.5561      -28.019655  ]
 [ -18.449692    153.57118      11.980345  ]
 [   0.14903075    0.01303821    0.        ]
 [   0.            0.            0.1496    ]]
Residual vector length: 216, Jacobian shape: (216, 6)
view   0 | SOD= 566.109 mm | SDD= 721.227 mm | M= 1.274 | incident=3.3432°
[[  57.376488  -562.49646    -28.018187 ]
 [ -18.491974   153.61317     11.981813 ]
 [   0.1490277    0.013073     0.       ]
 [   0.           0.           0.1496   ]]

iter 13 cost=1.845284 -> 1.469444 |dtheta|=4.837757e-02  lambda=1.000e-06

============================================================
Iteration 14
============================================================
Theta offsets (Unity frame):
  Source   : dSx=   0.000, dSy=   0.000, dSz=   0.000  (mm)
  Object   : dOx=  -6.005, dOy=  -6.018, dOz= -11.646  (mm)
  Object offset: offset_x=   0.002, offset_z=   0.004  (mm)
  Detector : dDx=   0.000, dDy=   0.000, dDz=   0.000  (mm)
  Obj Stage rotY :    5.013 deg
============================================================

Unity geometry (world coordinates):
  Source   : x=   8.000, y=  50.000, z=   0.000
  Object   : x=  -0.005, y=  21.982, z= 565.354
  Detector : x=  -5.000, y=  10.000, z= 720.000
  Obj rotY :   0.0000 deg
view   0 | SOD= 566.109 mm | SDD= 721.227 mm | M= 1.274 | incident=3.3432°
[[  57.376488  -562.49646    -28.018187 ]
 [ -18.491974   153.61317     11.981813 ]
 [   0.1490277    0.013073     0.       ]
 [   0.           0.           0.1496   ]]
Residual vector length: 216, Jacobian shape: (216, 6)
view   0 | SOD= 566.025 mm | SDD= 721.227 mm | M= 1.274 | incident=3.3432°
[[  57.3848     -562.4116      -28.013035  ]
 [ -18.50286     153.69597      11.986965  ]
 [   0.14902735    0.013077      0.        ]
 [   0.            0.            0.1496    ]]

iter 14 cost=1.469444 -> 1.042947 |dtheta|=8.272901e-02  lambda=1.000e-06

============================================================
Iteration 15
============================================================
Theta offsets (Unity frame):
  Source   : dSx=   0.000, dSy=   0.000, dSz=   0.000  (mm)
  Object   : dOx=  -6.005, dOy=  -6.013, dOz= -11.728  (mm)
  Object offset: offset_x=   0.002, offset_z=   0.003  (mm)
  Detector : dDx=   0.000, dDy=   0.000, dDz=   0.000  (mm)
  Obj Stage rotY :    5.015 deg
============================================================

Unity geometry (world coordinates):
  Source   : x=   8.000, y=  50.000, z=   0.000
  Object   : x=  -0.005, y=  21.987, z= 565.272
  Detector : x=  -5.000, y=  10.000, z= 720.000
  Obj rotY :   0.0000 deg
view   0 | SOD= 566.025 mm | SDD= 721.227 mm | M= 1.274 | incident=3.3432°
[[  57.3848     -562.4116      -28.013035  ]
 [ -18.50286     153.69597      11.986965  ]
 [   0.14902735    0.013077      0.        ]
 [   0.            0.            0.1496    ]]
Residual vector length: 216, Jacobian shape: (216, 6)
view   0 | SOD= 565.968 mm | SDD= 721.227 mm | M= 1.274 | incident=3.3432°
[[  57.423847   -562.35004     -28.010801  ]
 [ -18.517168    153.75188      11.989199  ]
 [   0.14902638    0.0130881     0.        ]
 [   0.            0.            0.1496    ]]

iter 15 cost=1.042947 -> 0.824293 |dtheta|=5.671748e-02  lambda=1.000e-06

============================================================
Iteration 16
============================================================
Theta offsets (Unity frame):
  Source   : dSx=   0.000, dSy=   0.000, dSz=   0.000  (mm)
  Object   : dOx=  -6.004, dOy=  -6.011, dOz= -11.785  (mm)
  Object offset: offset_x=  -0.001, offset_z=   0.002  (mm)
  Detector : dDx=   0.000, dDy=   0.000, dDz=   0.000  (mm)
  Obj Stage rotY :    5.019 deg
============================================================

Unity geometry (world coordinates):
  Source   : x=   8.000, y=  50.000, z=   0.000
  Object   : x=  -0.004, y=  21.989, z= 565.215
  Detector : x=  -5.000, y=  10.000, z= 720.000
  Obj rotY :   0.0000 deg
view   0 | SOD= 565.968 mm | SDD= 721.227 mm | M= 1.274 | incident=3.3432°
[[  57.423847   -562.35004     -28.010801  ]
 [ -18.517168    153.75188      11.989199  ]
 [   0.14902638    0.0130881     0.        ]
 [   0.            0.            0.1496    ]]
Residual vector length: 216, Jacobian shape: (216, 6)
view   0 | SOD= 565.934 mm | SDD= 721.227 mm | M= 1.274 | incident=3.3432°
[[  57.315685   -562.32733     -28.008865  ]
 [ -18.489565    153.789        11.991135  ]
 [   0.14902885    0.01305985    0.        ]
 [   0.            0.            0.1496    ]]

iter 16 cost=0.824293 -> 0.717669 |dtheta|=3.550128e-02  lambda=1.000e-06

============================================================
Iteration 17
============================================================
Theta offsets (Unity frame):
  Source   : dSx=   0.000, dSy=   0.000, dSz=   0.000  (mm)
  Object   : dOx=  -6.005, dOy=  -6.009, dOz= -11.818  (mm)
  Object offset: offset_x=  -0.002, offset_z=   0.002  (mm)
  Detector : dDx=   0.000, dDy=   0.000, dDz=   0.000  (mm)
  Obj Stage rotY :    5.008 deg
============================================================

Unity geometry (world coordinates):
  Source   : x=   8.000, y=  50.000, z=   0.000
  Object   : x=  -0.005, y=  21.991, z= 565.182
  Detector : x=  -5.000, y=  10.000, z= 720.000
  Obj rotY :   0.0000 deg
view   0 | SOD= 565.934 mm | SDD= 721.227 mm | M= 1.274 | incident=3.3432°
[[  57.315685   -562.32733     -28.008865  ]
 [ -18.489565    153.789        11.991135  ]
 [   0.14902885    0.01305985    0.        ]
 [   0.            0.            0.1496    ]]
Residual vector length: 216, Jacobian shape: (216, 6)
view   0 | SOD= 565.900 mm | SDD= 721.227 mm | M= 1.274 | incident=3.3432°
[[  57.3276     -562.29205     -28.007816  ]
 [ -18.497303    153.82219      11.992184  ]
 [   0.1490285     0.01306394    0.        ]
 [   0.            0.            0.1496    ]]

iter 17 cost=0.717669 -> 0.599646 |dtheta|=3.426609e-02  lambda=1.000e-06

============================================================
Iteration 18
============================================================
Theta offsets (Unity frame):
  Source   : dSx=   0.000, dSy=   0.000, dSz=   0.000  (mm)
  Object   : dOx=  -6.003, dOy=  -6.008, dOz= -11.853  (mm)
  Object offset: offset_x=  -0.003, offset_z=   0.003  (mm)
  Detector : dDx=   0.000, dDy=   0.000, dDz=   0.000  (mm)
  Obj Stage rotY :    5.010 deg
============================================================

Unity geometry (world coordinates):
  Source   : x=   8.000, y=  50.000, z=   0.000
  Object   : x=  -0.003, y=  21.992, z= 565.147
  Detector : x=  -5.000, y=  10.000, z= 720.000
  Obj rotY :   0.0000 deg
view   0 | SOD= 565.900 mm | SDD= 721.227 mm | M= 1.274 | incident=3.3432°
[[  57.3276     -562.29205     -28.007816  ]
 [ -18.497303    153.82219      11.992184  ]
 [   0.1490285     0.01306394    0.        ]
 [   0.            0.            0.1496    ]]
Residual vector length: 216, Jacobian shape: (216, 6)
view   0 | SOD= 565.880 mm | SDD= 721.227 mm | M= 1.275 | incident=3.3432°
[[  57.264343   -562.2785      -28.006393  ]
 [ -18.48296     153.8439       11.993607  ]
 [   0.14902991    0.01304779    0.        ]
 [   0.            0.            0.1496    ]]

iter 18 cost=0.599646 -> 0.574284 |dtheta|=2.014726e-02  lambda=1.000e-06

============================================================
Iteration 19
============================================================
Theta offsets (Unity frame):
  Source   : dSx=   0.000, dSy=   0.000, dSz=   0.000  (mm)
  Object   : dOx=  -6.003, dOy=  -6.006, dOz= -11.872  (mm)
  Object offset: offset_x=  -0.002, offset_z=   0.002  (mm)
  Detector : dDx=   0.000, dDy=   0.000, dDz=   0.000  (mm)
  Obj Stage rotY :    5.004 deg
============================================================

Unity geometry (world coordinates):
  Source   : x=   8.000, y=  50.000, z=   0.000
  Object   : x=  -0.003, y=  21.994, z= 565.128
  Detector : x=  -5.000, y=  10.000, z= 720.000
  Obj rotY :   0.0000 deg
view   0 | SOD= 565.880 mm | SDD= 721.227 mm | M= 1.275 | incident=3.3432°
[[  57.264343   -562.2785      -28.006393  ]
 [ -18.48296     153.8439       11.993607  ]
 [   0.14902991    0.01304779    0.        ]
 [   0.            0.            0.1496    ]]
Residual vector length: 216, Jacobian shape: (216, 6)
view   0 | SOD= 565.872 mm | SDD= 721.227 mm | M= 1.275 | incident=3.3432°
[[  57.24675    -562.2723      -28.006561  ]
 [ -18.479671    153.85237      11.993439  ]
 [   0.1490303     0.01304344    0.        ]
 [   0.            0.            0.1496    ]]

iter 19 cost=0.574284 -> 0.565710 |dtheta|=7.334573e-03  lambda=1.000e-06

============================================================
Iteration 20
============================================================
Theta offsets (Unity frame):
  Source   : dSx=   0.000, dSy=   0.000, dSz=   0.000  (mm)
  Object   : dOx=  -6.003, dOy=  -6.007, dOz= -11.879  (mm)
  Object offset: offset_x=  -0.002, offset_z=   0.001  (mm)
  Detector : dDx=   0.000, dDy=   0.000, dDz=   0.000  (mm)
  Obj Stage rotY :    5.002 deg
============================================================

Unity geometry (world coordinates):
  Source   : x=   8.000, y=  50.000, z=   0.000
  Object   : x=  -0.003, y=  21.993, z= 565.121
  Detector : x=  -5.000, y=  10.000, z= 720.000
  Obj rotY :   0.0000 deg
view   0 | SOD= 565.872 mm | SDD= 721.227 mm | M= 1.275 | incident=3.3432°
[[  57.24675    -562.2723      -28.006561  ]
 [ -18.479671    153.85237      11.993439  ]
 [   0.1490303     0.01304344    0.        ]
 [   0.            0.            0.1496    ]]
Residual vector length: 216, Jacobian shape: (216, 6)
view   0 | SOD= 565.849 mm | SDD= 721.227 mm | M= 1.275 | incident=3.3432°
[[  57.26756    -562.247       -28.005505  ]
 [ -18.487913    153.87454      11.994495  ]
 [   0.14902976    0.01304949    0.        ]
 [   0.            0.            0.1496    ]]

iter 20 cost=0.565710 -> 0.489507 |dtheta|=2.261047e-02  lambda=1.000e-06

============================================================
Iteration 21
============================================================
Theta offsets (Unity frame):
  Source   : dSx=   0.000, dSy=   0.000, dSz=   0.000  (mm)
  Object   : dOx=  -6.003, dOy=  -6.006, dOz= -11.901  (mm)
  Object offset: offset_x=  -0.002, offset_z=   0.001  (mm)
  Detector : dDx=   0.000, dDy=   0.000, dDz=   0.000  (mm)
  Obj Stage rotY :    5.004 deg
============================================================

Unity geometry (world coordinates):
  Source   : x=   8.000, y=  50.000, z=   0.000
  Object   : x=  -0.003, y=  21.994, z= 565.099
  Detector : x=  -5.000, y=  10.000, z= 720.000
  Obj rotY :   0.0000 deg
view   0 | SOD= 565.849 mm | SDD= 721.227 mm | M= 1.275 | incident=3.3432°
[[  57.26756    -562.247       -28.005505  ]
 [ -18.487913    153.87454      11.994495  ]
 [   0.14902976    0.01304949    0.        ]
 [   0.            0.            0.1496    ]]
Residual vector length: 216, Jacobian shape: (216, 6)
view   0 | SOD= 565.845 mm | SDD= 721.227 mm | M= 1.275 | incident=3.3432°
[[  57.242447   -562.24524     -28.005787  ]
 [ -18.48037     153.87978      11.994213  ]
 [   0.14903036    0.01304269    0.        ]
 [   0.            0.            0.1496    ]]

iter 21 cost=0.489507 -> 0.513980 |dtheta|=5.802287e-03  lambda=1.000e-06

============================================================
Iteration 22
============================================================
Theta offsets (Unity frame):
  Source   : dSx=   0.000, dSy=   0.000, dSz=   0.000  (mm)
  Object   : dOx=  -6.003, dOy=  -6.006, dOz= -11.901  (mm)
  Object offset: offset_x=  -0.002, offset_z=   0.001  (mm)
  Detector : dDx=   0.000, dDy=   0.000, dDz=   0.000  (mm)
  Obj Stage rotY :    5.004 deg
============================================================

Unity geometry (world coordinates):
  Source   : x=   8.000, y=  50.000, z=   0.000
  Object   : x=  -0.003, y=  21.994, z= 565.099
  Detector : x=  -5.000, y=  10.000, z= 720.000
  Obj rotY :   0.0000 deg
view   0 | SOD= 565.849 mm | SDD= 721.227 mm | M= 1.275 | incident=3.3432°
[[  57.26756    -562.247       -28.005505  ]
 [ -18.487913    153.87454      11.994495  ]
 [   0.14902976    0.01304949    0.        ]
 [   0.            0.            0.1496    ]]
Residual vector length: 216, Jacobian shape: (216, 6)
view   0 | SOD= 565.845 mm | SDD= 721.227 mm | M= 1.275 | incident=3.3432°
[[  57.242447   -562.24524     -28.005787  ]
 [ -18.48037     153.87978      11.994213  ]
 [   0.14903036    0.01304269    0.        ]
 [   0.            0.            0.1496    ]]

iter 22 cost=0.489507 -> 0.513980 |dtheta|=5.802286e-03  lambda=5.000e-06

============================================================
Iteration 23
============================================================
Theta offsets (Unity frame):
  Source   : dSx=   0.000, dSy=   0.000, dSz=   0.000  (mm)
  Object   : dOx=  -6.003, dOy=  -6.006, dOz= -11.901  (mm)
  Object offset: offset_x=  -0.002, offset_z=   0.001  (mm)
  Detector : dDx=   0.000, dDy=   0.000, dDz=   0.000  (mm)
  Obj Stage rotY :    5.004 deg
============================================================

Unity geometry (world coordinates):
  Source   : x=   8.000, y=  50.000, z=   0.000
  Object   : x=  -0.003, y=  21.994, z= 565.099
  Detector : x=  -5.000, y=  10.000, z= 720.000
  Obj rotY :   0.0000 deg
view   0 | SOD= 565.849 mm | SDD= 721.227 mm | M= 1.275 | incident=3.3432°
[[  57.26756    -562.247       -28.005505  ]
 [ -18.487913    153.87454      11.994495  ]
 [   0.14902976    0.01304949    0.        ]
 [   0.            0.            0.1496    ]]
Residual vector length: 216, Jacobian shape: (216, 6)
view   0 | SOD= 565.845 mm | SDD= 721.227 mm | M= 1.275 | incident=3.3432°
[[  57.242447   -562.24524     -28.005787  ]
 [ -18.48037     153.87978      11.994213  ]
 [   0.14903036    0.01304269    0.        ]
 [   0.            0.            0.1496    ]]

iter 23 cost=0.489507 -> 0.513980 |dtheta|=5.802285e-03  lambda=2.500e-05

============================================================
Iteration 24
============================================================
Theta offsets (Unity frame):
  Source   : dSx=   0.000, dSy=   0.000, dSz=   0.000  (mm)
  Object   : dOx=  -6.003, dOy=  -6.006, dOz= -11.901  (mm)
  Object offset: offset_x=  -0.002, offset_z=   0.001  (mm)
  Detector : dDx=   0.000, dDy=   0.000, dDz=   0.000  (mm)
  Obj Stage rotY :    5.004 deg
============================================================

Unity geometry (world coordinates):
  Source   : x=   8.000, y=  50.000, z=   0.000
  Object   : x=  -0.003, y=  21.994, z= 565.099
  Detector : x=  -5.000, y=  10.000, z= 720.000
  Obj rotY :   0.0000 deg
view   0 | SOD= 565.849 mm | SDD= 721.227 mm | M= 1.275 | incident=3.3432°
[[  57.26756    -562.247       -28.005505  ]
 [ -18.487913    153.87454      11.994495  ]
 [   0.14902976    0.01304949    0.        ]
 [   0.            0.            0.1496    ]]
Residual vector length: 216, Jacobian shape: (216, 6)
view   0 | SOD= 565.845 mm | SDD= 721.227 mm | M= 1.275 | incident=3.3432°
[[  57.242447   -562.24524     -28.005787  ]
 [ -18.48037     153.87978      11.994213  ]
 [   0.14903036    0.01304269    0.        ]
 [   0.            0.            0.1496    ]]

iter 24 cost=0.489507 -> 0.513980 |dtheta|=5.802280e-03  lambda=1.250e-04

============================================================
Iteration 25
============================================================
Theta offsets (Unity frame):
  Source   : dSx=   0.000, dSy=   0.000, dSz=   0.000  (mm)
  Object   : dOx=  -6.003, dOy=  -6.006, dOz= -11.901  (mm)
  Object offset: offset_x=  -0.002, offset_z=   0.001  (mm)
  Detector : dDx=   0.000, dDy=   0.000, dDz=   0.000  (mm)
  Obj Stage rotY :    5.004 deg
============================================================

Unity geometry (world coordinates):
  Source   : x=   8.000, y=  50.000, z=   0.000
  Object   : x=  -0.003, y=  21.994, z= 565.099
  Detector : x=  -5.000, y=  10.000, z= 720.000
  Obj rotY :   0.0000 deg
view   0 | SOD= 565.849 mm | SDD= 721.227 mm | M= 1.275 | incident=3.3432°
[[  57.26756    -562.247       -28.005505  ]
 [ -18.487913    153.87454      11.994495  ]
 [   0.14902976    0.01304949    0.        ]
 [   0.            0.            0.1496    ]]
Residual vector length: 216, Jacobian shape: (216, 6)
view   0 | SOD= 565.845 mm | SDD= 721.227 mm | M= 1.275 | incident=3.3432°
[[  57.242447   -562.24524     -28.005787  ]
 [ -18.48037     153.87978      11.994213  ]
 [   0.14903036    0.01304269    0.        ]
 [   0.            0.            0.1496    ]]

iter 25 cost=0.489507 -> 0.513980 |dtheta|=5.802253e-03  lambda=6.250e-04

============================================================
Iteration 26
============================================================
Theta offsets (Unity frame):
  Source   : dSx=   0.000, dSy=   0.000, dSz=   0.000  (mm)
  Object   : dOx=  -6.003, dOy=  -6.006, dOz= -11.901  (mm)
  Object offset: offset_x=  -0.002, offset_z=   0.001  (mm)
  Detector : dDx=   0.000, dDy=   0.000, dDz=   0.000  (mm)
  Obj Stage rotY :    5.004 deg
============================================================

Unity geometry (world coordinates):
  Source   : x=   8.000, y=  50.000, z=   0.000
  Object   : x=  -0.003, y=  21.994, z= 565.099
  Detector : x=  -5.000, y=  10.000, z= 720.000
  Obj rotY :   0.0000 deg
view   0 | SOD= 565.849 mm | SDD= 721.227 mm | M= 1.275 | incident=3.3432°
[[  57.26756    -562.247       -28.005505  ]
 [ -18.487913    153.87454      11.994495  ]
 [   0.14902976    0.01304949    0.        ]
 [   0.            0.            0.1496    ]]
Residual vector length: 216, Jacobian shape: (216, 6)
view   0 | SOD= 565.845 mm | SDD= 721.227 mm | M= 1.275 | incident=3.3432°
[[  57.242447   -562.24524     -28.005787  ]
 [ -18.48037     153.87978      11.994213  ]
 [   0.14903036    0.01304269    0.        ]
 [   0.            0.            0.1496    ]]

iter 26 cost=0.489507 -> 0.513980 |dtheta|=5.802118e-03  lambda=3.125e-03

============================================================
Iteration 27
============================================================
Theta offsets (Unity frame):
  Source   : dSx=   0.000, dSy=   0.000, dSz=   0.000  (mm)
  Object   : dOx=  -6.003, dOy=  -6.006, dOz= -11.901  (mm)
  Object offset: offset_x=  -0.002, offset_z=   0.001  (mm)
  Detector : dDx=   0.000, dDy=   0.000, dDz=   0.000  (mm)
  Obj Stage rotY :    5.004 deg
============================================================

Unity geometry (world coordinates):
  Source   : x=   8.000, y=  50.000, z=   0.000
  Object   : x=  -0.003, y=  21.994, z= 565.099
  Detector : x=  -5.000, y=  10.000, z= 720.000
  Obj rotY :   0.0000 deg
view   0 | SOD= 565.849 mm | SDD= 721.227 mm | M= 1.275 | incident=3.3432°
[[  57.26756    -562.247       -28.005505  ]
 [ -18.487913    153.87454      11.994495  ]
 [   0.14902976    0.01304949    0.        ]
 [   0.            0.            0.1496    ]]
Residual vector length: 216, Jacobian shape: (216, 6)
view   0 | SOD= 565.845 mm | SDD= 721.227 mm | M= 1.275 | incident=3.3432°
[[  57.24245    -562.24524     -28.005787  ]
 [ -18.48037     153.87978      11.994213  ]
 [   0.14903036    0.01304269    0.        ]
 [   0.            0.            0.1496    ]]

iter 27 cost=0.489507 -> 0.513980 |dtheta|=5.801444e-03  lambda=1.562e-02

============================================================
Iteration 28
============================================================
Theta offsets (Unity frame):
  Source   : dSx=   0.000, dSy=   0.000, dSz=   0.000  (mm)
  Object   : dOx=  -6.003, dOy=  -6.006, dOz= -11.901  (mm)
  Object offset: offset_x=  -0.002, offset_z=   0.001  (mm)
  Detector : dDx=   0.000, dDy=   0.000, dDz=   0.000  (mm)
  Obj Stage rotY :    5.004 deg
============================================================

Unity geometry (world coordinates):
  Source   : x=   8.000, y=  50.000, z=   0.000
  Object   : x=  -0.003, y=  21.994, z= 565.099
  Detector : x=  -5.000, y=  10.000, z= 720.000
  Obj rotY :   0.0000 deg
view   0 | SOD= 565.849 mm | SDD= 721.227 mm | M= 1.275 | incident=3.3432°
[[  57.26756    -562.247       -28.005505  ]
 [ -18.487913    153.87454      11.994495  ]
 [   0.14902976    0.01304949    0.        ]
 [   0.            0.            0.1496    ]]
Residual vector length: 216, Jacobian shape: (216, 6)
view   0 | SOD= 565.845 mm | SDD= 721.227 mm | M= 1.275 | incident=3.3432°
[[  57.24246    -562.24524     -28.005787  ]
 [ -18.480371    153.87978      11.994213  ]
 [   0.14903036    0.01304269    0.        ]
 [   0.            0.            0.1496    ]]

iter 28 cost=0.489507 -> 0.513657 |dtheta|=5.798077e-03  lambda=7.812e-02

============================================================
Iteration 29
============================================================
Theta offsets (Unity frame):
  Source   : dSx=   0.000, dSy=   0.000, dSz=   0.000  (mm)
  Object   : dOx=  -6.003, dOy=  -6.006, dOz= -11.901  (mm)
  Object offset: offset_x=  -0.002, offset_z=   0.001  (mm)
  Detector : dDx=   0.000, dDy=   0.000, dDz=   0.000  (mm)
  Obj Stage rotY :    5.004 deg
============================================================

Unity geometry (world coordinates):
  Source   : x=   8.000, y=  50.000, z=   0.000
  Object   : x=  -0.003, y=  21.994, z= 565.099
  Detector : x=  -5.000, y=  10.000, z= 720.000
  Obj rotY :   0.0000 deg
view   0 | SOD= 565.849 mm | SDD= 721.227 mm | M= 1.275 | incident=3.3432°
[[  57.26756    -562.247       -28.005505  ]
 [ -18.487913    153.87454      11.994495  ]
 [   0.14902976    0.01304949    0.        ]
 [   0.            0.            0.1496    ]]
Residual vector length: 216, Jacobian shape: (216, 6)
view   0 | SOD= 565.845 mm | SDD= 721.227 mm | M= 1.275 | incident=3.3432°
[[  57.242493   -562.24524     -28.005787  ]
 [ -18.480381    153.87978      11.994213  ]
 [   0.14903036    0.01304271    0.        ]
 [   0.            0.            0.1496    ]]

iter 29 cost=0.489507 -> 0.513423 |dtheta|=5.781315e-03  lambda=3.906e-01

============================================================
Iteration 30
============================================================
Theta offsets (Unity frame):
  Source   : dSx=   0.000, dSy=   0.000, dSz=   0.000  (mm)
  Object   : dOx=  -6.003, dOy=  -6.006, dOz= -11.901  (mm)
  Object offset: offset_x=  -0.002, offset_z=   0.001  (mm)
  Detector : dDx=   0.000, dDy=   0.000, dDz=   0.000  (mm)
  Obj Stage rotY :    5.004 deg
============================================================

Unity geometry (world coordinates):
  Source   : x=   8.000, y=  50.000, z=   0.000
  Object   : x=  -0.003, y=  21.994, z= 565.099
  Detector : x=  -5.000, y=  10.000, z= 720.000
  Obj rotY :   0.0000 deg
view   0 | SOD= 565.849 mm | SDD= 721.227 mm | M= 1.275 | incident=3.3432°
[[  57.26756    -562.247       -28.005505  ]
 [ -18.487913    153.87454      11.994495  ]
 [   0.14902976    0.01304949    0.        ]
 [   0.            0.            0.1496    ]]
Residual vector length: 216, Jacobian shape: (216, 6)
view   0 | SOD= 565.845 mm | SDD= 721.227 mm | M= 1.275 | incident=3.3432°
[[  57.24268    -562.24536     -28.00579   ]
 [ -18.480423    153.87965      11.994209  ]
 [   0.14903036    0.01304275    0.        ]
 [   0.            0.            0.1496    ]]

iter 30 cost=0.489507 -> 0.513423 |dtheta|=5.699231e-03  lambda=1.953e+00

============================================================
Iteration 31
============================================================
Theta offsets (Unity frame):
  Source   : dSx=   0.000, dSy=   0.000, dSz=   0.000  (mm)
  Object   : dOx=  -6.003, dOy=  -6.006, dOz= -11.901  (mm)
  Object offset: offset_x=  -0.002, offset_z=   0.001  (mm)
  Detector : dDx=   0.000, dDy=   0.000, dDz=   0.000  (mm)
  Obj Stage rotY :    5.004 deg
============================================================

Unity geometry (world coordinates):
  Source   : x=   8.000, y=  50.000, z=   0.000
  Object   : x=  -0.003, y=  21.994, z= 565.099
  Detector : x=  -5.000, y=  10.000, z= 720.000
  Obj rotY :   0.0000 deg
view   0 | SOD= 565.849 mm | SDD= 721.227 mm | M= 1.275 | incident=3.3432°
[[  57.26756    -562.247       -28.005505  ]
 [ -18.487913    153.87454      11.994495  ]
 [   0.14902976    0.01304949    0.        ]
 [   0.            0.            0.1496    ]]
Residual vector length: 216, Jacobian shape: (216, 6)
view   0 | SOD= 565.846 mm | SDD= 721.227 mm | M= 1.275 | incident=3.3432°
[[  57.24355    -562.24567     -28.00581   ]
 [ -18.480629    153.8792       11.99419   ]
 [   0.14903033    0.01304298    0.        ]
 [   0.            0.            0.1496    ]]

iter 31 cost=0.489507 -> 0.513657 |dtheta|=5.327841e-03  lambda=9.766e+00

============================================================
Iteration 32
============================================================
Theta offsets (Unity frame):
  Source   : dSx=   0.000, dSy=   0.000, dSz=   0.000  (mm)
  Object   : dOx=  -6.003, dOy=  -6.006, dOz= -11.901  (mm)
  Object offset: offset_x=  -0.002, offset_z=   0.001  (mm)
  Detector : dDx=   0.000, dDy=   0.000, dDz=   0.000  (mm)
  Obj Stage rotY :    5.004 deg
============================================================

Unity geometry (world coordinates):
  Source   : x=   8.000, y=  50.000, z=   0.000
  Object   : x=  -0.003, y=  21.994, z= 565.099
  Detector : x=  -5.000, y=  10.000, z= 720.000
  Obj rotY :   0.0000 deg
view   0 | SOD= 565.849 mm | SDD= 721.227 mm | M= 1.275 | incident=3.3432°
[[  57.26756    -562.247       -28.005505  ]
 [ -18.487913    153.87454      11.994495  ]
 [   0.14902976    0.01304949    0.        ]
 [   0.            0.            0.1496    ]]
Residual vector length: 216, Jacobian shape: (216, 6)
view   0 | SOD= 565.847 mm | SDD= 721.227 mm | M= 1.275 | incident=3.3432°
[[  57.24693    -562.24664     -28.005875  ]
 [ -18.481468    153.8778       11.994125  ]
 [   0.14903025    0.01304385    0.        ]
 [   0.            0.            0.1496    ]]

iter 32 cost=0.489507 -> 0.515849 |dtheta|=4.102995e-03  lambda=4.883e+01

============================================================
Iteration 33
============================================================
Theta offsets (Unity frame):
  Source   : dSx=   0.000, dSy=   0.000, dSz=   0.000  (mm)
  Object   : dOx=  -6.003, dOy=  -6.006, dOz= -11.901  (mm)
  Object offset: offset_x=  -0.002, offset_z=   0.001  (mm)
  Detector : dDx=   0.000, dDy=   0.000, dDz=   0.000  (mm)
  Obj Stage rotY :    5.004 deg
============================================================

Unity geometry (world coordinates):
  Source   : x=   8.000, y=  50.000, z=   0.000
  Object   : x=  -0.003, y=  21.994, z= 565.099
  Detector : x=  -5.000, y=  10.000, z= 720.000
  Obj rotY :   0.0000 deg
view   0 | SOD= 565.849 mm | SDD= 721.227 mm | M= 1.275 | incident=3.3432°
[[  57.26756    -562.247       -28.005505  ]
 [ -18.487913    153.87454      11.994495  ]
 [   0.14902976    0.01304949    0.        ]
 [   0.            0.            0.1496    ]]
Residual vector length: 216, Jacobian shape: (216, 6)
view   0 | SOD= 565.849 mm | SDD= 721.227 mm | M= 1.275 | incident=3.3432°
[[  57.25506    -562.2477      -28.005957  ]
 [ -18.483635    153.87564      11.994043  ]
 [   0.14903007    0.013046      0.        ]
 [   0.            0.            0.1496    ]]

iter 33 cost=0.489507 -> 0.523764 |dtheta|=2.257476e-03  lambda=2.441e+02

============================================================
Iteration 34
============================================================
Theta offsets (Unity frame):
  Source   : dSx=   0.000, dSy=   0.000, dSz=   0.000  (mm)
  Object   : dOx=  -6.003, dOy=  -6.006, dOz= -11.901  (mm)
  Object offset: offset_x=  -0.002, offset_z=   0.001  (mm)
  Detector : dDx=   0.000, dDy=   0.000, dDz=   0.000  (mm)
  Obj Stage rotY :    5.004 deg
============================================================

Unity geometry (world coordinates):
  Source   : x=   8.000, y=  50.000, z=   0.000
  Object   : x=  -0.003, y=  21.994, z= 565.099
  Detector : x=  -5.000, y=  10.000, z= 720.000
  Obj rotY :   0.0000 deg
view   0 | SOD= 565.849 mm | SDD= 721.227 mm | M= 1.275 | incident=3.3432°
[[  57.26756    -562.247       -28.005505  ]
 [ -18.487913    153.87454      11.994495  ]
 [   0.14902976    0.01304949    0.        ]
 [   0.            0.            0.1496    ]]
Residual vector length: 216, Jacobian shape: (216, 6)
view   0 | SOD= 565.850 mm | SDD= 721.227 mm | M= 1.275 | incident=3.3432°
[[  57.26359    -562.2476      -28.005941  ]
 [ -18.486166    153.87454      11.994059  ]
 [   0.14902987    0.0130483     0.        ]
 [   0.            0.            0.1496    ]]

iter 34 cost=0.489507 -> 0.512634 |dtheta|=1.126619e-03  lambda=1.221e+03

============================================================
Iteration 35
============================================================
Theta offsets (Unity frame):
  Source   : dSx=   0.000, dSy=   0.000, dSz=   0.000  (mm)
  Object   : dOx=  -6.003, dOy=  -6.006, dOz= -11.901  (mm)
  Object offset: offset_x=  -0.002, offset_z=   0.001  (mm)
  Detector : dDx=   0.000, dDy=   0.000, dDz=   0.000  (mm)
  Obj Stage rotY :    5.004 deg
============================================================

Unity geometry (world coordinates):
  Source   : x=   8.000, y=  50.000, z=   0.000
  Object   : x=  -0.003, y=  21.994, z= 565.099
  Detector : x=  -5.000, y=  10.000, z= 720.000
  Obj rotY :   0.0000 deg
view   0 | SOD= 565.849 mm | SDD= 721.227 mm | M= 1.275 | incident=3.3432°
[[  57.26756    -562.247       -28.005505  ]
 [ -18.487913    153.87454      11.994495  ]
 [   0.14902976    0.01304949    0.        ]
 [   0.            0.            0.1496    ]]
Residual vector length: 216, Jacobian shape: (216, 6)
view   0 | SOD= 565.850 mm | SDD= 721.227 mm | M= 1.275 | incident=3.3432°
[[  57.266853   -562.2474      -28.005783  ]
 [ -18.487423    153.87434      11.994217  ]
 [   0.14902979    0.01304924    0.        ]
 [   0.            0.            0.1496    ]]

iter 35 cost=0.489507 -> 0.515617 |dtheta|=5.066489e-04  lambda=6.104e+03

============================================================
Iteration 36
============================================================
Theta offsets (Unity frame):
  Source   : dSx=   0.000, dSy=   0.000, dSz=   0.000  (mm)
  Object   : dOx=  -6.003, dOy=  -6.006, dOz= -11.901  (mm)
  Object offset: offset_x=  -0.002, offset_z=   0.001  (mm)
  Detector : dDx=   0.000, dDy=   0.000, dDz=   0.000  (mm)
  Obj Stage rotY :    5.004 deg
============================================================

Unity geometry (world coordinates):
  Source   : x=   8.000, y=  50.000, z=   0.000
  Object   : x=  -0.003, y=  21.994, z= 565.099
  Detector : x=  -5.000, y=  10.000, z= 720.000
  Obj rotY :   0.0000 deg
view   0 | SOD= 565.849 mm | SDD= 721.227 mm | M= 1.275 | incident=3.3432°
[[  57.26756    -562.247       -28.005505  ]
 [ -18.487913    153.87454      11.994495  ]
 [   0.14902976    0.01304949    0.        ]
 [   0.            0.            0.1496    ]]
Residual vector length: 216, Jacobian shape: (216, 6)
view   0 | SOD= 565.850 mm | SDD= 721.227 mm | M= 1.275 | incident=3.3432°
[[  57.26745    -562.2472      -28.005602  ]
 [ -18.4878      153.87442      11.994398  ]
 [   0.14902976    0.01304944    0.        ]
 [   0.            0.            0.1496    ]]

iter 36 cost=0.489507 -> 0.493682 |dtheta|=1.500506e-04  lambda=3.052e+04

============================================================
Iteration 37
============================================================
Theta offsets (Unity frame):
  Source   : dSx=   0.000, dSy=   0.000, dSz=   0.000  (mm)
  Object   : dOx=  -6.003, dOy=  -6.006, dOz= -11.901  (mm)
  Object offset: offset_x=  -0.002, offset_z=   0.001  (mm)
  Detector : dDx=   0.000, dDy=   0.000, dDz=   0.000  (mm)
  Obj Stage rotY :    5.004 deg
============================================================

Unity geometry (world coordinates):
  Source   : x=   8.000, y=  50.000, z=   0.000
  Object   : x=  -0.003, y=  21.994, z= 565.099
  Detector : x=  -5.000, y=  10.000, z= 720.000
  Obj rotY :   0.0000 deg
view   0 | SOD= 565.849 mm | SDD= 721.227 mm | M= 1.275 | incident=3.3432°
[[  57.26756    -562.247       -28.005505  ]
 [ -18.487913    153.87454      11.994495  ]
 [   0.14902976    0.01304949    0.        ]
 [   0.            0.            0.1496    ]]
Residual vector length: 216, Jacobian shape: (216, 6)
view   0 | SOD= 565.849 mm | SDD= 721.227 mm | M= 1.275 | incident=3.3432°
[[  57.26754    -562.2471      -28.005527  ]
 [ -18.487888    153.87448      11.9944725 ]
 [   0.14902976    0.01304948    0.        ]
 [   0.            0.            0.1496    ]]

iter 37 cost=0.489507 -> 0.485232 |dtheta|=3.361382e-05  lambda=1.526e+05

============================================================
Iteration 38
============================================================
Theta offsets (Unity frame):
  Source   : dSx=   0.000, dSy=   0.000, dSz=   0.000  (mm)
  Object   : dOx=  -6.003, dOy=  -6.006, dOz= -11.901  (mm)
  Object offset: offset_x=  -0.002, offset_z=   0.001  (mm)
  Detector : dDx=   0.000, dDy=   0.000, dDz=   0.000  (mm)
  Obj Stage rotY :    5.004 deg
============================================================

Unity geometry (world coordinates):
  Source   : x=   8.000, y=  50.000, z=   0.000
  Object   : x=  -0.003, y=  21.994, z= 565.099
  Detector : x=  -5.000, y=  10.000, z= 720.000
  Obj rotY :   0.0000 deg
view   0 | SOD= 565.849 mm | SDD= 721.227 mm | M= 1.275 | incident=3.3432°
[[  57.26754    -562.2471      -28.005527  ]
 [ -18.487888    153.87448      11.9944725 ]
 [   0.14902976    0.01304948    0.        ]
 [   0.            0.            0.1496    ]]
Residual vector length: 216, Jacobian shape: (216, 6)
view   0 | SOD= 565.850 mm | SDD= 721.227 mm | M= 1.275 | incident=3.3432°
[[  57.267433   -562.24713     -28.005589  ]
 [ -18.487814    153.87448      11.994411  ]
 [   0.14902976    0.01304944    0.        ]
 [   0.            0.            0.1496    ]]

iter 38 cost=0.485232 -> 0.492956 |dtheta|=9.130209e-05  lambda=5.086e+04

============================================================
Iteration 39
============================================================
Theta offsets (Unity frame):
  Source   : dSx=   0.000, dSy=   0.000, dSz=   0.000  (mm)
  Object   : dOx=  -6.003, dOy=  -6.006, dOz= -11.901  (mm)
  Object offset: offset_x=  -0.002, offset_z=   0.001  (mm)
  Detector : dDx=   0.000, dDy=   0.000, dDz=   0.000  (mm)
  Obj Stage rotY :    5.004 deg
============================================================

Unity geometry (world coordinates):
  Source   : x=   8.000, y=  50.000, z=   0.000
  Object   : x=  -0.003, y=  21.994, z= 565.099
  Detector : x=  -5.000, y=  10.000, z= 720.000
  Obj rotY :   0.0000 deg
view   0 | SOD= 565.849 mm | SDD= 721.227 mm | M= 1.275 | incident=3.3432°
[[  57.26754    -562.2471      -28.005527  ]
 [ -18.487888    153.87448      11.9944725 ]
 [   0.14902976    0.01304948    0.        ]
 [   0.            0.            0.1496    ]]
Residual vector length: 216, Jacobian shape: (216, 6)
view   0 | SOD= 565.850 mm | SDD= 721.227 mm | M= 1.275 | incident=3.3432°
[[  57.26752    -562.24713     -28.00554   ]
 [ -18.487873    153.87448      11.994459  ]
 [   0.14902976    0.01304947    0.        ]
 [   0.            0.            0.1496    ]]

iter 39 cost=0.485232 -> 0.485232 |dtheta|=1.960175e-05  lambda=2.543e+05

============================================================
Iteration 40
============================================================
Theta offsets (Unity frame):
  Source   : dSx=   0.000, dSy=   0.000, dSz=   0.000  (mm)
  Object   : dOx=  -6.003, dOy=  -6.006, dOz= -11.901  (mm)
  Object offset: offset_x=  -0.002, offset_z=   0.001  (mm)
  Detector : dDx=   0.000, dDy=   0.000, dDz=   0.000  (mm)
  Obj Stage rotY :    5.004 deg
============================================================

Unity geometry (world coordinates):
  Source   : x=   8.000, y=  50.000, z=   0.000
  Object   : x=  -0.003, y=  21.994, z= 565.099
  Detector : x=  -5.000, y=  10.000, z= 720.000
  Obj rotY :   0.0000 deg
view   0 | SOD= 565.849 mm | SDD= 721.227 mm | M= 1.275 | incident=3.3432°
[[  57.26754    -562.2471      -28.005527  ]
 [ -18.487888    153.87448      11.9944725 ]
 [   0.14902976    0.01304948    0.        ]
 [   0.            0.            0.1496    ]]
Residual vector length: 216, Jacobian shape: (216, 6)
view   0 | SOD= 565.849 mm | SDD= 721.227 mm | M= 1.275 | incident=3.3432°
[[  57.267536   -562.2471      -28.005531  ]
 [ -18.487883    153.87448      11.994469  ]
 [   0.14902976    0.01304948    0.        ]
 [   0.            0.            0.1496    ]]

iter 40 cost=0.485232 -> 0.488228 |dtheta|=5.055762e-06  lambda=1.000e+06

============================================================
Iteration 41
============================================================
Theta offsets (Unity frame):
  Source   : dSx=   0.000, dSy=   0.000, dSz=   0.000  (mm)
  Object   : dOx=  -6.003, dOy=  -6.006, dOz= -11.901  (mm)
  Object offset: offset_x=  -0.002, offset_z=   0.001  (mm)
  Detector : dDx=   0.000, dDy=   0.000, dDz=   0.000  (mm)
  Obj Stage rotY :    5.004 deg
============================================================

Unity geometry (world coordinates):
  Source   : x=   8.000, y=  50.000, z=   0.000
  Object   : x=  -0.003, y=  21.994, z= 565.099
  Detector : x=  -5.000, y=  10.000, z= 720.000
  Obj rotY :   0.0000 deg
view   0 | SOD= 565.849 mm | SDD= 721.227 mm | M= 1.275 | incident=3.3432°
[[  57.26754    -562.2471      -28.005527  ]
 [ -18.487888    153.87448      11.9944725 ]
 [   0.14902976    0.01304948    0.        ]
 [   0.            0.            0.1496    ]]
Residual vector length: 216, Jacobian shape: (216, 6)
view   0 | SOD= 565.849 mm | SDD= 721.227 mm | M= 1.275 | incident=3.3432°
[[  57.267536   -562.2471      -28.005531  ]
 [ -18.487883    153.87448      11.994469  ]
 [   0.14902976    0.01304948    0.        ]
 [   0.            0.            0.1496    ]]

iter 41 cost=0.485232 -> 0.488228 |dtheta|=5.055762e-06  lambda=1.000e+06

============================================================
Iteration 42
============================================================
Theta offsets (Unity frame):
  Source   : dSx=   0.000, dSy=   0.000, dSz=   0.000  (mm)
  Object   : dOx=  -6.003, dOy=  -6.006, dOz= -11.901  (mm)
  Object offset: offset_x=  -0.002, offset_z=   0.001  (mm)
  Detector : dDx=   0.000, dDy=   0.000, dDz=   0.000  (mm)
  Obj Stage rotY :    5.004 deg
============================================================

Unity geometry (world coordinates):
  Source   : x=   8.000, y=  50.000, z=   0.000
  Object   : x=  -0.003, y=  21.994, z= 565.099
  Detector : x=  -5.000, y=  10.000, z= 720.000
  Obj rotY :   0.0000 deg
view   0 | SOD= 565.849 mm | SDD= 721.227 mm | M= 1.275 | incident=3.3432°
[[  57.26754    -562.2471      -28.005527  ]
 [ -18.487888    153.87448      11.9944725 ]
 [   0.14902976    0.01304948    0.        ]
 [   0.            0.            0.1496    ]]
Residual vector length: 216, Jacobian shape: (216, 6)
view   0 | SOD= 565.849 mm | SDD= 721.227 mm | M= 1.275 | incident=3.3432°
[[  57.267536   -562.2471      -28.005531  ]
 [ -18.487883    153.87448      11.994469  ]
 [   0.14902976    0.01304948    0.        ]
 [   0.            0.            0.1496    ]]

iter 42 cost=0.485232 -> 0.488228 |dtheta|=5.055762e-06  lambda=1.000e+06

============================================================
Iteration 43
============================================================
Theta offsets (Unity frame):
  Source   : dSx=   0.000, dSy=   0.000, dSz=   0.000  (mm)
  Object   : dOx=  -6.003, dOy=  -6.006, dOz= -11.901  (mm)
  Object offset: offset_x=  -0.002, offset_z=   0.001  (mm)
  Detector : dDx=   0.000, dDy=   0.000, dDz=   0.000  (mm)
  Obj Stage rotY :    5.004 deg
============================================================

Unity geometry (world coordinates):
  Source   : x=   8.000, y=  50.000, z=   0.000
  Object   : x=  -0.003, y=  21.994, z= 565.099
  Detector : x=  -5.000, y=  10.000, z= 720.000
  Obj rotY :   0.0000 deg
view   0 | SOD= 565.849 mm | SDD= 721.227 mm | M= 1.275 | incident=3.3432°
[[  57.26754    -562.2471      -28.005527  ]
 [ -18.487888    153.87448      11.9944725 ]
 [   0.14902976    0.01304948    0.        ]
 [   0.            0.            0.1496    ]]
Residual vector length: 216, Jacobian shape: (216, 6)
view   0 | SOD= 565.849 mm | SDD= 721.227 mm | M= 1.275 | incident=3.3432°
[[  57.267536   -562.2471      -28.005531  ]
 [ -18.487883    153.87448      11.994469  ]
 [   0.14902976    0.01304948    0.        ]
 [   0.            0.            0.1496    ]]

iter 43 cost=0.485232 -> 0.488228 |dtheta|=5.055762e-06  lambda=1.000e+06

============================================================
Iteration 44
============================================================
Theta offsets (Unity frame):
  Source   : dSx=   0.000, dSy=   0.000, dSz=   0.000  (mm)
  Object   : dOx=  -6.003, dOy=  -6.006, dOz= -11.901  (mm)
  Object offset: offset_x=  -0.002, offset_z=   0.001  (mm)
  Detector : dDx=   0.000, dDy=   0.000, dDz=   0.000  (mm)
  Obj Stage rotY :    5.004 deg
============================================================

Unity geometry (world coordinates):
  Source   : x=   8.000, y=  50.000, z=   0.000
  Object   : x=  -0.003, y=  21.994, z= 565.099
  Detector : x=  -5.000, y=  10.000, z= 720.000
  Obj rotY :   0.0000 deg
view   0 | SOD= 565.849 mm | SDD= 721.227 mm | M= 1.275 | incident=3.3432°
[[  57.26754    -562.2471      -28.005527  ]
 [ -18.487888    153.87448      11.9944725 ]
 [   0.14902976    0.01304948    0.        ]
 [   0.            0.            0.1496    ]]
Residual vector length: 216, Jacobian shape: (216, 6)
view   0 | SOD= 565.849 mm | SDD= 721.227 mm | M= 1.275 | incident=3.3432°
[[  57.267536   -562.2471      -28.005531  ]
 [ -18.487883    153.87448      11.994469  ]
 [   0.14902976    0.01304948    0.        ]
 [   0.            0.            0.1496    ]]

iter 44 cost=0.485232 -> 0.488228 |dtheta|=5.055762e-06  lambda=1.000e+06

============================================================
Iteration 45
============================================================
Theta offsets (Unity frame):
  Source   : dSx=   0.000, dSy=   0.000, dSz=   0.000  (mm)
  Object   : dOx=  -6.003, dOy=  -6.006, dOz= -11.901  (mm)
  Object offset: offset_x=  -0.002, offset_z=   0.001  (mm)
  Detector : dDx=   0.000, dDy=   0.000, dDz=   0.000  (mm)
  Obj Stage rotY :    5.004 deg
============================================================

Unity geometry (world coordinates):
  Source   : x=   8.000, y=  50.000, z=   0.000
  Object   : x=  -0.003, y=  21.994, z= 565.099
  Detector : x=  -5.000, y=  10.000, z= 720.000
  Obj rotY :   0.0000 deg
view   0 | SOD= 565.849 mm | SDD= 721.227 mm | M= 1.275 | incident=3.3432°
[[  57.26754    -562.2471      -28.005527  ]
 [ -18.487888    153.87448      11.9944725 ]
 [   0.14902976    0.01304948    0.        ]
 [   0.            0.            0.1496    ]]
Residual vector length: 216, Jacobian shape: (216, 6)
view   0 | SOD= 565.849 mm | SDD= 721.227 mm | M= 1.275 | incident=3.3432°
[[  57.267536   -562.2471      -28.005531  ]
 [ -18.487883    153.87448      11.994469  ]
 [   0.14902976    0.01304948    0.        ]
 [   0.            0.            0.1496    ]]

iter 45 cost=0.485232 -> 0.488228 |dtheta|=5.055762e-06  lambda=1.000e+06

============================================================
Iteration 46
============================================================
Theta offsets (Unity frame):
  Source   : dSx=   0.000, dSy=   0.000, dSz=   0.000  (mm)
  Object   : dOx=  -6.003, dOy=  -6.006, dOz= -11.901  (mm)
  Object offset: offset_x=  -0.002, offset_z=   0.001  (mm)
  Detector : dDx=   0.000, dDy=   0.000, dDz=   0.000  (mm)
  Obj Stage rotY :    5.004 deg
============================================================

Unity geometry (world coordinates):
  Source   : x=   8.000, y=  50.000, z=   0.000
  Object   : x=  -0.003, y=  21.994, z= 565.099
  Detector : x=  -5.000, y=  10.000, z= 720.000
  Obj rotY :   0.0000 deg
view   0 | SOD= 565.849 mm | SDD= 721.227 mm | M= 1.275 | incident=3.3432°
[[  57.26754    -562.2471      -28.005527  ]
 [ -18.487888    153.87448      11.9944725 ]
 [   0.14902976    0.01304948    0.        ]
 [   0.            0.            0.1496    ]]
Residual vector length: 216, Jacobian shape: (216, 6)
view   0 | SOD= 565.849 mm | SDD= 721.227 mm | M= 1.275 | incident=3.3432°
[[  57.267536   -562.2471      -28.005531  ]
 [ -18.487883    153.87448      11.994469  ]
 [   0.14902976    0.01304948    0.        ]
 [   0.            0.            0.1496    ]]

iter 46 cost=0.485232 -> 0.488228 |dtheta|=5.055762e-06  lambda=1.000e+06
Stalled.

Estimated theta:
  dSx: +0.000000
  dSy: +0.000000
  dOx: -6.003271
  dOy: -6.005527
  dOz: -11.901248
  dDx: +0.000000
  dDy: +0.000000
  dDz: +0.000000
alpha: +5.004221e+00 deg)
offset_x: -0.001651
offset_z: +0.000591

Final cost table:
Fake theta: [  0.   0.  -6.  -6. -12.   0.   0.   0.   5.   0.   0.]
Final estimated theta: [  0.           0.          -6.00327125  -6.00552711 -11.90124764
   0.           0.           0.           5.00422144  -0.00165054
   0.0005911 ]
Diff from Expected: [ 0.          0.         -0.00327125 -0.00552711  0.09875236  0.
  0.          0.          0.00422144 -0.00165054  0.0005911 ]
################################################################################

