Phantom already exists, skipping: cuboid_phantom_3_small.npy

################################################################################
Running cuboid=small scenario=G0 N_ANGLES=24, K=3
view   0 | SOD= 570.548 mm | SDD= 675.501 mm | M= 1.184 | incident=3.8197°
[[  98.97946    -561.3404      -25.        ]
 [ -18.05941     102.420006     20.        ]
 [   0.14732724    0.02597777    0.        ]
 [   0.            0.            0.1496    ]]
           image          x1          y1  area1          x2          y2  area2          x3          y3  area3
0   proj_000.png  521.673640  142.917713    717  434.642012  273.158284    676  521.693056  416.102778    720
1   proj_001.png  501.310249  143.144044    722  454.481591  272.846834    679  501.414938  416.626556    723
2   proj_002.png  479.298343  143.136740    724  475.831595  272.722802    671  479.306207  416.936552    725
3   proj_003.png  457.123440  143.171983    721  497.162444  272.840537    671  457.160665  416.754848    722
4   proj_004.png  436.350902  142.981969    721  517.306785  273.126844    678  436.343056  416.220833    720
5   proj_005.png  418.533520  142.717877    716  534.898975  273.696925    683  418.520280  415.265734    715
6   proj_006.png  404.978663  142.502134    703  548.645588  274.423529    680  404.978903  413.834037    711
7   proj_007.png  396.457143  142.212857    700  557.680820  275.240117    683  396.410765  412.382436    706
8   proj_008.png  393.500000  142.000000    686  561.399413  276.182085    681  393.451895  410.879009    686
9   proj_009.png  396.271111  141.705185    675  559.377168  277.150289    692  396.250368  409.135493    679
10  proj_010.png  404.588235  141.347059    680  551.648227  278.136170    705  404.640648  407.771723    679
11  proj_011.png  417.674521  141.117820    679  538.838256  278.842475    711  417.699115  406.441003    678
12  proj_012.png  434.638519  140.914074    675  521.695531  279.500000    716  434.667160  405.480769    676
13  proj_013.png  454.500000  140.858407    678  501.309392  279.843923    724  454.481645  404.885463    681
14  proj_014.png  475.831343  140.817910    670  479.314917  280.062155    724  475.811012  404.638393    672
15  proj_015.png  497.160475  140.839525    673  457.133978  279.852210    724  497.173591  404.821958    674
16  proj_016.png  517.354505  140.942393    677  436.338440  279.565460    718  517.331858  405.269912    678
17  proj_017.png  534.967359  141.054896    674  418.502098  279.020979    715  534.937962  406.180207    677
18  proj_018.png  548.678519  141.300741    675  404.941595  278.314815    702  548.644118  407.480882    680
19  proj_019.png  557.739766  141.603801    684  396.450925  277.338549    703  557.666181  408.973761    686
20  proj_020.png  561.415813  141.906296    683  393.500000  276.457726    686  561.423977  410.568713    684
21  proj_021.png  559.409222  142.203170    694  396.256637  275.392330    678  559.395382  412.079365    693
22  proj_022.png  551.687500  142.500000    704  404.623719  274.609078    683  551.692635  413.661473    706
23  proj_023.png  538.824859  142.687853    708  417.692308  273.815089    676  538.917018  415.007032    711

============================================================
Iteration 0
============================================================
Theta offsets (Unity frame):
  Source   : dSx=   0.000, dSy=   0.000, dSz=   0.000  (mm)
  Object   : dOx=   0.000, dOy=   0.000, dOz=   0.000  (mm)
  Object offset: offset_x=   0.000, offset_z=   0.000  (mm)
  Detector : dDx=   0.000, dDy=   0.000, dDz=   0.000  (mm)
  Obj Stage rotY :    0.000 deg
============================================================

Unity geometry (world coordinates):
  Source   : x=   0.000, y=  45.000, z=   0.000
  Object   : x=  10.000, y=  15.000, z= 589.000
  Detector : x=   0.000, y=   0.000, z= 674.000
  Obj rotY :   0.0000 deg
view   0 | SOD= 589.848 mm | SDD= 675.501 mm | M= 1.145 | incident=3.8197°
[[ -10.     -589.      -30.    ]
 [ -10.       85.       15.    ]
 [   0.1496    0.        0.    ]
 [   0.        0.        0.1496]]
Residual vector length: 216, Jacobian shape: (216, 6)
view   0 | SOD= 587.060 mm | SDD= 675.501 mm | M= 1.151 | incident=3.8197°
[[  48.05578    -584.4607      -27.130585  ]
 [  -9.357236     87.08953      17.869415  ]
 [   0.14905626    0.0127433     0.        ]
 [   0.            0.            0.1496    ]]

iter 00 cost=256901.060915 -> 15900.441415 |dtheta|=1.011683e+01  lambda=1.000e+00

============================================================
Iteration 1
============================================================
Theta offsets (Unity frame):
  Source   : dSx=   0.000, dSy=   0.000, dSz=   0.000  (mm)
  Object   : dOx=  -8.056, dOy=   2.869, dOz=  -2.293  (mm)
  Object offset: offset_x=  -0.039, offset_z=  -0.277  (mm)
  Detector : dDx=   0.000, dDy=   0.000, dDz=   0.000  (mm)
  Obj Stage rotY :    4.887 deg
============================================================

Unity geometry (world coordinates):
  Source   : x=   0.000, y=  45.000, z=   0.000
  Object   : x=   1.944, y=  17.869, z= 586.707
  Detector : x=   0.000, y=   0.000, z= 674.000
  Obj rotY :   0.0000 deg
view   0 | SOD= 587.060 mm | SDD= 675.501 mm | M= 1.151 | incident=3.8197°
[[  48.05578    -584.4607      -27.130585  ]
 [  -9.357236     87.08953      17.869415  ]
 [   0.14905626    0.0127433     0.        ]
 [   0.            0.            0.1496    ]]
Residual vector length: 216, Jacobian shape: (216, 6)
view   0 | SOD= 585.422 mm | SDD= 675.501 mm | M= 1.154 | incident=3.8197°
[[  63.35808    -581.4033      -25.96917   ]
 [  -9.99628      88.59304      19.03083   ]
 [   0.14871135    0.01628162    0.        ]
 [   0.            0.            0.1496    ]]

iter 01 cost=15900.441415 -> 2683.108688 |dtheta|=3.105649e+00  lambda=3.333e-01

============================================================
Iteration 2
============================================================
Theta offsets (Unity frame):
  Source   : dSx=   0.000, dSy=   0.000, dSz=   0.000  (mm)
  Object   : dOx=  -9.687, dOy=   4.031, dOz=  -4.209  (mm)
  Object offset: offset_x=  -0.018, offset_z=   0.055  (mm)
  Detector : dDx=   0.000, dDy=   0.000, dDz=   0.000  (mm)
  Obj Stage rotY :    6.248 deg
============================================================

Unity geometry (world coordinates):
  Source   : x=   0.000, y=  45.000, z=   0.000
  Object   : x=   0.313, y=  19.031, z= 584.791
  Detector : x=   0.000, y=   0.000, z= 674.000
  Obj rotY :   0.0000 deg
view   0 | SOD= 585.422 mm | SDD= 675.501 mm | M= 1.154 | incident=3.8197°
[[  63.35808    -581.4033      -25.96917   ]
 [  -9.99628      88.59304      19.03083   ]
 [   0.14871135    0.01628162    0.        ]
 [   0.            0.            0.1496    ]]
Residual vector length: 216, Jacobian shape: (216, 6)
view   0 | SOD= 583.910 mm | SDD= 675.501 mm | M= 1.157 | incident=3.8197°
[[  76.413704   -578.3217      -25.60623   ]
 [ -11.873132     89.87095      19.39377   ]
 [   0.14831102    0.01959601    0.        ]
 [   0.            0.            0.1496    ]]

iter 02 cost=2683.108688 -> 1481.922004 |dtheta|=2.079606e+00  lambda=1.111e-01

============================================================
Iteration 3
============================================================
Theta offsets (Unity frame):
  Source   : dSx=   0.000, dSy=   0.000, dSz=   0.000  (mm)
  Object   : dOx=  -9.978, dOy=   4.394, dOz=  -5.781  (mm)
  Object offset: offset_x=  -0.024, offset_z=   0.129  (mm)
  Detector : dDx=   0.000, dDy=   0.000, dDz=   0.000  (mm)
  Obj Stage rotY :    7.527 deg
============================================================

Unity geometry (world coordinates):
  Source   : x=   0.000, y=  45.000, z=   0.000
  Object   : x=   0.022, y=  19.394, z= 583.219
  Detector : x=   0.000, y=   0.000, z= 674.000
  Obj rotY :   0.0000 deg
view   0 | SOD= 583.910 mm | SDD= 675.501 mm | M= 1.157 | incident=3.8197°
[[  76.413704   -578.3217      -25.60623   ]
 [ -11.873132     89.87095      19.39377   ]
 [   0.14831102    0.01959601    0.        ]
 [   0.            0.            0.1496    ]]
Residual vector length: 216, Jacobian shape: (216, 6)
view   0 | SOD= 581.113 mm | SDD= 675.501 mm | M= 1.162 | incident=3.8197°
[[  88.62142    -573.75146     -25.45977   ]
 [ -14.271952     92.34832      19.54023   ]
 [   0.14784649    0.02283805    0.        ]
 [   0.            0.            0.1496    ]]

iter 03 cost=1481.922004 -> 803.173892 |dtheta|=3.036369e+00  lambda=3.704e-02

============================================================
Iteration 4
============================================================
Theta offsets (Unity frame):
  Source   : dSx=   0.000, dSy=   0.000, dSz=   0.000  (mm)
  Object   : dOx= -10.030, dOy=   4.540, dOz=  -8.540  (mm)
  Object offset: offset_x=   0.037, offset_z=   0.096  (mm)
  Detector : dDx=   0.000, dDy=   0.000, dDz=   0.000  (mm)
  Obj Stage rotY :    8.781 deg
============================================================

Unity geometry (world coordinates):
  Source   : x=   0.000, y=  45.000, z=   0.000
  Object   : x=  -0.030, y=  19.540, z= 580.460
  Detector : x=   0.000, y=   0.000, z= 674.000
  Obj rotY :   0.0000 deg
view   0 | SOD= 581.113 mm | SDD= 675.501 mm | M= 1.162 | incident=3.8197°
[[  88.62142    -573.75146     -25.45977   ]
 [ -14.271952     92.34832      19.54023   ]
 [   0.14784649    0.02283805    0.        ]
 [   0.            0.            0.1496    ]]
Residual vector length: 216, Jacobian shape: (216, 6)
view   0 | SOD= 579.191 mm | SDD= 675.501 mm | M= 1.166 | incident=3.8197°
[[  93.1327     -571.0932      -25.32262   ]
 [ -15.371288     94.11569      19.67738   ]
 [   0.14764874    0.02408338    0.        ]
 [   0.            0.            0.1496    ]]

iter 04 cost=803.173892 -> 514.997139 |dtheta|=1.940452e+00  lambda=1.235e-02

============================================================
Iteration 5
============================================================
Theta offsets (Unity frame):
  Source   : dSx=   0.000, dSy=   0.000, dSz=   0.000  (mm)
  Object   : dOx=  -9.995, dOy=   4.677, dOz= -10.414  (mm)
  Object offset: offset_x=   0.014, offset_z=   0.051  (mm)
  Detector : dDx=   0.000, dDy=   0.000, dDz=   0.000  (mm)
  Obj Stage rotY :    9.264 deg
============================================================

Unity geometry (world coordinates):
  Source   : x=   0.000, y=  45.000, z=   0.000
  Object   : x=   0.005, y=  19.677, z= 578.586
  Detector : x=   0.000, y=   0.000, z= 674.000
  Obj rotY :   0.0000 deg
view   0 | SOD= 579.191 mm | SDD= 675.501 mm | M= 1.166 | incident=3.8197°
[[  93.1327     -571.0932      -25.32262   ]
 [ -15.371288     94.11569      19.67738   ]
 [   0.14764874    0.02408338    0.        ]
 [   0.            0.            0.1496    ]]
Residual vector length: 216, Jacobian shape: (216, 6)
view   0 | SOD= 577.448 mm | SDD= 675.501 mm | M= 1.170 | incident=3.8197°
[[  94.86424    -569.0392      -25.324986  ]
 [ -15.92123      95.79354      19.675014  ]
 [   0.14756525    0.02458977    0.        ]
 [   0.            0.            0.1496    ]]

iter 05 cost=514.997139 -> 325.022473 |dtheta|=1.780276e+00  lambda=4.115e-03

============================================================
Iteration 6
============================================================
Theta offsets (Unity frame):
  Source   : dSx=   0.000, dSy=   0.000, dSz=   0.000  (mm)
  Object   : dOx= -10.017, dOy=   4.675, dOz= -12.183  (mm)
  Object offset: offset_x=  -0.024, offset_z=   0.075  (mm)
  Detector : dDx=   0.000, dDy=   0.000, dDz=   0.000  (mm)
  Obj Stage rotY :    9.461 deg
============================================================

Unity geometry (world coordinates):
  Source   : x=   0.000, y=  45.000, z=   0.000
  Object   : x=  -0.017, y=  19.675, z= 576.817
  Detector : x=   0.000, y=   0.000, z= 674.000
  Obj rotY :   0.0000 deg
view   0 | SOD= 577.448 mm | SDD= 675.501 mm | M= 1.170 | incident=3.8197°
[[  94.86424    -569.0392      -25.324986  ]
 [ -15.92123      95.79354      19.675014  ]
 [   0.14756525    0.02458977    0.        ]
 [   0.            0.            0.1496    ]]
Residual vector length: 216, Jacobian shape: (216, 6)
view   0 | SOD= 576.134 mm | SDD= 675.501 mm | M= 1.172 | incident=3.8197°
[[  96.79032    -567.38434     -25.228767  ]
 [ -16.549736     97.017685     19.771233  ]
 [   0.14746964    0.02515678    0.        ]
 [   0.            0.            0.1496    ]]

iter 06 cost=325.022473 -> 210.294054 |dtheta|=1.306030e+00  lambda=1.372e-03

============================================================
Iteration 7
============================================================
Theta offsets (Unity frame):
  Source   : dSx=   0.000, dSy=   0.000, dSz=   0.000  (mm)
  Object   : dOx= -10.015, dOy=   4.771, dOz= -13.465  (mm)
  Object offset: offset_x=   0.015, offset_z=   0.046  (mm)
  Detector : dDx=   0.000, dDy=   0.000, dDz=   0.000  (mm)
  Obj Stage rotY :    9.681 deg
============================================================

Unity geometry (world coordinates):
  Source   : x=   0.000, y=  45.000, z=   0.000
  Object   : x=  -0.015, y=  19.771, z= 575.535
  Detector : x=   0.000, y=   0.000, z= 674.000
  Obj rotY :   0.0000 deg
view   0 | SOD= 576.134 mm | SDD= 675.501 mm | M= 1.172 | incident=3.8197°
[[  96.79032    -567.38434     -25.228767  ]
 [ -16.549736     97.017685     19.771233  ]
 [   0.14746964    0.02515678    0.        ]
 [   0.            0.            0.1496    ]]
Residual vector length: 216, Jacobian shape: (216, 6)
view   0 | SOD= 575.211 mm | SDD= 675.501 mm | M= 1.174 | incident=3.8197°
[[  99.82612   -565.92236    -25.188072 ]
 [ -17.211115    97.83834     19.811928 ]
 [   0.1473273    0.0259774    0.       ]
 [   0.           0.           0.1496   ]]

iter 07 cost=210.294054 -> 148.872447 |dtheta|=9.686434e-01  lambda=4.572e-04

============================================================
Iteration 8
============================================================
Theta offsets (Unity frame):
  Source   : dSx=   0.000, dSy=   0.000, dSz=   0.000  (mm)
  Object   : dOx= -10.045, dOy=   4.812, dOz= -14.378  (mm)
  Object offset: offset_x=   0.006, offset_z=   0.038  (mm)
  Detector : dDx=   0.000, dDy=   0.000, dDz=   0.000  (mm)
  Obj Stage rotY :   10.000 deg
============================================================

Unity geometry (world coordinates):
  Source   : x=   0.000, y=  45.000, z=   0.000
  Object   : x=  -0.045, y=  19.812, z= 574.622
  Detector : x=   0.000, y=   0.000, z= 674.000
  Obj rotY :   0.0000 deg
view   0 | SOD= 575.211 mm | SDD= 675.501 mm | M= 1.174 | incident=3.8197°
[[  99.82612   -565.92236    -25.188072 ]
 [ -17.211115    97.83834     19.811928 ]
 [   0.1473273    0.0259774    0.       ]
 [   0.           0.           0.1496   ]]
Residual vector length: 216, Jacobian shape: (216, 6)
view   0 | SOD= 574.461 mm | SDD= 675.501 mm | M= 1.176 | incident=3.8197°
[[  99.428276   -565.2308      -25.171066  ]
 [ -17.330873     98.57891      19.828934  ]
 [   0.14733817    0.02591568    0.        ]
 [   0.            0.            0.1496    ]]

iter 08 cost=148.872447 -> 102.299393 |dtheta|=7.338909e-01  lambda=1.524e-04

============================================================
Iteration 9
============================================================
Theta offsets (Unity frame):
  Source   : dSx=   0.000, dSy=   0.000, dSz=   0.000  (mm)
  Object   : dOx= -10.010, dOy=   4.829, dOz= -15.111  (mm)
  Object offset: offset_x=   0.002, offset_z=   0.020  (mm)
  Detector : dDx=   0.000, dDy=   0.000, dDz=   0.000  (mm)
  Obj Stage rotY :    9.976 deg
============================================================

Unity geometry (world coordinates):
  Source   : x=   0.000, y=  45.000, z=   0.000
  Object   : x=  -0.010, y=  19.829, z= 573.889
  Detector : x=   0.000, y=   0.000, z= 674.000
  Obj rotY :   0.0000 deg
view   0 | SOD= 574.461 mm | SDD= 675.501 mm | M= 1.176 | incident=3.8197°
[[  99.428276   -565.2308      -25.171066  ]
 [ -17.330873     98.57891      19.828934  ]
 [   0.14733817    0.02591568    0.        ]
 [   0.            0.            0.1496    ]]
Residual vector length: 216, Jacobian shape: (216, 6)
view   0 | SOD= 573.691 mm | SDD= 675.501 mm | M= 1.177 | incident=3.8197°
[[ 100.010925   -564.3471      -25.118776  ]
 [ -17.626358     99.30754      19.881224  ]
 [   0.14730376    0.02611059    0.        ]
 [   0.            0.            0.1496    ]]

iter 09 cost=102.299393 -> 69.267489 |dtheta|=7.605229e-01  lambda=5.081e-05

============================================================
Iteration 10
============================================================
Theta offsets (Unity frame):
  Source   : dSx=   0.000, dSy=   0.000, dSz=   0.000  (mm)
  Object   : dOx= -10.012, dOy=   4.881, dOz= -15.865  (mm)
  Object offset: offset_x=   0.035, offset_z=   0.005  (mm)
  Detector : dDx=   0.000, dDy=   0.000, dDz=   0.000  (mm)
  Obj Stage rotY :   10.052 deg
============================================================

Unity geometry (world coordinates):
  Source   : x=   0.000, y=  45.000, z=   0.000
  Object   : x=  -0.012, y=  19.881, z= 573.135
  Detector : x=   0.000, y=   0.000, z= 674.000
  Obj rotY :   0.0000 deg
view   0 | SOD= 573.691 mm | SDD= 675.501 mm | M= 1.177 | incident=3.8197°
[[ 100.010925   -564.3471      -25.118776  ]
 [ -17.626358     99.30754      19.881224  ]
 [   0.14730376    0.02611059    0.        ]
 [   0.            0.            0.1496    ]]
Residual vector length: 216, Jacobian shape: (216, 6)
view   0 | SOD= 573.278 mm | SDD= 675.501 mm | M= 1.178 | incident=3.8197°
[[ 100.143234   -563.90515     -25.100456  ]
 [ -17.727997     99.70798      19.899544  ]
 [   0.14729454    0.02616252    0.        ]
 [   0.            0.            0.1496    ]]

iter 10 cost=69.267489 -> 51.614898 |dtheta|=4.254316e-01  lambda=1.694e-05

============================================================
Iteration 11
============================================================
Theta offsets (Unity frame):
  Source   : dSx=   0.000, dSy=   0.000, dSz=   0.000  (mm)
  Object   : dOx=  -9.995, dOy=   4.900, dOz= -16.288  (mm)
  Object offset: offset_x=   0.013, offset_z=   0.017  (mm)
  Detector : dDx=   0.000, dDy=   0.000, dDz=   0.000  (mm)
  Obj Stage rotY :   10.072 deg
============================================================

Unity geometry (world coordinates):
  Source   : x=   0.000, y=  45.000, z=   0.000
  Object   : x=   0.005, y=  19.900, z= 572.712
  Detector : x=   0.000, y=   0.000, z= 674.000
  Obj rotY :   0.0000 deg
view   0 | SOD= 573.278 mm | SDD= 675.501 mm | M= 1.178 | incident=3.8197°
[[ 100.143234   -563.90515     -25.100456  ]
 [ -17.727997     99.70798      19.899544  ]
 [   0.14729454    0.02616252    0.        ]
 [   0.            0.            0.1496    ]]
Residual vector length: 216, Jacobian shape: (216, 6)
view   0 | SOD= 573.084 mm | SDD= 675.501 mm | M= 1.179 | incident=3.8197°
[[  99.97839    -563.73755     -25.092651  ]
 [ -17.735384     99.90349      19.907349  ]
 [   0.14730075    0.02612757    0.        ]
 [   0.            0.            0.1496    ]]

iter 11 cost=51.614898 -> 44.154010 |dtheta|=2.127099e-01  lambda=5.645e-06

============================================================
Iteration 12
============================================================
Theta offsets (Unity frame):
  Source   : dSx=   0.000, dSy=   0.000, dSz=   0.000  (mm)
  Object   : dOx= -10.000, dOy=   4.907, dOz= -16.500  (mm)
  Object offset: offset_x=   0.015, offset_z=   0.034  (mm)
  Detector : dDx=   0.000, dDy=   0.000, dDz=   0.000  (mm)
  Obj Stage rotY :   10.058 deg
============================================================

Unity geometry (world coordinates):
  Source   : x=   0.000, y=  45.000, z=   0.000
  Object   : x=  -0.000, y=  19.907, z= 572.500
  Detector : x=   0.000, y=   0.000, z= 674.000
  Obj rotY :   0.0000 deg
view   0 | SOD= 573.084 mm | SDD= 675.501 mm | M= 1.179 | incident=3.8197°
[[  99.97839    -563.73755     -25.092651  ]
 [ -17.735384     99.90349      19.907349  ]
 [   0.14730075    0.02612757    0.        ]
 [   0.            0.            0.1496    ]]
Residual vector length: 216, Jacobian shape: (216, 6)
view   0 | SOD= 572.646 mm | SDD= 675.501 mm | M= 1.180 | incident=3.8197°
[[  99.6916     -563.3437      -25.087852  ]
 [ -17.738548    100.34761      19.912148  ]
 [   0.1473119     0.02606461    0.        ]
 [   0.            0.            0.1496    ]]

iter 12 cost=44.154010 -> 29.054935 |dtheta|=4.118949e-01  lambda=1.882e-06

============================================================
Iteration 13
============================================================
Theta offsets (Unity frame):
  Source   : dSx=   0.000, dSy=   0.000, dSz=   0.000  (mm)
  Object   : dOx= -10.011, dOy=   4.912, dOz= -16.909  (mm)
  Object offset: offset_x=  -0.005, offset_z=   0.006  (mm)
  Detector : dDx=   0.000, dDy=   0.000, dDz=   0.000  (mm)
  Obj Stage rotY :   10.034 deg
============================================================

Unity geometry (world coordinates):
  Source   : x=   0.000, y=  45.000, z=   0.000
  Object   : x=  -0.011, y=  19.912, z= 572.091
  Detector : x=   0.000, y=   0.000, z= 674.000
  Obj rotY :   0.0000 deg
view   0 | SOD= 572.646 mm | SDD= 675.501 mm | M= 1.180 | incident=3.8197°
[[  99.6916     -563.3437      -25.087852  ]
 [ -17.738548    100.34761      19.912148  ]
 [   0.1473119     0.02606461    0.        ]
 [   0.            0.            0.1496    ]]
Residual vector length: 216, Jacobian shape: (216, 6)
view   0 | SOD= 572.300 mm | SDD= 675.501 mm | M= 1.180 | incident=3.8197°
[[  99.6574     -562.99805     -25.07816   ]
 [ -17.815647    100.68566      19.92184   ]
 [   0.14731021    0.02607414    0.        ]
 [   0.            0.            0.1496    ]]

iter 13 cost=29.054935 -> 20.234325 |dtheta|=3.436499e-01  lambda=1.000e-06

============================================================
Iteration 14
============================================================
Theta offsets (Unity frame):
  Source   : dSx=   0.000, dSy=   0.000, dSz=   0.000  (mm)
  Object   : dOx= -10.010, dOy=   4.922, dOz= -17.253  (mm)
  Object offset: offset_x=   0.004, offset_z=   0.003  (mm)
  Detector : dDx=   0.000, dDy=   0.000, dDz=   0.000  (mm)
  Obj Stage rotY :   10.037 deg
============================================================

Unity geometry (world coordinates):
  Source   : x=   0.000, y=  45.000, z=   0.000
  Object   : x=  -0.010, y=  19.922, z= 571.747
  Detector : x=   0.000, y=   0.000, z= 674.000
  Obj rotY :   0.0000 deg
view   0 | SOD= 572.300 mm | SDD= 675.501 mm | M= 1.180 | incident=3.8197°
[[  99.6574     -562.99805     -25.07816   ]
 [ -17.815647    100.68566      19.92184   ]
 [   0.14731021    0.02607414    0.        ]
 [   0.            0.            0.1496    ]]
Residual vector length: 216, Jacobian shape: (216, 6)
view   0 | SOD= 572.117 mm | SDD= 675.501 mm | M= 1.181 | incident=3.8197°
[[  99.65385    -562.8126      -25.073513  ]
 [ -17.849653    100.86572      19.926487  ]
 [   0.14730902    0.0260809     0.        ]
 [   0.            0.            0.1496    ]]

iter 14 cost=20.234325 -> 16.055865 |dtheta|=1.838499e-01  lambda=1.000e-06

============================================================
Iteration 15
============================================================
Theta offsets (Unity frame):
  Source   : dSx=   0.000, dSy=   0.000, dSz=   0.000  (mm)
  Object   : dOx= -10.012, dOy=   4.926, dOz= -17.436  (mm)
  Object offset: offset_x=   0.003, offset_z=   0.003  (mm)
  Detector : dDx=   0.000, dDy=   0.000, dDz=   0.000  (mm)
  Obj Stage rotY :   10.040 deg
============================================================

Unity geometry (world coordinates):
  Source   : x=   0.000, y=  45.000, z=   0.000
  Object   : x=  -0.012, y=  19.926, z= 571.564
  Detector : x=   0.000, y=   0.000, z= 674.000
  Obj rotY :   0.0000 deg
view   0 | SOD= 572.117 mm | SDD= 675.501 mm | M= 1.181 | incident=3.8197°
[[  99.65385    -562.8126      -25.073513  ]
 [ -17.849653    100.86572      19.926487  ]
 [   0.14730902    0.0260809     0.        ]
 [   0.            0.            0.1496    ]]
Residual vector length: 216, Jacobian shape: (216, 6)
view   0 | SOD= 571.814 mm | SDD= 675.501 mm | M= 1.181 | incident=3.8197°
[[  99.417534   -562.5474      -25.059296  ]
 [ -17.87128     101.16889      19.940704  ]
 [   0.14731744    0.02603325    0.        ]
 [   0.            0.            0.1496    ]]

iter 15 cost=16.055865 -> 10.537442 |dtheta|=3.100781e-01  lambda=1.000e-06

============================================================
Iteration 16
============================================================
Theta offsets (Unity frame):
  Source   : dSx=   0.000, dSy=   0.000, dSz=   0.000  (mm)
  Object   : dOx= -10.007, dOy=   4.941, dOz= -17.745  (mm)
  Object offset: offset_x=   0.001, offset_z=   0.010  (mm)
  Detector : dDx=   0.000, dDy=   0.000, dDz=   0.000  (mm)
  Obj Stage rotY :   10.022 deg
============================================================

Unity geometry (world coordinates):
  Source   : x=   0.000, y=  45.000, z=   0.000
  Object   : x=  -0.007, y=  19.941, z= 571.255
  Detector : x=   0.000, y=   0.000, z= 674.000
  Obj rotY :   0.0000 deg
view   0 | SOD= 571.814 mm | SDD= 675.501 mm | M= 1.181 | incident=3.8197°
[[  99.417534   -562.5474      -25.059296  ]
 [ -17.87128     101.16889      19.940704  ]
 [   0.14731744    0.02603325    0.        ]
 [   0.            0.            0.1496    ]]
Residual vector length: 216, Jacobian shape: (216, 6)
view   0 | SOD= 571.685 mm | SDD= 675.501 mm | M= 1.182 | incident=3.8197°
[[  99.19194    -562.45685     -25.050426  ]
 [ -17.852348    101.302635     19.949574  ]
 [   0.14732702    0.02597897    0.        ]
 [   0.            0.            0.1496    ]]

iter 16 cost=10.537442 -> 8.820080 |dtheta|=1.331422e-01  lambda=1.000e-06

============================================================
Iteration 17
============================================================
Theta offsets (Unity frame):
  Source   : dSx=   0.000, dSy=   0.000, dSz=   0.000  (mm)
  Object   : dOx= -10.007, dOy=   4.950, dOz= -17.876  (mm)
  Object offset: offset_x=  -0.003, offset_z=   0.013  (mm)
  Detector : dDx=   0.000, dDy=   0.000, dDz=   0.000  (mm)
  Obj Stage rotY :   10.000 deg
============================================================

Unity geometry (world coordinates):
  Source   : x=   0.000, y=  45.000, z=   0.000
  Object   : x=  -0.007, y=  19.950, z= 571.124
  Detector : x=   0.000, y=   0.000, z= 674.000
  Obj rotY :   0.0000 deg
view   0 | SOD= 571.685 mm | SDD= 675.501 mm | M= 1.182 | incident=3.8197°
[[  99.19194    -562.45685     -25.050426  ]
 [ -17.852348    101.302635     19.949574  ]
 [   0.14732702    0.02597897    0.        ]
 [   0.            0.            0.1496    ]]
Residual vector length: 216, Jacobian shape: (216, 6)
view   0 | SOD= 571.567 mm | SDD= 675.501 mm | M= 1.182 | incident=3.8197°
[[  99.47825    -562.2859      -25.039307  ]
 [ -17.946901    101.4063       19.960693  ]
 [   0.14731209    0.0260635     0.        ]
 [   0.            0.            0.1496    ]]

iter 17 cost=8.820080 -> 7.150173 |dtheta|=1.214650e-01  lambda=1.000e-06

============================================================
Iteration 18
============================================================
Theta offsets (Unity frame):
  Source   : dSx=   0.000, dSy=   0.000, dSz=   0.000  (mm)
  Object   : dOx= -10.001, dOy=   4.961, dOz= -17.992  (mm)
  Object offset: offset_x=   0.006, offset_z=   0.010  (mm)
  Detector : dDx=   0.000, dDy=   0.000, dDz=   0.000  (mm)
  Obj Stage rotY :   10.033 deg
============================================================

Unity geometry (world coordinates):
  Source   : x=   0.000, y=  45.000, z=   0.000
  Object   : x=  -0.001, y=  19.961, z= 571.008
  Detector : x=   0.000, y=   0.000, z= 674.000
  Obj rotY :   0.0000 deg
view   0 | SOD= 571.567 mm | SDD= 675.501 mm | M= 1.182 | incident=3.8197°
[[  99.47825    -562.2859      -25.039307  ]
 [ -17.946901    101.4063       19.960693  ]
 [   0.14731209    0.0260635     0.        ]
 [   0.            0.            0.1496    ]]
Residual vector length: 216, Jacobian shape: (216, 6)
view   0 | SOD= 571.415 mm | SDD= 675.501 mm | M= 1.182 | incident=3.8197°
[[  99.17442    -562.1858      -25.038115  ]
 [ -17.925497    101.56386      19.961885  ]
 [   0.14732485    0.02599132    0.        ]
 [   0.            0.            0.1496    ]]

iter 18 cost=7.150173 -> 5.040302 |dtheta|=1.531705e-01  lambda=1.000e-06

============================================================
Iteration 19
============================================================
Theta offsets (Unity frame):
  Source   : dSx=   0.000, dSy=   0.000, dSz=   0.000  (mm)
  Object   : dOx=  -9.999, dOy=   4.962, dOz= -18.143  (mm)
  Object offset: offset_x=   0.006, offset_z=   0.009  (mm)
  Detector : dDx=   0.000, dDy=   0.000, dDz=   0.000  (mm)
  Obj Stage rotY :   10.005 deg
============================================================

Unity geometry (world coordinates):
  Source   : x=   0.000, y=  45.000, z=   0.000
  Object   : x=   0.001, y=  19.962, z= 570.857
  Detector : x=   0.000, y=   0.000, z= 674.000
  Obj rotY :   0.0000 deg
view   0 | SOD= 571.415 mm | SDD= 675.501 mm | M= 1.182 | incident=3.8197°
[[  99.17442    -562.1858      -25.038115  ]
 [ -17.925497    101.56386      19.961885  ]
 [   0.14732485    0.02599132    0.        ]
 [   0.            0.            0.1496    ]]
Residual vector length: 216, Jacobian shape: (216, 6)
view   0 | SOD= 571.301 mm | SDD= 675.501 mm | M= 1.182 | incident=3.8197°
[[  99.01293    -562.0989      -25.033716  ]
 [ -17.916588    101.68083      19.966284  ]
 [   0.14733152    0.0259535     0.        ]
 [   0.            0.            0.1496    ]]

iter 19 cost=5.040302 -> 4.134435 |dtheta|=1.116240e-01  lambda=1.000e-06

============================================================
Iteration 20
============================================================
Theta offsets (Unity frame):
  Source   : dSx=   0.000, dSy=   0.000, dSz=   0.000  (mm)
  Object   : dOx= -10.001, dOy=   4.966, dOz= -18.253  (mm)
  Object offset: offset_x=   0.006, offset_z=   0.006  (mm)
  Detector : dDx=   0.000, dDy=   0.000, dDz=   0.000  (mm)
  Obj Stage rotY :    9.991 deg
============================================================

Unity geometry (world coordinates):
  Source   : x=   0.000, y=  45.000, z=   0.000
  Object   : x=  -0.001, y=  19.966, z= 570.747
  Detector : x=   0.000, y=   0.000, z= 674.000
  Obj rotY :   0.0000 deg
view   0 | SOD= 571.301 mm | SDD= 675.501 mm | M= 1.182 | incident=3.8197°
[[  99.01293    -562.0989      -25.033716  ]
 [ -17.916588    101.68083      19.966284  ]
 [   0.14733152    0.0259535     0.        ]
 [   0.            0.            0.1496    ]]
Residual vector length: 216, Jacobian shape: (216, 6)
view   0 | SOD= 571.186 mm | SDD= 675.501 mm | M= 1.183 | incident=3.8197°
[[  99.12778    -561.9621      -25.025969  ]
 [ -17.959087    101.789856     19.974031  ]
 [   0.14732537    0.02598842    0.        ]
 [   0.            0.            0.1496    ]]

iter 20 cost=4.134435 -> 3.180227 |dtheta|=1.106243e-01  lambda=1.000e-06

============================================================
Iteration 21
============================================================
Theta offsets (Unity frame):
  Source   : dSx=   0.000, dSy=   0.000, dSz=   0.000  (mm)
  Object   : dOx= -10.000, dOy=   4.974, dOz= -18.363  (mm)
  Object offset: offset_x=   0.003, offset_z=   0.001  (mm)
  Detector : dDx=   0.000, dDy=   0.000, dDz=   0.000  (mm)
  Obj Stage rotY :   10.004 deg
============================================================

Unity geometry (world coordinates):
  Source   : x=   0.000, y=  45.000, z=   0.000
  Object   : x=   0.000, y=  19.974, z= 570.637
  Detector : x=   0.000, y=   0.000, z= 674.000
  Obj rotY :   0.0000 deg
view   0 | SOD= 571.186 mm | SDD= 675.501 mm | M= 1.183 | incident=3.8197°
[[  99.12778    -561.9621      -25.025969  ]
 [ -17.959087    101.789856     19.974031  ]
 [   0.14732537    0.02598842    0.        ]
 [   0.            0.            0.1496    ]]
Residual vector length: 216, Jacobian shape: (216, 6)
view   0 | SOD= 571.099 mm | SDD= 675.501 mm | M= 1.183 | incident=3.8197°
[[  99.12046    -561.8744      -25.021782  ]
 [ -17.974836    101.876076     19.978218  ]
 [   0.14732502    0.02599029    0.        ]
 [   0.            0.            0.1496    ]]

iter 21 cost=3.180227 -> 2.593803 |dtheta|=9.001250e-02  lambda=1.000e-06

============================================================
Iteration 22
============================================================
Theta offsets (Unity frame):
  Source   : dSx=   0.000, dSy=   0.000, dSz=   0.000  (mm)
  Object   : dOx=  -9.999, dOy=   4.978, dOz= -18.452  (mm)
  Object offset: offset_x=   0.001, offset_z=   0.003  (mm)
  Detector : dDx=   0.000, dDy=   0.000, dDz=   0.000  (mm)
  Obj Stage rotY :   10.005 deg
============================================================

Unity geometry (world coordinates):
  Source   : x=   0.000, y=  45.000, z=   0.000
  Object   : x=   0.001, y=  19.978, z= 570.548
  Detector : x=   0.000, y=   0.000, z= 674.000
  Obj rotY :   0.0000 deg
view   0 | SOD= 571.099 mm | SDD= 675.501 mm | M= 1.183 | incident=3.8197°
[[  99.12046    -561.8744      -25.021782  ]
 [ -17.974836    101.876076     19.978218  ]
 [   0.14732502    0.02599029    0.        ]
 [   0.            0.            0.1496    ]]
Residual vector length: 216, Jacobian shape: (216, 6)
view   0 | SOD= 570.981 mm | SDD= 675.501 mm | M= 1.183 | incident=3.8197°
[[  99.17962    -561.7443      -25.018524  ]
 [ -18.012972    101.98896      19.981476  ]
 [   0.14732122    0.02601189    0.        ]
 [   0.            0.            0.1496    ]]

iter 22 cost=2.593803 -> 1.925646 |dtheta|=1.158736e-01  lambda=1.000e-06

============================================================
Iteration 23
============================================================
Theta offsets (Unity frame):
  Source   : dSx=   0.000, dSy=   0.000, dSz=   0.000  (mm)
  Object   : dOx=  -9.999, dOy=   4.981, dOz= -18.568  (mm)
  Object offset: offset_x=   0.004, offset_z=   0.000  (mm)
  Detector : dDx=   0.000, dDy=   0.000, dDz=   0.000  (mm)
  Obj Stage rotY :   10.013 deg
============================================================

Unity geometry (world coordinates):
  Source   : x=   0.000, y=  45.000, z=   0.000
  Object   : x=   0.001, y=  19.981, z= 570.432
  Detector : x=   0.000, y=   0.000, z= 674.000
  Obj rotY :   0.0000 deg
view   0 | SOD= 570.981 mm | SDD= 675.501 mm | M= 1.183 | incident=3.8197°
[[  99.17962    -561.7443      -25.018524  ]
 [ -18.012972    101.98896      19.981476  ]
 [   0.14732122    0.02601189    0.        ]
 [   0.            0.            0.1496    ]]
Residual vector length: 216, Jacobian shape: (216, 6)
view   0 | SOD= 570.880 mm | SDD= 675.501 mm | M= 1.183 | incident=3.8197°
[[  99.22388    -561.63434     -25.01096   ]
 [ -18.040707    102.086266     19.98904   ]
 [   0.1473184     0.02602787    0.        ]
 [   0.            0.            0.1496    ]]

iter 23 cost=1.925646 -> 1.508149 |dtheta|=1.021505e-01  lambda=1.000e-06

============================================================
Iteration 24
============================================================
Theta offsets (Unity frame):
  Source   : dSx=   0.000, dSy=   0.000, dSz=   0.000  (mm)
  Object   : dOx=  -9.997, dOy=   4.989, dOz= -18.670  (mm)
  Object offset: offset_x=   0.001, offset_z=   0.001  (mm)
  Detector : dDx=   0.000, dDy=   0.000, dDz=   0.000  (mm)
  Obj Stage rotY :   10.019 deg
============================================================

Unity geometry (world coordinates):
  Source   : x=   0.000, y=  45.000, z=   0.000
  Object   : x=   0.003, y=  19.989, z= 570.330
  Detector : x=   0.000, y=   0.000, z= 674.000
  Obj rotY :   0.0000 deg
view   0 | SOD= 570.880 mm | SDD= 675.501 mm | M= 1.183 | incident=3.8197°
[[  99.22388    -561.63434     -25.01096   ]
 [ -18.040707    102.086266     19.98904   ]
 [   0.1473184     0.02602787    0.        ]
 [   0.            0.            0.1496    ]]
Residual vector length: 216, Jacobian shape: (216, 6)
view   0 | SOD= 570.808 mm | SDD= 675.501 mm | M= 1.183 | incident=3.8197°
[[  99.37466    -561.5347      -25.007977  ]
 [ -18.08        102.152275     19.992023  ]
 [   0.14731094    0.02607005    0.        ]
 [   0.            0.            0.1496    ]]

iter 24 cost=1.508149 -> 1.203951 |dtheta|=7.314348e-02  lambda=1.000e-06

============================================================
Iteration 25
============================================================
Theta offsets (Unity frame):
  Source   : dSx=   0.000, dSy=   0.000, dSz=   0.000  (mm)
  Object   : dOx=  -9.999, dOy=   4.992, dOz= -18.741  (mm)
  Object offset: offset_x=   0.001, offset_z=   0.001  (mm)
  Detector : dDx=   0.000, dDy=   0.000, dDz=   0.000  (mm)
  Obj Stage rotY :   10.036 deg
============================================================

Unity geometry (world coordinates):
  Source   : x=   0.000, y=  45.000, z=   0.000
  Object   : x=   0.001, y=  19.992, z= 570.259
  Detector : x=   0.000, y=   0.000, z= 674.000
  Obj rotY :   0.0000 deg
view   0 | SOD= 570.808 mm | SDD= 675.501 mm | M= 1.183 | incident=3.8197°
[[  99.37466    -561.5347      -25.007977  ]
 [ -18.08        102.152275     19.992023  ]
 [   0.14731094    0.02607005    0.        ]
 [   0.            0.            0.1496    ]]
Residual vector length: 216, Jacobian shape: (216, 6)
view   0 | SOD= 570.760 mm | SDD= 675.501 mm | M= 1.184 | incident=3.8197°
[[  99.3488     -561.4907      -25.00772   ]
 [ -18.08709     102.19955      19.99228   ]
 [   0.14731167    0.02606589    0.        ]
 [   0.            0.            0.1496    ]]

iter 25 cost=1.203951 -> 1.023339 |dtheta|=4.790647e-02  lambda=1.000e-06

============================================================
Iteration 26
============================================================
Theta offsets (Unity frame):
  Source   : dSx=   0.000, dSy=   0.000, dSz=   0.000  (mm)
  Object   : dOx=  -9.999, dOy=   4.992, dOz= -18.789  (mm)
  Object offset: offset_x=   0.003, offset_z=   0.001  (mm)
  Detector : dDx=   0.000, dDy=   0.000, dDz=   0.000  (mm)
  Obj Stage rotY :   10.034 deg
============================================================

Unity geometry (world coordinates):
  Source   : x=   0.000, y=  45.000, z=   0.000
  Object   : x=   0.001, y=  19.992, z= 570.211
  Detector : x=   0.000, y=   0.000, z= 674.000
  Obj rotY :   0.0000 deg
view   0 | SOD= 570.760 mm | SDD= 675.501 mm | M= 1.184 | incident=3.8197°
[[  99.3488     -561.4907      -25.00772   ]
 [ -18.08709     102.19955      19.99228   ]
 [   0.14731167    0.02606589    0.        ]
 [   0.            0.            0.1496    ]]
Residual vector length: 216, Jacobian shape: (216, 6)
view   0 | SOD= 570.715 mm | SDD= 675.501 mm | M= 1.184 | incident=3.8197°
[[  99.310196   -561.4519      -25.006714  ]
 [ -18.08673     102.24529      19.993286  ]
 [   0.1473132     0.02605724    0.        ]
 [   0.            0.            0.1496    ]]

iter 26 cost=1.023339 -> 0.945647 |dtheta|=4.573848e-02  lambda=1.000e-06

============================================================
Iteration 27
============================================================
Theta offsets (Unity frame):
  Source   : dSx=   0.000, dSy=   0.000, dSz=   0.000  (mm)
  Object   : dOx=  -9.999, dOy=   4.993, dOz= -18.834  (mm)
  Object offset: offset_x=   0.000, offset_z=   0.001  (mm)
  Detector : dDx=   0.000, dDy=   0.000, dDz=   0.000  (mm)
  Obj Stage rotY :   10.031 deg
============================================================

Unity geometry (world coordinates):
  Source   : x=   0.000, y=  45.000, z=   0.000
  Object   : x=   0.001, y=  19.993, z= 570.166
  Detector : x=   0.000, y=   0.000, z= 674.000
  Obj rotY :   0.0000 deg
view   0 | SOD= 570.715 mm | SDD= 675.501 mm | M= 1.184 | incident=3.8197°
[[  99.310196   -561.4519      -25.006714  ]
 [ -18.08673     102.24529      19.993286  ]
 [   0.1473132     0.02605724    0.        ]
 [   0.            0.            0.1496    ]]
Residual vector length: 216, Jacobian shape: (216, 6)
view   0 | SOD= 570.697 mm | SDD= 675.501 mm | M= 1.184 | incident=3.8197°
[[  99.22506    -561.44855     -25.005642  ]
 [ -18.074759    102.26582      19.994358  ]
 [   0.14731702    0.02603569    0.        ]
 [   0.            0.            0.1496    ]]

iter 27 cost=0.945647 -> 0.912528 |dtheta|=2.014087e-02  lambda=1.000e-06

============================================================
Iteration 28
============================================================
Theta offsets (Unity frame):
  Source   : dSx=   0.000, dSy=   0.000, dSz=   0.000  (mm)
  Object   : dOx= -10.000, dOy=   4.994, dOz= -18.852  (mm)
  Object offset: offset_x=   0.001, offset_z=   0.002  (mm)
  Detector : dDx=   0.000, dDy=   0.000, dDz=   0.000  (mm)
  Obj Stage rotY :   10.023 deg
============================================================

Unity geometry (world coordinates):
  Source   : x=   0.000, y=  45.000, z=   0.000
  Object   : x=  -0.000, y=  19.994, z= 570.148
  Detector : x=   0.000, y=   0.000, z= 674.000
  Obj rotY :   0.0000 deg
view   0 | SOD= 570.697 mm | SDD= 675.501 mm | M= 1.184 | incident=3.8197°
[[  99.22506    -561.44855     -25.005642  ]
 [ -18.074759    102.26582      19.994358  ]
 [   0.14731702    0.02603569    0.        ]
 [   0.            0.            0.1496    ]]
Residual vector length: 216, Jacobian shape: (216, 6)
view   0 | SOD= 570.678 mm | SDD= 675.501 mm | M= 1.184 | incident=3.8197°
[[  99.24287    -561.4258      -25.005344  ]
 [ -18.081713    102.28418      19.994656  ]
 [   0.14731604    0.02604118    0.        ]
 [   0.            0.            0.1496    ]]

iter 28 cost=0.912528 -> 0.893759 |dtheta|=1.931307e-02  lambda=1.000e-06

============================================================
Iteration 29
============================================================
Theta offsets (Unity frame):
  Source   : dSx=   0.000, dSy=   0.000, dSz=   0.000  (mm)
  Object   : dOx= -10.001, dOy=   4.995, dOz= -18.871  (mm)
  Object offset: offset_x=   0.002, offset_z=   0.001  (mm)
  Detector : dDx=   0.000, dDy=   0.000, dDz=   0.000  (mm)
  Obj Stage rotY :   10.025 deg
============================================================

Unity geometry (world coordinates):
  Source   : x=   0.000, y=  45.000, z=   0.000
  Object   : x=  -0.001, y=  19.995, z= 570.128
  Detector : x=   0.000, y=   0.000, z= 674.000
  Obj rotY :   0.0000 deg
view   0 | SOD= 570.678 mm | SDD= 675.501 mm | M= 1.184 | incident=3.8197°
[[  99.24287    -561.4258      -25.005344  ]
 [ -18.081713    102.28418      19.994656  ]
 [   0.14731604    0.02604118    0.        ]
 [   0.            0.            0.1496    ]]
Residual vector length: 216, Jacobian shape: (216, 6)
view   0 | SOD= 570.650 mm | SDD= 675.501 mm | M= 1.184 | incident=3.8197°
[[  99.31365    -561.3849      -25.004467  ]
 [ -18.100925    102.309166     19.995533  ]
 [   0.1473125     0.02606116    0.        ]
 [   0.            0.            0.1496    ]]

iter 29 cost=0.893759 -> 0.863611 |dtheta|=2.894208e-02  lambda=1.000e-06

============================================================
Iteration 30
============================================================
Theta offsets (Unity frame):
  Source   : dSx=   0.000, dSy=   0.000, dSz=   0.000  (mm)
  Object   : dOx= -10.001, dOy=   4.996, dOz= -18.899  (mm)
  Object offset: offset_x=   0.003, offset_z=   0.001  (mm)
  Detector : dDx=   0.000, dDy=   0.000, dDz=   0.000  (mm)
  Obj Stage rotY :   10.032 deg
============================================================

Unity geometry (world coordinates):
  Source   : x=   0.000, y=  45.000, z=   0.000
  Object   : x=  -0.001, y=  19.996, z= 570.101
  Detector : x=   0.000, y=   0.000, z= 674.000
  Obj rotY :   0.0000 deg
view   0 | SOD= 570.650 mm | SDD= 675.501 mm | M= 1.184 | incident=3.8197°
[[  99.31365    -561.3849      -25.004467  ]
 [ -18.100925    102.309166     19.995533  ]
 [   0.1473125     0.02606116    0.        ]
 [   0.            0.            0.1496    ]]
Residual vector length: 216, Jacobian shape: (216, 6)
view   0 | SOD= 570.666 mm | SDD= 675.501 mm | M= 1.184 | incident=3.8197°
[[  99.28677    -561.40546     -25.00515   ]
 [ -18.091871    102.29496      19.99485   ]
 [   0.14731392    0.02605318    0.        ]
 [   0.            0.            0.1496    ]]

iter 30 cost=0.863611 -> 0.854222 |dtheta|=1.465753e-02  lambda=1.000e-06

============================================================
Iteration 31
============================================================
Theta offsets (Unity frame):
  Source   : dSx=   0.000, dSy=   0.000, dSz=   0.000  (mm)
  Object   : dOx= -10.002, dOy=   4.995, dOz= -18.885  (mm)
  Object offset: offset_x=   0.002, offset_z=   0.003  (mm)
  Detector : dDx=   0.000, dDy=   0.000, dDz=   0.000  (mm)
  Obj Stage rotY :   10.029 deg
============================================================

Unity geometry (world coordinates):
  Source   : x=   0.000, y=  45.000, z=   0.000
  Object   : x=  -0.002, y=  19.995, z= 570.115
  Detector : x=   0.000, y=   0.000, z= 674.000
  Obj rotY :   0.0000 deg
view   0 | SOD= 570.666 mm | SDD= 675.501 mm | M= 1.184 | incident=3.8197°
[[  99.28677    -561.40546     -25.00515   ]
 [ -18.091871    102.29496      19.99485   ]
 [   0.14731392    0.02605318    0.        ]
 [   0.            0.            0.1496    ]]
Residual vector length: 216, Jacobian shape: (216, 6)
view   0 | SOD= 570.676 mm | SDD= 675.501 mm | M= 1.184 | incident=3.8197°
[[  99.255035   -561.42145     -25.00528   ]
 [ -18.083176    102.28615      19.99472   ]
 [   0.1473155     0.02604421    0.        ]
 [   0.            0.            0.1496    ]]

iter 31 cost=0.854222 -> 0.873207 |dtheta|=1.075911e-02  lambda=1.000e-06

============================================================
Iteration 32
============================================================
Theta offsets (Unity frame):
  Source   : dSx=   0.000, dSy=   0.000, dSz=   0.000  (mm)
  Object   : dOx= -10.002, dOy=   4.995, dOz= -18.885  (mm)
  Object offset: offset_x=   0.002, offset_z=   0.003  (mm)
  Detector : dDx=   0.000, dDy=   0.000, dDz=   0.000  (mm)
  Obj Stage rotY :   10.029 deg
============================================================

Unity geometry (world coordinates):
  Source   : x=   0.000, y=  45.000, z=   0.000
  Object   : x=  -0.002, y=  19.995, z= 570.115
  Detector : x=   0.000, y=   0.000, z= 674.000
  Obj rotY :   0.0000 deg
view   0 | SOD= 570.666 mm | SDD= 675.501 mm | M= 1.184 | incident=3.8197°
[[  99.28677    -561.40546     -25.00515   ]
 [ -18.091871    102.29496      19.99485   ]
 [   0.14731392    0.02605318    0.        ]
 [   0.            0.            0.1496    ]]
Residual vector length: 216, Jacobian shape: (216, 6)
view   0 | SOD= 570.676 mm | SDD= 675.501 mm | M= 1.184 | incident=3.8197°
[[  99.255035   -561.42145     -25.00528   ]
 [ -18.083176    102.28615      19.99472   ]
 [   0.1473155     0.02604421    0.        ]
 [   0.            0.            0.1496    ]]

iter 32 cost=0.854222 -> 0.873207 |dtheta|=1.075911e-02  lambda=5.000e-06

============================================================
Iteration 33
============================================================
Theta offsets (Unity frame):
  Source   : dSx=   0.000, dSy=   0.000, dSz=   0.000  (mm)
  Object   : dOx= -10.002, dOy=   4.995, dOz= -18.885  (mm)
  Object offset: offset_x=   0.002, offset_z=   0.003  (mm)
  Detector : dDx=   0.000, dDy=   0.000, dDz=   0.000  (mm)
  Obj Stage rotY :   10.029 deg
============================================================

Unity geometry (world coordinates):
  Source   : x=   0.000, y=  45.000, z=   0.000
  Object   : x=  -0.002, y=  19.995, z= 570.115
  Detector : x=   0.000, y=   0.000, z= 674.000
  Obj rotY :   0.0000 deg
view   0 | SOD= 570.666 mm | SDD= 675.501 mm | M= 1.184 | incident=3.8197°
[[  99.28677    -561.40546     -25.00515   ]
 [ -18.091871    102.29496      19.99485   ]
 [   0.14731392    0.02605318    0.        ]
 [   0.            0.            0.1496    ]]
Residual vector length: 216, Jacobian shape: (216, 6)
view   0 | SOD= 570.676 mm | SDD= 675.501 mm | M= 1.184 | incident=3.8197°
[[  99.255035   -561.42145     -25.00528   ]
 [ -18.083176    102.28615      19.99472   ]
 [   0.1473155     0.02604421    0.        ]
 [   0.            0.            0.1496    ]]

iter 33 cost=0.854222 -> 0.873207 |dtheta|=1.075911e-02  lambda=2.500e-05

============================================================
Iteration 34
============================================================
Theta offsets (Unity frame):
  Source   : dSx=   0.000, dSy=   0.000, dSz=   0.000  (mm)
  Object   : dOx= -10.002, dOy=   4.995, dOz= -18.885  (mm)
  Object offset: offset_x=   0.002, offset_z=   0.003  (mm)
  Detector : dDx=   0.000, dDy=   0.000, dDz=   0.000  (mm)
  Obj Stage rotY :   10.029 deg
============================================================

Unity geometry (world coordinates):
  Source   : x=   0.000, y=  45.000, z=   0.000
  Object   : x=  -0.002, y=  19.995, z= 570.115
  Detector : x=   0.000, y=   0.000, z= 674.000
  Obj rotY :   0.0000 deg
view   0 | SOD= 570.666 mm | SDD= 675.501 mm | M= 1.184 | incident=3.8197°
[[  99.28677    -561.40546     -25.00515   ]
 [ -18.091871    102.29496      19.99485   ]
 [   0.14731392    0.02605318    0.        ]
 [   0.            0.            0.1496    ]]
Residual vector length: 216, Jacobian shape: (216, 6)
view   0 | SOD= 570.676 mm | SDD= 675.501 mm | M= 1.184 | incident=3.8197°
[[  99.255035   -561.42145     -25.00528   ]
 [ -18.083176    102.28615      19.99472   ]
 [   0.1473155     0.02604421    0.        ]
 [   0.            0.            0.1496    ]]

iter 34 cost=0.854222 -> 0.873207 |dtheta|=1.075910e-02  lambda=1.250e-04

============================================================
Iteration 35
============================================================
Theta offsets (Unity frame):
  Source   : dSx=   0.000, dSy=   0.000, dSz=   0.000  (mm)
  Object   : dOx= -10.002, dOy=   4.995, dOz= -18.885  (mm)
  Object offset: offset_x=   0.002, offset_z=   0.003  (mm)
  Detector : dDx=   0.000, dDy=   0.000, dDz=   0.000  (mm)
  Obj Stage rotY :   10.029 deg
============================================================

Unity geometry (world coordinates):
  Source   : x=   0.000, y=  45.000, z=   0.000
  Object   : x=  -0.002, y=  19.995, z= 570.115
  Detector : x=   0.000, y=   0.000, z= 674.000
  Obj rotY :   0.0000 deg
view   0 | SOD= 570.666 mm | SDD= 675.501 mm | M= 1.184 | incident=3.8197°
[[  99.28677    -561.40546     -25.00515   ]
 [ -18.091871    102.29496      19.99485   ]
 [   0.14731392    0.02605318    0.        ]
 [   0.            0.            0.1496    ]]
Residual vector length: 216, Jacobian shape: (216, 6)
view   0 | SOD= 570.676 mm | SDD= 675.501 mm | M= 1.184 | incident=3.8197°
[[  99.255035   -561.42145     -25.00528   ]
 [ -18.083176    102.28615      19.99472   ]
 [   0.1473155     0.02604421    0.        ]
 [   0.            0.            0.1496    ]]

iter 35 cost=0.854222 -> 0.873207 |dtheta|=1.075906e-02  lambda=6.250e-04

============================================================
Iteration 36
============================================================
Theta offsets (Unity frame):
  Source   : dSx=   0.000, dSy=   0.000, dSz=   0.000  (mm)
  Object   : dOx= -10.002, dOy=   4.995, dOz= -18.885  (mm)
  Object offset: offset_x=   0.002, offset_z=   0.003  (mm)
  Detector : dDx=   0.000, dDy=   0.000, dDz=   0.000  (mm)
  Obj Stage rotY :   10.029 deg
============================================================

Unity geometry (world coordinates):
  Source   : x=   0.000, y=  45.000, z=   0.000
  Object   : x=  -0.002, y=  19.995, z= 570.115
  Detector : x=   0.000, y=   0.000, z= 674.000
  Obj rotY :   0.0000 deg
view   0 | SOD= 570.666 mm | SDD= 675.501 mm | M= 1.184 | incident=3.8197°
[[  99.28677    -561.40546     -25.00515   ]
 [ -18.091871    102.29496      19.99485   ]
 [   0.14731392    0.02605318    0.        ]
 [   0.            0.            0.1496    ]]
Residual vector length: 216, Jacobian shape: (216, 6)
view   0 | SOD= 570.676 mm | SDD= 675.501 mm | M= 1.184 | incident=3.8197°
[[  99.255035   -561.42145     -25.00528   ]
 [ -18.083176    102.28615      19.99472   ]
 [   0.1473155     0.02604421    0.        ]
 [   0.            0.            0.1496    ]]

iter 36 cost=0.854222 -> 0.873207 |dtheta|=1.075884e-02  lambda=3.125e-03

============================================================
Iteration 37
============================================================
Theta offsets (Unity frame):
  Source   : dSx=   0.000, dSy=   0.000, dSz=   0.000  (mm)
  Object   : dOx= -10.002, dOy=   4.995, dOz= -18.885  (mm)
  Object offset: offset_x=   0.002, offset_z=   0.003  (mm)
  Detector : dDx=   0.000, dDy=   0.000, dDz=   0.000  (mm)
  Obj Stage rotY :   10.029 deg
============================================================

Unity geometry (world coordinates):
  Source   : x=   0.000, y=  45.000, z=   0.000
  Object   : x=  -0.002, y=  19.995, z= 570.115
  Detector : x=   0.000, y=   0.000, z= 674.000
  Obj rotY :   0.0000 deg
view   0 | SOD= 570.666 mm | SDD= 675.501 mm | M= 1.184 | incident=3.8197°
[[  99.28677    -561.40546     -25.00515   ]
 [ -18.091871    102.29496      19.99485   ]
 [   0.14731392    0.02605318    0.        ]
 [   0.            0.            0.1496    ]]
Residual vector length: 216, Jacobian shape: (216, 6)
view   0 | SOD= 570.676 mm | SDD= 675.501 mm | M= 1.184 | incident=3.8197°
[[  99.255035   -561.42145     -25.00528   ]
 [ -18.083176    102.28615      19.99472   ]
 [   0.1473155     0.02604421    0.        ]
 [   0.            0.            0.1496    ]]

iter 37 cost=0.854222 -> 0.873207 |dtheta|=1.075778e-02  lambda=1.562e-02

============================================================
Iteration 38
============================================================
Theta offsets (Unity frame):
  Source   : dSx=   0.000, dSy=   0.000, dSz=   0.000  (mm)
  Object   : dOx= -10.002, dOy=   4.995, dOz= -18.885  (mm)
  Object offset: offset_x=   0.002, offset_z=   0.003  (mm)
  Detector : dDx=   0.000, dDy=   0.000, dDz=   0.000  (mm)
  Obj Stage rotY :   10.029 deg
============================================================

Unity geometry (world coordinates):
  Source   : x=   0.000, y=  45.000, z=   0.000
  Object   : x=  -0.002, y=  19.995, z= 570.115
  Detector : x=   0.000, y=   0.000, z= 674.000
  Obj rotY :   0.0000 deg
view   0 | SOD= 570.666 mm | SDD= 675.501 mm | M= 1.184 | incident=3.8197°
[[  99.28677    -561.40546     -25.00515   ]
 [ -18.091871    102.29496      19.99485   ]
 [   0.14731392    0.02605318    0.        ]
 [   0.            0.            0.1496    ]]
Residual vector length: 216, Jacobian shape: (216, 6)
view   0 | SOD= 570.676 mm | SDD= 675.501 mm | M= 1.184 | incident=3.8197°
[[  99.25504    -561.42145     -25.00528   ]
 [ -18.083176    102.28615      19.99472   ]
 [   0.1473155     0.02604421    0.        ]
 [   0.            0.            0.1496    ]]

iter 38 cost=0.854222 -> 0.873207 |dtheta|=1.075245e-02  lambda=7.812e-02

============================================================
Iteration 39
============================================================
Theta offsets (Unity frame):
  Source   : dSx=   0.000, dSy=   0.000, dSz=   0.000  (mm)
  Object   : dOx= -10.002, dOy=   4.995, dOz= -18.885  (mm)
  Object offset: offset_x=   0.002, offset_z=   0.003  (mm)
  Detector : dDx=   0.000, dDy=   0.000, dDz=   0.000  (mm)
  Obj Stage rotY :   10.029 deg
============================================================

Unity geometry (world coordinates):
  Source   : x=   0.000, y=  45.000, z=   0.000
  Object   : x=  -0.002, y=  19.995, z= 570.115
  Detector : x=   0.000, y=   0.000, z= 674.000
  Obj rotY :   0.0000 deg
view   0 | SOD= 570.666 mm | SDD= 675.501 mm | M= 1.184 | incident=3.8197°
[[  99.28677    -561.40546     -25.00515   ]
 [ -18.091871    102.29496      19.99485   ]
 [   0.14731392    0.02605318    0.        ]
 [   0.            0.            0.1496    ]]
Residual vector length: 216, Jacobian shape: (216, 6)
view   0 | SOD= 570.676 mm | SDD= 675.501 mm | M= 1.184 | incident=3.8197°
[[  99.25507    -561.4214      -25.00528   ]
 [ -18.083183    102.28615      19.99472   ]
 [   0.1473155     0.02604422    0.        ]
 [   0.            0.            0.1496    ]]

iter 39 cost=0.854222 -> 0.873207 |dtheta|=1.072592e-02  lambda=3.906e-01

============================================================
Iteration 40
============================================================
Theta offsets (Unity frame):
  Source   : dSx=   0.000, dSy=   0.000, dSz=   0.000  (mm)
  Object   : dOx= -10.002, dOy=   4.995, dOz= -18.885  (mm)
  Object offset: offset_x=   0.002, offset_z=   0.003  (mm)
  Detector : dDx=   0.000, dDy=   0.000, dDz=   0.000  (mm)
  Obj Stage rotY :   10.029 deg
============================================================

Unity geometry (world coordinates):
  Source   : x=   0.000, y=  45.000, z=   0.000
  Object   : x=  -0.002, y=  19.995, z= 570.115
  Detector : x=   0.000, y=   0.000, z= 674.000
  Obj rotY :   0.0000 deg
view   0 | SOD= 570.666 mm | SDD= 675.501 mm | M= 1.184 | incident=3.8197°
[[  99.28677    -561.40546     -25.00515   ]
 [ -18.091871    102.29496      19.99485   ]
 [   0.14731392    0.02605318    0.        ]
 [   0.            0.            0.1496    ]]
Residual vector length: 216, Jacobian shape: (216, 6)
view   0 | SOD= 570.676 mm | SDD= 675.501 mm | M= 1.184 | incident=3.8197°
[[  99.25523    -561.42126     -25.005274  ]
 [ -18.083237    102.28626      19.994726  ]
 [   0.1473155     0.02604427    0.        ]
 [   0.            0.            0.1496    ]]

iter 40 cost=0.854222 -> 0.873207 |dtheta|=1.059533e-02  lambda=1.953e+00

============================================================
Iteration 41
============================================================
Theta offsets (Unity frame):
  Source   : dSx=   0.000, dSy=   0.000, dSz=   0.000  (mm)
  Object   : dOx= -10.002, dOy=   4.995, dOz= -18.885  (mm)
  Object offset: offset_x=   0.002, offset_z=   0.003  (mm)
  Detector : dDx=   0.000, dDy=   0.000, dDz=   0.000  (mm)
  Obj Stage rotY :   10.029 deg
============================================================

Unity geometry (world coordinates):
  Source   : x=   0.000, y=  45.000, z=   0.000
  Object   : x=  -0.002, y=  19.995, z= 570.115
  Detector : x=   0.000, y=   0.000, z= 674.000
  Obj rotY :   0.0000 deg
view   0 | SOD= 570.666 mm | SDD= 675.501 mm | M= 1.184 | incident=3.8197°
[[  99.28677    -561.40546     -25.00515   ]
 [ -18.091871    102.29496      19.99485   ]
 [   0.14731392    0.02605318    0.        ]
 [   0.            0.            0.1496    ]]
Residual vector length: 216, Jacobian shape: (216, 6)
view   0 | SOD= 570.675 mm | SDD= 675.501 mm | M= 1.184 | incident=3.8197°
[[  99.256      -561.42053     -25.005253  ]
 [ -18.083502    102.286835     19.994747  ]
 [   0.14731546    0.02604449    0.        ]
 [   0.            0.            0.1496    ]]

iter 41 cost=0.854222 -> 0.873207 |dtheta|=9.990004e-03  lambda=9.766e+00

============================================================
Iteration 42
============================================================
Theta offsets (Unity frame):
  Source   : dSx=   0.000, dSy=   0.000, dSz=   0.000  (mm)
  Object   : dOx= -10.002, dOy=   4.995, dOz= -18.885  (mm)
  Object offset: offset_x=   0.002, offset_z=   0.003  (mm)
  Detector : dDx=   0.000, dDy=   0.000, dDz=   0.000  (mm)
  Obj Stage rotY :   10.029 deg
============================================================

Unity geometry (world coordinates):
  Source   : x=   0.000, y=  45.000, z=   0.000
  Object   : x=  -0.002, y=  19.995, z= 570.115
  Detector : x=   0.000, y=   0.000, z= 674.000
  Obj rotY :   0.0000 deg
view   0 | SOD= 570.666 mm | SDD= 675.501 mm | M= 1.184 | incident=3.8197°
[[  99.28677    -561.40546     -25.00515   ]
 [ -18.091871    102.29496      19.99485   ]
 [   0.14731392    0.02605318    0.        ]
 [   0.            0.            0.1496    ]]
Residual vector length: 216, Jacobian shape: (216, 6)
view   0 | SOD= 570.673 mm | SDD= 675.501 mm | M= 1.184 | incident=3.8197°
[[  99.259384   -561.41754     -25.00518   ]
 [ -18.084608    102.288994     19.99482   ]
 [   0.14731528    0.02604549    0.        ]
 [   0.            0.            0.1496    ]]

iter 42 cost=0.854222 -> 0.862956 |dtheta|=7.806416e-03  lambda=4.883e+01

============================================================
Iteration 43
============================================================
Theta offsets (Unity frame):
  Source   : dSx=   0.000, dSy=   0.000, dSz=   0.000  (mm)
  Object   : dOx= -10.002, dOy=   4.995, dOz= -18.885  (mm)
  Object offset: offset_x=   0.002, offset_z=   0.003  (mm)
  Detector : dDx=   0.000, dDy=   0.000, dDz=   0.000  (mm)
  Obj Stage rotY :   10.029 deg
============================================================

Unity geometry (world coordinates):
  Source   : x=   0.000, y=  45.000, z=   0.000
  Object   : x=  -0.002, y=  19.995, z= 570.115
  Detector : x=   0.000, y=   0.000, z= 674.000
  Obj rotY :   0.0000 deg
view   0 | SOD= 570.666 mm | SDD= 675.501 mm | M= 1.184 | incident=3.8197°
[[  99.28677    -561.40546     -25.00515   ]
 [ -18.091871    102.29496      19.99485   ]
 [   0.14731392    0.02605318    0.        ]
 [   0.            0.            0.1496    ]]
Residual vector length: 216, Jacobian shape: (216, 6)
view   0 | SOD= 570.669 mm | SDD= 675.501 mm | M= 1.184 | incident=3.8197°
[[  99.269485   -561.41174     -25.005054  ]
 [ -18.087345    102.29254      19.994946  ]
 [   0.14731477    0.02604834    0.        ]
 [   0.            0.            0.1496    ]]

iter 43 cost=0.854222 -> 0.847917 |dtheta|=3.860401e-03  lambda=2.441e+02

============================================================
Iteration 44
============================================================
Theta offsets (Unity frame):
  Source   : dSx=   0.000, dSy=   0.000, dSz=   0.000  (mm)
  Object   : dOx= -10.002, dOy=   4.995, dOz= -18.882  (mm)
  Object offset: offset_x=   0.002, offset_z=   0.002  (mm)
  Detector : dDx=   0.000, dDy=   0.000, dDz=   0.000  (mm)
  Obj Stage rotY :   10.027 deg
============================================================

Unity geometry (world coordinates):
  Source   : x=   0.000, y=  45.000, z=   0.000
  Object   : x=  -0.002, y=  19.995, z= 570.118
  Detector : x=   0.000, y=   0.000, z= 674.000
  Obj rotY :   0.0000 deg
view   0 | SOD= 570.669 mm | SDD= 675.501 mm | M= 1.184 | incident=3.8197°
[[  99.269485   -561.41174     -25.005054  ]
 [ -18.087345    102.29254      19.994946  ]
 [   0.14731477    0.02604834    0.        ]
 [   0.            0.            0.1496    ]]
Residual vector length: 216, Jacobian shape: (216, 6)
view   0 | SOD= 570.664 mm | SDD= 675.501 mm | M= 1.184 | incident=3.8197°
[[  99.27463    -561.40594     -25.004707  ]
 [ -18.089516    102.29705      19.995293  ]
 [   0.14731449    0.02604996    0.        ]
 [   0.            0.            0.1496    ]]

iter 44 cost=0.847917 -> 0.843129 |dtheta|=4.767623e-03  lambda=8.138e+01

============================================================
Iteration 45
============================================================
Theta offsets (Unity frame):
  Source   : dSx=   0.000, dSy=   0.000, dSz=   0.000  (mm)
  Object   : dOx= -10.002, dOy=   4.995, dOz= -18.887  (mm)
  Object offset: offset_x=   0.002, offset_z=   0.002  (mm)
  Detector : dDx=   0.000, dDy=   0.000, dDz=   0.000  (mm)
  Obj Stage rotY :   10.028 deg
============================================================

Unity geometry (world coordinates):
  Source   : x=   0.000, y=  45.000, z=   0.000
  Object   : x=  -0.002, y=  19.995, z= 570.114
  Detector : x=   0.000, y=   0.000, z= 674.000
  Obj rotY :   0.0000 deg
view   0 | SOD= 570.664 mm | SDD= 675.501 mm | M= 1.184 | incident=3.8197°
[[  99.27463    -561.40594     -25.004707  ]
 [ -18.089516    102.29705      19.995293  ]
 [   0.14731449    0.02604996    0.        ]
 [   0.            0.            0.1496    ]]
Residual vector length: 216, Jacobian shape: (216, 6)
view   0 | SOD= 570.658 mm | SDD= 675.501 mm | M= 1.184 | incident=3.8197°
[[  99.28724    -561.39764     -25.004414  ]
 [ -18.093126    102.30249      19.995586  ]
 [   0.14731385    0.02605356    0.        ]
 [   0.            0.            0.1496    ]]

iter 45 cost=0.843129 -> 0.827219 |dtheta|=5.848573e-03  lambda=2.713e+01

============================================================
Iteration 46
============================================================
Theta offsets (Unity frame):
  Source   : dSx=   0.000, dSy=   0.000, dSz=   0.000  (mm)
  Object   : dOx= -10.002, dOy=   4.996, dOz= -18.892  (mm)
  Object offset: offset_x=   0.002, offset_z=   0.002  (mm)
  Detector : dDx=   0.000, dDy=   0.000, dDz=   0.000  (mm)
  Obj Stage rotY :   10.029 deg
============================================================

Unity geometry (world coordinates):
  Source   : x=   0.000, y=  45.000, z=   0.000
  Object   : x=  -0.002, y=  19.996, z= 570.108
  Detector : x=   0.000, y=   0.000, z= 674.000
  Obj rotY :   0.0000 deg
view   0 | SOD= 570.658 mm | SDD= 675.501 mm | M= 1.184 | incident=3.8197°
[[  99.28724    -561.39764     -25.004414  ]
 [ -18.093126    102.30249      19.995586  ]
 [   0.14731385    0.02605356    0.        ]
 [   0.            0.            0.1496    ]]
Residual vector length: 216, Jacobian shape: (216, 6)
view   0 | SOD= 570.661 mm | SDD= 675.501 mm | M= 1.184 | incident=3.8197°
[[  99.28345    -561.4018      -25.00465   ]
 [ -18.091808    102.29925      19.99535   ]
 [   0.14731406    0.02605243    0.        ]
 [   0.            0.            0.1496    ]]

iter 46 cost=0.827219 -> 0.831099 |dtheta|=2.925506e-03  lambda=9.042e+00

============================================================
Iteration 47
============================================================
Theta offsets (Unity frame):
  Source   : dSx=   0.000, dSy=   0.000, dSz=   0.000  (mm)
  Object   : dOx= -10.002, dOy=   4.996, dOz= -18.892  (mm)
  Object offset: offset_x=   0.002, offset_z=   0.002  (mm)
  Detector : dDx=   0.000, dDy=   0.000, dDz=   0.000  (mm)
  Obj Stage rotY :   10.029 deg
============================================================

Unity geometry (world coordinates):
  Source   : x=   0.000, y=  45.000, z=   0.000
  Object   : x=  -0.002, y=  19.996, z= 570.108
  Detector : x=   0.000, y=   0.000, z= 674.000
  Obj rotY :   0.0000 deg
view   0 | SOD= 570.658 mm | SDD= 675.501 mm | M= 1.184 | incident=3.8197°
[[  99.28724    -561.39764     -25.004414  ]
 [ -18.093126    102.30249      19.995586  ]
 [   0.14731385    0.02605356    0.        ]
 [   0.            0.            0.1496    ]]
Residual vector length: 216, Jacobian shape: (216, 6)
view   0 | SOD= 570.661 mm | SDD= 675.501 mm | M= 1.184 | incident=3.8197°
[[  99.28388    -561.4009      -25.004608  ]
 [ -18.092049    102.30001      19.995392  ]
 [   0.14731403    0.02605258    0.        ]
 [   0.            0.            0.1496    ]]

iter 47 cost=0.827219 -> 0.833415 |dtheta|=2.221058e-03  lambda=4.521e+01

============================================================
Iteration 48
============================================================
Theta offsets (Unity frame):
  Source   : dSx=   0.000, dSy=   0.000, dSz=   0.000  (mm)
  Object   : dOx= -10.002, dOy=   4.996, dOz= -18.892  (mm)
  Object offset: offset_x=   0.002, offset_z=   0.002  (mm)
  Detector : dDx=   0.000, dDy=   0.000, dDz=   0.000  (mm)
  Obj Stage rotY :   10.029 deg
============================================================

Unity geometry (world coordinates):
  Source   : x=   0.000, y=  45.000, z=   0.000
  Object   : x=  -0.002, y=  19.996, z= 570.108
  Detector : x=   0.000, y=   0.000, z= 674.000
  Obj rotY :   0.0000 deg
view   0 | SOD= 570.658 mm | SDD= 675.501 mm | M= 1.184 | incident=3.8197°
[[  99.28724    -561.39764     -25.004414  ]
 [ -18.093126    102.30249      19.995586  ]
 [   0.14731385    0.02605356    0.        ]
 [   0.            0.            0.1496    ]]
Residual vector length: 216, Jacobian shape: (216, 6)
view   0 | SOD= 570.659 mm | SDD= 675.501 mm | M= 1.184 | incident=3.8197°
[[  99.28513    -561.39935     -25.00454   ]
 [ -18.092539    102.30123      19.99546   ]
 [   0.14731395    0.02605297    0.        ]
 [   0.            0.            0.1496    ]]

iter 48 cost=0.827219 -> 0.833799 |dtheta|=1.120927e-03  lambda=2.261e+02

============================================================
Iteration 49
============================================================
Theta offsets (Unity frame):
  Source   : dSx=   0.000, dSy=   0.000, dSz=   0.000  (mm)
  Object   : dOx= -10.002, dOy=   4.996, dOz= -18.892  (mm)
  Object offset: offset_x=   0.002, offset_z=   0.002  (mm)
  Detector : dDx=   0.000, dDy=   0.000, dDz=   0.000  (mm)
  Obj Stage rotY :   10.029 deg
============================================================

Unity geometry (world coordinates):
  Source   : x=   0.000, y=  45.000, z=   0.000
  Object   : x=  -0.002, y=  19.996, z= 570.108
  Detector : x=   0.000, y=   0.000, z= 674.000
  Obj rotY :   0.0000 deg
view   0 | SOD= 570.658 mm | SDD= 675.501 mm | M= 1.184 | incident=3.8197°
[[  99.28724    -561.39764     -25.004414  ]
 [ -18.093126    102.30249      19.995586  ]
 [   0.14731385    0.02605356    0.        ]
 [   0.            0.            0.1496    ]]
Residual vector length: 216, Jacobian shape: (216, 6)
view   0 | SOD= 570.658 mm | SDD= 675.501 mm | M= 1.184 | incident=3.8197°
[[  99.286545   -561.3983      -25.004496  ]
 [ -18.092928    102.30196      19.995504  ]
 [   0.1473139     0.02605337    0.        ]
 [   0.            0.            0.1496    ]]

iter 49 cost=0.827219 -> 0.841362 |dtheta|=5.398347e-04  lambda=1.130e+03

============================================================
Iteration 50
============================================================
Theta offsets (Unity frame):
  Source   : dSx=   0.000, dSy=   0.000, dSz=   0.000  (mm)
  Object   : dOx= -10.002, dOy=   4.996, dOz= -18.892  (mm)
  Object offset: offset_x=   0.002, offset_z=   0.002  (mm)
  Detector : dDx=   0.000, dDy=   0.000, dDz=   0.000  (mm)
  Obj Stage rotY :   10.029 deg
============================================================

Unity geometry (world coordinates):
  Source   : x=   0.000, y=  45.000, z=   0.000
  Object   : x=  -0.002, y=  19.996, z= 570.108
  Detector : x=   0.000, y=   0.000, z= 674.000
  Obj rotY :   0.0000 deg
view   0 | SOD= 570.658 mm | SDD= 675.501 mm | M= 1.184 | incident=3.8197°
[[  99.28724    -561.39764     -25.004414  ]
 [ -18.093126    102.30249      19.995586  ]
 [   0.14731385    0.02605356    0.        ]
 [   0.            0.            0.1496    ]]
Residual vector length: 216, Jacobian shape: (216, 6)
view   0 | SOD= 570.658 mm | SDD= 675.501 mm | M= 1.184 | incident=3.8197°
[[  99.28712    -561.3978      -25.004461  ]
 [ -18.09306     102.302315     19.995539  ]
 [   0.14731386    0.02605352    0.        ]
 [   0.            0.            0.1496    ]]

iter 50 cost=0.827219 -> 0.834765 |dtheta|=2.418011e-04  lambda=5.651e+03

============================================================
Iteration 51
============================================================
Theta offsets (Unity frame):
  Source   : dSx=   0.000, dSy=   0.000, dSz=   0.000  (mm)
  Object   : dOx= -10.002, dOy=   4.996, dOz= -18.892  (mm)
  Object offset: offset_x=   0.002, offset_z=   0.002  (mm)
  Detector : dDx=   0.000, dDy=   0.000, dDz=   0.000  (mm)
  Obj Stage rotY :   10.029 deg
============================================================

Unity geometry (world coordinates):
  Source   : x=   0.000, y=  45.000, z=   0.000
  Object   : x=  -0.002, y=  19.996, z= 570.108
  Detector : x=   0.000, y=   0.000, z= 674.000
  Obj rotY :   0.0000 deg
view   0 | SOD= 570.658 mm | SDD= 675.501 mm | M= 1.184 | incident=3.8197°
[[  99.28724    -561.39764     -25.004414  ]
 [ -18.093126    102.30249      19.995586  ]
 [   0.14731385    0.02605356    0.        ]
 [   0.            0.            0.1496    ]]
Residual vector length: 216, Jacobian shape: (216, 6)
view   0 | SOD= 570.658 mm | SDD= 675.501 mm | M= 1.184 | incident=3.8197°
[[  99.287224   -561.39764     -25.004429  ]
 [ -18.093113    102.30249      19.995571  ]
 [   0.14731385    0.02605356    0.        ]
 [   0.            0.            0.1496    ]]

iter 51 cost=0.827219 -> 0.832004 |dtheta|=6.904716e-05  lambda=2.826e+04

============================================================
Iteration 52
============================================================
Theta offsets (Unity frame):
  Source   : dSx=   0.000, dSy=   0.000, dSz=   0.000  (mm)
  Object   : dOx= -10.002, dOy=   4.996, dOz= -18.892  (mm)
  Object offset: offset_x=   0.002, offset_z=   0.002  (mm)
  Detector : dDx=   0.000, dDy=   0.000, dDz=   0.000  (mm)
  Obj Stage rotY :   10.029 deg
============================================================

Unity geometry (world coordinates):
  Source   : x=   0.000, y=  45.000, z=   0.000
  Object   : x=  -0.002, y=  19.996, z= 570.108
  Detector : x=   0.000, y=   0.000, z= 674.000
  Obj rotY :   0.0000 deg
view   0 | SOD= 570.658 mm | SDD= 675.501 mm | M= 1.184 | incident=3.8197°
[[  99.28724    -561.39764     -25.004414  ]
 [ -18.093126    102.30249      19.995586  ]
 [   0.14731385    0.02605356    0.        ]
 [   0.            0.            0.1496    ]]
Residual vector length: 216, Jacobian shape: (216, 6)
view   0 | SOD= 570.658 mm | SDD= 675.501 mm | M= 1.184 | incident=3.8197°
[[  99.28724    -561.39764     -25.004417  ]
 [ -18.093122    102.30249      19.995583  ]
 [   0.14731385    0.02605356    0.        ]
 [   0.            0.            0.1496    ]]

iter 52 cost=0.827219 -> 0.823505 |dtheta|=1.521119e-05  lambda=1.413e+05

============================================================
Iteration 53
============================================================
Theta offsets (Unity frame):
  Source   : dSx=   0.000, dSy=   0.000, dSz=   0.000  (mm)
  Object   : dOx= -10.002, dOy=   4.996, dOz= -18.892  (mm)
  Object offset: offset_x=   0.002, offset_z=   0.002  (mm)
  Detector : dDx=   0.000, dDy=   0.000, dDz=   0.000  (mm)
  Obj Stage rotY :   10.029 deg
============================================================

Unity geometry (world coordinates):
  Source   : x=   0.000, y=  45.000, z=   0.000
  Object   : x=  -0.002, y=  19.996, z= 570.108
  Detector : x=   0.000, y=   0.000, z= 674.000
  Obj rotY :   0.0000 deg
view   0 | SOD= 570.658 mm | SDD= 675.501 mm | M= 1.184 | incident=3.8197°
[[  99.28724    -561.39764     -25.004417  ]
 [ -18.093122    102.30249      19.995583  ]
 [   0.14731385    0.02605356    0.        ]
 [   0.            0.            0.1496    ]]
Residual vector length: 216, Jacobian shape: (216, 6)
view   0 | SOD= 570.658 mm | SDD= 675.501 mm | M= 1.184 | incident=3.8197°
[[  99.28727    -561.39764     -25.004425  ]
 [ -18.093134    102.30249      19.995575  ]
 [   0.14731385    0.02605357    0.        ]
 [   0.            0.            0.1496    ]]

iter 53 cost=0.823505 -> 0.832246 |dtheta|=3.874557e-05  lambda=4.710e+04

============================================================
Iteration 54
============================================================
Theta offsets (Unity frame):
  Source   : dSx=   0.000, dSy=   0.000, dSz=   0.000  (mm)
  Object   : dOx= -10.002, dOy=   4.996, dOz= -18.892  (mm)
  Object offset: offset_x=   0.002, offset_z=   0.002  (mm)
  Detector : dDx=   0.000, dDy=   0.000, dDz=   0.000  (mm)
  Obj Stage rotY :   10.029 deg
============================================================

Unity geometry (world coordinates):
  Source   : x=   0.000, y=  45.000, z=   0.000
  Object   : x=  -0.002, y=  19.996, z= 570.108
  Detector : x=   0.000, y=   0.000, z= 674.000
  Obj rotY :   0.0000 deg
view   0 | SOD= 570.658 mm | SDD= 675.501 mm | M= 1.184 | incident=3.8197°
[[  99.28724    -561.39764     -25.004417  ]
 [ -18.093122    102.30249      19.995583  ]
 [   0.14731385    0.02605356    0.        ]
 [   0.            0.            0.1496    ]]
Residual vector length: 216, Jacobian shape: (216, 6)
view   0 | SOD= 570.658 mm | SDD= 675.501 mm | M= 1.184 | incident=3.8197°
[[  99.28725    -561.39764     -25.00442   ]
 [ -18.093124    102.30249      19.99558   ]
 [   0.14731385    0.02605356    0.        ]
 [   0.            0.            0.1496    ]]

iter 54 cost=0.823505 -> 0.823505 |dtheta|=8.160503e-06  lambda=2.355e+05

============================================================
Iteration 55
============================================================
Theta offsets (Unity frame):
  Source   : dSx=   0.000, dSy=   0.000, dSz=   0.000  (mm)
  Object   : dOx= -10.002, dOy=   4.996, dOz= -18.892  (mm)
  Object offset: offset_x=   0.002, offset_z=   0.002  (mm)
  Detector : dDx=   0.000, dDy=   0.000, dDz=   0.000  (mm)
  Obj Stage rotY :   10.029 deg
============================================================

Unity geometry (world coordinates):
  Source   : x=   0.000, y=  45.000, z=   0.000
  Object   : x=  -0.002, y=  19.996, z= 570.108
  Detector : x=   0.000, y=   0.000, z= 674.000
  Obj rotY :   0.0000 deg
view   0 | SOD= 570.658 mm | SDD= 675.501 mm | M= 1.184 | incident=3.8197°
[[  99.28724    -561.39764     -25.004417  ]
 [ -18.093122    102.30249      19.995583  ]
 [   0.14731385    0.02605356    0.        ]
 [   0.            0.            0.1496    ]]
Residual vector length: 216, Jacobian shape: (216, 6)
view   0 | SOD= 570.658 mm | SDD= 675.501 mm | M= 1.184 | incident=3.8197°
[[  99.28724    -561.39764     -25.004417  ]
 [ -18.093124    102.30249      19.995583  ]
 [   0.14731385    0.02605356    0.        ]
 [   0.            0.            0.1496    ]]

iter 55 cost=0.823505 -> 0.823505 |dtheta|=1.941637e-06  lambda=1.000e+06

============================================================
Iteration 56
============================================================
Theta offsets (Unity frame):
  Source   : dSx=   0.000, dSy=   0.000, dSz=   0.000  (mm)
  Object   : dOx= -10.002, dOy=   4.996, dOz= -18.892  (mm)
  Object offset: offset_x=   0.002, offset_z=   0.002  (mm)
  Detector : dDx=   0.000, dDy=   0.000, dDz=   0.000  (mm)
  Obj Stage rotY :   10.029 deg
============================================================

Unity geometry (world coordinates):
  Source   : x=   0.000, y=  45.000, z=   0.000
  Object   : x=  -0.002, y=  19.996, z= 570.108
  Detector : x=   0.000, y=   0.000, z= 674.000
  Obj rotY :   0.0000 deg
view   0 | SOD= 570.658 mm | SDD= 675.501 mm | M= 1.184 | incident=3.8197°
[[  99.28724    -561.39764     -25.004417  ]
 [ -18.093122    102.30249      19.995583  ]
 [   0.14731385    0.02605356    0.        ]
 [   0.            0.            0.1496    ]]
Residual vector length: 216, Jacobian shape: (216, 6)
view   0 | SOD= 570.658 mm | SDD= 675.501 mm | M= 1.184 | incident=3.8197°
[[  99.28724    -561.39764     -25.004417  ]
 [ -18.093124    102.30249      19.995583  ]
 [   0.14731385    0.02605356    0.        ]
 [   0.            0.            0.1496    ]]

iter 56 cost=0.823505 -> 0.823505 |dtheta|=1.941637e-06  lambda=1.000e+06

============================================================
Iteration 57
============================================================
Theta offsets (Unity frame):
  Source   : dSx=   0.000, dSy=   0.000, dSz=   0.000  (mm)
  Object   : dOx= -10.002, dOy=   4.996, dOz= -18.892  (mm)
  Object offset: offset_x=   0.002, offset_z=   0.002  (mm)
  Detector : dDx=   0.000, dDy=   0.000, dDz=   0.000  (mm)
  Obj Stage rotY :   10.029 deg
============================================================

Unity geometry (world coordinates):
  Source   : x=   0.000, y=  45.000, z=   0.000
  Object   : x=  -0.002, y=  19.996, z= 570.108
  Detector : x=   0.000, y=   0.000, z= 674.000
  Obj rotY :   0.0000 deg
view   0 | SOD= 570.658 mm | SDD= 675.501 mm | M= 1.184 | incident=3.8197°
[[  99.28724    -561.39764     -25.004417  ]
 [ -18.093122    102.30249      19.995583  ]
 [   0.14731385    0.02605356    0.        ]
 [   0.            0.            0.1496    ]]
Residual vector length: 216, Jacobian shape: (216, 6)
view   0 | SOD= 570.658 mm | SDD= 675.501 mm | M= 1.184 | incident=3.8197°
[[  99.28724    -561.39764     -25.004417  ]
 [ -18.093124    102.30249      19.995583  ]
 [   0.14731385    0.02605356    0.        ]
 [   0.            0.            0.1496    ]]

iter 57 cost=0.823505 -> 0.823505 |dtheta|=1.941637e-06  lambda=1.000e+06

============================================================
Iteration 58
============================================================
Theta offsets (Unity frame):
  Source   : dSx=   0.000, dSy=   0.000, dSz=   0.000  (mm)
  Object   : dOx= -10.002, dOy=   4.996, dOz= -18.892  (mm)
  Object offset: offset_x=   0.002, offset_z=   0.002  (mm)
  Detector : dDx=   0.000, dDy=   0.000, dDz=   0.000  (mm)
  Obj Stage rotY :   10.029 deg
============================================================

Unity geometry (world coordinates):
  Source   : x=   0.000, y=  45.000, z=   0.000
  Object   : x=  -0.002, y=  19.996, z= 570.108
  Detector : x=   0.000, y=   0.000, z= 674.000
  Obj rotY :   0.0000 deg
view   0 | SOD= 570.658 mm | SDD= 675.501 mm | M= 1.184 | incident=3.8197°
[[  99.28724    -561.39764     -25.004417  ]
 [ -18.093122    102.30249      19.995583  ]
 [   0.14731385    0.02605356    0.        ]
 [   0.            0.            0.1496    ]]
Residual vector length: 216, Jacobian shape: (216, 6)
view   0 | SOD= 570.658 mm | SDD= 675.501 mm | M= 1.184 | incident=3.8197°
[[  99.28724    -561.39764     -25.004417  ]
 [ -18.093124    102.30249      19.995583  ]
 [   0.14731385    0.02605356    0.        ]
 [   0.            0.            0.1496    ]]

iter 58 cost=0.823505 -> 0.823505 |dtheta|=1.941637e-06  lambda=1.000e+06

============================================================
Iteration 59
============================================================
Theta offsets (Unity frame):
  Source   : dSx=   0.000, dSy=   0.000, dSz=   0.000  (mm)
  Object   : dOx= -10.002, dOy=   4.996, dOz= -18.892  (mm)
  Object offset: offset_x=   0.002, offset_z=   0.002  (mm)
  Detector : dDx=   0.000, dDy=   0.000, dDz=   0.000  (mm)
  Obj Stage rotY :   10.029 deg
============================================================

Unity geometry (world coordinates):
  Source   : x=   0.000, y=  45.000, z=   0.000
  Object   : x=  -0.002, y=  19.996, z= 570.108
  Detector : x=   0.000, y=   0.000, z= 674.000
  Obj rotY :   0.0000 deg
view   0 | SOD= 570.658 mm | SDD= 675.501 mm | M= 1.184 | incident=3.8197°
[[  99.28724    -561.39764     -25.004417  ]
 [ -18.093122    102.30249      19.995583  ]
 [   0.14731385    0.02605356    0.        ]
 [   0.            0.            0.1496    ]]
Residual vector length: 216, Jacobian shape: (216, 6)
view   0 | SOD= 570.658 mm | SDD= 675.501 mm | M= 1.184 | incident=3.8197°
[[  99.28724    -561.39764     -25.004417  ]
 [ -18.093124    102.30249      19.995583  ]
 [   0.14731385    0.02605356    0.        ]
 [   0.            0.            0.1496    ]]

iter 59 cost=0.823505 -> 0.823505 |dtheta|=1.941637e-06  lambda=1.000e+06

============================================================
Iteration 60
============================================================
Theta offsets (Unity frame):
  Source   : dSx=   0.000, dSy=   0.000, dSz=   0.000  (mm)
  Object   : dOx= -10.002, dOy=   4.996, dOz= -18.892  (mm)
  Object offset: offset_x=   0.002, offset_z=   0.002  (mm)
  Detector : dDx=   0.000, dDy=   0.000, dDz=   0.000  (mm)
  Obj Stage rotY :   10.029 deg
============================================================

Unity geometry (world coordinates):
  Source   : x=   0.000, y=  45.000, z=   0.000
  Object   : x=  -0.002, y=  19.996, z= 570.108
  Detector : x=   0.000, y=   0.000, z= 674.000
  Obj rotY :   0.0000 deg
view   0 | SOD= 570.658 mm | SDD= 675.501 mm | M= 1.184 | incident=3.8197°
[[  99.28724    -561.39764     -25.004417  ]
 [ -18.093122    102.30249      19.995583  ]
 [   0.14731385    0.02605356    0.        ]
 [   0.            0.            0.1496    ]]
Residual vector length: 216, Jacobian shape: (216, 6)
view   0 | SOD= 570.658 mm | SDD= 675.501 mm | M= 1.184 | incident=3.8197°
[[  99.28724    -561.39764     -25.004417  ]
 [ -18.093124    102.30249      19.995583  ]
 [   0.14731385    0.02605356    0.        ]
 [   0.            0.            0.1496    ]]

iter 60 cost=0.823505 -> 0.823505 |dtheta|=1.941637e-06  lambda=1.000e+06

============================================================
Iteration 61
============================================================
Theta offsets (Unity frame):
  Source   : dSx=   0.000, dSy=   0.000, dSz=   0.000  (mm)
  Object   : dOx= -10.002, dOy=   4.996, dOz= -18.892  (mm)
  Object offset: offset_x=   0.002, offset_z=   0.002  (mm)
  Detector : dDx=   0.000, dDy=   0.000, dDz=   0.000  (mm)
  Obj Stage rotY :   10.029 deg
============================================================

Unity geometry (world coordinates):
  Source   : x=   0.000, y=  45.000, z=   0.000
  Object   : x=  -0.002, y=  19.996, z= 570.108
  Detector : x=   0.000, y=   0.000, z= 674.000
  Obj rotY :   0.0000 deg
view   0 | SOD= 570.658 mm | SDD= 675.501 mm | M= 1.184 | incident=3.8197°
[[  99.28724    -561.39764     -25.004417  ]
 [ -18.093122    102.30249      19.995583  ]
 [   0.14731385    0.02605356    0.        ]
 [   0.            0.            0.1496    ]]
Residual vector length: 216, Jacobian shape: (216, 6)
view   0 | SOD= 570.658 mm | SDD= 675.501 mm | M= 1.184 | incident=3.8197°
[[  99.28724    -561.39764     -25.004417  ]
 [ -18.093124    102.30249      19.995583  ]
 [   0.14731385    0.02605356    0.        ]
 [   0.            0.            0.1496    ]]

iter 61 cost=0.823505 -> 0.823505 |dtheta|=1.941637e-06  lambda=1.000e+06
Stalled.

Estimated theta:
  dSx: +0.000000
  dSy: +0.000000
  dOx: -10.001761
  dOy: +4.995582
  dOz: -18.892160
  dDx: +0.000000
  dDy: +0.000000
  dDz: +0.000000
alpha: +1.002948e+01 deg)
offset_x: +0.001916
offset_z: +0.002006

Final cost table:
Fake theta: [  0.   0. -10.   5. -19.   0.   0.   0.  10.   0.   0.]
Final estimated theta: [  0.           0.         -10.00176064   4.99558248 -18.89215959
   0.           0.           0.          10.02947865   0.00191625
   0.00200591]
Diff from Expected: [ 0.          0.         -0.00176064 -0.00441752  0.10784041  0.
  0.          0.          0.02947865  0.00191625  0.00200591]
################################################################################

