Phantom already exists, skipping: cuboid_phantom_3_small.npy

################################################################################
Running cuboid=small scenario=G4 N_ANGLES=36, K=3
view   0 | SOD= 568.374 mm | SDD= 691.050 mm | M= 1.216 | incident=3.1588°
[[  24.733675   -567.4833      -20.        ]
 [   3.6013086   122.35616      15.        ]
 [   0.14939497    0.00782946    0.        ]
 [   0.            0.            0.1496    ]]
           image          x1          y1  area1          x2          y2  area2          x3          y3  area3
0   proj_000.png  472.589641  170.187251    753  364.600840  305.568627    714  472.692513  450.421123    748
1   proj_001.png  459.981530  170.286280    758  377.099859  305.372714    711  459.980132  451.034437    755
2   proj_002.png  446.019634  170.356021    764  390.609001  305.139241    711  446.024967  451.367937    761
3   proj_003.png  431.071895  170.305882    765  405.097458  305.000000    708  431.062827  451.671466    764
4   proj_004.png  415.867628  170.326343    763  419.716927  304.907539    703  415.879265  451.725722    762
5   proj_005.png  400.753623  170.313570    759  434.488636  305.039773    704  400.736148  451.630607    758
6   proj_006.png  385.916121  170.325033    763  448.652602  305.255977    711  385.922876  451.282353    765
7   proj_007.png  372.193122  170.288360    756  461.986014  305.434965    715  372.206307  450.868594    761
8   proj_008.png  360.063408  170.220608    757  474.032213  305.696078    714  360.068421  450.201316    760
9   proj_009.png  349.665333  170.152000    750  484.454672  306.189679    717  349.722892  449.499331    747
10  proj_010.png  341.529570  170.162634    744  492.790503  306.504190    716  341.517568  448.648649    740
11  proj_011.png  335.654987  170.012129    742  499.064472  307.030178    729  335.623816  447.707713    739
12  proj_012.png  332.348361  169.974044    732  502.886584  307.539419    723  332.370068  446.726531    735
13  proj_013.png  331.588072  169.882108    721  504.130495  308.049451    728  331.574409  445.780250    719
14  proj_014.png  333.538997  169.759053    718  502.677732  308.521438    723  333.540503  444.768156    716
15  proj_015.png  338.020921  169.714086    717  498.819293  309.105978    736  338.018131  443.934449    717
16  proj_016.png  344.803647  169.636746    713  492.185984  309.517520    742  344.800558  443.111576    717
17  proj_017.png  353.781206  169.553997    713  483.396552  310.018568    754  353.769663  442.353933    712
18  proj_018.png  364.613668  169.542538    717  472.630174  310.299065    749  364.615063  441.612273    717
19  proj_019.png  377.132022  169.512640    712  459.982895  310.693421    760  377.074230  441.165266    714
20  proj_020.png  390.642857  169.474790    714  445.965879  310.885827    762  390.648383  440.693390    711
21  proj_021.png  405.062589  169.492176    703  431.146597  310.986911    764  405.107649  440.521246    706
22  proj_022.png  419.781073  169.420904    708  415.873850  311.000000    761  419.783708  440.474719    712
23  proj_023.png  434.400000  169.463380    710  400.601573  311.000000    763  434.419944  440.594101    712
24  proj_024.png  448.709497  169.500000    716  385.889764  310.821522    762  448.588732  440.811268    710
25  proj_025.png  462.000000  169.540503    716  372.175694  310.624835    757  461.966292  441.323034    712
26  proj_026.png  474.080282  169.559155    710  360.057971  310.218709    759  474.025175  441.857343    715
27  proj_027.png  484.474930  169.625348    718  349.664000  309.888000    750  484.446453  442.543811    719
28  proj_028.png  492.766760  169.641061    716  341.489101  309.470027    734  492.779637  443.417015    717
29  proj_029.png  499.106354  169.726519    724  335.669811  308.956873    742  499.111878  444.276243    724
30  proj_030.png  502.893793  169.787586    725  332.431129  308.431129    726  502.924347  445.237964    727
31  proj_031.png  504.149520  169.942387    729  331.572614  307.843707    723  504.115543  446.162311    727
32  proj_032.png  502.743836  170.000000    730  333.534819  307.341226    718  502.728276  447.147586    725
33  proj_033.png  498.821769  170.126531    735  338.027701  306.801939    722  498.797297  448.062162    740
34  proj_034.png  492.124665  170.163539    746  344.769231  306.360839    715  492.221477  449.059060    745
35  proj_035.png  483.415220  170.142857    749  353.810127  305.914205    711  483.420772  449.820240    751

============================================================
Iteration 0
============================================================
Theta offsets (Unity frame):
  Source   : dSx=   0.000, dSy=   0.000, dSz=   0.000  (mm)
  Object   : dOx=   0.000, dOy=   0.000, dOz=   0.000  (mm)
  Object offset: offset_x=   0.000, offset_z=   0.000  (mm)
  Detector : dDx=   0.000, dDy=   0.000, dDz=   0.000  (mm)
  Obj Stage rotY :    0.000 deg
============================================================

Unity geometry (world coordinates):
  Source   : x=  -5.000, y=  38.000, z=   0.000
  Object   : x=   7.000, y=  20.000, z= 576.000
  Detector : x=  10.000, y=   3.000, z= 690.000
  Obj rotY :   0.0000 deg
view   0 | SOD= 576.406 mm | SDD= 691.050 mm | M= 1.199 | incident=3.1588°
[[ -12.     -576.      -18.    ]
 [   3.      114.       17.    ]
 [   0.1496    0.        0.    ]
 [   0.        0.        0.1496]]
Residual vector length: 324, Jacobian shape: (324, 6)
view   0 | SOD= 579.850 mm | SDD= 691.050 mm | M= 1.192 | incident=3.1588°
[[ -24.24885    -579.0009      -19.886677  ]
 [  11.544131    110.23335      15.113323  ]
 [   0.14953202   -0.00450964    0.        ]
 [   0.            0.            0.1496    ]]

iter 00 cost=186420.137695 -> 10945.288327 |dtheta|=7.284522e+00  lambda=1.000e-02

============================================================
Iteration 1
============================================================
Theta offsets (Unity frame):
  Source   : dSx=   0.000, dSy=   0.000, dSz=   0.000  (mm)
  Object   : dOx=  -5.660, dOy=  -1.887, dOz=   3.768  (mm)
  Object offset: offset_x=   0.444, offset_z=  -0.299  (mm)
  Detector : dDx=   0.000, dDy=   0.000, dDz=   0.000  (mm)
  Obj Stage rotY :   -1.727 deg
============================================================

Unity geometry (world coordinates):
  Source   : x=  -5.000, y=  38.000, z=   0.000
  Object   : x=   1.340, y=  18.113, z= 579.768
  Detector : x=  10.000, y=   3.000, z= 690.000
  Obj rotY :   0.0000 deg
view   0 | SOD= 579.850 mm | SDD= 691.050 mm | M= 1.192 | incident=3.1588°
[[ -24.24885    -579.0009      -19.886677  ]
 [  11.544131    110.23335      15.113323  ]
 [   0.14953202   -0.00450964    0.        ]
 [   0.            0.            0.1496    ]]
Residual vector length: 324, Jacobian shape: (324, 6)
view   0 | SOD= 577.311 mm | SDD= 691.050 mm | M= 1.197 | incident=3.1588°
[[   0.14332782 -576.9571      -20.212826  ]
 [   8.325063    113.15742      14.787174  ]
 [   0.1495927     0.00147812    0.        ]
 [   0.            0.            0.1496    ]]

iter 01 cost=10945.288327 -> 2063.925374 |dtheta|=3.708650e+00  lambda=3.333e-03

============================================================
Iteration 2
============================================================
Theta offsets (Unity frame):
  Source   : dSx=   0.000, dSy=   0.000, dSz=   0.000  (mm)
  Object   : dOx=  -6.565, dOy=  -2.213, dOz=   1.042  (mm)
  Object offset: offset_x=   0.122, offset_z=  -0.112  (mm)
  Detector : dDx=   0.000, dDy=   0.000, dDz=   0.000  (mm)
  Obj Stage rotY :    0.566 deg
============================================================

Unity geometry (world coordinates):
  Source   : x=  -5.000, y=  38.000, z=   0.000
  Object   : x=   0.435, y=  17.787, z= 577.042
  Detector : x=  10.000, y=   3.000, z= 690.000
  Obj rotY :   0.0000 deg
view   0 | SOD= 577.311 mm | SDD= 691.050 mm | M= 1.197 | incident=3.1588°
[[   0.14332782 -576.9571      -20.212826  ]
 [   8.325063    113.15742      14.787174  ]
 [   0.1495927     0.00147812    0.        ]
 [   0.            0.            0.1496    ]]
Residual vector length: 324, Jacobian shape: (324, 6)
view   0 | SOD= 575.519 mm | SDD= 691.050 mm | M= 1.201 | incident=3.1588°
[[  10.267577   -575.0737      -20.17482   ]
 [   6.724039    115.08017      14.82518   ]
 [   0.149546      0.00401928    0.        ]
 [   0.            0.            0.1496    ]]

iter 02 cost=2063.925374 -> 793.168468 |dtheta|=2.188025e+00  lambda=1.111e-03

============================================================
Iteration 3
============================================================
Theta offsets (Unity frame):
  Source   : dSx=   0.000, dSy=   0.000, dSz=   0.000  (mm)
  Object   : dOx=  -6.836, dOy=  -2.175, dOz=  -0.890  (mm)
  Object offset: offset_x=   0.023, offset_z=   0.032  (mm)
  Detector : dDx=   0.000, dDy=   0.000, dDz=   0.000  (mm)
  Obj Stage rotY :    1.540 deg
============================================================

Unity geometry (world coordinates):
  Source   : x=  -5.000, y=  38.000, z=   0.000
  Object   : x=   0.164, y=  17.825, z= 575.110
  Detector : x=  10.000, y=   3.000, z= 690.000
  Obj rotY :   0.0000 deg
view   0 | SOD= 575.519 mm | SDD= 691.050 mm | M= 1.201 | incident=3.1588°
[[  10.267577   -575.0737      -20.17482   ]
 [   6.724039    115.08017      14.82518   ]
 [   0.149546      0.00401928    0.        ]
 [   0.            0.            0.1496    ]]
Residual vector length: 324, Jacobian shape: (324, 6)
view   0 | SOD= 573.891 mm | SDD= 691.050 mm | M= 1.204 | incident=3.1588°
[[  15.515439   -573.3253      -20.199917  ]
 [   5.770376    116.76891      14.800083  ]
 [   0.14950384    0.00536293    0.        ]
 [   0.            0.            0.1496    ]]

iter 03 cost=793.168468 -> 402.782462 |dtheta|=1.738661e+00  lambda=3.704e-04

============================================================
Iteration 4
============================================================
Theta offsets (Unity frame):
  Source   : dSx=   0.000, dSy=   0.000, dSz=   0.000  (mm)
  Object   : dOx=  -6.951, dOy=  -2.200, dOz=  -2.546  (mm)
  Object offset: offset_x=  -0.002, offset_z=   0.059  (mm)
  Detector : dDx=   0.000, dDy=   0.000, dDz=   0.000  (mm)
  Obj Stage rotY :    2.054 deg
============================================================

Unity geometry (world coordinates):
  Source   : x=  -5.000, y=  38.000, z=   0.000
  Object   : x=   0.049, y=  17.800, z= 573.454
  Detector : x=  10.000, y=   3.000, z= 690.000
  Obj rotY :   0.0000 deg
view   0 | SOD= 573.891 mm | SDD= 691.050 mm | M= 1.204 | incident=3.1588°
[[  15.515439   -573.3253      -20.199917  ]
 [   5.770376    116.76891      14.800083  ]
 [   0.14950384    0.00536293    0.        ]
 [   0.            0.            0.1496    ]]
Residual vector length: 324, Jacobian shape: (324, 6)
view   0 | SOD= 572.805 mm | SDD= 691.050 mm | M= 1.206 | incident=3.1588°
[[  20.153574   -572.0963      -20.128187  ]
 [   4.7947717   117.89578      14.871813  ]
 [   0.14945526    0.00657899    0.        ]
 [   0.            0.            0.1496    ]]

iter 04 cost=402.782462 -> 231.543330 |dtheta|=1.161058e+00  lambda=1.235e-04

============================================================
Iteration 5
============================================================
Theta offsets (Unity frame):
  Source   : dSx=   0.000, dSy=   0.000, dSz=   0.000  (mm)
  Object   : dOx=  -6.972, dOy=  -2.128, dOz=  -3.607  (mm)
  Object offset: offset_x=  -0.003, offset_z=   0.036  (mm)
  Detector : dDx=   0.000, dDy=   0.000, dDz=   0.000  (mm)
  Obj Stage rotY :    2.521 deg
============================================================

Unity geometry (world coordinates):
  Source   : x=  -5.000, y=  38.000, z=   0.000
  Object   : x=   0.028, y=  17.872, z= 572.393
  Detector : x=  10.000, y=   3.000, z= 690.000
  Obj rotY :   0.0000 deg
view   0 | SOD= 572.805 mm | SDD= 691.050 mm | M= 1.206 | incident=3.1588°
[[  20.153574   -572.0963      -20.128187  ]
 [   4.7947717   117.89578      14.871813  ]
 [   0.14945526    0.00657899    0.        ]
 [   0.            0.            0.1496    ]]
Residual vector length: 324, Jacobian shape: (324, 6)
view   0 | SOD= 571.902 mm | SDD= 691.050 mm | M= 1.208 | incident=3.1588°
[[  22.67099    -571.09753     -20.138887  ]
 [   4.2081256   118.81849      14.861113  ]
 [   0.14942415    0.00725131    0.        ]
 [   0.            0.            0.1496    ]]

iter 05 cost=231.543330 -> 139.761997 |dtheta|=9.287373e-01  lambda=4.115e-05

============================================================
Iteration 6
============================================================
Theta offsets (Unity frame):
  Source   : dSx=   0.000, dSy=   0.000, dSz=   0.000  (mm)
  Object   : dOx=  -6.970, dOy=  -2.139, dOz=  -4.499  (mm)
  Object offset: offset_x=   0.007, offset_z=   0.024  (mm)
  Detector : dDx=   0.000, dDy=   0.000, dDz=   0.000  (mm)
  Obj Stage rotY :    2.778 deg
============================================================

Unity geometry (world coordinates):
  Source   : x=  -5.000, y=  38.000, z=   0.000
  Object   : x=   0.030, y=  17.861, z= 571.501
  Detector : x=  10.000, y=   3.000, z= 690.000
  Obj rotY :   0.0000 deg
view   0 | SOD= 571.902 mm | SDD= 691.050 mm | M= 1.208 | incident=3.1588°
[[  22.67099    -571.09753     -20.138887  ]
 [   4.2081256   118.81849      14.861113  ]
 [   0.14942415    0.00725131    0.        ]
 [   0.            0.            0.1496    ]]
Residual vector length: 324, Jacobian shape: (324, 6)
view   0 | SOD= 571.311 mm | SDD= 691.050 mm | M= 1.210 | incident=3.1588°
[[  24.799276   -570.41815     -20.10071   ]
 [   3.7594242   119.42408      14.89929   ]
 [   0.14939603    0.00780942    0.        ]
 [   0.            0.            0.1496    ]]

iter 06 cost=139.761997 -> 96.626872 |dtheta|=6.062838e-01  lambda=1.372e-05

============================================================
Iteration 7
============================================================
Theta offsets (Unity frame):
  Source   : dSx=   0.000, dSy=   0.000, dSz=   0.000  (mm)
  Object   : dOx=  -6.993, dOy=  -2.101, dOz=  -5.064  (mm)
  Object offset: offset_x=   0.005, offset_z=  -0.001  (mm)
  Detector : dDx=   0.000, dDy=   0.000, dDz=   0.000  (mm)
  Obj Stage rotY :    2.992 deg
============================================================

Unity geometry (world coordinates):
  Source   : x=  -5.000, y=  38.000, z=   0.000
  Object   : x=   0.007, y=  17.899, z= 570.936
  Detector : x=  10.000, y=   3.000, z= 690.000
  Obj rotY :   0.0000 deg
view   0 | SOD= 571.311 mm | SDD= 691.050 mm | M= 1.210 | incident=3.1588°
[[  24.799276   -570.41815     -20.10071   ]
 [   3.7594242   119.42408      14.89929   ]
 [   0.14939603    0.00780942    0.        ]
 [   0.            0.            0.1496    ]]
Residual vector length: 324, Jacobian shape: (324, 6)
view   0 | SOD= 570.824 mm | SDD= 691.050 mm | M= 1.211 | incident=3.1588°
[[  24.16183    -569.9594      -20.072136  ]
 [   3.8781335   119.905495     14.927864  ]
 [   0.1494045     0.00764566    0.        ]
 [   0.            0.            0.1496    ]]

iter 07 cost=96.626872 -> 68.642035 |dtheta|=4.978709e-01  lambda=4.572e-06

============================================================
Iteration 8
============================================================
Theta offsets (Unity frame):
  Source   : dSx=   0.000, dSy=   0.000, dSz=   0.000  (mm)
  Object   : dOx=  -7.007, dOy=  -2.072, dOz=  -5.557  (mm)
  Object offset: offset_x=   0.005, offset_z=   0.006  (mm)
  Detector : dDx=   0.000, dDy=   0.000, dDz=   0.000  (mm)
  Obj Stage rotY :    2.930 deg
============================================================

Unity geometry (world coordinates):
  Source   : x=  -5.000, y=  38.000, z=   0.000
  Object   : x=  -0.007, y=  17.928, z= 570.443
  Detector : x=  10.000, y=   3.000, z= 690.000
  Obj rotY :   0.0000 deg
view   0 | SOD= 570.824 mm | SDD= 691.050 mm | M= 1.211 | incident=3.1588°
[[  24.16183    -569.9594      -20.072136  ]
 [   3.8781335   119.905495     14.927864  ]
 [   0.1494045     0.00764566    0.        ]
 [   0.            0.            0.1496    ]]
Residual vector length: 324, Jacobian shape: (324, 6)
view   0 | SOD= 570.309 mm | SDD= 691.050 mm | M= 1.212 | incident=3.1588°
[[  24.54575    -569.4272      -20.051004  ]
 [   3.749027    120.42241      14.948996  ]
 [   0.14939877    0.00775677    0.        ]
 [   0.            0.            0.1496    ]]

iter 08 cost=68.642035 -> 41.718369 |dtheta|=5.199942e-01  lambda=1.524e-06

============================================================
Iteration 9
============================================================
Theta offsets (Unity frame):
  Source   : dSx=   0.000, dSy=   0.000, dSz=   0.000  (mm)
  Object   : dOx=  -6.993, dOy=  -2.051, dOz=  -6.074  (mm)
  Object offset: offset_x=   0.005, offset_z=   0.008  (mm)
  Detector : dDx=   0.000, dDy=   0.000, dDz=   0.000  (mm)
  Obj Stage rotY :    2.972 deg
============================================================

Unity geometry (world coordinates):
  Source   : x=  -5.000, y=  38.000, z=   0.000
  Object   : x=   0.007, y=  17.949, z= 569.926
  Detector : x=  10.000, y=   3.000, z= 690.000
  Obj rotY :   0.0000 deg
view   0 | SOD= 570.309 mm | SDD= 691.050 mm | M= 1.212 | incident=3.1588°
[[  24.54575    -569.4272      -20.051004  ]
 [   3.749027    120.42241      14.948996  ]
 [   0.14939877    0.00775677    0.        ]
 [   0.            0.            0.1496    ]]
Residual vector length: 324, Jacobian shape: (324, 6)
view   0 | SOD= 569.947 mm | SDD= 691.050 mm | M= 1.212 | incident=3.1588°
[[  24.648537   -569.0608      -20.054619  ]
 [   3.7150729   120.78469      14.945381  ]
 [   0.14939722    0.00778638    0.        ]
 [   0.            0.            0.1496    ]]

iter 09 cost=41.718369 -> 26.956171 |dtheta|=3.569277e-01  lambda=1.000e-06

============================================================
Iteration 10
============================================================
Theta offsets (Unity frame):
  Source   : dSx=   0.000, dSy=   0.000, dSz=   0.000  (mm)
  Object   : dOx=  -6.994, dOy=  -2.055, dOz=  -6.431  (mm)
  Object offset: offset_x=  -0.003, offset_z=   0.003  (mm)
  Detector : dDx=   0.000, dDy=   0.000, dDz=   0.000  (mm)
  Obj Stage rotY :    2.983 deg
============================================================

Unity geometry (world coordinates):
  Source   : x=  -5.000, y=  38.000, z=   0.000
  Object   : x=   0.006, y=  17.945, z= 569.569
  Detector : x=  10.000, y=   3.000, z= 690.000
  Obj rotY :   0.0000 deg
view   0 | SOD= 569.947 mm | SDD= 691.050 mm | M= 1.212 | incident=3.1588°
[[  24.648537   -569.0608      -20.054619  ]
 [   3.7150729   120.78469      14.945381  ]
 [   0.14939722    0.00778638    0.        ]
 [   0.            0.            0.1496    ]]
Residual vector length: 324, Jacobian shape: (324, 6)
view   0 | SOD= 569.629 mm | SDD= 691.050 mm | M= 1.213 | incident=3.1588°
[[  24.7236     -568.7392      -20.042322  ]
 [   3.6699274   121.10262      14.957678  ]
 [   0.14939587    0.00781242    0.        ]
 [   0.            0.            0.1496    ]]

iter 10 cost=26.956171 -> 17.789388 |dtheta|=3.173153e-01  lambda=1.000e-06

============================================================
Iteration 11
============================================================
Theta offsets (Unity frame):
  Source   : dSx=   0.000, dSy=   0.000, dSz=   0.000  (mm)
  Object   : dOx=  -6.990, dOy=  -2.042, dOz=  -6.748  (mm)
  Object offset: offset_x=   0.001, offset_z=   0.002  (mm)
  Detector : dDx=   0.000, dDy=   0.000, dDz=   0.000  (mm)
  Obj Stage rotY :    2.993 deg
============================================================

Unity geometry (world coordinates):
  Source   : x=  -5.000, y=  38.000, z=   0.000
  Object   : x=   0.010, y=  17.958, z= 569.252
  Detector : x=  10.000, y=   3.000, z= 690.000
  Obj rotY :   0.0000 deg
view   0 | SOD= 569.629 mm | SDD= 691.050 mm | M= 1.213 | incident=3.1588°
[[  24.7236     -568.7392      -20.042322  ]
 [   3.6699274   121.10262      14.957678  ]
 [   0.14939587    0.00781242    0.        ]
 [   0.            0.            0.1496    ]]
Residual vector length: 324, Jacobian shape: (324, 6)
view   0 | SOD= 569.369 mm | SDD= 691.050 mm | M= 1.214 | incident=3.1588°
[[  24.810743   -568.4748      -20.03722   ]
 [   3.6463826   121.36367      14.96278   ]
 [   0.14939462    0.00783639    0.        ]
 [   0.            0.            0.1496    ]]

iter 11 cost=17.789388 -> 12.115686 |dtheta|=2.608715e-01  lambda=1.000e-06

============================================================
Iteration 12
============================================================
Theta offsets (Unity frame):
  Source   : dSx=   0.000, dSy=   0.000, dSz=   0.000  (mm)
  Object   : dOx=  -6.995, dOy=  -2.037, dOz=  -7.008  (mm)
  Object offset: offset_x=  -0.004, offset_z=   0.002  (mm)
  Detector : dDx=   0.000, dDy=   0.000, dDz=   0.000  (mm)
  Obj Stage rotY :    3.003 deg
============================================================

Unity geometry (world coordinates):
  Source   : x=  -5.000, y=  38.000, z=   0.000
  Object   : x=   0.005, y=  17.963, z= 568.992
  Detector : x=  10.000, y=   3.000, z= 690.000
  Obj rotY :   0.0000 deg
view   0 | SOD= 569.369 mm | SDD= 691.050 mm | M= 1.214 | incident=3.1588°
[[  24.810743   -568.4748      -20.03722   ]
 [   3.6463826   121.36367      14.96278   ]
 [   0.14939462    0.00783639    0.        ]
 [   0.            0.            0.1496    ]]
Residual vector length: 324, Jacobian shape: (324, 6)
view   0 | SOD= 569.229 mm | SDD= 691.050 mm | M= 1.214 | incident=3.1588°
[[  24.653702   -568.34186     -20.028934  ]
 [   3.6569667   121.50169      14.9710655 ]
 [   0.14939651    0.00780009    0.        ]
 [   0.            0.            0.1496    ]]

iter 12 cost=12.115686 -> 9.286273 |dtheta|=1.449654e-01  lambda=1.000e-06

============================================================
Iteration 13
============================================================
Theta offsets (Unity frame):
  Source   : dSx=   0.000, dSy=   0.000, dSz=   0.000  (mm)
  Object   : dOx=  -6.995, dOy=  -2.029, dOz=  -7.152  (mm)
  Object offset: offset_x=   0.008, offset_z=   0.006  (mm)
  Detector : dDx=   0.000, dDy=   0.000, dDz=   0.000  (mm)
  Obj Stage rotY :    2.989 deg
============================================================

Unity geometry (world coordinates):
  Source   : x=  -5.000, y=  38.000, z=   0.000
  Object   : x=   0.005, y=  17.971, z= 568.848
  Detector : x=  10.000, y=   3.000, z= 690.000
  Obj rotY :   0.0000 deg
view   0 | SOD= 569.229 mm | SDD= 691.050 mm | M= 1.214 | incident=3.1588°
[[  24.653702   -568.34186     -20.028934  ]
 [   3.6569667   121.50169      14.9710655 ]
 [   0.14939651    0.00780009    0.        ]
 [   0.            0.            0.1496    ]]
Residual vector length: 324, Jacobian shape: (324, 6)
view   0 | SOD= 569.099 mm | SDD= 691.050 mm | M= 1.214 | incident=3.1588°
[[  24.649391   -568.2121      -20.02679   ]
 [   3.655353    121.63157      14.973209  ]
 [   0.14939654    0.0077995     0.        ]
 [   0.            0.            0.1496    ]]

iter 13 cost=9.286273 -> 6.873735 |dtheta|=1.290896e-01  lambda=1.000e-06

============================================================
Iteration 14
============================================================
Theta offsets (Unity frame):
  Source   : dSx=   0.000, dSy=   0.000, dSz=   0.000  (mm)
  Object   : dOx=  -6.995, dOy=  -2.027, dOz=  -7.281  (mm)
  Object offset: offset_x=   0.003, offset_z=   0.005  (mm)
  Detector : dDx=   0.000, dDy=   0.000, dDz=   0.000  (mm)
  Obj Stage rotY :    2.989 deg
============================================================

Unity geometry (world coordinates):
  Source   : x=  -5.000, y=  38.000, z=   0.000
  Object   : x=   0.005, y=  17.973, z= 568.719
  Detector : x=  10.000, y=   3.000, z= 690.000
  Obj rotY :   0.0000 deg
view   0 | SOD= 569.099 mm | SDD= 691.050 mm | M= 1.214 | incident=3.1588°
[[  24.649391   -568.2121      -20.02679   ]
 [   3.655353    121.63157      14.973209  ]
 [   0.14939654    0.0077995     0.        ]
 [   0.            0.            0.1496    ]]
Residual vector length: 324, Jacobian shape: (324, 6)
view   0 | SOD= 568.971 mm | SDD= 691.050 mm | M= 1.215 | incident=3.1588°
[[  24.595057   -568.0863      -20.024624  ]
 [   3.6598997   121.75912      14.975376  ]
 [   0.14939721    0.00778675    0.        ]
 [   0.            0.            0.1496    ]]

iter 14 cost=6.873735 -> 5.234533 |dtheta|=1.281899e-01  lambda=1.000e-06

============================================================
Iteration 15
============================================================
Theta offsets (Unity frame):
  Source   : dSx=   0.000, dSy=   0.000, dSz=   0.000  (mm)
  Object   : dOx=  -6.996, dOy=  -2.025, dOz=  -7.409  (mm)
  Object offset: offset_x=   0.003, offset_z=   0.005  (mm)
  Detector : dDx=   0.000, dDy=   0.000, dDz=   0.000  (mm)
  Obj Stage rotY :    2.984 deg
============================================================

Unity geometry (world coordinates):
  Source   : x=  -5.000, y=  38.000, z=   0.000
  Object   : x=   0.004, y=  17.975, z= 568.591
  Detector : x=  10.000, y=   3.000, z= 690.000
  Obj rotY :   0.0000 deg
view   0 | SOD= 568.971 mm | SDD= 691.050 mm | M= 1.215 | incident=3.1588°
[[  24.595057   -568.0863      -20.024624  ]
 [   3.6598997   121.75912      14.975376  ]
 [   0.14939721    0.00778675    0.        ]
 [   0.            0.            0.1496    ]]
Residual vector length: 324, Jacobian shape: (324, 6)
view   0 | SOD= 568.884 mm | SDD= 691.050 mm | M= 1.215 | incident=3.1588°
[[  24.587807   -567.99915     -20.022102  ]
 [   3.654964    121.846344     14.977898  ]
 [   0.14939724    0.00778625    0.        ]
 [   0.            0.            0.1496    ]]

iter 15 cost=5.234533 -> 4.361577 |dtheta|=8.802383e-02  lambda=1.000e-06

============================================================
Iteration 16
============================================================
Theta offsets (Unity frame):
  Source   : dSx=   0.000, dSy=   0.000, dSz=   0.000  (mm)
  Object   : dOx=  -6.996, dOy=  -2.022, dOz=  -7.497  (mm)
  Object offset: offset_x=   0.004, offset_z=   0.006  (mm)
  Detector : dDx=   0.000, dDy=   0.000, dDz=   0.000  (mm)
  Obj Stage rotY :    2.983 deg
============================================================

Unity geometry (world coordinates):
  Source   : x=  -5.000, y=  38.000, z=   0.000
  Object   : x=   0.004, y=  17.978, z= 568.503
  Detector : x=  10.000, y=   3.000, z= 690.000
  Obj rotY :   0.0000 deg
view   0 | SOD= 568.884 mm | SDD= 691.050 mm | M= 1.215 | incident=3.1588°
[[  24.587807   -567.99915     -20.022102  ]
 [   3.654964    121.846344     14.977898  ]
 [   0.14939724    0.00778625    0.        ]
 [   0.            0.            0.1496    ]]
Residual vector length: 324, Jacobian shape: (324, 6)
view   0 | SOD= 568.764 mm | SDD= 691.050 mm | M= 1.215 | incident=3.1588°
[[  24.57101    -567.88055     -20.017782  ]
 [   3.6538055   121.96542      14.982218  ]
 [   0.14939742    0.00778286    0.        ]
 [   0.            0.            0.1496    ]]

iter 16 cost=4.361577 -> 3.166321 |dtheta|=1.161147e-01  lambda=1.000e-06

============================================================
Iteration 17
============================================================
Theta offsets (Unity frame):
  Source   : dSx=   0.000, dSy=   0.000, dSz=   0.000  (mm)
  Object   : dOx=  -6.996, dOy=  -2.018, dOz=  -7.613  (mm)
  Object offset: offset_x=   0.002, offset_z=   0.003  (mm)
  Detector : dDx=   0.000, dDy=   0.000, dDz=   0.000  (mm)
  Obj Stage rotY :    2.982 deg
============================================================

Unity geometry (world coordinates):
  Source   : x=  -5.000, y=  38.000, z=   0.000
  Object   : x=   0.004, y=  17.982, z= 568.387
  Detector : x=  10.000, y=   3.000, z= 690.000
  Obj rotY :   0.0000 deg
view   0 | SOD= 568.764 mm | SDD= 691.050 mm | M= 1.215 | incident=3.1588°
[[  24.57101    -567.88055     -20.017782  ]
 [   3.6538055   121.96542      14.982218  ]
 [   0.14939742    0.00778286    0.        ]
 [   0.            0.            0.1496    ]]
Residual vector length: 324, Jacobian shape: (324, 6)
view   0 | SOD= 568.666 mm | SDD= 691.050 mm | M= 1.215 | incident=3.1588°
[[  24.545385   -567.7836      -20.012411  ]
 [   3.6560423   122.06316      14.987589  ]
 [   0.14939773    0.00777683    0.        ]
 [   0.            0.            0.1496    ]]

iter 17 cost=3.166321 -> 2.334464 |dtheta|=9.613930e-02  lambda=1.000e-06

============================================================
Iteration 18
============================================================
Theta offsets (Unity frame):
  Source   : dSx=   0.000, dSy=   0.000, dSz=   0.000  (mm)
  Object   : dOx=  -6.998, dOy=  -2.012, dOz=  -7.709  (mm)
  Object offset: offset_x=   0.002, offset_z=   0.001  (mm)
  Detector : dDx=   0.000, dDy=   0.000, dDz=   0.000  (mm)
  Obj Stage rotY :    2.980 deg
============================================================

Unity geometry (world coordinates):
  Source   : x=  -5.000, y=  38.000, z=   0.000
  Object   : x=   0.002, y=  17.988, z= 568.291
  Detector : x=  10.000, y=   3.000, z= 690.000
  Obj rotY :   0.0000 deg
view   0 | SOD= 568.666 mm | SDD= 691.050 mm | M= 1.215 | incident=3.1588°
[[  24.545385   -567.7836      -20.012411  ]
 [   3.6560423   122.06316      14.987589  ]
 [   0.14939773    0.00777683    0.        ]
 [   0.            0.            0.1496    ]]
Residual vector length: 324, Jacobian shape: (324, 6)
view   0 | SOD= 568.592 mm | SDD= 691.050 mm | M= 1.215 | incident=3.1588°
[[  24.728476   -567.7016      -20.009678  ]
 [   3.6131968   122.13834      14.990322  ]
 [   0.14939517    0.00782576    0.        ]
 [   0.            0.            0.1496    ]]

iter 18 cost=2.334464 -> 1.787019 |dtheta|=7.563790e-02  lambda=1.000e-06

============================================================
Iteration 19
============================================================
Theta offsets (Unity frame):
  Source   : dSx=   0.000, dSy=   0.000, dSz=   0.000  (mm)
  Object   : dOx=  -6.998, dOy=  -2.010, dOz=  -7.782  (mm)
  Object offset: offset_x=   0.001, offset_z=  -0.000  (mm)
  Detector : dDx=   0.000, dDy=   0.000, dDz=   0.000  (mm)
  Obj Stage rotY :    2.999 deg
============================================================

Unity geometry (world coordinates):
  Source   : x=  -5.000, y=  38.000, z=   0.000
  Object   : x=   0.002, y=  17.990, z= 568.218
  Detector : x=  10.000, y=   3.000, z= 690.000
  Obj rotY :   0.0000 deg
view   0 | SOD= 568.592 mm | SDD= 691.050 mm | M= 1.215 | incident=3.1588°
[[  24.728476   -567.7016      -20.009678  ]
 [   3.6131968   122.13834      14.990322  ]
 [   0.14939517    0.00782576    0.        ]
 [   0.            0.            0.1496    ]]
Residual vector length: 324, Jacobian shape: (324, 6)
view   0 | SOD= 568.536 mm | SDD= 691.050 mm | M= 1.215 | incident=3.1588°
[[  24.735878   -567.6448      -20.007341  ]
 [   3.607194    122.194756     14.992659  ]
 [   0.14939502    0.00782866    0.        ]
 [   0.            0.            0.1496    ]]

iter 19 cost=1.787019 -> 1.425312 |dtheta|=5.603527e-02  lambda=1.000e-06

============================================================
Iteration 20
============================================================
Theta offsets (Unity frame):
  Source   : dSx=   0.000, dSy=   0.000, dSz=   0.000  (mm)
  Object   : dOx=  -6.999, dOy=  -2.007, dOz=  -7.838  (mm)
  Object offset: offset_x=   0.002, offset_z=  -0.001  (mm)
  Detector : dDx=   0.000, dDy=   0.000, dDz=   0.000  (mm)
  Obj Stage rotY :    3.000 deg
============================================================

Unity geometry (world coordinates):
  Source   : x=  -5.000, y=  38.000, z=   0.000
  Object   : x=   0.001, y=  17.993, z= 568.162
  Detector : x=  10.000, y=   3.000, z= 690.000
  Obj rotY :   0.0000 deg
view   0 | SOD= 568.536 mm | SDD= 691.050 mm | M= 1.215 | incident=3.1588°
[[  24.735878   -567.6448      -20.007341  ]
 [   3.607194    122.194756     14.992659  ]
 [   0.14939502    0.00782866    0.        ]
 [   0.            0.            0.1496    ]]
Residual vector length: 324, Jacobian shape: (324, 6)
view   0 | SOD= 568.469 mm | SDD= 691.050 mm | M= 1.216 | incident=3.1588°
[[  24.736872   -567.5782      -20.003944  ]
 [   3.6035461   122.26119      14.996056  ]
 [   0.14939497    0.00782967    0.        ]
 [   0.            0.            0.1496    ]]

iter 20 cost=1.425312 -> 1.217689 |dtheta|=6.620768e-02  lambda=1.000e-06

============================================================
Iteration 21
============================================================
Theta offsets (Unity frame):
  Source   : dSx=   0.000, dSy=   0.000, dSz=   0.000  (mm)
  Object   : dOx=  -6.999, dOy=  -2.004, dOz=  -7.904  (mm)
  Object offset: offset_x=   0.002, offset_z=  -0.001  (mm)
  Detector : dDx=   0.000, dDy=   0.000, dDz=   0.000  (mm)
  Obj Stage rotY :    3.000 deg
============================================================

Unity geometry (world coordinates):
  Source   : x=  -5.000, y=  38.000, z=   0.000
  Object   : x=   0.001, y=  17.996, z= 568.096
  Detector : x=  10.000, y=   3.000, z= 690.000
  Obj rotY :   0.0000 deg
view   0 | SOD= 568.469 mm | SDD= 691.050 mm | M= 1.216 | incident=3.1588°
[[  24.736872   -567.5782      -20.003944  ]
 [   3.6035461   122.26119      14.996056  ]
 [   0.14939497    0.00782967    0.        ]
 [   0.            0.            0.1496    ]]
Residual vector length: 324, Jacobian shape: (324, 6)
view   0 | SOD= 568.440 mm | SDD= 691.050 mm | M= 1.216 | incident=3.1588°
[[  24.656572   -567.55237     -20.002594  ]
 [   3.6223717   122.29008      14.997406  ]
 [   0.14939609    0.0078082     0.        ]
 [   0.            0.            0.1496    ]]

iter 21 cost=1.217689 -> 1.057889 |dtheta|=3.093891e-02  lambda=1.000e-06

============================================================
Iteration 22
============================================================
Theta offsets (Unity frame):
  Source   : dSx=   0.000, dSy=   0.000, dSz=   0.000  (mm)
  Object   : dOx=  -7.000, dOy=  -2.003, dOz=  -7.934  (mm)
  Object offset: offset_x=  -0.000, offset_z=  -0.001  (mm)
  Detector : dDx=   0.000, dDy=   0.000, dDz=   0.000  (mm)
  Obj Stage rotY :    2.992 deg
============================================================

Unity geometry (world coordinates):
  Source   : x=  -5.000, y=  38.000, z=   0.000
  Object   : x=   0.000, y=  17.997, z= 568.066
  Detector : x=  10.000, y=   3.000, z= 690.000
  Obj rotY :   0.0000 deg
view   0 | SOD= 568.440 mm | SDD= 691.050 mm | M= 1.216 | incident=3.1588°
[[  24.656572   -567.55237     -20.002594  ]
 [   3.6223717   122.29008      14.997406  ]
 [   0.14939609    0.0078082     0.        ]
 [   0.            0.            0.1496    ]]
Residual vector length: 324, Jacobian shape: (324, 6)
view   0 | SOD= 568.416 mm | SDD= 691.050 mm | M= 1.216 | incident=3.1588°
[[  24.64974    -567.52893     -20.001152  ]
 [   3.623518    122.313736     14.998848  ]
 [   0.14939618    0.00780647    0.        ]
 [   0.            0.            0.1496    ]]

iter 22 cost=1.057889 -> 1.001134 |dtheta|=2.464725e-02  lambda=1.000e-06

============================================================
Iteration 23
============================================================
Theta offsets (Unity frame):
  Source   : dSx=   0.000, dSy=   0.000, dSz=   0.000  (mm)
  Object   : dOx=  -7.000, dOy=  -2.001, dOz=  -7.958  (mm)
  Object offset: offset_x=  -0.001, offset_z=   0.000  (mm)
  Detector : dDx=   0.000, dDy=   0.000, dDz=   0.000  (mm)
  Obj Stage rotY :    2.991 deg
============================================================

Unity geometry (world coordinates):
  Source   : x=  -5.000, y=  38.000, z=   0.000
  Object   : x=  -0.000, y=  17.999, z= 568.042
  Detector : x=  10.000, y=   3.000, z= 690.000
  Obj rotY :   0.0000 deg
view   0 | SOD= 568.416 mm | SDD= 691.050 mm | M= 1.216 | incident=3.1588°
[[  24.64974    -567.52893     -20.001152  ]
 [   3.623518    122.313736     14.998848  ]
 [   0.14939618    0.00780647    0.        ]
 [   0.            0.            0.1496    ]]
Residual vector length: 324, Jacobian shape: (324, 6)
view   0 | SOD= 568.399 mm | SDD= 691.050 mm | M= 1.216 | incident=3.1588°
[[  24.652725   -567.51184     -20.000166  ]
 [   3.6213815   122.33069      14.999834  ]
 [   0.14939612    0.00780758    0.        ]
 [   0.            0.            0.1496    ]]

iter 23 cost=1.001134 -> 0.972042 |dtheta|=1.716867e-02  lambda=1.000e-06

============================================================
Iteration 24
============================================================
Theta offsets (Unity frame):
  Source   : dSx=   0.000, dSy=   0.000, dSz=   0.000  (mm)
  Object   : dOx=  -7.001, dOy=  -2.000, dOz=  -7.975  (mm)
  Object offset: offset_x=  -0.000, offset_z=   0.000  (mm)
  Detector : dDx=   0.000, dDy=   0.000, dDz=   0.000  (mm)
  Obj Stage rotY :    2.992 deg
============================================================

Unity geometry (world coordinates):
  Source   : x=  -5.000, y=  38.000, z=   0.000
  Object   : x=  -0.001, y=  18.000, z= 568.025
  Detector : x=  10.000, y=   3.000, z= 690.000
  Obj rotY :   0.0000 deg
view   0 | SOD= 568.399 mm | SDD= 691.050 mm | M= 1.216 | incident=3.1588°
[[  24.652725   -567.51184     -20.000166  ]
 [   3.6213815   122.33069      14.999834  ]
 [   0.14939612    0.00780758    0.        ]
 [   0.            0.            0.1496    ]]
Residual vector length: 324, Jacobian shape: (324, 6)
view   0 | SOD= 568.375 mm | SDD= 691.050 mm | M= 1.216 | incident=3.1588°
[[  24.586683   -567.49054     -19.999022  ]
 [   3.6340497   122.35435      15.000978  ]
 [   0.14939702    0.00779053    0.        ]
 [   0.            0.            0.1496    ]]

iter 24 cost=0.972042 -> 0.942821 |dtheta|=2.535133e-02  lambda=1.000e-06

============================================================
Iteration 25
============================================================
Theta offsets (Unity frame):
  Source   : dSx=   0.000, dSy=   0.000, dSz=   0.000  (mm)
  Object   : dOx=  -7.001, dOy=  -1.999, dOz=  -8.000  (mm)
  Object offset: offset_x=   0.000, offset_z=   0.001  (mm)
  Detector : dDx=   0.000, dDy=   0.000, dDz=   0.000  (mm)
  Obj Stage rotY :    2.985 deg
============================================================

Unity geometry (world coordinates):
  Source   : x=  -5.000, y=  38.000, z=   0.000
  Object   : x=  -0.001, y=  18.001, z= 568.000
  Detector : x=  10.000, y=   3.000, z= 690.000
  Obj rotY :   0.0000 deg
view   0 | SOD= 568.375 mm | SDD= 691.050 mm | M= 1.216 | incident=3.1588°
[[  24.586683   -567.49054     -19.999022  ]
 [   3.6340497   122.35435      15.000978  ]
 [   0.14939702    0.00779053    0.        ]
 [   0.            0.            0.1496    ]]
Residual vector length: 324, Jacobian shape: (324, 6)
view   0 | SOD= 568.373 mm | SDD= 691.050 mm | M= 1.216 | incident=3.1588°
[[  24.627949   -567.48724     -19.998844  ]
 [   3.6252387   122.35614      15.001156  ]
 [   0.14939645    0.00780138    0.        ]
 [   0.            0.            0.1496    ]]

iter 25 cost=0.942821 -> 0.915330 |dtheta|=4.341573e-03  lambda=1.000e-06

============================================================
Iteration 26
============================================================
Theta offsets (Unity frame):
  Source   : dSx=   0.000, dSy=   0.000, dSz=   0.000  (mm)
  Object   : dOx=  -7.001, dOy=  -1.999, dOz=  -8.001  (mm)
  Object offset: offset_x=  -0.000, offset_z=   0.000  (mm)
  Detector : dDx=   0.000, dDy=   0.000, dDz=   0.000  (mm)
  Obj Stage rotY :    2.989 deg
============================================================

Unity geometry (world coordinates):
  Source   : x=  -5.000, y=  38.000, z=   0.000
  Object   : x=  -0.001, y=  18.001, z= 567.999
  Detector : x=  10.000, y=   3.000, z= 690.000
  Obj rotY :   0.0000 deg
view   0 | SOD= 568.373 mm | SDD= 691.050 mm | M= 1.216 | incident=3.1588°
[[  24.627949   -567.48724     -19.998844  ]
 [   3.6252387   122.35614      15.001156  ]
 [   0.14939645    0.00780138    0.        ]
 [   0.            0.            0.1496    ]]
Residual vector length: 324, Jacobian shape: (324, 6)
view   0 | SOD= 568.369 mm | SDD= 691.050 mm | M= 1.216 | incident=3.1588°
[[  24.58806    -567.48474     -19.99868   ]
 [   3.6336708   122.3601       15.00132   ]
 [   0.14939699    0.00779092    0.        ]
 [   0.            0.            0.1496    ]]

iter 26 cost=0.915330 -> 0.935647 |dtheta|=6.557853e-03  lambda=1.000e-06

============================================================
Iteration 27
============================================================
Theta offsets (Unity frame):
  Source   : dSx=   0.000, dSy=   0.000, dSz=   0.000  (mm)
  Object   : dOx=  -7.001, dOy=  -1.999, dOz=  -8.001  (mm)
  Object offset: offset_x=  -0.000, offset_z=   0.000  (mm)
  Detector : dDx=   0.000, dDy=   0.000, dDz=   0.000  (mm)
  Obj Stage rotY :    2.989 deg
============================================================

Unity geometry (world coordinates):
  Source   : x=  -5.000, y=  38.000, z=   0.000
  Object   : x=  -0.001, y=  18.001, z= 567.999
  Detector : x=  10.000, y=   3.000, z= 690.000
  Obj rotY :   0.0000 deg
view   0 | SOD= 568.373 mm | SDD= 691.050 mm | M= 1.216 | incident=3.1588°
[[  24.627949   -567.48724     -19.998844  ]
 [   3.6252387   122.35614      15.001156  ]
 [   0.14939645    0.00780138    0.        ]
 [   0.            0.            0.1496    ]]
Residual vector length: 324, Jacobian shape: (324, 6)
view   0 | SOD= 568.369 mm | SDD= 691.050 mm | M= 1.216 | incident=3.1588°
[[  24.58806    -567.48474     -19.99868   ]
 [   3.6336708   122.3601       15.00132   ]
 [   0.14939699    0.00779092    0.        ]
 [   0.            0.            0.1496    ]]

iter 27 cost=0.915330 -> 0.935647 |dtheta|=6.557853e-03  lambda=5.000e-06

============================================================
Iteration 28
============================================================
Theta offsets (Unity frame):
  Source   : dSx=   0.000, dSy=   0.000, dSz=   0.000  (mm)
  Object   : dOx=  -7.001, dOy=  -1.999, dOz=  -8.001  (mm)
  Object offset: offset_x=  -0.000, offset_z=   0.000  (mm)
  Detector : dDx=   0.000, dDy=   0.000, dDz=   0.000  (mm)
  Obj Stage rotY :    2.989 deg
============================================================

Unity geometry (world coordinates):
  Source   : x=  -5.000, y=  38.000, z=   0.000
  Object   : x=  -0.001, y=  18.001, z= 567.999
  Detector : x=  10.000, y=   3.000, z= 690.000
  Obj rotY :   0.0000 deg
view   0 | SOD= 568.373 mm | SDD= 691.050 mm | M= 1.216 | incident=3.1588°
[[  24.627949   -567.48724     -19.998844  ]
 [   3.6252387   122.35614      15.001156  ]
 [   0.14939645    0.00780138    0.        ]
 [   0.            0.            0.1496    ]]
Residual vector length: 324, Jacobian shape: (324, 6)
view   0 | SOD= 568.369 mm | SDD= 691.050 mm | M= 1.216 | incident=3.1588°
[[  24.58806    -567.48474     -19.99868   ]
 [   3.6336708   122.3601       15.00132   ]
 [   0.14939699    0.00779092    0.        ]
 [   0.            0.            0.1496    ]]

iter 28 cost=0.915330 -> 0.935647 |dtheta|=6.557852e-03  lambda=2.500e-05

============================================================
Iteration 29
============================================================
Theta offsets (Unity frame):
  Source   : dSx=   0.000, dSy=   0.000, dSz=   0.000  (mm)
  Object   : dOx=  -7.001, dOy=  -1.999, dOz=  -8.001  (mm)
  Object offset: offset_x=  -0.000, offset_z=   0.000  (mm)
  Detector : dDx=   0.000, dDy=   0.000, dDz=   0.000  (mm)
  Obj Stage rotY :    2.989 deg
============================================================

Unity geometry (world coordinates):
  Source   : x=  -5.000, y=  38.000, z=   0.000
  Object   : x=  -0.001, y=  18.001, z= 567.999
  Detector : x=  10.000, y=   3.000, z= 690.000
  Obj rotY :   0.0000 deg
view   0 | SOD= 568.373 mm | SDD= 691.050 mm | M= 1.216 | incident=3.1588°
[[  24.627949   -567.48724     -19.998844  ]
 [   3.6252387   122.35614      15.001156  ]
 [   0.14939645    0.00780138    0.        ]
 [   0.            0.            0.1496    ]]
Residual vector length: 324, Jacobian shape: (324, 6)
view   0 | SOD= 568.369 mm | SDD= 691.050 mm | M= 1.216 | incident=3.1588°
[[  24.58806    -567.48474     -19.99868   ]
 [   3.6336708   122.3601       15.00132   ]
 [   0.14939699    0.00779092    0.        ]
 [   0.            0.            0.1496    ]]

iter 29 cost=0.915330 -> 0.935647 |dtheta|=6.557849e-03  lambda=1.250e-04

============================================================
Iteration 30
============================================================
Theta offsets (Unity frame):
  Source   : dSx=   0.000, dSy=   0.000, dSz=   0.000  (mm)
  Object   : dOx=  -7.001, dOy=  -1.999, dOz=  -8.001  (mm)
  Object offset: offset_x=  -0.000, offset_z=   0.000  (mm)
  Detector : dDx=   0.000, dDy=   0.000, dDz=   0.000  (mm)
  Obj Stage rotY :    2.989 deg
============================================================

Unity geometry (world coordinates):
  Source   : x=  -5.000, y=  38.000, z=   0.000
  Object   : x=  -0.001, y=  18.001, z= 567.999
  Detector : x=  10.000, y=   3.000, z= 690.000
  Obj rotY :   0.0000 deg
view   0 | SOD= 568.373 mm | SDD= 691.050 mm | M= 1.216 | incident=3.1588°
[[  24.627949   -567.48724     -19.998844  ]
 [   3.6252387   122.35614      15.001156  ]
 [   0.14939645    0.00780138    0.        ]
 [   0.            0.            0.1496    ]]
Residual vector length: 324, Jacobian shape: (324, 6)
view   0 | SOD= 568.369 mm | SDD= 691.050 mm | M= 1.216 | incident=3.1588°
[[  24.58806    -567.48474     -19.99868   ]
 [   3.6336708   122.3601       15.00132   ]
 [   0.14939699    0.00779092    0.        ]
 [   0.            0.            0.1496    ]]

iter 30 cost=0.915330 -> 0.935647 |dtheta|=6.557832e-03  lambda=6.250e-04

============================================================
Iteration 31
============================================================
Theta offsets (Unity frame):
  Source   : dSx=   0.000, dSy=   0.000, dSz=   0.000  (mm)
  Object   : dOx=  -7.001, dOy=  -1.999, dOz=  -8.001  (mm)
  Object offset: offset_x=  -0.000, offset_z=   0.000  (mm)
  Detector : dDx=   0.000, dDy=   0.000, dDz=   0.000  (mm)
  Obj Stage rotY :    2.989 deg
============================================================

Unity geometry (world coordinates):
  Source   : x=  -5.000, y=  38.000, z=   0.000
  Object   : x=  -0.001, y=  18.001, z= 567.999
  Detector : x=  10.000, y=   3.000, z= 690.000
  Obj rotY :   0.0000 deg
view   0 | SOD= 568.373 mm | SDD= 691.050 mm | M= 1.216 | incident=3.1588°
[[  24.627949   -567.48724     -19.998844  ]
 [   3.6252387   122.35614      15.001156  ]
 [   0.14939645    0.00780138    0.        ]
 [   0.            0.            0.1496    ]]
Residual vector length: 324, Jacobian shape: (324, 6)
view   0 | SOD= 568.369 mm | SDD= 691.050 mm | M= 1.216 | incident=3.1588°
[[  24.58806    -567.48474     -19.99868   ]
 [   3.6336708   122.3601       15.00132   ]
 [   0.14939699    0.00779092    0.        ]
 [   0.            0.            0.1496    ]]

iter 31 cost=0.915330 -> 0.935647 |dtheta|=6.557745e-03  lambda=3.125e-03

============================================================
Iteration 32
============================================================
Theta offsets (Unity frame):
  Source   : dSx=   0.000, dSy=   0.000, dSz=   0.000  (mm)
  Object   : dOx=  -7.001, dOy=  -1.999, dOz=  -8.001  (mm)
  Object offset: offset_x=  -0.000, offset_z=   0.000  (mm)
  Detector : dDx=   0.000, dDy=   0.000, dDz=   0.000  (mm)
  Obj Stage rotY :    2.989 deg
============================================================

Unity geometry (world coordinates):
  Source   : x=  -5.000, y=  38.000, z=   0.000
  Object   : x=  -0.001, y=  18.001, z= 567.999
  Detector : x=  10.000, y=   3.000, z= 690.000
  Obj rotY :   0.0000 deg
view   0 | SOD= 568.373 mm | SDD= 691.050 mm | M= 1.216 | incident=3.1588°
[[  24.627949   -567.48724     -19.998844  ]
 [   3.6252387   122.35614      15.001156  ]
 [   0.14939645    0.00780138    0.        ]
 [   0.            0.            0.1496    ]]
Residual vector length: 324, Jacobian shape: (324, 6)
view   0 | SOD= 568.369 mm | SDD= 691.050 mm | M= 1.216 | incident=3.1588°
[[  24.58806    -567.48474     -19.99868   ]
 [   3.6336696   122.3601       15.00132   ]
 [   0.14939699    0.00779092    0.        ]
 [   0.            0.            0.1496    ]]

iter 32 cost=0.915330 -> 0.935647 |dtheta|=6.557312e-03  lambda=1.562e-02

============================================================
Iteration 33
============================================================
Theta offsets (Unity frame):
  Source   : dSx=   0.000, dSy=   0.000, dSz=   0.000  (mm)
  Object   : dOx=  -7.001, dOy=  -1.999, dOz=  -8.001  (mm)
  Object offset: offset_x=  -0.000, offset_z=   0.000  (mm)
  Detector : dDx=   0.000, dDy=   0.000, dDz=   0.000  (mm)
  Obj Stage rotY :    2.989 deg
============================================================

Unity geometry (world coordinates):
  Source   : x=  -5.000, y=  38.000, z=   0.000
  Object   : x=  -0.001, y=  18.001, z= 567.999
  Detector : x=  10.000, y=   3.000, z= 690.000
  Obj rotY :   0.0000 deg
view   0 | SOD= 568.373 mm | SDD= 691.050 mm | M= 1.216 | incident=3.1588°
[[  24.627949   -567.48724     -19.998844  ]
 [   3.6252387   122.35614      15.001156  ]
 [   0.14939645    0.00780138    0.        ]
 [   0.            0.            0.1496    ]]
Residual vector length: 324, Jacobian shape: (324, 6)
view   0 | SOD= 568.369 mm | SDD= 691.050 mm | M= 1.216 | incident=3.1588°
[[  24.588066   -567.48474     -19.99868   ]
 [   3.6336684   122.3601       15.00132   ]
 [   0.14939699    0.00779092    0.        ]
 [   0.            0.            0.1496    ]]

iter 33 cost=0.915330 -> 0.935647 |dtheta|=6.555148e-03  lambda=7.812e-02

============================================================
Iteration 34
============================================================
Theta offsets (Unity frame):
  Source   : dSx=   0.000, dSy=   0.000, dSz=   0.000  (mm)
  Object   : dOx=  -7.001, dOy=  -1.999, dOz=  -8.001  (mm)
  Object offset: offset_x=  -0.000, offset_z=   0.000  (mm)
  Detector : dDx=   0.000, dDy=   0.000, dDz=   0.000  (mm)
  Obj Stage rotY :    2.989 deg
============================================================

Unity geometry (world coordinates):
  Source   : x=  -5.000, y=  38.000, z=   0.000
  Object   : x=  -0.001, y=  18.001, z= 567.999
  Detector : x=  10.000, y=   3.000, z= 690.000
  Obj rotY :   0.0000 deg
view   0 | SOD= 568.373 mm | SDD= 691.050 mm | M= 1.216 | incident=3.1588°
[[  24.627949   -567.48724     -19.998844  ]
 [   3.6252387   122.35614      15.001156  ]
 [   0.14939645    0.00780138    0.        ]
 [   0.            0.            0.1496    ]]
Residual vector length: 324, Jacobian shape: (324, 6)
view   0 | SOD= 568.369 mm | SDD= 691.050 mm | M= 1.216 | incident=3.1588°
[[  24.588089   -567.48474     -19.99868   ]
 [   3.6336632   122.3601       15.00132   ]
 [   0.14939699    0.00779092    0.        ]
 [   0.            0.            0.1496    ]]

iter 34 cost=0.915330 -> 0.935647 |dtheta|=6.544357e-03  lambda=3.906e-01

============================================================
Iteration 35
============================================================
Theta offsets (Unity frame):
  Source   : dSx=   0.000, dSy=   0.000, dSz=   0.000  (mm)
  Object   : dOx=  -7.001, dOy=  -1.999, dOz=  -8.001  (mm)
  Object offset: offset_x=  -0.000, offset_z=   0.000  (mm)
  Detector : dDx=   0.000, dDy=   0.000, dDz=   0.000  (mm)
  Obj Stage rotY :    2.989 deg
============================================================

Unity geometry (world coordinates):
  Source   : x=  -5.000, y=  38.000, z=   0.000
  Object   : x=  -0.001, y=  18.001, z= 567.999
  Detector : x=  10.000, y=   3.000, z= 690.000
  Obj rotY :   0.0000 deg
view   0 | SOD= 568.373 mm | SDD= 691.050 mm | M= 1.216 | incident=3.1588°
[[  24.627949   -567.48724     -19.998844  ]
 [   3.6252387   122.35614      15.001156  ]
 [   0.14939645    0.00780138    0.        ]
 [   0.            0.            0.1496    ]]
Residual vector length: 324, Jacobian shape: (324, 6)
view   0 | SOD= 568.369 mm | SDD= 691.050 mm | M= 1.216 | incident=3.1588°
[[  24.588215   -567.4848      -19.998684  ]
 [   3.633639    122.36004      15.001316  ]
 [   0.14939699    0.00779096    0.        ]
 [   0.            0.            0.1496    ]]

iter 35 cost=0.915330 -> 0.935647 |dtheta|=6.491143e-03  lambda=1.953e+00

============================================================
Iteration 36
============================================================
Theta offsets (Unity frame):
  Source   : dSx=   0.000, dSy=   0.000, dSz=   0.000  (mm)
  Object   : dOx=  -7.001, dOy=  -1.999, dOz=  -8.001  (mm)
  Object offset: offset_x=  -0.000, offset_z=   0.000  (mm)
  Detector : dDx=   0.000, dDy=   0.000, dDz=   0.000  (mm)
  Obj Stage rotY :    2.989 deg
============================================================

Unity geometry (world coordinates):
  Source   : x=  -5.000, y=  38.000, z=   0.000
  Object   : x=  -0.001, y=  18.001, z= 567.999
  Detector : x=  10.000, y=   3.000, z= 690.000
  Obj rotY :   0.0000 deg
view   0 | SOD= 568.373 mm | SDD= 691.050 mm | M= 1.216 | incident=3.1588°
[[  24.627949   -567.48724     -19.998844  ]
 [   3.6252387   122.35614      15.001156  ]
 [   0.14939645    0.00780138    0.        ]
 [   0.            0.            0.1496    ]]
Residual vector length: 324, Jacobian shape: (324, 6)
view   0 | SOD= 568.370 mm | SDD= 691.050 mm | M= 1.216 | incident=3.1588°
[[  24.588825   -567.4851      -19.998695  ]
 [   3.6335196   122.35974      15.001305  ]
 [   0.14939699    0.00779111    0.        ]
 [   0.            0.            0.1496    ]]

iter 36 cost=0.915330 -> 0.932029 |dtheta|=6.242296e-03  lambda=9.766e+00

============================================================
Iteration 37
============================================================
Theta offsets (Unity frame):
  Source   : dSx=   0.000, dSy=   0.000, dSz=   0.000  (mm)
  Object   : dOx=  -7.001, dOy=  -1.999, dOz=  -8.001  (mm)
  Object offset: offset_x=  -0.000, offset_z=   0.000  (mm)
  Detector : dDx=   0.000, dDy=   0.000, dDz=   0.000  (mm)
  Obj Stage rotY :    2.989 deg
============================================================

Unity geometry (world coordinates):
  Source   : x=  -5.000, y=  38.000, z=   0.000
  Object   : x=  -0.001, y=  18.001, z= 567.999
  Detector : x=  10.000, y=   3.000, z= 690.000
  Obj rotY :   0.0000 deg
view   0 | SOD= 568.373 mm | SDD= 691.050 mm | M= 1.216 | incident=3.1588°
[[  24.627949   -567.48724     -19.998844  ]
 [   3.6252387   122.35614      15.001156  ]
 [   0.14939645    0.00780138    0.        ]
 [   0.            0.            0.1496    ]]
Residual vector length: 324, Jacobian shape: (324, 6)
view   0 | SOD= 568.370 mm | SDD= 691.050 mm | M= 1.216 | incident=3.1588°
[[  24.591625   -567.48596     -19.998743  ]
 [   3.6329534   122.35878      15.001257  ]
 [   0.14939694    0.00779184    0.        ]
 [   0.            0.            0.1496    ]]

iter 37 cost=0.915330 -> 0.933973 |dtheta|=5.309454e-03  lambda=4.883e+01

============================================================
Iteration 38
============================================================
Theta offsets (Unity frame):
  Source   : dSx=   0.000, dSy=   0.000, dSz=   0.000  (mm)
  Object   : dOx=  -7.001, dOy=  -1.999, dOz=  -8.001  (mm)
  Object offset: offset_x=  -0.000, offset_z=   0.000  (mm)
  Detector : dDx=   0.000, dDy=   0.000, dDz=   0.000  (mm)
  Obj Stage rotY :    2.989 deg
============================================================

Unity geometry (world coordinates):
  Source   : x=  -5.000, y=  38.000, z=   0.000
  Object   : x=  -0.001, y=  18.001, z= 567.999
  Detector : x=  10.000, y=   3.000, z= 690.000
  Obj rotY :   0.0000 deg
view   0 | SOD= 568.373 mm | SDD= 691.050 mm | M= 1.216 | incident=3.1588°
[[  24.627949   -567.48724     -19.998844  ]
 [   3.6252387   122.35614      15.001156  ]
 [   0.14939645    0.00780138    0.        ]
 [   0.            0.            0.1496    ]]
Residual vector length: 324, Jacobian shape: (324, 6)
view   0 | SOD= 568.372 mm | SDD= 691.050 mm | M= 1.216 | incident=3.1588°
[[  24.601261   -567.4875      -19.99884   ]
 [   3.6309543   122.35689      15.00116   ]
 [   0.1493968     0.00779436    0.        ]
 [   0.            0.            0.1496    ]]

iter 38 cost=0.915330 -> 0.947160 |dtheta|=3.363956e-03  lambda=2.441e+02

============================================================
Iteration 39
============================================================
Theta offsets (Unity frame):
  Source   : dSx=   0.000, dSy=   0.000, dSz=   0.000  (mm)
  Object   : dOx=  -7.001, dOy=  -1.999, dOz=  -8.001  (mm)
  Object offset: offset_x=  -0.000, offset_z=   0.000  (mm)
  Detector : dDx=   0.000, dDy=   0.000, dDz=   0.000  (mm)
  Obj Stage rotY :    2.989 deg
============================================================

Unity geometry (world coordinates):
  Source   : x=  -5.000, y=  38.000, z=   0.000
  Object   : x=  -0.001, y=  18.001, z= 567.999
  Detector : x=  10.000, y=   3.000, z= 690.000
  Obj rotY :   0.0000 deg
view   0 | SOD= 568.373 mm | SDD= 691.050 mm | M= 1.216 | incident=3.1588°
[[  24.627949   -567.48724     -19.998844  ]
 [   3.6252387   122.35614      15.001156  ]
 [   0.14939645    0.00780138    0.        ]
 [   0.            0.            0.1496    ]]
Residual vector length: 324, Jacobian shape: (324, 6)
view   0 | SOD= 568.374 mm | SDD= 691.050 mm | M= 1.216 | incident=3.1588°
[[  24.616518   -567.4879      -19.99892   ]
 [   3.6277103   122.35589      15.00108   ]
 [   0.1493966     0.00779837    0.        ]
 [   0.            0.            0.1496    ]]

iter 39 cost=0.915330 -> 0.933708 |dtheta|=1.479474e-03  lambda=1.221e+03

============================================================
Iteration 40
============================================================
Theta offsets (Unity frame):
  Source   : dSx=   0.000, dSy=   0.000, dSz=   0.000  (mm)
  Object   : dOx=  -7.001, dOy=  -1.999, dOz=  -8.001  (mm)
  Object offset: offset_x=  -0.000, offset_z=   0.000  (mm)
  Detector : dDx=   0.000, dDy=   0.000, dDz=   0.000  (mm)
  Obj Stage rotY :    2.989 deg
============================================================

Unity geometry (world coordinates):
  Source   : x=  -5.000, y=  38.000, z=   0.000
  Object   : x=  -0.001, y=  18.001, z= 567.999
  Detector : x=  10.000, y=   3.000, z= 690.000
  Obj rotY :   0.0000 deg
view   0 | SOD= 568.373 mm | SDD= 691.050 mm | M= 1.216 | incident=3.1588°
[[  24.627949   -567.48724     -19.998844  ]
 [   3.6252387   122.35614      15.001156  ]
 [   0.14939645    0.00780138    0.        ]
 [   0.            0.            0.1496    ]]
Residual vector length: 324, Jacobian shape: (324, 6)
view   0 | SOD= 568.374 mm | SDD= 691.050 mm | M= 1.216 | incident=3.1588°
[[  24.625011  -567.48773    -19.998922 ]
 [   3.6259034  122.35576     15.001078 ]
 [   0.1493965    0.0078006    0.       ]
 [   0.           0.           0.1496   ]]

iter 40 cost=0.915330 -> 0.924962 |dtheta|=5.680816e-04  lambda=6.104e+03

============================================================
Iteration 41
============================================================
Theta offsets (Unity frame):
  Source   : dSx=   0.000, dSy=   0.000, dSz=   0.000  (mm)
  Object   : dOx=  -7.001, dOy=  -1.999, dOz=  -8.001  (mm)
  Object offset: offset_x=  -0.000, offset_z=   0.000  (mm)
  Detector : dDx=   0.000, dDy=   0.000, dDz=   0.000  (mm)
  Obj Stage rotY :    2.989 deg
============================================================

Unity geometry (world coordinates):
  Source   : x=  -5.000, y=  38.000, z=   0.000
  Object   : x=  -0.001, y=  18.001, z= 567.999
  Detector : x=  10.000, y=   3.000, z= 690.000
  Obj rotY :   0.0000 deg
view   0 | SOD= 568.373 mm | SDD= 691.050 mm | M= 1.216 | incident=3.1588°
[[  24.627949   -567.48724     -19.998844  ]
 [   3.6252387   122.35614      15.001156  ]
 [   0.14939645    0.00780138    0.        ]
 [   0.            0.            0.1496    ]]
Residual vector length: 324, Jacobian shape: (324, 6)
view   0 | SOD= 568.373 mm | SDD= 691.050 mm | M= 1.216 | incident=3.1588°
[[  24.627333   -567.48737     -19.998878  ]
 [   3.6253905   122.35602      15.0011215 ]
 [   0.14939645    0.00780121    0.        ]
 [   0.            0.            0.1496    ]]

iter 41 cost=0.915330 -> 0.916618 |dtheta|=1.757552e-04  lambda=3.052e+04

============================================================
Iteration 42
============================================================
Theta offsets (Unity frame):
  Source   : dSx=   0.000, dSy=   0.000, dSz=   0.000  (mm)
  Object   : dOx=  -7.001, dOy=  -1.999, dOz=  -8.001  (mm)
  Object offset: offset_x=  -0.000, offset_z=   0.000  (mm)
  Detector : dDx=   0.000, dDy=   0.000, dDz=   0.000  (mm)
  Obj Stage rotY :    2.989 deg
============================================================

Unity geometry (world coordinates):
  Source   : x=  -5.000, y=  38.000, z=   0.000
  Object   : x=  -0.001, y=  18.001, z= 567.999
  Detector : x=  10.000, y=   3.000, z= 690.000
  Obj rotY :   0.0000 deg
view   0 | SOD= 568.373 mm | SDD= 691.050 mm | M= 1.216 | incident=3.1588°
[[  24.627949   -567.48724     -19.998844  ]
 [   3.6252387   122.35614      15.001156  ]
 [   0.14939645    0.00780138    0.        ]
 [   0.            0.            0.1496    ]]
Residual vector length: 324, Jacobian shape: (324, 6)
view   0 | SOD= 568.373 mm | SDD= 691.050 mm | M= 1.216 | incident=3.1588°
[[  24.627823   -567.48724     -19.998854  ]
 [   3.6252692   122.35614      15.001146  ]
 [   0.14939645    0.00780135    0.        ]
 [   0.            0.            0.1496    ]]

iter 42 cost=0.915330 -> 0.914373 |dtheta|=4.058134e-05  lambda=1.526e+05

============================================================
Iteration 43
============================================================
Theta offsets (Unity frame):
  Source   : dSx=   0.000, dSy=   0.000, dSz=   0.000  (mm)
  Object   : dOx=  -7.001, dOy=  -1.999, dOz=  -8.001  (mm)
  Object offset: offset_x=  -0.000, offset_z=   0.000  (mm)
  Detector : dDx=   0.000, dDy=   0.000, dDz=   0.000  (mm)
  Obj Stage rotY :    2.989 deg
============================================================

Unity geometry (world coordinates):
  Source   : x=  -5.000, y=  38.000, z=   0.000
  Object   : x=  -0.001, y=  18.001, z= 567.999
  Detector : x=  10.000, y=   3.000, z= 690.000
  Obj rotY :   0.0000 deg
view   0 | SOD= 568.373 mm | SDD= 691.050 mm | M= 1.216 | incident=3.1588°
[[  24.627823   -567.48724     -19.998854  ]
 [   3.6252692   122.35614      15.001146  ]
 [   0.14939645    0.00780135    0.        ]
 [   0.            0.            0.1496    ]]
Residual vector length: 324, Jacobian shape: (324, 6)
view   0 | SOD= 568.373 mm | SDD= 691.050 mm | M= 1.216 | incident=3.1588°
[[  24.627398   -567.48737     -19.998878  ]
 [   3.625377    122.35602      15.0011215 ]
 [   0.14939645    0.00780123    0.        ]
 [   0.            0.            0.1496    ]]

iter 43 cost=0.914373 -> 0.921250 |dtheta|=1.130972e-04  lambda=5.086e+04

============================================================
Iteration 44
============================================================
Theta offsets (Unity frame):
  Source   : dSx=   0.000, dSy=   0.000, dSz=   0.000  (mm)
  Object   : dOx=  -7.001, dOy=  -1.999, dOz=  -8.001  (mm)
  Object offset: offset_x=  -0.000, offset_z=   0.000  (mm)
  Detector : dDx=   0.000, dDy=   0.000, dDz=   0.000  (mm)
  Obj Stage rotY :    2.989 deg
============================================================

Unity geometry (world coordinates):
  Source   : x=  -5.000, y=  38.000, z=   0.000
  Object   : x=  -0.001, y=  18.001, z= 567.999
  Detector : x=  10.000, y=   3.000, z= 690.000
  Obj rotY :   0.0000 deg
view   0 | SOD= 568.373 mm | SDD= 691.050 mm | M= 1.216 | incident=3.1588°
[[  24.627823   -567.48724     -19.998854  ]
 [   3.6252692   122.35614      15.001146  ]
 [   0.14939645    0.00780135    0.        ]
 [   0.            0.            0.1496    ]]
Residual vector length: 324, Jacobian shape: (324, 6)
view   0 | SOD= 568.373 mm | SDD= 691.050 mm | M= 1.216 | incident=3.1588°
[[  24.62774    -567.4873      -19.99886   ]
 [   3.6252933   122.35608      15.001141  ]
 [   0.14939645    0.00780132    0.        ]
 [   0.            0.            0.1496    ]]

iter 44 cost=0.914373 -> 0.918569 |dtheta|=2.472502e-05  lambda=2.543e+05

============================================================
Iteration 45
============================================================
Theta offsets (Unity frame):
  Source   : dSx=   0.000, dSy=   0.000, dSz=   0.000  (mm)
  Object   : dOx=  -7.001, dOy=  -1.999, dOz=  -8.001  (mm)
  Object offset: offset_x=  -0.000, offset_z=   0.000  (mm)
  Detector : dDx=   0.000, dDy=   0.000, dDz=   0.000  (mm)
  Obj Stage rotY :    2.989 deg
============================================================

Unity geometry (world coordinates):
  Source   : x=  -5.000, y=  38.000, z=   0.000
  Object   : x=  -0.001, y=  18.001, z= 567.999
  Detector : x=  10.000, y=   3.000, z= 690.000
  Obj rotY :   0.0000 deg
view   0 | SOD= 568.373 mm | SDD= 691.050 mm | M= 1.216 | incident=3.1588°
[[  24.627823   -567.48724     -19.998854  ]
 [   3.6252692   122.35614      15.001146  ]
 [   0.14939645    0.00780135    0.        ]
 [   0.            0.            0.1496    ]]
Residual vector length: 324, Jacobian shape: (324, 6)
view   0 | SOD= 568.373 mm | SDD= 691.050 mm | M= 1.216 | incident=3.1588°
[[  24.627802   -567.48724     -19.998856  ]
 [   3.625275    122.35614      15.001144  ]
 [   0.14939645    0.00780134    0.        ]
 [   0.            0.            0.1496    ]]

iter 45 cost=0.914373 -> 0.916872 |dtheta|=6.403237e-06  lambda=1.000e+06

============================================================
Iteration 46
============================================================
Theta offsets (Unity frame):
  Source   : dSx=   0.000, dSy=   0.000, dSz=   0.000  (mm)
  Object   : dOx=  -7.001, dOy=  -1.999, dOz=  -8.001  (mm)
  Object offset: offset_x=  -0.000, offset_z=   0.000  (mm)
  Detector : dDx=   0.000, dDy=   0.000, dDz=   0.000  (mm)
  Obj Stage rotY :    2.989 deg
============================================================

Unity geometry (world coordinates):
  Source   : x=  -5.000, y=  38.000, z=   0.000
  Object   : x=  -0.001, y=  18.001, z= 567.999
  Detector : x=  10.000, y=   3.000, z= 690.000
  Obj rotY :   0.0000 deg
view   0 | SOD= 568.373 mm | SDD= 691.050 mm | M= 1.216 | incident=3.1588°
[[  24.627823   -567.48724     -19.998854  ]
 [   3.6252692   122.35614      15.001146  ]
 [   0.14939645    0.00780135    0.        ]
 [   0.            0.            0.1496    ]]
Residual vector length: 324, Jacobian shape: (324, 6)
view   0 | SOD= 568.373 mm | SDD= 691.050 mm | M= 1.216 | incident=3.1588°
[[  24.627802   -567.48724     -19.998856  ]
 [   3.625275    122.35614      15.001144  ]
 [   0.14939645    0.00780134    0.        ]
 [   0.            0.            0.1496    ]]

iter 46 cost=0.914373 -> 0.916872 |dtheta|=6.403237e-06  lambda=1.000e+06

============================================================
Iteration 47
============================================================
Theta offsets (Unity frame):
  Source   : dSx=   0.000, dSy=   0.000, dSz=   0.000  (mm)
  Object   : dOx=  -7.001, dOy=  -1.999, dOz=  -8.001  (mm)
  Object offset: offset_x=  -0.000, offset_z=   0.000  (mm)
  Detector : dDx=   0.000, dDy=   0.000, dDz=   0.000  (mm)
  Obj Stage rotY :    2.989 deg
============================================================

Unity geometry (world coordinates):
  Source   : x=  -5.000, y=  38.000, z=   0.000
  Object   : x=  -0.001, y=  18.001, z= 567.999
  Detector : x=  10.000, y=   3.000, z= 690.000
  Obj rotY :   0.0000 deg
view   0 | SOD= 568.373 mm | SDD= 691.050 mm | M= 1.216 | incident=3.1588°
[[  24.627823   -567.48724     -19.998854  ]
 [   3.6252692   122.35614      15.001146  ]
 [   0.14939645    0.00780135    0.        ]
 [   0.            0.            0.1496    ]]
Residual vector length: 324, Jacobian shape: (324, 6)
view   0 | SOD= 568.373 mm | SDD= 691.050 mm | M= 1.216 | incident=3.1588°
[[  24.627802   -567.48724     -19.998856  ]
 [   3.625275    122.35614      15.001144  ]
 [   0.14939645    0.00780134    0.        ]
 [   0.            0.            0.1496    ]]

iter 47 cost=0.914373 -> 0.916872 |dtheta|=6.403237e-06  lambda=1.000e+06

============================================================
Iteration 48
============================================================
Theta offsets (Unity frame):
  Source   : dSx=   0.000, dSy=   0.000, dSz=   0.000  (mm)
  Object   : dOx=  -7.001, dOy=  -1.999, dOz=  -8.001  (mm)
  Object offset: offset_x=  -0.000, offset_z=   0.000  (mm)
  Detector : dDx=   0.000, dDy=   0.000, dDz=   0.000  (mm)
  Obj Stage rotY :    2.989 deg
============================================================

Unity geometry (world coordinates):
  Source   : x=  -5.000, y=  38.000, z=   0.000
  Object   : x=  -0.001, y=  18.001, z= 567.999
  Detector : x=  10.000, y=   3.000, z= 690.000
  Obj rotY :   0.0000 deg
view   0 | SOD= 568.373 mm | SDD= 691.050 mm | M= 1.216 | incident=3.1588°
[[  24.627823   -567.48724     -19.998854  ]
 [   3.6252692   122.35614      15.001146  ]
 [   0.14939645    0.00780135    0.        ]
 [   0.            0.            0.1496    ]]
Residual vector length: 324, Jacobian shape: (324, 6)
view   0 | SOD= 568.373 mm | SDD= 691.050 mm | M= 1.216 | incident=3.1588°
[[  24.627802   -567.48724     -19.998856  ]
 [   3.625275    122.35614      15.001144  ]
 [   0.14939645    0.00780134    0.        ]
 [   0.            0.            0.1496    ]]

iter 48 cost=0.914373 -> 0.916872 |dtheta|=6.403237e-06  lambda=1.000e+06

============================================================
Iteration 49
============================================================
Theta offsets (Unity frame):
  Source   : dSx=   0.000, dSy=   0.000, dSz=   0.000  (mm)
  Object   : dOx=  -7.001, dOy=  -1.999, dOz=  -8.001  (mm)
  Object offset: offset_x=  -0.000, offset_z=   0.000  (mm)
  Detector : dDx=   0.000, dDy=   0.000, dDz=   0.000  (mm)
  Obj Stage rotY :    2.989 deg
============================================================

Unity geometry (world coordinates):
  Source   : x=  -5.000, y=  38.000, z=   0.000
  Object   : x=  -0.001, y=  18.001, z= 567.999
  Detector : x=  10.000, y=   3.000, z= 690.000
  Obj rotY :   0.0000 deg
view   0 | SOD= 568.373 mm | SDD= 691.050 mm | M= 1.216 | incident=3.1588°
[[  24.627823   -567.48724     -19.998854  ]
 [   3.6252692   122.35614      15.001146  ]
 [   0.14939645    0.00780135    0.        ]
 [   0.            0.            0.1496    ]]
Residual vector length: 324, Jacobian shape: (324, 6)
view   0 | SOD= 568.373 mm | SDD= 691.050 mm | M= 1.216 | incident=3.1588°
[[  24.627802   -567.48724     -19.998856  ]
 [   3.625275    122.35614      15.001144  ]
 [   0.14939645    0.00780134    0.        ]
 [   0.            0.            0.1496    ]]

iter 49 cost=0.914373 -> 0.916872 |dtheta|=6.403237e-06  lambda=1.000e+06

============================================================
Iteration 50
============================================================
Theta offsets (Unity frame):
  Source   : dSx=   0.000, dSy=   0.000, dSz=   0.000  (mm)
  Object   : dOx=  -7.001, dOy=  -1.999, dOz=  -8.001  (mm)
  Object offset: offset_x=  -0.000, offset_z=   0.000  (mm)
  Detector : dDx=   0.000, dDy=   0.000, dDz=   0.000  (mm)
  Obj Stage rotY :    2.989 deg
============================================================

Unity geometry (world coordinates):
  Source   : x=  -5.000, y=  38.000, z=   0.000
  Object   : x=  -0.001, y=  18.001, z= 567.999
  Detector : x=  10.000, y=   3.000, z= 690.000
  Obj rotY :   0.0000 deg
view   0 | SOD= 568.373 mm | SDD= 691.050 mm | M= 1.216 | incident=3.1588°
[[  24.627823   -567.48724     -19.998854  ]
 [   3.6252692   122.35614      15.001146  ]
 [   0.14939645    0.00780135    0.        ]
 [   0.            0.            0.1496    ]]
Residual vector length: 324, Jacobian shape: (324, 6)
view   0 | SOD= 568.373 mm | SDD= 691.050 mm | M= 1.216 | incident=3.1588°
[[  24.627802   -567.48724     -19.998856  ]
 [   3.625275    122.35614      15.001144  ]
 [   0.14939645    0.00780134    0.        ]
 [   0.            0.            0.1496    ]]

iter 50 cost=0.914373 -> 0.916872 |dtheta|=6.403237e-06  lambda=1.000e+06

============================================================
Iteration 51
============================================================
Theta offsets (Unity frame):
  Source   : dSx=   0.000, dSy=   0.000, dSz=   0.000  (mm)
  Object   : dOx=  -7.001, dOy=  -1.999, dOz=  -8.001  (mm)
  Object offset: offset_x=  -0.000, offset_z=   0.000  (mm)
  Detector : dDx=   0.000, dDy=   0.000, dDz=   0.000  (mm)
  Obj Stage rotY :    2.989 deg
============================================================

Unity geometry (world coordinates):
  Source   : x=  -5.000, y=  38.000, z=   0.000
  Object   : x=  -0.001, y=  18.001, z= 567.999
  Detector : x=  10.000, y=   3.000, z= 690.000
  Obj rotY :   0.0000 deg
view   0 | SOD= 568.373 mm | SDD= 691.050 mm | M= 1.216 | incident=3.1588°
[[  24.627823   -567.48724     -19.998854  ]
 [   3.6252692   122.35614      15.001146  ]
 [   0.14939645    0.00780135    0.        ]
 [   0.            0.            0.1496    ]]
Residual vector length: 324, Jacobian shape: (324, 6)
view   0 | SOD= 568.373 mm | SDD= 691.050 mm | M= 1.216 | incident=3.1588°
[[  24.627802   -567.48724     -19.998856  ]
 [   3.625275    122.35614      15.001144  ]
 [   0.14939645    0.00780134    0.        ]
 [   0.            0.            0.1496    ]]

iter 51 cost=0.914373 -> 0.916872 |dtheta|=6.403237e-06  lambda=1.000e+06
Stalled.

Estimated theta:
  dSx: +0.000000
  dSy: +0.000000
  dOx: -7.000561
  dOy: -1.998853
  dOz: -8.000834
  dDx: +0.000000
  dDy: +0.000000
  dDz: +0.000000
alpha: +2.989218e+00 deg)
offset_x: -0.000408
offset_z: +0.000263

Final cost table:
Fake theta: [ 0.  0. -7. -2. -8.  0.  0.  0.  3.  0.  0.]
Final estimated theta: [ 0.          0.         -7.00056127 -1.99885334 -8.00083388  0.
  0.          0.          2.98921822 -0.00040812  0.00026261]
Diff from Expected: [ 0.          0.         -0.00056127  0.00114666 -0.00083388  0.
  0.          0.         -0.01078178 -0.00040812  0.00026261]
################################################################################

