Phantom already exists, skipping: cuboid_phantom_3_small.npy

################################################################################
Running cuboid=small scenario=G1 N_ANGLES=36, K=3
view   0 | SOD= 565.750 mm | SDD= 721.227 mm | M= 1.275 | incident=3.3432°
[[  57.21255    -562.1528      -28.        ]
 [ -18.490114    153.9744       12.        ]
 [   0.14903073    0.0130385     0.        ]
 [   0.            0.            0.1496    ]]
           image          x1          y1  area1          x2          y2  area2          x3          y3  area3
0   proj_000.png  549.489183  207.253606    832  444.651729  347.060179    781  549.489771  501.334537    831
1   proj_001.png  535.796163  207.471223    834  458.057471  346.666667    783  535.762530  501.989260    838
2   proj_002.png  520.758621  207.545779    841  472.661616  346.420455    792  520.776457  502.483948    841
3   proj_003.png  504.909416  207.547080    839  487.943517  346.247754    779  504.902381  502.632143    840
4   proj_004.png  488.829152  207.551971    837  503.325670  346.229885    783  488.765197  502.672229    839
5   proj_005.png  472.943847  207.544803    837  518.754789  346.347382    783  472.955900  502.533969    839
6   proj_006.png  457.895113  207.469607    839  533.351899  346.611392    790  457.812279  502.167651    847
7   proj_007.png  444.000000  207.395181    830  546.910600  346.964240    783  443.980838  501.504192    835
8   proj_008.png  431.660241  207.127711    830  559.020434  347.448276    783  431.747889  500.668275    829
9   proj_009.png  421.586957  206.851449    828  569.203562  348.000000    786  421.562954  499.674334    826
10  proj_010.png  413.804668  206.601966    814  577.422980  348.659091    792  413.795594  498.616891    817
11  proj_011.png  408.527094  206.375616    812  583.111950  349.358491    795  408.510533  497.483271    807
12  proj_012.png  406.000000  206.000000    793  586.121673  350.166033    789  405.976190  496.199248    798
13  proj_013.png  406.114068  205.629911    789  586.532156  350.858764    793  406.129114  495.007595    790
14  proj_014.png  409.049682  205.405096    785  584.299751  351.652985    804  409.068790  493.779618    785
15  proj_015.png  414.574333  205.083863    787  579.132191  352.451652    817  414.576101  492.563522    795
16  proj_016.png  422.599746  204.847522    787  571.467073  353.167073    820  422.532156  491.457755    793
17  proj_017.png  432.610340  204.604035    793  561.529412  353.809124    833  432.595985  490.519448    797
18  proj_018.png  444.616941  204.418458    791  549.466346  354.281250    832  444.679293  489.689394    792
19  proj_019.png  458.117117  204.247104    777  535.768772  354.777116    839  458.112821  489.098718    780
20  proj_020.png  472.643132  204.112965    779  520.647821  355.048292    849  472.656527  488.662864    789
21  proj_021.png  487.961440  204.113111    778  504.847800  355.240190    841  487.947301  488.389460    778
22  proj_022.png  503.366452  204.007742    775  488.790974  355.195962    842  503.350832  488.396927    781
23  proj_023.png  518.773196  204.118557    776  472.979976  355.061249    849  518.747449  488.613520    784
24  proj_024.png  533.374522  204.238217    785  457.874408  354.774882    844  533.326115  488.961783    785
25  proj_025.png  546.924359  204.408974    780  443.989196  354.446579    833  546.920817  489.577267    783
26  proj_026.png  559.025445  204.559796    786  431.657863  353.930372    833  559.012739  490.277707    785
27  proj_027.png  569.217005  204.807107    788  421.588592  353.326456    824  569.253788  491.226010    792
28  proj_028.png  577.339263  205.060991    787  413.793865  352.613497    815  577.365239  492.312343    794
29  proj_029.png  583.138365  205.303145    795  408.524691  351.827160    810  583.143758  493.418663    793
30  proj_030.png  586.176545  205.604035    793  405.998744  351.097990    796  586.135272  494.668774    791
31  proj_031.png  586.563131  205.909091    792  406.139064  350.394437    791  586.602500  495.867500    800
32  proj_032.png  584.273750  206.257500    800  409.039390  349.545108    787  584.224439  497.230673    802
33  proj_033.png  579.187961  206.507371    814  414.557107  348.856599    788  579.164417  498.391411    815
34  proj_034.png  571.492063  206.783883    819  422.613723  348.157560    787  571.484737  499.487179    819
35  proj_035.png  561.516206  207.049220    833  432.587940  347.537688    796  561.554479  500.501211    826

============================================================
Iteration 0
============================================================
Theta offsets (Unity frame):
  Source   : dSx=   0.000, dSy=   0.000, dSz=   0.000  (mm)
  Object   : dOx=   0.000, dOy=   0.000, dOz=   0.000  (mm)
  Object offset: offset_x=   0.000, offset_z=   0.000  (mm)
  Detector : dDx=   0.000, dDy=   0.000, dDz=   0.000  (mm)
  Obj Stage rotY :    0.000 deg
============================================================

Unity geometry (world coordinates):
  Source   : x=   8.000, y=  50.000, z=   0.000
  Object   : x=   6.000, y=  28.000, z= 577.000
  Detector : x=  -5.000, y=  10.000, z= 720.000
  Obj rotY :   0.0000 deg
view   0 | SOD= 577.423 mm | SDD= 721.227 mm | M= 1.249 | incident=3.3432°
[[   2.     -577.      -22.    ]
 [ -11.      143.       18.    ]
 [   0.1496    0.        0.    ]
 [   0.        0.        0.1496]]
Residual vector length: 324, Jacobian shape: (324, 6)
view   0 | SOD= 572.987 mm | SDD= 721.227 mm | M= 1.259 | incident=3.3432°
[[   4.3212953  -572.352       -26.614977  ]
 [  -5.0485435   147.70439      13.385023  ]
 [   0.14959809   -0.00075423    0.        ]
 [   0.            0.            0.1496    ]]

iter 00 cost=311644.975745 -> 21994.557516 |dtheta|=8.147866e+00  lambda=1.000e-02

============================================================
Iteration 1
============================================================
Theta offsets (Unity frame):
  Source   : dSx=   0.000, dSy=   0.000, dSz=   0.000  (mm)
  Object   : dOx=  -4.790, dOy=  -4.615, dOz=  -4.678  (mm)
  Object offset: offset_x=  -0.417, offset_z=   0.001  (mm)
  Detector : dDx=   0.000, dDy=   0.000, dDz=   0.000  (mm)
  Obj Stage rotY :   -0.289 deg
============================================================

Unity geometry (world coordinates):
  Source   : x=   8.000, y=  50.000, z=   0.000
  Object   : x=   1.210, y=  23.385, z= 572.322
  Detector : x=  -5.000, y=  10.000, z= 720.000
  Obj rotY :   0.0000 deg
view   0 | SOD= 572.987 mm | SDD= 721.227 mm | M= 1.259 | incident=3.3432°
[[   4.3212953  -572.352       -26.614977  ]
 [  -5.0485435   147.70439      13.385023  ]
 [   0.14959809   -0.00075423    0.        ]
 [   0.            0.            0.1496    ]]
Residual vector length: 324, Jacobian shape: (324, 6)
view   0 | SOD= 572.445 mm | SDD= 721.227 mm | M= 1.260 | incident=3.3432°
[[  29.76308    -570.9918      -27.847008  ]
 [ -10.5588255   147.99577      12.152992  ]
 [   0.14949217    0.00567883    0.        ]
 [   0.            0.            0.1496    ]]

iter 01 cost=21994.557516 -> 2481.934417 |dtheta|=3.044040e+00  lambda=3.333e-03

============================================================
Iteration 2
============================================================
Theta offsets (Unity frame):
  Source   : dSx=   0.000, dSy=   0.000, dSz=   0.000  (mm)
  Object   : dOx=  -5.840, dOy=  -5.847, dOz=  -5.402  (mm)
  Object offset: offset_x=  -0.226, offset_z=   0.112  (mm)
  Detector : dDx=   0.000, dDy=   0.000, dDz=   0.000  (mm)
  Obj Stage rotY :    2.175 deg
============================================================

Unity geometry (world coordinates):
  Source   : x=   8.000, y=  50.000, z=   0.000
  Object   : x=   0.160, y=  22.153, z= 571.598
  Detector : x=  -5.000, y=  10.000, z= 720.000
  Obj rotY :   0.0000 deg
view   0 | SOD= 572.445 mm | SDD= 721.227 mm | M= 1.260 | incident=3.3432°
[[  29.76308    -570.9918      -27.847008  ]
 [ -10.5588255   147.99577      12.152992  ]
 [   0.14949217    0.00567883    0.        ]
 [   0.            0.            0.1496    ]]
Residual vector length: 324, Jacobian shape: (324, 6)
view   0 | SOD= 571.836 mm | SDD= 721.227 mm | M= 1.261 | incident=3.3432°
[[  44.875393   -569.3772      -28.15221   ]
 [ -14.5006275   148.28812      11.84779   ]
 [   0.14928898    0.00964152    0.        ]
 [   0.            0.            0.1496    ]]

iter 02 cost=2481.934417 -> 684.465395 |dtheta|=1.685388e+00  lambda=1.111e-03

============================================================
Iteration 3
============================================================
Theta offsets (Unity frame):
  Source   : dSx=   0.000, dSy=   0.000, dSz=   0.000  (mm)
  Object   : dOx=  -6.049, dOy=  -6.152, dOz=  -6.001  (mm)
  Object offset: offset_x=  -0.038, offset_z=   0.086  (mm)
  Detector : dDx=   0.000, dDy=   0.000, dDz=   0.000  (mm)
  Obj Stage rotY :    3.695 deg
============================================================

Unity geometry (world coordinates):
  Source   : x=   8.000, y=  50.000, z=   0.000
  Object   : x=  -0.049, y=  21.848, z= 570.999
  Detector : x=  -5.000, y=  10.000, z= 720.000
  Obj rotY :   0.0000 deg
view   0 | SOD= 571.836 mm | SDD= 721.227 mm | M= 1.261 | incident=3.3432°
[[  44.875393   -569.3772      -28.15221   ]
 [ -14.5006275   148.28812      11.84779   ]
 [   0.14928898    0.00964152    0.        ]
 [   0.            0.            0.1496    ]]
Residual vector length: 324, Jacobian shape: (324, 6)
view   0 | SOD= 570.755 mm | SDD= 721.227 mm | M= 1.264 | incident=3.3432°
[[  52.657738   -567.61926     -28.237572  ]
 [ -16.660055    149.15411      11.762428  ]
 [   0.149141      0.01170987    0.        ]
 [   0.            0.            0.1496    ]]

iter 03 cost=684.465395 -> 323.773427 |dtheta|=1.307804e+00  lambda=3.704e-04

============================================================
Iteration 4
============================================================
Theta offsets (Unity frame):
  Source   : dSx=   0.000, dSy=   0.000, dSz=   0.000  (mm)
  Object   : dOx=  -6.070, dOy=  -6.238, dOz=  -7.034  (mm)
  Object offset: offset_x=   0.003, offset_z=   0.033  (mm)
  Detector : dDx=   0.000, dDy=   0.000, dDz=   0.000  (mm)
  Obj Stage rotY :    4.489 deg
============================================================

Unity geometry (world coordinates):
  Source   : x=   8.000, y=  50.000, z=   0.000
  Object   : x=  -0.070, y=  21.762, z= 569.966
  Detector : x=  -5.000, y=  10.000, z= 720.000
  Obj rotY :   0.0000 deg
view   0 | SOD= 570.755 mm | SDD= 721.227 mm | M= 1.264 | incident=3.3432°
[[  52.657738   -567.61926     -28.237572  ]
 [ -16.660055    149.15411      11.762428  ]
 [   0.149141      0.01170987    0.        ]
 [   0.            0.            0.1496    ]]
Residual vector length: 324, Jacobian shape: (324, 6)
view   0 | SOD= 570.114 mm | SDD= 721.227 mm | M= 1.265 | incident=3.3432°
[[  55.100693   -566.7437      -28.203405  ]
 [ -17.389656    149.71573      11.796595  ]
 [   0.1490877     0.01237002    0.        ]
 [   0.            0.            0.1496    ]]

iter 04 cost=323.773427 -> 232.579360 |dtheta|=6.937033e-01  lambda=1.235e-04

============================================================
Iteration 5
============================================================
Theta offsets (Unity frame):
  Source   : dSx=   0.000, dSy=   0.000, dSz=   0.000  (mm)
  Object   : dOx=  -6.055, dOy=  -6.203, dOz=  -7.678  (mm)
  Object offset: offset_x=   0.006, offset_z=   0.038  (mm)
  Detector : dDx=   0.000, dDy=   0.000, dDz=   0.000  (mm)
  Obj Stage rotY :    4.743 deg
============================================================

Unity geometry (world coordinates):
  Source   : x=   8.000, y=  50.000, z=   0.000
  Object   : x=  -0.055, y=  21.797, z= 569.322
  Detector : x=  -5.000, y=  10.000, z= 720.000
  Obj rotY :   0.0000 deg
view   0 | SOD= 570.114 mm | SDD= 721.227 mm | M= 1.265 | incident=3.3432°
[[  55.100693   -566.7437      -28.203405  ]
 [ -17.389656    149.71573      11.796595  ]
 [   0.1490877     0.01237002    0.        ]
 [   0.            0.            0.1496    ]]
Residual vector length: 324, Jacobian shape: (324, 6)
view   0 | SOD= 569.302 mm | SDD= 721.227 mm | M= 1.267 | incident=3.3432°
[[  55.177094   -565.92096     -28.174051  ]
 [ -17.508574    150.51868      11.825949  ]
 [   0.14908433    0.01241067    0.        ]
 [   0.            0.            0.1496    ]]

iter 05 cost=232.579360 -> 156.899402 |dtheta|=7.852945e-01  lambda=4.115e-05

============================================================
Iteration 6
============================================================
Theta offsets (Unity frame):
  Source   : dSx=   0.000, dSy=   0.000, dSz=   0.000  (mm)
  Object   : dOx=  -6.050, dOy=  -6.174, dOz=  -8.463  (mm)
  Object offset: offset_x=   0.012, offset_z=   0.010  (mm)
  Detector : dDx=   0.000, dDy=   0.000, dDz=   0.000  (mm)
  Obj Stage rotY :    4.759 deg
============================================================

Unity geometry (world coordinates):
  Source   : x=   8.000, y=  50.000, z=   0.000
  Object   : x=  -0.050, y=  21.826, z= 568.537
  Detector : x=  -5.000, y=  10.000, z= 720.000
  Obj rotY :   0.0000 deg
view   0 | SOD= 569.302 mm | SDD= 721.227 mm | M= 1.267 | incident=3.3432°
[[  55.177094   -565.92096     -28.174051  ]
 [ -17.508574    150.51868      11.825949  ]
 [   0.14908433    0.01241067    0.        ]
 [   0.            0.            0.1496    ]]
Residual vector length: 324, Jacobian shape: (324, 6)
view   0 | SOD= 568.764 mm | SDD= 721.227 mm | M= 1.268 | incident=3.3432°
[[  57.32502    -565.16754     -28.135216  ]
 [ -18.138159    150.98491      11.864784  ]
 [   0.14903508    0.01298866    0.        ]
 [   0.            0.            0.1496    ]]

iter 06 cost=156.899402 -> 107.894644 |dtheta|=5.915576e-01  lambda=1.372e-05

============================================================
Iteration 7
============================================================
Theta offsets (Unity frame):
  Source   : dSx=   0.000, dSy=   0.000, dSz=   0.000  (mm)
  Object   : dOx=  -6.043, dOy=  -6.135, dOz=  -9.009  (mm)
  Object offset: offset_x=   0.004, offset_z=   0.020  (mm)
  Detector : dDx=   0.000, dDy=   0.000, dDz=   0.000  (mm)
  Obj Stage rotY :    4.981 deg
============================================================

Unity geometry (world coordinates):
  Source   : x=   8.000, y=  50.000, z=   0.000
  Object   : x=  -0.043, y=  21.865, z= 567.991
  Detector : x=  -5.000, y=  10.000, z= 720.000
  Obj rotY :   0.0000 deg
view   0 | SOD= 568.764 mm | SDD= 721.227 mm | M= 1.268 | incident=3.3432°
[[  57.32502    -565.16754     -28.135216  ]
 [ -18.138159    150.98491      11.864784  ]
 [   0.14903508    0.01298866    0.        ]
 [   0.            0.            0.1496    ]]
Residual vector length: 324, Jacobian shape: (324, 6)
view   0 | SOD= 568.294 mm | SDD= 721.227 mm | M= 1.269 | incident=3.3432°
[[  57.108395   -564.7181      -28.115284  ]
 [ -18.156218    151.45525      11.884716  ]
 [   0.14903867    0.01294734    0.        ]
 [   0.            0.            0.1496    ]]

iter 07 cost=107.894644 -> 77.737121 |dtheta|=4.599504e-01  lambda=4.572e-06

============================================================
Iteration 8
============================================================
Theta offsets (Unity frame):
  Source   : dSx=   0.000, dSy=   0.000, dSz=   0.000  (mm)
  Object   : dOx=  -6.039, dOy=  -6.115, dOz=  -9.468  (mm)
  Object offset: offset_x=   0.019, offset_z=   0.010  (mm)
  Detector : dDx=   0.000, dDy=   0.000, dDz=   0.000  (mm)
  Obj Stage rotY :    4.965 deg
============================================================

Unity geometry (world coordinates):
  Source   : x=   8.000, y=  50.000, z=   0.000
  Object   : x=  -0.039, y=  21.885, z= 567.532
  Detector : x=  -5.000, y=  10.000, z= 720.000
  Obj rotY :   0.0000 deg
view   0 | SOD= 568.294 mm | SDD= 721.227 mm | M= 1.269 | incident=3.3432°
[[  57.108395   -564.7181      -28.115284  ]
 [ -18.156218    151.45525      11.884716  ]
 [   0.14903867    0.01294734    0.        ]
 [   0.            0.            0.1496    ]]
Residual vector length: 324, Jacobian shape: (324, 6)
view   0 | SOD= 567.864 mm | SDD= 721.227 mm | M= 1.270 | incident=3.3432°
[[  57.084927   -564.2876      -28.104473  ]
 [ -18.191395    151.88452      11.895527  ]
 [   0.14903846    0.01294977    0.        ]
 [   0.            0.            0.1496    ]]

iter 08 cost=77.737121 -> 53.455148 |dtheta|=4.416453e-01  lambda=1.524e-06

============================================================
Iteration 9
============================================================
Theta offsets (Unity frame):
  Source   : dSx=   0.000, dSy=   0.000, dSz=   0.000  (mm)
  Object   : dOx=  -6.033, dOy=  -6.104, dOz=  -9.909  (mm)
  Object offset: offset_x=   0.009, offset_z=   0.020  (mm)
  Detector : dDx=   0.000, dDy=   0.000, dDz=   0.000  (mm)
  Obj Stage rotY :    4.966 deg
============================================================

Unity geometry (world coordinates):
  Source   : x=   8.000, y=  50.000, z=   0.000
  Object   : x=  -0.033, y=  21.896, z= 567.091
  Detector : x=  -5.000, y=  10.000, z= 720.000
  Obj rotY :   0.0000 deg
view   0 | SOD= 567.864 mm | SDD= 721.227 mm | M= 1.270 | incident=3.3432°
[[  57.084927   -564.2876      -28.104473  ]
 [ -18.191395    151.88452      11.895527  ]
 [   0.14903846    0.01294977    0.        ]
 [   0.            0.            0.1496    ]]
Residual vector length: 324, Jacobian shape: (324, 6)
view   0 | SOD= 567.454 mm | SDD= 721.227 mm | M= 1.271 | incident=3.3432°
[[  56.751427   -563.90955     -28.085247  ]
 [ -18.159021    152.30089      11.914753  ]
 [   0.14904507    0.01287364    0.        ]
 [   0.            0.            0.1496    ]]

iter 09 cost=53.455148 -> 36.077169 |dtheta|=3.980662e-01  lambda=1.000e-06

============================================================
Iteration 10
============================================================
Theta offsets (Unity frame):
  Source   : dSx=   0.000, dSy=   0.000, dSz=   0.000  (mm)
  Object   : dOx=  -6.018, dOy=  -6.085, dOz= -10.305  (mm)
  Object offset: offset_x=   0.004, offset_z=   0.007  (mm)
  Detector : dDx=   0.000, dDy=   0.000, dDz=   0.000  (mm)
  Obj Stage rotY :    4.937 deg
============================================================

Unity geometry (world coordinates):
  Source   : x=   8.000, y=  50.000, z=   0.000
  Object   : x=  -0.018, y=  21.915, z= 566.695
  Detector : x=  -5.000, y=  10.000, z= 720.000
  Obj rotY :   0.0000 deg
view   0 | SOD= 567.454 mm | SDD= 721.227 mm | M= 1.271 | incident=3.3432°
[[  56.751427   -563.90955     -28.085247  ]
 [ -18.159021    152.30089      11.914753  ]
 [   0.14904507    0.01287364    0.        ]
 [   0.            0.            0.1496    ]]
Residual vector length: 324, Jacobian shape: (324, 6)
view   0 | SOD= 567.090 mm | SDD= 721.227 mm | M= 1.272 | incident=3.3432°
[[  56.924225   -563.5277      -28.062393  ]
 [ -18.250767    152.65501      11.937607  ]
 [   0.1490403     0.01292869    0.        ]
 [   0.            0.            0.1496    ]]

iter 10 cost=36.077169 -> 22.014864 |dtheta|=3.646230e-01  lambda=1.000e-06

============================================================
Iteration 11
============================================================
Theta offsets (Unity frame):
  Source   : dSx=   0.000, dSy=   0.000, dSz=   0.000  (mm)
  Object   : dOx=  -6.016, dOy=  -6.062, dOz= -10.669  (mm)
  Object offset: offset_x=   0.006, offset_z=   0.007  (mm)
  Detector : dDx=   0.000, dDy=   0.000, dDz=   0.000  (mm)
  Obj Stage rotY :    4.958 deg
============================================================

Unity geometry (world coordinates):
  Source   : x=   8.000, y=  50.000, z=   0.000
  Object   : x=  -0.016, y=  21.938, z= 566.331
  Detector : x=  -5.000, y=  10.000, z= 720.000
  Obj rotY :   0.0000 deg
view   0 | SOD= 567.090 mm | SDD= 721.227 mm | M= 1.272 | incident=3.3432°
[[  56.924225   -563.5277      -28.062393  ]
 [ -18.250767    152.65501      11.937607  ]
 [   0.1490403     0.01292869    0.        ]
 [   0.            0.            0.1496    ]]
Residual vector length: 324, Jacobian shape: (324, 6)
view   0 | SOD= 566.864 mm | SDD= 721.227 mm | M= 1.272 | incident=3.3432°
[[  57.005783   -563.29205     -28.054632  ]
 [ -18.303038    152.87663      11.945368  ]
 [   0.14903787    0.01295654    0.        ]
 [   0.            0.            0.1496    ]]

iter 11 cost=22.014864 -> 15.857224 |dtheta|=2.290095e-01  lambda=1.000e-06

============================================================
Iteration 12
============================================================
Theta offsets (Unity frame):
  Source   : dSx=   0.000, dSy=   0.000, dSz=   0.000  (mm)
  Object   : dOx=  -6.013, dOy=  -6.055, dOz= -10.897  (mm)
  Object offset: offset_x=   0.007, offset_z=   0.010  (mm)
  Detector : dDx=   0.000, dDy=   0.000, dDz=   0.000  (mm)
  Obj Stage rotY :    4.968 deg
============================================================

Unity geometry (world coordinates):
  Source   : x=   8.000, y=  50.000, z=   0.000
  Object   : x=  -0.013, y=  21.945, z= 566.103
  Detector : x=  -5.000, y=  10.000, z= 720.000
  Obj rotY :   0.0000 deg
view   0 | SOD= 566.864 mm | SDD= 721.227 mm | M= 1.272 | incident=3.3432°
[[  57.005783   -563.29205     -28.054632  ]
 [ -18.303038    152.87663      11.945368  ]
 [   0.14903787    0.01295654    0.        ]
 [   0.            0.            0.1496    ]]
Residual vector length: 324, Jacobian shape: (324, 6)
view   0 | SOD= 566.717 mm | SDD= 721.227 mm | M= 1.273 | incident=3.3432°
[[  57.145306   -563.13043     -28.047375  ]
 [ -18.355125    153.01805      11.952625  ]
 [   0.1490344     0.01299641    0.        ]
 [   0.            0.            0.1496    ]]

iter 12 cost=15.857224 -> 12.434266 |dtheta|=1.391863e-01  lambda=1.000e-06

============================================================
Iteration 13
============================================================
Theta offsets (Unity frame):
  Source   : dSx=   0.000, dSy=   0.000, dSz=   0.000  (mm)
  Object   : dOx=  -6.010, dOy=  -6.047, dOz= -11.035  (mm)
  Object offset: offset_x=   0.002, offset_z=   0.001  (mm)
  Detector : dDx=   0.000, dDy=   0.000, dDz=   0.000  (mm)
  Obj Stage rotY :    4.984 deg
============================================================

Unity geometry (world coordinates):
  Source   : x=   8.000, y=  50.000, z=   0.000
  Object   : x=  -0.010, y=  21.953, z= 565.965
  Detector : x=  -5.000, y=  10.000, z= 720.000
  Obj rotY :   0.0000 deg
view   0 | SOD= 566.717 mm | SDD= 721.227 mm | M= 1.273 | incident=3.3432°
[[  57.145306   -563.13043     -28.047375  ]
 [ -18.355125    153.01805      11.952625  ]
 [   0.1490344     0.01299641    0.        ]
 [   0.            0.            0.1496    ]]
Residual vector length: 324, Jacobian shape: (324, 6)
view   0 | SOD= 566.522 mm | SDD= 721.227 mm | M= 1.273 | incident=3.3432°
[[  56.953354   -562.9538      -28.037498  ]
 [ -18.324081    153.21817      11.962502  ]
 [   0.14903845    0.01295001    0.        ]
 [   0.            0.            0.1496    ]]

iter 13 cost=12.434266 -> 8.560010 |dtheta|=2.058745e-01  lambda=1.000e-06

============================================================
Iteration 14
============================================================
Theta offsets (Unity frame):
  Source   : dSx=   0.000, dSy=   0.000, dSz=   0.000  (mm)
  Object   : dOx=  -6.010, dOy=  -6.037, dOz= -11.240  (mm)
  Object offset: offset_x=   0.002, offset_z=   0.010  (mm)
  Detector : dDx=   0.000, dDy=   0.000, dDz=   0.000  (mm)
  Obj Stage rotY :    4.966 deg
============================================================

Unity geometry (world coordinates):
  Source   : x=   8.000, y=  50.000, z=   0.000
  Object   : x=  -0.010, y=  21.963, z= 565.760
  Detector : x=  -5.000, y=  10.000, z= 720.000
  Obj rotY :   0.0000 deg
view   0 | SOD= 566.522 mm | SDD= 721.227 mm | M= 1.273 | incident=3.3432°
[[  56.953354   -562.9538      -28.037498  ]
 [ -18.324081    153.21817      11.962502  ]
 [   0.14903845    0.01295001    0.        ]
 [   0.            0.            0.1496    ]]
Residual vector length: 324, Jacobian shape: (324, 6)
view   0 | SOD= 566.359 mm | SDD= 721.227 mm | M= 1.273 | incident=3.3432°
[[  57.19055    -562.7661      -28.029049  ]
 [ -18.416977    153.37111      11.970951  ]
 [   0.14903246    0.0130187     0.        ]
 [   0.            0.            0.1496    ]]

iter 14 cost=8.560010 -> 5.455458 |dtheta|=1.640014e-01  lambda=1.000e-06

============================================================
Iteration 15
============================================================
Theta offsets (Unity frame):
  Source   : dSx=   0.000, dSy=   0.000, dSz=   0.000  (mm)
  Object   : dOx=  -6.005, dOy=  -6.029, dOz= -11.401  (mm)
  Object offset: offset_x=   0.005, offset_z=   0.009  (mm)
  Detector : dDx=   0.000, dDy=   0.000, dDz=   0.000  (mm)
  Obj Stage rotY :    4.992 deg
============================================================

Unity geometry (world coordinates):
  Source   : x=   8.000, y=  50.000, z=   0.000
  Object   : x=  -0.005, y=  21.971, z= 565.599
  Detector : x=  -5.000, y=  10.000, z= 720.000
  Obj rotY :   0.0000 deg
view   0 | SOD= 566.359 mm | SDD= 721.227 mm | M= 1.273 | incident=3.3432°
[[  57.19055    -562.7661      -28.029049  ]
 [ -18.416977    153.37111      11.970951  ]
 [   0.14903246    0.0130187     0.        ]
 [   0.            0.            0.1496    ]]
Residual vector length: 324, Jacobian shape: (324, 6)
view   0 | SOD= 566.247 mm | SDD= 721.227 mm | M= 1.274 | incident=3.3432°
[[  57.37966    -562.6344      -28.022358  ]
 [ -18.483059    153.47585      11.977642  ]
 [   0.14902781    0.01307181    0.        ]
 [   0.            0.            0.1496    ]]

iter 15 cost=5.455458 -> 3.687567 |dtheta|=1.110989e-01  lambda=1.000e-06

============================================================
Iteration 16
============================================================
Theta offsets (Unity frame):
  Source   : dSx=   0.000, dSy=   0.000, dSz=   0.000  (mm)
  Object   : dOx=  -6.006, dOy=  -6.022, dOz= -11.510  (mm)
  Object offset: offset_x=   0.008, offset_z=   0.006  (mm)
  Detector : dDx=   0.000, dDy=   0.000, dDz=   0.000  (mm)
  Obj Stage rotY :    5.013 deg
============================================================

Unity geometry (world coordinates):
  Source   : x=   8.000, y=  50.000, z=   0.000
  Object   : x=  -0.006, y=  21.978, z= 565.490
  Detector : x=  -5.000, y=  10.000, z= 720.000
  Obj rotY :   0.0000 deg
view   0 | SOD= 566.247 mm | SDD= 721.227 mm | M= 1.274 | incident=3.3432°
[[  57.37966    -562.6344      -28.022358  ]
 [ -18.483059    153.47585      11.977642  ]
 [   0.14902781    0.01307181    0.        ]
 [   0.            0.            0.1496    ]]
Residual vector length: 324, Jacobian shape: (324, 6)
view   0 | SOD= 566.157 mm | SDD= 721.227 mm | M= 1.274 | incident=3.3432°
[[  57.352707   -562.54694     -28.0206    ]
 [ -18.482988    153.56616      11.979401  ]
 [   0.1490283     0.01306618    0.        ]
 [   0.            0.            0.1496    ]]

iter 16 cost=3.687567 -> 2.696167 |dtheta|=8.884351e-02  lambda=1.000e-06

============================================================
Iteration 17
============================================================
Theta offsets (Unity frame):
  Source   : dSx=   0.000, dSy=   0.000, dSz=   0.000  (mm)
  Object   : dOx=  -6.005, dOy=  -6.021, dOz= -11.599  (mm)
  Object offset: offset_x=   0.005, offset_z=   0.005  (mm)
  Detector : dDx=   0.000, dDy=   0.000, dDz=   0.000  (mm)
  Obj Stage rotY :    5.011 deg
============================================================

Unity geometry (world coordinates):
  Source   : x=   8.000, y=  50.000, z=   0.000
  Object   : x=  -0.005, y=  21.979, z= 565.401
  Detector : x=  -5.000, y=  10.000, z= 720.000
  Obj rotY :   0.0000 deg
view   0 | SOD= 566.157 mm | SDD= 721.227 mm | M= 1.274 | incident=3.3432°
[[  57.352707   -562.54694     -28.0206    ]
 [ -18.482988    153.56616      11.979401  ]
 [   0.1490283     0.01306618    0.        ]
 [   0.            0.            0.1496    ]]
Residual vector length: 324, Jacobian shape: (324, 6)
view   0 | SOD= 566.082 mm | SDD= 721.227 mm | M= 1.274 | incident=3.3432°
[[  57.26696    -562.4808      -28.015434  ]
 [ -18.466948    153.6431       11.984566  ]
 [   0.14903016    0.013045      0.        ]
 [   0.            0.            0.1496    ]]

iter 17 cost=2.696167 -> 2.044084 |dtheta|=7.322952e-02  lambda=1.000e-06

============================================================
Iteration 18
============================================================
Theta offsets (Unity frame):
  Source   : dSx=   0.000, dSy=   0.000, dSz=   0.000  (mm)
  Object   : dOx=  -6.004, dOy=  -6.015, dOz= -11.671  (mm)
  Object offset: offset_x=   0.003, offset_z=   0.003  (mm)
  Detector : dDx=   0.000, dDy=   0.000, dDz=   0.000  (mm)
  Obj Stage rotY :    5.002 deg
============================================================

Unity geometry (world coordinates):
  Source   : x=   8.000, y=  50.000, z=   0.000
  Object   : x=  -0.004, y=  21.985, z= 565.329
  Detector : x=  -5.000, y=  10.000, z= 720.000
  Obj rotY :   0.0000 deg
view   0 | SOD= 566.082 mm | SDD= 721.227 mm | M= 1.274 | incident=3.3432°
[[  57.26696    -562.4808      -28.015434  ]
 [ -18.466948    153.6431       11.984566  ]
 [   0.14903016    0.013045      0.        ]
 [   0.            0.            0.1496    ]]
Residual vector length: 324, Jacobian shape: (324, 6)
view   0 | SOD= 566.036 mm | SDD= 721.227 mm | M= 1.274 | incident=3.3432°
[[  57.250412   -562.4361      -28.013884  ]
 [ -18.46817     153.68935      11.986116  ]
 [   0.14903043    0.01304181    0.        ]
 [   0.            0.            0.1496    ]]

iter 18 cost=2.044084 -> 1.654003 |dtheta|=4.599457e-02  lambda=1.000e-06

============================================================
Iteration 19
============================================================
Theta offsets (Unity frame):
  Source   : dSx=   0.000, dSy=   0.000, dSz=   0.000  (mm)
  Object   : dOx=  -6.003, dOy=  -6.014, dOz= -11.717  (mm)
  Object offset: offset_x=   0.003, offset_z=   0.003  (mm)
  Detector : dDx=   0.000, dDy=   0.000, dDz=   0.000  (mm)
  Obj Stage rotY :    5.001 deg
============================================================

Unity geometry (world coordinates):
  Source   : x=   8.000, y=  50.000, z=   0.000
  Object   : x=  -0.003, y=  21.986, z= 565.283
  Detector : x=  -5.000, y=  10.000, z= 720.000
  Obj rotY :   0.0000 deg
view   0 | SOD= 566.036 mm | SDD= 721.227 mm | M= 1.274 | incident=3.3432°
[[  57.250412   -562.4361      -28.013884  ]
 [ -18.46817     153.68935      11.986116  ]
 [   0.14903043    0.01304181    0.        ]
 [   0.            0.            0.1496    ]]
Residual vector length: 324, Jacobian shape: (324, 6)
view   0 | SOD= 565.992 mm | SDD= 721.227 mm | M= 1.274 | incident=3.3432°
[[  57.263313   -562.39056     -28.01132   ]
 [ -18.474604    153.73288      11.98868   ]
 [   0.14903009    0.01304584    0.        ]
 [   0.            0.            0.1496    ]]

iter 19 cost=1.654003 -> 1.414687 |dtheta|=4.412891e-02  lambda=1.000e-06

============================================================
Iteration 20
============================================================
Theta offsets (Unity frame):
  Source   : dSx=   0.000, dSy=   0.000, dSz=   0.000  (mm)
  Object   : dOx=  -6.003, dOy=  -6.011, dOz= -11.761  (mm)
  Object offset: offset_x=   0.001, offset_z=   0.003  (mm)
  Detector : dDx=   0.000, dDy=   0.000, dDz=   0.000  (mm)
  Obj Stage rotY :    5.003 deg
============================================================

Unity geometry (world coordinates):
  Source   : x=   8.000, y=  50.000, z=   0.000
  Object   : x=  -0.003, y=  21.989, z= 565.239
  Detector : x=  -5.000, y=  10.000, z= 720.000
  Obj rotY :   0.0000 deg
view   0 | SOD= 565.992 mm | SDD= 721.227 mm | M= 1.274 | incident=3.3432°
[[  57.263313   -562.39056     -28.01132   ]
 [ -18.474604    153.73288      11.98868   ]
 [   0.14903009    0.01304584    0.        ]
 [   0.            0.            0.1496    ]]
Residual vector length: 324, Jacobian shape: (324, 6)
view   0 | SOD= 565.937 mm | SDD= 721.227 mm | M= 1.274 | incident=3.3432°
[[  57.255455   -562.336       -28.008625  ]
 [ -18.479412    153.78775      11.991375  ]
 [   0.14903013    0.0130452     0.        ]
 [   0.            0.            0.1496    ]]

iter 20 cost=1.414687 -> 1.064041 |dtheta|=5.563403e-02  lambda=1.000e-06

============================================================
Iteration 21
============================================================
Theta offsets (Unity frame):
  Source   : dSx=   0.000, dSy=   0.000, dSz=   0.000  (mm)
  Object   : dOx=  -6.002, dOy=  -6.009, dOz= -11.817  (mm)
  Object offset: offset_x=   0.000, offset_z=   0.003  (mm)
  Detector : dDx=   0.000, dDy=   0.000, dDz=   0.000  (mm)
  Obj Stage rotY :    5.003 deg
============================================================

Unity geometry (world coordinates):
  Source   : x=   8.000, y=  50.000, z=   0.000
  Object   : x=  -0.002, y=  21.991, z= 565.183
  Detector : x=  -5.000, y=  10.000, z= 720.000
  Obj rotY :   0.0000 deg
view   0 | SOD= 565.937 mm | SDD= 721.227 mm | M= 1.274 | incident=3.3432°
[[  57.255455   -562.336       -28.008625  ]
 [ -18.479412    153.78775      11.991375  ]
 [   0.14903013    0.0130452     0.        ]
 [   0.            0.            0.1496    ]]
Residual vector length: 324, Jacobian shape: (324, 6)
view   0 | SOD= 565.906 mm | SDD= 721.227 mm | M= 1.274 | incident=3.3432°
[[  57.23209    -562.30725     -28.00806   ]
 [ -18.476307    153.81927      11.99194   ]
 [   0.14903063    0.01303969    0.        ]
 [   0.            0.            0.1496    ]]

iter 21 cost=1.064041 -> 0.923566 |dtheta|=2.909408e-02  lambda=1.000e-06

============================================================
Iteration 22
============================================================
Theta offsets (Unity frame):
  Source   : dSx=   0.000, dSy=   0.000, dSz=   0.000  (mm)
  Object   : dOx=  -6.002, dOy=  -6.008, dOz= -11.846  (mm)
  Object offset: offset_x=   0.000, offset_z=   0.001  (mm)
  Detector : dDx=   0.000, dDy=   0.000, dDz=   0.000  (mm)
  Obj Stage rotY :    5.000 deg
============================================================

Unity geometry (world coordinates):
  Source   : x=   8.000, y=  50.000, z=   0.000
  Object   : x=  -0.002, y=  21.992, z= 565.154
  Detector : x=  -5.000, y=  10.000, z= 720.000
  Obj rotY :   0.0000 deg
view   0 | SOD= 565.906 mm | SDD= 721.227 mm | M= 1.274 | incident=3.3432°
[[  57.23209    -562.30725     -28.00806   ]
 [ -18.476307    153.81927      11.99194   ]
 [   0.14903063    0.01303969    0.        ]
 [   0.            0.            0.1496    ]]
Residual vector length: 324, Jacobian shape: (324, 6)
view   0 | SOD= 565.886 mm | SDD= 721.227 mm | M= 1.275 | incident=3.3432°
[[  57.20213    -562.29        -28.006413  ]
 [ -18.469742    153.84044      11.9935875 ]
 [   0.14903128    0.01303209    0.        ]
 [   0.            0.            0.1496    ]]

iter 22 cost=0.923566 -> 0.824000 |dtheta|=2.070730e-02  lambda=1.000e-06

============================================================
Iteration 23
============================================================
Theta offsets (Unity frame):
  Source   : dSx=   0.000, dSy=   0.000, dSz=   0.000  (mm)
  Object   : dOx=  -6.002, dOy=  -6.006, dOz= -11.866  (mm)
  Object offset: offset_x=  -0.000, offset_z=   0.002  (mm)
  Detector : dDx=   0.000, dDy=   0.000, dDz=   0.000  (mm)
  Obj Stage rotY :    4.998 deg
============================================================

Unity geometry (world coordinates):
  Source   : x=   8.000, y=  50.000, z=   0.000
  Object   : x=  -0.002, y=  21.994, z= 565.134
  Detector : x=  -5.000, y=  10.000, z= 720.000
  Obj rotY :   0.0000 deg
view   0 | SOD= 565.886 mm | SDD= 721.227 mm | M= 1.275 | incident=3.3432°
[[  57.20213    -562.29        -28.006413  ]
 [ -18.469742    153.84044      11.9935875 ]
 [   0.14903128    0.01303209    0.        ]
 [   0.            0.            0.1496    ]]
Residual vector length: 324, Jacobian shape: (324, 6)
view   0 | SOD= 565.867 mm | SDD= 721.227 mm | M= 1.275 | incident=3.3432°
[[  57.197018   -562.27167     -28.005447  ]
 [ -18.470768    153.85919      11.994553  ]
 [   0.14903136    0.01303124    0.        ]
 [   0.            0.            0.1496    ]]

iter 23 cost=0.824000 -> 0.802182 |dtheta|=1.828684e-02  lambda=1.000e-06

============================================================
Iteration 24
============================================================
Theta offsets (Unity frame):
  Source   : dSx=   0.000, dSy=   0.000, dSz=   0.000  (mm)
  Object   : dOx=  -6.002, dOy=  -6.005, dOz= -11.884  (mm)
  Object offset: offset_x=  -0.000, offset_z=   0.001  (mm)
  Detector : dDx=   0.000, dDy=   0.000, dDz=   0.000  (mm)
  Obj Stage rotY :    4.997 deg
============================================================

Unity geometry (world coordinates):
  Source   : x=   8.000, y=  50.000, z=   0.000
  Object   : x=  -0.002, y=  21.995, z= 565.116
  Detector : x=  -5.000, y=  10.000, z= 720.000
  Obj rotY :   0.0000 deg
view   0 | SOD= 565.867 mm | SDD= 721.227 mm | M= 1.275 | incident=3.3432°
[[  57.197018   -562.27167     -28.005447  ]
 [ -18.470768    153.85919      11.994553  ]
 [   0.14903136    0.01303124    0.        ]
 [   0.            0.            0.1496    ]]
Residual vector length: 324, Jacobian shape: (324, 6)
view   0 | SOD= 565.842 mm | SDD= 721.227 mm | M= 1.275 | incident=3.3432°
[[  57.21554    -562.24506     -28.004173  ]
 [ -18.4793      153.88295      11.995827  ]
 [   0.14903086    0.01303687    0.        ]
 [   0.            0.            0.1496    ]]

iter 24 cost=0.802182 -> 0.715479 |dtheta|=2.423655e-02  lambda=1.000e-06

============================================================
Iteration 25
============================================================
Theta offsets (Unity frame):
  Source   : dSx=   0.000, dSy=   0.000, dSz=   0.000  (mm)
  Object   : dOx=  -6.002, dOy=  -6.004, dOz= -11.908  (mm)
  Object offset: offset_x=   0.000, offset_z=   0.001  (mm)
  Detector : dDx=   0.000, dDy=   0.000, dDz=   0.000  (mm)
  Obj Stage rotY :    4.999 deg
============================================================

Unity geometry (world coordinates):
  Source   : x=   8.000, y=  50.000, z=   0.000
  Object   : x=  -0.002, y=  21.996, z= 565.092
  Detector : x=  -5.000, y=  10.000, z= 720.000
  Obj rotY :   0.0000 deg
view   0 | SOD= 565.842 mm | SDD= 721.227 mm | M= 1.275 | incident=3.3432°
[[  57.21554    -562.24506     -28.004173  ]
 [ -18.4793      153.88295      11.995827  ]
 [   0.14903086    0.01303687    0.        ]
 [   0.            0.            0.1496    ]]
Residual vector length: 324, Jacobian shape: (324, 6)
view   0 | SOD= 565.827 mm | SDD= 721.227 mm | M= 1.275 | incident=3.3432°
[[  57.241024   -562.2273      -28.00313   ]
 [ -18.488285    153.89705      11.99687   ]
 [   0.14903024    0.01304404    0.        ]
 [   0.            0.            0.1496    ]]

iter 25 cost=0.715479 -> 0.650422 |dtheta|=1.531101e-02  lambda=1.000e-06

============================================================
Iteration 26
============================================================
Theta offsets (Unity frame):
  Source   : dSx=   0.000, dSy=   0.000, dSz=   0.000  (mm)
  Object   : dOx=  -6.001, dOy=  -6.003, dOz= -11.923  (mm)
  Object offset: offset_x=   0.000, offset_z=   0.001  (mm)
  Detector : dDx=   0.000, dDy=   0.000, dDz=   0.000  (mm)
  Obj Stage rotY :    5.002 deg
============================================================

Unity geometry (world coordinates):
  Source   : x=   8.000, y=  50.000, z=   0.000
  Object   : x=  -0.001, y=  21.997, z= 565.077
  Detector : x=  -5.000, y=  10.000, z= 720.000
  Obj rotY :   0.0000 deg
view   0 | SOD= 565.827 mm | SDD= 721.227 mm | M= 1.275 | incident=3.3432°
[[  57.241024   -562.2273      -28.00313   ]
 [ -18.488285    153.89705      11.99687   ]
 [   0.14903024    0.01304404    0.        ]
 [   0.            0.            0.1496    ]]
Residual vector length: 324, Jacobian shape: (324, 6)
view   0 | SOD= 565.807 mm | SDD= 721.227 mm | M= 1.275 | incident=3.3432°
[[  57.241566   -562.2068      -28.001888  ]
 [ -18.490768    153.91722      11.998112  ]
 [   0.14903018    0.01304467    0.        ]
 [   0.            0.            0.1496    ]]

iter 26 cost=0.650422 -> 0.634098 |dtheta|=2.042048e-02  lambda=1.000e-06

============================================================
Iteration 27
============================================================
Theta offsets (Unity frame):
  Source   : dSx=   0.000, dSy=   0.000, dSz=   0.000  (mm)
  Object   : dOx=  -6.001, dOy=  -6.002, dOz= -11.944  (mm)
  Object offset: offset_x=   0.000, offset_z=   0.001  (mm)
  Detector : dDx=   0.000, dDy=   0.000, dDz=   0.000  (mm)
  Obj Stage rotY :    5.002 deg
============================================================

Unity geometry (world coordinates):
  Source   : x=   8.000, y=  50.000, z=   0.000
  Object   : x=  -0.001, y=  21.998, z= 565.056
  Detector : x=  -5.000, y=  10.000, z= 720.000
  Obj rotY :   0.0000 deg
view   0 | SOD= 565.807 mm | SDD= 721.227 mm | M= 1.275 | incident=3.3432°
[[  57.241566   -562.2068      -28.001888  ]
 [ -18.490768    153.91722      11.998112  ]
 [   0.14903018    0.01304467    0.        ]
 [   0.            0.            0.1496    ]]
Residual vector length: 324, Jacobian shape: (324, 6)
view   0 | SOD= 565.794 mm | SDD= 721.227 mm | M= 1.275 | incident=3.3432°
[[  57.224052   -562.19617     -28.001278  ]
 [ -18.487026    153.93013      11.998722  ]
 [   0.14903057    0.01304025    0.        ]
 [   0.            0.            0.1496    ]]

iter 27 cost=0.634098 -> 0.596160 |dtheta|=1.228469e-02  lambda=1.000e-06

============================================================
Iteration 28
============================================================
Theta offsets (Unity frame):
  Source   : dSx=   0.000, dSy=   0.000, dSz=   0.000  (mm)
  Object   : dOx=  -6.001, dOy=  -6.001, dOz= -11.956  (mm)
  Object offset: offset_x=   0.000, offset_z=   0.000  (mm)
  Detector : dDx=   0.000, dDy=   0.000, dDz=   0.000  (mm)
  Obj Stage rotY :    5.001 deg
============================================================

Unity geometry (world coordinates):
  Source   : x=   8.000, y=  50.000, z=   0.000
  Object   : x=  -0.001, y=  21.999, z= 565.044
  Detector : x=  -5.000, y=  10.000, z= 720.000
  Obj rotY :   0.0000 deg
view   0 | SOD= 565.794 mm | SDD= 721.227 mm | M= 1.275 | incident=3.3432°
[[  57.224052   -562.19617     -28.001278  ]
 [ -18.487026    153.93013      11.998722  ]
 [   0.14903057    0.01304025    0.        ]
 [   0.            0.            0.1496    ]]
Residual vector length: 324, Jacobian shape: (324, 6)
view   0 | SOD= 565.788 mm | SDD= 721.227 mm | M= 1.275 | incident=3.3432°
[[  57.204002   -562.19214     -28.001102  ]
 [ -18.482834    153.93668      11.998898  ]
 [   0.14903101    0.01303521    0.        ]
 [   0.            0.            0.1496    ]]

iter 28 cost=0.596160 -> 0.593681 |dtheta|=6.445356e-03  lambda=1.000e-06

============================================================
Iteration 29
============================================================
Theta offsets (Unity frame):
  Source   : dSx=   0.000, dSy=   0.000, dSz=   0.000  (mm)
  Object   : dOx=  -6.001, dOy=  -6.001, dOz= -11.962  (mm)
  Object offset: offset_x=   0.000, offset_z=   0.000  (mm)
  Detector : dDx=   0.000, dDy=   0.000, dDz=   0.000  (mm)
  Obj Stage rotY :    4.999 deg
============================================================

Unity geometry (world coordinates):
  Source   : x=   8.000, y=  50.000, z=   0.000
  Object   : x=  -0.001, y=  21.999, z= 565.038
  Detector : x=  -5.000, y=  10.000, z= 720.000
  Obj rotY :   0.0000 deg
view   0 | SOD= 565.788 mm | SDD= 721.227 mm | M= 1.275 | incident=3.3432°
[[  57.204002   -562.19214     -28.001102  ]
 [ -18.482834    153.93668      11.998898  ]
 [   0.14903101    0.01303521    0.        ]
 [   0.            0.            0.1496    ]]
Residual vector length: 324, Jacobian shape: (324, 6)
view   0 | SOD= 565.786 mm | SDD= 721.227 mm | M= 1.275 | incident=3.3432°
[[  57.217678   -562.1888      -28.000969  ]
 [ -18.487291    153.93811      11.999031  ]
 [   0.14903069    0.01303898    0.        ]
 [   0.            0.            0.1496    ]]

iter 29 cost=0.593681 -> 0.588079 |dtheta|=2.384664e-03  lambda=1.000e-06

============================================================
Iteration 30
============================================================
Theta offsets (Unity frame):
  Source   : dSx=   0.000, dSy=   0.000, dSz=   0.000  (mm)
  Object   : dOx=  -6.001, dOy=  -6.001, dOz= -11.964  (mm)
  Object offset: offset_x=   0.001, offset_z=   0.000  (mm)
  Detector : dDx=   0.000, dDy=   0.000, dDz=   0.000  (mm)
  Obj Stage rotY :    5.000 deg
============================================================

Unity geometry (world coordinates):
  Source   : x=   8.000, y=  50.000, z=   0.000
  Object   : x=  -0.001, y=  21.999, z= 565.036
  Detector : x=  -5.000, y=  10.000, z= 720.000
  Obj rotY :   0.0000 deg
view   0 | SOD= 565.786 mm | SDD= 721.227 mm | M= 1.275 | incident=3.3432°
[[  57.217678   -562.1888      -28.000969  ]
 [ -18.487291    153.93811      11.999031  ]
 [   0.14903069    0.01303898    0.        ]
 [   0.            0.            0.1496    ]]
Residual vector length: 324, Jacobian shape: (324, 6)
view   0 | SOD= 565.783 mm | SDD= 721.227 mm | M= 1.275 | incident=3.3432°
[[  57.244995   -562.1822      -28.000717  ]
 [ -18.495829    153.94092      11.999283  ]
 [   0.14903003    0.01304644    0.        ]
 [   0.            0.            0.1496    ]]

iter 30 cost=0.588079 -> 0.601795 |dtheta|=4.728609e-03  lambda=1.000e-06

============================================================
Iteration 31
============================================================
Theta offsets (Unity frame):
  Source   : dSx=   0.000, dSy=   0.000, dSz=   0.000  (mm)
  Object   : dOx=  -6.001, dOy=  -6.001, dOz= -11.964  (mm)
  Object offset: offset_x=   0.001, offset_z=   0.000  (mm)
  Detector : dDx=   0.000, dDy=   0.000, dDz=   0.000  (mm)
  Obj Stage rotY :    5.000 deg
============================================================

Unity geometry (world coordinates):
  Source   : x=   8.000, y=  50.000, z=   0.000
  Object   : x=  -0.001, y=  21.999, z= 565.036
  Detector : x=  -5.000, y=  10.000, z= 720.000
  Obj rotY :   0.0000 deg
view   0 | SOD= 565.786 mm | SDD= 721.227 mm | M= 1.275 | incident=3.3432°
[[  57.217678   -562.1888      -28.000969  ]
 [ -18.487291    153.93811      11.999031  ]
 [   0.14903069    0.01303898    0.        ]
 [   0.            0.            0.1496    ]]
Residual vector length: 324, Jacobian shape: (324, 6)
view   0 | SOD= 565.783 mm | SDD= 721.227 mm | M= 1.275 | incident=3.3432°
[[  57.244995   -562.1822      -28.000717  ]
 [ -18.495829    153.94092      11.999283  ]
 [   0.14903003    0.01304644    0.        ]
 [   0.            0.            0.1496    ]]

iter 31 cost=0.588079 -> 0.601795 |dtheta|=4.728609e-03  lambda=5.000e-06

============================================================
Iteration 32
============================================================
Theta offsets (Unity frame):
  Source   : dSx=   0.000, dSy=   0.000, dSz=   0.000  (mm)
  Object   : dOx=  -6.001, dOy=  -6.001, dOz= -11.964  (mm)
  Object offset: offset_x=   0.001, offset_z=   0.000  (mm)
  Detector : dDx=   0.000, dDy=   0.000, dDz=   0.000  (mm)
  Obj Stage rotY :    5.000 deg
============================================================

Unity geometry (world coordinates):
  Source   : x=   8.000, y=  50.000, z=   0.000
  Object   : x=  -0.001, y=  21.999, z= 565.036
  Detector : x=  -5.000, y=  10.000, z= 720.000
  Obj rotY :   0.0000 deg
view   0 | SOD= 565.786 mm | SDD= 721.227 mm | M= 1.275 | incident=3.3432°
[[  57.217678   -562.1888      -28.000969  ]
 [ -18.487291    153.93811      11.999031  ]
 [   0.14903069    0.01303898    0.        ]
 [   0.            0.            0.1496    ]]
Residual vector length: 324, Jacobian shape: (324, 6)
view   0 | SOD= 565.783 mm | SDD= 721.227 mm | M= 1.275 | incident=3.3432°
[[  57.244995   -562.1822      -28.000717  ]
 [ -18.495829    153.94092      11.999283  ]
 [   0.14903003    0.01304644    0.        ]
 [   0.            0.            0.1496    ]]

iter 32 cost=0.588079 -> 0.601795 |dtheta|=4.728609e-03  lambda=2.500e-05

============================================================
Iteration 33
============================================================
Theta offsets (Unity frame):
  Source   : dSx=   0.000, dSy=   0.000, dSz=   0.000  (mm)
  Object   : dOx=  -6.001, dOy=  -6.001, dOz= -11.964  (mm)
  Object offset: offset_x=   0.001, offset_z=   0.000  (mm)
  Detector : dDx=   0.000, dDy=   0.000, dDz=   0.000  (mm)
  Obj Stage rotY :    5.000 deg
============================================================

Unity geometry (world coordinates):
  Source   : x=   8.000, y=  50.000, z=   0.000
  Object   : x=  -0.001, y=  21.999, z= 565.036
  Detector : x=  -5.000, y=  10.000, z= 720.000
  Obj rotY :   0.0000 deg
view   0 | SOD= 565.786 mm | SDD= 721.227 mm | M= 1.275 | incident=3.3432°
[[  57.217678   -562.1888      -28.000969  ]
 [ -18.487291    153.93811      11.999031  ]
 [   0.14903069    0.01303898    0.        ]
 [   0.            0.            0.1496    ]]
Residual vector length: 324, Jacobian shape: (324, 6)
view   0 | SOD= 565.783 mm | SDD= 721.227 mm | M= 1.275 | incident=3.3432°
[[  57.244995   -562.1822      -28.000717  ]
 [ -18.495829    153.94092      11.999283  ]
 [   0.14903003    0.01304644    0.        ]
 [   0.            0.            0.1496    ]]

iter 33 cost=0.588079 -> 0.601795 |dtheta|=4.728606e-03  lambda=1.250e-04

============================================================
Iteration 34
============================================================
Theta offsets (Unity frame):
  Source   : dSx=   0.000, dSy=   0.000, dSz=   0.000  (mm)
  Object   : dOx=  -6.001, dOy=  -6.001, dOz= -11.964  (mm)
  Object offset: offset_x=   0.001, offset_z=   0.000  (mm)
  Detector : dDx=   0.000, dDy=   0.000, dDz=   0.000  (mm)
  Obj Stage rotY :    5.000 deg
============================================================

Unity geometry (world coordinates):
  Source   : x=   8.000, y=  50.000, z=   0.000
  Object   : x=  -0.001, y=  21.999, z= 565.036
  Detector : x=  -5.000, y=  10.000, z= 720.000
  Obj rotY :   0.0000 deg
view   0 | SOD= 565.786 mm | SDD= 721.227 mm | M= 1.275 | incident=3.3432°
[[  57.217678   -562.1888      -28.000969  ]
 [ -18.487291    153.93811      11.999031  ]
 [   0.14903069    0.01303898    0.        ]
 [   0.            0.            0.1496    ]]
Residual vector length: 324, Jacobian shape: (324, 6)
view   0 | SOD= 565.783 mm | SDD= 721.227 mm | M= 1.275 | incident=3.3432°
[[  57.244995   -562.1822      -28.000717  ]
 [ -18.495829    153.94092      11.999283  ]
 [   0.14903003    0.01304644    0.        ]
 [   0.            0.            0.1496    ]]

iter 34 cost=0.588079 -> 0.601795 |dtheta|=4.728592e-03  lambda=6.250e-04

============================================================
Iteration 35
============================================================
Theta offsets (Unity frame):
  Source   : dSx=   0.000, dSy=   0.000, dSz=   0.000  (mm)
  Object   : dOx=  -6.001, dOy=  -6.001, dOz= -11.964  (mm)
  Object offset: offset_x=   0.001, offset_z=   0.000  (mm)
  Detector : dDx=   0.000, dDy=   0.000, dDz=   0.000  (mm)
  Obj Stage rotY :    5.000 deg
============================================================

Unity geometry (world coordinates):
  Source   : x=   8.000, y=  50.000, z=   0.000
  Object   : x=  -0.001, y=  21.999, z= 565.036
  Detector : x=  -5.000, y=  10.000, z= 720.000
  Obj rotY :   0.0000 deg
view   0 | SOD= 565.786 mm | SDD= 721.227 mm | M= 1.275 | incident=3.3432°
[[  57.217678   -562.1888      -28.000969  ]
 [ -18.487291    153.93811      11.999031  ]
 [   0.14903069    0.01303898    0.        ]
 [   0.            0.            0.1496    ]]
Residual vector length: 324, Jacobian shape: (324, 6)
view   0 | SOD= 565.783 mm | SDD= 721.227 mm | M= 1.275 | incident=3.3432°
[[  57.244995   -562.1822      -28.000717  ]
 [ -18.495829    153.94092      11.999283  ]
 [   0.14903003    0.01304644    0.        ]
 [   0.            0.            0.1496    ]]

iter 35 cost=0.588079 -> 0.601795 |dtheta|=4.728523e-03  lambda=3.125e-03

============================================================
Iteration 36
============================================================
Theta offsets (Unity frame):
  Source   : dSx=   0.000, dSy=   0.000, dSz=   0.000  (mm)
  Object   : dOx=  -6.001, dOy=  -6.001, dOz= -11.964  (mm)
  Object offset: offset_x=   0.001, offset_z=   0.000  (mm)
  Detector : dDx=   0.000, dDy=   0.000, dDz=   0.000  (mm)
  Obj Stage rotY :    5.000 deg
============================================================

Unity geometry (world coordinates):
  Source   : x=   8.000, y=  50.000, z=   0.000
  Object   : x=  -0.001, y=  21.999, z= 565.036
  Detector : x=  -5.000, y=  10.000, z= 720.000
  Obj rotY :   0.0000 deg
view   0 | SOD= 565.786 mm | SDD= 721.227 mm | M= 1.275 | incident=3.3432°
[[  57.217678   -562.1888      -28.000969  ]
 [ -18.487291    153.93811      11.999031  ]
 [   0.14903069    0.01303898    0.        ]
 [   0.            0.            0.1496    ]]
Residual vector length: 324, Jacobian shape: (324, 6)
view   0 | SOD= 565.783 mm | SDD= 721.227 mm | M= 1.275 | incident=3.3432°
[[  57.244995   -562.1822      -28.000717  ]
 [ -18.495829    153.94092      11.999283  ]
 [   0.14903003    0.01304644    0.        ]
 [   0.            0.            0.1496    ]]

iter 36 cost=0.588079 -> 0.601795 |dtheta|=4.728177e-03  lambda=1.562e-02

============================================================
Iteration 37
============================================================
Theta offsets (Unity frame):
  Source   : dSx=   0.000, dSy=   0.000, dSz=   0.000  (mm)
  Object   : dOx=  -6.001, dOy=  -6.001, dOz= -11.964  (mm)
  Object offset: offset_x=   0.001, offset_z=   0.000  (mm)
  Detector : dDx=   0.000, dDy=   0.000, dDz=   0.000  (mm)
  Obj Stage rotY :    5.000 deg
============================================================

Unity geometry (world coordinates):
  Source   : x=   8.000, y=  50.000, z=   0.000
  Object   : x=  -0.001, y=  21.999, z= 565.036
  Detector : x=  -5.000, y=  10.000, z= 720.000
  Obj rotY :   0.0000 deg
view   0 | SOD= 565.786 mm | SDD= 721.227 mm | M= 1.275 | incident=3.3432°
[[  57.217678   -562.1888      -28.000969  ]
 [ -18.487291    153.93811      11.999031  ]
 [   0.14903069    0.01303898    0.        ]
 [   0.            0.            0.1496    ]]
Residual vector length: 324, Jacobian shape: (324, 6)
view   0 | SOD= 565.783 mm | SDD= 721.227 mm | M= 1.275 | incident=3.3432°
[[  57.24499    -562.1822      -28.000717  ]
 [ -18.495829    153.94092      11.999283  ]
 [   0.14903003    0.01304644    0.        ]
 [   0.            0.            0.1496    ]]

iter 37 cost=0.588079 -> 0.601795 |dtheta|=4.726446e-03  lambda=7.812e-02

============================================================
Iteration 38
============================================================
Theta offsets (Unity frame):
  Source   : dSx=   0.000, dSy=   0.000, dSz=   0.000  (mm)
  Object   : dOx=  -6.001, dOy=  -6.001, dOz= -11.964  (mm)
  Object offset: offset_x=   0.001, offset_z=   0.000  (mm)
  Detector : dDx=   0.000, dDy=   0.000, dDz=   0.000  (mm)
  Obj Stage rotY :    5.000 deg
============================================================

Unity geometry (world coordinates):
  Source   : x=   8.000, y=  50.000, z=   0.000
  Object   : x=  -0.001, y=  21.999, z= 565.036
  Detector : x=  -5.000, y=  10.000, z= 720.000
  Obj rotY :   0.0000 deg
view   0 | SOD= 565.786 mm | SDD= 721.227 mm | M= 1.275 | incident=3.3432°
[[  57.217678   -562.1888      -28.000969  ]
 [ -18.487291    153.93811      11.999031  ]
 [   0.14903069    0.01303898    0.        ]
 [   0.            0.            0.1496    ]]
Residual vector length: 324, Jacobian shape: (324, 6)
view   0 | SOD= 565.783 mm | SDD= 721.227 mm | M= 1.275 | incident=3.3432°
[[  57.24498    -562.18225     -28.000717  ]
 [ -18.49582     153.94086      11.999283  ]
 [   0.14903003    0.01304644    0.        ]
 [   0.            0.            0.1496    ]]

iter 38 cost=0.588079 -> 0.601795 |dtheta|=4.717822e-03  lambda=3.906e-01

============================================================
Iteration 39
============================================================
Theta offsets (Unity frame):
  Source   : dSx=   0.000, dSy=   0.000, dSz=   0.000  (mm)
  Object   : dOx=  -6.001, dOy=  -6.001, dOz= -11.964  (mm)
  Object offset: offset_x=   0.001, offset_z=   0.000  (mm)
  Detector : dDx=   0.000, dDy=   0.000, dDz=   0.000  (mm)
  Obj Stage rotY :    5.000 deg
============================================================

Unity geometry (world coordinates):
  Source   : x=   8.000, y=  50.000, z=   0.000
  Object   : x=  -0.001, y=  21.999, z= 565.036
  Detector : x=  -5.000, y=  10.000, z= 720.000
  Obj rotY :   0.0000 deg
view   0 | SOD= 565.786 mm | SDD= 721.227 mm | M= 1.275 | incident=3.3432°
[[  57.217678   -562.1888      -28.000969  ]
 [ -18.487291    153.93811      11.999031  ]
 [   0.14903069    0.01303898    0.        ]
 [   0.            0.            0.1496    ]]
Residual vector length: 324, Jacobian shape: (324, 6)
view   0 | SOD= 565.783 mm | SDD= 721.227 mm | M= 1.275 | incident=3.3432°
[[  57.244896   -562.18225     -28.00072   ]
 [ -18.495794    153.94086      11.999281  ]
 [   0.14903003    0.01304641    0.        ]
 [   0.            0.            0.1496    ]]

iter 39 cost=0.588079 -> 0.601795 |dtheta|=4.675354e-03  lambda=1.953e+00

============================================================
Iteration 40
============================================================
Theta offsets (Unity frame):
  Source   : dSx=   0.000, dSy=   0.000, dSz=   0.000  (mm)
  Object   : dOx=  -6.001, dOy=  -6.001, dOz= -11.964  (mm)
  Object offset: offset_x=   0.001, offset_z=   0.000  (mm)
  Detector : dDx=   0.000, dDy=   0.000, dDz=   0.000  (mm)
  Obj Stage rotY :    5.000 deg
============================================================

Unity geometry (world coordinates):
  Source   : x=   8.000, y=  50.000, z=   0.000
  Object   : x=  -0.001, y=  21.999, z= 565.036
  Detector : x=  -5.000, y=  10.000, z= 720.000
  Obj rotY :   0.0000 deg
view   0 | SOD= 565.786 mm | SDD= 721.227 mm | M= 1.275 | incident=3.3432°
[[  57.217678   -562.1888      -28.000969  ]
 [ -18.487291    153.93811      11.999031  ]
 [   0.14903069    0.01303898    0.        ]
 [   0.            0.            0.1496    ]]
Residual vector length: 324, Jacobian shape: (324, 6)
view   0 | SOD= 565.783 mm | SDD= 721.227 mm | M= 1.275 | incident=3.3432°
[[  57.24449    -562.18256     -28.00073   ]
 [ -18.495651    153.94063      11.9992695 ]
 [   0.14903004    0.0130463     0.        ]
 [   0.            0.            0.1496    ]]

iter 40 cost=0.588079 -> 0.603738 |dtheta|=4.478096e-03  lambda=9.766e+00

============================================================
Iteration 41
============================================================
Theta offsets (Unity frame):
  Source   : dSx=   0.000, dSy=   0.000, dSz=   0.000  (mm)
  Object   : dOx=  -6.001, dOy=  -6.001, dOz= -11.964  (mm)
  Object offset: offset_x=   0.001, offset_z=   0.000  (mm)
  Detector : dDx=   0.000, dDy=   0.000, dDz=   0.000  (mm)
  Obj Stage rotY :    5.000 deg
============================================================

Unity geometry (world coordinates):
  Source   : x=   8.000, y=  50.000, z=   0.000
  Object   : x=  -0.001, y=  21.999, z= 565.036
  Detector : x=  -5.000, y=  10.000, z= 720.000
  Obj rotY :   0.0000 deg
view   0 | SOD= 565.786 mm | SDD= 721.227 mm | M= 1.275 | incident=3.3432°
[[  57.217678   -562.1888      -28.000969  ]
 [ -18.487291    153.93811      11.999031  ]
 [   0.14903069    0.01303898    0.        ]
 [   0.            0.            0.1496    ]]
Residual vector length: 324, Jacobian shape: (324, 6)
view   0 | SOD= 565.784 mm | SDD= 721.227 mm | M= 1.275 | incident=3.3432°
[[  57.242596   -562.18353     -28.000769  ]
 [ -18.495018    153.93991      11.999231  ]
 [   0.14903009    0.01304577    0.        ]
 [   0.            0.            0.1496    ]]

iter 41 cost=0.588079 -> 0.604464 |dtheta|=3.756615e-03  lambda=4.883e+01

============================================================
Iteration 42
============================================================
Theta offsets (Unity frame):
  Source   : dSx=   0.000, dSy=   0.000, dSz=   0.000  (mm)
  Object   : dOx=  -6.001, dOy=  -6.001, dOz= -11.964  (mm)
  Object offset: offset_x=   0.001, offset_z=   0.000  (mm)
  Detector : dDx=   0.000, dDy=   0.000, dDz=   0.000  (mm)
  Obj Stage rotY :    5.000 deg
============================================================

Unity geometry (world coordinates):
  Source   : x=   8.000, y=  50.000, z=   0.000
  Object   : x=  -0.001, y=  21.999, z= 565.036
  Detector : x=  -5.000, y=  10.000, z= 720.000
  Obj rotY :   0.0000 deg
view   0 | SOD= 565.786 mm | SDD= 721.227 mm | M= 1.275 | incident=3.3432°
[[  57.217678   -562.1888      -28.000969  ]
 [ -18.487291    153.93811      11.999031  ]
 [   0.14903069    0.01303898    0.        ]
 [   0.            0.            0.1496    ]]
Residual vector length: 324, Jacobian shape: (324, 6)
view   0 | SOD= 565.785 mm | SDD= 721.227 mm | M= 1.275 | incident=3.3432°
[[  57.23587    -562.1857      -28.000837  ]
 [ -18.492931    153.93867      11.999163  ]
 [   0.14903025    0.01304394    0.        ]
 [   0.            0.            0.1496    ]]

iter 42 cost=0.588079 -> 0.607234 |dtheta|=2.312348e-03  lambda=2.441e+02

============================================================
Iteration 43
============================================================
Theta offsets (Unity frame):
  Source   : dSx=   0.000, dSy=   0.000, dSz=   0.000  (mm)
  Object   : dOx=  -6.001, dOy=  -6.001, dOz= -11.964  (mm)
  Object offset: offset_x=   0.001, offset_z=   0.000  (mm)
  Detector : dDx=   0.000, dDy=   0.000, dDz=   0.000  (mm)
  Obj Stage rotY :    5.000 deg
============================================================

Unity geometry (world coordinates):
  Source   : x=   8.000, y=  50.000, z=   0.000
  Object   : x=  -0.001, y=  21.999, z= 565.036
  Detector : x=  -5.000, y=  10.000, z= 720.000
  Obj rotY :   0.0000 deg
view   0 | SOD= 565.786 mm | SDD= 721.227 mm | M= 1.275 | incident=3.3432°
[[  57.217678   -562.1888      -28.000969  ]
 [ -18.487291    153.93811      11.999031  ]
 [   0.14903069    0.01303898    0.        ]
 [   0.            0.            0.1496    ]]
Residual vector length: 324, Jacobian shape: (324, 6)
view   0 | SOD= 565.786 mm | SDD= 721.227 mm | M= 1.275 | incident=3.3432°
[[  57.22525    -562.1878      -28.000889  ]
 [ -18.489763    153.93808      11.999111  ]
 [   0.1490305     0.01304107    0.        ]
 [   0.            0.            0.1496    ]]

iter 43 cost=0.588079 -> 0.606729 |dtheta|=9.194230e-04  lambda=1.221e+03

============================================================
Iteration 44
============================================================
Theta offsets (Unity frame):
  Source   : dSx=   0.000, dSy=   0.000, dSz=   0.000  (mm)
  Object   : dOx=  -6.001, dOy=  -6.001, dOz= -11.964  (mm)
  Object offset: offset_x=   0.001, offset_z=   0.000  (mm)
  Detector : dDx=   0.000, dDy=   0.000, dDz=   0.000  (mm)
  Obj Stage rotY :    5.000 deg
============================================================

Unity geometry (world coordinates):
  Source   : x=   8.000, y=  50.000, z=   0.000
  Object   : x=  -0.001, y=  21.999, z= 565.036
  Detector : x=  -5.000, y=  10.000, z= 720.000
  Obj rotY :   0.0000 deg
view   0 | SOD= 565.786 mm | SDD= 721.227 mm | M= 1.275 | incident=3.3432°
[[  57.217678   -562.1888      -28.000969  ]
 [ -18.487291    153.93811      11.999031  ]
 [   0.14903069    0.01303898    0.        ]
 [   0.            0.            0.1496    ]]
Residual vector length: 324, Jacobian shape: (324, 6)
view   0 | SOD= 565.786 mm | SDD= 721.227 mm | M= 1.275 | incident=3.3432°
[[  57.219536   -562.1886      -28.000925  ]
 [ -18.487993    153.93803      11.999075  ]
 [   0.14903064    0.01303951    0.        ]
 [   0.            0.            0.1496    ]]

iter 44 cost=0.588079 -> 0.601762 |dtheta|=2.659039e-04  lambda=6.104e+03

============================================================
Iteration 45
============================================================
Theta offsets (Unity frame):
  Source   : dSx=   0.000, dSy=   0.000, dSz=   0.000  (mm)
  Object   : dOx=  -6.001, dOy=  -6.001, dOz= -11.964  (mm)
  Object offset: offset_x=   0.001, offset_z=   0.000  (mm)
  Detector : dDx=   0.000, dDy=   0.000, dDz=   0.000  (mm)
  Obj Stage rotY :    5.000 deg
============================================================

Unity geometry (world coordinates):
  Source   : x=   8.000, y=  50.000, z=   0.000
  Object   : x=  -0.001, y=  21.999, z= 565.036
  Detector : x=  -5.000, y=  10.000, z= 720.000
  Obj rotY :   0.0000 deg
view   0 | SOD= 565.786 mm | SDD= 721.227 mm | M= 1.275 | incident=3.3432°
[[  57.217678   -562.1888      -28.000969  ]
 [ -18.487291    153.93811      11.999031  ]
 [   0.14903069    0.01303898    0.        ]
 [   0.            0.            0.1496    ]]
Residual vector length: 324, Jacobian shape: (324, 6)
view   0 | SOD= 565.786 mm | SDD= 721.227 mm | M= 1.275 | incident=3.3432°
[[  57.218052   -562.1888      -28.000954  ]
 [ -18.487455    153.9381       11.999046  ]
 [   0.14903067    0.01303909    0.        ]
 [   0.            0.            0.1496    ]]

iter 45 cost=0.588079 -> 0.592400 |dtheta|=6.653648e-05  lambda=3.052e+04

============================================================
Iteration 46
============================================================
Theta offsets (Unity frame):
  Source   : dSx=   0.000, dSy=   0.000, dSz=   0.000  (mm)
  Object   : dOx=  -6.001, dOy=  -6.001, dOz= -11.964  (mm)
  Object offset: offset_x=   0.001, offset_z=   0.000  (mm)
  Detector : dDx=   0.000, dDy=   0.000, dDz=   0.000  (mm)
  Obj Stage rotY :    5.000 deg
============================================================

Unity geometry (world coordinates):
  Source   : x=   8.000, y=  50.000, z=   0.000
  Object   : x=  -0.001, y=  21.999, z= 565.036
  Detector : x=  -5.000, y=  10.000, z= 720.000
  Obj rotY :   0.0000 deg
view   0 | SOD= 565.786 mm | SDD= 721.227 mm | M= 1.275 | incident=3.3432°
[[  57.217678   -562.1888      -28.000969  ]
 [ -18.487291    153.93811      11.999031  ]
 [   0.14903069    0.01303898    0.        ]
 [   0.            0.            0.1496    ]]
Residual vector length: 324, Jacobian shape: (324, 6)
view   0 | SOD= 565.786 mm | SDD= 721.227 mm | M= 1.275 | incident=3.3432°
[[  57.217754   -562.1888      -28.000965  ]
 [ -18.487326    153.93811      11.999035  ]
 [   0.14903069    0.013039      0.        ]
 [   0.            0.            0.1496    ]]

iter 46 cost=0.588079 -> 0.588079 |dtheta|=1.436951e-05  lambda=1.526e+05

============================================================
Iteration 47
============================================================
Theta offsets (Unity frame):
  Source   : dSx=   0.000, dSy=   0.000, dSz=   0.000  (mm)
  Object   : dOx=  -6.001, dOy=  -6.001, dOz= -11.964  (mm)
  Object offset: offset_x=   0.001, offset_z=   0.000  (mm)
  Detector : dDx=   0.000, dDy=   0.000, dDz=   0.000  (mm)
  Obj Stage rotY :    5.000 deg
============================================================

Unity geometry (world coordinates):
  Source   : x=   8.000, y=  50.000, z=   0.000
  Object   : x=  -0.001, y=  21.999, z= 565.036
  Detector : x=  -5.000, y=  10.000, z= 720.000
  Obj rotY :   0.0000 deg
view   0 | SOD= 565.786 mm | SDD= 721.227 mm | M= 1.275 | incident=3.3432°
[[  57.217678   -562.1888      -28.000969  ]
 [ -18.487291    153.93811      11.999031  ]
 [   0.14903069    0.01303898    0.        ]
 [   0.            0.            0.1496    ]]
Residual vector length: 324, Jacobian shape: (324, 6)
view   0 | SOD= 565.786 mm | SDD= 721.227 mm | M= 1.275 | incident=3.3432°
[[  57.217693   -562.1888      -28.000969  ]
 [ -18.487297    153.93811      11.999031  ]
 [   0.14903069    0.01303898    0.        ]
 [   0.            0.            0.1496    ]]

iter 47 cost=0.588079 -> 0.587788 |dtheta|=2.925396e-06  lambda=7.629e+05

============================================================
Iteration 48
============================================================
Theta offsets (Unity frame):
  Source   : dSx=   0.000, dSy=   0.000, dSz=   0.000  (mm)
  Object   : dOx=  -6.001, dOy=  -6.001, dOz= -11.964  (mm)
  Object offset: offset_x=   0.001, offset_z=   0.000  (mm)
  Detector : dDx=   0.000, dDy=   0.000, dDz=   0.000  (mm)
  Obj Stage rotY :    5.000 deg
============================================================

Unity geometry (world coordinates):
  Source   : x=   8.000, y=  50.000, z=   0.000
  Object   : x=  -0.001, y=  21.999, z= 565.036
  Detector : x=  -5.000, y=  10.000, z= 720.000
  Obj rotY :   0.0000 deg
view   0 | SOD= 565.786 mm | SDD= 721.227 mm | M= 1.275 | incident=3.3432°
[[  57.217693   -562.1888      -28.000969  ]
 [ -18.487297    153.93811      11.999031  ]
 [   0.14903069    0.01303898    0.        ]
 [   0.            0.            0.1496    ]]
Residual vector length: 324, Jacobian shape: (324, 6)
view   0 | SOD= 565.786 mm | SDD= 721.227 mm | M= 1.275 | incident=3.3432°
[[  57.217743   -562.1888      -28.000967  ]
 [ -18.487318    153.93811      11.999033  ]
 [   0.14903069    0.013039      0.        ]
 [   0.            0.            0.1496    ]]

iter 48 cost=0.587788 -> 0.588079 |dtheta|=7.999660e-06  lambda=2.543e+05

============================================================
Iteration 49
============================================================
Theta offsets (Unity frame):
  Source   : dSx=   0.000, dSy=   0.000, dSz=   0.000  (mm)
  Object   : dOx=  -6.001, dOy=  -6.001, dOz= -11.964  (mm)
  Object offset: offset_x=   0.001, offset_z=   0.000  (mm)
  Detector : dDx=   0.000, dDy=   0.000, dDz=   0.000  (mm)
  Obj Stage rotY :    5.000 deg
============================================================

Unity geometry (world coordinates):
  Source   : x=   8.000, y=  50.000, z=   0.000
  Object   : x=  -0.001, y=  21.999, z= 565.036
  Detector : x=  -5.000, y=  10.000, z= 720.000
  Obj rotY :   0.0000 deg
view   0 | SOD= 565.786 mm | SDD= 721.227 mm | M= 1.275 | incident=3.3432°
[[  57.217693   -562.1888      -28.000969  ]
 [ -18.487297    153.93811      11.999031  ]
 [   0.14903069    0.01303898    0.        ]
 [   0.            0.            0.1496    ]]
Residual vector length: 324, Jacobian shape: (324, 6)
view   0 | SOD= 565.786 mm | SDD= 721.227 mm | M= 1.275 | incident=3.3432°
[[  57.217705   -562.1888      -28.000969  ]
 [ -18.487303    153.93811      11.999031  ]
 [   0.14903069    0.01303899    0.        ]
 [   0.            0.            0.1496    ]]

iter 49 cost=0.587788 -> 0.588079 |dtheta|=2.051056e-06  lambda=1.000e+06

============================================================
Iteration 50
============================================================
Theta offsets (Unity frame):
  Source   : dSx=   0.000, dSy=   0.000, dSz=   0.000  (mm)
  Object   : dOx=  -6.001, dOy=  -6.001, dOz= -11.964  (mm)
  Object offset: offset_x=   0.001, offset_z=   0.000  (mm)
  Detector : dDx=   0.000, dDy=   0.000, dDz=   0.000  (mm)
  Obj Stage rotY :    5.000 deg
============================================================

Unity geometry (world coordinates):
  Source   : x=   8.000, y=  50.000, z=   0.000
  Object   : x=  -0.001, y=  21.999, z= 565.036
  Detector : x=  -5.000, y=  10.000, z= 720.000
  Obj rotY :   0.0000 deg
view   0 | SOD= 565.786 mm | SDD= 721.227 mm | M= 1.275 | incident=3.3432°
[[  57.217693   -562.1888      -28.000969  ]
 [ -18.487297    153.93811      11.999031  ]
 [   0.14903069    0.01303898    0.        ]
 [   0.            0.            0.1496    ]]
Residual vector length: 324, Jacobian shape: (324, 6)
view   0 | SOD= 565.786 mm | SDD= 721.227 mm | M= 1.275 | incident=3.3432°
[[  57.217705   -562.1888      -28.000969  ]
 [ -18.487303    153.93811      11.999031  ]
 [   0.14903069    0.01303899    0.        ]
 [   0.            0.            0.1496    ]]

iter 50 cost=0.587788 -> 0.588079 |dtheta|=2.051056e-06  lambda=1.000e+06

============================================================
Iteration 51
============================================================
Theta offsets (Unity frame):
  Source   : dSx=   0.000, dSy=   0.000, dSz=   0.000  (mm)
  Object   : dOx=  -6.001, dOy=  -6.001, dOz= -11.964  (mm)
  Object offset: offset_x=   0.001, offset_z=   0.000  (mm)
  Detector : dDx=   0.000, dDy=   0.000, dDz=   0.000  (mm)
  Obj Stage rotY :    5.000 deg
============================================================

Unity geometry (world coordinates):
  Source   : x=   8.000, y=  50.000, z=   0.000
  Object   : x=  -0.001, y=  21.999, z= 565.036
  Detector : x=  -5.000, y=  10.000, z= 720.000
  Obj rotY :   0.0000 deg
view   0 | SOD= 565.786 mm | SDD= 721.227 mm | M= 1.275 | incident=3.3432°
[[  57.217693   -562.1888      -28.000969  ]
 [ -18.487297    153.93811      11.999031  ]
 [   0.14903069    0.01303898    0.        ]
 [   0.            0.            0.1496    ]]
Residual vector length: 324, Jacobian shape: (324, 6)
view   0 | SOD= 565.786 mm | SDD= 721.227 mm | M= 1.275 | incident=3.3432°
[[  57.217705   -562.1888      -28.000969  ]
 [ -18.487303    153.93811      11.999031  ]
 [   0.14903069    0.01303899    0.        ]
 [   0.            0.            0.1496    ]]

iter 51 cost=0.587788 -> 0.588079 |dtheta|=2.051056e-06  lambda=1.000e+06

============================================================
Iteration 52
============================================================
Theta offsets (Unity frame):
  Source   : dSx=   0.000, dSy=   0.000, dSz=   0.000  (mm)
  Object   : dOx=  -6.001, dOy=  -6.001, dOz= -11.964  (mm)
  Object offset: offset_x=   0.001, offset_z=   0.000  (mm)
  Detector : dDx=   0.000, dDy=   0.000, dDz=   0.000  (mm)
  Obj Stage rotY :    5.000 deg
============================================================

Unity geometry (world coordinates):
  Source   : x=   8.000, y=  50.000, z=   0.000
  Object   : x=  -0.001, y=  21.999, z= 565.036
  Detector : x=  -5.000, y=  10.000, z= 720.000
  Obj rotY :   0.0000 deg
view   0 | SOD= 565.786 mm | SDD= 721.227 mm | M= 1.275 | incident=3.3432°
[[  57.217693   -562.1888      -28.000969  ]
 [ -18.487297    153.93811      11.999031  ]
 [   0.14903069    0.01303898    0.        ]
 [   0.            0.            0.1496    ]]
Residual vector length: 324, Jacobian shape: (324, 6)
view   0 | SOD= 565.786 mm | SDD= 721.227 mm | M= 1.275 | incident=3.3432°
[[  57.217705   -562.1888      -28.000969  ]
 [ -18.487303    153.93811      11.999031  ]
 [   0.14903069    0.01303899    0.        ]
 [   0.            0.            0.1496    ]]

iter 52 cost=0.587788 -> 0.588079 |dtheta|=2.051056e-06  lambda=1.000e+06

============================================================
Iteration 53
============================================================
Theta offsets (Unity frame):
  Source   : dSx=   0.000, dSy=   0.000, dSz=   0.000  (mm)
  Object   : dOx=  -6.001, dOy=  -6.001, dOz= -11.964  (mm)
  Object offset: offset_x=   0.001, offset_z=   0.000  (mm)
  Detector : dDx=   0.000, dDy=   0.000, dDz=   0.000  (mm)
  Obj Stage rotY :    5.000 deg
============================================================

Unity geometry (world coordinates):
  Source   : x=   8.000, y=  50.000, z=   0.000
  Object   : x=  -0.001, y=  21.999, z= 565.036
  Detector : x=  -5.000, y=  10.000, z= 720.000
  Obj rotY :   0.0000 deg
view   0 | SOD= 565.786 mm | SDD= 721.227 mm | M= 1.275 | incident=3.3432°
[[  57.217693   -562.1888      -28.000969  ]
 [ -18.487297    153.93811      11.999031  ]
 [   0.14903069    0.01303898    0.        ]
 [   0.            0.            0.1496    ]]
Residual vector length: 324, Jacobian shape: (324, 6)
view   0 | SOD= 565.786 mm | SDD= 721.227 mm | M= 1.275 | incident=3.3432°
[[  57.217705   -562.1888      -28.000969  ]
 [ -18.487303    153.93811      11.999031  ]
 [   0.14903069    0.01303899    0.        ]
 [   0.            0.            0.1496    ]]

iter 53 cost=0.587788 -> 0.588079 |dtheta|=2.051056e-06  lambda=1.000e+06

============================================================
Iteration 54
============================================================
Theta offsets (Unity frame):
  Source   : dSx=   0.000, dSy=   0.000, dSz=   0.000  (mm)
  Object   : dOx=  -6.001, dOy=  -6.001, dOz= -11.964  (mm)
  Object offset: offset_x=   0.001, offset_z=   0.000  (mm)
  Detector : dDx=   0.000, dDy=   0.000, dDz=   0.000  (mm)
  Obj Stage rotY :    5.000 deg
============================================================

Unity geometry (world coordinates):
  Source   : x=   8.000, y=  50.000, z=   0.000
  Object   : x=  -0.001, y=  21.999, z= 565.036
  Detector : x=  -5.000, y=  10.000, z= 720.000
  Obj rotY :   0.0000 deg
view   0 | SOD= 565.786 mm | SDD= 721.227 mm | M= 1.275 | incident=3.3432°
[[  57.217693   -562.1888      -28.000969  ]
 [ -18.487297    153.93811      11.999031  ]
 [   0.14903069    0.01303898    0.        ]
 [   0.            0.            0.1496    ]]
Residual vector length: 324, Jacobian shape: (324, 6)
view   0 | SOD= 565.786 mm | SDD= 721.227 mm | M= 1.275 | incident=3.3432°
[[  57.217705   -562.1888      -28.000969  ]
 [ -18.487303    153.93811      11.999031  ]
 [   0.14903069    0.01303899    0.        ]
 [   0.            0.            0.1496    ]]

iter 54 cost=0.587788 -> 0.588079 |dtheta|=2.051056e-06  lambda=1.000e+06

============================================================
Iteration 55
============================================================
Theta offsets (Unity frame):
  Source   : dSx=   0.000, dSy=   0.000, dSz=   0.000  (mm)
  Object   : dOx=  -6.001, dOy=  -6.001, dOz= -11.964  (mm)
  Object offset: offset_x=   0.001, offset_z=   0.000  (mm)
  Detector : dDx=   0.000, dDy=   0.000, dDz=   0.000  (mm)
  Obj Stage rotY :    5.000 deg
============================================================

Unity geometry (world coordinates):
  Source   : x=   8.000, y=  50.000, z=   0.000
  Object   : x=  -0.001, y=  21.999, z= 565.036
  Detector : x=  -5.000, y=  10.000, z= 720.000
  Obj rotY :   0.0000 deg
view   0 | SOD= 565.786 mm | SDD= 721.227 mm | M= 1.275 | incident=3.3432°
[[  57.217693   -562.1888      -28.000969  ]
 [ -18.487297    153.93811      11.999031  ]
 [   0.14903069    0.01303898    0.        ]
 [   0.            0.            0.1496    ]]
Residual vector length: 324, Jacobian shape: (324, 6)
view   0 | SOD= 565.786 mm | SDD= 721.227 mm | M= 1.275 | incident=3.3432°
[[  57.217705   -562.1888      -28.000969  ]
 [ -18.487303    153.93811      11.999031  ]
 [   0.14903069    0.01303899    0.        ]
 [   0.            0.            0.1496    ]]

iter 55 cost=0.587788 -> 0.588079 |dtheta|=2.051056e-06  lambda=1.000e+06
Stalled.

Estimated theta:
  dSx: +0.000000
  dSy: +0.000000
  dOx: -6.000943
  dOy: -6.000969
  dOz: -11.963970
  dDx: +0.000000
  dDy: +0.000000
  dDz: +0.000000
alpha: +5.000186e+00 deg)
offset_x: +0.000797
offset_z: +0.000368

Final cost table:
Fake theta: [  0.   0.  -6.  -6. -12.   0.   0.   0.   5.   0.   0.]
Final estimated theta: [  0.           0.          -6.00094329  -6.00096917 -11.96397049
   0.           0.           0.           5.00018616   0.00079744
   0.00036832]
Diff from Expected: [ 0.          0.         -0.00094329 -0.00096917  0.03602951  0.
  0.          0.          0.00018616  0.00079744  0.00036832]
################################################################################

