Phantom already exists, skipping: cuboid_phantom_3_small.npy

################################################################################
Running cuboid=small scenario=G1 N_ANGLES=15, K=3
view   0 | SOD= 565.750 mm | SDD= 721.227 mm | M= 1.275 | incident=3.3432°
[[  57.21255    -562.1528      -28.        ]
 [ -18.490114    153.9744       12.        ]
 [   0.14903073    0.0130385     0.        ]
 [   0.            0.            0.1496    ]]
           image          x1          y1  area1          x2          y2  area2          x3          y3  area3
0   proj_000.png  549.489183  207.253606    832  444.651729  347.060179    781  549.489771  501.334537    831
1   proj_001.png  514.461171  207.606930    837  478.727041  346.243622    784  514.452695  502.621557    835
2   proj_002.png  476.073986  207.536993    838  515.744544  346.299101    779  476.082437  502.530466    837
3   proj_003.png  441.395433  207.270433    832  549.482670  347.010270    779  441.358944  501.393758    833
4   proj_004.png  416.683436  206.683436    815  574.387626  348.445707    792  416.626829  499.137805    820
5   proj_005.png  406.000000  206.000000    793  586.121673  350.166033    789  405.976190  496.199248    798
6   proj_006.png  410.970701  205.217834    785  582.498759  352.027295    806  411.003817  493.174300    786
7   proj_007.png  430.457649  204.652339    791  563.654080  353.638246    821  430.467172  490.691919    792
8   proj_008.png  460.943445  204.190231    778  532.845422  354.806183    841  460.939666  488.966624    779
9   proj_009.png  497.226512  204.108108    777  495.281139  355.189798    843  497.182051  488.347436    780
10  proj_010.png  533.374522  204.238217    785  457.874408  354.774882    844  533.326115  488.961783    785
11  proj_011.png  563.384518  204.656091    788  427.472087  353.644417    824  563.367424  490.681818    792
12  proj_012.png  582.134761  205.283375    794  409.333742  352.014724    815  582.135101  493.202020    792
13  proj_013.png  586.319095  206.000000    796  406.484277  350.183648    795  586.368421  496.214286    798
14  proj_014.png  574.845122  206.687805    820  419.128499  348.416031    786  574.823815  499.063183    823

============================================================
Iteration 0
============================================================
Theta offsets (Unity frame):
  Source   : dSx=   0.000, dSy=   0.000, dSz=   0.000  (mm)
  Object   : dOx=   0.000, dOy=   0.000, dOz=   0.000  (mm)
  Object offset: offset_x=   0.000, offset_z=   0.000  (mm)
  Detector : dDx=   0.000, dDy=   0.000, dDz=   0.000  (mm)
  Obj Stage rotY :    0.000 deg
============================================================

Unity geometry (world coordinates):
  Source   : x=   8.000, y=  50.000, z=   0.000
  Object   : x=   6.000, y=  28.000, z= 577.000
  Detector : x=  -5.000, y=  10.000, z= 720.000
  Obj rotY :   0.0000 deg
view   0 | SOD= 577.423 mm | SDD= 721.227 mm | M= 1.249 | incident=3.3432°
[[   2.     -577.      -22.    ]
 [ -11.      143.       18.    ]
 [   0.1496    0.        0.    ]
 [   0.        0.        0.1496]]
Residual vector length: 135, Jacobian shape: (135, 6)
view   0 | SOD= 568.446 mm | SDD= 721.227 mm | M= 1.269 | incident=3.3432°
[[   8.430922   -567.73004     -27.236423  ]
 [  -7.3372083   152.21468      12.7635765 ]
 [   0.1495989     0.00057518    0.        ]
 [   0.            0.            0.1496    ]]

iter 00 cost=129841.407504 -> 5348.884193 |dtheta|=1.184039e+01  lambda=0.000e+00

============================================================
Iteration 1
============================================================
Theta offsets (Unity frame):
  Source   : dSx=   0.000, dSy=   0.000, dSz=   0.000  (mm)
  Object   : dOx=  -4.783, dOy=  -5.236, dOz=  -9.461  (mm)
  Object offset: offset_x=   0.535, offset_z=   0.219  (mm)
  Detector : dDx=   0.000, dDy=   0.000, dDz=   0.000  (mm)
  Obj Stage rotY :    0.220 deg
============================================================

Unity geometry (world coordinates):
  Source   : x=   8.000, y=  50.000, z=   0.000
  Object   : x=   1.217, y=  22.764, z= 567.539
  Detector : x=  -5.000, y=  10.000, z= 720.000
  Obj rotY :   0.0000 deg
view   0 | SOD= 568.446 mm | SDD= 721.227 mm | M= 1.269 | incident=3.3432°
[[   8.430922   -567.73004     -27.236423  ]
 [  -7.3372083   152.21468      12.7635765 ]
 [   0.1495989     0.00057518    0.        ]
 [   0.            0.            0.1496    ]]
Residual vector length: 135, Jacobian shape: (135, 6)
view   0 | SOD= 565.950 mm | SDD= 721.227 mm | M= 1.274 | incident=3.3432°
[[  37.36596    -564.03076     -27.78925   ]
 [ -13.318994    154.30069      12.210751  ]
 [   0.14939475    0.0078338     0.        ]
 [   0.            0.            0.1496    ]]

iter 01 cost=5348.884193 -> 325.230876 |dtheta|=3.885701e+00  lambda=0.000e+00

============================================================
Iteration 2
============================================================
Theta offsets (Unity frame):
  Source   : dSx=   0.000, dSy=   0.000, dSz=   0.000  (mm)
  Object   : dOx=  -5.804, dOy=  -5.789, dOz= -11.855  (mm)
  Object offset: offset_x=   0.024, offset_z=   0.069  (mm)
  Detector : dDx=   0.000, dDy=   0.000, dDz=   0.000  (mm)
  Obj Stage rotY :    3.002 deg
============================================================

Unity geometry (world coordinates):
  Source   : x=   8.000, y=  50.000, z=   0.000
  Object   : x=   0.196, y=  22.211, z= 565.145
  Detector : x=  -5.000, y=  10.000, z= 720.000
  Obj rotY :   0.0000 deg
view   0 | SOD= 565.950 mm | SDD= 721.227 mm | M= 1.274 | incident=3.3432°
[[  37.36596    -564.03076     -27.78925   ]
 [ -13.318994    154.30069      12.210751  ]
 [   0.14939475    0.0078338     0.        ]
 [   0.            0.            0.1496    ]]
Residual vector length: 135, Jacobian shape: (135, 6)
view   0 | SOD= 566.205 mm | SDD= 721.227 mm | M= 1.274 | incident=3.3432°
[[  47.98426    -563.4755      -27.952621  ]
 [ -16.015461    153.79224      12.047379  ]
 [   0.14922374    0.0106034     0.        ]
 [   0.            0.            0.1496    ]]

iter 02 cost=325.230876 -> 61.722109 |dtheta|=1.113615e+00  lambda=0.000e+00

============================================================
Iteration 3
============================================================
Theta offsets (Unity frame):
  Source   : dSx=   0.000, dSy=   0.000, dSz=   0.000  (mm)
  Object   : dOx=  -5.911, dOy=  -5.953, dOz= -11.590  (mm)
  Object offset: offset_x=  -0.014, offset_z=   0.049  (mm)
  Detector : dDx=   0.000, dDy=   0.000, dDz=   0.000  (mm)
  Obj Stage rotY :    4.064 deg
============================================================

Unity geometry (world coordinates):
  Source   : x=   8.000, y=  50.000, z=   0.000
  Object   : x=   0.089, y=  22.047, z= 565.410
  Detector : x=  -5.000, y=  10.000, z= 720.000
  Obj rotY :   0.0000 deg
view   0 | SOD= 566.205 mm | SDD= 721.227 mm | M= 1.274 | incident=3.3432°
[[  47.98426    -563.4755      -27.952621  ]
 [ -16.015461    153.79224      12.047379  ]
 [   0.14922374    0.0106034     0.        ]
 [   0.            0.            0.1496    ]]
Residual vector length: 135, Jacobian shape: (135, 6)
view   0 | SOD= 566.079 mm | SDD= 721.227 mm | M= 1.274 | incident=3.3432°
[[  53.160076   -562.88165     -28.001318  ]
 [ -17.335455    153.77682      11.998682  ]
 [   0.14912155    0.01195493    0.        ]
 [   0.            0.            0.1496    ]]

iter 03 cost=61.722109 -> 9.405312 |dtheta|=5.381344e-01  lambda=0.000e+00

============================================================
Iteration 4
============================================================
Theta offsets (Unity frame):
  Source   : dSx=   0.000, dSy=   0.000, dSz=   0.000  (mm)
  Object   : dOx=  -5.986, dOy=  -6.001, dOz= -11.698  (mm)
  Object offset: offset_x=  -0.023, offset_z=   0.027  (mm)
  Detector : dDx=   0.000, dDy=   0.000, dDz=   0.000  (mm)
  Obj Stage rotY :    4.584 deg
============================================================

Unity geometry (world coordinates):
  Source   : x=   8.000, y=  50.000, z=   0.000
  Object   : x=   0.014, y=  21.999, z= 565.302
  Detector : x=  -5.000, y=  10.000, z= 720.000
  Obj rotY :   0.0000 deg
view   0 | SOD= 566.079 mm | SDD= 721.227 mm | M= 1.274 | incident=3.3432°
[[  53.160076   -562.88165     -28.001318  ]
 [ -17.335455    153.77682      11.998682  ]
 [   0.14912155    0.01195493    0.        ]
 [   0.            0.            0.1496    ]]
Residual vector length: 135, Jacobian shape: (135, 6)
view   0 | SOD= 566.008 mm | SDD= 721.227 mm | M= 1.274 | incident=3.3432°
[[  55.00837    -562.6323      -28.004915  ]
 [ -17.853338    153.78943      11.995085  ]
 [   0.14908127    0.0124473     0.        ]
 [   0.            0.            0.1496    ]]

iter 04 cost=9.405312 -> 3.340199 |dtheta|=1.983679e-01  lambda=0.000e+00

============================================================
Iteration 5
============================================================
Theta offsets (Unity frame):
  Source   : dSx=   0.000, dSy=   0.000, dSz=   0.000  (mm)
  Object   : dOx=  -5.997, dOy=  -6.005, dOz= -11.751  (mm)
  Object offset: offset_x=  -0.007, offset_z=   0.010  (mm)
  Detector : dDx=   0.000, dDy=   0.000, dDz=   0.000  (mm)
  Obj Stage rotY :    4.773 deg
============================================================

Unity geometry (world coordinates):
  Source   : x=   8.000, y=  50.000, z=   0.000
  Object   : x=   0.003, y=  21.995, z= 565.249
  Detector : x=  -5.000, y=  10.000, z= 720.000
  Obj rotY :   0.0000 deg
view   0 | SOD= 566.008 mm | SDD= 721.227 mm | M= 1.274 | incident=3.3432°
[[  55.00837    -562.6323      -28.004915  ]
 [ -17.853338    153.78943      11.995085  ]
 [   0.14908127    0.0124473     0.        ]
 [   0.            0.            0.1496    ]]
Residual vector length: 135, Jacobian shape: (135, 6)
view   0 | SOD= 565.927 mm | SDD= 721.227 mm | M= 1.274 | incident=3.3432°
[[  56.27334    -562.4252      -28.00277   ]
 [ -18.209402    153.82991      11.997231  ]
 [   0.14905272    0.01278463    0.        ]
 [   0.            0.            0.1496    ]]

iter 05 cost=3.340199 -> 1.021503 |dtheta|=1.516913e-01  lambda=0.000e+00

============================================================
Iteration 6
============================================================
Theta offsets (Unity frame):
  Source   : dSx=   0.000, dSy=   0.000, dSz=   0.000  (mm)
  Object   : dOx=  -6.002, dOy=  -6.003, dOz= -11.830  (mm)
  Object offset: offset_x=  -0.002, offset_z=   0.006  (mm)
  Detector : dDx=   0.000, dDy=   0.000, dDz=   0.000  (mm)
  Obj Stage rotY :    4.902 deg
============================================================

Unity geometry (world coordinates):
  Source   : x=   8.000, y=  50.000, z=   0.000
  Object   : x=  -0.002, y=  21.997, z= 565.170
  Detector : x=  -5.000, y=  10.000, z= 720.000
  Obj rotY :   0.0000 deg
view   0 | SOD= 565.927 mm | SDD= 721.227 mm | M= 1.274 | incident=3.3432°
[[  56.27334    -562.4252      -28.00277   ]
 [ -18.209402    153.82991      11.997231  ]
 [   0.14905272    0.01278463    0.        ]
 [   0.            0.            0.1496    ]]
Residual vector length: 135, Jacobian shape: (135, 6)
view   0 | SOD= 565.866 mm | SDD= 721.227 mm | M= 1.275 | incident=3.3432°
[[  56.685394   -562.3231      -28.002285  ]
 [ -18.330448    153.87633      11.997715  ]
 [   0.14904316    0.01289557    0.        ]
 [   0.            0.            0.1496    ]]

iter 06 cost=1.021503 -> 0.571008 |dtheta|=7.237902e-02  lambda=0.000e+00

============================================================
Iteration 7
============================================================
Theta offsets (Unity frame):
  Source   : dSx=   0.000, dSy=   0.000, dSz=   0.000  (mm)
  Object   : dOx=  -6.001, dOy=  -6.002, dOz= -11.888  (mm)
  Object offset: offset_x=  -0.001, offset_z=   0.004  (mm)
  Detector : dDx=   0.000, dDy=   0.000, dDz=   0.000  (mm)
  Obj Stage rotY :    4.945 deg
============================================================

Unity geometry (world coordinates):
  Source   : x=   8.000, y=  50.000, z=   0.000
  Object   : x=  -0.001, y=  21.998, z= 565.112
  Detector : x=  -5.000, y=  10.000, z= 720.000
  Obj rotY :   0.0000 deg
view   0 | SOD= 565.866 mm | SDD= 721.227 mm | M= 1.275 | incident=3.3432°
[[  56.685394   -562.3231      -28.002285  ]
 [ -18.330448    153.87633      11.997715  ]
 [   0.14904316    0.01289557    0.        ]
 [   0.            0.            0.1496    ]]
Residual vector length: 135, Jacobian shape: (135, 6)
view   0 | SOD= 565.812 mm | SDD= 721.227 mm | M= 1.275 | incident=3.3432°
[[  56.83079    -562.2541      -27.998962  ]
 [ -18.372663    153.92564      12.001038  ]
 [   0.14903978    0.01293461    0.        ]
 [   0.            0.            0.1496    ]]

iter 07 cost=0.571008 -> 0.444353 |dtheta|=5.413096e-02  lambda=0.000e+00

============================================================
Iteration 8
============================================================
Theta offsets (Unity frame):
  Source   : dSx=   0.000, dSy=   0.000, dSz=   0.000  (mm)
  Object   : dOx=  -6.001, dOy=  -5.999, dOz= -11.940  (mm)
  Object offset: offset_x=  -0.003, offset_z=   0.002  (mm)
  Detector : dDx=   0.000, dDy=   0.000, dDz=   0.000  (mm)
  Obj Stage rotY :    4.960 deg
============================================================

Unity geometry (world coordinates):
  Source   : x=   8.000, y=  50.000, z=   0.000
  Object   : x=  -0.001, y=  22.001, z= 565.060
  Detector : x=  -5.000, y=  10.000, z= 720.000
  Obj rotY :   0.0000 deg
view   0 | SOD= 565.812 mm | SDD= 721.227 mm | M= 1.275 | incident=3.3432°
[[  56.83079    -562.2541      -27.998962  ]
 [ -18.372663    153.92564      12.001038  ]
 [   0.14903978    0.01293461    0.        ]
 [   0.            0.            0.1496    ]]
Residual vector length: 135, Jacobian shape: (135, 6)
view   0 | SOD= 565.805 mm | SDD= 721.227 mm | M= 1.275 | incident=3.3432°
[[  56.881897   -562.2417      -27.998661  ]
 [ -18.389095    153.93097      12.001339  ]
 [   0.14903855    0.01294867    0.        ]
 [   0.            0.            0.1496    ]]

iter 08 cost=0.444353 -> 0.432211 |dtheta|=8.898577e-03  lambda=0.000e+00

============================================================
Iteration 9
============================================================
Theta offsets (Unity frame):
  Source   : dSx=   0.000, dSy=   0.000, dSz=   0.000  (mm)
  Object   : dOx=  -6.002, dOy=  -5.999, dOz= -11.947  (mm)
  Object offset: offset_x=  -0.002, offset_z=   0.002  (mm)
  Detector : dDx=   0.000, dDy=   0.000, dDz=   0.000  (mm)
  Obj Stage rotY :    4.965 deg
============================================================

Unity geometry (world coordinates):
  Source   : x=   8.000, y=  50.000, z=   0.000
  Object   : x=  -0.002, y=  22.001, z= 565.053
  Detector : x=  -5.000, y=  10.000, z= 720.000
  Obj rotY :   0.0000 deg
view   0 | SOD= 565.805 mm | SDD= 721.227 mm | M= 1.275 | incident=3.3432°
[[  56.881897   -562.2417      -27.998661  ]
 [ -18.389095    153.93097      12.001339  ]
 [   0.14903855    0.01294867    0.        ]
 [   0.            0.            0.1496    ]]
Residual vector length: 135, Jacobian shape: (135, 6)
view   0 | SOD= 565.788 mm | SDD= 721.227 mm | M= 1.275 | incident=3.3432°
[[  57.009422   -562.21185     -27.998795  ]
 [ -18.4269      153.94344      12.001205  ]
 [   0.14903556    0.01298307    0.        ]
 [   0.            0.            0.1496    ]]

iter 09 cost=0.432211 -> 0.385291 |dtheta|=2.107829e-02  lambda=0.000e+00

============================================================
Iteration 10
============================================================
Theta offsets (Unity frame):
  Source   : dSx=   0.000, dSy=   0.000, dSz=   0.000  (mm)
  Object   : dOx=  -6.002, dOy=  -5.999, dOz= -11.963  (mm)
  Object offset: offset_x=  -0.001, offset_z=   0.001  (mm)
  Detector : dDx=   0.000, dDy=   0.000, dDz=   0.000  (mm)
  Obj Stage rotY :    4.979 deg
============================================================

Unity geometry (world coordinates):
  Source   : x=   8.000, y=  50.000, z=   0.000
  Object   : x=  -0.002, y=  22.001, z= 565.037
  Detector : x=  -5.000, y=  10.000, z= 720.000
  Obj rotY :   0.0000 deg
view   0 | SOD= 565.788 mm | SDD= 721.227 mm | M= 1.275 | incident=3.3432°
[[  57.009422   -562.21185     -27.998795  ]
 [ -18.4269      153.94344      12.001205  ]
 [   0.14903556    0.01298307    0.        ]
 [   0.            0.            0.1496    ]]
Residual vector length: 135, Jacobian shape: (135, 6)
view   0 | SOD= 565.773 mm | SDD= 721.227 mm | M= 1.275 | incident=3.3432°
[[  57.189293   -562.1783      -27.998457  ]
 [ -18.478115    153.95259      12.001543  ]
 [   0.14903137    0.01303116    0.        ]
 [   0.            0.            0.1496    ]]

iter 10 cost=0.385291 -> 0.358617 |dtheta|=2.278489e-02  lambda=0.000e+00

============================================================
Iteration 11
============================================================
Theta offsets (Unity frame):
  Source   : dSx=   0.000, dSy=   0.000, dSz=   0.000  (mm)
  Object   : dOx=  -6.002, dOy=  -5.998, dOz= -11.976  (mm)
  Object offset: offset_x=  -0.001, offset_z=  -0.001  (mm)
  Detector : dDx=   0.000, dDy=   0.000, dDz=   0.000  (mm)
  Obj Stage rotY :    4.997 deg
============================================================

Unity geometry (world coordinates):
  Source   : x=   8.000, y=  50.000, z=   0.000
  Object   : x=  -0.002, y=  22.002, z= 565.024
  Detector : x=  -5.000, y=  10.000, z= 720.000
  Obj rotY :   0.0000 deg
view   0 | SOD= 565.773 mm | SDD= 721.227 mm | M= 1.275 | incident=3.3432°
[[  57.189293   -562.1783      -27.998457  ]
 [ -18.478115    153.95259      12.001543  ]
 [   0.14903137    0.01303116    0.        ]
 [   0.            0.            0.1496    ]]
Residual vector length: 135, Jacobian shape: (135, 6)
view   0 | SOD= 565.734 mm | SDD= 721.227 mm | M= 1.275 | incident=3.3432°
[[  57.262474   -562.13184     -27.997593  ]
 [ -18.50106     153.98888      12.002407  ]
 [   0.14902961    0.01305117    0.        ]
 [   0.            0.            0.1496    ]]

iter 11 cost=0.358617 -> 0.331317 |dtheta|=3.770686e-02  lambda=0.000e+00

============================================================
Iteration 12
============================================================
Theta offsets (Unity frame):
  Source   : dSx=   0.000, dSy=   0.000, dSz=   0.000  (mm)
  Object   : dOx=  -6.002, dOy=  -5.998, dOz= -12.013  (mm)
  Object offset: offset_x=  -0.002, offset_z=  -0.003  (mm)
  Detector : dDx=   0.000, dDy=   0.000, dDz=   0.000  (mm)
  Obj Stage rotY :    5.005 deg
============================================================

Unity geometry (world coordinates):
  Source   : x=   8.000, y=  50.000, z=   0.000
  Object   : x=  -0.002, y=  22.002, z= 564.987
  Detector : x=  -5.000, y=  10.000, z= 720.000
  Obj rotY :   0.0000 deg
view   0 | SOD= 565.734 mm | SDD= 721.227 mm | M= 1.275 | incident=3.3432°
[[  57.262474   -562.13184     -27.997593  ]
 [ -18.50106     153.98888      12.002407  ]
 [   0.14902961    0.01305117    0.        ]
 [   0.            0.            0.1496    ]]
Residual vector length: 135, Jacobian shape: (135, 6)
view   0 | SOD= 565.731 mm | SDD= 721.227 mm | M= 1.275 | incident=3.3432°
[[  57.26159    -562.1287      -27.997766  ]
 [ -18.500994    153.99208      12.0022335 ]
 [   0.14902963    0.01305097    0.        ]
 [   0.            0.            0.1496    ]]

iter 12 cost=0.331317 -> 0.346173 |dtheta|=3.326534e-03  lambda=0.000e+00

============================================================
Iteration 13
============================================================
Theta offsets (Unity frame):
  Source   : dSx=   0.000, dSy=   0.000, dSz=   0.000  (mm)
  Object   : dOx=  -6.002, dOy=  -5.998, dOz= -12.013  (mm)
  Object offset: offset_x=  -0.002, offset_z=  -0.003  (mm)
  Detector : dDx=   0.000, dDy=   0.000, dDz=   0.000  (mm)
  Obj Stage rotY :    5.005 deg
============================================================

Unity geometry (world coordinates):
  Source   : x=   8.000, y=  50.000, z=   0.000
  Object   : x=  -0.002, y=  22.002, z= 564.987
  Detector : x=  -5.000, y=  10.000, z= 720.000
  Obj rotY :   0.0000 deg
view   0 | SOD= 565.734 mm | SDD= 721.227 mm | M= 1.275 | incident=3.3432°
[[  57.262474   -562.13184     -27.997593  ]
 [ -18.50106     153.98888      12.002407  ]
 [   0.14902961    0.01305117    0.        ]
 [   0.            0.            0.1496    ]]
Residual vector length: 135, Jacobian shape: (135, 6)
view   0 | SOD= 565.731 mm | SDD= 721.227 mm | M= 1.275 | incident=3.3432°
[[  57.26159    -562.1287      -27.997766  ]
 [ -18.500994    153.99208      12.0022335 ]
 [   0.14902963    0.01305097    0.        ]
 [   0.            0.            0.1496    ]]

iter 13 cost=0.331317 -> 0.346173 |dtheta|=3.326534e-03  lambda=0.000e+00

============================================================
Iteration 14
============================================================
Theta offsets (Unity frame):
  Source   : dSx=   0.000, dSy=   0.000, dSz=   0.000  (mm)
  Object   : dOx=  -6.002, dOy=  -5.998, dOz= -12.013  (mm)
  Object offset: offset_x=  -0.002, offset_z=  -0.003  (mm)
  Detector : dDx=   0.000, dDy=   0.000, dDz=   0.000  (mm)
  Obj Stage rotY :    5.005 deg
============================================================

Unity geometry (world coordinates):
  Source   : x=   8.000, y=  50.000, z=   0.000
  Object   : x=  -0.002, y=  22.002, z= 564.987
  Detector : x=  -5.000, y=  10.000, z= 720.000
  Obj rotY :   0.0000 deg
view   0 | SOD= 565.734 mm | SDD= 721.227 mm | M= 1.275 | incident=3.3432°
[[  57.262474   -562.13184     -27.997593  ]
 [ -18.50106     153.98888      12.002407  ]
 [   0.14902961    0.01305117    0.        ]
 [   0.            0.            0.1496    ]]
Residual vector length: 135, Jacobian shape: (135, 6)
view   0 | SOD= 565.731 mm | SDD= 721.227 mm | M= 1.275 | incident=3.3432°
[[  57.26159    -562.1287      -27.997766  ]
 [ -18.500994    153.99208      12.0022335 ]
 [   0.14902963    0.01305097    0.        ]
 [   0.            0.            0.1496    ]]

iter 14 cost=0.331317 -> 0.346173 |dtheta|=3.326534e-03  lambda=0.000e+00

============================================================
Iteration 15
============================================================
Theta offsets (Unity frame):
  Source   : dSx=   0.000, dSy=   0.000, dSz=   0.000  (mm)
  Object   : dOx=  -6.002, dOy=  -5.998, dOz= -12.013  (mm)
  Object offset: offset_x=  -0.002, offset_z=  -0.003  (mm)
  Detector : dDx=   0.000, dDy=   0.000, dDz=   0.000  (mm)
  Obj Stage rotY :    5.005 deg
============================================================

Unity geometry (world coordinates):
  Source   : x=   8.000, y=  50.000, z=   0.000
  Object   : x=  -0.002, y=  22.002, z= 564.987
  Detector : x=  -5.000, y=  10.000, z= 720.000
  Obj rotY :   0.0000 deg
view   0 | SOD= 565.734 mm | SDD= 721.227 mm | M= 1.275 | incident=3.3432°
[[  57.262474   -562.13184     -27.997593  ]
 [ -18.50106     153.98888      12.002407  ]
 [   0.14902961    0.01305117    0.        ]
 [   0.            0.            0.1496    ]]
Residual vector length: 135, Jacobian shape: (135, 6)
view   0 | SOD= 565.731 mm | SDD= 721.227 mm | M= 1.275 | incident=3.3432°
[[  57.26159    -562.1287      -27.997766  ]
 [ -18.500994    153.99208      12.0022335 ]
 [   0.14902963    0.01305097    0.        ]
 [   0.            0.            0.1496    ]]

iter 15 cost=0.331317 -> 0.346173 |dtheta|=3.326534e-03  lambda=0.000e+00

============================================================
Iteration 16
============================================================
Theta offsets (Unity frame):
  Source   : dSx=   0.000, dSy=   0.000, dSz=   0.000  (mm)
  Object   : dOx=  -6.002, dOy=  -5.998, dOz= -12.013  (mm)
  Object offset: offset_x=  -0.002, offset_z=  -0.003  (mm)
  Detector : dDx=   0.000, dDy=   0.000, dDz=   0.000  (mm)
  Obj Stage rotY :    5.005 deg
============================================================

Unity geometry (world coordinates):
  Source   : x=   8.000, y=  50.000, z=   0.000
  Object   : x=  -0.002, y=  22.002, z= 564.987
  Detector : x=  -5.000, y=  10.000, z= 720.000
  Obj rotY :   0.0000 deg
view   0 | SOD= 565.734 mm | SDD= 721.227 mm | M= 1.275 | incident=3.3432°
[[  57.262474   -562.13184     -27.997593  ]
 [ -18.50106     153.98888      12.002407  ]
 [   0.14902961    0.01305117    0.        ]
 [   0.            0.            0.1496    ]]
Residual vector length: 135, Jacobian shape: (135, 6)
view   0 | SOD= 565.731 mm | SDD= 721.227 mm | M= 1.275 | incident=3.3432°
[[  57.26159    -562.1287      -27.997766  ]
 [ -18.500994    153.99208      12.0022335 ]
 [   0.14902963    0.01305097    0.        ]
 [   0.            0.            0.1496    ]]

iter 16 cost=0.331317 -> 0.346173 |dtheta|=3.326534e-03  lambda=0.000e+00

============================================================
Iteration 17
============================================================
Theta offsets (Unity frame):
  Source   : dSx=   0.000, dSy=   0.000, dSz=   0.000  (mm)
  Object   : dOx=  -6.002, dOy=  -5.998, dOz= -12.013  (mm)
  Object offset: offset_x=  -0.002, offset_z=  -0.003  (mm)
  Detector : dDx=   0.000, dDy=   0.000, dDz=   0.000  (mm)
  Obj Stage rotY :    5.005 deg
============================================================

Unity geometry (world coordinates):
  Source   : x=   8.000, y=  50.000, z=   0.000
  Object   : x=  -0.002, y=  22.002, z= 564.987
  Detector : x=  -5.000, y=  10.000, z= 720.000
  Obj rotY :   0.0000 deg
view   0 | SOD= 565.734 mm | SDD= 721.227 mm | M= 1.275 | incident=3.3432°
[[  57.262474   -562.13184     -27.997593  ]
 [ -18.50106     153.98888      12.002407  ]
 [   0.14902961    0.01305117    0.        ]
 [   0.            0.            0.1496    ]]
Residual vector length: 135, Jacobian shape: (135, 6)
view   0 | SOD= 565.731 mm | SDD= 721.227 mm | M= 1.275 | incident=3.3432°
[[  57.26159    -562.1287      -27.997766  ]
 [ -18.500994    153.99208      12.0022335 ]
 [   0.14902963    0.01305097    0.        ]
 [   0.            0.            0.1496    ]]

iter 17 cost=0.331317 -> 0.346173 |dtheta|=3.326534e-03  lambda=0.000e+00

============================================================
Iteration 18
============================================================
Theta offsets (Unity frame):
  Source   : dSx=   0.000, dSy=   0.000, dSz=   0.000  (mm)
  Object   : dOx=  -6.002, dOy=  -5.998, dOz= -12.013  (mm)
  Object offset: offset_x=  -0.002, offset_z=  -0.003  (mm)
  Detector : dDx=   0.000, dDy=   0.000, dDz=   0.000  (mm)
  Obj Stage rotY :    5.005 deg
============================================================

Unity geometry (world coordinates):
  Source   : x=   8.000, y=  50.000, z=   0.000
  Object   : x=  -0.002, y=  22.002, z= 564.987
  Detector : x=  -5.000, y=  10.000, z= 720.000
  Obj rotY :   0.0000 deg
view   0 | SOD= 565.734 mm | SDD= 721.227 mm | M= 1.275 | incident=3.3432°
[[  57.262474   -562.13184     -27.997593  ]
 [ -18.50106     153.98888      12.002407  ]
 [   0.14902961    0.01305117    0.        ]
 [   0.            0.            0.1496    ]]
Residual vector length: 135, Jacobian shape: (135, 6)
view   0 | SOD= 565.731 mm | SDD= 721.227 mm | M= 1.275 | incident=3.3432°
[[  57.26159    -562.1287      -27.997766  ]
 [ -18.500994    153.99208      12.0022335 ]
 [   0.14902963    0.01305097    0.        ]
 [   0.            0.            0.1496    ]]

iter 18 cost=0.331317 -> 0.346173 |dtheta|=3.326534e-03  lambda=0.000e+00
Stalled.

Estimated theta:
  dSx: +0.000000
  dSy: +0.000000
  dOx: -6.001520
  dOy: -5.997594
  dOz: -12.012970
  dDx: +0.000000
  dDy: +0.000000
  dDz: +0.000000
alpha: +5.004870e+00 deg)
offset_x: -0.002013
offset_z: -0.002851

Final cost table:
Fake theta: [  0.   0.  -6.  -6. -12.   0.   0.   0.   5.   0.   0.]
Final estimated theta: [  0.           0.          -6.00152017  -5.99759407 -12.01296958
   0.           0.           0.           5.00487004  -0.00201254
  -0.00285115]
Diff from Expected: [ 0.          0.         -0.00152017  0.00240593 -0.01296958  0.
  0.          0.          0.00487004 -0.00201254 -0.00285115]
################################################################################

