Phantom already exists, skipping: cuboid_phantom_3_small.npy

################################################################################
Running cuboid=small scenario=G3 N_ANGLES=24, K=3
view   0 | SOD= 556.844 mm | SDD= 802.742 mm | M= 1.442 | incident=4.7367°
[[ 239.08467    -500.88773     -45.        ]
 [-110.79194     218.66446      20.        ]
 [   0.13558364    0.06322369    0.        ]
 [   0.            0.            0.1496    ]]
           image          x1          y1  area1          x2          y2  area2          x3          y3  area3
0   proj_000.png  544.368421  219.792344   1045  489.044239  370.804527    972  544.408437  553.543624   1043
1   proj_001.png  517.482531  220.033994   1059  514.997965  370.482197    983  517.466981  553.992453   1060
2   proj_002.png  490.427350  219.899335   1053  541.081633  370.726531    980  490.423518  553.562141   1046
3   proj_003.png  465.170965  219.404011   1047  565.562184  371.383215    989  465.128694  552.448999   1049
4   proj_004.png  443.586006  218.564626   1029  586.908069  372.729316    979  443.618587  550.654405   1033
5   proj_005.png  427.329102  217.499023   1024  603.305978  374.309017    987  427.318490  548.447241   1033
6   proj_006.png  417.116505  216.268932   1030  614.293069  376.282178   1010  417.143816  545.593480   1043
7   proj_007.png  413.789784  214.888016   1018  618.521526  378.439335   1022  413.790811  542.626588   1023
8   proj_008.png  417.485265  213.552063   1018  615.817916  380.558909   1027  417.512745  539.657843   1020
9   proj_009.png  427.748509  212.333002   1006  606.238004  382.558541   1042  427.828343  536.980040   1002
10  proj_010.png  443.934476  211.298387    992  590.470757  384.459252   1043  443.898899  534.623624    999
11  proj_011.png  464.804435  210.451613    992  569.304430  385.813384   1061  464.756294  532.827795    993
12  proj_012.png  489.051724  209.933063    986  544.346767  386.758201   1067  489.036290  531.608871    992
13  proj_013.png  515.039474  209.714575    988  517.438202  387.080524   1068  515.039394  531.137374    990
14  proj_014.png  541.059898  209.899492    985  490.454288  386.797361   1061  541.056452  531.479839    992
15  proj_015.png  565.578265  210.352941   1003  465.167446  385.995323   1069  565.540139  532.530228   1009
16  proj_016.png  586.905488  211.100610    984  443.636276  384.598848   1042  586.898492  534.187940    995
17  proj_017.png  603.406814  212.144289    998  427.306220  382.905263   1045  603.382034  536.546890   1013
18  proj_018.png  614.324484  213.361849   1017  417.077146  380.899711   1037  614.243590  539.234714   1014
19  proj_019.png  618.550098  214.614931   1018  413.786982  378.783037   1014  618.567913  542.233268   1016
20  proj_020.png  615.836755  216.055718   1023  417.515211  376.602552   1019  615.822266  545.167969   1024
21  proj_021.png  606.281431  217.319149   1034  427.795000  374.592000   1000  606.289296  547.975892   1037
22  proj_022.png  590.482927  218.461463   1025  443.890256  372.963077    975  590.455253  550.455253   1028
23  proj_023.png  569.329808  219.285577   1040  464.805955  371.677618    974  569.372719  552.331412   1041

============================================================
Iteration 0
============================================================
Theta offsets (Unity frame):
  Source   : dSx=   0.000, dSy=   0.000, dSz=   0.000  (mm)
  Object   : dOx=   0.000, dOy=   0.000, dOz=   0.000  (mm)
  Object offset: offset_x=   0.000, offset_z=   0.000  (mm)
  Detector : dDx=   0.000, dDy=   0.000, dDz=   0.000  (mm)
  Obj Stage rotY :    0.000 deg
============================================================

Unity geometry (world coordinates):
  Source   : x=   5.000, y=  60.000, z=   0.000
  Object   : x=  18.000, y=  23.000, z= 580.000
  Detector : x=  -8.000, y=  -5.000, z= 800.000
  Obj rotY :   0.0000 deg
view   0 | SOD= 581.324 mm | SDD= 802.742 mm | M= 1.381 | incident=4.7367°
[[ -13.     -580.      -37.    ]
 [ -26.      220.       28.    ]
 [   0.1496    0.        0.    ]
 [   0.        0.        0.1496]]
Residual vector length: 216, Jacobian shape: (216, 6)
view   0 | SOD= 570.922 mm | SDD= 802.742 mm | M= 1.406 | incident=4.7367°
[[ 112.76425    -558.0096      -43.144863  ]
 [ -54.98483     224.3134       21.855137  ]
 [   0.1467654     0.02898414    0.        ]
 [   0.            0.            0.1496    ]]

iter 00 cost=1393213.076240 -> 87304.839740 |dtheta|=2.206601e+01  lambda=0.000e+00

============================================================
Iteration 1
============================================================
Theta offsets (Unity frame):
  Source   : dSx=   0.000, dSy=   0.000, dSz=   0.000  (mm)
  Object   : dOx= -14.670, dOy=  -6.145, dOz= -10.409  (mm)
  Object offset: offset_x=  -0.847, offset_z=  -0.308  (mm)
  Detector : dDx=   0.000, dDy=   0.000, dDz=   0.000  (mm)
  Obj Stage rotY :   11.171 deg
============================================================

Unity geometry (world coordinates):
  Source   : x=   5.000, y=  60.000, z=   0.000
  Object   : x=   3.330, y=  16.855, z= 569.591
  Detector : x=  -8.000, y=  -5.000, z= 800.000
  Obj rotY :   0.0000 deg
view   0 | SOD= 570.922 mm | SDD= 802.742 mm | M= 1.406 | incident=4.7367°
[[ 112.76425    -558.0096      -43.144863  ]
 [ -54.98483     224.3134       21.855137  ]
 [   0.1467654     0.02898414    0.        ]
 [   0.            0.            0.1496    ]]
Residual vector length: 216, Jacobian shape: (216, 6)
view   0 | SOD= 572.570 mm | SDD= 802.742 mm | M= 1.402 | incident=4.7367°
[[ 170.23206    -544.82697     -44.955177  ]
 [ -74.483406    216.93634      20.04482   ]
 [   0.14315556    0.04343551    0.        ]
 [   0.            0.            0.1496    ]]

iter 01 cost=87304.839740 -> 14782.785910 |dtheta|=6.821113e+00  lambda=0.000e+00

============================================================
Iteration 2
============================================================
Theta offsets (Unity frame):
  Source   : dSx=   0.000, dSy=   0.000, dSz=   0.000  (mm)
  Object   : dOx= -17.622, dOy=  -7.955, dOz=  -9.295  (mm)
  Object offset: offset_x=  -0.089, offset_z=   0.078  (mm)
  Detector : dDx=   0.000, dDy=   0.000, dDz=   0.000  (mm)
  Obj Stage rotY :   16.879 deg
============================================================

Unity geometry (world coordinates):
  Source   : x=   5.000, y=  60.000, z=   0.000
  Object   : x=   0.378, y=  15.045, z= 570.705
  Detector : x=  -8.000, y=  -5.000, z= 800.000
  Obj rotY :   0.0000 deg
view   0 | SOD= 572.570 mm | SDD= 802.742 mm | M= 1.402 | incident=4.7367°
[[ 170.23206    -544.82697     -44.955177  ]
 [ -74.483406    216.93634      20.04482   ]
 [   0.14315556    0.04343551    0.        ]
 [   0.            0.            0.1496    ]]
Residual vector length: 216, Jacobian shape: (216, 6)
view   0 | SOD= 573.131 mm | SDD= 802.742 mm | M= 1.401 | incident=4.7367°
[[ 210.60388    -531.06177     -45.809593  ]
 [ -89.51945     210.62213      19.190407  ]
 [   0.13957003    0.05385505    0.        ]
 [   0.            0.            0.1496    ]]

iter 02 cost=14782.785910 -> 4790.480467 |dtheta|=4.355836e+00  lambda=0.000e+00

============================================================
Iteration 3
============================================================
Theta offsets (Unity frame):
  Source   : dSx=   0.000, dSy=   0.000, dSz=   0.000  (mm)
  Object   : dOx= -18.027, dOy=  -8.810, dOz=  -8.821  (mm)
  Object offset: offset_x=  -0.278, offset_z=   0.094  (mm)
  Detector : dDx=   0.000, dDy=   0.000, dDz=   0.000  (mm)
  Obj Stage rotY :   21.100 deg
============================================================

Unity geometry (world coordinates):
  Source   : x=   5.000, y=  60.000, z=   0.000
  Object   : x=  -0.027, y=  14.190, z= 571.179
  Detector : x=  -8.000, y=  -5.000, z= 800.000
  Obj rotY :   0.0000 deg
view   0 | SOD= 573.131 mm | SDD= 802.742 mm | M= 1.401 | incident=4.7367°
[[ 210.60388    -531.06177     -45.809593  ]
 [ -89.51945     210.62213      19.190407  ]
 [   0.13957003    0.05385505    0.        ]
 [   0.            0.            0.1496    ]]
Residual vector length: 216, Jacobian shape: (216, 6)
view   0 | SOD= 571.411 mm | SDD= 802.742 mm | M= 1.405 | incident=4.7367°
[[ 224.79059    -523.3302      -45.8814    ]
 [ -96.119225    209.59946      19.118597  ]
 [   0.13799657    0.05776769    0.        ]
 [   0.            0.            0.1496    ]]

iter 03 cost=4790.480467 -> 2815.231431 |dtheta|=2.446228e+00  lambda=0.000e+00

============================================================
Iteration 4
============================================================
Theta offsets (Unity frame):
  Source   : dSx=   0.000, dSy=   0.000, dSz=   0.000  (mm)
  Object   : dOx= -18.055, dOy=  -8.881, dOz= -10.653  (mm)
  Object offset: offset_x=  -0.218, offset_z=   0.194  (mm)
  Detector : dDx=   0.000, dDy=   0.000, dDz=   0.000  (mm)
  Obj Stage rotY :   22.715 deg
============================================================

Unity geometry (world coordinates):
  Source   : x=   5.000, y=  60.000, z=   0.000
  Object   : x=  -0.055, y=  14.119, z= 569.347
  Detector : x=  -8.000, y=  -5.000, z= 800.000
  Obj rotY :   0.0000 deg
view   0 | SOD= 571.411 mm | SDD= 802.742 mm | M= 1.405 | incident=4.7367°
[[ 224.79059    -523.3302      -45.8814    ]
 [ -96.119225    209.59946      19.118597  ]
 [   0.13799657    0.05776769    0.        ]
 [   0.            0.            0.1496    ]]
Residual vector length: 216, Jacobian shape: (216, 6)
view   0 | SOD= 569.957 mm | SDD= 802.742 mm | M= 1.408 | incident=4.7367°
[[ 236.78583    -516.399       -45.994305  ]
 [-101.75732     208.55447      19.005695  ]
 [   0.136559      0.06108848    0.        ]
 [   0.            0.            0.1496    ]]

iter 04 cost=2815.231431 -> 1823.162201 |dtheta|=1.960529e+00  lambda=0.000e+00

============================================================
Iteration 5
============================================================
Theta offsets (Unity frame):
  Source   : dSx=   0.000, dSy=   0.000, dSz=   0.000  (mm)
  Object   : dOx= -18.116, dOy=  -8.994, dOz= -12.029  (mm)
  Object offset: offset_x=  -0.160, offset_z=   0.103  (mm)
  Detector : dDx=   0.000, dDy=   0.000, dDz=   0.000  (mm)
  Obj Stage rotY :   24.101 deg
============================================================

Unity geometry (world coordinates):
  Source   : x=   5.000, y=  60.000, z=   0.000
  Object   : x=  -0.116, y=  14.006, z= 567.971
  Detector : x=  -8.000, y=  -5.000, z= 800.000
  Obj rotY :   0.0000 deg
view   0 | SOD= 569.957 mm | SDD= 802.742 mm | M= 1.408 | incident=4.7367°
[[ 236.78583    -516.399       -45.994305  ]
 [-101.75732     208.55447      19.005695  ]
 [   0.136559      0.06108848    0.        ]
 [   0.            0.            0.1496    ]]
Residual vector length: 216, Jacobian shape: (216, 6)
view   0 | SOD= 567.691 mm | SDD= 802.742 mm | M= 1.414 | incident=4.7367°
[[ 241.26495    -511.81833     -45.89665   ]
 [-105.063156    209.44849      19.103352  ]
 [   0.13589342    0.06255509    0.        ]
 [   0.            0.            0.1496    ]]

iter 05 cost=1823.162201 -> 1190.859780 |dtheta|=2.357988e+00  lambda=0.000e+00

============================================================
Iteration 6
============================================================
Theta offsets (Unity frame):
  Source   : dSx=   0.000, dSy=   0.000, dSz=   0.000  (mm)
  Object   : dOx= -18.088, dOy=  -8.897, dOz= -14.300  (mm)
  Object offset: offset_x=  -0.056, offset_z=   0.110  (mm)
  Detector : dDx=   0.000, dDy=   0.000, dDz=   0.000  (mm)
  Obj Stage rotY :   24.718 deg
============================================================

Unity geometry (world coordinates):
  Source   : x=   5.000, y=  60.000, z=   0.000
  Object   : x=  -0.088, y=  14.103, z= 565.700
  Detector : x=  -8.000, y=  -5.000, z= 800.000
  Obj rotY :   0.0000 deg
view   0 | SOD= 567.691 mm | SDD= 802.742 mm | M= 1.414 | incident=4.7367°
[[ 241.26495    -511.81833     -45.89665   ]
 [-105.063156    209.44849      19.103352  ]
 [   0.13589342    0.06255509    0.        ]
 [   0.            0.            0.1496    ]]
Residual vector length: 216, Jacobian shape: (216, 6)
view   0 | SOD= 566.057 mm | SDD= 802.742 mm | M= 1.418 | incident=4.7367°
[[ 241.44574    -509.9321      -45.75939   ]
 [-106.15527     210.72214      19.240606  ]
 [   0.13578276    0.06279492    0.        ]
 [   0.            0.            0.1496    ]]

iter 06 cost=1190.859780 -> 850.370078 |dtheta|=1.586575e+00  lambda=0.000e+00

============================================================
Iteration 7
============================================================
Theta offsets (Unity frame):
  Source   : dSx=   0.000, dSy=   0.000, dSz=   0.000  (mm)
  Object   : dOx= -18.099, dOy=  -8.759, dOz= -15.876  (mm)
  Object offset: offset_x=  -0.002, offset_z=   0.058  (mm)
  Detector : dDx=   0.000, dDy=   0.000, dDz=   0.000  (mm)
  Obj Stage rotY :   24.819 deg
============================================================

Unity geometry (world coordinates):
  Source   : x=   5.000, y=  60.000, z=   0.000
  Object   : x=  -0.099, y=  14.241, z= 564.124
  Detector : x=  -8.000, y=  -5.000, z= 800.000
  Obj rotY :   0.0000 deg
view   0 | SOD= 566.057 mm | SDD= 802.742 mm | M= 1.418 | incident=4.7367°
[[ 241.44574    -509.9321      -45.75939   ]
 [-106.15527     210.72214      19.240606  ]
 [   0.13578276    0.06279492    0.        ]
 [   0.            0.            0.1496    ]]
Residual vector length: 216, Jacobian shape: (216, 6)
view   0 | SOD= 564.374 mm | SDD= 802.742 mm | M= 1.422 | incident=4.7367°
[[ 240.27336    -508.63065     -45.624554  ]
 [-106.674515    212.33824      19.375446  ]
 [   0.1358396     0.06267186    0.        ]
 [   0.            0.            0.1496    ]]

iter 07 cost=850.370078 -> 582.518800 |dtheta|=1.669331e+00  lambda=0.000e+00

============================================================
Iteration 8
============================================================
Theta offsets (Unity frame):
  Source   : dSx=   0.000, dSy=   0.000, dSz=   0.000  (mm)
  Object   : dOx= -18.086, dOy=  -8.625, dOz= -17.539  (mm)
  Object offset: offset_x=  -0.007, offset_z=   0.043  (mm)
  Detector : dDx=   0.000, dDy=   0.000, dDz=   0.000  (mm)
  Obj Stage rotY :   24.767 deg
============================================================

Unity geometry (world coordinates):
  Source   : x=   5.000, y=  60.000, z=   0.000
  Object   : x=  -0.086, y=  14.375, z= 562.461
  Detector : x=  -8.000, y=  -5.000, z= 800.000
  Obj rotY :   0.0000 deg
view   0 | SOD= 564.374 mm | SDD= 802.742 mm | M= 1.422 | incident=4.7367°
[[ 240.27336    -508.63065     -45.624554  ]
 [-106.674515    212.33824      19.375446  ]
 [   0.1358396     0.06267186    0.        ]
 [   0.            0.            0.1496    ]]
Residual vector length: 216, Jacobian shape: (216, 6)
view   0 | SOD= 563.105 mm | SDD= 802.742 mm | M= 1.426 | incident=4.7367°
[[ 241.28261    -506.7534      -45.509895  ]
 [-107.83794     213.16594      19.490105  ]
 [   0.13564998    0.06308123    0.        ]
 [   0.            0.            0.1496    ]]

iter 08 cost=582.518800 -> 405.804628 |dtheta|=1.263166e+00  lambda=0.000e+00

============================================================
Iteration 9
============================================================
Theta offsets (Unity frame):
  Source   : dSx=   0.000, dSy=   0.000, dSz=   0.000  (mm)
  Object   : dOx= -18.074, dOy=  -8.510, dOz= -18.785  (mm)
  Object offset: offset_x=  -0.029, offset_z=   0.024  (mm)
  Detector : dDx=   0.000, dDy=   0.000, dDz=   0.000  (mm)
  Obj Stage rotY :   24.940 deg
============================================================

Unity geometry (world coordinates):
  Source   : x=   5.000, y=  60.000, z=   0.000
  Object   : x=  -0.074, y=  14.490, z= 561.215
  Detector : x=  -8.000, y=  -5.000, z= 800.000
  Obj rotY :   0.0000 deg
view   0 | SOD= 563.105 mm | SDD= 802.742 mm | M= 1.426 | incident=4.7367°
[[ 241.28261    -506.7534      -45.509895  ]
 [-107.83794     213.16594      19.490105  ]
 [   0.13564998    0.06308123    0.        ]
 [   0.            0.            0.1496    ]]
Residual vector length: 216, Jacobian shape: (216, 6)
view   0 | SOD= 562.055 mm | SDD= 802.742 mm | M= 1.428 | incident=4.7367°
[[ 242.26927    -505.12064     -45.442448  ]
 [-108.973305    213.76576      19.557552  ]
 [   0.13546333    0.06348109    0.        ]
 [   0.            0.            0.1496    ]]

iter 09 cost=405.804628 -> 282.329888 |dtheta|=1.053454e+00  lambda=0.000e+00

============================================================
Iteration 10
============================================================
Theta offsets (Unity frame):
  Source   : dSx=   0.000, dSy=   0.000, dSz=   0.000  (mm)
  Object   : dOx= -18.023, dOy=  -8.442, dOz= -19.821  (mm)
  Object offset: offset_x=  -0.010, offset_z=   0.014  (mm)
  Detector : dDx=   0.000, dDy=   0.000, dDz=   0.000  (mm)
  Obj Stage rotY :   25.109 deg
============================================================

Unity geometry (world coordinates):
  Source   : x=   5.000, y=  60.000, z=   0.000
  Object   : x=  -0.023, y=  14.558, z= 560.179
  Detector : x=  -8.000, y=  -5.000, z= 800.000
  Obj rotY :   0.0000 deg
view   0 | SOD= 562.055 mm | SDD= 802.742 mm | M= 1.428 | incident=4.7367°
[[ 242.26927    -505.12064     -45.442448  ]
 [-108.973305    213.76576      19.557552  ]
 [   0.13546333    0.06348109    0.        ]
 [   0.            0.            0.1496    ]]
Residual vector length: 216, Jacobian shape: (216, 6)
view   0 | SOD= 561.362 mm | SDD= 802.742 mm | M= 1.430 | incident=4.7367°
[[ 241.1857     -504.87225     -45.3985    ]
 [-108.94073     214.55841      19.601503  ]
 [   0.13556169    0.06327076    0.        ]
 [   0.            0.            0.1496    ]]

iter 10 cost=282.329888 -> 213.133024 |dtheta|=7.048424e-01  lambda=0.000e+00

============================================================
Iteration 11
============================================================
Theta offsets (Unity frame):
  Source   : dSx=   0.000, dSy=   0.000, dSz=   0.000  (mm)
  Object   : dOx= -18.022, dOy=  -8.398, dOz= -20.519  (mm)
  Object offset: offset_x=  -0.004, offset_z=   0.019  (mm)
  Detector : dDx=   0.000, dDy=   0.000, dDz=   0.000  (mm)
  Obj Stage rotY :   25.020 deg
============================================================

Unity geometry (world coordinates):
  Source   : x=   5.000, y=  60.000, z=   0.000
  Object   : x=  -0.022, y=  14.602, z= 559.482
  Detector : x=  -8.000, y=  -5.000, z= 800.000
  Obj rotY :   0.0000 deg
view   0 | SOD= 561.362 mm | SDD= 802.742 mm | M= 1.430 | incident=4.7367°
[[ 241.1857     -504.87225     -45.3985    ]
 [-108.94073     214.55841      19.601503  ]
 [   0.13556169    0.06327076    0.        ]
 [   0.            0.            0.1496    ]]
Residual vector length: 216, Jacobian shape: (216, 6)
view   0 | SOD= 561.018 mm | SDD= 802.742 mm | M= 1.431 | incident=4.7367°
[[ 240.18103    -504.97214     -45.359936  ]
 [-108.72438     215.05147      19.640064  ]
 [   0.13566883    0.0630407     0.        ]
 [   0.            0.            0.1496    ]]

iter 11 cost=213.133024 -> 183.921525 |dtheta|=3.632231e-01  lambda=0.000e+00

============================================================
Iteration 12
============================================================
Theta offsets (Unity frame):
  Source   : dSx=   0.000, dSy=   0.000, dSz=   0.000  (mm)
  Object   : dOx= -18.024, dOy=  -8.360, dOz= -20.866  (mm)
  Object offset: offset_x=   0.002, offset_z=   0.025  (mm)
  Detector : dDx=   0.000, dDy=   0.000, dDz=   0.000  (mm)
  Obj Stage rotY :   24.923 deg
============================================================

Unity geometry (world coordinates):
  Source   : x=   5.000, y=  60.000, z=   0.000
  Object   : x=  -0.024, y=  14.640, z= 559.134
  Detector : x=  -8.000, y=  -5.000, z= 800.000
  Obj rotY :   0.0000 deg
view   0 | SOD= 561.018 mm | SDD= 802.742 mm | M= 1.431 | incident=4.7367°
[[ 240.18103    -504.97214     -45.359936  ]
 [-108.72438     215.05147      19.640064  ]
 [   0.13566883    0.0630407     0.        ]
 [   0.            0.            0.1496    ]]
Residual vector length: 216, Jacobian shape: (216, 6)
view   0 | SOD= 560.237 mm | SDD= 802.742 mm | M= 1.433 | incident=4.7367°
[[ 241.28459    -503.58304     -45.286285  ]
 [-109.68119     215.43852      19.713715  ]
 [   0.13548775    0.06342892    0.        ]
 [   0.            0.            0.1496    ]]

iter 12 cost=183.921525 -> 122.265473 |dtheta|=7.677643e-01  lambda=0.000e+00

============================================================
Iteration 13
============================================================
Theta offsets (Unity frame):
  Source   : dSx=   0.000, dSy=   0.000, dSz=   0.000  (mm)
  Object   : dOx= -18.020, dOy=  -8.286, dOz= -21.612  (mm)
  Object offset: offset_x=   0.011, offset_z=  -0.007  (mm)
  Detector : dDx=   0.000, dDy=   0.000, dDz=   0.000  (mm)
  Obj Stage rotY :   25.087 deg
============================================================

Unity geometry (world coordinates):
  Source   : x=   5.000, y=  60.000, z=   0.000
  Object   : x=  -0.020, y=  14.714, z= 558.388
  Detector : x=  -8.000, y=  -5.000, z= 800.000
  Obj rotY :   0.0000 deg
view   0 | SOD= 560.237 mm | SDD= 802.742 mm | M= 1.433 | incident=4.7367°
[[ 241.28459    -503.58304     -45.286285  ]
 [-109.68119     215.43852      19.713715  ]
 [   0.13548775    0.06342892    0.        ]
 [   0.            0.            0.1496    ]]
Residual vector length: 216, Jacobian shape: (216, 6)
view   0 | SOD= 559.768 mm | SDD= 802.742 mm | M= 1.434 | incident=4.7367°
[[ 241.1878     -503.1148      -45.215797  ]
 [-109.91034     215.84215      19.784203  ]
 [   0.13547607    0.06345387    0.        ]
 [   0.            0.            0.1496    ]]

iter 13 cost=122.265473 -> 89.336123 |dtheta|=5.093374e-01  lambda=0.000e+00

============================================================
Iteration 14
============================================================
Theta offsets (Unity frame):
  Source   : dSx=   0.000, dSy=   0.000, dSz=   0.000  (mm)
  Object   : dOx= -18.019, dOy=  -8.216, dOz= -22.115  (mm)
  Object offset: offset_x=   0.002, offset_z=   0.031  (mm)
  Detector : dDx=   0.000, dDy=   0.000, dDz=   0.000  (mm)
  Obj Stage rotY :   25.097 deg
============================================================

Unity geometry (world coordinates):
  Source   : x=   5.000, y=  60.000, z=   0.000
  Object   : x=  -0.019, y=  14.784, z= 557.885
  Detector : x=  -8.000, y=  -5.000, z= 800.000
  Obj rotY :   0.0000 deg
view   0 | SOD= 559.768 mm | SDD= 802.742 mm | M= 1.434 | incident=4.7367°
[[ 241.1878     -503.1148      -45.215797  ]
 [-109.91034     215.84215      19.784203  ]
 [   0.13547607    0.06345387    0.        ]
 [   0.            0.            0.1496    ]]
Residual vector length: 216, Jacobian shape: (216, 6)
view   0 | SOD= 559.501 mm | SDD= 802.742 mm | M= 1.435 | incident=4.7367°
[[ 239.98921    -503.3902      -45.22267   ]
 [-109.52844     216.33644      19.777328  ]
 [   0.13561517    0.06315605    0.        ]
 [   0.            0.            0.1496    ]]

iter 14 cost=89.336123 -> 72.259026 |dtheta|=3.020768e-01  lambda=0.000e+00

============================================================
Iteration 15
============================================================
Theta offsets (Unity frame):
  Source   : dSx=   0.000, dSy=   0.000, dSz=   0.000  (mm)
  Object   : dOx= -18.040, dOy=  -8.223, dOz= -22.388  (mm)
  Object offset: offset_x=  -0.000, offset_z=   0.036  (mm)
  Detector : dDx=   0.000, dDy=   0.000, dDz=   0.000  (mm)
  Obj Stage rotY :   24.971 deg
============================================================

Unity geometry (world coordinates):
  Source   : x=   5.000, y=  60.000, z=   0.000
  Object   : x=  -0.040, y=  14.777, z= 557.612
  Detector : x=  -8.000, y=  -5.000, z= 800.000
  Obj rotY :   0.0000 deg
view   0 | SOD= 559.501 mm | SDD= 802.742 mm | M= 1.435 | incident=4.7367°
[[ 239.98921    -503.3902      -45.22267   ]
 [-109.52844     216.33644      19.777328  ]
 [   0.13561517    0.06315605    0.        ]
 [   0.            0.            0.1496    ]]
Residual vector length: 216, Jacobian shape: (216, 6)
view   0 | SOD= 559.036 mm | SDD= 802.742 mm | M= 1.436 | incident=4.7367°
[[ 240.32198    -502.71832     -45.17899   ]
 [-109.988464    216.62276      19.82101   ]
 [   0.13554549    0.06330544    0.        ]
 [   0.            0.            0.1496    ]]

iter 15 cost=72.259026 -> 52.105512 |dtheta|=4.390386e-01  lambda=0.000e+00

============================================================
Iteration 16
============================================================
Theta offsets (Unity frame):
  Source   : dSx=   0.000, dSy=   0.000, dSz=   0.000  (mm)
  Object   : dOx= -18.011, dOy=  -8.179, dOz= -22.818  (mm)
  Object offset: offset_x=  -0.001, offset_z=   0.003  (mm)
  Detector : dDx=   0.000, dDy=   0.000, dDz=   0.000  (mm)
  Obj Stage rotY :   25.035 deg
============================================================

Unity geometry (world coordinates):
  Source   : x=   5.000, y=  60.000, z=   0.000
  Object   : x=  -0.011, y=  14.821, z= 557.182
  Detector : x=  -8.000, y=  -5.000, z= 800.000
  Obj rotY :   0.0000 deg
view   0 | SOD= 559.036 mm | SDD= 802.742 mm | M= 1.436 | incident=4.7367°
[[ 240.32198    -502.71832     -45.17899   ]
 [-109.988464    216.62276      19.82101   ]
 [   0.13554549    0.06330544    0.        ]
 [   0.            0.            0.1496    ]]
Residual vector length: 216, Jacobian shape: (216, 6)
view   0 | SOD= 558.769 mm | SDD= 802.742 mm | M= 1.437 | incident=4.7367°
[[ 239.74826    -502.6971      -45.161674  ]
 [-109.893074    216.96942      19.838327  ]
 [   0.1356043     0.06317936    0.        ]
 [   0.            0.            0.1496    ]]

iter 16 cost=52.105512 -> 38.545596 |dtheta|=2.862840e-01  lambda=0.000e+00

============================================================
Iteration 17
============================================================
Theta offsets (Unity frame):
  Source   : dSx=   0.000, dSy=   0.000, dSz=   0.000  (mm)
  Object   : dOx= -18.017, dOy=  -8.162, dOz= -23.099  (mm)
  Object offset: offset_x=  -0.002, offset_z=   0.017  (mm)
  Detector : dDx=   0.000, dDy=   0.000, dDz=   0.000  (mm)
  Obj Stage rotY :   24.981 deg
============================================================

Unity geometry (world coordinates):
  Source   : x=   5.000, y=  60.000, z=   0.000
  Object   : x=  -0.017, y=  14.838, z= 556.901
  Detector : x=  -8.000, y=  -5.000, z= 800.000
  Obj rotY :   0.0000 deg
view   0 | SOD= 558.769 mm | SDD= 802.742 mm | M= 1.437 | incident=4.7367°
[[ 239.74826    -502.6971      -45.161674  ]
 [-109.893074    216.96942      19.838327  ]
 [   0.1356043     0.06317936    0.        ]
 [   0.            0.            0.1496    ]]
Residual vector length: 216, Jacobian shape: (216, 6)
view   0 | SOD= 558.564 mm | SDD= 802.742 mm | M= 1.437 | incident=4.7367°
[[ 239.92133    -502.38763     -45.150944  ]
 [-110.10101     217.09367      19.849056  ]
 [   0.13557084    0.06325115    0.        ]
 [   0.            0.            0.1496    ]]

iter 17 cost=38.545596 -> 32.462700 |dtheta|=1.986585e-01  lambda=0.000e+00

============================================================
Iteration 18
============================================================
Theta offsets (Unity frame):
  Source   : dSx=   0.000, dSy=   0.000, dSz=   0.000  (mm)
  Object   : dOx= -18.015, dOy=  -8.151, dOz= -23.294  (mm)
  Object offset: offset_x=   0.003, offset_z=   0.008  (mm)
  Detector : dDx=   0.000, dDy=   0.000, dDz=   0.000  (mm)
  Obj Stage rotY :   25.012 deg
============================================================

Unity geometry (world coordinates):
  Source   : x=   5.000, y=  60.000, z=   0.000
  Object   : x=  -0.015, y=  14.849, z= 556.706
  Detector : x=  -8.000, y=  -5.000, z= 800.000
  Obj rotY :   0.0000 deg
view   0 | SOD= 558.564 mm | SDD= 802.742 mm | M= 1.437 | incident=4.7367°
[[ 239.92133    -502.38763     -45.150944  ]
 [-110.10101     217.09367      19.849056  ]
 [   0.13557084    0.06325115    0.        ]
 [   0.            0.            0.1496    ]]
Residual vector length: 216, Jacobian shape: (216, 6)
view   0 | SOD= 558.368 mm | SDD= 802.742 mm | M= 1.438 | incident=4.7367°
[[ 239.48848    -502.37787     -45.128136  ]
 [-110.02843     217.34912      19.871862  ]
 [   0.13561523    0.06315591    0.        ]
 [   0.            0.            0.1496    ]]

iter 18 cost=32.462700 -> 26.627493 |dtheta|=2.044760e-01  lambda=0.000e+00

============================================================
Iteration 19
============================================================
Theta offsets (Unity frame):
  Source   : dSx=   0.000, dSy=   0.000, dSz=   0.000  (mm)
  Object   : dOx= -18.013, dOy=  -8.128, dOz= -23.494  (mm)
  Object offset: offset_x=  -0.001, offset_z=   0.012  (mm)
  Detector : dDx=   0.000, dDy=   0.000, dDz=   0.000  (mm)
  Obj Stage rotY :   24.971 deg
============================================================

Unity geometry (world coordinates):
  Source   : x=   5.000, y=  60.000, z=   0.000
  Object   : x=  -0.013, y=  14.872, z= 556.506
  Detector : x=  -8.000, y=  -5.000, z= 800.000
  Obj rotY :   0.0000 deg
view   0 | SOD= 558.368 mm | SDD= 802.742 mm | M= 1.438 | incident=4.7367°
[[ 239.48848    -502.37787     -45.128136  ]
 [-110.02843     217.34912      19.871862  ]
 [   0.13561523    0.06315591    0.        ]
 [   0.            0.            0.1496    ]]
Residual vector length: 216, Jacobian shape: (216, 6)
view   0 | SOD= 558.113 mm | SDD= 802.742 mm | M= 1.438 | incident=4.7367°
[[ 239.17427    -502.24628     -45.10392   ]
 [-110.034966    217.63004      19.896078  ]
 [   0.13564222    0.06309794    0.        ]
 [   0.            0.            0.1496    ]]

iter 19 cost=26.627493 -> 18.988342 |dtheta|=2.478764e-01  lambda=0.000e+00

============================================================
Iteration 20
============================================================
Theta offsets (Unity frame):
  Source   : dSx=   0.000, dSy=   0.000, dSz=   0.000  (mm)
  Object   : dOx= -18.014, dOy=  -8.104, dOz= -23.739  (mm)
  Object offset: offset_x=  -0.009, offset_z=   0.003  (mm)
  Detector : dDx=   0.000, dDy=   0.000, dDz=   0.000  (mm)
  Obj Stage rotY :   24.947 deg
============================================================

Unity geometry (world coordinates):
  Source   : x=   5.000, y=  60.000, z=   0.000
  Object   : x=  -0.014, y=  14.896, z= 556.261
  Detector : x=  -8.000, y=  -5.000, z= 800.000
  Obj rotY :   0.0000 deg
view   0 | SOD= 558.113 mm | SDD= 802.742 mm | M= 1.438 | incident=4.7367°
[[ 239.17427    -502.24628     -45.10392   ]
 [-110.034966    217.63004      19.896078  ]
 [   0.13564222    0.06309794    0.        ]
 [   0.            0.            0.1496    ]]
Residual vector length: 216, Jacobian shape: (216, 6)
view   0 | SOD= 557.866 mm | SDD= 802.742 mm | M= 1.439 | incident=4.7367°
[[ 239.4432     -501.8462      -45.078823  ]
 [-110.311356    217.76532      19.921177  ]
 [   0.13559437    0.0632007     0.        ]
 [   0.            0.            0.1496    ]]

iter 20 cost=18.988342 -> 12.418901 |dtheta|=2.524311e-01  lambda=0.000e+00

============================================================
Iteration 21
============================================================
Theta offsets (Unity frame):
  Source   : dSx=   0.000, dSy=   0.000, dSz=   0.000  (mm)
  Object   : dOx= -18.009, dOy=  -8.079, dOz= -23.986  (mm)
  Object offset: offset_x=  -0.005, offset_z=   0.005  (mm)
  Detector : dDx=   0.000, dDy=   0.000, dDz=   0.000  (mm)
  Obj Stage rotY :   24.990 deg
============================================================

Unity geometry (world coordinates):
  Source   : x=   5.000, y=  60.000, z=   0.000
  Object   : x=  -0.009, y=  14.921, z= 556.014
  Detector : x=  -8.000, y=  -5.000, z= 800.000
  Obj rotY :   0.0000 deg
view   0 | SOD= 557.866 mm | SDD= 802.742 mm | M= 1.439 | incident=4.7367°
[[ 239.4432     -501.8462      -45.078823  ]
 [-110.311356    217.76532      19.921177  ]
 [   0.13559437    0.0632007     0.        ]
 [   0.            0.            0.1496    ]]
Residual vector length: 216, Jacobian shape: (216, 6)
view   0 | SOD= 557.682 mm | SDD= 802.742 mm | M= 1.439 | incident=4.7367°
[[ 239.35481    -501.6842      -45.06583   ]
 [-110.38636     217.93382      19.93417   ]
 [   0.13559555    0.06319817    0.        ]
 [   0.            0.            0.1496    ]]

iter 21 cost=12.418901 -> 8.529859 |dtheta|=1.814637e-01  lambda=0.000e+00

============================================================
Iteration 22
============================================================
Theta offsets (Unity frame):
  Source   : dSx=   0.000, dSy=   0.000, dSz=   0.000  (mm)
  Object   : dOx= -18.010, dOy=  -8.066, dOz= -24.167  (mm)
  Object offset: offset_x=  -0.003, offset_z=   0.002  (mm)
  Detector : dDx=   0.000, dDy=   0.000, dDz=   0.000  (mm)
  Obj Stage rotY :   24.989 deg
============================================================

Unity geometry (world coordinates):
  Source   : x=   5.000, y=  60.000, z=   0.000
  Object   : x=  -0.010, y=  14.934, z= 555.833
  Detector : x=  -8.000, y=  -5.000, z= 800.000
  Obj rotY :   0.0000 deg
view   0 | SOD= 557.682 mm | SDD= 802.742 mm | M= 1.439 | incident=4.7367°
[[ 239.35481    -501.6842      -45.06583   ]
 [-110.38636     217.93382      19.93417   ]
 [   0.13559555    0.06319817    0.        ]
 [   0.            0.            0.1496    ]]
Residual vector length: 216, Jacobian shape: (216, 6)
view   0 | SOD= 557.528 mm | SDD= 802.742 mm | M= 1.440 | incident=4.7367°
[[ 239.33295    -501.52545     -45.053272  ]
 [-110.46771     218.06366      19.946728  ]
 [   0.13559031    0.06320938    0.        ]
 [   0.            0.            0.1496    ]]

iter 22 cost=8.529859 -> 5.958409 |dtheta|=1.568127e-01  lambda=0.000e+00

============================================================
Iteration 23
============================================================
Theta offsets (Unity frame):
  Source   : dSx=   0.000, dSy=   0.000, dSz=   0.000  (mm)
  Object   : dOx= -18.010, dOy=  -8.053, dOz= -24.323  (mm)
  Object offset: offset_x=  -0.004, offset_z=   0.006  (mm)
  Detector : dDx=   0.000, dDy=   0.000, dDz=   0.000  (mm)
  Obj Stage rotY :   24.994 deg
============================================================

Unity geometry (world coordinates):
  Source   : x=   5.000, y=  60.000, z=   0.000
  Object   : x=  -0.010, y=  14.947, z= 555.677
  Detector : x=  -8.000, y=  -5.000, z= 800.000
  Obj rotY :   0.0000 deg
view   0 | SOD= 557.528 mm | SDD= 802.742 mm | M= 1.440 | incident=4.7367°
[[ 239.33295    -501.52545     -45.053272  ]
 [-110.46771     218.06366      19.946728  ]
 [   0.13559031    0.06320938    0.        ]
 [   0.            0.            0.1496    ]]
Residual vector length: 216, Jacobian shape: (216, 6)
view   0 | SOD= 557.431 mm | SDD= 802.742 mm | M= 1.440 | incident=4.7367°
[[ 239.32385    -501.42227     -45.045567  ]
 [-110.52438     218.14374      19.954433  ]
 [   0.13558614    0.06321834    0.        ]
 [   0.            0.            0.1496    ]]

iter 23 cost=5.958409 -> 4.784389 |dtheta|=9.059595e-02  lambda=0.000e+00

============================================================
Iteration 24
============================================================
Theta offsets (Unity frame):
  Source   : dSx=   0.000, dSy=   0.000, dSz=   0.000  (mm)
  Object   : dOx= -18.007, dOy=  -8.046, dOz= -24.413  (mm)
  Object offset: offset_x=  -0.006, offset_z=  -0.002  (mm)
  Detector : dDx=   0.000, dDy=   0.000, dDz=   0.000  (mm)
  Obj Stage rotY :   24.998 deg
============================================================

Unity geometry (world coordinates):
  Source   : x=   5.000, y=  60.000, z=   0.000
  Object   : x=  -0.007, y=  14.954, z= 555.587
  Detector : x=  -8.000, y=  -5.000, z= 800.000
  Obj rotY :   0.0000 deg
view   0 | SOD= 557.431 mm | SDD= 802.742 mm | M= 1.440 | incident=4.7367°
[[ 239.32385    -501.42227     -45.045567  ]
 [-110.52438     218.14374      19.954433  ]
 [   0.13558614    0.06321834    0.        ]
 [   0.            0.            0.1496    ]]
Residual vector length: 216, Jacobian shape: (216, 6)
view   0 | SOD= 557.399 mm | SDD= 802.742 mm | M= 1.440 | incident=4.7367°
[[ 239.37863    -501.36023     -45.043755  ]
 [-110.57308     218.15544      19.956245  ]
 [   0.13557704    0.06323785    0.        ]
 [   0.            0.            0.1496    ]]

iter 24 cost=4.784389 -> 4.286833 |dtheta|=3.722818e-02  lambda=0.000e+00

============================================================
Iteration 25
============================================================
Theta offsets (Unity frame):
  Source   : dSx=   0.000, dSy=   0.000, dSz=   0.000  (mm)
  Object   : dOx= -18.006, dOy=  -8.044, dOz= -24.449  (mm)
  Object offset: offset_x=  -0.002, offset_z=   0.002  (mm)
  Detector : dDx=   0.000, dDy=   0.000, dDz=   0.000  (mm)
  Obj Stage rotY :   25.006 deg
============================================================

Unity geometry (world coordinates):
  Source   : x=   5.000, y=  60.000, z=   0.000
  Object   : x=  -0.006, y=  14.956, z= 555.551
  Detector : x=  -8.000, y=  -5.000, z= 800.000
  Obj rotY :   0.0000 deg
view   0 | SOD= 557.399 mm | SDD= 802.742 mm | M= 1.440 | incident=4.7367°
[[ 239.37863    -501.36023     -45.043755  ]
 [-110.57308     218.15544      19.956245  ]
 [   0.13557704    0.06323785    0.        ]
 [   0.            0.            0.1496    ]]
Residual vector length: 216, Jacobian shape: (216, 6)
view   0 | SOD= 557.350 mm | SDD= 802.742 mm | M= 1.440 | incident=4.7367°
[[ 239.14445    -501.41888     -45.038536  ]
 [-110.50007     218.24611      19.961464  ]
 [   0.13560402    0.06317996    0.        ]
 [   0.            0.            0.1496    ]]

iter 25 cost=4.286833 -> 3.504839 |dtheta|=5.643514e-02  lambda=0.000e+00

============================================================
Iteration 26
============================================================
Theta offsets (Unity frame):
  Source   : dSx=   0.000, dSy=   0.000, dSz=   0.000  (mm)
  Object   : dOx= -18.006, dOy=  -8.039, dOz= -24.499  (mm)
  Object offset: offset_x=  -0.003, offset_z=   0.004  (mm)
  Detector : dDx=   0.000, dDy=   0.000, dDz=   0.000  (mm)
  Obj Stage rotY :   24.982 deg
============================================================

Unity geometry (world coordinates):
  Source   : x=   5.000, y=  60.000, z=   0.000
  Object   : x=  -0.006, y=  14.961, z= 555.501
  Detector : x=  -8.000, y=  -5.000, z= 800.000
  Obj rotY :   0.0000 deg
view   0 | SOD= 557.350 mm | SDD= 802.742 mm | M= 1.440 | incident=4.7367°
[[ 239.14445    -501.41888     -45.038536  ]
 [-110.50007     218.24611      19.961464  ]
 [   0.13560402    0.06317996    0.        ]
 [   0.            0.            0.1496    ]]
Residual vector length: 216, Jacobian shape: (216, 6)
view   0 | SOD= 557.284 mm | SDD= 802.742 mm | M= 1.440 | incident=4.7367°
[[ 239.15611    -501.34018     -45.033173  ]
 [-110.551025    218.29439      19.966825  ]
 [   0.13559853    0.06319176    0.        ]
 [   0.            0.            0.1496    ]]

iter 26 cost=3.504839 -> 2.817360 |dtheta|=6.715147e-02  lambda=0.000e+00

============================================================
Iteration 27
============================================================
Theta offsets (Unity frame):
  Source   : dSx=   0.000, dSy=   0.000, dSz=   0.000  (mm)
  Object   : dOx= -18.004, dOy=  -8.033, dOz= -24.566  (mm)
  Object offset: offset_x=   0.000, offset_z=   0.005  (mm)
  Detector : dDx=   0.000, dDy=   0.000, dDz=   0.000  (mm)
  Obj Stage rotY :   24.987 deg
============================================================

Unity geometry (world coordinates):
  Source   : x=   5.000, y=  60.000, z=   0.000
  Object   : x=  -0.004, y=  14.967, z= 555.434
  Detector : x=  -8.000, y=  -5.000, z= 800.000
  Obj rotY :   0.0000 deg
view   0 | SOD= 557.284 mm | SDD= 802.742 mm | M= 1.440 | incident=4.7367°
[[ 239.15611    -501.34018     -45.033173  ]
 [-110.551025    218.29439      19.966825  ]
 [   0.13559853    0.06319176    0.        ]
 [   0.            0.            0.1496    ]]
Residual vector length: 216, Jacobian shape: (216, 6)
view   0 | SOD= 557.184 mm | SDD= 802.742 mm | M= 1.441 | incident=4.7367°
[[ 239.1037     -501.25497     -45.025238  ]
 [-110.58865     218.3868       19.974764  ]
 [   0.13559982    0.06318897    0.        ]
 [   0.            0.            0.1496    ]]

iter 27 cost=2.817360 -> 1.862005 |dtheta|=9.712317e-02  lambda=0.000e+00

============================================================
Iteration 28
============================================================
Theta offsets (Unity frame):
  Source   : dSx=   0.000, dSy=   0.000, dSz=   0.000  (mm)
  Object   : dOx= -18.004, dOy=  -8.025, dOz= -24.663  (mm)
  Object offset: offset_x=  -0.001, offset_z=   0.002  (mm)
  Detector : dDx=   0.000, dDy=   0.000, dDz=   0.000  (mm)
  Obj Stage rotY :   24.985 deg
============================================================

Unity geometry (world coordinates):
  Source   : x=   5.000, y=  60.000, z=   0.000
  Object   : x=  -0.004, y=  14.975, z= 555.337
  Detector : x=  -8.000, y=  -5.000, z= 800.000
  Obj rotY :   0.0000 deg
view   0 | SOD= 557.184 mm | SDD= 802.742 mm | M= 1.441 | incident=4.7367°
[[ 239.1037     -501.25497     -45.025238  ]
 [-110.58865     218.3868       19.974764  ]
 [   0.13559982    0.06318897    0.        ]
 [   0.            0.            0.1496    ]]
Residual vector length: 216, Jacobian shape: (216, 6)
view   0 | SOD= 557.125 mm | SDD= 802.742 mm | M= 1.441 | incident=4.7367°
[[ 239.04854    -501.216       -45.01986   ]
 [-110.60113     218.44649      19.980139  ]
 [   0.13560358    0.06318092    0.        ]
 [   0.            0.            0.1496    ]]

iter 28 cost=1.862005 -> 1.447978 |dtheta|=6.076803e-02  lambda=0.000e+00

============================================================
Iteration 29
============================================================
Theta offsets (Unity frame):
  Source   : dSx=   0.000, dSy=   0.000, dSz=   0.000  (mm)
  Object   : dOx= -18.003, dOy=  -8.020, dOz= -24.723  (mm)
  Object offset: offset_x=  -0.001, offset_z=   0.004  (mm)
  Detector : dDx=   0.000, dDy=   0.000, dDz=   0.000  (mm)
  Obj Stage rotY :   24.982 deg
============================================================

Unity geometry (world coordinates):
  Source   : x=   5.000, y=  60.000, z=   0.000
  Object   : x=  -0.003, y=  14.980, z= 555.277
  Detector : x=  -8.000, y=  -5.000, z= 800.000
  Obj rotY :   0.0000 deg
view   0 | SOD= 557.125 mm | SDD= 802.742 mm | M= 1.441 | incident=4.7367°
[[ 239.04854    -501.216       -45.01986   ]
 [-110.60113     218.44649      19.980139  ]
 [   0.13560358    0.06318092    0.        ]
 [   0.            0.            0.1496    ]]
Residual vector length: 216, Jacobian shape: (216, 6)
view   0 | SOD= 557.075 mm | SDD= 802.742 mm | M= 1.441 | incident=4.7367°
[[ 239.03578    -501.1671      -45.01572   ]
 [-110.62716     218.48894      19.98428   ]
 [   0.13560241    0.06318343    0.        ]
 [   0.            0.            0.1496    ]]

iter 29 cost=1.447978 -> 1.184557 |dtheta|=4.922785e-02  lambda=0.000e+00

============================================================
Iteration 30
============================================================
Theta offsets (Unity frame):
  Source   : dSx=   0.000, dSy=   0.000, dSz=   0.000  (mm)
  Object   : dOx= -18.001, dOy=  -8.016, dOz= -24.772  (mm)
  Object offset: offset_x=  -0.001, offset_z=   0.003  (mm)
  Detector : dDx=   0.000, dDy=   0.000, dDz=   0.000  (mm)
  Obj Stage rotY :   24.983 deg
============================================================

Unity geometry (world coordinates):
  Source   : x=   5.000, y=  60.000, z=   0.000
  Object   : x=  -0.001, y=  14.984, z= 555.228
  Detector : x=  -8.000, y=  -5.000, z= 800.000
  Obj rotY :   0.0000 deg
view   0 | SOD= 557.075 mm | SDD= 802.742 mm | M= 1.441 | incident=4.7367°
[[ 239.03578    -501.1671      -45.01572   ]
 [-110.62716     218.48894      19.98428   ]
 [   0.13560241    0.06318343    0.        ]
 [   0.            0.            0.1496    ]]
Residual vector length: 216, Jacobian shape: (216, 6)
view   0 | SOD= 557.030 mm | SDD= 802.742 mm | M= 1.441 | incident=4.7367°
[[ 239.09163    -501.09082     -45.011703  ]
 [-110.68117     218.51186      19.988297  ]
 [   0.13559276    0.06320413    0.        ]
 [   0.            0.            0.1496    ]]

iter 30 cost=1.184557 -> 0.966276 |dtheta|=4.530920e-02  lambda=0.000e+00

============================================================
Iteration 31
============================================================
Theta offsets (Unity frame):
  Source   : dSx=   0.000, dSy=   0.000, dSz=   0.000  (mm)
  Object   : dOx= -18.001, dOy=  -8.012, dOz= -24.816  (mm)
  Object offset: offset_x=   0.000, offset_z=   0.003  (mm)
  Detector : dDx=   0.000, dDy=   0.000, dDz=   0.000  (mm)
  Obj Stage rotY :   24.992 deg
============================================================

Unity geometry (world coordinates):
  Source   : x=   5.000, y=  60.000, z=   0.000
  Object   : x=  -0.001, y=  14.988, z= 555.184
  Detector : x=  -8.000, y=  -5.000, z= 800.000
  Obj rotY :   0.0000 deg
view   0 | SOD= 557.030 mm | SDD= 802.742 mm | M= 1.441 | incident=4.7367°
[[ 239.09163    -501.09082     -45.011703  ]
 [-110.68117     218.51186      19.988297  ]
 [   0.13559276    0.06320413    0.        ]
 [   0.            0.            0.1496    ]]
Residual vector length: 216, Jacobian shape: (216, 6)
view   0 | SOD= 557.003 mm | SDD= 802.742 mm | M= 1.441 | incident=4.7367°
[[ 239.03426    -501.08734     -45.01083   ]
 [-110.674385    218.54651      19.98917   ]
 [   0.13559839    0.06319204    0.        ]
 [   0.            0.            0.1496    ]]

iter 31 cost=0.966276 -> 0.947873 |dtheta|=2.876205e-02  lambda=0.000e+00

============================================================
Iteration 32
============================================================
Theta offsets (Unity frame):
  Source   : dSx=   0.000, dSy=   0.000, dSz=   0.000  (mm)
  Object   : dOx= -18.000, dOy=  -8.011, dOz= -24.845  (mm)
  Object offset: offset_x=   0.001, offset_z=   0.003  (mm)
  Detector : dDx=   0.000, dDy=   0.000, dDz=   0.000  (mm)
  Obj Stage rotY :   24.987 deg
============================================================

Unity geometry (world coordinates):
  Source   : x=   5.000, y=  60.000, z=   0.000
  Object   : x=  -0.000, y=  14.989, z= 555.155
  Detector : x=  -8.000, y=  -5.000, z= 800.000
  Obj rotY :   0.0000 deg
view   0 | SOD= 557.003 mm | SDD= 802.742 mm | M= 1.441 | incident=4.7367°
[[ 239.03426    -501.08734     -45.01083   ]
 [-110.674385    218.54651      19.98917   ]
 [   0.13559839    0.06319204    0.        ]
 [   0.            0.            0.1496    ]]
Residual vector length: 216, Jacobian shape: (216, 6)
view   0 | SOD= 556.995 mm | SDD= 802.742 mm | M= 1.441 | incident=4.7367°
[[ 239.05911    -501.06735     -45.01084   ]
 [-110.69014     218.54674      19.989157  ]
 [   0.13559483    0.06319969    0.        ]
 [   0.            0.            0.1496    ]]

iter 32 cost=0.947873 -> 0.886851 |dtheta|=8.357397e-03  lambda=0.000e+00

============================================================
Iteration 33
============================================================
Theta offsets (Unity frame):
  Source   : dSx=   0.000, dSy=   0.000, dSz=   0.000  (mm)
  Object   : dOx= -18.001, dOy=  -8.011, dOz= -24.852  (mm)
  Object offset: offset_x=   0.002, offset_z=   0.004  (mm)
  Detector : dDx=   0.000, dDy=   0.000, dDz=   0.000  (mm)
  Obj Stage rotY :   24.990 deg
============================================================

Unity geometry (world coordinates):
  Source   : x=   5.000, y=  60.000, z=   0.000
  Object   : x=  -0.001, y=  14.989, z= 555.148
  Detector : x=  -8.000, y=  -5.000, z= 800.000
  Obj rotY :   0.0000 deg
view   0 | SOD= 556.995 mm | SDD= 802.742 mm | M= 1.441 | incident=4.7367°
[[ 239.05911    -501.06735     -45.01084   ]
 [-110.69014     218.54674      19.989157  ]
 [   0.13559483    0.06319969    0.        ]
 [   0.            0.            0.1496    ]]
Residual vector length: 216, Jacobian shape: (216, 6)
view   0 | SOD= 556.983 mm | SDD= 802.742 mm | M= 1.441 | incident=4.7367°
[[ 239.07567    -501.04553     -45.009933  ]
 [-110.7044      218.55359      19.990068  ]
 [   0.13559213    0.0632055     0.        ]
 [   0.            0.            0.1496    ]]

iter 33 cost=0.886851 -> 0.851071 |dtheta|=1.276704e-02  lambda=0.000e+00

============================================================
Iteration 34
============================================================
Theta offsets (Unity frame):
  Source   : dSx=   0.000, dSy=   0.000, dSz=   0.000  (mm)
  Object   : dOx= -18.001, dOy=  -8.010, dOz= -24.865  (mm)
  Object offset: offset_x=   0.001, offset_z=   0.003  (mm)
  Detector : dDx=   0.000, dDy=   0.000, dDz=   0.000  (mm)
  Obj Stage rotY :   24.992 deg
============================================================

Unity geometry (world coordinates):
  Source   : x=   5.000, y=  60.000, z=   0.000
  Object   : x=  -0.001, y=  14.990, z= 555.135
  Detector : x=  -8.000, y=  -5.000, z= 800.000
  Obj rotY :   0.0000 deg
view   0 | SOD= 556.983 mm | SDD= 802.742 mm | M= 1.441 | incident=4.7367°
[[ 239.07567    -501.04553     -45.009933  ]
 [-110.7044      218.55359      19.990068  ]
 [   0.13559213    0.0632055     0.        ]
 [   0.            0.            0.1496    ]]
Residual vector length: 216, Jacobian shape: (216, 6)
view   0 | SOD= 556.962 mm | SDD= 802.742 mm | M= 1.441 | incident=4.7367°
[[ 239.1137     -501.00412     -45.008705  ]
 [-110.734116    218.56207      19.991295  ]
 [   0.13558617    0.06321827    0.        ]
 [   0.            0.            0.1496    ]]

iter 34 cost=0.851071 -> 0.801312 |dtheta|=2.128496e-02  lambda=0.000e+00

============================================================
Iteration 35
============================================================
Theta offsets (Unity frame):
  Source   : dSx=   0.000, dSy=   0.000, dSz=   0.000  (mm)
  Object   : dOx= -18.001, dOy=  -8.009, dOz= -24.885  (mm)
  Object offset: offset_x=   0.001, offset_z=   0.003  (mm)
  Detector : dDx=   0.000, dDy=   0.000, dDz=   0.000  (mm)
  Obj Stage rotY :   24.998 deg
============================================================

Unity geometry (world coordinates):
  Source   : x=   5.000, y=  60.000, z=   0.000
  Object   : x=  -0.001, y=  14.991, z= 555.115
  Detector : x=  -8.000, y=  -5.000, z= 800.000
  Obj rotY :   0.0000 deg
view   0 | SOD= 556.962 mm | SDD= 802.742 mm | M= 1.441 | incident=4.7367°
[[ 239.1137     -501.00412     -45.008705  ]
 [-110.734116    218.56207      19.991295  ]
 [   0.13558617    0.06321827    0.        ]
 [   0.            0.            0.1496    ]]
Residual vector length: 216, Jacobian shape: (216, 6)
view   0 | SOD= 556.948 mm | SDD= 802.742 mm | M= 1.441 | incident=4.7367°
[[ 239.1065     -500.99234     -45.007736  ]
 [-110.740654    218.57419      19.992264  ]
 [   0.13558623    0.06321814    0.        ]
 [   0.            0.            0.1496    ]]

iter 35 cost=0.801312 -> 0.778627 |dtheta|=1.306851e-02  lambda=0.000e+00

============================================================
Iteration 36
============================================================
Theta offsets (Unity frame):
  Source   : dSx=   0.000, dSy=   0.000, dSz=   0.000  (mm)
  Object   : dOx= -18.000, dOy=  -8.008, dOz= -24.898  (mm)
  Object offset: offset_x=   0.002, offset_z=   0.002  (mm)
  Detector : dDx=   0.000, dDy=   0.000, dDz=   0.000  (mm)
  Obj Stage rotY :   24.998 deg
============================================================

Unity geometry (world coordinates):
  Source   : x=   5.000, y=  60.000, z=   0.000
  Object   : x=  -0.000, y=  14.992, z= 555.102
  Detector : x=  -8.000, y=  -5.000, z= 800.000
  Obj rotY :   0.0000 deg
view   0 | SOD= 556.948 mm | SDD= 802.742 mm | M= 1.441 | incident=4.7367°
[[ 239.1065     -500.99234     -45.007736  ]
 [-110.740654    218.57419      19.992264  ]
 [   0.13558623    0.06321814    0.        ]
 [   0.            0.            0.1496    ]]
Residual vector length: 216, Jacobian shape: (216, 6)
view   0 | SOD= 556.941 mm | SDD= 802.742 mm | M= 1.441 | incident=4.7367°
[[ 239.14035    -500.96826     -45.00713   ]
 [-110.76049     218.57216      19.99287   ]
 [   0.13558151    0.06322826    0.        ]
 [   0.            0.            0.1496    ]]

iter 36 cost=0.778627 -> 0.753052 |dtheta|=9.218519e-03  lambda=0.000e+00

============================================================
Iteration 37
============================================================
Theta offsets (Unity frame):
  Source   : dSx=   0.000, dSy=   0.000, dSz=   0.000  (mm)
  Object   : dOx= -18.000, dOy=  -8.007, dOz= -24.906  (mm)
  Object offset: offset_x=   0.002, offset_z=   0.003  (mm)
  Detector : dDx=   0.000, dDy=   0.000, dDz=   0.000  (mm)
  Obj Stage rotY :   25.002 deg
============================================================

Unity geometry (world coordinates):
  Source   : x=   5.000, y=  60.000, z=   0.000
  Object   : x=   0.000, y=  14.993, z= 555.094
  Detector : x=  -8.000, y=  -5.000, z= 800.000
  Obj rotY :   0.0000 deg
view   0 | SOD= 556.941 mm | SDD= 802.742 mm | M= 1.441 | incident=4.7367°
[[ 239.14035    -500.96826     -45.00713   ]
 [-110.76049     218.57216      19.99287   ]
 [   0.13558151    0.06322826    0.        ]
 [   0.            0.            0.1496    ]]
Residual vector length: 216, Jacobian shape: (216, 6)
view   0 | SOD= 556.945 mm | SDD= 802.742 mm | M= 1.441 | incident=4.7367°
[[ 239.06854    -501.00702     -45.007454  ]
 [-110.72479     218.58568      19.992544  ]
 [   0.13559096    0.063208      0.        ]
 [   0.            0.            0.1496    ]]

iter 37 cost=0.753052 -> 0.783039 |dtheta|=9.719762e-03  lambda=0.000e+00

============================================================
Iteration 38
============================================================
Theta offsets (Unity frame):
  Source   : dSx=   0.000, dSy=   0.000, dSz=   0.000  (mm)
  Object   : dOx= -18.000, dOy=  -8.007, dOz= -24.906  (mm)
  Object offset: offset_x=   0.002, offset_z=   0.003  (mm)
  Detector : dDx=   0.000, dDy=   0.000, dDz=   0.000  (mm)
  Obj Stage rotY :   25.002 deg
============================================================

Unity geometry (world coordinates):
  Source   : x=   5.000, y=  60.000, z=   0.000
  Object   : x=   0.000, y=  14.993, z= 555.094
  Detector : x=  -8.000, y=  -5.000, z= 800.000
  Obj rotY :   0.0000 deg
view   0 | SOD= 556.941 mm | SDD= 802.742 mm | M= 1.441 | incident=4.7367°
[[ 239.14035    -500.96826     -45.00713   ]
 [-110.76049     218.57216      19.99287   ]
 [   0.13558151    0.06322826    0.        ]
 [   0.            0.            0.1496    ]]
Residual vector length: 216, Jacobian shape: (216, 6)
view   0 | SOD= 556.945 mm | SDD= 802.742 mm | M= 1.441 | incident=4.7367°
[[ 239.06854    -501.00702     -45.007454  ]
 [-110.72479     218.58568      19.992544  ]
 [   0.13559096    0.063208      0.        ]
 [   0.            0.            0.1496    ]]

iter 38 cost=0.753052 -> 0.783039 |dtheta|=9.719762e-03  lambda=0.000e+00

============================================================
Iteration 39
============================================================
Theta offsets (Unity frame):
  Source   : dSx=   0.000, dSy=   0.000, dSz=   0.000  (mm)
  Object   : dOx= -18.000, dOy=  -8.007, dOz= -24.906  (mm)
  Object offset: offset_x=   0.002, offset_z=   0.003  (mm)
  Detector : dDx=   0.000, dDy=   0.000, dDz=   0.000  (mm)
  Obj Stage rotY :   25.002 deg
============================================================

Unity geometry (world coordinates):
  Source   : x=   5.000, y=  60.000, z=   0.000
  Object   : x=   0.000, y=  14.993, z= 555.094
  Detector : x=  -8.000, y=  -5.000, z= 800.000
  Obj rotY :   0.0000 deg
view   0 | SOD= 556.941 mm | SDD= 802.742 mm | M= 1.441 | incident=4.7367°
[[ 239.14035    -500.96826     -45.00713   ]
 [-110.76049     218.57216      19.99287   ]
 [   0.13558151    0.06322826    0.        ]
 [   0.            0.            0.1496    ]]
Residual vector length: 216, Jacobian shape: (216, 6)
view   0 | SOD= 556.945 mm | SDD= 802.742 mm | M= 1.441 | incident=4.7367°
[[ 239.06854    -501.00702     -45.007454  ]
 [-110.72479     218.58568      19.992544  ]
 [   0.13559096    0.063208      0.        ]
 [   0.            0.            0.1496    ]]

iter 39 cost=0.753052 -> 0.783039 |dtheta|=9.719762e-03  lambda=0.000e+00

============================================================
Iteration 40
============================================================
Theta offsets (Unity frame):
  Source   : dSx=   0.000, dSy=   0.000, dSz=   0.000  (mm)
  Object   : dOx= -18.000, dOy=  -8.007, dOz= -24.906  (mm)
  Object offset: offset_x=   0.002, offset_z=   0.003  (mm)
  Detector : dDx=   0.000, dDy=   0.000, dDz=   0.000  (mm)
  Obj Stage rotY :   25.002 deg
============================================================

Unity geometry (world coordinates):
  Source   : x=   5.000, y=  60.000, z=   0.000
  Object   : x=   0.000, y=  14.993, z= 555.094
  Detector : x=  -8.000, y=  -5.000, z= 800.000
  Obj rotY :   0.0000 deg
view   0 | SOD= 556.941 mm | SDD= 802.742 mm | M= 1.441 | incident=4.7367°
[[ 239.14035    -500.96826     -45.00713   ]
 [-110.76049     218.57216      19.99287   ]
 [   0.13558151    0.06322826    0.        ]
 [   0.            0.            0.1496    ]]
Residual vector length: 216, Jacobian shape: (216, 6)
view   0 | SOD= 556.945 mm | SDD= 802.742 mm | M= 1.441 | incident=4.7367°
[[ 239.06854    -501.00702     -45.007454  ]
 [-110.72479     218.58568      19.992544  ]
 [   0.13559096    0.063208      0.        ]
 [   0.            0.            0.1496    ]]

iter 40 cost=0.753052 -> 0.783039 |dtheta|=9.719762e-03  lambda=0.000e+00

============================================================
Iteration 41
============================================================
Theta offsets (Unity frame):
  Source   : dSx=   0.000, dSy=   0.000, dSz=   0.000  (mm)
  Object   : dOx= -18.000, dOy=  -8.007, dOz= -24.906  (mm)
  Object offset: offset_x=   0.002, offset_z=   0.003  (mm)
  Detector : dDx=   0.000, dDy=   0.000, dDz=   0.000  (mm)
  Obj Stage rotY :   25.002 deg
============================================================

Unity geometry (world coordinates):
  Source   : x=   5.000, y=  60.000, z=   0.000
  Object   : x=   0.000, y=  14.993, z= 555.094
  Detector : x=  -8.000, y=  -5.000, z= 800.000
  Obj rotY :   0.0000 deg
view   0 | SOD= 556.941 mm | SDD= 802.742 mm | M= 1.441 | incident=4.7367°
[[ 239.14035    -500.96826     -45.00713   ]
 [-110.76049     218.57216      19.99287   ]
 [   0.13558151    0.06322826    0.        ]
 [   0.            0.            0.1496    ]]
Residual vector length: 216, Jacobian shape: (216, 6)
view   0 | SOD= 556.945 mm | SDD= 802.742 mm | M= 1.441 | incident=4.7367°
[[ 239.06854    -501.00702     -45.007454  ]
 [-110.72479     218.58568      19.992544  ]
 [   0.13559096    0.063208      0.        ]
 [   0.            0.            0.1496    ]]

iter 41 cost=0.753052 -> 0.783039 |dtheta|=9.719762e-03  lambda=0.000e+00

============================================================
Iteration 42
============================================================
Theta offsets (Unity frame):
  Source   : dSx=   0.000, dSy=   0.000, dSz=   0.000  (mm)
  Object   : dOx= -18.000, dOy=  -8.007, dOz= -24.906  (mm)
  Object offset: offset_x=   0.002, offset_z=   0.003  (mm)
  Detector : dDx=   0.000, dDy=   0.000, dDz=   0.000  (mm)
  Obj Stage rotY :   25.002 deg
============================================================

Unity geometry (world coordinates):
  Source   : x=   5.000, y=  60.000, z=   0.000
  Object   : x=   0.000, y=  14.993, z= 555.094
  Detector : x=  -8.000, y=  -5.000, z= 800.000
  Obj rotY :   0.0000 deg
view   0 | SOD= 556.941 mm | SDD= 802.742 mm | M= 1.441 | incident=4.7367°
[[ 239.14035    -500.96826     -45.00713   ]
 [-110.76049     218.57216      19.99287   ]
 [   0.13558151    0.06322826    0.        ]
 [   0.            0.            0.1496    ]]
Residual vector length: 216, Jacobian shape: (216, 6)
view   0 | SOD= 556.945 mm | SDD= 802.742 mm | M= 1.441 | incident=4.7367°
[[ 239.06854    -501.00702     -45.007454  ]
 [-110.72479     218.58568      19.992544  ]
 [   0.13559096    0.063208      0.        ]
 [   0.            0.            0.1496    ]]

iter 42 cost=0.753052 -> 0.783039 |dtheta|=9.719762e-03  lambda=0.000e+00

============================================================
Iteration 43
============================================================
Theta offsets (Unity frame):
  Source   : dSx=   0.000, dSy=   0.000, dSz=   0.000  (mm)
  Object   : dOx= -18.000, dOy=  -8.007, dOz= -24.906  (mm)
  Object offset: offset_x=   0.002, offset_z=   0.003  (mm)
  Detector : dDx=   0.000, dDy=   0.000, dDz=   0.000  (mm)
  Obj Stage rotY :   25.002 deg
============================================================

Unity geometry (world coordinates):
  Source   : x=   5.000, y=  60.000, z=   0.000
  Object   : x=   0.000, y=  14.993, z= 555.094
  Detector : x=  -8.000, y=  -5.000, z= 800.000
  Obj rotY :   0.0000 deg
view   0 | SOD= 556.941 mm | SDD= 802.742 mm | M= 1.441 | incident=4.7367°
[[ 239.14035    -500.96826     -45.00713   ]
 [-110.76049     218.57216      19.99287   ]
 [   0.13558151    0.06322826    0.        ]
 [   0.            0.            0.1496    ]]
Residual vector length: 216, Jacobian shape: (216, 6)
view   0 | SOD= 556.945 mm | SDD= 802.742 mm | M= 1.441 | incident=4.7367°
[[ 239.06854    -501.00702     -45.007454  ]
 [-110.72479     218.58568      19.992544  ]
 [   0.13559096    0.063208      0.        ]
 [   0.            0.            0.1496    ]]

iter 43 cost=0.753052 -> 0.783039 |dtheta|=9.719762e-03  lambda=0.000e+00
Stalled.

Estimated theta:
  dSx: +0.000000
  dSy: +0.000000
  dOx: -17.999856
  dOy: -8.007129
  dOz: -24.906500
  dDx: +0.000000
  dDy: +0.000000
  dDz: +0.000000
alpha: +2.500193e+01 deg)
offset_x: +0.002122
offset_z: +0.003170

Final cost table:
Fake theta: [  0.   0. -18.  -8. -25.   0.   0.   0.  25.   0.   0.]
Final estimated theta: [  0.           0.         -17.99985572  -8.00712881 -24.90649973
   0.           0.           0.          25.00192949   0.00212176
   0.00316986]
Diff from Expected: [ 0.          0.          0.00014428 -0.00712881  0.09350027  0.
  0.          0.          0.00192949  0.00212176  0.00316986]
################################################################################

