Phantom already exists, skipping: cuboid_phantom_3_small.npy

################################################################################
Running cuboid=small scenario=G0 N_ANGLES=90, K=3
view   0 | SOD= 570.548 mm | SDD= 675.501 mm | M= 1.184 | incident=3.8197°
[[  98.97946    -561.3404      -25.        ]
 [ -18.05941     102.420006     20.        ]
 [   0.14732724    0.02597777    0.        ]
 [   0.            0.            0.1496    ]]
           image          x1          y1  area1          x2          y2  area2          x3          y3  area3
0   proj_000.png  521.673640  142.917713    717  434.642012  273.158284    676  521.693056  416.102778    720
1   proj_001.png  516.577994  143.000000    718  439.762259  273.093611    673  516.520167  416.317107    719
2   proj_002.png  511.152682  143.037139    727  444.979104  273.005970    670  511.135359  416.462707    724
3   proj_003.png  505.629834  143.117403    724  450.329412  272.880882    680  505.601108  416.549861    722
4   proj_004.png  499.914483  143.146207    725  455.897321  272.869048    672  499.888122  416.723757    724
5   proj_005.png  494.074483  143.197241    725  461.480059  272.843427    677  494.104539  416.790922    727
6   proj_006.png  488.242759  143.200000    725  467.145401  272.808605    674  488.236515  416.876902    723
7   proj_007.png  482.298197  143.183079    721  472.922272  272.756353    669  482.274862  416.926796    724
8   proj_008.png  476.318560  143.145429    722  478.675112  272.688525    671  476.337032  416.901526    721
9   proj_009.png  470.371191  143.155125    722  484.420659  272.754491    668  470.377593  416.901798    723
10  proj_010.png  464.431944  143.201389    720  490.109792  272.781899    674  464.411357  416.810249    722
11  proj_011.png  458.549374  143.147427    719  495.840537  272.837556    671  458.528433  416.669903    721
12  proj_012.png  452.743802  143.152893    726  501.329866  272.866270    673  452.687414  416.626556    723
13  proj_013.png  447.090909  143.053719    726  506.913690  272.912202    672  447.114483  416.542069    725
14  proj_014.png  441.644938  143.085992    721  512.071322  273.029718    673  441.601108  416.450139    722
15  proj_015.png  436.350902  142.981969    721  517.306785  273.126844    678  436.343056  416.220833    720
16  proj_016.png  431.289106  142.886872    716  522.342222  273.195556    675  431.256588  415.918169    721
17  proj_017.png  426.398876  142.844101    712  527.133333  273.351111    675  426.398611  415.647222    720
18  proj_018.png  421.735294  142.749300    714  531.667158  273.574374    679  421.724860  415.460894    716
19  proj_019.png  417.486713  142.711888    715  535.969072  273.789396    679  417.444600  415.194951    713
20  proj_020.png  413.500000  142.695531    716  540.000000  274.000000    673  413.500000  414.728291    714
21  proj_021.png  409.788732  142.608451    710  543.737151  274.085169    681  409.783708  414.445225    712
22  proj_022.png  406.539437  142.578873    710  547.042522  274.271261    682  406.500000  414.161473    706
23  proj_023.png  403.532670  142.474432    704  550.109810  274.513909    683  403.527660  413.736170    705
24  proj_024.png  400.878745  142.453638    701  552.876106  274.812684    678  400.915954  413.354701    702
25  proj_025.png  398.662393  142.405983    702  555.237537  274.969208    682  398.612303  412.912732    699
26  proj_026.png  396.824034  142.288984    699  557.310949  275.145985    685  396.792023  412.518519    702
27  proj_027.png  395.397695  142.096542    694  558.970930  275.431686    688  395.439655  412.033046    696
28  proj_028.png  394.376266  142.020260    691  560.092105  275.745614    684  394.397989  411.682471    696
29  proj_029.png  393.678779  142.037791    688  560.985251  275.945428    678  393.774240  411.192475    691
30  proj_030.png  393.500000  142.000000    686  561.399413  276.182085    681  393.451895  410.879009    686
31  proj_031.png  393.764359  141.885125    679  561.500000  276.500000    688  393.730994  410.400585    684
32  proj_032.png  394.282769  141.795287    679  561.032305  276.790015    681  394.326023  409.932749    684
33  proj_033.png  395.222552  141.735905    674  560.315407  277.000000    688  395.234860  409.519941    677
34  proj_034.png  396.775811  141.675516    678  559.063861  277.268505    689  396.760294  409.050000    680
35  proj_035.png  398.478582  141.666174    677  557.479315  277.504993    701  398.485337  408.780059    682
36  proj_036.png  400.629956  141.441997    681  555.439372  277.798859    701  400.618421  408.192982    684
37  proj_037.png  403.166421  141.410898    679  553.122333  277.982930    703  403.175000  407.970588    680
38  proj_038.png  406.105498  141.282318    673  550.350852  278.268466    704  406.077941  407.514706    680
39  proj_039.png  409.342688  141.246677    677  547.182720  278.443343    706  409.357771  407.142229    682
40  proj_040.png  412.878158  141.141159    673  543.684507  278.659155    710  412.881129  406.901932    673
41  proj_041.png  416.690828  141.137574    676  539.844852  278.829337    709  416.720414  406.539941    676
42  proj_042.png  420.852071  141.078402    676  535.746853  279.044755    715  420.803254  406.170118    676
43  proj_043.png  425.047761  141.020896    670  531.378682  279.269285    713  425.075780  405.973254    673
44  proj_044.png  429.952239  140.979104    670  526.625000  279.404167    720  429.839233  405.722714    678
45  proj_045.png  434.638519  140.914074    675  521.695531  279.500000    716  434.667160  405.480769    676
46  proj_046.png  439.781899  140.890208    674  516.509015  279.617198    721  439.772660  405.187221    673
47  proj_047.png  444.968610  140.932735    669  511.169890  279.698895    724  444.959762  405.016393    671
48  proj_048.png  450.349043  140.871870    679  505.620166  279.799724    724  450.350954  404.878120    681
49  proj_049.png  455.904620  140.889717    671  499.921488  279.885675    726  455.924107  404.864583    672
50  proj_050.png  461.500000  140.852071    676  494.085165  279.953297    728  461.474777  404.789318    674
51  proj_051.png  467.139881  140.846726    672  488.251034  280.019310    725  467.138439  404.717231    679
52  proj_052.png  472.894502  140.821694    673  482.277624  280.066298    724  472.943536  404.625557    673
53  proj_053.png  478.726048  140.779940    668  476.325517  280.044138    725  478.710253  404.580981    673
54  proj_054.png  484.424925  140.770270    666  470.383978  280.052486    724  484.387481  404.593145    671
55  proj_055.png  490.132836  140.841791    670  464.436288  280.023546    722  490.098361  404.721311    671
56  proj_056.png  495.840537  140.837556    671  458.485437  279.984743    721  495.838279  404.790801    674
57  proj_057.png  501.329866  140.866270    673  452.754121  279.848901    728  501.354505  404.875923    677
58  proj_058.png  506.879464  140.885417    672  447.125000  279.789835    728  506.909496  404.989614    674
59  proj_059.png  512.108309  140.918398    674  441.585298  279.625520    721  512.193165  405.141159    673
60  proj_060.png  517.354505  140.942393    677  436.338440  279.565460    718  517.331858  405.269912    678
61  proj_061.png  522.344165  140.951256    677  431.307799  279.461003    718  522.344165  405.542097    677
62  proj_062.png  527.121481  141.000000    675  426.410292  279.329624    719  527.082840  405.859467    676
63  proj_063.png  531.626844  141.091445    678  421.745480  279.214186    719  531.643594  406.070692    679
64  proj_064.png  535.994048  141.020833    672  417.500000  278.918768    714  535.936858  406.277533    681
65  proj_065.png  539.983680  141.094955    674  413.486713  278.711888    715  539.945588  406.704412    680
66  proj_066.png  543.722714  141.160767    678  409.798592  278.530986    710  543.745614  406.969298    684
67  proj_067.png  547.030928  141.210604    679  406.524613  278.324895    711  547.060029  407.284041    683
68  proj_068.png  550.132939  141.308715    677  403.537037  278.145299    702  550.154867  407.738938    678
69  proj_069.png  552.866176  141.442647    680  400.848355  277.809728    699  552.858198  408.057607    677
70  proj_070.png  555.237189  141.508053    683  398.621277  277.641135    705  555.234012  408.470930    688
71  proj_071.png  557.286337  141.587209    688  396.824286  277.410000    700  557.317716  408.869693    683
72  proj_072.png  558.979502  141.698389    683  395.439655  277.033046    696  558.950220  409.234261    683
73  proj_073.png  560.090776  141.767204    683  394.376266  276.979740    691  560.163982  409.733529    683
74  proj_074.png  561.000000  141.838946    683  393.740580  276.642029    690  561.011782  410.101620    679
75  proj_075.png  561.415813  141.906296    683  393.500000  276.457726    686  561.423977  410.568713    684
76  proj_076.png  561.457849  142.000000    688  393.754772  276.098385    681  561.439768  410.988389    689
77  proj_077.png  561.035346  142.104566    679  394.304539  275.881406    683  561.050725  411.404348    690
78  proj_078.png  560.272464  142.101449    690  395.231563  275.620944    678  560.314038  411.901592    691
79  proj_079.png  559.045058  142.279070    688  396.750000  275.289941    676  559.041968  412.296671    691
80  proj_080.png  557.447633  142.311334    697  398.500000  275.067449    682  557.495702  412.673352    698
81  proj_081.png  555.464387  142.397436    702  400.646199  274.922515    684  555.500717  413.021521    697
82  proj_082.png  553.153409  142.474432    704  403.209440  274.672566    678  553.152975  413.474504    706
83  proj_083.png  550.326733  142.584158    707  406.120766  274.446244    679  550.345609  413.791785    706
84  proj_084.png  547.217514  142.563559    708  409.330882  274.141176    680  547.169972  414.313031    706
85  proj_085.png  543.679831  142.679831    709  412.912463  274.044510    674  543.664326  414.623596    712
86  proj_086.png  539.814710  142.669024    707  416.729290  273.843195    676  539.867419  414.864598    709
87  proj_087.png  535.698457  142.698457    713  420.798817  273.718935    676  535.698457  415.301543    713
88  proj_088.png  531.415147  142.751753    713  425.144756  273.478582    677  531.374652  415.525070    718
89  proj_089.png  526.627972  142.832168    715  429.838996  273.255539    677  526.621318  415.730715    713

============================================================
Iteration 0
============================================================
Theta offsets (Unity frame):
  Source   : dSx=   0.000, dSy=   0.000, dSz=   0.000  (mm)
  Object   : dOx=   0.000, dOy=   0.000, dOz=   0.000  (mm)
  Object offset: offset_x=   0.000, offset_z=   0.000  (mm)
  Detector : dDx=   0.000, dDy=   0.000, dDz=   0.000  (mm)
  Obj Stage rotY :    0.000 deg
============================================================

Unity geometry (world coordinates):
  Source   : x=   0.000, y=  45.000, z=   0.000
  Object   : x=  10.000, y=  15.000, z= 589.000
  Detector : x=   0.000, y=   0.000, z= 674.000
  Obj rotY :   0.0000 deg
view   0 | SOD= 589.848 mm | SDD= 675.501 mm | M= 1.145 | incident=3.8197°
[[ -10.     -589.      -30.    ]
 [ -10.       85.       15.    ]
 [   0.1496    0.        0.    ]
 [   0.        0.        0.1496]]
Residual vector length: 810, Jacobian shape: (810, 6)
view   0 | SOD= 583.932 mm | SDD= 675.501 mm | M= 1.157 | incident=3.8197°
[[  49.7556     -581.203       -26.526115  ]
 [  -9.708284     90.16874      18.473885  ]
 [   0.14901663    0.01319851    0.        ]
 [   0.            0.            0.1496    ]]

iter 00 cost=963275.474011 -> 50115.421280 |dtheta|=1.136844e+01  lambda=0.000e+00

============================================================
Iteration 1
============================================================
Theta offsets (Unity frame):
  Source   : dSx=   0.000, dSy=   0.000, dSz=   0.000  (mm)
  Object   : dOx=  -8.048, dOy=   3.474, dOz=  -5.142  (mm)
  Object offset: offset_x=  -0.236, offset_z=  -0.532  (mm)
  Detector : dDx=   0.000, dDy=   0.000, dDz=   0.000  (mm)
  Obj Stage rotY :    5.062 deg
============================================================

Unity geometry (world coordinates):
  Source   : x=   0.000, y=  45.000, z=   0.000
  Object   : x=   1.952, y=  18.474, z= 583.858
  Detector : x=   0.000, y=   0.000, z= 674.000
  Obj rotY :   0.0000 deg
view   0 | SOD= 583.932 mm | SDD= 675.501 mm | M= 1.157 | incident=3.8197°
[[  49.7556     -581.203       -26.526115  ]
 [  -9.708284     90.16874      18.473885  ]
 [   0.14901663    0.01319851    0.        ]
 [   0.            0.            0.1496    ]]
Residual vector length: 810, Jacobian shape: (810, 6)
view   0 | SOD= 582.012 mm | SDD= 675.501 mm | M= 1.161 | incident=3.8197°
[[  67.81726    -577.47266     -25.766712  ]
 [ -11.273281     91.87081      19.233288  ]
 [   0.14856644    0.01755481    0.        ]
 [   0.            0.            0.1496    ]]

iter 01 cost=50115.421280 -> 8335.280877 |dtheta|=3.362079e+00  lambda=0.000e+00

============================================================
Iteration 2
============================================================
Theta offsets (Unity frame):
  Source   : dSx=   0.000, dSy=   0.000, dSz=   0.000  (mm)
  Object   : dOx=  -9.504, dOy=   4.233, dOz=  -7.498  (mm)
  Object offset: offset_x=  -0.081, offset_z=  -0.061  (mm)
  Detector : dDx=   0.000, dDy=   0.000, dDz=   0.000  (mm)
  Obj Stage rotY :    6.739 deg
============================================================

Unity geometry (world coordinates):
  Source   : x=   0.000, y=  45.000, z=   0.000
  Object   : x=   0.496, y=  19.233, z= 581.502
  Detector : x=   0.000, y=   0.000, z= 674.000
  Obj rotY :   0.0000 deg
view   0 | SOD= 582.012 mm | SDD= 675.501 mm | M= 1.161 | incident=3.8197°
[[  67.81726    -577.47266     -25.766712  ]
 [ -11.273281     91.87081      19.233288  ]
 [   0.14856644    0.01755481    0.        ]
 [   0.            0.            0.1496    ]]
Residual vector length: 810, Jacobian shape: (810, 6)
view   0 | SOD= 580.175 mm | SDD= 675.501 mm | M= 1.164 | incident=3.8197°
[[  81.57435    -573.84625     -25.48333   ]
 [ -13.280908     93.445656     19.51667   ]
 [   0.14811108    0.02105393    0.        ]
 [   0.            0.            0.1496    ]]

iter 02 cost=8335.280877 -> 3193.452440 |dtheta|=2.411081e+00  lambda=0.000e+00

============================================================
Iteration 3
============================================================
Theta offsets (Unity frame):
  Source   : dSx=   0.000, dSy=   0.000, dSz=   0.000  (mm)
  Object   : dOx=  -9.890, dOy=   4.517, dOz=  -9.433  (mm)
  Object offset: offset_x=  -0.112, offset_z=   0.048  (mm)
  Detector : dDx=   0.000, dDy=   0.000, dDz=   0.000  (mm)
  Obj Stage rotY :    8.090 deg
============================================================

Unity geometry (world coordinates):
  Source   : x=   0.000, y=  45.000, z=   0.000
  Object   : x=   0.110, y=  19.517, z= 579.567
  Detector : x=   0.000, y=   0.000, z= 674.000
  Obj rotY :   0.0000 deg
view   0 | SOD= 580.175 mm | SDD= 675.501 mm | M= 1.164 | incident=3.8197°
[[  81.57435    -573.84625     -25.48333   ]
 [ -13.280908     93.445656     19.51667   ]
 [   0.14811108    0.02105393    0.        ]
 [   0.            0.            0.1496    ]]
Residual vector length: 810, Jacobian shape: (810, 6)
view   0 | SOD= 578.475 mm | SDD= 675.501 mm | M= 1.168 | incident=3.8197°
[[  90.1295     -570.84796     -25.346153  ]
 [ -14.967037     94.90778      19.653847  ]
 [   0.14777012    0.02332707    0.        ]
 [   0.            0.            0.1496    ]]

iter 03 cost=3193.452440 -> 1784.556507 |dtheta|=1.906113e+00  lambda=0.000e+00

============================================================
Iteration 4
============================================================
Theta offsets (Unity frame):
  Source   : dSx=   0.000, dSy=   0.000, dSz=   0.000  (mm)
  Object   : dOx=  -9.968, dOy=   4.654, dOz= -11.115  (mm)
  Object offset: offset_x=  -0.047, offset_z=   0.034  (mm)
  Detector : dDx=   0.000, dDy=   0.000, dDz=   0.000  (mm)
  Obj Stage rotY :    8.971 deg
============================================================

Unity geometry (world coordinates):
  Source   : x=   0.000, y=  45.000, z=   0.000
  Object   : x=   0.032, y=  19.654, z= 577.885
  Detector : x=   0.000, y=   0.000, z= 674.000
  Obj rotY :   0.0000 deg
view   0 | SOD= 578.475 mm | SDD= 675.501 mm | M= 1.168 | incident=3.8197°
[[  90.1295     -570.84796     -25.346153  ]
 [ -14.967037     94.90778      19.653847  ]
 [   0.14777012    0.02332707    0.        ]
 [   0.            0.            0.1496    ]]
Residual vector length: 810, Jacobian shape: (810, 6)
view   0 | SOD= 577.083 mm | SDD= 675.501 mm | M= 1.171 | incident=3.8197°
[[  94.722755   -568.6936      -25.298153  ]
 [ -15.9863825    96.15184      19.701847  ]
 [   0.14756808    0.02457283    0.        ]
 [   0.            0.            0.1496    ]]

iter 04 cost=1784.556507 -> 1121.705759 |dtheta|=1.464402e+00  lambda=0.000e+00

============================================================
Iteration 5
============================================================
Theta offsets (Unity frame):
  Source   : dSx=   0.000, dSy=   0.000, dSz=   0.000  (mm)
  Object   : dOx= -10.001, dOy=   4.702, dOz= -12.496  (mm)
  Object offset: offset_x=  -0.023, offset_z=   0.024  (mm)
  Detector : dDx=   0.000, dDy=   0.000, dDz=   0.000  (mm)
  Obj Stage rotY :    9.454 deg
============================================================

Unity geometry (world coordinates):
  Source   : x=   0.000, y=  45.000, z=   0.000
  Object   : x=  -0.001, y=  19.702, z= 576.504
  Detector : x=   0.000, y=   0.000, z= 674.000
  Obj rotY :   0.0000 deg
view   0 | SOD= 577.083 mm | SDD= 675.501 mm | M= 1.171 | incident=3.8197°
[[  94.722755   -568.6936      -25.298153  ]
 [ -15.9863825    96.15184      19.701847  ]
 [   0.14756808    0.02457283    0.        ]
 [   0.            0.            0.1496    ]]
Residual vector length: 810, Jacobian shape: (810, 6)
view   0 | SOD= 576.246 mm | SDD= 675.501 mm | M= 1.172 | incident=3.8197°
[[  96.56732    -567.5354      -25.248377  ]
 [ -16.457232     96.92038      19.751623  ]
 [   0.14748158    0.02508675    0.        ]
 [   0.            0.            0.1496    ]]

iter 05 cost=1121.705759 -> 829.983784 |dtheta|=8.537409e-01  lambda=0.000e+00

============================================================
Iteration 6
============================================================
Theta offsets (Unity frame):
  Source   : dSx=   0.000, dSy=   0.000, dSz=   0.000  (mm)
  Object   : dOx= -10.012, dOy=   4.752, dOz= -13.324  (mm)
  Object offset: offset_x=  -0.016, offset_z=   0.016  (mm)
  Detector : dDx=   0.000, dDy=   0.000, dDz=   0.000  (mm)
  Obj Stage rotY :    9.654 deg
============================================================

Unity geometry (world coordinates):
  Source   : x=   0.000, y=  45.000, z=   0.000
  Object   : x=  -0.012, y=  19.752, z= 575.676
  Detector : x=   0.000, y=   0.000, z= 674.000
  Obj rotY :   0.0000 deg
view   0 | SOD= 576.246 mm | SDD= 675.501 mm | M= 1.172 | incident=3.8197°
[[  96.56732    -567.5354      -25.248377  ]
 [ -16.457232     96.92038      19.751623  ]
 [   0.14748158    0.02508675    0.        ]
 [   0.            0.            0.1496    ]]
Residual vector length: 810, Jacobian shape: (810, 6)
view   0 | SOD= 575.328 mm | SDD= 675.501 mm | M= 1.174 | incident=3.8197°
[[  98.20619    -566.32367     -25.206823  ]
 [ -16.97389      97.761826     19.793177  ]
 [   0.1473994     0.02556519    0.        ]
 [   0.            0.            0.1496    ]]

iter 06 cost=829.983784 -> 567.384604 |dtheta|=9.444218e-01  lambda=0.000e+00

============================================================
Iteration 7
============================================================
Theta offsets (Unity frame):
  Source   : dSx=   0.000, dSy=   0.000, dSz=   0.000  (mm)
  Object   : dOx= -10.005, dOy=   4.793, dOz= -14.248  (mm)
  Object offset: offset_x=   0.022, offset_z=   0.024  (mm)
  Detector : dDx=   0.000, dDy=   0.000, dDz=   0.000  (mm)
  Obj Stage rotY :    9.840 deg
============================================================

Unity geometry (world coordinates):
  Source   : x=   0.000, y=  45.000, z=   0.000
  Object   : x=  -0.005, y=  19.793, z= 574.752
  Detector : x=   0.000, y=   0.000, z= 674.000
  Obj rotY :   0.0000 deg
view   0 | SOD= 575.328 mm | SDD= 675.501 mm | M= 1.174 | incident=3.8197°
[[  98.20619    -566.32367     -25.206823  ]
 [ -16.97389      97.761826     19.793177  ]
 [   0.1473994     0.02556519    0.        ]
 [   0.            0.            0.1496    ]]
Residual vector length: 810, Jacobian shape: (810, 6)
view   0 | SOD= 574.410 mm | SDD= 675.501 mm | M= 1.176 | incident=3.8197°
[[  98.80649    -565.2884      -25.168407  ]
 [ -17.230509     98.64793      19.831593  ]
 [   0.14736627    0.02575539    0.        ]
 [   0.            0.            0.1496    ]]

iter 07 cost=567.384604 -> 373.999958 |dtheta|=9.192705e-01  lambda=0.000e+00

============================================================
Iteration 8
============================================================
Theta offsets (Unity frame):
  Source   : dSx=   0.000, dSy=   0.000, dSz=   0.000  (mm)
  Object   : dOx= -10.010, dOy=   4.832, dOz= -15.163  (mm)
  Object offset: offset_x=  -0.000, offset_z=   0.022  (mm)
  Detector : dDx=   0.000, dDy=   0.000, dDz=   0.000  (mm)
  Obj Stage rotY :    9.914 deg
============================================================

Unity geometry (world coordinates):
  Source   : x=   0.000, y=  45.000, z=   0.000
  Object   : x=  -0.010, y=  19.832, z= 573.837
  Detector : x=   0.000, y=   0.000, z= 674.000
  Obj rotY :   0.0000 deg
view   0 | SOD= 574.410 mm | SDD= 675.501 mm | M= 1.176 | incident=3.8197°
[[  98.80649    -565.2884      -25.168407  ]
 [ -17.230509     98.64793      19.831593  ]
 [   0.14736627    0.02575539    0.        ]
 [   0.            0.            0.1496    ]]
Residual vector length: 810, Jacobian shape: (810, 6)
view   0 | SOD= 573.753 mm | SDD= 675.501 mm | M= 1.177 | incident=3.8197°
[[  98.9811     -564.59094     -25.136547  ]
 [ -17.41341      99.28276      19.863453  ]
 [   0.14735238    0.02583475    0.        ]
 [   0.            0.            0.1496    ]]

iter 08 cost=373.999958 -> 261.019362 |dtheta|=6.528557e-01  lambda=0.000e+00

============================================================
Iteration 9
============================================================
Theta offsets (Unity frame):
  Source   : dSx=   0.000, dSy=   0.000, dSz=   0.000  (mm)
  Object   : dOx=  -9.996, dOy=   4.863, dOz= -15.814  (mm)
  Object offset: offset_x=   0.002, offset_z=   0.016  (mm)
  Detector : dDx=   0.000, dDy=   0.000, dDz=   0.000  (mm)
  Obj Stage rotY :    9.944 deg
============================================================

Unity geometry (world coordinates):
  Source   : x=   0.000, y=  45.000, z=   0.000
  Object   : x=   0.004, y=  19.863, z= 573.186
  Detector : x=   0.000, y=   0.000, z= 674.000
  Obj rotY :   0.0000 deg
view   0 | SOD= 573.753 mm | SDD= 675.501 mm | M= 1.177 | incident=3.8197°
[[  98.9811     -564.59094     -25.136547  ]
 [ -17.41341      99.28276      19.863453  ]
 [   0.14735238    0.02583475    0.        ]
 [   0.            0.            0.1496    ]]
Residual vector length: 810, Jacobian shape: (810, 6)
view   0 | SOD= 573.335 mm | SDD= 675.501 mm | M= 1.178 | incident=3.8197°
[[  99.21542    -564.1266      -25.11959   ]
 [ -17.54692      99.682556     19.88041   ]
 [   0.14733805    0.02591639    0.        ]
 [   0.            0.            0.1496    ]]

iter 09 cost=261.019362 -> 197.501775 |dtheta|=4.221433e-01  lambda=0.000e+00

============================================================
Iteration 10
============================================================
Theta offsets (Unity frame):
  Source   : dSx=   0.000, dSy=   0.000, dSz=   0.000  (mm)
  Object   : dOx=  -9.999, dOy=   4.880, dOz= -16.235  (mm)
  Object offset: offset_x=   0.011, offset_z=   0.020  (mm)
  Detector : dDx=   0.000, dDy=   0.000, dDz=   0.000  (mm)
  Obj Stage rotY :    9.976 deg
============================================================

Unity geometry (world coordinates):
  Source   : x=   0.000, y=  45.000, z=   0.000
  Object   : x=   0.001, y=  19.880, z= 572.765
  Detector : x=   0.000, y=   0.000, z= 674.000
  Obj rotY :   0.0000 deg
view   0 | SOD= 573.335 mm | SDD= 675.501 mm | M= 1.178 | incident=3.8197°
[[  99.21542    -564.1266      -25.11959   ]
 [ -17.54692      99.682556     19.88041   ]
 [   0.14733805    0.02591639    0.        ]
 [   0.            0.            0.1496    ]]
Residual vector length: 810, Jacobian shape: (810, 6)
view   0 | SOD= 572.832 mm | SDD= 675.501 mm | M= 1.179 | incident=3.8197°
[[  99.28301    -563.60443     -25.09356   ]
 [ -17.658949    100.17306      19.90644   ]
 [   0.14733103    0.02595626    0.        ]
 [   0.            0.            0.1496    ]]

iter 10 cost=197.501775 -> 131.895339 |dtheta|=4.958730e-01  lambda=0.000e+00

============================================================
Iteration 11
============================================================
Theta offsets (Unity frame):
  Source   : dSx=   0.000, dSy=   0.000, dSz=   0.000  (mm)
  Object   : dOx=  -9.997, dOy=   4.906, dOz= -16.730  (mm)
  Object offset: offset_x=   0.008, offset_z=   0.012  (mm)
  Detector : dDx=   0.000, dDy=   0.000, dDz=   0.000  (mm)
  Obj Stage rotY :    9.992 deg
============================================================

Unity geometry (world coordinates):
  Source   : x=   0.000, y=  45.000, z=   0.000
  Object   : x=   0.003, y=  19.906, z= 572.270
  Detector : x=   0.000, y=   0.000, z= 674.000
  Obj rotY :   0.0000 deg
view   0 | SOD= 572.832 mm | SDD= 675.501 mm | M= 1.179 | incident=3.8197°
[[  99.28301    -563.60443     -25.09356   ]
 [ -17.658949    100.17306      19.90644   ]
 [   0.14733103    0.02595626    0.        ]
 [   0.            0.            0.1496    ]]
Residual vector length: 810, Jacobian shape: (810, 6)
view   0 | SOD= 572.469 mm | SDD= 675.501 mm | M= 1.180 | incident=3.8197°
[[  99.044495   -563.2782      -25.08215   ]
 [ -17.685015    100.53672      19.91785   ]
 [   0.14733933    0.0259091     0.        ]
 [   0.            0.            0.1496    ]]

iter 11 cost=131.895339 -> 93.251545 |dtheta|=3.572244e-01  lambda=0.000e+00

============================================================
Iteration 12
============================================================
Theta offsets (Unity frame):
  Source   : dSx=   0.000, dSy=   0.000, dSz=   0.000  (mm)
  Object   : dOx= -10.000, dOy=   4.918, dOz= -17.086  (mm)
  Object offset: offset_x=   0.006, offset_z=   0.006  (mm)
  Detector : dDx=   0.000, dDy=   0.000, dDz=   0.000  (mm)
  Obj Stage rotY :    9.973 deg
============================================================

Unity geometry (world coordinates):
  Source   : x=   0.000, y=  45.000, z=   0.000
  Object   : x=   0.000, y=  19.918, z= 571.914
  Detector : x=   0.000, y=   0.000, z= 674.000
  Obj rotY :   0.0000 deg
view   0 | SOD= 572.469 mm | SDD= 675.501 mm | M= 1.180 | incident=3.8197°
[[  99.044495   -563.2782      -25.08215   ]
 [ -17.685015    100.53672      19.91785   ]
 [   0.14733933    0.0259091     0.        ]
 [   0.            0.            0.1496    ]]
Residual vector length: 810, Jacobian shape: (810, 6)
view   0 | SOD= 572.168 mm | SDD= 675.501 mm | M= 1.181 | incident=3.8197°
[[  99.0751     -562.96704     -25.068413  ]
 [ -17.747799    100.83145      19.931587  ]
 [   0.14733568    0.02592983    0.        ]
 [   0.            0.            0.1496    ]]

iter 12 cost=93.251545 -> 68.091293 |dtheta|=2.983910e-01  lambda=0.000e+00

============================================================
Iteration 13
============================================================
Theta offsets (Unity frame):
  Source   : dSx=   0.000, dSy=   0.000, dSz=   0.000  (mm)
  Object   : dOx=  -9.998, dOy=   4.932, dOz= -17.384  (mm)
  Object offset: offset_x=   0.000, offset_z=   0.003  (mm)
  Detector : dDx=   0.000, dDy=   0.000, dDz=   0.000  (mm)
  Obj Stage rotY :    9.981 deg
============================================================

Unity geometry (world coordinates):
  Source   : x=   0.000, y=  45.000, z=   0.000
  Object   : x=   0.002, y=  19.932, z= 571.616
  Detector : x=   0.000, y=   0.000, z= 674.000
  Obj rotY :   0.0000 deg
view   0 | SOD= 572.168 mm | SDD= 675.501 mm | M= 1.181 | incident=3.8197°
[[  99.0751     -562.96704     -25.068413  ]
 [ -17.747799    100.83145      19.931587  ]
 [   0.14733568    0.02592983    0.        ]
 [   0.            0.            0.1496    ]]
Residual vector length: 810, Jacobian shape: (810, 6)
view   0 | SOD= 571.922 mm | SDD= 675.501 mm | M= 1.181 | incident=3.8197°
[[  98.994606   -562.7315      -25.061352  ]
 [ -17.787386    101.07417      19.938648  ]
 [   0.14733729    0.02592075    0.        ]
 [   0.            0.            0.1496    ]]

iter 13 cost=68.091293 -> 49.743493 |dtheta|=2.452956e-01  lambda=0.000e+00

============================================================
Iteration 14
============================================================
Theta offsets (Unity frame):
  Source   : dSx=   0.000, dSy=   0.000, dSz=   0.000  (mm)
  Object   : dOx=  -9.998, dOy=   4.939, dOz= -17.629  (mm)
  Object offset: offset_x=   0.004, offset_z=   0.002  (mm)
  Detector : dDx=   0.000, dDy=   0.000, dDz=   0.000  (mm)
  Obj Stage rotY :    9.978 deg
============================================================

Unity geometry (world coordinates):
  Source   : x=   0.000, y=  45.000, z=   0.000
  Object   : x=   0.002, y=  19.939, z= 571.371
  Detector : x=   0.000, y=   0.000, z= 674.000
  Obj rotY :   0.0000 deg
view   0 | SOD= 571.922 mm | SDD= 675.501 mm | M= 1.181 | incident=3.8197°
[[  98.994606   -562.7315      -25.061352  ]
 [ -17.787386    101.07417      19.938648  ]
 [   0.14733729    0.02592075    0.        ]
 [   0.            0.            0.1496    ]]
Residual vector length: 810, Jacobian shape: (810, 6)
view   0 | SOD= 571.663 mm | SDD= 675.501 mm | M= 1.182 | incident=3.8197°
[[  99.13334    -562.4443      -25.051851  ]
 [ -17.8695      101.32248      19.948149  ]
 [   0.14732864    0.02596977    0.        ]
 [   0.            0.            0.1496    ]]

iter 14 cost=49.743493 -> 33.317395 |dtheta|=2.621246e-01  lambda=0.000e+00

============================================================
Iteration 15
============================================================
Theta offsets (Unity frame):
  Source   : dSx=   0.000, dSy=   0.000, dSz=   0.000  (mm)
  Object   : dOx=  -9.998, dOy=   4.948, dOz= -17.891  (mm)
  Object offset: offset_x=   0.007, offset_z=   0.004  (mm)
  Detector : dDx=   0.000, dDy=   0.000, dDz=   0.000  (mm)
  Obj Stage rotY :    9.997 deg
============================================================

Unity geometry (world coordinates):
  Source   : x=   0.000, y=  45.000, z=   0.000
  Object   : x=   0.002, y=  19.948, z= 571.109
  Detector : x=   0.000, y=   0.000, z= 674.000
  Obj rotY :   0.0000 deg
view   0 | SOD= 571.663 mm | SDD= 675.501 mm | M= 1.182 | incident=3.8197°
[[  99.13334    -562.4443      -25.051851  ]
 [ -17.8695      101.32248      19.948149  ]
 [   0.14732864    0.02596977    0.        ]
 [   0.            0.            0.1496    ]]
Residual vector length: 810, Jacobian shape: (810, 6)
view   0 | SOD= 571.514 mm | SDD= 675.501 mm | M= 1.182 | incident=3.8197°
[[  99.13844    -562.2922      -25.044025  ]
 [ -17.899416    101.46843      19.955975  ]
 [   0.14732727    0.02597754    0.        ]
 [   0.            0.            0.1496    ]]

iter 15 cost=33.317395 -> 25.625524 |dtheta|=1.498458e-01  lambda=0.000e+00

============================================================
Iteration 16
============================================================
Theta offsets (Unity frame):
  Source   : dSx=   0.000, dSy=   0.000, dSz=   0.000  (mm)
  Object   : dOx=  -9.997, dOy=   4.956, dOz= -18.040  (mm)
  Object offset: offset_x=   0.005, offset_z=   0.005  (mm)
  Detector : dDx=   0.000, dDy=   0.000, dDz=   0.000  (mm)
  Obj Stage rotY :   10.000 deg
============================================================

Unity geometry (world coordinates):
  Source   : x=   0.000, y=  45.000, z=   0.000
  Object   : x=   0.003, y=  19.956, z= 570.960
  Detector : x=   0.000, y=   0.000, z= 674.000
  Obj rotY :   0.0000 deg
view   0 | SOD= 571.514 mm | SDD= 675.501 mm | M= 1.182 | incident=3.8197°
[[  99.13844    -562.2922      -25.044025  ]
 [ -17.899416    101.46843      19.955975  ]
 [   0.14732727    0.02597754    0.        ]
 [   0.            0.            0.1496    ]]
Residual vector length: 810, Jacobian shape: (810, 6)
view   0 | SOD= 571.373 mm | SDD= 675.501 mm | M= 1.182 | incident=3.8197°
[[  99.022026   -562.1695      -25.03661   ]
 [ -17.901878    101.61122      19.96339   ]
 [   0.14733173    0.02595225    0.        ]
 [   0.            0.            0.1496    ]]

iter 16 cost=25.625524 -> 19.309287 |dtheta|=1.426535e-01  lambda=0.000e+00

============================================================
Iteration 17
============================================================
Theta offsets (Unity frame):
  Source   : dSx=   0.000, dSy=   0.000, dSz=   0.000  (mm)
  Object   : dOx=  -9.999, dOy=   4.963, dOz= -18.182  (mm)
  Object offset: offset_x=   0.002, offset_z=   0.006  (mm)
  Detector : dDx=   0.000, dDy=   0.000, dDz=   0.000  (mm)
  Obj Stage rotY :    9.990 deg
============================================================

Unity geometry (world coordinates):
  Source   : x=   0.000, y=  45.000, z=   0.000
  Object   : x=   0.001, y=  19.963, z= 570.818
  Detector : x=   0.000, y=   0.000, z= 674.000
  Obj rotY :   0.0000 deg
view   0 | SOD= 571.373 mm | SDD= 675.501 mm | M= 1.182 | incident=3.8197°
[[  99.022026   -562.1695      -25.03661   ]
 [ -17.901878    101.61122      19.96339   ]
 [   0.14733173    0.02595225    0.        ]
 [   0.            0.            0.1496    ]]
Residual vector length: 810, Jacobian shape: (810, 6)
view   0 | SOD= 571.253 mm | SDD= 675.501 mm | M= 1.182 | incident=3.8197°
[[  99.00817    -562.05084     -25.030807  ]
 [ -17.923937    101.72837      19.969193  ]
 [   0.14733142    0.02595407    0.        ]
 [   0.            0.            0.1496    ]]

iter 17 cost=19.309287 -> 14.832291 |dtheta|=1.177911e-01  lambda=0.000e+00

============================================================
Iteration 18
============================================================
Theta offsets (Unity frame):
  Source   : dSx=   0.000, dSy=   0.000, dSz=   0.000  (mm)
  Object   : dOx=  -9.999, dOy=   4.969, dOz= -18.300  (mm)
  Object offset: offset_x=   0.002, offset_z=   0.005  (mm)
  Detector : dDx=   0.000, dDy=   0.000, dDz=   0.000  (mm)
  Obj Stage rotY :    9.991 deg
============================================================

Unity geometry (world coordinates):
  Source   : x=   0.000, y=  45.000, z=   0.000
  Object   : x=   0.001, y=  19.969, z= 570.700
  Detector : x=   0.000, y=   0.000, z= 674.000
  Obj rotY :   0.0000 deg
view   0 | SOD= 571.253 mm | SDD= 675.501 mm | M= 1.182 | incident=3.8197°
[[  99.00817    -562.05084     -25.030807  ]
 [ -17.923937    101.72837      19.969193  ]
 [   0.14733142    0.02595407    0.        ]
 [   0.            0.            0.1496    ]]
Residual vector length: 810, Jacobian shape: (810, 6)
view   0 | SOD= 571.172 mm | SDD= 675.501 mm | M= 1.183 | incident=3.8197°
[[  99.02036    -561.96625     -25.027061  ]
 [ -17.943855    101.80735      19.972939  ]
 [   0.14733016    0.0259612     0.        ]
 [   0.            0.            0.1496    ]]

iter 18 cost=14.832291 -> 12.180839 |dtheta|=8.126076e-02  lambda=0.000e+00

============================================================
Iteration 19
============================================================
Theta offsets (Unity frame):
  Source   : dSx=   0.000, dSy=   0.000, dSz=   0.000  (mm)
  Object   : dOx=  -9.999, dOy=   4.973, dOz= -18.381  (mm)
  Object offset: offset_x=   0.003, offset_z=   0.004  (mm)
  Detector : dDx=   0.000, dDy=   0.000, dDz=   0.000  (mm)
  Obj Stage rotY :    9.994 deg
============================================================

Unity geometry (world coordinates):
  Source   : x=   0.000, y=  45.000, z=   0.000
  Object   : x=   0.001, y=  19.973, z= 570.619
  Detector : x=   0.000, y=   0.000, z= 674.000
  Obj rotY :   0.0000 deg
view   0 | SOD= 571.172 mm | SDD= 675.501 mm | M= 1.183 | incident=3.8197°
[[  99.02036    -561.96625     -25.027061  ]
 [ -17.943855    101.80735      19.972939  ]
 [   0.14733016    0.0259612     0.        ]
 [   0.            0.            0.1496    ]]
Residual vector length: 810, Jacobian shape: (810, 6)
view   0 | SOD= 571.075 mm | SDD= 675.501 mm | M= 1.183 | incident=3.8197°
[[  99.08951    -561.85516     -25.0235    ]
 [ -17.974558    101.90079      19.9765    ]
 [   0.14732625    0.02598336    0.        ]
 [   0.            0.            0.1496    ]]

iter 19 cost=12.180839 -> 9.747942 |dtheta|=9.583281e-02  lambda=0.000e+00

============================================================
Iteration 20
============================================================
Theta offsets (Unity frame):
  Source   : dSx=   0.000, dSy=   0.000, dSz=   0.000  (mm)
  Object   : dOx=  -9.999, dOy=   4.977, dOz= -18.476  (mm)
  Object offset: offset_x=   0.002, offset_z=   0.002  (mm)
  Detector : dDx=   0.000, dDy=   0.000, dDz=   0.000  (mm)
  Obj Stage rotY :   10.002 deg
============================================================

Unity geometry (world coordinates):
  Source   : x=   0.000, y=  45.000, z=   0.000
  Object   : x=   0.001, y=  19.976, z= 570.524
  Detector : x=   0.000, y=   0.000, z= 674.000
  Obj rotY :   0.0000 deg
view   0 | SOD= 571.075 mm | SDD= 675.501 mm | M= 1.183 | incident=3.8197°
[[  99.08951    -561.85516     -25.0235    ]
 [ -17.974558    101.90079      19.9765    ]
 [   0.14732625    0.02598336    0.        ]
 [   0.            0.            0.1496    ]]
Residual vector length: 810, Jacobian shape: (810, 6)
view   0 | SOD= 570.978 mm | SDD= 675.501 mm | M= 1.183 | incident=3.8197°
[[  99.19597    -561.73816     -25.019459  ]
 [ -18.011894    101.99244      19.980541  ]
 [   0.14732061    0.02601528    0.        ]
 [   0.            0.            0.1496    ]]

iter 20 cost=9.747942 -> 7.723683 |dtheta|=9.714894e-02  lambda=0.000e+00

============================================================
Iteration 21
============================================================
Theta offsets (Unity frame):
  Source   : dSx=   0.000, dSy=   0.000, dSz=   0.000  (mm)
  Object   : dOx= -10.000, dOy=   4.981, dOz= -18.573  (mm)
  Object offset: offset_x=   0.002, offset_z=   0.002  (mm)
  Detector : dDx=   0.000, dDy=   0.000, dDz=   0.000  (mm)
  Obj Stage rotY :   10.015 deg
============================================================

Unity geometry (world coordinates):
  Source   : x=   0.000, y=  45.000, z=   0.000
  Object   : x=  -0.000, y=  19.981, z= 570.427
  Detector : x=   0.000, y=   0.000, z= 674.000
  Obj rotY :   0.0000 deg
view   0 | SOD= 570.978 mm | SDD= 675.501 mm | M= 1.183 | incident=3.8197°
[[  99.19597    -561.73816     -25.019459  ]
 [ -18.011894    101.99244      19.980541  ]
 [   0.14732061    0.02601528    0.        ]
 [   0.            0.            0.1496    ]]
Residual vector length: 810, Jacobian shape: (810, 6)
view   0 | SOD= 570.916 mm | SDD= 675.501 mm | M= 1.183 | incident=3.8197°
[[  99.187225   -561.67706     -25.017994  ]
 [ -18.022736    102.053185     19.982006  ]
 [   0.14732054    0.02601574    0.        ]
 [   0.            0.            0.1496    ]]

iter 21 cost=7.723683 -> 6.423494 |dtheta|=6.193492e-02  lambda=0.000e+00

============================================================
Iteration 22
============================================================
Theta offsets (Unity frame):
  Source   : dSx=   0.000, dSy=   0.000, dSz=   0.000  (mm)
  Object   : dOx= -10.000, dOy=   4.982, dOz= -18.635  (mm)
  Object offset: offset_x=   0.001, offset_z=   0.002  (mm)
  Detector : dDx=   0.000, dDy=   0.000, dDz=   0.000  (mm)
  Obj Stage rotY :   10.015 deg
============================================================

Unity geometry (world coordinates):
  Source   : x=   0.000, y=  45.000, z=   0.000
  Object   : x=  -0.000, y=  19.982, z= 570.365
  Detector : x=   0.000, y=   0.000, z= 674.000
  Obj rotY :   0.0000 deg
view   0 | SOD= 570.916 mm | SDD= 675.501 mm | M= 1.183 | incident=3.8197°
[[  99.187225   -561.67706     -25.017994  ]
 [ -18.022736    102.053185     19.982006  ]
 [   0.14732054    0.02601574    0.        ]
 [   0.            0.            0.1496    ]]
Residual vector length: 810, Jacobian shape: (810, 6)
view   0 | SOD= 570.873 mm | SDD= 675.501 mm | M= 1.183 | incident=3.8197°
[[  99.149826   -561.64        -25.016003  ]
 [ -18.024197    102.09656      19.983997  ]
 [   0.14732194    0.02600776    0.        ]
 [   0.            0.            0.1496    ]]

iter 22 cost=6.423494 -> 5.738573 |dtheta|=4.322395e-02  lambda=0.000e+00

============================================================
Iteration 23
============================================================
Theta offsets (Unity frame):
  Source   : dSx=   0.000, dSy=   0.000, dSz=   0.000  (mm)
  Object   : dOx= -10.001, dOy=   4.984, dOz= -18.678  (mm)
  Object offset: offset_x=   0.001, offset_z=   0.002  (mm)
  Detector : dDx=   0.000, dDy=   0.000, dDz=   0.000  (mm)
  Obj Stage rotY :   10.012 deg
============================================================

Unity geometry (world coordinates):
  Source   : x=   0.000, y=  45.000, z=   0.000
  Object   : x=  -0.001, y=  19.984, z= 570.322
  Detector : x=   0.000, y=   0.000, z= 674.000
  Obj rotY :   0.0000 deg
view   0 | SOD= 570.873 mm | SDD= 675.501 mm | M= 1.183 | incident=3.8197°
[[  99.149826   -561.64        -25.016003  ]
 [ -18.024197    102.09656      19.983997  ]
 [   0.14732194    0.02600776    0.        ]
 [   0.            0.            0.1496    ]]
Residual vector length: 810, Jacobian shape: (810, 6)
view   0 | SOD= 570.828 mm | SDD= 675.501 mm | M= 1.183 | incident=3.8197°
[[  99.14341    -561.5956      -25.013407  ]
 [ -18.032618    102.140625     19.986593  ]
 [   0.14732186    0.02600821    0.        ]
 [   0.            0.            0.1496    ]]

iter 23 cost=5.738573 -> 5.040661 |dtheta|=4.430787e-02  lambda=0.000e+00

============================================================
Iteration 24
============================================================
Theta offsets (Unity frame):
  Source   : dSx=   0.000, dSy=   0.000, dSz=   0.000  (mm)
  Object   : dOx= -10.001, dOy=   4.987, dOz= -18.722  (mm)
  Object offset: offset_x=   0.001, offset_z=   0.002  (mm)
  Detector : dDx=   0.000, dDy=   0.000, dDz=   0.000  (mm)
  Obj Stage rotY :   10.012 deg
============================================================

Unity geometry (world coordinates):
  Source   : x=   0.000, y=  45.000, z=   0.000
  Object   : x=  -0.001, y=  19.987, z= 570.278
  Detector : x=   0.000, y=   0.000, z= 674.000
  Obj rotY :   0.0000 deg
view   0 | SOD= 570.828 mm | SDD= 675.501 mm | M= 1.183 | incident=3.8197°
[[  99.14341    -561.5956      -25.013407  ]
 [ -18.032618    102.140625     19.986593  ]
 [   0.14732186    0.02600821    0.        ]
 [   0.            0.            0.1496    ]]
Residual vector length: 810, Jacobian shape: (810, 6)
view   0 | SOD= 570.794 mm | SDD= 675.501 mm | M= 1.183 | incident=3.8197°
[[  99.14235    -561.5611      -25.011347  ]
 [ -18.03878     102.17425      19.988653  ]
 [   0.14732167    0.02600934    0.        ]
 [   0.            0.            0.1496    ]]

iter 24 cost=5.040661 -> 4.474935 |dtheta|=3.419739e-02  lambda=0.000e+00

============================================================
Iteration 25
============================================================
Theta offsets (Unity frame):
  Source   : dSx=   0.000, dSy=   0.000, dSz=   0.000  (mm)
  Object   : dOx= -10.001, dOy=   4.989, dOz= -18.756  (mm)
  Object offset: offset_x=   0.001, offset_z=   0.002  (mm)
  Detector : dDx=   0.000, dDy=   0.000, dDz=   0.000  (mm)
  Obj Stage rotY :   10.012 deg
============================================================

Unity geometry (world coordinates):
  Source   : x=   0.000, y=  45.000, z=   0.000
  Object   : x=  -0.001, y=  19.989, z= 570.244
  Detector : x=   0.000, y=   0.000, z= 674.000
  Obj rotY :   0.0000 deg
view   0 | SOD= 570.794 mm | SDD= 675.501 mm | M= 1.183 | incident=3.8197°
[[  99.14235    -561.5611      -25.011347  ]
 [ -18.03878     102.17425      19.988653  ]
 [   0.14732167    0.02600934    0.        ]
 [   0.            0.            0.1496    ]]
Residual vector length: 810, Jacobian shape: (810, 6)
view   0 | SOD= 570.751 mm | SDD= 675.501 mm | M= 1.184 | incident=3.8197°
[[  99.156395   -561.51483     -25.00943   ]
 [ -18.051107    102.21583      19.99057   ]
 [   0.14732063    0.0260152     0.        ]
 [   0.            0.            0.1496    ]]

iter 25 cost=4.474935 -> 4.022109 |dtheta|=4.230775e-02  lambda=0.000e+00

============================================================
Iteration 26
============================================================
Theta offsets (Unity frame):
  Source   : dSx=   0.000, dSy=   0.000, dSz=   0.000  (mm)
  Object   : dOx= -10.000, dOy=   4.991, dOz= -18.798  (mm)
  Object offset: offset_x=   0.001, offset_z=   0.001  (mm)
  Detector : dDx=   0.000, dDy=   0.000, dDz=   0.000  (mm)
  Obj Stage rotY :   10.015 deg
============================================================

Unity geometry (world coordinates):
  Source   : x=   0.000, y=  45.000, z=   0.000
  Object   : x=  -0.000, y=  19.991, z= 570.202
  Detector : x=   0.000, y=   0.000, z= 674.000
  Obj rotY :   0.0000 deg
view   0 | SOD= 570.751 mm | SDD= 675.501 mm | M= 1.184 | incident=3.8197°
[[  99.156395   -561.51483     -25.00943   ]
 [ -18.051107    102.21583      19.99057   ]
 [   0.14732063    0.0260152     0.        ]
 [   0.            0.            0.1496    ]]
Residual vector length: 810, Jacobian shape: (810, 6)
view   0 | SOD= 570.717 mm | SDD= 675.501 mm | M= 1.184 | incident=3.8197°
[[  99.15941    -561.4804      -25.008137  ]
 [ -18.057741    102.24856      19.991863  ]
 [   0.14732026    0.02601734    0.        ]
 [   0.            0.            0.1496    ]]

iter 26 cost=4.022109 -> 3.740555 |dtheta|=3.419585e-02  lambda=0.000e+00

============================================================
Iteration 27
============================================================
Theta offsets (Unity frame):
  Source   : dSx=   0.000, dSy=   0.000, dSz=   0.000  (mm)
  Object   : dOx= -10.000, dOy=   4.992, dOz= -18.832  (mm)
  Object offset: offset_x=   0.001, offset_z=   0.001  (mm)
  Detector : dDx=   0.000, dDy=   0.000, dDz=   0.000  (mm)
  Obj Stage rotY :   10.015 deg
============================================================

Unity geometry (world coordinates):
  Source   : x=   0.000, y=  45.000, z=   0.000
  Object   : x=  -0.000, y=  19.992, z= 570.168
  Detector : x=   0.000, y=   0.000, z= 674.000
  Obj rotY :   0.0000 deg
view   0 | SOD= 570.717 mm | SDD= 675.501 mm | M= 1.184 | incident=3.8197°
[[  99.15941    -561.4804      -25.008137  ]
 [ -18.057741    102.24856      19.991863  ]
 [   0.14732026    0.02601734    0.        ]
 [   0.            0.            0.1496    ]]
Residual vector length: 810, Jacobian shape: (810, 6)
view   0 | SOD= 570.687 mm | SDD= 675.501 mm | M= 1.184 | incident=3.8197°
[[  99.169876   -561.44775     -25.00688   ]
 [ -18.065605    102.27798      19.99312   ]
 [   0.14731954    0.02602141    0.        ]
 [   0.            0.            0.1496    ]]

iter 27 cost=3.740555 -> 3.473378 |dtheta|=3.077291e-02  lambda=0.000e+00

============================================================
Iteration 28
============================================================
Theta offsets (Unity frame):
  Source   : dSx=   0.000, dSy=   0.000, dSz=   0.000  (mm)
  Object   : dOx= -10.001, dOy=   4.993, dOz= -18.863  (mm)
  Object offset: offset_x=   0.001, offset_z=   0.002  (mm)
  Detector : dDx=   0.000, dDy=   0.000, dDz=   0.000  (mm)
  Obj Stage rotY :   10.017 deg
============================================================

Unity geometry (world coordinates):
  Source   : x=   0.000, y=  45.000, z=   0.000
  Object   : x=  -0.001, y=  19.993, z= 570.137
  Detector : x=   0.000, y=   0.000, z= 674.000
  Obj rotY :   0.0000 deg
view   0 | SOD= 570.687 mm | SDD= 675.501 mm | M= 1.184 | incident=3.8197°
[[  99.169876   -561.44775     -25.00688   ]
 [ -18.065605    102.27798      19.99312   ]
 [   0.14731954    0.02602141    0.        ]
 [   0.            0.            0.1496    ]]
Residual vector length: 810, Jacobian shape: (810, 6)
view   0 | SOD= 570.662 mm | SDD= 675.501 mm | M= 1.184 | incident=3.8197°
[[  99.15262    -561.4257      -25.005648  ]
 [ -18.067297    102.30278      19.994352  ]
 [   0.14732015    0.02601795    0.        ]
 [   0.            0.            0.1496    ]]

iter 28 cost=3.473378 -> 3.332337 |dtheta|=2.457257e-02  lambda=0.000e+00

============================================================
Iteration 29
============================================================
Theta offsets (Unity frame):
  Source   : dSx=   0.000, dSy=   0.000, dSz=   0.000  (mm)
  Object   : dOx= -10.001, dOy=   4.994, dOz= -18.887  (mm)
  Object offset: offset_x=   0.000, offset_z=   0.002  (mm)
  Detector : dDx=   0.000, dDy=   0.000, dDz=   0.000  (mm)
  Obj Stage rotY :   10.016 deg
============================================================

Unity geometry (world coordinates):
  Source   : x=   0.000, y=  45.000, z=   0.000
  Object   : x=  -0.001, y=  19.994, z= 570.113
  Detector : x=   0.000, y=   0.000, z= 674.000
  Obj rotY :   0.0000 deg
view   0 | SOD= 570.662 mm | SDD= 675.501 mm | M= 1.184 | incident=3.8197°
[[  99.15262    -561.4257      -25.005648  ]
 [ -18.067297    102.30278      19.994352  ]
 [   0.14732015    0.02601795    0.        ]
 [   0.            0.            0.1496    ]]
Residual vector length: 810, Jacobian shape: (810, 6)
view   0 | SOD= 570.633 mm | SDD= 675.501 mm | M= 1.184 | incident=3.8197°
[[  99.16138    -561.3948      -25.004286  ]
 [ -18.07456     102.33087      19.995714  ]
 [   0.14731953    0.02602151    0.        ]
 [   0.            0.            0.1496    ]]

iter 29 cost=3.332337 -> 3.112039 |dtheta|=2.838949e-02  lambda=0.000e+00

============================================================
Iteration 30
============================================================
Theta offsets (Unity frame):
  Source   : dSx=   0.000, dSy=   0.000, dSz=   0.000  (mm)
  Object   : dOx= -10.001, dOy=   4.996, dOz= -18.916  (mm)
  Object offset: offset_x=   0.000, offset_z=   0.001  (mm)
  Detector : dDx=   0.000, dDy=   0.000, dDz=   0.000  (mm)
  Obj Stage rotY :   10.017 deg
============================================================

Unity geometry (world coordinates):
  Source   : x=   0.000, y=  45.000, z=   0.000
  Object   : x=  -0.001, y=  19.996, z= 570.084
  Detector : x=   0.000, y=   0.000, z= 674.000
  Obj rotY :   0.0000 deg
view   0 | SOD= 570.633 mm | SDD= 675.501 mm | M= 1.184 | incident=3.8197°
[[  99.16138    -561.3948      -25.004286  ]
 [ -18.07456     102.33087      19.995714  ]
 [   0.14731953    0.02602151    0.        ]
 [   0.            0.            0.1496    ]]
Residual vector length: 810, Jacobian shape: (810, 6)
view   0 | SOD= 570.608 mm | SDD= 675.501 mm | M= 1.184 | incident=3.8197°
[[  99.16184    -561.36957     -25.002987  ]
 [ -18.080086    102.354996     19.997013  ]
 [   0.14731929    0.02602284    0.        ]
 [   0.            0.            0.1496    ]]

iter 30 cost=3.112039 -> 3.041085 |dtheta|=2.444041e-02  lambda=0.000e+00

============================================================
Iteration 31
============================================================
Theta offsets (Unity frame):
  Source   : dSx=   0.000, dSy=   0.000, dSz=   0.000  (mm)
  Object   : dOx= -10.001, dOy=   4.997, dOz= -18.940  (mm)
  Object offset: offset_x=   0.000, offset_z=   0.001  (mm)
  Detector : dDx=   0.000, dDy=   0.000, dDz=   0.000  (mm)
  Obj Stage rotY :   10.018 deg
============================================================

Unity geometry (world coordinates):
  Source   : x=   0.000, y=  45.000, z=   0.000
  Object   : x=  -0.001, y=  19.997, z= 570.060
  Detector : x=   0.000, y=   0.000, z= 674.000
  Obj rotY :   0.0000 deg
view   0 | SOD= 570.608 mm | SDD= 675.501 mm | M= 1.184 | incident=3.8197°
[[  99.16184    -561.36957     -25.002987  ]
 [ -18.080086    102.354996     19.997013  ]
 [   0.14731929    0.02602284    0.        ]
 [   0.            0.            0.1496    ]]
Residual vector length: 810, Jacobian shape: (810, 6)
view   0 | SOD= 570.593 mm | SDD= 675.501 mm | M= 1.184 | incident=3.8197°
[[  99.13566    -561.3583      -25.002502  ]
 [ -18.078646    102.371185     19.997498  ]
 [   0.14732037    0.0260167     0.        ]
 [   0.            0.            0.1496    ]]

iter 31 cost=3.041085 -> 2.974913 |dtheta|=1.548582e-02  lambda=0.000e+00

============================================================
Iteration 32
============================================================
Theta offsets (Unity frame):
  Source   : dSx=   0.000, dSy=   0.000, dSz=   0.000  (mm)
  Object   : dOx= -10.001, dOy=   4.997, dOz= -18.955  (mm)
  Object offset: offset_x=   0.001, offset_z=   0.000  (mm)
  Detector : dDx=   0.000, dDy=   0.000, dDz=   0.000  (mm)
  Obj Stage rotY :   10.015 deg
============================================================

Unity geometry (world coordinates):
  Source   : x=   0.000, y=  45.000, z=   0.000
  Object   : x=  -0.001, y=  19.997, z= 570.045
  Detector : x=   0.000, y=   0.000, z= 674.000
  Obj rotY :   0.0000 deg
view   0 | SOD= 570.593 mm | SDD= 675.501 mm | M= 1.184 | incident=3.8197°
[[  99.13566    -561.3583      -25.002502  ]
 [ -18.078646    102.371185     19.997498  ]
 [   0.14732037    0.0260167     0.        ]
 [   0.            0.            0.1496    ]]
Residual vector length: 810, Jacobian shape: (810, 6)
view   0 | SOD= 570.583 mm | SDD= 675.501 mm | M= 1.184 | incident=3.8197°
[[  99.169235   -561.3419      -25.002132  ]
 [ -18.086687    102.38017      19.997868  ]
 [   0.14731874    0.02602594    0.        ]
 [   0.            0.            0.1496    ]]

iter 32 cost=2.974913 -> 2.959432 |dtheta|=1.083818e-02  lambda=0.000e+00

============================================================
Iteration 33
============================================================
Theta offsets (Unity frame):
  Source   : dSx=   0.000, dSy=   0.000, dSz=   0.000  (mm)
  Object   : dOx= -10.001, dOy=   4.998, dOz= -18.966  (mm)
  Object offset: offset_x=   0.001, offset_z=   0.000  (mm)
  Detector : dDx=   0.000, dDy=   0.000, dDz=   0.000  (mm)
  Obj Stage rotY :   10.019 deg
============================================================

Unity geometry (world coordinates):
  Source   : x=   0.000, y=  45.000, z=   0.000
  Object   : x=  -0.001, y=  19.998, z= 570.034
  Detector : x=   0.000, y=   0.000, z= 674.000
  Obj rotY :   0.0000 deg
view   0 | SOD= 570.583 mm | SDD= 675.501 mm | M= 1.184 | incident=3.8197°
[[  99.169235   -561.3419      -25.002132  ]
 [ -18.086687    102.38017      19.997868  ]
 [   0.14731874    0.02602594    0.        ]
 [   0.            0.            0.1496    ]]
Residual vector length: 810, Jacobian shape: (810, 6)
view   0 | SOD= 570.575 mm | SDD= 675.501 mm | M= 1.184 | incident=3.8197°
[[  99.15033    -561.33765     -25.001556  ]
 [ -18.08479     102.38813      19.998444  ]
 [   0.14731956    0.02602133    0.        ]
 [   0.            0.            0.1496    ]]

iter 33 cost=2.959432 -> 2.944756 |dtheta|=7.855964e-03  lambda=0.000e+00

============================================================
Iteration 34
============================================================
Theta offsets (Unity frame):
  Source   : dSx=   0.000, dSy=   0.000, dSz=   0.000  (mm)
  Object   : dOx= -10.001, dOy=   4.998, dOz= -18.973  (mm)
  Object offset: offset_x=   0.001, offset_z=   0.000  (mm)
  Detector : dDx=   0.000, dDy=   0.000, dDz=   0.000  (mm)
  Obj Stage rotY :   10.017 deg
============================================================

Unity geometry (world coordinates):
  Source   : x=   0.000, y=  45.000, z=   0.000
  Object   : x=  -0.001, y=  19.998, z= 570.027
  Detector : x=   0.000, y=   0.000, z= 674.000
  Obj rotY :   0.0000 deg
view   0 | SOD= 570.575 mm | SDD= 675.501 mm | M= 1.184 | incident=3.8197°
[[  99.15033    -561.33765     -25.001556  ]
 [ -18.08479     102.38813      19.998444  ]
 [   0.14731956    0.02602133    0.        ]
 [   0.            0.            0.1496    ]]
Residual vector length: 810, Jacobian shape: (810, 6)
view   0 | SOD= 570.568 mm | SDD= 675.501 mm | M= 1.184 | incident=3.8197°
[[  99.12007    -561.3355      -25.001154  ]
 [ -18.0803      102.39642      19.998846  ]
 [   0.14732091    0.02601361    0.        ]
 [   0.            0.            0.1496    ]]

iter 34 cost=2.944756 -> 2.980546 |dtheta|=8.154781e-03  lambda=0.000e+00

============================================================
Iteration 35
============================================================
Theta offsets (Unity frame):
  Source   : dSx=   0.000, dSy=   0.000, dSz=   0.000  (mm)
  Object   : dOx= -10.001, dOy=   4.998, dOz= -18.973  (mm)
  Object offset: offset_x=   0.001, offset_z=   0.000  (mm)
  Detector : dDx=   0.000, dDy=   0.000, dDz=   0.000  (mm)
  Obj Stage rotY :   10.017 deg
============================================================

Unity geometry (world coordinates):
  Source   : x=   0.000, y=  45.000, z=   0.000
  Object   : x=  -0.001, y=  19.998, z= 570.027
  Detector : x=   0.000, y=   0.000, z= 674.000
  Obj rotY :   0.0000 deg
view   0 | SOD= 570.575 mm | SDD= 675.501 mm | M= 1.184 | incident=3.8197°
[[  99.15033    -561.33765     -25.001556  ]
 [ -18.08479     102.38813      19.998444  ]
 [   0.14731956    0.02602133    0.        ]
 [   0.            0.            0.1496    ]]
Residual vector length: 810, Jacobian shape: (810, 6)
view   0 | SOD= 570.568 mm | SDD= 675.501 mm | M= 1.184 | incident=3.8197°
[[  99.12007    -561.3355      -25.001154  ]
 [ -18.0803      102.39642      19.998846  ]
 [   0.14732091    0.02601361    0.        ]
 [   0.            0.            0.1496    ]]

iter 35 cost=2.944756 -> 2.980546 |dtheta|=8.154781e-03  lambda=0.000e+00

============================================================
Iteration 36
============================================================
Theta offsets (Unity frame):
  Source   : dSx=   0.000, dSy=   0.000, dSz=   0.000  (mm)
  Object   : dOx= -10.001, dOy=   4.998, dOz= -18.973  (mm)
  Object offset: offset_x=   0.001, offset_z=   0.000  (mm)
  Detector : dDx=   0.000, dDy=   0.000, dDz=   0.000  (mm)
  Obj Stage rotY :   10.017 deg
============================================================

Unity geometry (world coordinates):
  Source   : x=   0.000, y=  45.000, z=   0.000
  Object   : x=  -0.001, y=  19.998, z= 570.027
  Detector : x=   0.000, y=   0.000, z= 674.000
  Obj rotY :   0.0000 deg
view   0 | SOD= 570.575 mm | SDD= 675.501 mm | M= 1.184 | incident=3.8197°
[[  99.15033    -561.33765     -25.001556  ]
 [ -18.08479     102.38813      19.998444  ]
 [   0.14731956    0.02602133    0.        ]
 [   0.            0.            0.1496    ]]
Residual vector length: 810, Jacobian shape: (810, 6)
view   0 | SOD= 570.568 mm | SDD= 675.501 mm | M= 1.184 | incident=3.8197°
[[  99.12007    -561.3355      -25.001154  ]
 [ -18.0803      102.39642      19.998846  ]
 [   0.14732091    0.02601361    0.        ]
 [   0.            0.            0.1496    ]]

iter 36 cost=2.944756 -> 2.980546 |dtheta|=8.154781e-03  lambda=0.000e+00

============================================================
Iteration 37
============================================================
Theta offsets (Unity frame):
  Source   : dSx=   0.000, dSy=   0.000, dSz=   0.000  (mm)
  Object   : dOx= -10.001, dOy=   4.998, dOz= -18.973  (mm)
  Object offset: offset_x=   0.001, offset_z=   0.000  (mm)
  Detector : dDx=   0.000, dDy=   0.000, dDz=   0.000  (mm)
  Obj Stage rotY :   10.017 deg
============================================================

Unity geometry (world coordinates):
  Source   : x=   0.000, y=  45.000, z=   0.000
  Object   : x=  -0.001, y=  19.998, z= 570.027
  Detector : x=   0.000, y=   0.000, z= 674.000
  Obj rotY :   0.0000 deg
view   0 | SOD= 570.575 mm | SDD= 675.501 mm | M= 1.184 | incident=3.8197°
[[  99.15033    -561.33765     -25.001556  ]
 [ -18.08479     102.38813      19.998444  ]
 [   0.14731956    0.02602133    0.        ]
 [   0.            0.            0.1496    ]]
Residual vector length: 810, Jacobian shape: (810, 6)
view   0 | SOD= 570.568 mm | SDD= 675.501 mm | M= 1.184 | incident=3.8197°
[[  99.12007    -561.3355      -25.001154  ]
 [ -18.0803      102.39642      19.998846  ]
 [   0.14732091    0.02601361    0.        ]
 [   0.            0.            0.1496    ]]

iter 37 cost=2.944756 -> 2.980546 |dtheta|=8.154781e-03  lambda=0.000e+00

============================================================
Iteration 38
============================================================
Theta offsets (Unity frame):
  Source   : dSx=   0.000, dSy=   0.000, dSz=   0.000  (mm)
  Object   : dOx= -10.001, dOy=   4.998, dOz= -18.973  (mm)
  Object offset: offset_x=   0.001, offset_z=   0.000  (mm)
  Detector : dDx=   0.000, dDy=   0.000, dDz=   0.000  (mm)
  Obj Stage rotY :   10.017 deg
============================================================

Unity geometry (world coordinates):
  Source   : x=   0.000, y=  45.000, z=   0.000
  Object   : x=  -0.001, y=  19.998, z= 570.027
  Detector : x=   0.000, y=   0.000, z= 674.000
  Obj rotY :   0.0000 deg
view   0 | SOD= 570.575 mm | SDD= 675.501 mm | M= 1.184 | incident=3.8197°
[[  99.15033    -561.33765     -25.001556  ]
 [ -18.08479     102.38813      19.998444  ]
 [   0.14731956    0.02602133    0.        ]
 [   0.            0.            0.1496    ]]
Residual vector length: 810, Jacobian shape: (810, 6)
view   0 | SOD= 570.568 mm | SDD= 675.501 mm | M= 1.184 | incident=3.8197°
[[  99.12007    -561.3355      -25.001154  ]
 [ -18.0803      102.39642      19.998846  ]
 [   0.14732091    0.02601361    0.        ]
 [   0.            0.            0.1496    ]]

iter 38 cost=2.944756 -> 2.980546 |dtheta|=8.154781e-03  lambda=0.000e+00

============================================================
Iteration 39
============================================================
Theta offsets (Unity frame):
  Source   : dSx=   0.000, dSy=   0.000, dSz=   0.000  (mm)
  Object   : dOx= -10.001, dOy=   4.998, dOz= -18.973  (mm)
  Object offset: offset_x=   0.001, offset_z=   0.000  (mm)
  Detector : dDx=   0.000, dDy=   0.000, dDz=   0.000  (mm)
  Obj Stage rotY :   10.017 deg
============================================================

Unity geometry (world coordinates):
  Source   : x=   0.000, y=  45.000, z=   0.000
  Object   : x=  -0.001, y=  19.998, z= 570.027
  Detector : x=   0.000, y=   0.000, z= 674.000
  Obj rotY :   0.0000 deg
view   0 | SOD= 570.575 mm | SDD= 675.501 mm | M= 1.184 | incident=3.8197°
[[  99.15033    -561.33765     -25.001556  ]
 [ -18.08479     102.38813      19.998444  ]
 [   0.14731956    0.02602133    0.        ]
 [   0.            0.            0.1496    ]]
Residual vector length: 810, Jacobian shape: (810, 6)
view   0 | SOD= 570.568 mm | SDD= 675.501 mm | M= 1.184 | incident=3.8197°
[[  99.12007    -561.3355      -25.001154  ]
 [ -18.0803      102.39642      19.998846  ]
 [   0.14732091    0.02601361    0.        ]
 [   0.            0.            0.1496    ]]

iter 39 cost=2.944756 -> 2.980546 |dtheta|=8.154781e-03  lambda=0.000e+00

============================================================
Iteration 40
============================================================
Theta offsets (Unity frame):
  Source   : dSx=   0.000, dSy=   0.000, dSz=   0.000  (mm)
  Object   : dOx= -10.001, dOy=   4.998, dOz= -18.973  (mm)
  Object offset: offset_x=   0.001, offset_z=   0.000  (mm)
  Detector : dDx=   0.000, dDy=   0.000, dDz=   0.000  (mm)
  Obj Stage rotY :   10.017 deg
============================================================

Unity geometry (world coordinates):
  Source   : x=   0.000, y=  45.000, z=   0.000
  Object   : x=  -0.001, y=  19.998, z= 570.027
  Detector : x=   0.000, y=   0.000, z= 674.000
  Obj rotY :   0.0000 deg
view   0 | SOD= 570.575 mm | SDD= 675.501 mm | M= 1.184 | incident=3.8197°
[[  99.15033    -561.33765     -25.001556  ]
 [ -18.08479     102.38813      19.998444  ]
 [   0.14731956    0.02602133    0.        ]
 [   0.            0.            0.1496    ]]
Residual vector length: 810, Jacobian shape: (810, 6)
view   0 | SOD= 570.568 mm | SDD= 675.501 mm | M= 1.184 | incident=3.8197°
[[  99.12007    -561.3355      -25.001154  ]
 [ -18.0803      102.39642      19.998846  ]
 [   0.14732091    0.02601361    0.        ]
 [   0.            0.            0.1496    ]]

iter 40 cost=2.944756 -> 2.980546 |dtheta|=8.154781e-03  lambda=0.000e+00
Stalled.

Estimated theta:
  dSx: +0.000000
  dSy: +0.000000
  dOx: -10.000746
  dOy: +4.998443
  dOz: -18.973313
  dDx: +0.000000
  dDy: +0.000000
  dDz: +0.000000
alpha: +1.001694e+01 deg)
offset_x: +0.000533
offset_z: +0.000297

Final cost table:
Fake theta: [  0.   0. -10.   5. -19.   0.   0.   0.  10.   0.   0.]
Final estimated theta: [  0.           0.         -10.00074563   4.99844307 -18.97331312
   0.           0.           0.          10.01694024   0.00053297
   0.00029687]
Diff from Expected: [ 0.          0.         -0.00074563 -0.00155693  0.02668688  0.
  0.          0.          0.01694024  0.00053297  0.00029687]
################################################################################

