Phantom already exists, skipping: cuboid_phantom_3_small.npy

################################################################################
Running cuboid=small scenario=G0 N_ANGLES=5, K=3
view   0 | SOD= 570.548 mm | SDD= 675.501 mm | M= 1.184 | incident=3.8197°
[[  98.97946    -561.3404      -25.        ]
 [ -18.05941     102.420006     20.        ]
 [   0.14732724    0.02597777    0.        ]
 [   0.            0.            0.1496    ]]
          image          x1          y1  area1          x2          y2  area2          x3          y3  area3
0  proj_000.png  521.673640  142.917713    717  434.642012  273.158284    676  521.693056  416.102778    720
1  proj_001.png  421.735294  142.749300    714  531.667158  273.574374    679  421.724860  415.460894    716
2  proj_002.png  400.629956  141.441997    681  555.439372  277.798859    701  400.618421  408.192982    684
3  proj_003.png  484.424925  140.770270    666  470.383978  280.052486    724  484.387481  404.593145    671
4  proj_004.png  558.979502  141.698389    683  395.439655  277.033046    696  558.950220  409.234261    683

============================================================
Iteration 0
============================================================
Theta offsets (Unity frame):
  Source   : dSx=   0.000, dSy=   0.000, dSz=   0.000  (mm)
  Object   : dOx=   0.000, dOy=   0.000, dOz=   0.000  (mm)
  Object offset: offset_x=   0.000, offset_z=   0.000  (mm)
  Detector : dDx=   0.000, dDy=   0.000, dDz=   0.000  (mm)
  Obj Stage rotY :    0.000 deg
============================================================

Unity geometry (world coordinates):
  Source   : x=   0.000, y=  45.000, z=   0.000
  Object   : x=  10.000, y=  15.000, z= 589.000
  Detector : x=   0.000, y=   0.000, z= 674.000
  Obj rotY :   0.0000 deg
view   0 | SOD= 589.848 mm | SDD= 675.501 mm | M= 1.145 | incident=3.8197°
[[ -10.     -589.      -30.    ]
 [ -10.       85.       15.    ]
 [   0.1496    0.        0.    ]
 [   0.        0.        0.1496]]
Residual vector length: 45, Jacobian shape: (45, 6)
view   0 | SOD= 583.060 mm | SDD= 675.501 mm | M= 1.159 | incident=3.8197°
[[  85.82316    -576.07416     -27.05542   ]
 [ -12.129028     90.77019      17.94458   ]
 [   0.14801174    0.02174132    0.        ]
 [   0.            0.            0.1496    ]]

iter 00 cost=53537.468912 -> 1767.366501 |dtheta|=1.458660e+01  lambda=0.000e+00

============================================================
Iteration 1
============================================================
Theta offsets (Unity frame):
  Source   : dSx=   0.000, dSy=   0.000, dSz=   0.000  (mm)
  Object   : dOx=  -9.863, dOy=   2.945, dOz=  -5.898  (mm)
  Object offset: offset_x=  -1.329, offset_z=  -0.672  (mm)
  Detector : dDx=   0.000, dDy=   0.000, dDz=   0.000  (mm)
  Obj Stage rotY :    8.356 deg
============================================================

Unity geometry (world coordinates):
  Source   : x=   0.000, y=  45.000, z=   0.000
  Object   : x=   0.137, y=  17.945, z= 583.102
  Detector : x=   0.000, y=   0.000, z= 674.000
  Obj rotY :   0.0000 deg
view   0 | SOD= 583.060 mm | SDD= 675.501 mm | M= 1.159 | incident=3.8197°
[[  85.82316    -576.07416     -27.05542   ]
 [ -12.129028     90.77019      17.94458   ]
 [   0.14801174    0.02174132    0.        ]
 [   0.            0.            0.1496    ]]
Residual vector length: 45, Jacobian shape: (45, 6)
view   0 | SOD= 582.094 mm | SDD= 675.501 mm | M= 1.160 | incident=3.8197°
[[  95.08864    -573.7116      -25.42463   ]
 [ -14.429268     91.33114      19.57537   ]
 [   0.14761186    0.02430843    0.        ]
 [   0.            0.            0.1496    ]]

iter 01 cost=1767.366501 -> 306.611581 |dtheta|=2.454269e+00  lambda=0.000e+00

============================================================
Iteration 2
============================================================
Theta offsets (Unity frame):
  Source   : dSx=   0.000, dSy=   0.000, dSz=   0.000  (mm)
  Object   : dOx= -10.119, dOy=   4.575, dOz=  -7.117  (mm)
  Object offset: offset_x=  -0.484, offset_z=  -0.345  (mm)
  Detector : dDx=   0.000, dDy=   0.000, dDz=   0.000  (mm)
  Obj Stage rotY :    9.351 deg
============================================================

Unity geometry (world coordinates):
  Source   : x=   0.000, y=  45.000, z=   0.000
  Object   : x=  -0.119, y=  19.575, z= 581.883
  Detector : x=   0.000, y=   0.000, z= 674.000
  Obj rotY :   0.0000 deg
view   0 | SOD= 582.094 mm | SDD= 675.501 mm | M= 1.160 | incident=3.8197°
[[  95.08864    -573.7116      -25.42463   ]
 [ -14.429268     91.33114      19.57537   ]
 [   0.14761186    0.02430843    0.        ]
 [   0.            0.            0.1496    ]]
Residual vector length: 45, Jacobian shape: (45, 6)
view   0 | SOD= 580.367 mm | SDD= 675.501 mm | M= 1.164 | incident=3.8197°
[[  99.41924    -571.2261      -25.35573   ]
 [ -16.072466     92.80532      19.64427   ]
 [   0.14738739    0.02563436    0.        ]
 [   0.            0.            0.1496    ]]

iter 02 cost=306.611581 -> 144.177569 |dtheta|=2.101464e+00  lambda=0.000e+00

============================================================
Iteration 3
============================================================
Theta offsets (Unity frame):
  Source   : dSx=   0.000, dSy=   0.000, dSz=   0.000  (mm)
  Object   : dOx= -10.034, dOy=   4.644, dOz=  -9.086  (mm)
  Object offset: offset_x=  -0.034, offset_z=  -0.100  (mm)
  Detector : dDx=   0.000, dDy=   0.000, dDz=   0.000  (mm)
  Obj Stage rotY :    9.866 deg
============================================================

Unity geometry (world coordinates):
  Source   : x=   0.000, y=  45.000, z=   0.000
  Object   : x=  -0.034, y=  19.644, z= 579.914
  Detector : x=   0.000, y=   0.000, z= 674.000
  Obj rotY :   0.0000 deg
view   0 | SOD= 580.367 mm | SDD= 675.501 mm | M= 1.164 | incident=3.8197°
[[  99.41924    -571.2261      -25.35573   ]
 [ -16.072466     92.80532      19.64427   ]
 [   0.14738739    0.02563436    0.        ]
 [   0.            0.            0.1496    ]]
Residual vector length: 45, Jacobian shape: (45, 6)
view   0 | SOD= 578.116 mm | SDD= 675.501 mm | M= 1.168 | incident=3.8197°
[[ 100.38481    -568.7702      -25.333548  ]
 [ -16.959927     94.93623      19.666452  ]
 [   0.14731525    0.02604566    0.        ]
 [   0.            0.            0.1496    ]]

iter 03 cost=144.177569 -> 84.610386 |dtheta|=2.482871e+00  lambda=0.000e+00

============================================================
Iteration 4
============================================================
Theta offsets (Unity frame):
  Source   : dSx=   0.000, dSy=   0.000, dSz=   0.000  (mm)
  Object   : dOx= -10.010, dOy=   4.666, dOz= -11.546  (mm)
  Object offset: offset_x=   0.182, offset_z=   0.107  (mm)
  Detector : dDx=   0.000, dDy=   0.000, dDz=   0.000  (mm)
  Obj Stage rotY :   10.026 deg
============================================================

Unity geometry (world coordinates):
  Source   : x=   0.000, y=  45.000, z=   0.000
  Object   : x=  -0.010, y=  19.666, z= 577.454
  Detector : x=   0.000, y=   0.000, z= 674.000
  Obj rotY :   0.0000 deg
view   0 | SOD= 578.116 mm | SDD= 675.501 mm | M= 1.168 | incident=3.8197°
[[ 100.38481    -568.7702      -25.333548  ]
 [ -16.959927     94.93623      19.666452  ]
 [   0.14731525    0.02604566    0.        ]
 [   0.            0.            0.1496    ]]
Residual vector length: 45, Jacobian shape: (45, 6)
view   0 | SOD= 577.774 mm | SDD= 675.501 mm | M= 1.169 | incident=3.8197°
[[  97.87844    -568.85504     -25.42004   ]
 [ -16.329384     95.39833      19.57996   ]
 [   0.14743666    0.02534939    0.        ]
 [   0.            0.            0.1496    ]]

iter 04 cost=84.610386 -> 79.926781 |dtheta|=4.465271e-01  lambda=0.000e+00

============================================================
Iteration 5
============================================================
Theta offsets (Unity frame):
  Source   : dSx=   0.000, dSy=   0.000, dSz=   0.000  (mm)
  Object   : dOx= -10.064, dOy=   4.580, dOz= -11.818  (mm)
  Object offset: offset_x=  -0.008, offset_z=   0.032  (mm)
  Detector : dDx=   0.000, dDy=   0.000, dDz=   0.000  (mm)
  Obj Stage rotY :    9.756 deg
============================================================

Unity geometry (world coordinates):
  Source   : x=   0.000, y=  45.000, z=   0.000
  Object   : x=  -0.064, y=  19.580, z= 577.182
  Detector : x=   0.000, y=   0.000, z= 674.000
  Obj rotY :   0.0000 deg
view   0 | SOD= 577.774 mm | SDD= 675.501 mm | M= 1.169 | incident=3.8197°
[[  97.87844    -568.85504     -25.42004   ]
 [ -16.329384     95.39833      19.57996   ]
 [   0.14743666    0.02534939    0.        ]
 [   0.            0.            0.1496    ]]
Residual vector length: 45, Jacobian shape: (45, 6)
view   0 | SOD= 576.068 mm | SDD= 675.501 mm | M= 1.173 | incident=3.8197°
[[  97.37841    -567.2126      -25.332275  ]
 [ -16.739168     97.056305     19.667725  ]
 [   0.1474401     0.02532936    0.        ]
 [   0.            0.            0.1496    ]]

iter 05 cost=79.926781 -> 48.087648 |dtheta|=1.717365e+00  lambda=0.000e+00

============================================================
Iteration 6
============================================================
Theta offsets (Unity frame):
  Source   : dSx=   0.000, dSy=   0.000, dSz=   0.000  (mm)
  Object   : dOx=  -9.986, dOy=   4.668, dOz= -13.530  (mm)
  Object offset: offset_x=   0.050, offset_z=   0.041  (mm)
  Detector : dDx=   0.000, dDy=   0.000, dDz=   0.000  (mm)
  Obj Stage rotY :    9.748 deg
============================================================

Unity geometry (world coordinates):
  Source   : x=   0.000, y=  45.000, z=   0.000
  Object   : x=   0.014, y=  19.668, z= 575.470
  Detector : x=   0.000, y=   0.000, z= 674.000
  Obj rotY :   0.0000 deg
view   0 | SOD= 576.068 mm | SDD= 675.501 mm | M= 1.173 | incident=3.8197°
[[  97.37841    -567.2126      -25.332275  ]
 [ -16.739168     97.056305     19.667725  ]
 [   0.1474401     0.02532936    0.        ]
 [   0.            0.            0.1496    ]]
Residual vector length: 45, Jacobian shape: (45, 6)
view   0 | SOD= 575.762 mm | SDD= 675.501 mm | M= 1.173 | incident=3.8197°
[[  99.62653    -566.51355     -25.279942  ]
 [ -17.178253     97.28809      19.720058  ]
 [   0.1473364     0.02592581    0.        ]
 [   0.            0.            0.1496    ]]

iter 06 cost=48.087648 -> 40.128775 |dtheta|=4.007685e-01  lambda=0.000e+00

============================================================
Iteration 7
============================================================
Theta offsets (Unity frame):
  Source   : dSx=   0.000, dSy=   0.000, dSz=   0.000  (mm)
  Object   : dOx=  -9.999, dOy=   4.720, dOz= -13.852  (mm)
  Object offset: offset_x=   0.058, offset_z=   0.059  (mm)
  Detector : dDx=   0.000, dDy=   0.000, dDz=   0.000  (mm)
  Obj Stage rotY :    9.980 deg
============================================================

Unity geometry (world coordinates):
  Source   : x=   0.000, y=  45.000, z=   0.000
  Object   : x=   0.001, y=  19.720, z= 575.148
  Detector : x=   0.000, y=   0.000, z= 674.000
  Obj rotY :   0.0000 deg
view   0 | SOD= 575.762 mm | SDD= 675.501 mm | M= 1.173 | incident=3.8197°
[[  99.62653    -566.51355     -25.279942  ]
 [ -17.178253     97.28809      19.720058  ]
 [   0.1473364     0.02592581    0.        ]
 [   0.            0.            0.1496    ]]
Residual vector length: 45, Jacobian shape: (45, 6)
view   0 | SOD= 575.198 mm | SDD= 675.501 mm | M= 1.174 | incident=3.8197°
[[  95.37392    -566.6753      -25.207169  ]
 [ -16.51039      97.97344      19.792831  ]
 [   0.1475244     0.02483367    0.        ]
 [   0.            0.            0.1496    ]]

iter 07 cost=40.128775 -> 33.315871 |dtheta|=6.768421e-01  lambda=0.000e+00

============================================================
Iteration 8
============================================================
Theta offsets (Unity frame):
  Source   : dSx=   0.000, dSy=   0.000, dSz=   0.000  (mm)
  Object   : dOx= -10.021, dOy=   4.793, dOz= -14.372  (mm)
  Object offset: offset_x=   0.038, offset_z=   0.017  (mm)
  Detector : dDx=   0.000, dDy=   0.000, dDz=   0.000  (mm)
  Obj Stage rotY :    9.555 deg
============================================================

Unity geometry (world coordinates):
  Source   : x=   0.000, y=  45.000, z=   0.000
  Object   : x=  -0.021, y=  19.793, z= 574.628
  Detector : x=   0.000, y=   0.000, z= 674.000
  Obj rotY :   0.0000 deg
view   0 | SOD= 575.198 mm | SDD= 675.501 mm | M= 1.174 | incident=3.8197°
[[  95.37392    -566.6753      -25.207169  ]
 [ -16.51039      97.97344      19.792831  ]
 [   0.1475244     0.02483367    0.        ]
 [   0.            0.            0.1496    ]]
Residual vector length: 45, Jacobian shape: (45, 6)
view   0 | SOD= 575.356 mm | SDD= 675.501 mm | M= 1.174 | incident=3.8197°
[[  99.2922     -566.16113     -25.251957  ]
 [ -17.124763     97.70868      19.748043  ]
 [   0.14735152    0.02583973    0.        ]
 [   0.            0.            0.1496    ]]

iter 08 cost=33.315871 -> 35.057887 |dtheta|=4.439071e-01  lambda=0.000e+00

============================================================
Iteration 9
============================================================
Theta offsets (Unity frame):
  Source   : dSx=   0.000, dSy=   0.000, dSz=   0.000  (mm)
  Object   : dOx= -10.021, dOy=   4.793, dOz= -14.372  (mm)
  Object offset: offset_x=   0.038, offset_z=   0.017  (mm)
  Detector : dDx=   0.000, dDy=   0.000, dDz=   0.000  (mm)
  Obj Stage rotY :    9.555 deg
============================================================

Unity geometry (world coordinates):
  Source   : x=   0.000, y=  45.000, z=   0.000
  Object   : x=  -0.021, y=  19.793, z= 574.628
  Detector : x=   0.000, y=   0.000, z= 674.000
  Obj rotY :   0.0000 deg
view   0 | SOD= 575.198 mm | SDD= 675.501 mm | M= 1.174 | incident=3.8197°
[[  95.37392    -566.6753      -25.207169  ]
 [ -16.51039      97.97344      19.792831  ]
 [   0.1475244     0.02483367    0.        ]
 [   0.            0.            0.1496    ]]
Residual vector length: 45, Jacobian shape: (45, 6)
view   0 | SOD= 575.356 mm | SDD= 675.501 mm | M= 1.174 | incident=3.8197°
[[  99.2922     -566.16113     -25.251957  ]
 [ -17.124763     97.70868      19.748043  ]
 [   0.14735152    0.02583973    0.        ]
 [   0.            0.            0.1496    ]]

iter 09 cost=33.315871 -> 35.057887 |dtheta|=4.439071e-01  lambda=0.000e+00

============================================================
Iteration 10
============================================================
Theta offsets (Unity frame):
  Source   : dSx=   0.000, dSy=   0.000, dSz=   0.000  (mm)
  Object   : dOx= -10.021, dOy=   4.793, dOz= -14.372  (mm)
  Object offset: offset_x=   0.038, offset_z=   0.017  (mm)
  Detector : dDx=   0.000, dDy=   0.000, dDz=   0.000  (mm)
  Obj Stage rotY :    9.555 deg
============================================================

Unity geometry (world coordinates):
  Source   : x=   0.000, y=  45.000, z=   0.000
  Object   : x=  -0.021, y=  19.793, z= 574.628
  Detector : x=   0.000, y=   0.000, z= 674.000
  Obj rotY :   0.0000 deg
view   0 | SOD= 575.198 mm | SDD= 675.501 mm | M= 1.174 | incident=3.8197°
[[  95.37392    -566.6753      -25.207169  ]
 [ -16.51039      97.97344      19.792831  ]
 [   0.1475244     0.02483367    0.        ]
 [   0.            0.            0.1496    ]]
Residual vector length: 45, Jacobian shape: (45, 6)
view   0 | SOD= 575.356 mm | SDD= 675.501 mm | M= 1.174 | incident=3.8197°
[[  99.2922     -566.16113     -25.251957  ]
 [ -17.124763     97.70868      19.748043  ]
 [   0.14735152    0.02583973    0.        ]
 [   0.            0.            0.1496    ]]

iter 10 cost=33.315871 -> 35.057887 |dtheta|=4.439071e-01  lambda=0.000e+00

============================================================
Iteration 11
============================================================
Theta offsets (Unity frame):
  Source   : dSx=   0.000, dSy=   0.000, dSz=   0.000  (mm)
  Object   : dOx= -10.021, dOy=   4.793, dOz= -14.372  (mm)
  Object offset: offset_x=   0.038, offset_z=   0.017  (mm)
  Detector : dDx=   0.000, dDy=   0.000, dDz=   0.000  (mm)
  Obj Stage rotY :    9.555 deg
============================================================

Unity geometry (world coordinates):
  Source   : x=   0.000, y=  45.000, z=   0.000
  Object   : x=  -0.021, y=  19.793, z= 574.628
  Detector : x=   0.000, y=   0.000, z= 674.000
  Obj rotY :   0.0000 deg
view   0 | SOD= 575.198 mm | SDD= 675.501 mm | M= 1.174 | incident=3.8197°
[[  95.37392    -566.6753      -25.207169  ]
 [ -16.51039      97.97344      19.792831  ]
 [   0.1475244     0.02483367    0.        ]
 [   0.            0.            0.1496    ]]
Residual vector length: 45, Jacobian shape: (45, 6)
view   0 | SOD= 575.356 mm | SDD= 675.501 mm | M= 1.174 | incident=3.8197°
[[  99.2922     -566.16113     -25.251957  ]
 [ -17.124763     97.70868      19.748043  ]
 [   0.14735152    0.02583973    0.        ]
 [   0.            0.            0.1496    ]]

iter 11 cost=33.315871 -> 35.057887 |dtheta|=4.439071e-01  lambda=0.000e+00

============================================================
Iteration 12
============================================================
Theta offsets (Unity frame):
  Source   : dSx=   0.000, dSy=   0.000, dSz=   0.000  (mm)
  Object   : dOx= -10.021, dOy=   4.793, dOz= -14.372  (mm)
  Object offset: offset_x=   0.038, offset_z=   0.017  (mm)
  Detector : dDx=   0.000, dDy=   0.000, dDz=   0.000  (mm)
  Obj Stage rotY :    9.555 deg
============================================================

Unity geometry (world coordinates):
  Source   : x=   0.000, y=  45.000, z=   0.000
  Object   : x=  -0.021, y=  19.793, z= 574.628
  Detector : x=   0.000, y=   0.000, z= 674.000
  Obj rotY :   0.0000 deg
view   0 | SOD= 575.198 mm | SDD= 675.501 mm | M= 1.174 | incident=3.8197°
[[  95.37392    -566.6753      -25.207169  ]
 [ -16.51039      97.97344      19.792831  ]
 [   0.1475244     0.02483367    0.        ]
 [   0.            0.            0.1496    ]]
Residual vector length: 45, Jacobian shape: (45, 6)
view   0 | SOD= 575.356 mm | SDD= 675.501 mm | M= 1.174 | incident=3.8197°
[[  99.2922     -566.16113     -25.251957  ]
 [ -17.124763     97.70868      19.748043  ]
 [   0.14735152    0.02583973    0.        ]
 [   0.            0.            0.1496    ]]

iter 12 cost=33.315871 -> 35.057887 |dtheta|=4.439071e-01  lambda=0.000e+00

============================================================
Iteration 13
============================================================
Theta offsets (Unity frame):
  Source   : dSx=   0.000, dSy=   0.000, dSz=   0.000  (mm)
  Object   : dOx= -10.021, dOy=   4.793, dOz= -14.372  (mm)
  Object offset: offset_x=   0.038, offset_z=   0.017  (mm)
  Detector : dDx=   0.000, dDy=   0.000, dDz=   0.000  (mm)
  Obj Stage rotY :    9.555 deg
============================================================

Unity geometry (world coordinates):
  Source   : x=   0.000, y=  45.000, z=   0.000
  Object   : x=  -0.021, y=  19.793, z= 574.628
  Detector : x=   0.000, y=   0.000, z= 674.000
  Obj rotY :   0.0000 deg
view   0 | SOD= 575.198 mm | SDD= 675.501 mm | M= 1.174 | incident=3.8197°
[[  95.37392    -566.6753      -25.207169  ]
 [ -16.51039      97.97344      19.792831  ]
 [   0.1475244     0.02483367    0.        ]
 [   0.            0.            0.1496    ]]
Residual vector length: 45, Jacobian shape: (45, 6)
view   0 | SOD= 575.356 mm | SDD= 675.501 mm | M= 1.174 | incident=3.8197°
[[  99.2922     -566.16113     -25.251957  ]
 [ -17.124763     97.70868      19.748043  ]
 [   0.14735152    0.02583973    0.        ]
 [   0.            0.            0.1496    ]]

iter 13 cost=33.315871 -> 35.057887 |dtheta|=4.439071e-01  lambda=0.000e+00

============================================================
Iteration 14
============================================================
Theta offsets (Unity frame):
  Source   : dSx=   0.000, dSy=   0.000, dSz=   0.000  (mm)
  Object   : dOx= -10.021, dOy=   4.793, dOz= -14.372  (mm)
  Object offset: offset_x=   0.038, offset_z=   0.017  (mm)
  Detector : dDx=   0.000, dDy=   0.000, dDz=   0.000  (mm)
  Obj Stage rotY :    9.555 deg
============================================================

Unity geometry (world coordinates):
  Source   : x=   0.000, y=  45.000, z=   0.000
  Object   : x=  -0.021, y=  19.793, z= 574.628
  Detector : x=   0.000, y=   0.000, z= 674.000
  Obj rotY :   0.0000 deg
view   0 | SOD= 575.198 mm | SDD= 675.501 mm | M= 1.174 | incident=3.8197°
[[  95.37392    -566.6753      -25.207169  ]
 [ -16.51039      97.97344      19.792831  ]
 [   0.1475244     0.02483367    0.        ]
 [   0.            0.            0.1496    ]]
Residual vector length: 45, Jacobian shape: (45, 6)
view   0 | SOD= 575.356 mm | SDD= 675.501 mm | M= 1.174 | incident=3.8197°
[[  99.2922     -566.16113     -25.251957  ]
 [ -17.124763     97.70868      19.748043  ]
 [   0.14735152    0.02583973    0.        ]
 [   0.            0.            0.1496    ]]

iter 14 cost=33.315871 -> 35.057887 |dtheta|=4.439071e-01  lambda=0.000e+00
Stalled.

Estimated theta:
  dSx: +0.000000
  dSy: +0.000000
  dOx: -10.020770
  dOy: +4.792831
  dOz: -14.371773
  dDx: +0.000000
  dDy: +0.000000
  dDz: +0.000000
alpha: +9.555358e+00 deg)
offset_x: +0.038454
offset_z: +0.016882

Final cost table:
Fake theta: [  0.   0. -10.   5. -19.   0.   0.   0.  10.   0.   0.]
Final estimated theta: [  0.           0.         -10.02076964   4.79283146 -14.37177332
   0.           0.           0.           9.55535761   0.03845366
   0.0168821 ]
Diff from Expected: [ 0.          0.         -0.02076964 -0.20716854  4.62822668  0.
  0.          0.         -0.44464239  0.03845366  0.0168821 ]
################################################################################

